GRAPH_VALUES name=soc-Pokec checked=30622564 nonunit=0 implicit_ones=0
CORRECT graph=soc-Pokec method=mkl_bf16_inputs boundary=kernel_sample reference=fp64_bf16_inputs rel_l2=1.95332487e-07 max_abs=0.000360112637 max_norm=2.57214557e-07 pass=1
CONFIG graph=soc-Pokec N=1632803 E=30622564 threads=32 R=64 D=128 F=128 repeats=10 warmups=1
CORRECT graph=soc-Pokec method=mkl_fp32 boundary=kernel_full reference=mkl_bf16_inputs rel_l2=0.00531855727 max_abs=5.96539307 max_norm=0.00426084904 pass=1
CORRECT graph=soc-Pokec method=mkl_fp32 boundary=kernel_full reference=mkl_fp32 rel_l2=0 max_abs=0 max_norm=0 pass=1
CORRECT graph=soc-Pokec method=mkl_fp32 boundary=kernel_sample reference=fp64_bf16_inputs rel_l2=0.00479344316 max_abs=5.96525449 max_norm=0.00426075103 pass=1
CORRECT graph=soc-Pokec method=mkl_bf16_inputs boundary=kernel_full reference=mkl_bf16_inputs rel_l2=0 max_abs=0 max_norm=0 pass=1
CORRECT graph=soc-Pokec method=mkl_bf16_inputs boundary=kernel_full reference=mkl_fp32 rel_l2=0.00529286771 max_abs=5.96539307 max_norm=0.0042439188 pass=1
CORRECT graph=soc-Pokec method=mkl_bf16_inputs boundary=kernel_sample reference=fp64_bf16_inputs rel_l2=1.95332487e-07 max_abs=0.000360112637 max_norm=2.57214557e-07 pass=1
CORRECT graph=soc-Pokec method=original boundary=kernel_full reference=mkl_bf16_inputs rel_l2=3.74143906e-07 max_abs=0.0115966797 max_norm=8.2830588e-06 pass=1
CORRECT graph=soc-Pokec method=original boundary=kernel_full reference=mkl_fp32 rel_l2=0.00529286809 max_abs=5.96795654 max_norm=0.00424574251 pass=1
CORRECT graph=soc-Pokec method=original boundary=kernel_sample reference=fp64_bf16_inputs rel_l2=2.44091752e-06 max_abs=0.0112799928 max_norm=8.05686342e-06 pass=1
CORRECT graph=soc-Pokec method=original_nozero boundary=kernel_full reference=mkl_bf16_inputs rel_l2=3.74143906e-07 max_abs=0.0115966797 max_norm=8.2830588e-06 pass=1
CORRECT graph=soc-Pokec method=original_nozero boundary=kernel_full reference=mkl_fp32 rel_l2=0.00529286809 max_abs=5.96795654 max_norm=0.00424574251 pass=1
CORRECT graph=soc-Pokec method=original_nozero boundary=kernel_sample reference=fp64_bf16_inputs rel_l2=2.44091752e-06 max_abs=0.0112799928 max_norm=8.05686342e-06 pass=1
CORRECT graph=soc-Pokec method=original_nozero boundary=nozero_identity reference=unchanged_original rel_l2=0 max_abs=0 max_norm=0 pass=1
CORRECT graph=soc-Pokec method=shared_b2_fast_nozero boundary=kernel_full reference=mkl_bf16_inputs rel_l2=0.00235519647 max_abs=2.71185303 max_norm=0.0019369715 pass=1
CORRECT graph=soc-Pokec method=shared_b2_fast_nozero boundary=kernel_full reference=mkl_fp32 rel_l2=0.00705900355 max_abs=8.60998535 max_norm=0.006125343 pass=1
CORRECT graph=soc-Pokec method=shared_b2_fast_nozero boundary=kernel_sample reference=fp64_bf16_inputs rel_l2=0.00219322834 max_abs=2.71188799 max_norm=0.00193699692 pass=1
CORRECT graph=soc-Pokec method=shared_b2_accurate_nozero boundary=kernel_full reference=mkl_bf16_inputs rel_l2=3.73968924e-07 max_abs=0.00610351562 max_norm=4.35950463e-06 pass=1
CORRECT graph=soc-Pokec method=shared_b2_accurate_nozero boundary=kernel_full reference=mkl_fp32 rel_l2=0.0052928679 max_abs=5.95959473 max_norm=0.00423979372 pass=1
CORRECT graph=soc-Pokec method=shared_b2_accurate_nozero boundary=kernel_sample reference=fp64_bf16_inputs rel_l2=2.38778965e-06 max_abs=0.00613368303 max_norm=4.38105303e-06 pass=1
CORRECT graph=soc-Pokec method=shared_b4_fast_nozero boundary=kernel_full reference=mkl_bf16_inputs rel_l2=0.00294950263 max_abs=4.21325684 max_norm=0.00300936605 pass=1
CORRECT graph=soc-Pokec method=shared_b4_fast_nozero boundary=kernel_full reference=mkl_fp32 rel_l2=0.00769603354 max_abs=9.55725098 max_norm=0.00679924971 pass=1
CORRECT graph=soc-Pokec method=shared_b4_fast_nozero boundary=kernel_sample reference=fp64_bf16_inputs rel_l2=0.0028573304 max_abs=4.21330168 max_norm=0.00300939876 pass=1
CORRECT graph=soc-Pokec method=shared_b4_accurate_nozero boundary=kernel_full reference=mkl_bf16_inputs rel_l2=3.01854374e-07 max_abs=0.00543212891 max_norm=3.87995912e-06 pass=1
CORRECT graph=soc-Pokec method=shared_b4_accurate_nozero boundary=kernel_full reference=mkl_fp32 rel_l2=0.00529286765 max_abs=5.9666748 max_norm=0.00424483065 pass=1
CORRECT graph=soc-Pokec method=shared_b4_accurate_nozero boundary=kernel_sample reference=fp64_bf16_inputs rel_l2=1.74627823e-06 max_abs=0.00548880175 max_norm=3.92043922e-06 pass=1
CORRECT graph=soc-Pokec method=shared_b8_fast_nozero boundary=kernel_full reference=mkl_bf16_inputs rel_l2=0.00313018461 max_abs=3.77270508 max_norm=0.002694697 pass=1
CORRECT graph=soc-Pokec method=shared_b8_fast_nozero boundary=kernel_full reference=mkl_fp32 rel_l2=0.00791372708 max_abs=9.19744873 max_norm=0.00654327805 pass=1
CORRECT graph=soc-Pokec method=shared_b8_fast_nozero boundary=kernel_sample reference=fp64_bf16_inputs rel_l2=0.00295358431 max_abs=3.77274004 max_norm=0.00269472259 pass=1
CORRECT graph=soc-Pokec method=shared_b8_accurate_nozero boundary=kernel_full reference=mkl_bf16_inputs rel_l2=6.11092621e-07 max_abs=0.00268554688 max_norm=1.91818204e-06 pass=1
CORRECT graph=soc-Pokec method=shared_b8_accurate_nozero boundary=kernel_full reference=mkl_fp32 rel_l2=0.00529288761 max_abs=5.96508789 max_norm=0.00424370169 pass=1
CORRECT graph=soc-Pokec method=shared_b8_accurate_nozero boundary=kernel_sample reference=fp64_bf16_inputs rel_l2=1.22972976e-06 max_abs=0.00269928947 max_norm=1.92799828e-06 pass=1
CORRECT graph=soc-Pokec method=shared_b16_fast_nozero boundary=kernel_full reference=mkl_bf16_inputs rel_l2=0.00322853943 max_abs=5.04272461 max_norm=0.00360182273 pass=1
CORRECT graph=soc-Pokec method=shared_b16_fast_nozero boundary=kernel_full reference=mkl_fp32 rel_l2=0.00802191642 max_abs=10.6279297 max_norm=0.00756095534 pass=1
CORRECT graph=soc-Pokec method=shared_b16_fast_nozero boundary=kernel_sample reference=fp64_bf16_inputs rel_l2=0.00313584103 max_abs=5.04240792 max_norm=0.00360159734 pass=1
CORRECT graph=soc-Pokec method=shared_b16_accurate_nozero boundary=kernel_full reference=mkl_bf16_inputs rel_l2=1.73450021e-06 max_abs=0.00311279297 max_norm=2.22334736e-06 pass=1
CORRECT graph=soc-Pokec method=shared_b16_accurate_nozero boundary=kernel_full reference=mkl_fp32 rel_l2=0.00529308019 max_abs=5.96417236 max_norm=0.00424305036 pass=1
CORRECT graph=soc-Pokec method=shared_b16_accurate_nozero boundary=kernel_sample reference=fp64_bf16_inputs rel_l2=1.87737127e-06 max_abs=0.0031427294 max_norm=2.2447303e-06 pass=1
CORRECT graph=soc-Pokec method=shared_b32_fast_nozero boundary=kernel_full reference=mkl_bf16_inputs rel_l2=0.00324723935 max_abs=4.14538574 max_norm=0.00296088836 pass=1
CORRECT graph=soc-Pokec method=shared_b32_fast_nozero boundary=kernel_full reference=mkl_fp32 rel_l2=0.00804562209 max_abs=9.73059082 max_norm=0.00692256769 pass=1
CORRECT graph=soc-Pokec method=shared_b32_fast_nozero boundary=kernel_sample reference=fp64_bf16_inputs rel_l2=0.00319973168 max_abs=4.14506906 max_norm=0.00296066283 pass=1
CORRECT graph=soc-Pokec method=shared_b32_accurate_nozero boundary=kernel_full reference=mkl_bf16_inputs rel_l2=3.11318593e-06 max_abs=0.00549316406 max_norm=3.92355417e-06 pass=1
CORRECT graph=soc-Pokec method=shared_b32_accurate_nozero boundary=kernel_full reference=mkl_fp32 rel_l2=0.00529357702 max_abs=5.96722412 max_norm=0.00424522145 pass=1
CORRECT graph=soc-Pokec method=shared_b32_accurate_nozero boundary=kernel_sample reference=fp64_bf16_inputs rel_l2=3.18672267e-06 max_abs=0.00517647713 max_norm=3.69735781e-06 pass=1
CORRECT graph=soc-Pokec method=shared_b64_fast_nozero boundary=kernel_full reference=mkl_bf16_inputs rel_l2=0.00326399622 max_abs=4.40039062 max_norm=0.00314302846 pass=1
CORRECT graph=soc-Pokec method=shared_b64_fast_nozero boundary=kernel_full reference=mkl_fp32 rel_l2=0.00806281094 max_abs=9.9855957 max_norm=0.00710398407 pass=1
CORRECT graph=soc-Pokec method=shared_b64_fast_nozero boundary=kernel_sample reference=fp64_bf16_inputs rel_l2=0.00317647336 max_abs=4.40007394 max_norm=0.00314280297 pass=1
CORRECT graph=soc-Pokec method=shared_b64_accurate_nozero boundary=kernel_full reference=mkl_bf16_inputs rel_l2=4.32743833e-06 max_abs=0.00610351562 max_norm=4.35950463e-06 pass=1
CORRECT graph=soc-Pokec method=shared_b64_accurate_nozero boundary=kernel_full reference=mkl_fp32 rel_l2=0.00529423597 max_abs=5.9664917 max_norm=0.00424470039 pass=1
CORRECT graph=soc-Pokec method=shared_b64_accurate_nozero boundary=kernel_sample reference=fp64_bf16_inputs rel_l2=5.02275349e-06 max_abs=0.00608977303 max_norm=4.34968981e-06 pass=1
CORRECT graph=soc-Pokec method=shared_bfull_fast_nozero boundary=kernel_full reference=mkl_bf16_inputs rel_l2=0.00326495389 max_abs=3.92956543 max_norm=0.00280673627 pass=1
CORRECT graph=soc-Pokec method=shared_bfull_fast_nozero boundary=kernel_full reference=mkl_fp32 rel_l2=0.00806354883 max_abs=9.35107422 max_norm=0.00665257078 pass=1
CORRECT graph=soc-Pokec method=shared_bfull_fast_nozero boundary=kernel_sample reference=fp64_bf16_inputs rel_l2=0.00325729826 max_abs=3.92974193 max_norm=0.00280686297 pass=1
CORRECT graph=soc-Pokec method=shared_bfull_accurate_nozero boundary=kernel_full reference=mkl_bf16_inputs rel_l2=4.97565946e-06 max_abs=0.0133056641 max_norm=9.5037201e-06 pass=1
CORRECT graph=soc-Pokec method=shared_bfull_accurate_nozero boundary=kernel_full reference=mkl_fp32 rel_l2=0.00529466584 max_abs=5.97491455 max_norm=0.0042506926 pass=1
CORRECT graph=soc-Pokec method=shared_bfull_accurate_nozero boundary=kernel_sample reference=fp64_bf16_inputs rel_l2=8.85449975e-06 max_abs=0.0134821609 max_norm=9.6297871e-06 pass=1
TIME graph=soc-Pokec method=mkl_bf16_inputs kernel rep=0 ms=63.189983
TIME graph=soc-Pokec method=original kernel rep=0 ms=111.763000
TIME graph=soc-Pokec method=original_nozero kernel rep=0 ms=43.421984
TIME graph=soc-Pokec method=shared_b2_fast_nozero kernel rep=0 ms=68.967104
TIME graph=soc-Pokec method=shared_b2_accurate_nozero kernel rep=0 ms=87.465048
TIME graph=soc-Pokec method=shared_b4_fast_nozero kernel rep=0 ms=52.579880
TIME graph=soc-Pokec method=shared_b4_accurate_nozero kernel rep=0 ms=60.318947
TIME graph=soc-Pokec method=shared_b8_fast_nozero kernel rep=0 ms=44.139147
TIME graph=soc-Pokec method=shared_b8_accurate_nozero kernel rep=0 ms=47.131062
TIME graph=soc-Pokec method=shared_b16_fast_nozero kernel rep=0 ms=40.685177
TIME graph=soc-Pokec method=shared_b16_accurate_nozero kernel rep=0 ms=43.596029
TIME graph=soc-Pokec method=shared_b32_fast_nozero kernel rep=0 ms=39.124966
TIME graph=soc-Pokec method=shared_b32_accurate_nozero kernel rep=0 ms=42.376995
TIME graph=soc-Pokec method=shared_b64_fast_nozero kernel rep=0 ms=36.553144
TIME graph=soc-Pokec method=shared_b64_accurate_nozero kernel rep=0 ms=39.948940
TIME graph=soc-Pokec method=shared_bfull_fast_nozero kernel rep=0 ms=37.652969
TIME graph=soc-Pokec method=shared_bfull_accurate_nozero kernel rep=0 ms=38.305044
TIME graph=soc-Pokec method=mkl_fp32 kernel rep=0 ms=64.288855
TIME graph=soc-Pokec method=original kernel rep=1 ms=116.833210
TIME graph=soc-Pokec method=original_nozero kernel rep=1 ms=42.237043
TIME graph=soc-Pokec method=shared_b2_fast_nozero kernel rep=1 ms=70.363045
TIME graph=soc-Pokec method=shared_b2_accurate_nozero kernel rep=1 ms=84.137917
TIME graph=soc-Pokec method=shared_b4_fast_nozero kernel rep=1 ms=54.836988
TIME graph=soc-Pokec method=shared_b4_accurate_nozero kernel rep=1 ms=62.821865
TIME graph=soc-Pokec method=shared_b8_fast_nozero kernel rep=1 ms=43.843985
TIME graph=soc-Pokec method=shared_b8_accurate_nozero kernel rep=1 ms=49.803019
TIME graph=soc-Pokec method=shared_b16_fast_nozero kernel rep=1 ms=41.290045
TIME graph=soc-Pokec method=shared_b16_accurate_nozero kernel rep=1 ms=44.188976
TIME graph=soc-Pokec method=shared_b32_fast_nozero kernel rep=1 ms=39.011955
TIME graph=soc-Pokec method=shared_b32_accurate_nozero kernel rep=1 ms=40.857077
TIME graph=soc-Pokec method=shared_b64_fast_nozero kernel rep=1 ms=37.828922
TIME graph=soc-Pokec method=shared_b64_accurate_nozero kernel rep=1 ms=38.955927
TIME graph=soc-Pokec method=shared_bfull_fast_nozero kernel rep=1 ms=37.648916
TIME graph=soc-Pokec method=shared_bfull_accurate_nozero kernel rep=1 ms=39.119005
TIME graph=soc-Pokec method=mkl_fp32 kernel rep=1 ms=64.108849
TIME graph=soc-Pokec method=mkl_bf16_inputs kernel rep=1 ms=65.325975
TIME graph=soc-Pokec method=original_nozero kernel rep=2 ms=44.856071
TIME graph=soc-Pokec method=shared_b2_fast_nozero kernel rep=2 ms=69.729090
TIME graph=soc-Pokec method=shared_b2_accurate_nozero kernel rep=2 ms=82.576990
TIME graph=soc-Pokec method=shared_b4_fast_nozero kernel rep=2 ms=53.661108
TIME graph=soc-Pokec method=shared_b4_accurate_nozero kernel rep=2 ms=60.094833
TIME graph=soc-Pokec method=shared_b8_fast_nozero kernel rep=2 ms=45.207024
TIME graph=soc-Pokec method=shared_b8_accurate_nozero kernel rep=2 ms=48.465967
TIME graph=soc-Pokec method=shared_b16_fast_nozero kernel rep=2 ms=40.396929
TIME graph=soc-Pokec method=shared_b16_accurate_nozero kernel rep=2 ms=43.205976
TIME graph=soc-Pokec method=shared_b32_fast_nozero kernel rep=2 ms=37.520885
TIME graph=soc-Pokec method=shared_b32_accurate_nozero kernel rep=2 ms=40.913105
TIME graph=soc-Pokec method=shared_b64_fast_nozero kernel rep=2 ms=36.339998
TIME graph=soc-Pokec method=shared_b64_accurate_nozero kernel rep=2 ms=40.381908
TIME graph=soc-Pokec method=shared_bfull_fast_nozero kernel rep=2 ms=36.607027
TIME graph=soc-Pokec method=shared_bfull_accurate_nozero kernel rep=2 ms=38.237810
TIME graph=soc-Pokec method=mkl_fp32 kernel rep=2 ms=64.262867
TIME graph=soc-Pokec method=mkl_bf16_inputs kernel rep=2 ms=65.150976
TIME graph=soc-Pokec method=original kernel rep=2 ms=115.723848
TIME graph=soc-Pokec method=shared_b2_fast_nozero kernel rep=3 ms=70.952892
TIME graph=soc-Pokec method=shared_b2_accurate_nozero kernel rep=3 ms=86.993933
TIME graph=soc-Pokec method=shared_b4_fast_nozero kernel rep=3 ms=55.073977
TIME graph=soc-Pokec method=shared_b4_accurate_nozero kernel rep=3 ms=63.157082
TIME graph=soc-Pokec method=shared_b8_fast_nozero kernel rep=3 ms=46.351910
TIME graph=soc-Pokec method=shared_b8_accurate_nozero kernel rep=3 ms=50.796032
TIME graph=soc-Pokec method=shared_b16_fast_nozero kernel rep=3 ms=39.942980
TIME graph=soc-Pokec method=shared_b16_accurate_nozero kernel rep=3 ms=42.402983
TIME graph=soc-Pokec method=shared_b32_fast_nozero kernel rep=3 ms=37.909985
TIME graph=soc-Pokec method=shared_b32_accurate_nozero kernel rep=3 ms=42.177200
TIME graph=soc-Pokec method=shared_b64_fast_nozero kernel rep=3 ms=37.759066
TIME graph=soc-Pokec method=shared_b64_accurate_nozero kernel rep=3 ms=40.422916
TIME graph=soc-Pokec method=shared_bfull_fast_nozero kernel rep=3 ms=36.924124
TIME graph=soc-Pokec method=shared_bfull_accurate_nozero kernel rep=3 ms=39.409161
TIME graph=soc-Pokec method=mkl_fp32 kernel rep=3 ms=64.213991
TIME graph=soc-Pokec method=mkl_bf16_inputs kernel rep=3 ms=64.859152
TIME graph=soc-Pokec method=original kernel rep=3 ms=118.721962
TIME graph=soc-Pokec method=original_nozero kernel rep=3 ms=39.540052
TIME graph=soc-Pokec method=shared_b2_accurate_nozero kernel rep=4 ms=85.163116
TIME graph=soc-Pokec method=shared_b4_fast_nozero kernel rep=4 ms=51.342964
TIME graph=soc-Pokec method=shared_b4_accurate_nozero kernel rep=4 ms=58.601856
TIME graph=soc-Pokec method=shared_b8_fast_nozero kernel rep=4 ms=44.112921
TIME graph=soc-Pokec method=shared_b8_accurate_nozero kernel rep=4 ms=50.205946
TIME graph=soc-Pokec method=shared_b16_fast_nozero kernel rep=4 ms=42.219877
TIME graph=soc-Pokec method=shared_b16_accurate_nozero kernel rep=4 ms=44.502974
TIME graph=soc-Pokec method=shared_b32_fast_nozero kernel rep=4 ms=37.954807
TIME graph=soc-Pokec method=shared_b32_accurate_nozero kernel rep=4 ms=41.896820
TIME graph=soc-Pokec method=shared_b64_fast_nozero kernel rep=4 ms=36.544800
TIME graph=soc-Pokec method=shared_b64_accurate_nozero kernel rep=4 ms=39.993048
TIME graph=soc-Pokec method=shared_bfull_fast_nozero kernel rep=4 ms=37.629843
TIME graph=soc-Pokec method=shared_bfull_accurate_nozero kernel rep=4 ms=38.322926
TIME graph=soc-Pokec method=mkl_fp32 kernel rep=4 ms=64.133167
TIME graph=soc-Pokec method=mkl_bf16_inputs kernel rep=4 ms=64.821959
TIME graph=soc-Pokec method=original kernel rep=4 ms=121.387005
TIME graph=soc-Pokec method=original_nozero kernel rep=4 ms=40.866852
TIME graph=soc-Pokec method=shared_b2_fast_nozero kernel rep=4 ms=67.960024
TIME graph=soc-Pokec method=shared_b4_fast_nozero kernel rep=5 ms=52.811146
TIME graph=soc-Pokec method=shared_b4_accurate_nozero kernel rep=5 ms=59.853077
TIME graph=soc-Pokec method=shared_b8_fast_nozero kernel rep=5 ms=45.433998
TIME graph=soc-Pokec method=shared_b8_accurate_nozero kernel rep=5 ms=49.733162
TIME graph=soc-Pokec method=shared_b16_fast_nozero kernel rep=5 ms=39.673805
TIME graph=soc-Pokec method=shared_b16_accurate_nozero kernel rep=5 ms=44.069052
TIME graph=soc-Pokec method=shared_b32_fast_nozero kernel rep=5 ms=37.702799
TIME graph=soc-Pokec method=shared_b32_accurate_nozero kernel rep=5 ms=40.363073
TIME graph=soc-Pokec method=shared_b64_fast_nozero kernel rep=5 ms=36.453962
TIME graph=soc-Pokec method=shared_b64_accurate_nozero kernel rep=5 ms=39.872885
TIME graph=soc-Pokec method=shared_bfull_fast_nozero kernel rep=5 ms=37.693024
TIME graph=soc-Pokec method=shared_bfull_accurate_nozero kernel rep=5 ms=38.470030
TIME graph=soc-Pokec method=mkl_fp32 kernel rep=5 ms=64.275026
TIME graph=soc-Pokec method=mkl_bf16_inputs kernel rep=5 ms=65.009832
TIME graph=soc-Pokec method=original kernel rep=5 ms=121.237040
TIME graph=soc-Pokec method=original_nozero kernel rep=5 ms=43.253899
TIME graph=soc-Pokec method=shared_b2_fast_nozero kernel rep=5 ms=69.344997
TIME graph=soc-Pokec method=shared_b2_accurate_nozero kernel rep=5 ms=86.177111
TIME graph=soc-Pokec method=shared_b4_accurate_nozero kernel rep=6 ms=60.641050
TIME graph=soc-Pokec method=shared_b8_fast_nozero kernel rep=6 ms=44.162035
TIME graph=soc-Pokec method=shared_b8_accurate_nozero kernel rep=6 ms=49.824953
TIME graph=soc-Pokec method=shared_b16_fast_nozero kernel rep=6 ms=41.872025
TIME graph=soc-Pokec method=shared_b16_accurate_nozero kernel rep=6 ms=41.996956
TIME graph=soc-Pokec method=shared_b32_fast_nozero kernel rep=6 ms=38.795948
TIME graph=soc-Pokec method=shared_b32_accurate_nozero kernel rep=6 ms=41.918039
TIME graph=soc-Pokec method=shared_b64_fast_nozero kernel rep=6 ms=37.373066
TIME graph=soc-Pokec method=shared_b64_accurate_nozero kernel rep=6 ms=40.085793
TIME graph=soc-Pokec method=shared_bfull_fast_nozero kernel rep=6 ms=36.400080
TIME graph=soc-Pokec method=shared_bfull_accurate_nozero kernel rep=6 ms=38.393974
TIME graph=soc-Pokec method=mkl_fp32 kernel rep=6 ms=64.810038
TIME graph=soc-Pokec method=mkl_bf16_inputs kernel rep=6 ms=64.975977
TIME graph=soc-Pokec method=original kernel rep=6 ms=120.705843
TIME graph=soc-Pokec method=original_nozero kernel rep=6 ms=40.331125
TIME graph=soc-Pokec method=shared_b2_fast_nozero kernel rep=6 ms=70.901155
TIME graph=soc-Pokec method=shared_b2_accurate_nozero kernel rep=6 ms=83.665133
TIME graph=soc-Pokec method=shared_b4_fast_nozero kernel rep=6 ms=53.419113
TIME graph=soc-Pokec method=shared_b8_fast_nozero kernel rep=7 ms=46.000957
TIME graph=soc-Pokec method=shared_b8_accurate_nozero kernel rep=7 ms=48.849106
TIME graph=soc-Pokec method=shared_b16_fast_nozero kernel rep=7 ms=41.340113
TIME graph=soc-Pokec method=shared_b16_accurate_nozero kernel rep=7 ms=42.080879
TIME graph=soc-Pokec method=shared_b32_fast_nozero kernel rep=7 ms=39.171219
TIME graph=soc-Pokec method=shared_b32_accurate_nozero kernel rep=7 ms=40.704012
TIME graph=soc-Pokec method=shared_b64_fast_nozero kernel rep=7 ms=37.875175
TIME graph=soc-Pokec method=shared_b64_accurate_nozero kernel rep=7 ms=39.119959
TIME graph=soc-Pokec method=shared_bfull_fast_nozero kernel rep=7 ms=36.305904
TIME graph=soc-Pokec method=shared_bfull_accurate_nozero kernel rep=7 ms=39.125919
TIME graph=soc-Pokec method=mkl_fp32 kernel rep=7 ms=64.317942
TIME graph=soc-Pokec method=mkl_bf16_inputs kernel rep=7 ms=64.962864
TIME graph=soc-Pokec method=original kernel rep=7 ms=122.780085
TIME graph=soc-Pokec method=original_nozero kernel rep=7 ms=42.026043
TIME graph=soc-Pokec method=shared_b2_fast_nozero kernel rep=7 ms=69.809914
TIME graph=soc-Pokec method=shared_b2_accurate_nozero kernel rep=7 ms=83.994150
TIME graph=soc-Pokec method=shared_b4_fast_nozero kernel rep=7 ms=55.109024
TIME graph=soc-Pokec method=shared_b4_accurate_nozero kernel rep=7 ms=59.080839
TIME graph=soc-Pokec method=shared_b8_accurate_nozero kernel rep=8 ms=49.109221
TIME graph=soc-Pokec method=shared_b16_fast_nozero kernel rep=8 ms=40.701866
TIME graph=soc-Pokec method=shared_b16_accurate_nozero kernel rep=8 ms=43.568134
TIME graph=soc-Pokec method=shared_b32_fast_nozero kernel rep=8 ms=37.821054
TIME graph=soc-Pokec method=shared_b32_accurate_nozero kernel rep=8 ms=41.813135
TIME graph=soc-Pokec method=shared_b64_fast_nozero kernel rep=8 ms=37.667990
TIME graph=soc-Pokec method=shared_b64_accurate_nozero kernel rep=8 ms=40.031910
TIME graph=soc-Pokec method=shared_bfull_fast_nozero kernel rep=8 ms=36.532164
TIME graph=soc-Pokec method=shared_bfull_accurate_nozero kernel rep=8 ms=38.459063
TIME graph=soc-Pokec method=mkl_fp32 kernel rep=8 ms=64.437866
TIME graph=soc-Pokec method=mkl_bf16_inputs kernel rep=8 ms=65.020800
TIME graph=soc-Pokec method=original kernel rep=8 ms=121.783972
TIME graph=soc-Pokec method=original_nozero kernel rep=8 ms=40.971041
TIME graph=soc-Pokec method=shared_b2_fast_nozero kernel rep=8 ms=70.311785
TIME graph=soc-Pokec method=shared_b2_accurate_nozero kernel rep=8 ms=85.701227
TIME graph=soc-Pokec method=shared_b4_fast_nozero kernel rep=8 ms=51.028967
TIME graph=soc-Pokec method=shared_b4_accurate_nozero kernel rep=8 ms=59.348106
TIME graph=soc-Pokec method=shared_b8_fast_nozero kernel rep=8 ms=46.355963
TIME graph=soc-Pokec method=shared_b16_fast_nozero kernel rep=9 ms=41.521788
TIME graph=soc-Pokec method=shared_b16_accurate_nozero kernel rep=9 ms=44.499159
TIME graph=soc-Pokec method=shared_b32_fast_nozero kernel rep=9 ms=36.958933
TIME graph=soc-Pokec method=shared_b32_accurate_nozero kernel rep=9 ms=42.045832
TIME graph=soc-Pokec method=shared_b64_fast_nozero kernel rep=9 ms=37.547112
TIME graph=soc-Pokec method=shared_b64_accurate_nozero kernel rep=9 ms=40.153027
TIME graph=soc-Pokec method=shared_bfull_fast_nozero kernel rep=9 ms=36.674976
TIME graph=soc-Pokec method=shared_bfull_accurate_nozero kernel rep=9 ms=38.087130
TIME graph=soc-Pokec method=mkl_fp32 kernel rep=9 ms=64.338923
TIME graph=soc-Pokec method=mkl_bf16_inputs kernel rep=9 ms=64.997911
TIME graph=soc-Pokec method=original kernel rep=9 ms=121.331930
TIME graph=soc-Pokec method=original_nozero kernel rep=9 ms=40.860891
TIME graph=soc-Pokec method=shared_b2_fast_nozero kernel rep=9 ms=70.318937
TIME graph=soc-Pokec method=shared_b2_accurate_nozero kernel rep=9 ms=84.205866
TIME graph=soc-Pokec method=shared_b4_fast_nozero kernel rep=9 ms=51.770926
TIME graph=soc-Pokec method=shared_b4_accurate_nozero kernel rep=9 ms=62.688112
TIME graph=soc-Pokec method=shared_b8_fast_nozero kernel rep=9 ms=44.812918
TIME graph=soc-Pokec method=shared_b8_accurate_nozero kernel rep=9 ms=48.162937
CORRECT graph=soc-Pokec method=original boundary=instrumented_kernel reference=unchanged_original rel_l2=0 max_abs=0 max_norm=0 pass=1
CORRECT graph=soc-Pokec method=original_nozero boundary=instrumented_kernel reference=unchanged_original rel_l2=0 max_abs=0 max_norm=0 pass=1
CORRECT graph=soc-Pokec method=shared_b2_fast_nozero boundary=instrumented_kernel reference=mkl_bf16_inputs rel_l2=0.00235519647 max_abs=2.71185303 max_norm=0.0019369715 pass=1
CORRECT graph=soc-Pokec method=shared_b2_accurate_nozero boundary=instrumented_kernel reference=mkl_bf16_inputs rel_l2=3.73968924e-07 max_abs=0.00610351562 max_norm=4.35950463e-06 pass=1
CORRECT graph=soc-Pokec method=shared_b4_fast_nozero boundary=instrumented_kernel reference=mkl_bf16_inputs rel_l2=0.00294950263 max_abs=4.21325684 max_norm=0.00300936605 pass=1
CORRECT graph=soc-Pokec method=shared_b4_accurate_nozero boundary=instrumented_kernel reference=mkl_bf16_inputs rel_l2=3.01854374e-07 max_abs=0.00543212891 max_norm=3.87995912e-06 pass=1
CORRECT graph=soc-Pokec method=shared_b8_fast_nozero boundary=instrumented_kernel reference=mkl_bf16_inputs rel_l2=0.00313018461 max_abs=3.77270508 max_norm=0.002694697 pass=1
CORRECT graph=soc-Pokec method=shared_b8_accurate_nozero boundary=instrumented_kernel reference=mkl_bf16_inputs rel_l2=6.11092621e-07 max_abs=0.00268554688 max_norm=1.91818204e-06 pass=1
CORRECT graph=soc-Pokec method=shared_b16_fast_nozero boundary=instrumented_kernel reference=mkl_bf16_inputs rel_l2=0.00322853943 max_abs=5.04272461 max_norm=0.00360182273 pass=1
CORRECT graph=soc-Pokec method=shared_b16_accurate_nozero boundary=instrumented_kernel reference=mkl_bf16_inputs rel_l2=1.73450021e-06 max_abs=0.00311279297 max_norm=2.22334736e-06 pass=1
CORRECT graph=soc-Pokec method=shared_b32_fast_nozero boundary=instrumented_kernel reference=mkl_bf16_inputs rel_l2=0.00324723935 max_abs=4.14538574 max_norm=0.00296088836 pass=1
CORRECT graph=soc-Pokec method=shared_b32_accurate_nozero boundary=instrumented_kernel reference=mkl_bf16_inputs rel_l2=3.11318593e-06 max_abs=0.00549316406 max_norm=3.92355417e-06 pass=1
CORRECT graph=soc-Pokec method=shared_b64_fast_nozero boundary=instrumented_kernel reference=mkl_bf16_inputs rel_l2=0.00326399622 max_abs=4.40039062 max_norm=0.00314302846 pass=1
CORRECT graph=soc-Pokec method=shared_b64_accurate_nozero boundary=instrumented_kernel reference=mkl_bf16_inputs rel_l2=4.32743833e-06 max_abs=0.00610351562 max_norm=4.35950463e-06 pass=1
CORRECT graph=soc-Pokec method=shared_bfull_fast_nozero boundary=instrumented_kernel reference=mkl_bf16_inputs rel_l2=0.00326495389 max_abs=3.92956543 max_norm=0.00280673627 pass=1
CORRECT graph=soc-Pokec method=shared_bfull_accurate_nozero boundary=instrumented_kernel reference=mkl_bf16_inputs rel_l2=4.97565946e-06 max_abs=0.0133056641 max_norm=9.5037201e-06 pass=1
CORRECT graph=soc-Pokec method=mkl_fp32 boundary=two_layer_e2e reference=mkl_bf16_inputs rel_l2=0.0101516293 max_abs=15928 max_norm=0.00994193025 pass=1
CORRECT graph=soc-Pokec method=mkl_fp32 boundary=two_layer_e2e reference=mkl_fp32 rel_l2=0 max_abs=0 max_norm=0 pass=1
CORRECT graph=soc-Pokec method=mkl_bf16_inputs boundary=two_layer_e2e reference=mkl_bf16_inputs rel_l2=0 max_abs=0 max_norm=0 pass=1
CORRECT graph=soc-Pokec method=mkl_bf16_inputs boundary=two_layer_e2e reference=mkl_fp32 rel_l2=0.0100506812 max_abs=15928 max_norm=0.00984406127 pass=1
CORRECT graph=soc-Pokec method=original boundary=two_layer_e2e reference=mkl_bf16_inputs rel_l2=7.64730838e-06 max_abs=7.25 max_norm=4.525301e-06 pass=1
CORRECT graph=soc-Pokec method=original boundary=two_layer_e2e reference=mkl_fp32 rel_l2=0.0100506372 max_abs=15932.875 max_norm=0.0098470742 pass=1
CORRECT graph=soc-Pokec method=original_nozero boundary=two_layer_e2e reference=mkl_bf16_inputs rel_l2=7.64730838e-06 max_abs=7.25 max_norm=4.525301e-06 pass=1
CORRECT graph=soc-Pokec method=original_nozero boundary=two_layer_e2e reference=mkl_fp32 rel_l2=0.0100506372 max_abs=15932.875 max_norm=0.0098470742 pass=1
CORRECT graph=soc-Pokec method=shared_b2_fast_nozero boundary=two_layer_e2e reference=mkl_bf16_inputs rel_l2=0.00291243524 max_abs=4523.25 max_norm=0.00282331969 pass=1
CORRECT graph=soc-Pokec method=shared_b2_fast_nozero boundary=two_layer_e2e reference=mkl_fp32 rel_l2=0.0128185105 max_abs=20451.25 max_norm=0.012639588 pass=1
CORRECT graph=soc-Pokec method=shared_b2_accurate_nozero boundary=two_layer_e2e reference=mkl_bf16_inputs rel_l2=7.55817052e-06 max_abs=9.375 max_norm=5.85168232e-06 pass=1
CORRECT graph=soc-Pokec method=shared_b2_accurate_nozero boundary=two_layer_e2e reference=mkl_fp32 rel_l2=0.0100507165 max_abs=15932.125 max_norm=0.00984661067 pass=1
CORRECT graph=soc-Pokec method=shared_b4_fast_nozero boundary=two_layer_e2e reference=mkl_bf16_inputs rel_l2=0.0045204873 max_abs=7108.75 max_norm=0.00443713565 pass=1
CORRECT graph=soc-Pokec method=shared_b4_fast_nozero boundary=two_layer_e2e reference=mkl_fp32 rel_l2=0.0144235017 max_abs=23036.75 max_norm=0.0142375175 pass=1
CORRECT graph=soc-Pokec method=shared_b4_accurate_nozero boundary=two_layer_e2e reference=mkl_bf16_inputs rel_l2=7.4962154e-06 max_abs=5.75 max_norm=3.58903183e-06 pass=1
CORRECT graph=soc-Pokec method=shared_b4_accurate_nozero boundary=two_layer_e2e reference=mkl_fp32 rel_l2=0.0100507567 max_abs=15923.125 max_norm=0.00984104835 pass=1
CORRECT graph=soc-Pokec method=shared_b8_fast_nozero boundary=two_layer_e2e reference=mkl_bf16_inputs rel_l2=0.00526558235 max_abs=8265.25 max_norm=0.00515899918 pass=1
CORRECT graph=soc-Pokec method=shared_b8_fast_nozero boundary=two_layer_e2e reference=mkl_fp32 rel_l2=0.015163693 max_abs=24193.25 max_norm=0.014952275 pass=1
CORRECT graph=soc-Pokec method=shared_b8_accurate_nozero boundary=two_layer_e2e reference=mkl_bf16_inputs rel_l2=8.33841679e-06 max_abs=3.25 max_norm=2.02858321e-06 pass=1
CORRECT graph=soc-Pokec method=shared_b8_accurate_nozero boundary=two_layer_e2e reference=mkl_fp32 rel_l2=0.0100509107 max_abs=15929.75 max_norm=0.00984514284 pass=1
CORRECT graph=soc-Pokec method=shared_b16_fast_nozero boundary=two_layer_e2e reference=mkl_bf16_inputs rel_l2=0.00556154011 max_abs=8757.875 max_norm=0.00546648558 pass=1
CORRECT graph=soc-Pokec method=shared_b16_fast_nozero boundary=two_layer_e2e reference=mkl_fp32 rel_l2=0.0154470209 max_abs=24685.875 max_norm=0.0152567344 pass=1
CORRECT graph=soc-Pokec method=shared_b16_accurate_nozero boundary=two_layer_e2e reference=mkl_bf16_inputs rel_l2=1.51837571e-05 max_abs=4.125 max_norm=2.57474022e-06 pass=1
CORRECT graph=soc-Pokec method=shared_b16_accurate_nozero boundary=two_layer_e2e reference=mkl_fp32 rel_l2=0.0100516088 max_abs=15929 max_norm=0.00984467931 pass=1
CORRECT graph=soc-Pokec method=shared_b32_fast_nozero boundary=two_layer_e2e reference=mkl_bf16_inputs rel_l2=0.00566934518 max_abs=8903 max_norm=0.00555706962 pass=1
CORRECT graph=soc-Pokec method=shared_b32_fast_nozero boundary=two_layer_e2e reference=mkl_fp32 rel_l2=0.015531783 max_abs=24831 max_norm=0.0153464268 pass=1
CORRECT graph=soc-Pokec method=shared_b32_accurate_nozero boundary=two_layer_e2e reference=mkl_bf16_inputs rel_l2=2.17290945e-05 max_abs=6.25 max_norm=3.90112155e-06 pass=1
CORRECT graph=soc-Pokec method=shared_b32_accurate_nozero boundary=two_layer_e2e reference=mkl_fp32 rel_l2=0.0100534218 max_abs=15934.125 max_norm=0.00984784674 pass=1
CORRECT graph=soc-Pokec method=shared_b64_fast_nozero boundary=two_layer_e2e reference=mkl_bf16_inputs rel_l2=0.00574042791 max_abs=8929.375 max_norm=0.00557353236 pass=1
CORRECT graph=soc-Pokec method=shared_b64_fast_nozero boundary=two_layer_e2e reference=mkl_fp32 rel_l2=0.0155748006 max_abs=24857.375 max_norm=0.0153627274 pass=1
CORRECT graph=soc-Pokec method=shared_b64_accurate_nozero boundary=two_layer_e2e reference=mkl_bf16_inputs rel_l2=2.75088231e-05 max_abs=13 max_norm=8.11433282e-06 pass=1
CORRECT graph=soc-Pokec method=shared_b64_accurate_nozero boundary=two_layer_e2e reference=mkl_fp32 rel_l2=0.0100564741 max_abs=15941 max_norm=0.00985209573 pass=1
CORRECT graph=soc-Pokec method=shared_bfull_fast_nozero boundary=two_layer_e2e reference=mkl_bf16_inputs rel_l2=0.00583702584 max_abs=9892.375 max_norm=0.00617461717 pass=1
CORRECT graph=soc-Pokec method=shared_bfull_fast_nozero boundary=two_layer_e2e reference=mkl_fp32 rel_l2=0.0156136442 max_abs=25820.375 max_norm=0.0159578951 pass=1
CORRECT graph=soc-Pokec method=shared_bfull_accurate_nozero boundary=two_layer_e2e reference=mkl_bf16_inputs rel_l2=3.21100094e-05 max_abs=17.3125 max_norm=1.08061067e-05 pass=1
CORRECT graph=soc-Pokec method=shared_bfull_accurate_nozero boundary=two_layer_e2e reference=mkl_fp32 rel_l2=0.0100584452 max_abs=15944.625 max_norm=0.00985433611 pass=1
TIME graph=soc-Pokec method=mkl_bf16_inputs e2e rep=0 ms=137.150049 L1=63.742876 act_convert=8.793116 L2=64.614058
TIME graph=soc-Pokec method=original e2e rep=0 ms=233.953953 L1=119.776011 act_convert=5.990982 L2=108.186960
TIME graph=soc-Pokec method=original_nozero e2e rep=0 ms=90.078831 L1=41.909933 act_convert=5.956888 L2=42.212009
TIME graph=soc-Pokec method=shared_b2_fast_nozero e2e rep=0 ms=145.011902 L1=66.406012 act_convert=6.023884 L2=72.582006
TIME graph=soc-Pokec method=shared_b2_accurate_nozero e2e rep=0 ms=179.404974 L1=87.677956 act_convert=6.020069 L2=85.706949
TIME graph=soc-Pokec method=shared_b4_fast_nozero e2e rep=0 ms=115.544081 L1=53.926945 act_convert=6.011009 L2=55.606127
TIME graph=soc-Pokec method=shared_b4_accurate_nozero e2e rep=0 ms=130.013943 L1=62.258959 act_convert=6.011009 L2=61.743975
TIME graph=soc-Pokec method=shared_b8_fast_nozero e2e rep=0 ms=99.566936 L1=45.844793 act_convert=5.971193 L2=47.750950
TIME graph=soc-Pokec method=shared_b8_accurate_nozero e2e rep=0 ms=107.855082 L1=50.202131 act_convert=6.091833 L2=51.561117
TIME graph=soc-Pokec method=shared_b16_fast_nozero e2e rep=0 ms=91.232061 L1=42.318106 act_convert=6.040812 L2=42.873144
TIME graph=soc-Pokec method=shared_b16_accurate_nozero e2e rep=0 ms=95.640898 L1=45.310974 act_convert=6.057024 L2=44.272900
TIME graph=soc-Pokec method=shared_b32_fast_nozero e2e rep=0 ms=83.081007 L1=38.826942 act_convert=5.943060 L2=38.311005
TIME graph=soc-Pokec method=shared_b32_accurate_nozero e2e rep=0 ms=90.368032 L1=42.917013 act_convert=5.939960 L2=41.511059
TIME graph=soc-Pokec method=shared_b64_fast_nozero e2e rep=0 ms=81.506968 L1=37.872076 act_convert=5.961895 L2=37.672997
TIME graph=soc-Pokec method=shared_b64_accurate_nozero e2e rep=0 ms=86.788893 L1=39.507866 act_convert=5.972147 L2=41.308880
TIME graph=soc-Pokec method=shared_bfull_fast_nozero e2e rep=0 ms=81.855059 L1=37.642002 act_convert=5.954027 L2=38.259029
TIME graph=soc-Pokec method=shared_bfull_accurate_nozero e2e rep=0 ms=85.207939 L1=38.949013 act_convert=5.975962 L2=40.282965
TIME graph=soc-Pokec method=mkl_fp32 e2e rep=0 ms=132.104158 L1=64.201117 act_convert=2.886057 L2=65.016985
TIME graph=soc-Pokec method=original e2e rep=1 ms=226.361036 L1=113.587856 act_convert=6.412983 L2=106.360197
TIME graph=soc-Pokec method=original_nozero e2e rep=1 ms=87.693930 L1=41.313887 act_convert=5.953074 L2=40.426970
TIME graph=soc-Pokec method=shared_b2_fast_nozero e2e rep=1 ms=140.352964 L1=68.619967 act_convert=6.016970 L2=65.716028
TIME graph=soc-Pokec method=shared_b2_accurate_nozero e2e rep=1 ms=172.322989 L1=81.484079 act_convert=6.009817 L2=84.829092
TIME graph=soc-Pokec method=shared_b4_fast_nozero e2e rep=1 ms=112.531900 L1=52.582026 act_convert=5.970001 L2=53.979874
TIME graph=soc-Pokec method=shared_b4_accurate_nozero e2e rep=1 ms=129.419088 L1=61.869144 act_convert=6.022930 L2=61.527014
TIME graph=soc-Pokec method=shared_b8_fast_nozero e2e rep=1 ms=100.993872 L1=47.369957 act_convert=5.953074 L2=47.670841
TIME graph=soc-Pokec method=shared_b8_accurate_nozero e2e rep=1 ms=106.964111 L1=51.100969 act_convert=5.957127 L2=49.906015
TIME graph=soc-Pokec method=shared_b16_fast_nozero e2e rep=1 ms=89.962959 L1=40.736914 act_convert=6.021976 L2=43.204069
TIME graph=soc-Pokec method=shared_b16_accurate_nozero e2e rep=1 ms=95.034122 L1=44.562101 act_convert=5.947828 L2=44.524193
TIME graph=soc-Pokec method=shared_b32_fast_nozero e2e rep=1 ms=83.211899 L1=37.811995 act_convert=5.967855 L2=39.432049
TIME graph=soc-Pokec method=shared_b32_accurate_nozero e2e rep=1 ms=88.611126 L1=41.290045 act_convert=6.063938 L2=41.257143
TIME graph=soc-Pokec method=shared_b64_fast_nozero e2e rep=1 ms=82.665920 L1=37.686825 act_convert=5.939007 L2=39.040089
TIME graph=soc-Pokec method=shared_b64_accurate_nozero e2e rep=1 ms=85.404873 L1=39.789915 act_convert=5.928993 L2=39.685965
TIME graph=soc-Pokec method=shared_bfull_fast_nozero e2e rep=1 ms=81.349134 L1=37.777185 act_convert=5.967855 L2=37.604094
TIME graph=soc-Pokec method=shared_bfull_accurate_nozero e2e rep=1 ms=85.031033 L1=39.947033 act_convert=5.949974 L2=39.134026
TIME graph=soc-Pokec method=mkl_fp32 e2e rep=1 ms=132.078886 L1=64.188004 act_convert=2.856970 L2=65.033913
TIME graph=soc-Pokec method=mkl_bf16_inputs e2e rep=1 ms=139.966965 L1=65.443993 act_convert=9.291887 L2=65.231085
TIME graph=soc-Pokec method=original_nozero e2e rep=2 ms=94.685793 L1=45.102835 act_convert=6.062031 L2=43.520927
TIME graph=soc-Pokec method=shared_b2_fast_nozero e2e rep=2 ms=149.499178 L1=71.653128 act_convert=5.959988 L2=71.886063
TIME graph=soc-Pokec method=shared_b2_accurate_nozero e2e rep=2 ms=176.715851 L1=84.250927 act_convert=5.999088 L2=86.465836
TIME graph=soc-Pokec method=shared_b4_fast_nozero e2e rep=2 ms=114.116907 L1=55.395126 act_convert=6.017923 L2=52.703857
TIME graph=soc-Pokec method=shared_b4_accurate_nozero e2e rep=2 ms=132.866859 L1=62.940836 act_convert=6.027937 L2=63.898087
TIME graph=soc-Pokec method=shared_b8_fast_nozero e2e rep=2 ms=96.115112 L1=44.327974 act_convert=6.047964 L2=45.739174
TIME graph=soc-Pokec method=shared_b8_accurate_nozero e2e rep=2 ms=106.773853 L1=50.300837 act_convert=6.008148 L2=50.464869
TIME graph=soc-Pokec method=shared_b16_fast_nozero e2e rep=2 ms=88.806152 L1=41.085958 act_convert=5.989075 L2=41.731119
TIME graph=soc-Pokec method=shared_b16_accurate_nozero e2e rep=2 ms=92.683077 L1=42.715073 act_convert=6.036997 L2=43.931007
TIME graph=soc-Pokec method=shared_b32_fast_nozero e2e rep=2 ms=83.397150 L1=38.486004 act_convert=6.021023 L2=38.890123
TIME graph=soc-Pokec method=shared_b32_accurate_nozero e2e rep=2 ms=88.621855 L1=41.096926 act_convert=5.995035 L2=41.529894
TIME graph=soc-Pokec method=shared_b64_fast_nozero e2e rep=2 ms=81.135988 L1=36.858082 act_convert=5.959988 L2=38.317919
TIME graph=soc-Pokec method=shared_b64_accurate_nozero e2e rep=2 ms=86.728096 L1=39.607048 act_convert=5.957842 L2=41.163206
TIME graph=soc-Pokec method=shared_bfull_fast_nozero e2e rep=2 ms=81.346989 L1=38.198948 act_convert=5.928040 L2=37.220001
TIME graph=soc-Pokec method=shared_bfull_accurate_nozero e2e rep=2 ms=84.798813 L1=38.952827 act_convert=5.948067 L2=39.897919
TIME graph=soc-Pokec method=mkl_fp32 e2e rep=2 ms=132.097960 L1=64.210176 act_convert=2.884865 L2=65.002918
TIME graph=soc-Pokec method=mkl_bf16_inputs e2e rep=2 ms=139.731884 L1=65.481901 act_convert=9.302139 L2=64.947844
TIME graph=soc-Pokec method=original e2e rep=2 ms=227.163076 L1=110.871077 act_convert=5.949974 L2=110.342026
TIME graph=soc-Pokec method=shared_b2_fast_nozero e2e rep=3 ms=143.747091 L1=68.778992 act_convert=5.928993 L2=69.039106
TIME graph=soc-Pokec method=shared_b2_accurate_nozero e2e rep=3 ms=181.809902 L1=86.779833 act_convert=6.006002 L2=89.024067
TIME graph=soc-Pokec method=shared_b4_fast_nozero e2e rep=3 ms=117.336988 L1=55.262089 act_convert=6.000996 L2=56.073904
TIME graph=soc-Pokec method=shared_b4_accurate_nozero e2e rep=3 ms=133.309126 L1=64.110994 act_convert=6.030083 L2=63.168049
TIME graph=soc-Pokec method=shared_b8_fast_nozero e2e rep=3 ms=99.964857 L1=46.571016 act_convert=6.021976 L2=47.371864
TIME graph=soc-Pokec method=shared_b8_accurate_nozero e2e rep=3 ms=106.261015 L1=51.869154 act_convert=6.021023 L2=48.370838
TIME graph=soc-Pokec method=shared_b16_fast_nozero e2e rep=3 ms=89.545965 L1=42.331934 act_convert=6.080151 L2=41.133881
TIME graph=soc-Pokec method=shared_b16_accurate_nozero e2e rep=3 ms=96.766949 L1=44.795990 act_convert=5.996943 L2=45.974016
TIME graph=soc-Pokec method=shared_b32_fast_nozero e2e rep=3 ms=83.610058 L1=38.731098 act_convert=5.937815 L2=38.941145
TIME graph=soc-Pokec method=shared_b32_accurate_nozero e2e rep=3 ms=90.121984 L1=41.306973 act_convert=6.033897 L2=42.781115
TIME graph=soc-Pokec method=shared_b64_fast_nozero e2e rep=3 ms=81.617117 L1=37.724972 act_convert=5.963087 L2=37.929058
TIME graph=soc-Pokec method=shared_b64_accurate_nozero e2e rep=3 ms=87.327003 L1=40.779114 act_convert=6.076097 L2=40.471792
TIME graph=soc-Pokec method=shared_bfull_fast_nozero e2e rep=3 ms=82.581043 L1=38.192034 act_convert=5.947113 L2=38.441896
TIME graph=soc-Pokec method=shared_bfull_accurate_nozero e2e rep=3 ms=85.126162 L1=39.883137 act_convert=5.967855 L2=39.275169
TIME graph=soc-Pokec method=mkl_fp32 e2e rep=3 ms=132.462025 L1=64.393997 act_convert=2.814054 L2=65.253973
TIME graph=soc-Pokec method=mkl_bf16_inputs e2e rep=3 ms=139.831066 L1=65.635920 act_convert=9.310007 L2=64.885139
TIME graph=soc-Pokec method=original e2e rep=3 ms=232.795954 L1=117.368937 act_convert=5.951881 L2=109.475136
TIME graph=soc-Pokec method=original_nozero e2e rep=3 ms=93.394041 L1=43.478966 act_convert=8.597136 L2=41.317940
TIME graph=soc-Pokec method=shared_b2_accurate_nozero e2e rep=4 ms=181.101084 L1=87.867022 act_convert=6.029129 L2=87.204933
TIME graph=soc-Pokec method=shared_b4_fast_nozero e2e rep=4 ms=112.470865 L1=54.774046 act_convert=6.009817 L2=51.687002
TIME graph=soc-Pokec method=shared_b4_accurate_nozero e2e rep=4 ms=126.856089 L1=59.025049 act_convert=5.956888 L2=61.874151
TIME graph=soc-Pokec method=shared_b8_fast_nozero e2e rep=4 ms=96.333027 L1=44.496059 act_convert=6.075859 L2=45.761108
TIME graph=soc-Pokec method=shared_b8_accurate_nozero e2e rep=4 ms=107.729912 L1=49.997091 act_convert=6.090879 L2=51.641941
TIME graph=soc-Pokec method=shared_b16_fast_nozero e2e rep=4 ms=88.201046 L1=40.671110 act_convert=6.042957 L2=41.486979
TIME graph=soc-Pokec method=shared_b16_accurate_nozero e2e rep=4 ms=95.924854 L1=44.579983 act_convert=5.954027 L2=45.390844
TIME graph=soc-Pokec method=shared_b32_fast_nozero e2e rep=4 ms=83.546877 L1=38.167953 act_convert=5.982876 L2=39.396048
TIME graph=soc-Pokec method=shared_b32_accurate_nozero e2e rep=4 ms=88.682175 L1=41.560173 act_convert=6.008863 L2=41.113138
TIME graph=soc-Pokec method=shared_b64_fast_nozero e2e rep=4 ms=81.334829 L1=37.737846 act_convert=5.942106 L2=37.654877
TIME graph=soc-Pokec method=shared_b64_accurate_nozero e2e rep=4 ms=86.173058 L1=39.435148 act_convert=5.957842 L2=40.780067
TIME graph=soc-Pokec method=shared_bfull_fast_nozero e2e rep=4 ms=80.224991 L1=36.899090 act_convert=5.944967 L2=37.380934
TIME graph=soc-Pokec method=shared_bfull_accurate_nozero e2e rep=4 ms=84.511042 L1=38.719893 act_convert=5.969048 L2=39.822102
TIME graph=soc-Pokec method=mkl_fp32 e2e rep=4 ms=132.160902 L1=64.216852 act_convert=2.885103 L2=65.058947
TIME graph=soc-Pokec method=mkl_bf16_inputs e2e rep=4 ms=139.534950 L1=65.423012 act_convert=9.036064 L2=65.075874
TIME graph=soc-Pokec method=original e2e rep=4 ms=230.468035 L1=116.653919 act_convert=5.973101 L2=107.841015
TIME graph=soc-Pokec method=original_nozero e2e rep=4 ms=92.421055 L1=42.896032 act_convert=6.105900 L2=43.419123
TIME graph=soc-Pokec method=shared_b2_fast_nozero e2e rep=4 ms=140.487909 L1=64.963102 act_convert=6.017923 L2=69.506884
TIME graph=soc-Pokec method=shared_b4_fast_nozero e2e rep=5 ms=115.679026 L1=53.718090 act_convert=6.017923 L2=55.943012
TIME graph=soc-Pokec method=shared_b4_accurate_nozero e2e rep=5 ms=128.551006 L1=61.315060 act_convert=5.998850 L2=61.237097
TIME graph=soc-Pokec method=shared_b8_fast_nozero e2e rep=5 ms=99.984169 L1=45.908213 act_convert=5.956888 L2=48.119068
TIME graph=soc-Pokec method=shared_b8_accurate_nozero e2e rep=5 ms=105.798960 L1=48.190117 act_convert=6.019831 L2=51.589012
TIME graph=soc-Pokec method=shared_b16_fast_nozero e2e rep=5 ms=90.723991 L1=41.211843 act_convert=6.018162 L2=43.493986
TIME graph=soc-Pokec method=shared_b16_accurate_nozero e2e rep=5 ms=95.634937 L1=44.500828 act_convert=6.014109 L2=45.120001
TIME graph=soc-Pokec method=shared_b32_fast_nozero e2e rep=5 ms=81.969976 L1=37.266016 act_convert=5.949020 L2=38.754940
TIME graph=soc-Pokec method=shared_b32_accurate_nozero e2e rep=5 ms=90.926886 L1=42.431831 act_convert=5.948067 L2=42.546988
TIME graph=soc-Pokec method=shared_b64_fast_nozero e2e rep=5 ms=82.026958 L1=37.617922 act_convert=5.949020 L2=38.460016
TIME graph=soc-Pokec method=shared_b64_accurate_nozero e2e rep=5 ms=85.314989 L1=39.522886 act_convert=5.980968 L2=39.811134
TIME graph=soc-Pokec method=shared_bfull_fast_nozero e2e rep=5 ms=80.814838 L1=37.287951 act_convert=5.946875 L2=37.580013
TIME graph=soc-Pokec method=shared_bfull_accurate_nozero e2e rep=5 ms=85.299015 L1=39.699078 act_convert=5.947828 L2=39.652109
TIME graph=soc-Pokec method=mkl_fp32 e2e rep=5 ms=132.139921 L1=64.239979 act_convert=2.914906 L2=64.985037
TIME graph=soc-Pokec method=mkl_bf16_inputs e2e rep=5 ms=139.554024 L1=65.463066 act_convert=9.049892 L2=65.041065
TIME graph=soc-Pokec method=original e2e rep=5 ms=225.682020 L1=113.272190 act_convert=5.964994 L2=106.444836
TIME graph=soc-Pokec method=original_nozero e2e rep=5 ms=89.544773 L1=41.834831 act_convert=5.977154 L2=41.732788
TIME graph=soc-Pokec method=shared_b2_fast_nozero e2e rep=5 ms=150.490999 L1=72.090149 act_convert=5.993843 L2=72.407007
TIME graph=soc-Pokec method=shared_b2_accurate_nozero e2e rep=5 ms=176.084995 L1=86.089134 act_convert=5.946875 L2=84.048986
TIME graph=soc-Pokec method=shared_b4_accurate_nozero e2e rep=6 ms=132.117033 L1=63.471079 act_convert=6.006002 L2=62.639952
TIME graph=soc-Pokec method=shared_b8_fast_nozero e2e rep=6 ms=98.554850 L1=47.049999 act_convert=6.032944 L2=45.471907
TIME graph=soc-Pokec method=shared_b8_accurate_nozero e2e rep=6 ms=108.165979 L1=50.130129 act_convert=6.389856 L2=51.645994
TIME graph=soc-Pokec method=shared_b16_fast_nozero e2e rep=6 ms=90.610027 L1=41.625977 act_convert=6.034136 L2=42.949915
TIME graph=soc-Pokec method=shared_b16_accurate_nozero e2e rep=6 ms=96.723080 L1=46.319962 act_convert=6.013155 L2=44.389963
TIME graph=soc-Pokec method=shared_b32_fast_nozero e2e rep=6 ms=83.467007 L1=37.758827 act_convert=5.969048 L2=39.739132
TIME graph=soc-Pokec method=shared_b32_accurate_nozero e2e rep=6 ms=90.440035 L1=43.181896 act_convert=5.950212 L2=41.307926
TIME graph=soc-Pokec method=shared_b64_fast_nozero e2e rep=6 ms=82.113028 L1=38.550854 act_convert=5.953074 L2=37.609100
TIME graph=soc-Pokec method=shared_b64_accurate_nozero e2e rep=6 ms=87.325096 L1=41.182995 act_convert=5.945206 L2=40.196896
TIME graph=soc-Pokec method=shared_bfull_fast_nozero e2e rep=6 ms=81.523895 L1=37.050009 act_convert=6.452799 L2=38.021088
TIME graph=soc-Pokec method=shared_bfull_accurate_nozero e2e rep=6 ms=85.829973 L1=39.561987 act_convert=5.961180 L2=40.306807
TIME graph=soc-Pokec method=mkl_fp32 e2e rep=6 ms=134.560108 L1=66.794157 act_convert=2.905846 L2=64.860106
TIME graph=soc-Pokec method=mkl_bf16_inputs e2e rep=6 ms=139.626980 L1=65.572977 act_convert=9.037971 L2=65.016031
TIME graph=soc-Pokec method=original e2e rep=6 ms=232.754946 L1=117.132902 act_convert=5.963087 L2=109.658957
TIME graph=soc-Pokec method=original_nozero e2e rep=6 ms=89.835167 L1=41.020155 act_convert=5.971909 L2=42.843103
TIME graph=soc-Pokec method=shared_b2_fast_nozero e2e rep=6 ms=144.049883 L1=69.664001 act_convert=6.014824 L2=68.371058
TIME graph=soc-Pokec method=shared_b2_accurate_nozero e2e rep=6 ms=176.570177 L1=84.233999 act_convert=5.934000 L2=86.402178
TIME graph=soc-Pokec method=shared_b4_fast_nozero e2e rep=6 ms=113.379955 L1=55.245876 act_convert=6.015062 L2=52.119017
TIME graph=soc-Pokec method=shared_b8_fast_nozero e2e rep=7 ms=98.927975 L1=44.966936 act_convert=6.055117 L2=47.905922
TIME graph=soc-Pokec method=shared_b8_accurate_nozero e2e rep=7 ms=104.708910 L1=48.474073 act_convert=6.016970 L2=50.217867
TIME graph=soc-Pokec method=shared_b16_fast_nozero e2e rep=7 ms=90.659142 L1=42.632103 act_convert=6.011963 L2=42.015076
TIME graph=soc-Pokec method=shared_b16_accurate_nozero e2e rep=7 ms=94.745874 L1=44.801950 act_convert=5.960941 L2=43.982983
TIME graph=soc-Pokec method=shared_b32_fast_nozero e2e rep=7 ms=82.492828 L1=37.943840 act_convert=5.944014 L2=38.604975
TIME graph=soc-Pokec method=shared_b32_accurate_nozero e2e rep=7 ms=90.169907 L1=42.775869 act_convert=5.954981 L2=41.439056
TIME graph=soc-Pokec method=shared_b64_fast_nozero e2e rep=7 ms=81.337214 L1=37.242174 act_convert=5.964041 L2=38.130999
TIME graph=soc-Pokec method=shared_b64_accurate_nozero e2e rep=7 ms=86.913824 L1=39.974928 act_convert=6.381989 L2=40.556908
TIME graph=soc-Pokec method=shared_bfull_fast_nozero e2e rep=7 ms=80.821991 L1=37.320852 act_convert=6.016970 L2=37.484169
TIME graph=soc-Pokec method=shared_bfull_accurate_nozero e2e rep=7 ms=84.652901 L1=38.850069 act_convert=5.952835 L2=39.849997
TIME graph=soc-Pokec method=mkl_fp32 e2e rep=7 ms=132.224083 L1=64.224958 act_convert=2.901077 L2=65.098047
TIME graph=soc-Pokec method=mkl_bf16_inputs e2e rep=7 ms=139.527082 L1=65.423965 act_convert=9.040117 L2=65.063000
TIME graph=soc-Pokec method=original e2e rep=7 ms=228.821039 L1=115.209103 act_convert=5.995035 L2=107.616901
TIME graph=soc-Pokec method=original_nozero e2e rep=7 ms=90.629101 L1=43.238163 act_convert=6.007910 L2=41.383028
TIME graph=soc-Pokec method=shared_b2_fast_nozero e2e rep=7 ms=146.881819 L1=68.229914 act_convert=6.017923 L2=72.633982
TIME graph=soc-Pokec method=shared_b2_accurate_nozero e2e rep=7 ms=182.868004 L1=88.185072 act_convert=6.012917 L2=88.670015
TIME graph=soc-Pokec method=shared_b4_fast_nozero e2e rep=7 ms=113.368988 L1=54.132938 act_convert=5.975008 L2=53.261042
TIME graph=soc-Pokec method=shared_b4_accurate_nozero e2e rep=7 ms=131.211042 L1=63.407898 act_convert=6.020069 L2=61.783075
TIME graph=soc-Pokec method=shared_b8_accurate_nozero e2e rep=8 ms=105.610132 L1=48.144102 act_convert=6.032944 L2=51.433086
TIME graph=soc-Pokec method=shared_b16_fast_nozero e2e rep=8 ms=88.881016 L1=40.443897 act_convert=6.007195 L2=42.429924
TIME graph=soc-Pokec method=shared_b16_accurate_nozero e2e rep=8 ms=96.938848 L1=45.058966 act_convert=6.004095 L2=45.875788
TIME graph=soc-Pokec method=shared_b32_fast_nozero e2e rep=8 ms=83.245993 L1=39.135933 act_convert=5.958080 L2=38.151979
TIME graph=soc-Pokec method=shared_b32_accurate_nozero e2e rep=8 ms=90.899944 L1=42.858839 act_convert=5.955219 L2=42.085886
TIME graph=soc-Pokec method=shared_b64_fast_nozero e2e rep=8 ms=82.175970 L1=38.499832 act_convert=5.957127 L2=37.719011
TIME graph=soc-Pokec method=shared_b64_accurate_nozero e2e rep=8 ms=86.462975 L1=40.881872 act_convert=5.969048 L2=39.612055
TIME graph=soc-Pokec method=shared_bfull_fast_nozero e2e rep=8 ms=82.082033 L1=37.804842 act_convert=5.962133 L2=38.315058
TIME graph=soc-Pokec method=shared_bfull_accurate_nozero e2e rep=8 ms=84.629059 L1=38.933992 act_convert=5.961895 L2=39.733171
TIME graph=soc-Pokec method=mkl_fp32 e2e rep=8 ms=131.976843 L1=64.210892 act_convert=2.851009 L2=64.914942
TIME graph=soc-Pokec method=mkl_bf16_inputs e2e rep=8 ms=139.664173 L1=65.579176 act_convert=9.050846 L2=65.034151
TIME graph=soc-Pokec method=original e2e rep=8 ms=230.127096 L1=115.168095 act_convert=5.958796 L2=109.000206
TIME graph=soc-Pokec method=original_nozero e2e rep=8 ms=92.037916 L1=42.948008 act_convert=6.034851 L2=43.055058
TIME graph=soc-Pokec method=shared_b2_fast_nozero e2e rep=8 ms=148.365974 L1=72.407961 act_convert=5.999088 L2=69.958925
TIME graph=soc-Pokec method=shared_b2_accurate_nozero e2e rep=8 ms=182.868004 L1=88.176966 act_convert=6.011963 L2=88.679075
TIME graph=soc-Pokec method=shared_b4_fast_nozero e2e rep=8 ms=114.521980 L1=52.268982 act_convert=6.032944 L2=56.220055
TIME graph=soc-Pokec method=shared_b4_accurate_nozero e2e rep=8 ms=127.935171 L1=59.257030 act_convert=6.019115 L2=62.659025
TIME graph=soc-Pokec method=shared_b8_fast_nozero e2e rep=8 ms=99.004030 L1=47.127008 act_convert=6.021976 L2=45.855045
TIME graph=soc-Pokec method=shared_b16_fast_nozero e2e rep=9 ms=90.389967 L1=42.557001 act_convert=6.000996 L2=41.831970
TIME graph=soc-Pokec method=shared_b16_accurate_nozero e2e rep=9 ms=96.154928 L1=44.293880 act_convert=5.964041 L2=45.897007
TIME graph=soc-Pokec method=shared_b32_fast_nozero e2e rep=9 ms=83.790064 L1=38.326979 act_convert=6.021023 L2=39.442062
TIME graph=soc-Pokec method=shared_b32_accurate_nozero e2e rep=9 ms=91.293097 L1=42.840004 act_convert=5.970001 L2=42.483091
TIME graph=soc-Pokec method=shared_b64_fast_nozero e2e rep=9 ms=80.699205 L1=36.514997 act_convert=5.957127 L2=38.227081
TIME graph=soc-Pokec method=shared_b64_accurate_nozero e2e rep=9 ms=86.791992 L1=39.754868 act_convert=5.949974 L2=41.087151
TIME graph=soc-Pokec method=shared_bfull_fast_nozero e2e rep=9 ms=80.874920 L1=37.262917 act_convert=5.961180 L2=37.650824
TIME graph=soc-Pokec method=shared_bfull_accurate_nozero e2e rep=9 ms=83.991051 L1=38.907051 act_convert=5.970955 L2=39.113045
TIME graph=soc-Pokec method=mkl_fp32 e2e rep=9 ms=132.476091 L1=64.329147 act_convert=2.924919 L2=65.222025
TIME graph=soc-Pokec method=mkl_bf16_inputs e2e rep=9 ms=139.736891 L1=65.505028 act_convert=9.325027 L2=64.906836
TIME graph=soc-Pokec method=original e2e rep=9 ms=232.015133 L1=117.048025 act_convert=5.938053 L2=109.029055
TIME graph=soc-Pokec method=original_nozero e2e rep=9 ms=91.141939 L1=43.256998 act_convert=5.997896 L2=41.887045
TIME graph=soc-Pokec method=shared_b2_fast_nozero e2e rep=9 ms=147.564173 L1=70.826054 act_convert=5.989075 L2=70.749044
TIME graph=soc-Pokec method=shared_b2_accurate_nozero e2e rep=9 ms=177.695990 L1=83.972216 act_convert=6.008863 L2=87.714911
TIME graph=soc-Pokec method=shared_b4_fast_nozero e2e rep=9 ms=114.681005 L1=53.791046 act_convert=6.015062 L2=54.874897
TIME graph=soc-Pokec method=shared_b4_accurate_nozero e2e rep=9 ms=128.593922 L1=61.944962 act_convert=6.005049 L2=60.643911
TIME graph=soc-Pokec method=shared_b8_fast_nozero e2e rep=9 ms=97.225189 L1=45.202971 act_convert=5.998135 L2=46.024084
TIME graph=soc-Pokec method=shared_b8_accurate_nozero e2e rep=9 ms=105.538130 L1=49.197197 act_convert=6.028891 L2=50.312042
COMPLETE graph=soc-Pokec status=PASS max_rss_kib=8009164
