GCN E2E v3 — Hybrid Pipeline (FP32 inter-layer + BF16 final)
Threads: 4

Loading: /home/huangjianqiang_group/hdacp1/data/wzh/GCN-extra/runs/paper-method-smoke-10864873/fixtures/method_tail/method_tail.csrbin
Matrix: method_tail  N=37  NNZ=1026  avg_deg=27.7

=== TFS V3 Hybrid Pipeline ===
  run 0: 0.15 ms
  run 1: 0.12 ms
  run 2: 0.15 ms
  run 3: 0.12 ms
  run 4: 0.12 ms
  TFS V3 E2E BEST: 0.12 ms

=== MKL FP32 Two-Step ===
  run 0: 0.03 ms
  run 1: 0.03 ms
  run 2: 0.02 ms
  run 3: 0.02 ms
  run 4: 0.03 ms
  MKL E2E BEST: 0.02 ms

=== E2E Summary ===
  TFS V3 (hybrid): 0.12 ms
  MKL (FP32):      0.02 ms
  E2E Speedup:     0.19×

=== Precision ===
  TFS_hybrid vs MKL_FP32: max_rel_err=0.011319  RMSE=4.2453e+01
First 8:
  TFS: 0.00 0.00 0.00 0.00 0.00 0.00 0.00 0.00 
  MKL: 0.00 0.00 0.00 0.00 0.00 0.00 0.00 0.00 
METHOD_CONFIG graph=method_tail N=37 E=1026 D=128 F=128 R=64 TR=16 warmups=1 repeats=5 final_output=BF16 mkl_threads=4 mkl_dynamic=1 numa=default
METHOD_CHECK graph=method_tail method=paper_tfs boundary=kernel_FP32 reference=paper_tfs max_abs=0 mean_abs=0 relative_L2=0 normalized_max=0 gate=0.01 pass=1
METHOD_CHECK graph=method_tail method=paper_tfs boundary=e2e_FP32_final reference=paper_tfs max_abs=0 mean_abs=0 relative_L2=0 normalized_max=0 gate=0.01 pass=1
METHOD_CHECK graph=method_tail method=paper_tfs boundary=e2e_BF16_final reference=paper_tfs max_abs=0 mean_abs=0 relative_L2=0 normalized_max=0 gate=0.02 pass=1
METHOD_CHECK graph=method_tail method=paper_tfs boundary=e2e_BF16_final reference=source_MKL_FP32 max_abs=405.099609375 mean_abs=27.6260748541 relative_L2=0.0137412144026 normalized_max=0.0147089119578 gate=0.03 pass=1
METHOD_CHECK graph=method_tail method=b2_fast boundary=kernel_FP32 reference=paper_tfs max_abs=0.436981201172 mean_abs=0.0356813418125 relative_L2=0.00213422310057 normalized_max=0.0020024590572 gate=0.01 pass=1
METHOD_CHECK graph=method_tail method=b2_fast boundary=e2e_FP32_final reference=paper_tfs max_abs=98.646484375 mean_abs=6.88104440967 relative_L2=0.00337873186883 normalized_max=0.00362279857622 gate=0.01 pass=1
METHOD_CHECK graph=method_tail method=b2_fast boundary=e2e_BF16_final reference=paper_tfs max_abs=128 mean_abs=7.03363031954 relative_L2=0.00442544084847 normalized_max=0.00471698113208 gate=0.02 pass=1
METHOD_CHECK graph=method_tail method=b2_fast boundary=e2e_BF16_final reference=source_MKL_FP32 max_abs=515.3515625 mean_abs=34.1188718428 relative_L2=0.017040549326 normalized_max=0.0187120910134 gate=0.03 pass=1
METHOD_CHECK graph=method_tail method=b2_accurate boundary=kernel_FP32 reference=paper_tfs max_abs=0.000213623046875 mean_abs=4.51811718301e-06 relative_L2=4.00504442721e-07 normalized_max=9.78924045004e-07 gate=0.001 pass=1
METHOD_CHECK graph=method_tail method=b2_accurate boundary=e2e_FP32_final reference=paper_tfs max_abs=0.033203125 mean_abs=0.000475456233363 relative_L2=3.82436563674e-07 normalized_max=1.21938693242e-06 gate=0.001 pass=1
METHOD_CHECK graph=method_tail method=b2_accurate boundary=e2e_BF16_final reference=paper_tfs max_abs=0 mean_abs=0 relative_L2=0 normalized_max=0 gate=0.01 pass=1
METHOD_CHECK graph=method_tail method=b2_accurate boundary=e2e_BF16_final reference=source_MKL_FP32 max_abs=405.099609375 mean_abs=27.6260748541 relative_L2=0.0137412144026 normalized_max=0.0147089119578 gate=0.03 pass=1
METHOD_CHECK graph=method_tail method=b4_fast boundary=kernel_FP32 reference=paper_tfs max_abs=0.482498168945 mean_abs=0.0451764987933 relative_L2=0.00264181699313 normalized_max=0.00221103980193 gate=0.01 pass=1
METHOD_CHECK graph=method_tail method=b4_fast boundary=e2e_FP32_final reference=paper_tfs max_abs=122.119140625 mean_abs=9.34486545512 relative_L2=0.0046374599872 normalized_max=0.00448483340879 gate=0.01 pass=1
METHOD_CHECK graph=method_tail method=b4_fast boundary=e2e_BF16_final reference=paper_tfs max_abs=128 mean_abs=9.53866891603 relative_L2=0.00535433975435 normalized_max=0.00471698113208 gate=0.02 pass=1
METHOD_CHECK graph=method_tail method=b4_fast boundary=e2e_BF16_final reference=source_MKL_FP32 max_abs=533.099609375 mean_abs=36.7113169357 relative_L2=0.0183845608566 normalized_max=0.0193565114297 gate=0.03 pass=1
METHOD_CHECK graph=method_tail method=b4_accurate boundary=kernel_FP32 reference=paper_tfs max_abs=0.000137329101562 mean_abs=3.88647911038e-06 relative_L2=3.42435981081e-07 normalized_max=6.29308314645e-07 gate=0.001 pass=1
METHOD_CHECK graph=method_tail method=b4_accurate boundary=e2e_FP32_final reference=paper_tfs max_abs=0.021484375 mean_abs=0.000769157868785 relative_L2=4.62524689063e-07 normalized_max=7.89015073918e-07 gate=0.001 pass=1
METHOD_CHECK graph=method_tail method=b4_accurate boundary=e2e_BF16_final reference=paper_tfs max_abs=0.125 mean_abs=2.80431798986e-05 relative_L2=4.76254248365e-07 normalized_max=4.60642688679e-06 gate=0.01 pass=1
METHOD_CHECK graph=method_tail method=b4_accurate boundary=e2e_BF16_final reference=source_MKL_FP32 max_abs=405.099609375 mean_abs=27.6261028973 relative_L2=0.0137412149489 normalized_max=0.0147089119578 gate=0.03 pass=1
METHOD_CHECK graph=method_tail method=b8_fast boundary=kernel_FP32 reference=paper_tfs max_abs=0.660217285156 mean_abs=0.0480418288703 relative_L2=0.00281018302679 normalized_max=0.00302543468423 gate=0.01 pass=1
METHOD_CHECK graph=method_tail method=b8_fast boundary=e2e_FP32_final reference=paper_tfs max_abs=141.947265625 mean_abs=10.6222037713 relative_L2=0.00530422162344 normalized_max=0.00521302259337 gate=0.01 pass=1
METHOD_CHECK graph=method_tail method=b8_fast boundary=e2e_BF16_final reference=paper_tfs max_abs=128 mean_abs=10.7277514483 relative_L2=0.00568449704702 normalized_max=0.00471698113208 gate=0.02 pass=1
METHOD_CHECK graph=method_tail method=b8_fast boundary=e2e_BF16_final reference=source_MKL_FP32 max_abs=533.099609375 mean_abs=37.9748831717 relative_L2=0.0189149245178 normalized_max=0.0193565114297 gate=0.03 pass=1
METHOD_CHECK graph=method_tail method=b8_accurate boundary=kernel_FP32 reference=paper_tfs max_abs=0.00018310546875 mean_abs=9.05993196333e-06 relative_L2=6.98712114794e-07 normalized_max=8.3907775286e-07 gate=0.001 pass=1
METHOD_CHECK graph=method_tail method=b8_accurate boundary=e2e_FP32_final reference=paper_tfs max_abs=0.25 mean_abs=0.0226837772171 relative_L2=1.10064542443e-05 normalized_max=9.18126631468e-06 gate=0.001 pass=1
METHOD_CHECK graph=method_tail method=b8_accurate boundary=e2e_BF16_final reference=paper_tfs max_abs=64 mean_abs=0.0302053915488 relative_L2=0.000260016160899 normalized_max=0.00235849056604 gate=0.01 pass=1
METHOD_CHECK graph=method_tail method=b8_accurate boundary=e2e_BF16_final reference=source_MKL_FP32 max_abs=405.099609375 mean_abs=27.6446164579 relative_L2=0.0137539375971 normalized_max=0.0147089119578 gate=0.03 pass=1
METHOD_CHECK graph=method_tail method=b16_fast boundary=kernel_FP32 reference=paper_tfs max_abs=0.670166015625 mean_abs=0.0509169706949 relative_L2=0.00299216167198 normalized_max=0.00307102457547 gate=0.01 pass=1
METHOD_CHECK graph=method_tail method=b16_fast boundary=e2e_FP32_final reference=paper_tfs max_abs=146.16796875 mean_abs=11.37701629 relative_L2=0.00551043034924 normalized_max=0.00536802819108 gate=0.01 pass=1
METHOD_CHECK graph=method_tail method=b16_fast boundary=e2e_BF16_final reference=paper_tfs max_abs=128 mean_abs=11.2940159359 relative_L2=0.00586653999331 normalized_max=0.00471698113208 gate=0.02 pass=1
METHOD_CHECK graph=method_tail method=b16_fast boundary=e2e_BF16_final reference=source_MKL_FP32 max_abs=533.099609375 mean_abs=38.5070496156 relative_L2=0.0190170311186 normalized_max=0.0193565114297 gate=0.03 pass=1
METHOD_CHECK graph=method_tail method=b16_accurate boundary=kernel_FP32 reference=paper_tfs max_abs=0.000457763671875 mean_abs=2.84104718122e-05 relative_L2=1.96821461364e-06 normalized_max=2.09769438215e-06 gate=0.001 pass=1
METHOD_CHECK graph=method_tail method=b16_accurate boundary=e2e_FP32_final reference=paper_tfs max_abs=0.08984375 mean_abs=0.00530135490604 relative_L2=2.67564402723e-06 normalized_max=3.29951758184e-06 gate=0.001 pass=1
METHOD_CHECK graph=method_tail method=b16_accurate boundary=e2e_BF16_final reference=paper_tfs max_abs=16 mean_abs=0.00439783044764 relative_L2=6.273280956e-05 normalized_max=0.000589622641509 gate=0.01 pass=1
METHOD_CHECK graph=method_tail method=b16_accurate boundary=e2e_BF16_final reference=source_MKL_FP32 max_abs=405.099609375 mean_abs=27.6287834954 relative_L2=0.013741683058 normalized_max=0.0147089119578 gate=0.03 pass=1
METHOD_CHECK graph=method_tail method=b32_fast boundary=kernel_FP32 reference=paper_tfs max_abs=0.711608886719 mean_abs=0.0510169699713 relative_L2=0.00302656472765 normalized_max=0.0032609358402 gate=0.01 pass=1
METHOD_CHECK graph=method_tail method=b32_fast boundary=e2e_FP32_final reference=paper_tfs max_abs=148.74609375 mean_abs=11.5010909271 relative_L2=0.00563671627705 normalized_max=0.00546270999995 gate=0.01 pass=1
METHOD_CHECK graph=method_tail method=b32_fast boundary=e2e_BF16_final reference=paper_tfs max_abs=128 mean_abs=11.5401496887 relative_L2=0.00597431267858 normalized_max=0.00471698113208 gate=0.02 pass=1
METHOD_CHECK graph=method_tail method=b32_fast boundary=e2e_BF16_final reference=source_MKL_FP32 max_abs=533.099609375 mean_abs=38.6525932699 relative_L2=0.019159014219 normalized_max=0.0193565114297 gate=0.03 pass=1
METHOD_CHECK graph=method_tail method=b32_accurate boundary=kernel_FP32 reference=paper_tfs max_abs=0.000701904296875 mean_abs=4.24791910887e-05 relative_L2=2.9152922246e-06 normalized_max=3.2164647193e-06 gate=0.001 pass=1
METHOD_CHECK graph=method_tail method=b32_accurate boundary=e2e_FP32_final reference=paper_tfs max_abs=1.15087890625 mean_abs=0.104216261943 relative_L2=4.90054176953e-05 normalized_max=4.22661029369e-05 gate=0.001 pass=1
METHOD_CHECK graph=method_tail method=b32_accurate boundary=e2e_BF16_final reference=paper_tfs max_abs=64 mean_abs=0.098300830738 relative_L2=0.000406173775587 normalized_max=0.00235849056604 gate=0.01 pass=1
METHOD_CHECK graph=method_tail method=b32_accurate boundary=e2e_BF16_final reference=source_MKL_FP32 max_abs=405.099609375 mean_abs=27.634475823 relative_L2=0.0137480359955 normalized_max=0.0147089119578 gate=0.03 pass=1
METHOD_CHECK graph=method_tail method=b64_fast boundary=kernel_FP32 reference=paper_tfs max_abs=0.650299072266 mean_abs=0.0534472115514 relative_L2=0.00317201889132 normalized_max=0.00297998463928 gate=0.01 pass=1
METHOD_CHECK graph=method_tail method=b64_fast boundary=e2e_FP32_final reference=paper_tfs max_abs=168.35546875 mean_abs=12.1489308104 relative_L2=0.00595268925527 normalized_max=0.00618286557651 gate=0.01 pass=1
METHOD_CHECK graph=method_tail method=b64_fast boundary=e2e_BF16_final reference=paper_tfs max_abs=256 mean_abs=12.2763874982 relative_L2=0.00635481282614 normalized_max=0.00943396226415 gate=0.02 pass=1
METHOD_CHECK graph=method_tail method=b64_fast boundary=e2e_BF16_final reference=source_MKL_FP32 max_abs=580.560546875 mean_abs=39.3845722574 relative_L2=0.019491633597 normalized_max=0.0210797882114 gate=0.03 pass=1
METHOD_CHECK graph=method_tail method=b64_accurate boundary=kernel_FP32 reference=paper_tfs max_abs=0.000938415527344 mean_abs=5.73852794824e-05 relative_L2=4.08464728785e-06 normalized_max=4.30027348341e-06 gate=0.001 pass=1
METHOD_CHECK graph=method_tail method=b64_accurate boundary=e2e_FP32_final reference=paper_tfs max_abs=1.15185546875 mean_abs=0.103911553333 relative_L2=4.88675010672e-05 normalized_max=4.23019672585e-05 gate=0.001 pass=1
METHOD_CHECK graph=method_tail method=b64_accurate boundary=e2e_BF16_final reference=paper_tfs max_abs=64 mean_abs=0.0963806977143 relative_L2=0.000401967387133 normalized_max=0.00235849056604 gate=0.01 pass=1
METHOD_CHECK graph=method_tail method=b64_accurate boundary=e2e_BF16_final reference=source_MKL_FP32 max_abs=405.099609375 mean_abs=27.6312887981 relative_L2=0.0137476250908 normalized_max=0.0147089119578 gate=0.03 pass=1
METHOD_CHECK graph=method_tail method=bfull_fast boundary=kernel_FP32 reference=paper_tfs max_abs=0.713455200195 mean_abs=0.0551806153805 relative_L2=0.00342170688371 normalized_max=0.00326939654087 gate=0.01 pass=1
METHOD_CHECK graph=method_tail method=bfull_fast boundary=e2e_FP32_final reference=paper_tfs max_abs=173.166015625 mean_abs=12.2177584773 relative_L2=0.00600969121397 normalized_max=0.00635953322442 gate=0.01 pass=1
METHOD_CHECK graph=method_tail method=bfull_fast boundary=e2e_BF16_final reference=paper_tfs max_abs=256 mean_abs=12.2784550641 relative_L2=0.00641452686011 normalized_max=0.00943396226415 gate=0.02 pass=1
METHOD_CHECK graph=method_tail method=bfull_fast boundary=e2e_BF16_final reference=source_MKL_FP32 max_abs=580.560546875 mean_abs=39.2897890616 relative_L2=0.0194287158728 normalized_max=0.0210797882114 gate=0.03 pass=1
METHOD_CHECK graph=method_tail method=bfull_accurate boundary=kernel_FP32 reference=paper_tfs max_abs=0.00180053710938 mean_abs=7.04056048464e-05 relative_L2=5.77480940095e-06 normalized_max=8.25093123646e-06 gate=0.001 pass=1
METHOD_CHECK graph=method_tail method=bfull_accurate boundary=e2e_FP32_final reference=paper_tfs max_abs=0.408203125 mean_abs=0.027033428435 relative_L2=1.39333095811e-05 normalized_max=1.49912864044e-05 gate=0.001 pass=1
METHOD_CHECK graph=method_tail method=bfull_accurate boundary=e2e_BF16_final reference=paper_tfs max_abs=64 mean_abs=0.0348358154297 relative_L2=0.00028534815452 normalized_max=0.00235849056604 gate=0.01 pass=1
METHOD_CHECK graph=method_tail method=bfull_accurate boundary=e2e_BF16_final reference=source_MKL_FP32 max_abs=405.099609375 mean_abs=27.6538987505 relative_L2=0.0137569736207 normalized_max=0.0147089119578 gate=0.03 pass=1
METHOD_GATE_COMPLETE graph=method_tail methods=15 pass=1
METHOD_TIME graph=method_tail method=paper_tfs kind=kernel repeat=0 order=0 ms=0.0541210174561
METHOD_TIME graph=method_tail method=b2_fast kind=kernel repeat=0 order=1 ms=0.0789165496826
METHOD_TIME graph=method_tail method=b2_accurate kind=kernel repeat=0 order=2 ms=0.140190124512
METHOD_TIME graph=method_tail method=b4_fast kind=kernel repeat=0 order=3 ms=0.0510215759277
METHOD_TIME graph=method_tail method=b4_accurate kind=kernel repeat=0 order=4 ms=0.0820159912109
METHOD_TIME graph=method_tail method=b8_fast kind=kernel repeat=0 order=5 ms=0.0309944152832
METHOD_TIME graph=method_tail method=b8_accurate kind=kernel repeat=0 order=6 ms=0.046968460083
METHOD_TIME graph=method_tail method=b16_fast kind=kernel repeat=0 order=7 ms=0.0221729278564
METHOD_TIME graph=method_tail method=b16_accurate kind=kernel repeat=0 order=8 ms=0.0278949737549
METHOD_TIME graph=method_tail method=b32_fast kind=kernel repeat=0 order=9 ms=0.0147819519043
METHOD_TIME graph=method_tail method=b32_accurate kind=kernel repeat=0 order=10 ms=0.0178813934326
METHOD_TIME graph=method_tail method=b64_fast kind=kernel repeat=0 order=11 ms=0.0109672546387
METHOD_TIME graph=method_tail method=b64_accurate kind=kernel repeat=0 order=12 ms=0.0150203704834
METHOD_TIME graph=method_tail method=bfull_fast kind=kernel repeat=0 order=13 ms=0.0150203704834
METHOD_TIME graph=method_tail method=bfull_accurate kind=kernel repeat=0 order=14 ms=0.014066696167
METHOD_TIME graph=method_tail method=source_mkl_fp32 kind=kernel repeat=0 order=15 ms=0.0109672546387
METHOD_TIME graph=method_tail method=b2_fast kind=kernel repeat=1 order=0 ms=0.0879764556885
METHOD_TIME graph=method_tail method=b2_accurate kind=kernel repeat=1 order=1 ms=0.14591217041
METHOD_TIME graph=method_tail method=b4_fast kind=kernel repeat=1 order=2 ms=0.0560283660889
METHOD_TIME graph=method_tail method=b4_accurate kind=kernel repeat=1 order=3 ms=0.0808238983154
METHOD_TIME graph=method_tail method=b8_fast kind=kernel repeat=1 order=4 ms=0.0319480895996
METHOD_TIME graph=method_tail method=b8_accurate kind=kernel repeat=1 order=5 ms=0.0491142272949
METHOD_TIME graph=method_tail method=b16_fast kind=kernel repeat=1 order=6 ms=0.0209808349609
METHOD_TIME graph=method_tail method=b16_accurate kind=kernel repeat=1 order=7 ms=0.0259876251221
METHOD_TIME graph=method_tail method=b32_fast kind=kernel repeat=1 order=8 ms=0.0150203704834
METHOD_TIME graph=method_tail method=b32_accurate kind=kernel repeat=1 order=9 ms=0.0269412994385
METHOD_TIME graph=method_tail method=b64_fast kind=kernel repeat=1 order=10 ms=0.0178813934326
METHOD_TIME graph=method_tail method=b64_accurate kind=kernel repeat=1 order=11 ms=0.014066696167
METHOD_TIME graph=method_tail method=bfull_fast kind=kernel repeat=1 order=12 ms=0.0109672546387
METHOD_TIME graph=method_tail method=bfull_accurate kind=kernel repeat=1 order=13 ms=0.0128746032715
METHOD_TIME graph=method_tail method=source_mkl_fp32 kind=kernel repeat=1 order=14 ms=0.0100135803223
METHOD_TIME graph=method_tail method=paper_tfs kind=kernel repeat=1 order=15 ms=0.06103515625
METHOD_TIME graph=method_tail method=b2_accurate kind=kernel repeat=2 order=0 ms=0.139951705933
METHOD_TIME graph=method_tail method=b4_fast kind=kernel repeat=2 order=1 ms=0.0500679016113
METHOD_TIME graph=method_tail method=b4_accurate kind=kernel repeat=2 order=2 ms=0.0820159912109
METHOD_TIME graph=method_tail method=b8_fast kind=kernel repeat=2 order=3 ms=0.0369548797607
METHOD_TIME graph=method_tail method=b8_accurate kind=kernel repeat=2 order=4 ms=0.0479221343994
METHOD_TIME graph=method_tail method=b16_fast kind=kernel repeat=2 order=5 ms=0.0209808349609
METHOD_TIME graph=method_tail method=b16_accurate kind=kernel repeat=2 order=6 ms=0.0259876251221
METHOD_TIME graph=method_tail method=b32_fast kind=kernel repeat=2 order=7 ms=0.0138282775879
METHOD_TIME graph=method_tail method=b32_accurate kind=kernel repeat=2 order=8 ms=0.0178813934326
METHOD_TIME graph=method_tail method=b64_fast kind=kernel repeat=2 order=9 ms=0.0171661376953
METHOD_TIME graph=method_tail method=b64_accurate kind=kernel repeat=2 order=10 ms=0.014066696167
METHOD_TIME graph=method_tail method=bfull_fast kind=kernel repeat=2 order=11 ms=0.0100135803223
METHOD_TIME graph=method_tail method=bfull_accurate kind=kernel repeat=2 order=12 ms=0.0109672546387
METHOD_TIME graph=method_tail method=source_mkl_fp32 kind=kernel repeat=2 order=13 ms=0.0100135803223
METHOD_TIME graph=method_tail method=paper_tfs kind=kernel repeat=2 order=14 ms=0.0619888305664
METHOD_TIME graph=method_tail method=b2_fast kind=kernel repeat=2 order=15 ms=0.0829696655273
METHOD_TIME graph=method_tail method=b4_fast kind=kernel repeat=3 order=0 ms=0.0488758087158
METHOD_TIME graph=method_tail method=b4_accurate kind=kernel repeat=3 order=1 ms=0.0941753387451
METHOD_TIME graph=method_tail method=b8_fast kind=kernel repeat=3 order=2 ms=0.0360012054443
METHOD_TIME graph=method_tail method=b8_accurate kind=kernel repeat=3 order=3 ms=0.0431537628174
METHOD_TIME graph=method_tail method=b16_fast kind=kernel repeat=3 order=4 ms=0.0209808349609
METHOD_TIME graph=method_tail method=b16_accurate kind=kernel repeat=3 order=5 ms=0.0259876251221
METHOD_TIME graph=method_tail method=b32_fast kind=kernel repeat=3 order=6 ms=0.0138282775879
METHOD_TIME graph=method_tail method=b32_accurate kind=kernel repeat=3 order=7 ms=0.0269412994385
METHOD_TIME graph=method_tail method=b64_fast kind=kernel repeat=3 order=8 ms=0.014066696167
METHOD_TIME graph=method_tail method=b64_accurate kind=kernel repeat=3 order=9 ms=0.0131130218506
METHOD_TIME graph=method_tail method=bfull_fast kind=kernel repeat=3 order=10 ms=0.0100135803223
METHOD_TIME graph=method_tail method=bfull_accurate kind=kernel repeat=3 order=11 ms=0.0109672546387
METHOD_TIME graph=method_tail method=source_mkl_fp32 kind=kernel repeat=3 order=12 ms=0.0100135803223
METHOD_TIME graph=method_tail method=paper_tfs kind=kernel repeat=3 order=13 ms=0.0550746917725
METHOD_TIME graph=method_tail method=b2_fast kind=kernel repeat=3 order=14 ms=0.0789165496826
METHOD_TIME graph=method_tail method=b2_accurate kind=kernel repeat=3 order=15 ms=0.144004821777
METHOD_TIME graph=method_tail method=b4_accurate kind=kernel repeat=4 order=0 ms=0.0870227813721
METHOD_TIME graph=method_tail method=b8_fast kind=kernel repeat=4 order=1 ms=0.0309944152832
METHOD_TIME graph=method_tail method=b8_accurate kind=kernel repeat=4 order=2 ms=0.0431537628174
METHOD_TIME graph=method_tail method=b16_fast kind=kernel repeat=4 order=3 ms=0.0200271606445
METHOD_TIME graph=method_tail method=b16_accurate kind=kernel repeat=4 order=4 ms=0.0259876251221
METHOD_TIME graph=method_tail method=b32_fast kind=kernel repeat=4 order=5 ms=0.02121925354
METHOD_TIME graph=method_tail method=b32_accurate kind=kernel repeat=4 order=6 ms=0.0190734863281
METHOD_TIME graph=method_tail method=b64_fast kind=kernel repeat=4 order=7 ms=0.0109672546387
METHOD_TIME graph=method_tail method=b64_accurate kind=kernel repeat=4 order=8 ms=0.0138282775879
METHOD_TIME graph=method_tail method=bfull_fast kind=kernel repeat=4 order=9 ms=0.0150203704834
METHOD_TIME graph=method_tail method=bfull_accurate kind=kernel repeat=4 order=10 ms=0.0119209289551
METHOD_TIME graph=method_tail method=source_mkl_fp32 kind=kernel repeat=4 order=11 ms=0.0100135803223
METHOD_TIME graph=method_tail method=paper_tfs kind=kernel repeat=4 order=12 ms=0.0550746917725
METHOD_TIME graph=method_tail method=b2_fast kind=kernel repeat=4 order=13 ms=0.0851154327393
METHOD_TIME graph=method_tail method=b2_accurate kind=kernel repeat=4 order=14 ms=0.139951705933
METHOD_TIME graph=method_tail method=b4_fast kind=kernel repeat=4 order=15 ms=0.0491142272949
METHOD_TIME graph=method_tail method=paper_tfs kind=e2e repeat=0 order=0 ms=0.113964080811
METHOD_TIME graph=method_tail method=b2_fast kind=e2e repeat=0 order=1 ms=0.166177749634
METHOD_TIME graph=method_tail method=b2_accurate kind=e2e repeat=0 order=2 ms=0.288963317871
METHOD_TIME graph=method_tail method=b4_fast kind=e2e repeat=0 order=3 ms=0.108957290649
METHOD_TIME graph=method_tail method=b4_accurate kind=e2e repeat=0 order=4 ms=0.159025192261
METHOD_TIME graph=method_tail method=b8_fast kind=e2e repeat=0 order=5 ms=0.0689029693604
METHOD_TIME graph=method_tail method=b8_accurate kind=e2e repeat=0 order=6 ms=0.102996826172
METHOD_TIME graph=method_tail method=b16_fast kind=e2e repeat=0 order=7 ms=0.0460147857666
METHOD_TIME graph=method_tail method=b16_accurate kind=e2e repeat=0 order=8 ms=0.06103515625
METHOD_TIME graph=method_tail method=b32_fast kind=e2e repeat=0 order=9 ms=0.0360012054443
METHOD_TIME graph=method_tail method=b32_accurate kind=e2e repeat=0 order=10 ms=0.0410079956055
METHOD_TIME graph=method_tail method=b64_fast kind=e2e repeat=0 order=11 ms=0.0288486480713
METHOD_TIME graph=method_tail method=b64_accurate kind=e2e repeat=0 order=12 ms=0.0319480895996
METHOD_TIME graph=method_tail method=bfull_fast kind=e2e repeat=0 order=13 ms=0.0250339508057
METHOD_TIME graph=method_tail method=bfull_accurate kind=e2e repeat=0 order=14 ms=0.0300407409668
METHOD_TIME graph=method_tail method=source_mkl_fp32 kind=e2e repeat=0 order=15 ms=0.0219345092773
METHOD_TIME graph=method_tail method=b2_fast kind=e2e repeat=1 order=0 ms=0.159025192261
METHOD_TIME graph=method_tail method=b2_accurate kind=e2e repeat=1 order=1 ms=0.318050384521
METHOD_TIME graph=method_tail method=b4_fast kind=e2e repeat=1 order=2 ms=0.108957290649
METHOD_TIME graph=method_tail method=b4_accurate kind=e2e repeat=1 order=3 ms=0.174999237061
METHOD_TIME graph=method_tail method=b8_fast kind=e2e repeat=1 order=4 ms=0.0700950622559
METHOD_TIME graph=method_tail method=b8_accurate kind=e2e repeat=1 order=5 ms=0.0920295715332
METHOD_TIME graph=method_tail method=b16_fast kind=e2e repeat=1 order=6 ms=0.0460147857666
METHOD_TIME graph=method_tail method=b16_accurate kind=e2e repeat=1 order=7 ms=0.0560283660889
METHOD_TIME graph=method_tail method=b32_fast kind=e2e repeat=1 order=8 ms=0.0340938568115
METHOD_TIME graph=method_tail method=b32_accurate kind=e2e repeat=1 order=9 ms=0.0441074371338
METHOD_TIME graph=method_tail method=b64_fast kind=e2e repeat=1 order=10 ms=0.0278949737549
METHOD_TIME graph=method_tail method=b64_accurate kind=e2e repeat=1 order=11 ms=0.0319480895996
METHOD_TIME graph=method_tail method=bfull_fast kind=e2e repeat=1 order=12 ms=0.028133392334
METHOD_TIME graph=method_tail method=bfull_accurate kind=e2e repeat=1 order=13 ms=0.0259876251221
METHOD_TIME graph=method_tail method=source_mkl_fp32 kind=e2e repeat=1 order=14 ms=0.0221729278564
METHOD_TIME graph=method_tail method=paper_tfs kind=e2e repeat=1 order=15 ms=0.117063522339
METHOD_TIME graph=method_tail method=b2_accurate kind=e2e repeat=2 order=0 ms=0.293016433716
METHOD_TIME graph=method_tail method=b4_fast kind=e2e repeat=2 order=1 ms=0.108003616333
METHOD_TIME graph=method_tail method=b4_accurate kind=e2e repeat=2 order=2 ms=0.156164169312
METHOD_TIME graph=method_tail method=b8_fast kind=e2e repeat=2 order=3 ms=0.0700950622559
METHOD_TIME graph=method_tail method=b8_accurate kind=e2e repeat=2 order=4 ms=0.0920295715332
METHOD_TIME graph=method_tail method=b16_fast kind=e2e repeat=2 order=5 ms=0.0450611114502
METHOD_TIME graph=method_tail method=b16_accurate kind=e2e repeat=2 order=6 ms=0.0569820404053
METHOD_TIME graph=method_tail method=b32_fast kind=e2e repeat=2 order=7 ms=0.0331401824951
METHOD_TIME graph=method_tail method=b32_accurate kind=e2e repeat=2 order=8 ms=0.0400543212891
METHOD_TIME graph=method_tail method=b64_fast kind=e2e repeat=2 order=9 ms=0.0309944152832
METHOD_TIME graph=method_tail method=b64_accurate kind=e2e repeat=2 order=10 ms=0.0319480895996
METHOD_TIME graph=method_tail method=bfull_fast kind=e2e repeat=2 order=11 ms=0.0269412994385
METHOD_TIME graph=method_tail method=bfull_accurate kind=e2e repeat=2 order=12 ms=0.0309944152832
METHOD_TIME graph=method_tail method=source_mkl_fp32 kind=e2e repeat=2 order=13 ms=0.0231266021729
METHOD_TIME graph=method_tail method=paper_tfs kind=e2e repeat=2 order=14 ms=0.118017196655
METHOD_TIME graph=method_tail method=b2_fast kind=e2e repeat=2 order=15 ms=0.181913375854
METHOD_TIME graph=method_tail method=b4_fast kind=e2e repeat=3 order=0 ms=0.118017196655
METHOD_TIME graph=method_tail method=b4_accurate kind=e2e repeat=3 order=1 ms=0.164031982422
METHOD_TIME graph=method_tail method=b8_fast kind=e2e repeat=3 order=2 ms=0.0700950622559
METHOD_TIME graph=method_tail method=b8_accurate kind=e2e repeat=3 order=3 ms=0.0960826873779
METHOD_TIME graph=method_tail method=b16_fast kind=e2e repeat=3 order=4 ms=0.0500679016113
METHOD_TIME graph=method_tail method=b16_accurate kind=e2e repeat=3 order=5 ms=0.0600814819336
METHOD_TIME graph=method_tail method=b32_fast kind=e2e repeat=3 order=6 ms=0.0369548797607
METHOD_TIME graph=method_tail method=b32_accurate kind=e2e repeat=3 order=7 ms=0.0448226928711
METHOD_TIME graph=method_tail method=b64_fast kind=e2e repeat=3 order=8 ms=0.0321865081787
METHOD_TIME graph=method_tail method=b64_accurate kind=e2e repeat=3 order=9 ms=0.0319480895996
METHOD_TIME graph=method_tail method=bfull_fast kind=e2e repeat=3 order=10 ms=0.0290870666504
METHOD_TIME graph=method_tail method=bfull_accurate kind=e2e repeat=3 order=11 ms=0.0321865081787
METHOD_TIME graph=method_tail method=source_mkl_fp32 kind=e2e repeat=3 order=12 ms=0.0269412994385
METHOD_TIME graph=method_tail method=paper_tfs kind=e2e repeat=3 order=13 ms=0.113964080811
METHOD_TIME graph=method_tail method=b2_fast kind=e2e repeat=3 order=14 ms=0.159978866577
METHOD_TIME graph=method_tail method=b2_accurate kind=e2e repeat=3 order=15 ms=0.28395652771
METHOD_TIME graph=method_tail method=b4_accurate kind=e2e repeat=4 order=0 ms=0.157833099365
METHOD_TIME graph=method_tail method=b8_fast kind=e2e repeat=4 order=1 ms=0.0739097595215
METHOD_TIME graph=method_tail method=b8_accurate kind=e2e repeat=4 order=2 ms=0.0960826873779
METHOD_TIME graph=method_tail method=b16_fast kind=e2e repeat=4 order=3 ms=0.0481605529785
METHOD_TIME graph=method_tail method=b16_accurate kind=e2e repeat=4 order=4 ms=0.0619888305664
METHOD_TIME graph=method_tail method=b32_fast kind=e2e repeat=4 order=5 ms=0.0381469726562
METHOD_TIME graph=method_tail method=b32_accurate kind=e2e repeat=4 order=6 ms=0.0410079956055
METHOD_TIME graph=method_tail method=b64_fast kind=e2e repeat=4 order=7 ms=0.0340938568115
METHOD_TIME graph=method_tail method=b64_accurate kind=e2e repeat=4 order=8 ms=0.0340938568115
METHOD_TIME graph=method_tail method=bfull_fast kind=e2e repeat=4 order=9 ms=0.0250339508057
METHOD_TIME graph=method_tail method=bfull_accurate kind=e2e repeat=4 order=10 ms=0.0309944152832
METHOD_TIME graph=method_tail method=source_mkl_fp32 kind=e2e repeat=4 order=11 ms=0.0240802764893
METHOD_TIME graph=method_tail method=paper_tfs kind=e2e repeat=4 order=12 ms=0.11420249939
METHOD_TIME graph=method_tail method=b2_fast kind=e2e repeat=4 order=13 ms=0.158071517944
METHOD_TIME graph=method_tail method=b2_accurate kind=e2e repeat=4 order=14 ms=0.283002853394
METHOD_TIME graph=method_tail method=b4_fast kind=e2e repeat=4 order=15 ms=0.103950500488
METHOD_STAGE graph=method_tail method=paper_tfs repeat=0 layer1_ms=0.0579357147217 relu_ms=0.000953674316406 interlayer_conversion_ms=0.000953674316406 layer2_ms=0.0600814819336 total_ms=0.119924545288
METHOD_STAGE graph=method_tail method=paper_tfs repeat=1 layer1_ms=0.0791549682617 relu_ms=0.00190734863281 interlayer_conversion_ms=0.00190734863281 layer2_ms=0.0581741333008 total_ms=0.141143798828
METHOD_STAGE graph=method_tail method=paper_tfs repeat=2 layer1_ms=0.0569820404053 relu_ms=0.00214576721191 interlayer_conversion_ms=0.000953674316406 layer2_ms=0.0560283660889 total_ms=0.116109848022
METHOD_STAGE graph=method_tail method=b2_fast repeat=0 layer1_ms=0.0829696655273 relu_ms=0.00214576721191 interlayer_conversion_ms=0.000953674316406 layer2_ms=0.0770092010498 total_ms=0.163078308105
METHOD_STAGE graph=method_tail method=b2_fast repeat=1 layer1_ms=0.0810623168945 relu_ms=0.000953674316406 interlayer_conversion_ms=0.000953674316406 layer2_ms=0.0779628753662 total_ms=0.160932540894
METHOD_STAGE graph=method_tail method=b2_fast repeat=2 layer1_ms=0.0801086425781 relu_ms=0.00190734863281 interlayer_conversion_ms=0.000953674316406 layer2_ms=0.0782012939453 total_ms=0.161170959473
METHOD_PROFILE graph=method_tail method=b2_fast layer=1 phase=output_zero sampled_thread_ms=0.00500679016113 sampled_tiles=2 wall_ms=0.402927398682
METHOD_PROFILE graph=method_tail method=b2_fast layer=1 phase=row_schedule sampled_thread_ms=0 sampled_tiles=2 wall_ms=0.402927398682
METHOD_PROFILE graph=method_tail method=b2_fast layer=1 phase=partial_zero sampled_thread_ms=0.0150203704834 sampled_tiles=2 wall_ms=0.402927398682
METHOD_PROFILE graph=method_tail method=b2_fast layer=1 phase=csr_prefetch sampled_thread_ms=0.0193119049072 sampled_tiles=2 wall_ms=0.402927398682
METHOD_PROFILE graph=method_tail method=b2_fast layer=1 phase=feature_gather_decode sampled_thread_ms=0.0221729278564 sampled_tiles=2 wall_ms=0.402927398682
METHOD_PROFILE graph=method_tail method=b2_fast layer=1 phase=fp32_neighbor_reduction sampled_thread_ms=0.0340938568115 sampled_tiles=2 wall_ms=0.402927398682
METHOD_PROFILE graph=method_tail method=b2_fast layer=1 phase=partial_bf16_conversion sampled_thread_ms=0.00882148742676 sampled_tiles=2 wall_ms=0.402927398682
METHOD_PROFILE graph=method_tail method=b2_fast layer=1 phase=tile_load sampled_thread_ms=0.0612735748291 sampled_tiles=2 wall_ms=0.402927398682
METHOD_PROFILE graph=method_tail method=b2_fast layer=1 phase=tile_compute sampled_thread_ms=0.0407695770264 sampled_tiles=2 wall_ms=0.402927398682
METHOD_PROFILE graph=method_tail method=b2_fast layer=1 phase=tile_store sampled_thread_ms=0.0138282775879 sampled_tiles=2 wall_ms=0.402927398682
METHOD_PROFILE graph=method_tail method=b2_fast layer=1 phase=output_scatter sampled_thread_ms=0 sampled_tiles=2 wall_ms=0.402927398682
METHOD_PROFILE graph=method_tail method=b2_fast layer=1 phase=thread_amx_setup sampled_thread_ms=0.00214576721191 sampled_tiles=2 wall_ms=0.402927398682
METHOD_PROFILE graph=method_tail method=b2_fast layer=2 phase=output_zero sampled_thread_ms=0 sampled_tiles=2 wall_ms=0.3981590271
METHOD_PROFILE graph=method_tail method=b2_fast layer=2 phase=row_schedule sampled_thread_ms=0 sampled_tiles=2 wall_ms=0.3981590271
METHOD_PROFILE graph=method_tail method=b2_fast layer=2 phase=partial_zero sampled_thread_ms=0.00953674316406 sampled_tiles=2 wall_ms=0.3981590271
METHOD_PROFILE graph=method_tail method=b2_fast layer=2 phase=csr_prefetch sampled_thread_ms=0.0157356262207 sampled_tiles=2 wall_ms=0.3981590271
METHOD_PROFILE graph=method_tail method=b2_fast layer=2 phase=feature_gather_decode sampled_thread_ms=0.0271797180176 sampled_tiles=2 wall_ms=0.3981590271
METHOD_PROFILE graph=method_tail method=b2_fast layer=2 phase=fp32_neighbor_reduction sampled_thread_ms=0.0286102294922 sampled_tiles=2 wall_ms=0.3981590271
METHOD_PROFILE graph=method_tail method=b2_fast layer=2 phase=partial_bf16_conversion sampled_thread_ms=0.0114440917969 sampled_tiles=2 wall_ms=0.3981590271
METHOD_PROFILE graph=method_tail method=b2_fast layer=2 phase=tile_load sampled_thread_ms=0.0536441802979 sampled_tiles=2 wall_ms=0.3981590271
METHOD_PROFILE graph=method_tail method=b2_fast layer=2 phase=tile_compute sampled_thread_ms=0.0565052032471 sampled_tiles=2 wall_ms=0.3981590271
METHOD_PROFILE graph=method_tail method=b2_fast layer=2 phase=tile_store sampled_thread_ms=0.00882148742676 sampled_tiles=2 wall_ms=0.3981590271
METHOD_PROFILE graph=method_tail method=b2_fast layer=2 phase=output_scatter sampled_thread_ms=0 sampled_tiles=2 wall_ms=0.3981590271
METHOD_PROFILE graph=method_tail method=b2_fast layer=2 phase=thread_amx_setup sampled_thread_ms=0.000953674316406 sampled_tiles=2 wall_ms=0.3981590271
METHOD_STAGE graph=method_tail method=b2_accurate repeat=0 layer1_ms=0.171899795532 relu_ms=0.00214576721191 interlayer_conversion_ms=0.000953674316406 layer2_ms=0.144004821777 total_ms=0.319004058838
METHOD_STAGE graph=method_tail method=b2_accurate repeat=1 layer1_ms=0.148057937622 relu_ms=0.000953674316406 interlayer_conversion_ms=0.000953674316406 layer2_ms=0.141143798828 total_ms=0.291109085083
METHOD_STAGE graph=method_tail method=b2_accurate repeat=2 layer1_ms=0.142097473145 relu_ms=0.00190734863281 interlayer_conversion_ms=0.000953674316406 layer2_ms=0.144004821777 total_ms=0.288963317871
METHOD_PROFILE graph=method_tail method=b2_accurate layer=1 phase=output_zero sampled_thread_ms=0 sampled_tiles=2 wall_ms=0.555992126465
METHOD_PROFILE graph=method_tail method=b2_accurate layer=1 phase=row_schedule sampled_thread_ms=0 sampled_tiles=2 wall_ms=0.555992126465
METHOD_PROFILE graph=method_tail method=b2_accurate layer=1 phase=partial_zero sampled_thread_ms=0.0159740447998 sampled_tiles=2 wall_ms=0.555992126465
METHOD_PROFILE graph=method_tail method=b2_accurate layer=1 phase=csr_prefetch sampled_thread_ms=0.018835067749 sampled_tiles=2 wall_ms=0.555992126465
METHOD_PROFILE graph=method_tail method=b2_accurate layer=1 phase=feature_gather_decode sampled_thread_ms=0.0247955322266 sampled_tiles=2 wall_ms=0.555992126465
METHOD_PROFILE graph=method_tail method=b2_accurate layer=1 phase=fp32_neighbor_reduction sampled_thread_ms=0.0295639038086 sampled_tiles=2 wall_ms=0.555992126465
METHOD_PROFILE graph=method_tail method=b2_accurate layer=1 phase=partial_bf16_conversion sampled_thread_ms=0.0178813934326 sampled_tiles=2 wall_ms=0.555992126465
METHOD_PROFILE graph=method_tail method=b2_accurate layer=1 phase=tile_load sampled_thread_ms=0.0829696655273 sampled_tiles=2 wall_ms=0.555992126465
METHOD_PROFILE graph=method_tail method=b2_accurate layer=1 phase=tile_compute sampled_thread_ms=0.0965595245361 sampled_tiles=2 wall_ms=0.555992126465
METHOD_PROFILE graph=method_tail method=b2_accurate layer=1 phase=tile_store sampled_thread_ms=0.00548362731934 sampled_tiles=2 wall_ms=0.555992126465
METHOD_PROFILE graph=method_tail method=b2_accurate layer=1 phase=output_scatter sampled_thread_ms=0.000953674316406 sampled_tiles=2 wall_ms=0.555992126465
METHOD_PROFILE graph=method_tail method=b2_accurate layer=1 phase=thread_amx_setup sampled_thread_ms=0 sampled_tiles=2 wall_ms=0.555992126465
METHOD_PROFILE graph=method_tail method=b2_accurate layer=2 phase=output_zero sampled_thread_ms=0 sampled_tiles=2 wall_ms=0.560998916626
METHOD_PROFILE graph=method_tail method=b2_accurate layer=2 phase=row_schedule sampled_thread_ms=0 sampled_tiles=2 wall_ms=0.560998916626
METHOD_PROFILE graph=method_tail method=b2_accurate layer=2 phase=partial_zero sampled_thread_ms=0.0102519989014 sampled_tiles=2 wall_ms=0.560998916626
METHOD_PROFILE graph=method_tail method=b2_accurate layer=2 phase=csr_prefetch sampled_thread_ms=0.0109672546387 sampled_tiles=2 wall_ms=0.560998916626
METHOD_PROFILE graph=method_tail method=b2_accurate layer=2 phase=feature_gather_decode sampled_thread_ms=0.00977516174316 sampled_tiles=2 wall_ms=0.560998916626
METHOD_PROFILE graph=method_tail method=b2_accurate layer=2 phase=fp32_neighbor_reduction sampled_thread_ms=0.0298023223877 sampled_tiles=2 wall_ms=0.560998916626
METHOD_PROFILE graph=method_tail method=b2_accurate layer=2 phase=partial_bf16_conversion sampled_thread_ms=0.0185966491699 sampled_tiles=2 wall_ms=0.560998916626
METHOD_PROFILE graph=method_tail method=b2_accurate layer=2 phase=tile_load sampled_thread_ms=0.0967979431152 sampled_tiles=2 wall_ms=0.560998916626
METHOD_PROFILE graph=method_tail method=b2_accurate layer=2 phase=tile_compute sampled_thread_ms=0.091552734375 sampled_tiles=2 wall_ms=0.560998916626
METHOD_PROFILE graph=method_tail method=b2_accurate layer=2 phase=tile_store sampled_thread_ms=0.00476837158203 sampled_tiles=2 wall_ms=0.560998916626
METHOD_PROFILE graph=method_tail method=b2_accurate layer=2 phase=output_scatter sampled_thread_ms=0 sampled_tiles=2 wall_ms=0.560998916626
METHOD_PROFILE graph=method_tail method=b2_accurate layer=2 phase=thread_amx_setup sampled_thread_ms=0.00381469726562 sampled_tiles=2 wall_ms=0.560998916626
METHOD_STAGE graph=method_tail method=b4_fast repeat=0 layer1_ms=0.0579357147217 relu_ms=0.000953674316406 interlayer_conversion_ms=0.00119209289551 layer2_ms=0.0579357147217 total_ms=0.118017196655
METHOD_STAGE graph=method_tail method=b4_fast repeat=1 layer1_ms=0.0550746917725 relu_ms=0.00190734863281 interlayer_conversion_ms=0.000953674316406 layer2_ms=0.0519752502441 total_ms=0.109910964966
METHOD_STAGE graph=method_tail method=b4_fast repeat=2 layer1_ms=0.0529289245605 relu_ms=0.000953674316406 interlayer_conversion_ms=0.000953674316406 layer2_ms=0.0700950622559 total_ms=0.124931335449
METHOD_PROFILE graph=method_tail method=b4_fast layer=1 phase=output_zero sampled_thread_ms=0 sampled_tiles=2 wall_ms=0.262022018433
METHOD_PROFILE graph=method_tail method=b4_fast layer=1 phase=row_schedule sampled_thread_ms=0 sampled_tiles=2 wall_ms=0.262022018433
METHOD_PROFILE graph=method_tail method=b4_fast layer=1 phase=partial_zero sampled_thread_ms=0.00405311584473 sampled_tiles=2 wall_ms=0.262022018433
METHOD_PROFILE graph=method_tail method=b4_fast layer=1 phase=csr_prefetch sampled_thread_ms=0.014066696167 sampled_tiles=2 wall_ms=0.262022018433
METHOD_PROFILE graph=method_tail method=b4_fast layer=1 phase=feature_gather_decode sampled_thread_ms=0.0236034393311 sampled_tiles=2 wall_ms=0.262022018433
METHOD_PROFILE graph=method_tail method=b4_fast layer=1 phase=fp32_neighbor_reduction sampled_thread_ms=0.0238418579102 sampled_tiles=2 wall_ms=0.262022018433
METHOD_PROFILE graph=method_tail method=b4_fast layer=1 phase=partial_bf16_conversion sampled_thread_ms=0.00381469726562 sampled_tiles=2 wall_ms=0.262022018433
METHOD_PROFILE graph=method_tail method=b4_fast layer=1 phase=tile_load sampled_thread_ms=0.0333786010742 sampled_tiles=2 wall_ms=0.262022018433
METHOD_PROFILE graph=method_tail method=b4_fast layer=1 phase=tile_compute sampled_thread_ms=0.0298023223877 sampled_tiles=2 wall_ms=0.262022018433
METHOD_PROFILE graph=method_tail method=b4_fast layer=1 phase=tile_store sampled_thread_ms=0.00286102294922 sampled_tiles=2 wall_ms=0.262022018433
METHOD_PROFILE graph=method_tail method=b4_fast layer=1 phase=output_scatter sampled_thread_ms=0.000953674316406 sampled_tiles=2 wall_ms=0.262022018433
METHOD_PROFILE graph=method_tail method=b4_fast layer=1 phase=thread_amx_setup sampled_thread_ms=0.00238418579102 sampled_tiles=2 wall_ms=0.262022018433
METHOD_PROFILE graph=method_tail method=b4_fast layer=2 phase=output_zero sampled_thread_ms=0 sampled_tiles=2 wall_ms=0.245809555054
METHOD_PROFILE graph=method_tail method=b4_fast layer=2 phase=row_schedule sampled_thread_ms=0 sampled_tiles=2 wall_ms=0.245809555054
METHOD_PROFILE graph=method_tail method=b4_fast layer=2 phase=partial_zero sampled_thread_ms=0.00929832458496 sampled_tiles=2 wall_ms=0.245809555054
METHOD_PROFILE graph=method_tail method=b4_fast layer=2 phase=csr_prefetch sampled_thread_ms=0.0166893005371 sampled_tiles=2 wall_ms=0.245809555054
METHOD_PROFILE graph=method_tail method=b4_fast layer=2 phase=feature_gather_decode sampled_thread_ms=0.0154972076416 sampled_tiles=2 wall_ms=0.245809555054
METHOD_PROFILE graph=method_tail method=b4_fast layer=2 phase=fp32_neighbor_reduction sampled_thread_ms=0.0240802764893 sampled_tiles=2 wall_ms=0.245809555054
METHOD_PROFILE graph=method_tail method=b4_fast layer=2 phase=partial_bf16_conversion sampled_thread_ms=0.0109672546387 sampled_tiles=2 wall_ms=0.245809555054
METHOD_PROFILE graph=method_tail method=b4_fast layer=2 phase=tile_load sampled_thread_ms=0.0152587890625 sampled_tiles=2 wall_ms=0.245809555054
METHOD_PROFILE graph=method_tail method=b4_fast layer=2 phase=tile_compute sampled_thread_ms=0.0319480895996 sampled_tiles=2 wall_ms=0.245809555054
METHOD_PROFILE graph=method_tail method=b4_fast layer=2 phase=tile_store sampled_thread_ms=0.00286102294922 sampled_tiles=2 wall_ms=0.245809555054
METHOD_PROFILE graph=method_tail method=b4_fast layer=2 phase=output_scatter sampled_thread_ms=0 sampled_tiles=2 wall_ms=0.245809555054
METHOD_PROFILE graph=method_tail method=b4_fast layer=2 phase=thread_amx_setup sampled_thread_ms=0.00286102294922 sampled_tiles=2 wall_ms=0.245809555054
METHOD_STAGE graph=method_tail method=b4_accurate repeat=0 layer1_ms=0.0829696655273 relu_ms=0.00190734863281 interlayer_conversion_ms=0.000953674316406 layer2_ms=0.0851154327393 total_ms=0.170946121216
METHOD_STAGE graph=method_tail method=b4_accurate repeat=1 layer1_ms=0.0839233398438 relu_ms=0.00214576721191 interlayer_conversion_ms=0.000953674316406 layer2_ms=0.100135803223 total_ms=0.187158584595
METHOD_STAGE graph=method_tail method=b4_accurate repeat=2 layer1_ms=0.0898838043213 relu_ms=0.00119209289551 interlayer_conversion_ms=0.000953674316406 layer2_ms=0.0998973846436 total_ms=0.191926956177
METHOD_PROFILE graph=method_tail method=b4_accurate layer=1 phase=output_zero sampled_thread_ms=0 sampled_tiles=2 wall_ms=0.411033630371
METHOD_PROFILE graph=method_tail method=b4_accurate layer=1 phase=row_schedule sampled_thread_ms=0 sampled_tiles=2 wall_ms=0.411033630371
METHOD_PROFILE graph=method_tail method=b4_accurate layer=1 phase=partial_zero sampled_thread_ms=0.00882148742676 sampled_tiles=2 wall_ms=0.411033630371
METHOD_PROFILE graph=method_tail method=b4_accurate layer=1 phase=csr_prefetch sampled_thread_ms=0.0171661376953 sampled_tiles=2 wall_ms=0.411033630371
METHOD_PROFILE graph=method_tail method=b4_accurate layer=1 phase=feature_gather_decode sampled_thread_ms=0.0202655792236 sampled_tiles=2 wall_ms=0.411033630371
METHOD_PROFILE graph=method_tail method=b4_accurate layer=1 phase=fp32_neighbor_reduction sampled_thread_ms=0.0143051147461 sampled_tiles=2 wall_ms=0.411033630371
METHOD_PROFILE graph=method_tail method=b4_accurate layer=1 phase=partial_bf16_conversion sampled_thread_ms=0.00905990600586 sampled_tiles=2 wall_ms=0.411033630371
METHOD_PROFILE graph=method_tail method=b4_accurate layer=1 phase=tile_load sampled_thread_ms=0.0555515289307 sampled_tiles=2 wall_ms=0.411033630371
METHOD_PROFILE graph=method_tail method=b4_accurate layer=1 phase=tile_compute sampled_thread_ms=0.110387802124 sampled_tiles=2 wall_ms=0.411033630371
METHOD_PROFILE graph=method_tail method=b4_accurate layer=1 phase=tile_store sampled_thread_ms=0.00596046447754 sampled_tiles=2 wall_ms=0.411033630371
METHOD_PROFILE graph=method_tail method=b4_accurate layer=1 phase=output_scatter sampled_thread_ms=0 sampled_tiles=2 wall_ms=0.411033630371
METHOD_PROFILE graph=method_tail method=b4_accurate layer=1 phase=thread_amx_setup sampled_thread_ms=0 sampled_tiles=2 wall_ms=0.411033630371
METHOD_PROFILE graph=method_tail method=b4_accurate layer=2 phase=output_zero sampled_thread_ms=0 sampled_tiles=2 wall_ms=0.409126281738
METHOD_PROFILE graph=method_tail method=b4_accurate layer=2 phase=row_schedule sampled_thread_ms=0 sampled_tiles=2 wall_ms=0.409126281738
METHOD_PROFILE graph=method_tail method=b4_accurate layer=2 phase=partial_zero sampled_thread_ms=0.00715255737305 sampled_tiles=2 wall_ms=0.409126281738
METHOD_PROFILE graph=method_tail method=b4_accurate layer=2 phase=csr_prefetch sampled_thread_ms=0.0176429748535 sampled_tiles=2 wall_ms=0.409126281738
METHOD_PROFILE graph=method_tail method=b4_accurate layer=2 phase=feature_gather_decode sampled_thread_ms=0.0214576721191 sampled_tiles=2 wall_ms=0.409126281738
METHOD_PROFILE graph=method_tail method=b4_accurate layer=2 phase=fp32_neighbor_reduction sampled_thread_ms=0.023365020752 sampled_tiles=2 wall_ms=0.409126281738
METHOD_PROFILE graph=method_tail method=b4_accurate layer=2 phase=partial_bf16_conversion sampled_thread_ms=0.00381469726562 sampled_tiles=2 wall_ms=0.409126281738
METHOD_PROFILE graph=method_tail method=b4_accurate layer=2 phase=tile_load sampled_thread_ms=0.0500679016113 sampled_tiles=2 wall_ms=0.409126281738
METHOD_PROFILE graph=method_tail method=b4_accurate layer=2 phase=tile_compute sampled_thread_ms=0.11682510376 sampled_tiles=2 wall_ms=0.409126281738
METHOD_PROFILE graph=method_tail method=b4_accurate layer=2 phase=tile_store sampled_thread_ms=0.00643730163574 sampled_tiles=2 wall_ms=0.409126281738
METHOD_PROFILE graph=method_tail method=b4_accurate layer=2 phase=output_scatter sampled_thread_ms=0 sampled_tiles=2 wall_ms=0.409126281738
METHOD_PROFILE graph=method_tail method=b4_accurate layer=2 phase=thread_amx_setup sampled_thread_ms=0.00214576721191 sampled_tiles=2 wall_ms=0.409126281738
METHOD_STAGE graph=method_tail method=b8_fast repeat=0 layer1_ms=0.0400543212891 relu_ms=0.00190734863281 interlayer_conversion_ms=0.00119209289551 layer2_ms=0.0348091125488 total_ms=0.0779628753662
METHOD_STAGE graph=method_tail method=b8_fast repeat=1 layer1_ms=0.032901763916 relu_ms=0.000953674316406 interlayer_conversion_ms=0.00119209289551 layer2_ms=0.0360012054443 total_ms=0.0710487365723
METHOD_STAGE graph=method_tail method=b8_fast repeat=2 layer1_ms=0.0369548797607 relu_ms=0.000953674316406 interlayer_conversion_ms=0.000953674316406 layer2_ms=0.0350475311279 total_ms=0.0739097595215
METHOD_PROFILE graph=method_tail method=b8_fast layer=1 phase=output_zero sampled_thread_ms=0 sampled_tiles=2 wall_ms=0.217199325562
METHOD_PROFILE graph=method_tail method=b8_fast layer=1 phase=row_schedule sampled_thread_ms=0 sampled_tiles=2 wall_ms=0.217199325562
METHOD_PROFILE graph=method_tail method=b8_fast layer=1 phase=partial_zero sampled_thread_ms=0.00309944152832 sampled_tiles=2 wall_ms=0.217199325562
METHOD_PROFILE graph=method_tail method=b8_fast layer=1 phase=csr_prefetch sampled_thread_ms=0.0152587890625 sampled_tiles=2 wall_ms=0.217199325562
METHOD_PROFILE graph=method_tail method=b8_fast layer=1 phase=feature_gather_decode sampled_thread_ms=0.0185966491699 sampled_tiles=2 wall_ms=0.217199325562
METHOD_PROFILE graph=method_tail method=b8_fast layer=1 phase=fp32_neighbor_reduction sampled_thread_ms=0.0214576721191 sampled_tiles=2 wall_ms=0.217199325562
METHOD_PROFILE graph=method_tail method=b8_fast layer=1 phase=partial_bf16_conversion sampled_thread_ms=0.00452995300293 sampled_tiles=2 wall_ms=0.217199325562
METHOD_PROFILE graph=method_tail method=b8_fast layer=1 phase=tile_load sampled_thread_ms=0.0128746032715 sampled_tiles=2 wall_ms=0.217199325562
METHOD_PROFILE graph=method_tail method=b8_fast layer=1 phase=tile_compute sampled_thread_ms=0.037670135498 sampled_tiles=2 wall_ms=0.217199325562
METHOD_PROFILE graph=method_tail method=b8_fast layer=1 phase=tile_store sampled_thread_ms=0.00214576721191 sampled_tiles=2 wall_ms=0.217199325562
METHOD_PROFILE graph=method_tail method=b8_fast layer=1 phase=output_scatter sampled_thread_ms=0.00119209289551 sampled_tiles=2 wall_ms=0.217199325562
METHOD_PROFILE graph=method_tail method=b8_fast layer=1 phase=thread_amx_setup sampled_thread_ms=0 sampled_tiles=2 wall_ms=0.217199325562
METHOD_PROFILE graph=method_tail method=b8_fast layer=2 phase=output_zero sampled_thread_ms=0 sampled_tiles=2 wall_ms=0.185012817383
METHOD_PROFILE graph=method_tail method=b8_fast layer=2 phase=row_schedule sampled_thread_ms=0 sampled_tiles=2 wall_ms=0.185012817383
METHOD_PROFILE graph=method_tail method=b8_fast layer=2 phase=partial_zero sampled_thread_ms=0.00381469726562 sampled_tiles=2 wall_ms=0.185012817383
METHOD_PROFILE graph=method_tail method=b8_fast layer=2 phase=csr_prefetch sampled_thread_ms=0.0176429748535 sampled_tiles=2 wall_ms=0.185012817383
METHOD_PROFILE graph=method_tail method=b8_fast layer=2 phase=feature_gather_decode sampled_thread_ms=0.016450881958 sampled_tiles=2 wall_ms=0.185012817383
METHOD_PROFILE graph=method_tail method=b8_fast layer=2 phase=fp32_neighbor_reduction sampled_thread_ms=0.018835067749 sampled_tiles=2 wall_ms=0.185012817383
METHOD_PROFILE graph=method_tail method=b8_fast layer=2 phase=partial_bf16_conversion sampled_thread_ms=0.00309944152832 sampled_tiles=2 wall_ms=0.185012817383
METHOD_PROFILE graph=method_tail method=b8_fast layer=2 phase=tile_load sampled_thread_ms=0.0250339508057 sampled_tiles=2 wall_ms=0.185012817383
METHOD_PROFILE graph=method_tail method=b8_fast layer=2 phase=tile_compute sampled_thread_ms=0.0121593475342 sampled_tiles=2 wall_ms=0.185012817383
METHOD_PROFILE graph=method_tail method=b8_fast layer=2 phase=tile_store sampled_thread_ms=0.00214576721191 sampled_tiles=2 wall_ms=0.185012817383
METHOD_PROFILE graph=method_tail method=b8_fast layer=2 phase=output_scatter sampled_thread_ms=0 sampled_tiles=2 wall_ms=0.185012817383
METHOD_PROFILE graph=method_tail method=b8_fast layer=2 phase=thread_amx_setup sampled_thread_ms=0.00381469726562 sampled_tiles=2 wall_ms=0.185012817383
METHOD_STAGE graph=method_tail method=b8_accurate repeat=0 layer1_ms=0.0450611114502 relu_ms=0.000953674316406 interlayer_conversion_ms=0.00119209289551 layer2_ms=0.0438690185547 total_ms=0.0910758972168
METHOD_STAGE graph=method_tail method=b8_accurate repeat=1 layer1_ms=0.0450611114502 relu_ms=0.000953674316406 interlayer_conversion_ms=0.000953674316406 layer2_ms=0.0481605529785 total_ms=0.0951290130615
METHOD_STAGE graph=method_tail method=b8_accurate repeat=2 layer1_ms=0.0500679016113 relu_ms=0.000953674316406 interlayer_conversion_ms=0.000953674316406 layer2_ms=0.0479221343994 total_ms=0.0998973846436
METHOD_PROFILE graph=method_tail method=b8_accurate layer=1 phase=output_zero sampled_thread_ms=0 sampled_tiles=2 wall_ms=0.237941741943
METHOD_PROFILE graph=method_tail method=b8_accurate layer=1 phase=row_schedule sampled_thread_ms=0.000953674316406 sampled_tiles=2 wall_ms=0.237941741943
METHOD_PROFILE graph=method_tail method=b8_accurate layer=1 phase=partial_zero sampled_thread_ms=0.00286102294922 sampled_tiles=2 wall_ms=0.237941741943
METHOD_PROFILE graph=method_tail method=b8_accurate layer=1 phase=csr_prefetch sampled_thread_ms=0.0236034393311 sampled_tiles=2 wall_ms=0.237941741943
METHOD_PROFILE graph=method_tail method=b8_accurate layer=1 phase=feature_gather_decode sampled_thread_ms=0.0121593475342 sampled_tiles=2 wall_ms=0.237941741943
METHOD_PROFILE graph=method_tail method=b8_accurate layer=1 phase=fp32_neighbor_reduction sampled_thread_ms=0.0147819519043 sampled_tiles=2 wall_ms=0.237941741943
METHOD_PROFILE graph=method_tail method=b8_accurate layer=1 phase=partial_bf16_conversion sampled_thread_ms=0.00667572021484 sampled_tiles=2 wall_ms=0.237941741943
METHOD_PROFILE graph=method_tail method=b8_accurate layer=1 phase=tile_load sampled_thread_ms=0.0302791595459 sampled_tiles=2 wall_ms=0.237941741943
METHOD_PROFILE graph=method_tail method=b8_accurate layer=1 phase=tile_compute sampled_thread_ms=0.0295639038086 sampled_tiles=2 wall_ms=0.237941741943
METHOD_PROFILE graph=method_tail method=b8_accurate layer=1 phase=tile_store sampled_thread_ms=0.00119209289551 sampled_tiles=2 wall_ms=0.237941741943
METHOD_PROFILE graph=method_tail method=b8_accurate layer=1 phase=output_scatter sampled_thread_ms=0 sampled_tiles=2 wall_ms=0.237941741943
METHOD_PROFILE graph=method_tail method=b8_accurate layer=1 phase=thread_amx_setup sampled_thread_ms=0.000953674316406 sampled_tiles=2 wall_ms=0.237941741943
METHOD_PROFILE graph=method_tail method=b8_accurate layer=2 phase=output_zero sampled_thread_ms=0 sampled_tiles=2 wall_ms=0.231027603149
METHOD_PROFILE graph=method_tail method=b8_accurate layer=2 phase=row_schedule sampled_thread_ms=0 sampled_tiles=2 wall_ms=0.231027603149
METHOD_PROFILE graph=method_tail method=b8_accurate layer=2 phase=partial_zero sampled_thread_ms=0.00452995300293 sampled_tiles=2 wall_ms=0.231027603149
METHOD_PROFILE graph=method_tail method=b8_accurate layer=2 phase=csr_prefetch sampled_thread_ms=0.0181198120117 sampled_tiles=2 wall_ms=0.231027603149
METHOD_PROFILE graph=method_tail method=b8_accurate layer=2 phase=feature_gather_decode sampled_thread_ms=0.0109672546387 sampled_tiles=2 wall_ms=0.231027603149
METHOD_PROFILE graph=method_tail method=b8_accurate layer=2 phase=fp32_neighbor_reduction sampled_thread_ms=0.0267028808594 sampled_tiles=2 wall_ms=0.231027603149
METHOD_PROFILE graph=method_tail method=b8_accurate layer=2 phase=partial_bf16_conversion sampled_thread_ms=0.00381469726562 sampled_tiles=2 wall_ms=0.231027603149
METHOD_PROFILE graph=method_tail method=b8_accurate layer=2 phase=tile_load sampled_thread_ms=0.0178813934326 sampled_tiles=2 wall_ms=0.231027603149
METHOD_PROFILE graph=method_tail method=b8_accurate layer=2 phase=tile_compute sampled_thread_ms=0.030517578125 sampled_tiles=2 wall_ms=0.231027603149
METHOD_PROFILE graph=method_tail method=b8_accurate layer=2 phase=tile_store sampled_thread_ms=0 sampled_tiles=2 wall_ms=0.231027603149
METHOD_PROFILE graph=method_tail method=b8_accurate layer=2 phase=output_scatter sampled_thread_ms=0 sampled_tiles=2 wall_ms=0.231027603149
METHOD_PROFILE graph=method_tail method=b8_accurate layer=2 phase=thread_amx_setup sampled_thread_ms=0.00214576721191 sampled_tiles=2 wall_ms=0.231027603149
METHOD_STAGE graph=method_tail method=b16_fast repeat=0 layer1_ms=0.0250339508057 relu_ms=0.000953674316406 interlayer_conversion_ms=0.00214576721191 layer2_ms=0.0228881835938 total_ms=0.0510215759277
METHOD_STAGE graph=method_tail method=b16_fast repeat=1 layer1_ms=0.0250339508057 relu_ms=0.000953674316406 interlayer_conversion_ms=0.00119209289551 layer2_ms=0.0209808349609 total_ms=0.0481605529785
METHOD_STAGE graph=method_tail method=b16_fast repeat=2 layer1_ms=0.0219345092773 relu_ms=0.00214576721191 interlayer_conversion_ms=0.000953674316406 layer2_ms=0.0250339508057 total_ms=0.0500679016113
METHOD_PROFILE graph=method_tail method=b16_fast layer=1 phase=output_zero sampled_thread_ms=0 sampled_tiles=2 wall_ms=0.151872634888
METHOD_PROFILE graph=method_tail method=b16_fast layer=1 phase=row_schedule sampled_thread_ms=0 sampled_tiles=2 wall_ms=0.151872634888
METHOD_PROFILE graph=method_tail method=b16_fast layer=1 phase=partial_zero sampled_thread_ms=0.00309944152832 sampled_tiles=2 wall_ms=0.151872634888
METHOD_PROFILE graph=method_tail method=b16_fast layer=1 phase=csr_prefetch sampled_thread_ms=0.0145435333252 sampled_tiles=2 wall_ms=0.151872634888
METHOD_PROFILE graph=method_tail method=b16_fast layer=1 phase=feature_gather_decode sampled_thread_ms=0.0200271606445 sampled_tiles=2 wall_ms=0.151872634888
METHOD_PROFILE graph=method_tail method=b16_fast layer=1 phase=fp32_neighbor_reduction sampled_thread_ms=0.0181198120117 sampled_tiles=2 wall_ms=0.151872634888
METHOD_PROFILE graph=method_tail method=b16_fast layer=1 phase=partial_bf16_conversion sampled_thread_ms=0.00286102294922 sampled_tiles=2 wall_ms=0.151872634888
METHOD_PROFILE graph=method_tail method=b16_fast layer=1 phase=tile_load sampled_thread_ms=0.0109672546387 sampled_tiles=2 wall_ms=0.151872634888
METHOD_PROFILE graph=method_tail method=b16_fast layer=1 phase=tile_compute sampled_thread_ms=0.0107288360596 sampled_tiles=2 wall_ms=0.151872634888
METHOD_PROFILE graph=method_tail method=b16_fast layer=1 phase=tile_store sampled_thread_ms=0 sampled_tiles=2 wall_ms=0.151872634888
METHOD_PROFILE graph=method_tail method=b16_fast layer=1 phase=output_scatter sampled_thread_ms=0 sampled_tiles=2 wall_ms=0.151872634888
METHOD_PROFILE graph=method_tail method=b16_fast layer=1 phase=thread_amx_setup sampled_thread_ms=0 sampled_tiles=2 wall_ms=0.151872634888
METHOD_PROFILE graph=method_tail method=b16_fast layer=2 phase=output_zero sampled_thread_ms=0 sampled_tiles=2 wall_ms=0.148057937622
METHOD_PROFILE graph=method_tail method=b16_fast layer=2 phase=row_schedule sampled_thread_ms=0 sampled_tiles=2 wall_ms=0.148057937622
METHOD_PROFILE graph=method_tail method=b16_fast layer=2 phase=partial_zero sampled_thread_ms=0.00190734863281 sampled_tiles=2 wall_ms=0.148057937622
METHOD_PROFILE graph=method_tail method=b16_fast layer=2 phase=csr_prefetch sampled_thread_ms=0.0159740447998 sampled_tiles=2 wall_ms=0.148057937622
METHOD_PROFILE graph=method_tail method=b16_fast layer=2 phase=feature_gather_decode sampled_thread_ms=0.0135898590088 sampled_tiles=2 wall_ms=0.148057937622
METHOD_PROFILE graph=method_tail method=b16_fast layer=2 phase=fp32_neighbor_reduction sampled_thread_ms=0.0216960906982 sampled_tiles=2 wall_ms=0.148057937622
METHOD_PROFILE graph=method_tail method=b16_fast layer=2 phase=partial_bf16_conversion sampled_thread_ms=0.00214576721191 sampled_tiles=2 wall_ms=0.148057937622
METHOD_PROFILE graph=method_tail method=b16_fast layer=2 phase=tile_load sampled_thread_ms=0.00905990600586 sampled_tiles=2 wall_ms=0.148057937622
METHOD_PROFILE graph=method_tail method=b16_fast layer=2 phase=tile_compute sampled_thread_ms=0.00715255737305 sampled_tiles=2 wall_ms=0.148057937622
METHOD_PROFILE graph=method_tail method=b16_fast layer=2 phase=tile_store sampled_thread_ms=0.000953674316406 sampled_tiles=2 wall_ms=0.148057937622
METHOD_PROFILE graph=method_tail method=b16_fast layer=2 phase=output_scatter sampled_thread_ms=0.000953674316406 sampled_tiles=2 wall_ms=0.148057937622
METHOD_PROFILE graph=method_tail method=b16_fast layer=2 phase=thread_amx_setup sampled_thread_ms=0 sampled_tiles=2 wall_ms=0.148057937622
METHOD_STAGE graph=method_tail method=b16_accurate repeat=0 layer1_ms=0.0331401824951 relu_ms=0.000953674316406 interlayer_conversion_ms=0.000953674316406 layer2_ms=0.0259876251221 total_ms=0.06103515625
METHOD_STAGE graph=method_tail method=b16_accurate repeat=1 layer1_ms=0.0309944152832 relu_ms=0.00214576721191 interlayer_conversion_ms=0.000953674316406 layer2_ms=0.0309944152832 total_ms=0.0650882720947
METHOD_STAGE graph=method_tail method=b16_accurate repeat=2 layer1_ms=0.0309944152832 relu_ms=0.00214576721191 interlayer_conversion_ms=0.000953674316406 layer2_ms=0.0259876251221 total_ms=0.0600814819336
METHOD_PROFILE graph=method_tail method=b16_accurate layer=1 phase=output_zero sampled_thread_ms=0 sampled_tiles=2 wall_ms=0.174045562744
METHOD_PROFILE graph=method_tail method=b16_accurate layer=1 phase=row_schedule sampled_thread_ms=0 sampled_tiles=2 wall_ms=0.174045562744
METHOD_PROFILE graph=method_tail method=b16_accurate layer=1 phase=partial_zero sampled_thread_ms=0.000953674316406 sampled_tiles=2 wall_ms=0.174045562744
METHOD_PROFILE graph=method_tail method=b16_accurate layer=1 phase=csr_prefetch sampled_thread_ms=0.0262260437012 sampled_tiles=2 wall_ms=0.174045562744
METHOD_PROFILE graph=method_tail method=b16_accurate layer=1 phase=feature_gather_decode sampled_thread_ms=0.0200271606445 sampled_tiles=2 wall_ms=0.174045562744
METHOD_PROFILE graph=method_tail method=b16_accurate layer=1 phase=fp32_neighbor_reduction sampled_thread_ms=0.0128746032715 sampled_tiles=2 wall_ms=0.174045562744
METHOD_PROFILE graph=method_tail method=b16_accurate layer=1 phase=partial_bf16_conversion sampled_thread_ms=0.00286102294922 sampled_tiles=2 wall_ms=0.174045562744
METHOD_PROFILE graph=method_tail method=b16_accurate layer=1 phase=tile_load sampled_thread_ms=0.0128746032715 sampled_tiles=2 wall_ms=0.174045562744
METHOD_PROFILE graph=method_tail method=b16_accurate layer=1 phase=tile_compute sampled_thread_ms=0.0181198120117 sampled_tiles=2 wall_ms=0.174045562744
METHOD_PROFILE graph=method_tail method=b16_accurate layer=1 phase=tile_store sampled_thread_ms=0.00286102294922 sampled_tiles=2 wall_ms=0.174045562744
METHOD_PROFILE graph=method_tail method=b16_accurate layer=1 phase=output_scatter sampled_thread_ms=0.000953674316406 sampled_tiles=2 wall_ms=0.174045562744
METHOD_PROFILE graph=method_tail method=b16_accurate layer=1 phase=thread_amx_setup sampled_thread_ms=0.00357627868652 sampled_tiles=2 wall_ms=0.174045562744
METHOD_PROFILE graph=method_tail method=b16_accurate layer=2 phase=output_zero sampled_thread_ms=0 sampled_tiles=2 wall_ms=0.174999237061
METHOD_PROFILE graph=method_tail method=b16_accurate layer=2 phase=row_schedule sampled_thread_ms=0.00119209289551 sampled_tiles=2 wall_ms=0.174999237061
METHOD_PROFILE graph=method_tail method=b16_accurate layer=2 phase=partial_zero sampled_thread_ms=0.00286102294922 sampled_tiles=2 wall_ms=0.174999237061
METHOD_PROFILE graph=method_tail method=b16_accurate layer=2 phase=csr_prefetch sampled_thread_ms=0.0154972076416 sampled_tiles=2 wall_ms=0.174999237061
METHOD_PROFILE graph=method_tail method=b16_accurate layer=2 phase=feature_gather_decode sampled_thread_ms=0.0236034393311 sampled_tiles=2 wall_ms=0.174999237061
METHOD_PROFILE graph=method_tail method=b16_accurate layer=2 phase=fp32_neighbor_reduction sampled_thread_ms=0.0159740447998 sampled_tiles=2 wall_ms=0.174999237061
METHOD_PROFILE graph=method_tail method=b16_accurate layer=2 phase=partial_bf16_conversion sampled_thread_ms=0.00190734863281 sampled_tiles=2 wall_ms=0.174999237061
METHOD_PROFILE graph=method_tail method=b16_accurate layer=2 phase=tile_load sampled_thread_ms=0.0197887420654 sampled_tiles=2 wall_ms=0.174999237061
METHOD_PROFILE graph=method_tail method=b16_accurate layer=2 phase=tile_compute sampled_thread_ms=0.00977516174316 sampled_tiles=2 wall_ms=0.174999237061
METHOD_PROFILE graph=method_tail method=b16_accurate layer=2 phase=tile_store sampled_thread_ms=0.000953674316406 sampled_tiles=2 wall_ms=0.174999237061
METHOD_PROFILE graph=method_tail method=b16_accurate layer=2 phase=output_scatter sampled_thread_ms=0 sampled_tiles=2 wall_ms=0.174999237061
METHOD_PROFILE graph=method_tail method=b16_accurate layer=2 phase=thread_amx_setup sampled_thread_ms=0 sampled_tiles=2 wall_ms=0.174999237061
METHOD_STAGE graph=method_tail method=b32_fast repeat=0 layer1_ms=0.0169277191162 relu_ms=0.00309944152832 interlayer_conversion_ms=0.000953674316406 layer2_ms=0.0190734863281 total_ms=0.0400543212891
METHOD_STAGE graph=method_tail method=b32_fast repeat=1 layer1_ms=0.0169277191162 relu_ms=0.00190734863281 interlayer_conversion_ms=0.00119209289551 layer2_ms=0.0159740447998 total_ms=0.0360012054443
METHOD_STAGE graph=method_tail method=b32_fast repeat=2 layer1_ms=0.0190734863281 relu_ms=0.000953674316406 interlayer_conversion_ms=0.000953674316406 layer2_ms=0.0150203704834 total_ms=0.0360012054443
METHOD_PROFILE graph=method_tail method=b32_fast layer=1 phase=output_zero sampled_thread_ms=0 sampled_tiles=2 wall_ms=0.142097473145
METHOD_PROFILE graph=method_tail method=b32_fast layer=1 phase=row_schedule sampled_thread_ms=0 sampled_tiles=2 wall_ms=0.142097473145
METHOD_PROFILE graph=method_tail method=b32_fast layer=1 phase=partial_zero sampled_thread_ms=0.000953674316406 sampled_tiles=2 wall_ms=0.142097473145
METHOD_PROFILE graph=method_tail method=b32_fast layer=1 phase=csr_prefetch sampled_thread_ms=0.0159740447998 sampled_tiles=2 wall_ms=0.142097473145
METHOD_PROFILE graph=method_tail method=b32_fast layer=1 phase=feature_gather_decode sampled_thread_ms=0.0236034393311 sampled_tiles=2 wall_ms=0.142097473145
METHOD_PROFILE graph=method_tail method=b32_fast layer=1 phase=fp32_neighbor_reduction sampled_thread_ms=0.0128746032715 sampled_tiles=2 wall_ms=0.142097473145
METHOD_PROFILE graph=method_tail method=b32_fast layer=1 phase=partial_bf16_conversion sampled_thread_ms=0.00119209289551 sampled_tiles=2 wall_ms=0.142097473145
METHOD_PROFILE graph=method_tail method=b32_fast layer=1 phase=tile_load sampled_thread_ms=0.00596046447754 sampled_tiles=2 wall_ms=0.142097473145
METHOD_PROFILE graph=method_tail method=b32_fast layer=1 phase=tile_compute sampled_thread_ms=0.0100135803223 sampled_tiles=2 wall_ms=0.142097473145
METHOD_PROFILE graph=method_tail method=b32_fast layer=1 phase=tile_store sampled_thread_ms=0 sampled_tiles=2 wall_ms=0.142097473145
METHOD_PROFILE graph=method_tail method=b32_fast layer=1 phase=output_scatter sampled_thread_ms=0 sampled_tiles=2 wall_ms=0.142097473145
METHOD_PROFILE graph=method_tail method=b32_fast layer=1 phase=thread_amx_setup sampled_thread_ms=0.00476837158203 sampled_tiles=2 wall_ms=0.142097473145
METHOD_PROFILE graph=method_tail method=b32_fast layer=2 phase=output_zero sampled_thread_ms=0 sampled_tiles=2 wall_ms=0.128030776978
METHOD_PROFILE graph=method_tail method=b32_fast layer=2 phase=row_schedule sampled_thread_ms=0 sampled_tiles=2 wall_ms=0.128030776978
METHOD_PROFILE graph=method_tail method=b32_fast layer=2 phase=partial_zero sampled_thread_ms=0.000953674316406 sampled_tiles=2 wall_ms=0.128030776978
METHOD_PROFILE graph=method_tail method=b32_fast layer=2 phase=csr_prefetch sampled_thread_ms=0.0207424163818 sampled_tiles=2 wall_ms=0.128030776978
METHOD_PROFILE graph=method_tail method=b32_fast layer=2 phase=feature_gather_decode sampled_thread_ms=0.0157356262207 sampled_tiles=2 wall_ms=0.128030776978
METHOD_PROFILE graph=method_tail method=b32_fast layer=2 phase=fp32_neighbor_reduction sampled_thread_ms=0.0128746032715 sampled_tiles=2 wall_ms=0.128030776978
METHOD_PROFILE graph=method_tail method=b32_fast layer=2 phase=partial_bf16_conversion sampled_thread_ms=0.00309944152832 sampled_tiles=2 wall_ms=0.128030776978
METHOD_PROFILE graph=method_tail method=b32_fast layer=2 phase=tile_load sampled_thread_ms=0.00619888305664 sampled_tiles=2 wall_ms=0.128030776978
METHOD_PROFILE graph=method_tail method=b32_fast layer=2 phase=tile_compute sampled_thread_ms=0.00309944152832 sampled_tiles=2 wall_ms=0.128030776978
METHOD_PROFILE graph=method_tail method=b32_fast layer=2 phase=tile_store sampled_thread_ms=0.000953674316406 sampled_tiles=2 wall_ms=0.128030776978
METHOD_PROFILE graph=method_tail method=b32_fast layer=2 phase=output_scatter sampled_thread_ms=0 sampled_tiles=2 wall_ms=0.128030776978
METHOD_PROFILE graph=method_tail method=b32_fast layer=2 phase=thread_amx_setup sampled_thread_ms=0.00381469726562 sampled_tiles=2 wall_ms=0.128030776978
METHOD_STAGE graph=method_tail method=b32_accurate repeat=0 layer1_ms=0.0221729278564 relu_ms=0.00190734863281 interlayer_conversion_ms=0.000953674316406 layer2_ms=0.0181198120117 total_ms=0.0431537628174
METHOD_STAGE graph=method_tail method=b32_accurate repeat=1 layer1_ms=0.0200271606445 relu_ms=0.00190734863281 interlayer_conversion_ms=0.000953674316406 layer2_ms=0.0171661376953 total_ms=0.0400543212891
METHOD_STAGE graph=method_tail method=b32_accurate repeat=2 layer1_ms=0.0231266021729 relu_ms=0.00190734863281 interlayer_conversion_ms=0.000953674316406 layer2_ms=0.0219345092773 total_ms=0.0479221343994
METHOD_PROFILE graph=method_tail method=b32_accurate layer=1 phase=output_zero sampled_thread_ms=0 sampled_tiles=2 wall_ms=0.147819519043
METHOD_PROFILE graph=method_tail method=b32_accurate layer=1 phase=row_schedule sampled_thread_ms=0 sampled_tiles=2 wall_ms=0.147819519043
METHOD_PROFILE graph=method_tail method=b32_accurate layer=1 phase=partial_zero sampled_thread_ms=0 sampled_tiles=2 wall_ms=0.147819519043
METHOD_PROFILE graph=method_tail method=b32_accurate layer=1 phase=csr_prefetch sampled_thread_ms=0.0150203704834 sampled_tiles=2 wall_ms=0.147819519043
METHOD_PROFILE graph=method_tail method=b32_accurate layer=1 phase=feature_gather_decode sampled_thread_ms=0.0150203704834 sampled_tiles=2 wall_ms=0.147819519043
METHOD_PROFILE graph=method_tail method=b32_accurate layer=1 phase=fp32_neighbor_reduction sampled_thread_ms=0.0174045562744 sampled_tiles=2 wall_ms=0.147819519043
METHOD_PROFILE graph=method_tail method=b32_accurate layer=1 phase=partial_bf16_conversion sampled_thread_ms=0.00119209289551 sampled_tiles=2 wall_ms=0.147819519043
METHOD_PROFILE graph=method_tail method=b32_accurate layer=1 phase=tile_load sampled_thread_ms=0.00882148742676 sampled_tiles=2 wall_ms=0.147819519043
METHOD_PROFILE graph=method_tail method=b32_accurate layer=1 phase=tile_compute sampled_thread_ms=0.00882148742676 sampled_tiles=2 wall_ms=0.147819519043
METHOD_PROFILE graph=method_tail method=b32_accurate layer=1 phase=tile_store sampled_thread_ms=0.00214576721191 sampled_tiles=2 wall_ms=0.147819519043
METHOD_PROFILE graph=method_tail method=b32_accurate layer=1 phase=output_scatter sampled_thread_ms=0 sampled_tiles=2 wall_ms=0.147819519043
METHOD_PROFILE graph=method_tail method=b32_accurate layer=1 phase=thread_amx_setup sampled_thread_ms=0 sampled_tiles=2 wall_ms=0.147819519043
METHOD_PROFILE graph=method_tail method=b32_accurate layer=2 phase=output_zero sampled_thread_ms=0 sampled_tiles=2 wall_ms=0.138998031616
METHOD_PROFILE graph=method_tail method=b32_accurate layer=2 phase=row_schedule sampled_thread_ms=0.000953674316406 sampled_tiles=2 wall_ms=0.138998031616
METHOD_PROFILE graph=method_tail method=b32_accurate layer=2 phase=partial_zero sampled_thread_ms=0.000953674316406 sampled_tiles=2 wall_ms=0.138998031616
METHOD_PROFILE graph=method_tail method=b32_accurate layer=2 phase=csr_prefetch sampled_thread_ms=0.0145435333252 sampled_tiles=2 wall_ms=0.138998031616
METHOD_PROFILE graph=method_tail method=b32_accurate layer=2 phase=feature_gather_decode sampled_thread_ms=0.0228881835938 sampled_tiles=2 wall_ms=0.138998031616
METHOD_PROFILE graph=method_tail method=b32_accurate layer=2 phase=fp32_neighbor_reduction sampled_thread_ms=0.0135898590088 sampled_tiles=2 wall_ms=0.138998031616
METHOD_PROFILE graph=method_tail method=b32_accurate layer=2 phase=partial_bf16_conversion sampled_thread_ms=0.00309944152832 sampled_tiles=2 wall_ms=0.138998031616
METHOD_PROFILE graph=method_tail method=b32_accurate layer=2 phase=tile_load sampled_thread_ms=0.00619888305664 sampled_tiles=2 wall_ms=0.138998031616
METHOD_PROFILE graph=method_tail method=b32_accurate layer=2 phase=tile_compute sampled_thread_ms=0.0109672546387 sampled_tiles=2 wall_ms=0.138998031616
METHOD_PROFILE graph=method_tail method=b32_accurate layer=2 phase=tile_store sampled_thread_ms=0 sampled_tiles=2 wall_ms=0.138998031616
METHOD_PROFILE graph=method_tail method=b32_accurate layer=2 phase=output_scatter sampled_thread_ms=0.000953674316406 sampled_tiles=2 wall_ms=0.138998031616
METHOD_PROFILE graph=method_tail method=b32_accurate layer=2 phase=thread_amx_setup sampled_thread_ms=0 sampled_tiles=2 wall_ms=0.138998031616
METHOD_STAGE graph=method_tail method=b64_fast repeat=0 layer1_ms=0.0131130218506 relu_ms=0.000953674316406 interlayer_conversion_ms=0.000953674316406 layer2_ms=0.0119209289551 total_ms=0.0269412994385
METHOD_STAGE graph=method_tail method=b64_fast repeat=1 layer1_ms=0.0138282775879 relu_ms=0.00119209289551 interlayer_conversion_ms=0.000953674316406 layer2_ms=0.0128746032715 total_ms=0.0288486480713
METHOD_STAGE graph=method_tail method=b64_fast repeat=2 layer1_ms=0.0138282775879 relu_ms=0.000953674316406 interlayer_conversion_ms=0.00119209289551 layer2_ms=0.0119209289551 total_ms=0.0278949737549
METHOD_PROFILE graph=method_tail method=b64_fast layer=1 phase=output_zero sampled_thread_ms=0 sampled_tiles=2 wall_ms=0.117063522339
METHOD_PROFILE graph=method_tail method=b64_fast layer=1 phase=row_schedule sampled_thread_ms=0 sampled_tiles=2 wall_ms=0.117063522339
METHOD_PROFILE graph=method_tail method=b64_fast layer=1 phase=partial_zero sampled_thread_ms=0 sampled_tiles=2 wall_ms=0.117063522339
METHOD_PROFILE graph=method_tail method=b64_fast layer=1 phase=csr_prefetch sampled_thread_ms=0.0119209289551 sampled_tiles=2 wall_ms=0.117063522339
METHOD_PROFILE graph=method_tail method=b64_fast layer=1 phase=feature_gather_decode sampled_thread_ms=0.0159740447998 sampled_tiles=2 wall_ms=0.117063522339
METHOD_PROFILE graph=method_tail method=b64_fast layer=1 phase=fp32_neighbor_reduction sampled_thread_ms=0.0219345092773 sampled_tiles=2 wall_ms=0.117063522339
METHOD_PROFILE graph=method_tail method=b64_fast layer=1 phase=partial_bf16_conversion sampled_thread_ms=0 sampled_tiles=2 wall_ms=0.117063522339
METHOD_PROFILE graph=method_tail method=b64_fast layer=1 phase=tile_load sampled_thread_ms=0.00643730163574 sampled_tiles=2 wall_ms=0.117063522339
METHOD_PROFILE graph=method_tail method=b64_fast layer=1 phase=tile_compute sampled_thread_ms=0.00476837158203 sampled_tiles=2 wall_ms=0.117063522339
METHOD_PROFILE graph=method_tail method=b64_fast layer=1 phase=tile_store sampled_thread_ms=0 sampled_tiles=2 wall_ms=0.117063522339
METHOD_PROFILE graph=method_tail method=b64_fast layer=1 phase=output_scatter sampled_thread_ms=0 sampled_tiles=2 wall_ms=0.117063522339
METHOD_PROFILE graph=method_tail method=b64_fast layer=1 phase=thread_amx_setup sampled_thread_ms=0 sampled_tiles=2 wall_ms=0.117063522339
METHOD_PROFILE graph=method_tail method=b64_fast layer=2 phase=output_zero sampled_thread_ms=0 sampled_tiles=2 wall_ms=0.115871429443
METHOD_PROFILE graph=method_tail method=b64_fast layer=2 phase=row_schedule sampled_thread_ms=0 sampled_tiles=2 wall_ms=0.115871429443
METHOD_PROFILE graph=method_tail method=b64_fast layer=2 phase=partial_zero sampled_thread_ms=0 sampled_tiles=2 wall_ms=0.115871429443
METHOD_PROFILE graph=method_tail method=b64_fast layer=2 phase=csr_prefetch sampled_thread_ms=0.0121593475342 sampled_tiles=2 wall_ms=0.115871429443
METHOD_PROFILE graph=method_tail method=b64_fast layer=2 phase=feature_gather_decode sampled_thread_ms=0.0166893005371 sampled_tiles=2 wall_ms=0.115871429443
METHOD_PROFILE graph=method_tail method=b64_fast layer=2 phase=fp32_neighbor_reduction sampled_thread_ms=0.018835067749 sampled_tiles=2 wall_ms=0.115871429443
METHOD_PROFILE graph=method_tail method=b64_fast layer=2 phase=partial_bf16_conversion sampled_thread_ms=0 sampled_tiles=2 wall_ms=0.115871429443
METHOD_PROFILE graph=method_tail method=b64_fast layer=2 phase=tile_load sampled_thread_ms=0.00572204589844 sampled_tiles=2 wall_ms=0.115871429443
METHOD_PROFILE graph=method_tail method=b64_fast layer=2 phase=tile_compute sampled_thread_ms=0.00309944152832 sampled_tiles=2 wall_ms=0.115871429443
METHOD_PROFILE graph=method_tail method=b64_fast layer=2 phase=tile_store sampled_thread_ms=0.000953674316406 sampled_tiles=2 wall_ms=0.115871429443
METHOD_PROFILE graph=method_tail method=b64_fast layer=2 phase=output_scatter sampled_thread_ms=0 sampled_tiles=2 wall_ms=0.115871429443
METHOD_PROFILE graph=method_tail method=b64_fast layer=2 phase=thread_amx_setup sampled_thread_ms=0 sampled_tiles=2 wall_ms=0.115871429443
METHOD_STAGE graph=method_tail method=b64_accurate repeat=0 layer1_ms=0.0159740447998 relu_ms=0.000953674316406 interlayer_conversion_ms=0.000953674316406 layer2_ms=0.014066696167 total_ms=0.0319480895996
METHOD_STAGE graph=method_tail method=b64_accurate repeat=1 layer1_ms=0.0150203704834 relu_ms=0.00190734863281 interlayer_conversion_ms=0.00119209289551 layer2_ms=0.018835067749 total_ms=0.0369548797607
METHOD_STAGE graph=method_tail method=b64_accurate repeat=2 layer1_ms=0.0197887420654 relu_ms=0.00214576721191 interlayer_conversion_ms=0.000953674316406 layer2_ms=0.0178813934326 total_ms=0.0407695770264
METHOD_PROFILE graph=method_tail method=b64_accurate layer=1 phase=output_zero sampled_thread_ms=0 sampled_tiles=2 wall_ms=0.136852264404
METHOD_PROFILE graph=method_tail method=b64_accurate layer=1 phase=row_schedule sampled_thread_ms=0 sampled_tiles=2 wall_ms=0.136852264404
METHOD_PROFILE graph=method_tail method=b64_accurate layer=1 phase=partial_zero sampled_thread_ms=0.00190734863281 sampled_tiles=2 wall_ms=0.136852264404
METHOD_PROFILE graph=method_tail method=b64_accurate layer=1 phase=csr_prefetch sampled_thread_ms=0.0219345092773 sampled_tiles=2 wall_ms=0.136852264404
METHOD_PROFILE graph=method_tail method=b64_accurate layer=1 phase=feature_gather_decode sampled_thread_ms=0.0183582305908 sampled_tiles=2 wall_ms=0.136852264404
METHOD_PROFILE graph=method_tail method=b64_accurate layer=1 phase=fp32_neighbor_reduction sampled_thread_ms=0.0162124633789 sampled_tiles=2 wall_ms=0.136852264404
METHOD_PROFILE graph=method_tail method=b64_accurate layer=1 phase=partial_bf16_conversion sampled_thread_ms=0.00214576721191 sampled_tiles=2 wall_ms=0.136852264404
METHOD_PROFILE graph=method_tail method=b64_accurate layer=1 phase=tile_load sampled_thread_ms=0.00810623168945 sampled_tiles=2 wall_ms=0.136852264404
METHOD_PROFILE graph=method_tail method=b64_accurate layer=1 phase=tile_compute sampled_thread_ms=0.0109672546387 sampled_tiles=2 wall_ms=0.136852264404
METHOD_PROFILE graph=method_tail method=b64_accurate layer=1 phase=tile_store sampled_thread_ms=0.000953674316406 sampled_tiles=2 wall_ms=0.136852264404
METHOD_PROFILE graph=method_tail method=b64_accurate layer=1 phase=output_scatter sampled_thread_ms=0.00190734863281 sampled_tiles=2 wall_ms=0.136852264404
METHOD_PROFILE graph=method_tail method=b64_accurate layer=1 phase=thread_amx_setup sampled_thread_ms=0 sampled_tiles=2 wall_ms=0.136852264404
METHOD_PROFILE graph=method_tail method=b64_accurate layer=2 phase=output_zero sampled_thread_ms=0 sampled_tiles=2 wall_ms=0.1380443573
METHOD_PROFILE graph=method_tail method=b64_accurate layer=2 phase=row_schedule sampled_thread_ms=0 sampled_tiles=2 wall_ms=0.1380443573
METHOD_PROFILE graph=method_tail method=b64_accurate layer=2 phase=partial_zero sampled_thread_ms=0 sampled_tiles=2 wall_ms=0.1380443573
METHOD_PROFILE graph=method_tail method=b64_accurate layer=2 phase=csr_prefetch sampled_thread_ms=0.0169277191162 sampled_tiles=2 wall_ms=0.1380443573
METHOD_PROFILE graph=method_tail method=b64_accurate layer=2 phase=feature_gather_decode sampled_thread_ms=0.0202655792236 sampled_tiles=2 wall_ms=0.1380443573
METHOD_PROFILE graph=method_tail method=b64_accurate layer=2 phase=fp32_neighbor_reduction sampled_thread_ms=0.0219345092773 sampled_tiles=2 wall_ms=0.1380443573
METHOD_PROFILE graph=method_tail method=b64_accurate layer=2 phase=partial_bf16_conversion sampled_thread_ms=0 sampled_tiles=2 wall_ms=0.1380443573
METHOD_PROFILE graph=method_tail method=b64_accurate layer=2 phase=tile_load sampled_thread_ms=0.00476837158203 sampled_tiles=2 wall_ms=0.1380443573
METHOD_PROFILE graph=method_tail method=b64_accurate layer=2 phase=tile_compute sampled_thread_ms=0.00786781311035 sampled_tiles=2 wall_ms=0.1380443573
METHOD_PROFILE graph=method_tail method=b64_accurate layer=2 phase=tile_store sampled_thread_ms=0 sampled_tiles=2 wall_ms=0.1380443573
METHOD_PROFILE graph=method_tail method=b64_accurate layer=2 phase=output_scatter sampled_thread_ms=0 sampled_tiles=2 wall_ms=0.1380443573
METHOD_PROFILE graph=method_tail method=b64_accurate layer=2 phase=thread_amx_setup sampled_thread_ms=0 sampled_tiles=2 wall_ms=0.1380443573
METHOD_STAGE graph=method_tail method=bfull_fast repeat=0 layer1_ms=0.0121593475342 relu_ms=0.000953674316406 interlayer_conversion_ms=0.000953674316406 layer2_ms=0.0100135803223 total_ms=0.0240802764893
METHOD_STAGE graph=method_tail method=bfull_fast repeat=1 layer1_ms=0.0121593475342 relu_ms=0.000953674316406 interlayer_conversion_ms=0.000953674316406 layer2_ms=0.0109672546387 total_ms=0.0250339508057
METHOD_STAGE graph=method_tail method=bfull_fast repeat=2 layer1_ms=0.0131130218506 relu_ms=0.000953674316406 interlayer_conversion_ms=0.000953674316406 layer2_ms=0.0100135803223 total_ms=0.0250339508057
METHOD_PROFILE graph=method_tail method=bfull_fast layer=1 phase=output_zero sampled_thread_ms=0 sampled_tiles=2 wall_ms=0.111818313599
METHOD_PROFILE graph=method_tail method=bfull_fast layer=1 phase=row_schedule sampled_thread_ms=0 sampled_tiles=2 wall_ms=0.111818313599
METHOD_PROFILE graph=method_tail method=bfull_fast layer=1 phase=partial_zero sampled_thread_ms=0 sampled_tiles=2 wall_ms=0.111818313599
METHOD_PROFILE graph=method_tail method=bfull_fast layer=1 phase=csr_prefetch sampled_thread_ms=0.0131130218506 sampled_tiles=2 wall_ms=0.111818313599
METHOD_PROFILE graph=method_tail method=bfull_fast layer=1 phase=feature_gather_decode sampled_thread_ms=0.0193119049072 sampled_tiles=2 wall_ms=0.111818313599
METHOD_PROFILE graph=method_tail method=bfull_fast layer=1 phase=fp32_neighbor_reduction sampled_thread_ms=0.0152587890625 sampled_tiles=2 wall_ms=0.111818313599
METHOD_PROFILE graph=method_tail method=bfull_fast layer=1 phase=partial_bf16_conversion sampled_thread_ms=0 sampled_tiles=2 wall_ms=0.111818313599
METHOD_PROFILE graph=method_tail method=bfull_fast layer=1 phase=tile_load sampled_thread_ms=0.00286102294922 sampled_tiles=2 wall_ms=0.111818313599
METHOD_PROFILE graph=method_tail method=bfull_fast layer=1 phase=tile_compute sampled_thread_ms=0.00524520874023 sampled_tiles=2 wall_ms=0.111818313599
METHOD_PROFILE graph=method_tail method=bfull_fast layer=1 phase=tile_store sampled_thread_ms=0 sampled_tiles=2 wall_ms=0.111818313599
METHOD_PROFILE graph=method_tail method=bfull_fast layer=1 phase=output_scatter sampled_thread_ms=0 sampled_tiles=2 wall_ms=0.111818313599
METHOD_PROFILE graph=method_tail method=bfull_fast layer=1 phase=thread_amx_setup sampled_thread_ms=0.00381469726562 sampled_tiles=2 wall_ms=0.111818313599
METHOD_PROFILE graph=method_tail method=bfull_fast layer=2 phase=output_zero sampled_thread_ms=0 sampled_tiles=2 wall_ms=0.120162963867
METHOD_PROFILE graph=method_tail method=bfull_fast layer=2 phase=row_schedule sampled_thread_ms=0 sampled_tiles=2 wall_ms=0.120162963867
METHOD_PROFILE graph=method_tail method=bfull_fast layer=2 phase=partial_zero sampled_thread_ms=0 sampled_tiles=2 wall_ms=0.120162963867
METHOD_PROFILE graph=method_tail method=bfull_fast layer=2 phase=csr_prefetch sampled_thread_ms=0.0150203704834 sampled_tiles=2 wall_ms=0.120162963867
METHOD_PROFILE graph=method_tail method=bfull_fast layer=2 phase=feature_gather_decode sampled_thread_ms=0.0219345092773 sampled_tiles=2 wall_ms=0.120162963867
METHOD_PROFILE graph=method_tail method=bfull_fast layer=2 phase=fp32_neighbor_reduction sampled_thread_ms=0.0131130218506 sampled_tiles=2 wall_ms=0.120162963867
METHOD_PROFILE graph=method_tail method=bfull_fast layer=2 phase=partial_bf16_conversion sampled_thread_ms=0 sampled_tiles=2 wall_ms=0.120162963867
METHOD_PROFILE graph=method_tail method=bfull_fast layer=2 phase=tile_load sampled_thread_ms=0.000953674316406 sampled_tiles=2 wall_ms=0.120162963867
METHOD_PROFILE graph=method_tail method=bfull_fast layer=2 phase=tile_compute sampled_thread_ms=0.00476837158203 sampled_tiles=2 wall_ms=0.120162963867
METHOD_PROFILE graph=method_tail method=bfull_fast layer=2 phase=tile_store sampled_thread_ms=0 sampled_tiles=2 wall_ms=0.120162963867
METHOD_PROFILE graph=method_tail method=bfull_fast layer=2 phase=output_scatter sampled_thread_ms=0 sampled_tiles=2 wall_ms=0.120162963867
METHOD_PROFILE graph=method_tail method=bfull_fast layer=2 phase=thread_amx_setup sampled_thread_ms=0.00476837158203 sampled_tiles=2 wall_ms=0.120162963867
METHOD_STAGE graph=method_tail method=bfull_accurate repeat=0 layer1_ms=0.0128746032715 relu_ms=0.00119209289551 interlayer_conversion_ms=0.000953674316406 layer2_ms=0.014066696167 total_ms=0.0290870666504
METHOD_STAGE graph=method_tail method=bfull_accurate repeat=1 layer1_ms=0.0128746032715 relu_ms=0.00214576721191 interlayer_conversion_ms=0.000953674316406 layer2_ms=0.0159740447998 total_ms=0.0319480895996
METHOD_STAGE graph=method_tail method=bfull_accurate repeat=2 layer1_ms=0.0131130218506 relu_ms=0.000953674316406 interlayer_conversion_ms=0.00190734863281 layer2_ms=0.0121593475342 total_ms=0.028133392334
METHOD_PROFILE graph=method_tail method=bfull_accurate layer=1 phase=output_zero sampled_thread_ms=0 sampled_tiles=2 wall_ms=0.123023986816
METHOD_PROFILE graph=method_tail method=bfull_accurate layer=1 phase=row_schedule sampled_thread_ms=0 sampled_tiles=2 wall_ms=0.123023986816
METHOD_PROFILE graph=method_tail method=bfull_accurate layer=1 phase=partial_zero sampled_thread_ms=0.000953674316406 sampled_tiles=2 wall_ms=0.123023986816
METHOD_PROFILE graph=method_tail method=bfull_accurate layer=1 phase=csr_prefetch sampled_thread_ms=0.0166893005371 sampled_tiles=2 wall_ms=0.123023986816
METHOD_PROFILE graph=method_tail method=bfull_accurate layer=1 phase=feature_gather_decode sampled_thread_ms=0.0174045562744 sampled_tiles=2 wall_ms=0.123023986816
METHOD_PROFILE graph=method_tail method=bfull_accurate layer=1 phase=fp32_neighbor_reduction sampled_thread_ms=0.0159740447998 sampled_tiles=2 wall_ms=0.123023986816
METHOD_PROFILE graph=method_tail method=bfull_accurate layer=1 phase=partial_bf16_conversion sampled_thread_ms=0 sampled_tiles=2 wall_ms=0.123023986816
METHOD_PROFILE graph=method_tail method=bfull_accurate layer=1 phase=tile_load sampled_thread_ms=0.00309944152832 sampled_tiles=2 wall_ms=0.123023986816
METHOD_PROFILE graph=method_tail method=bfull_accurate layer=1 phase=tile_compute sampled_thread_ms=0.00405311584473 sampled_tiles=2 wall_ms=0.123023986816
METHOD_PROFILE graph=method_tail method=bfull_accurate layer=1 phase=tile_store sampled_thread_ms=0.000953674316406 sampled_tiles=2 wall_ms=0.123023986816
METHOD_PROFILE graph=method_tail method=bfull_accurate layer=1 phase=output_scatter sampled_thread_ms=0.000953674316406 sampled_tiles=2 wall_ms=0.123023986816
METHOD_PROFILE graph=method_tail method=bfull_accurate layer=1 phase=thread_amx_setup sampled_thread_ms=0 sampled_tiles=2 wall_ms=0.123023986816
METHOD_PROFILE graph=method_tail method=bfull_accurate layer=2 phase=output_zero sampled_thread_ms=0 sampled_tiles=2 wall_ms=0.120162963867
METHOD_PROFILE graph=method_tail method=bfull_accurate layer=2 phase=row_schedule sampled_thread_ms=0 sampled_tiles=2 wall_ms=0.120162963867
METHOD_PROFILE graph=method_tail method=bfull_accurate layer=2 phase=partial_zero sampled_thread_ms=0.000953674316406 sampled_tiles=2 wall_ms=0.120162963867
METHOD_PROFILE graph=method_tail method=bfull_accurate layer=2 phase=csr_prefetch sampled_thread_ms=0.0183582305908 sampled_tiles=2 wall_ms=0.120162963867
METHOD_PROFILE graph=method_tail method=bfull_accurate layer=2 phase=feature_gather_decode sampled_thread_ms=0.0195503234863 sampled_tiles=2 wall_ms=0.120162963867
METHOD_PROFILE graph=method_tail method=bfull_accurate layer=2 phase=fp32_neighbor_reduction sampled_thread_ms=0.0133514404297 sampled_tiles=2 wall_ms=0.120162963867
METHOD_PROFILE graph=method_tail method=bfull_accurate layer=2 phase=partial_bf16_conversion sampled_thread_ms=0.00119209289551 sampled_tiles=2 wall_ms=0.120162963867
METHOD_PROFILE graph=method_tail method=bfull_accurate layer=2 phase=tile_load sampled_thread_ms=0.00405311584473 sampled_tiles=2 wall_ms=0.120162963867
METHOD_PROFILE graph=method_tail method=bfull_accurate layer=2 phase=tile_compute sampled_thread_ms=0.00405311584473 sampled_tiles=2 wall_ms=0.120162963867
METHOD_PROFILE graph=method_tail method=bfull_accurate layer=2 phase=tile_store sampled_thread_ms=0 sampled_tiles=2 wall_ms=0.120162963867
METHOD_PROFILE graph=method_tail method=bfull_accurate layer=2 phase=output_scatter sampled_thread_ms=0 sampled_tiles=2 wall_ms=0.120162963867
METHOD_PROFILE graph=method_tail method=bfull_accurate layer=2 phase=thread_amx_setup sampled_thread_ms=0.00476837158203 sampled_tiles=2 wall_ms=0.120162963867
METHOD_COMPLETE graph=method_tail methods=15 checks=60 pass=1 max_rss_kib=30464
