ENV mkl=2023.0.2 processor=Intel(R) Advanced Vector Extensions 512 (Intel(R) AVX-512) with Intel(R) DL Boost, bfloat16 support, Intel(R) AMX with bfloat16 and 8-bit integer support, and FP16 instructions threads=16 source_input=/home/huangjianqiang_group/hdacp1/data/wzh/GAT/baseline/../data/arxiv.gatbin checkpoint=/home/huangjianqiang_group/hdacp1/data/wzh/GAT/baseline/runs/arxiv-10808269/arxiv.weights profile=0 vendor_amx_status=UNVERIFIED_UNTIL_DISPATCH_EVIDENCE
STATIC degree_sort_ms=0 model_prepare_ms=1.59357 bytes=504832 graph_policy=as_loaded_no_mutation
CONFIG mode=micro path=standard_bf16 lr_policy=z_avx panel_R=64 layer=3 warmups=2 repeats=7
MKL_VERBOSE oneMKL 2023.0 Update 2 Product build 20230613 for Intel(R) 64 architecture Intel(R) Advanced Vector Extensions 512 (Intel(R) AVX-512) with Intel(R) DL Boost, bfloat16 support, Intel(R) AMX with bfloat16 and 8-bit integer support, and FP16 instructions, Lnx 3.10GHz lp64 intel_thread
MKL_VERBOSE SGEMM(N,N,256,169343,128,0x7ffd5ece17f8,0x1541e7665010,256,0x15418ad50010,128,0x7ffd5ece1800,0x15417530f010,256) 22.46ms CNR:OFF Dyn:0 FastMM:1 TID:0  NThr:16
MKL_VERBOSE SGEMM(N,N,256,169343,256,0x7ffd5ece17f8,0x1541d04dd010,256,0x1541807f0010,256,0x7ffd5ece1800,0x15416bd30010,256) 11.19ms CNR:OFF Dyn:0 FastMM:1 TID:0  NThr:16
MICRO name=convert_rne layer=3 median_ms=5.6792 p95_ms=5.82296
MKL_VERBOSE GEMM_BF16BF16F32(N,N,40,169343,256,0x7ffd5ece1858,0x1c654c0,40,0x154189379010,256,0x7ffd5ece1860,0x1541879a2010,40) 2.31ms CNR:OFF Dyn:0 FastMM:1 TID:0  NThr:16
MKL_VERBOSE GEMM_BF16BF16F32(N,N,40,169343,256,0x7ffd5ece1858,0x1c654c0,40,0x154189379010,256,0x7ffd5ece1860,0x1541879a2010,40) 2.09ms CNR:OFF Dyn:0 FastMM:1 TID:0  NThr:16
MKL_VERBOSE GEMM_BF16BF16F32(N,N,40,169343,256,0x7ffd5ece1858,0x1c654c0,40,0x154189379010,256,0x7ffd5ece1860,0x1541879a2010,40) 2.02ms CNR:OFF Dyn:0 FastMM:1 TID:0  NThr:16
MKL_VERBOSE GEMM_BF16BF16F32(N,N,40,169343,256,0x7ffd5ece1858,0x1c654c0,40,0x154189379010,256,0x7ffd5ece1860,0x1541879a2010,40) 2.06ms CNR:OFF Dyn:0 FastMM:1 TID:0  NThr:16
MKL_VERBOSE GEMM_BF16BF16F32(N,N,40,169343,256,0x7ffd5ece1858,0x1c654c0,40,0x154189379010,256,0x7ffd5ece1860,0x1541879a2010,40) 2.07ms CNR:OFF Dyn:0 FastMM:1 TID:0  NThr:16
MKL_VERBOSE GEMM_BF16BF16F32(N,N,40,169343,256,0x7ffd5ece1858,0x1c654c0,40,0x154189379010,256,0x7ffd5ece1860,0x1541879a2010,40) 2.07ms CNR:OFF Dyn:0 FastMM:1 TID:0  NThr:16
MKL_VERBOSE GEMM_BF16BF16F32(N,N,40,169343,256,0x7ffd5ece1858,0x1c654c0,40,0x154189379010,256,0x7ffd5ece1860,0x1541879a2010,40) 2.11ms CNR:OFF Dyn:0 FastMM:1 TID:0  NThr:16
MKL_VERBOSE GEMM_BF16BF16F32(N,N,40,169343,256,0x7ffd5ece1858,0x1c654c0,40,0x154189379010,256,0x7ffd5ece1860,0x1541879a2010,40) 2.15ms CNR:OFF Dyn:0 FastMM:1 TID:0  NThr:16
MKL_VERBOSE GEMM_BF16BF16F32(N,N,40,169343,256,0x7ffd5ece1858,0x1c654c0,40,0x154189379010,256,0x7ffd5ece1860,0x1541879a2010,40) 2.12ms CNR:OFF Dyn:0 FastMM:1 TID:0  NThr:16
MICRO name=projection_bf16 layer=3 median_ms=2.08797 p95_ms=2.16564
MICRO name=lr_z_avx layer=3 median_ms=0.106995 p95_ms=0.109672
MKL_VERBOSE SGEMM(N,N,2,169343,40,0x7ffd5ece1828,0x21ad610,2,0x1541879a2010,40,0x7ffd5ece1830,0x2062a10,2) 251.14us CNR:OFF Dyn:0 FastMM:1 TID:0  NThr:16
MKL_VERBOSE SGEMM(N,N,2,169343,40,0x7ffd5ece1828,0x21ad610,2,0x1541879a2010,40,0x7ffd5ece1830,0x2062a10,2) 148.67us CNR:OFF Dyn:0 FastMM:1 TID:0  NThr:16
MKL_VERBOSE SGEMM(N,N,2,169343,40,0x7ffd5ece1828,0x21ad610,2,0x1541879a2010,40,0x7ffd5ece1830,0x2062a10,2) 139.45us CNR:OFF Dyn:0 FastMM:1 TID:0  NThr:16
MKL_VERBOSE SGEMM(N,N,2,169343,40,0x7ffd5ece1828,0x21ad610,2,0x1541879a2010,40,0x7ffd5ece1830,0x2062a10,2) 139.56us CNR:OFF Dyn:0 FastMM:1 TID:0  NThr:16
MKL_VERBOSE SGEMM(N,N,2,169343,40,0x7ffd5ece1828,0x21ad610,2,0x1541879a2010,40,0x7ffd5ece1830,0x2062a10,2) 136.54us CNR:OFF Dyn:0 FastMM:1 TID:0  NThr:16
MKL_VERBOSE SGEMM(N,N,2,169343,40,0x7ffd5ece1828,0x21ad610,2,0x1541879a2010,40,0x7ffd5ece1830,0x2062a10,2) 148.80us CNR:OFF Dyn:0 FastMM:1 TID:0  NThr:16
MKL_VERBOSE SGEMM(N,N,2,169343,40,0x7ffd5ece1828,0x21ad610,2,0x1541879a2010,40,0x7ffd5ece1830,0x2062a10,2) 136.02us CNR:OFF Dyn:0 FastMM:1 TID:0  NThr:16
MKL_VERBOSE SGEMM(N,N,2,169343,40,0x7ffd5ece1828,0x21ad610,2,0x1541879a2010,40,0x7ffd5ece1830,0x2062a10,2) 137.37us CNR:OFF Dyn:0 FastMM:1 TID:0  NThr:16
MKL_VERBOSE SGEMM(N,N,2,169343,40,0x7ffd5ece1828,0x21ad610,2,0x1541879a2010,40,0x7ffd5ece1830,0x2062a10,2) 137.74us CNR:OFF Dyn:0 FastMM:1 TID:0  NThr:16
MICRO name=lr_z_sgemm_static_workspace layer=3 median_ms=0.166059 p95_ms=0.237193
ERROR path=micro layer=3 stage=lr_z_mkl_vs_avx_L finite=1 max_abs=8.940696716e-08 mean_abs=1.411739023e-08 relative_l2=3.749508211e-07 rmse=1.796169192e-08 p50=1.11758709e-08 p90=2.980232239e-08 p99=4.842877388e-08
MKL_VERBOSE GEMM_BF16BF16F32(N,N,2,169343,256,0x7ffd5ece17e8,0x1c6a4d0,2,0x154189379010,256,0x7ffd5ece17f0,0x1f17e10,2) 1.81ms CNR:OFF Dyn:0 FastMM:1 TID:0  NThr:16
MKL_VERBOSE GEMM_BF16BF16F32(N,N,2,169343,256,0x7ffd5ece17e8,0x1c6a4d0,2,0x154189379010,256,0x7ffd5ece17f0,0x1f17e10,2) 1.26ms CNR:OFF Dyn:0 FastMM:1 TID:0  NThr:16
MKL_VERBOSE GEMM_BF16BF16F32(N,N,2,169343,256,0x7ffd5ece17e8,0x1c6a4d0,2,0x154189379010,256,0x7ffd5ece17f0,0x1f17e10,2) 1.08ms CNR:OFF Dyn:0 FastMM:1 TID:0  NThr:16
MKL_VERBOSE GEMM_BF16BF16F32(N,N,2,169343,256,0x7ffd5ece17e8,0x1c6a4d0,2,0x154189379010,256,0x7ffd5ece17f0,0x1f17e10,2) 1.03ms CNR:OFF Dyn:0 FastMM:1 TID:0  NThr:16
MKL_VERBOSE GEMM_BF16BF16F32(N,N,2,169343,256,0x7ffd5ece17e8,0x1c6a4d0,2,0x154189379010,256,0x7ffd5ece17f0,0x1f17e10,2) 1.04ms CNR:OFF Dyn:0 FastMM:1 TID:0  NThr:16
MKL_VERBOSE GEMM_BF16BF16F32(N,N,2,169343,256,0x7ffd5ece17e8,0x1c6a4d0,2,0x154189379010,256,0x7ffd5ece17f0,0x1f17e10,2) 1.63ms CNR:OFF Dyn:0 FastMM:1 TID:0  NThr:16
MKL_VERBOSE GEMM_BF16BF16F32(N,N,2,169343,256,0x7ffd5ece17e8,0x1c6a4d0,2,0x154189379010,256,0x7ffd5ece17f0,0x1f17e10,2) 1.21ms CNR:OFF Dyn:0 FastMM:1 TID:0  NThr:16
MKL_VERBOSE GEMM_BF16BF16F32(N,N,2,169343,256,0x7ffd5ece17e8,0x1c6a4d0,2,0x154189379010,256,0x7ffd5ece17f0,0x1f17e10,2) 1.08ms CNR:OFF Dyn:0 FastMM:1 TID:0  NThr:16
MKL_VERBOSE GEMM_BF16BF16F32(N,N,2,169343,256,0x7ffd5ece17e8,0x1c6a4d0,2,0x154189379010,256,0x7ffd5ece17f0,0x1f17e10,2) 1.05ms CNR:OFF Dyn:0 FastMM:1 TID:0  NThr:16
MICRO name=lr_reordered_bf16 layer=3 median_ms=1.113917 p95_ms=1.670615
MKL_VERBOSE SGEMM(N,N,2,169343,256,0x7ffd5ece17e8,0x1c0ab30,2,0x154176290010,256,0x7ffd5ece17f0,0x1f17e10,2) 3.71ms CNR:OFF Dyn:0 FastMM:1 TID:0  NThr:16
MKL_VERBOSE SGEMM(N,N,2,169343,256,0x7ffd5ece17e8,0x1c0ab30,2,0x154176290010,256,0x7ffd5ece17f0,0x1f17e10,2) 3.92ms CNR:OFF Dyn:0 FastMM:1 TID:0  NThr:16
MKL_VERBOSE SGEMM(N,N,2,169343,256,0x7ffd5ece17e8,0x1c0ab30,2,0x154176290010,256,0x7ffd5ece17f0,0x1f17e10,2) 3.90ms CNR:OFF Dyn:0 FastMM:1 TID:0  NThr:16
MKL_VERBOSE SGEMM(N,N,2,169343,256,0x7ffd5ece17e8,0x1c0ab30,2,0x154176290010,256,0x7ffd5ece17f0,0x1f17e10,2) 3.88ms CNR:OFF Dyn:0 FastMM:1 TID:0  NThr:16
MKL_VERBOSE SGEMM(N,N,2,169343,256,0x7ffd5ece17e8,0x1c0ab30,2,0x154176290010,256,0x7ffd5ece17f0,0x1f17e10,2) 3.90ms CNR:OFF Dyn:0 FastMM:1 TID:0  NThr:16
MKL_VERBOSE SGEMM(N,N,2,169343,256,0x7ffd5ece17e8,0x1c0ab30,2,0x154176290010,256,0x7ffd5ece17f0,0x1f17e10,2) 3.92ms CNR:OFF Dyn:0 FastMM:1 TID:0  NThr:16
MKL_VERBOSE SGEMM(N,N,2,169343,256,0x7ffd5ece17e8,0x1c0ab30,2,0x154176290010,256,0x7ffd5ece17f0,0x1f17e10,2) 3.90ms CNR:OFF Dyn:0 FastMM:1 TID:0  NThr:16
MKL_VERBOSE SGEMM(N,N,2,169343,256,0x7ffd5ece17e8,0x1c0ab30,2,0x154176290010,256,0x7ffd5ece17f0,0x1f17e10,2) 3.91ms CNR:OFF Dyn:0 FastMM:1 TID:0  NThr:16
MKL_VERBOSE SGEMM(N,N,2,169343,256,0x7ffd5ece17e8,0x1c0ab30,2,0x154176290010,256,0x7ffd5ece17f0,0x1f17e10,2) 3.89ms CNR:OFF Dyn:0 FastMM:1 TID:0  NThr:16
MICRO name=lr_reordered_fp32 layer=3 median_ms=3.945294 p95_ms=3.960242
MICRO name=lr_reordered_avx layer=3 median_ms=3.375253 p95_ms=3.39532
MICRO name=max_prescan layer=3 median_ms=0.338822 p95_ms=0.348441
MICRO name=weighted_spmm_score_exp layer=3 median_ms=6.11577 p95_ms=6.125386
