ENV mkl=2023.0.2 processor=Intel(R) Advanced Vector Extensions 512 (Intel(R) AVX-512) with Intel(R) DL Boost, bfloat16 support, Intel(R) AMX with bfloat16 and 8-bit integer support, and FP16 instructions threads=16 source_input=/home/huangjianqiang_group/hdacp1/data/wzh/GAT/baseline/../data/arxiv.gatbin checkpoint=/home/huangjianqiang_group/hdacp1/data/wzh/GAT/baseline/runs/arxiv-10808269/arxiv.weights profile=0 vendor_amx_status=UNVERIFIED_UNTIL_DISPATCH_EVIDENCE
STATIC degree_sort_ms=0 model_prepare_ms=1.6575 bytes=504832 graph_policy=as_loaded_no_mutation
CONFIG mode=micro path=standard_bf16 lr_policy=z_avx panel_R=64 layer=2 warmups=2 repeats=7
MKL_VERBOSE oneMKL 2023.0 Update 2 Product build 20230613 for Intel(R) 64 architecture Intel(R) Advanced Vector Extensions 512 (Intel(R) AVX-512) with Intel(R) DL Boost, bfloat16 support, Intel(R) AMX with bfloat16 and 8-bit integer support, and FP16 instructions, Lnx 3.50GHz lp64 intel_thread
MKL_VERBOSE SGEMM(N,N,256,169343,128,0x7fff631104b8,0x145f4b5ae010,256,0x145eead50010,128,0x7fff631104c0,0x145ed6290010,256) 22.56ms CNR:OFF Dyn:0 FastMM:1 TID:0  NThr:16
MICRO name=convert_rne layer=2 median_ms=6.19215 p95_ms=6.27307
MKL_VERBOSE GEMM_BF16BF16F32(N,N,256,169343,256,0x7fff63110518,0x7a4480,256,0x145eead50010,256,0x7fff63110520,0x145ecbd30010,256) 10.19ms CNR:OFF Dyn:0 FastMM:1 TID:0  NThr:16
MKL_VERBOSE GEMM_BF16BF16F32(N,N,256,169343,256,0x7fff63110518,0x7a4480,256,0x145eead50010,256,0x7fff63110520,0x145ecbd30010,256) 9.19ms CNR:OFF Dyn:0 FastMM:1 TID:0  NThr:16
MKL_VERBOSE GEMM_BF16BF16F32(N,N,256,169343,256,0x7fff63110518,0x7a4480,256,0x145eead50010,256,0x7fff63110520,0x145ecbd30010,256) 9.48ms CNR:OFF Dyn:0 FastMM:1 TID:0  NThr:16
MKL_VERBOSE GEMM_BF16BF16F32(N,N,256,169343,256,0x7fff63110518,0x7a4480,256,0x145eead50010,256,0x7fff63110520,0x145ecbd30010,256) 9.28ms CNR:OFF Dyn:0 FastMM:1 TID:0  NThr:16
MKL_VERBOSE GEMM_BF16BF16F32(N,N,256,169343,256,0x7fff63110518,0x7a4480,256,0x145eead50010,256,0x7fff63110520,0x145ecbd30010,256) 9.28ms CNR:OFF Dyn:0 FastMM:1 TID:0  NThr:16
MKL_VERBOSE GEMM_BF16BF16F32(N,N,256,169343,256,0x7fff63110518,0x7a4480,256,0x145eead50010,256,0x7fff63110520,0x145ecbd30010,256) 9.33ms CNR:OFF Dyn:0 FastMM:1 TID:0  NThr:16
MKL_VERBOSE GEMM_BF16BF16F32(N,N,256,169343,256,0x7fff63110518,0x7a4480,256,0x145eead50010,256,0x7fff63110520,0x145ecbd30010,256) 9.32ms CNR:OFF Dyn:0 FastMM:1 TID:0  NThr:16
MKL_VERBOSE GEMM_BF16BF16F32(N,N,256,169343,256,0x7fff63110518,0x7a4480,256,0x145eead50010,256,0x7fff63110520,0x145ecbd30010,256) 9.51ms CNR:OFF Dyn:0 FastMM:1 TID:0  NThr:16
MKL_VERBOSE GEMM_BF16BF16F32(N,N,256,169343,256,0x7fff63110518,0x7a4480,256,0x145eead50010,256,0x7fff63110520,0x145ecbd30010,256) 9.77ms CNR:OFF Dyn:0 FastMM:1 TID:0  NThr:16
MICRO name=projection_bf16 layer=2 median_ms=9.34884 p95_ms=9.78871
MICRO name=lr_z_avx layer=2 median_ms=6.33276 p95_ms=6.4515
MKL_VERBOSE SGEMM(N,N,2,169343,32,0x7fff631104e8,0x1de2190,2,0x145ecbd30010,256,0x7fff631104f0,0x1c97590,2) 1.42ms CNR:OFF Dyn:0 FastMM:1 TID:0  NThr:16
MKL_VERBOSE SGEMM(N,N,2,169343,32,0x7fff631104e8,0x1de2290,2,0x145ecbd30090,256,0x7fff631104f0,0x1c97590,2) 1.20ms CNR:OFF Dyn:0 FastMM:1 TID:0  NThr:16
MKL_VERBOSE SGEMM(N,N,2,169343,32,0x7fff631104e8,0x1de2390,2,0x145ecbd30110,256,0x7fff631104f0,0x1c97590,2) 1.22ms CNR:OFF Dyn:0 FastMM:1 TID:0  NThr:16
MKL_VERBOSE SGEMM(N,N,2,169343,32,0x7fff631104e8,0x1de2490,2,0x145ecbd30190,256,0x7fff631104f0,0x1c97590,2) 1.19ms CNR:OFF Dyn:0 FastMM:1 TID:0  NThr:16
MKL_VERBOSE SGEMM(N,N,2,169343,32,0x7fff631104e8,0x1de2590,2,0x145ecbd30210,256,0x7fff631104f0,0x1c97590,2) 1.19ms CNR:OFF Dyn:0 FastMM:1 TID:0  NThr:16
MKL_VERBOSE SGEMM(N,N,2,169343,32,0x7fff631104e8,0x1de2690,2,0x145ecbd30290,256,0x7fff631104f0,0x1c97590,2) 1.18ms CNR:OFF Dyn:0 FastMM:1 TID:0  NThr:16
MKL_VERBOSE SGEMM(N,N,2,169343,32,0x7fff631104e8,0x1de2790,2,0x145ecbd30310,256,0x7fff631104f0,0x1c97590,2) 1.28ms CNR:OFF Dyn:0 FastMM:1 TID:0  NThr:16
MKL_VERBOSE SGEMM(N,N,2,169343,32,0x7fff631104e8,0x1de2890,2,0x145ecbd30390,256,0x7fff631104f0,0x1c97590,2) 1.36ms CNR:OFF Dyn:0 FastMM:1 TID:0  NThr:16
MKL_VERBOSE SGEMM(N,N,2,169343,32,0x7fff631104e8,0x1de2190,2,0x145ecbd30010,256,0x7fff631104f0,0x1c97590,2) 1.30ms CNR:OFF Dyn:0 FastMM:1 TID:0  NThr:16
MKL_VERBOSE SGEMM(N,N,2,169343,32,0x7fff631104e8,0x1de2290,2,0x145ecbd30090,256,0x7fff631104f0,0x1c97590,2) 1.18ms CNR:OFF Dyn:0 FastMM:1 TID:0  NThr:16
MKL_VERBOSE SGEMM(N,N,2,169343,32,0x7fff631104e8,0x1de2390,2,0x145ecbd30110,256,0x7fff631104f0,0x1c97590,2) 1.21ms CNR:OFF Dyn:0 FastMM:1 TID:0  NThr:16
MKL_VERBOSE SGEMM(N,N,2,169343,32,0x7fff631104e8,0x1de2490,2,0x145ecbd30190,256,0x7fff631104f0,0x1c97590,2) 1.19ms CNR:OFF Dyn:0 FastMM:1 TID:0  NThr:16
MKL_VERBOSE SGEMM(N,N,2,169343,32,0x7fff631104e8,0x1de2590,2,0x145ecbd30210,256,0x7fff631104f0,0x1c97590,2) 1.20ms CNR:OFF Dyn:0 FastMM:1 TID:0  NThr:16
MKL_VERBOSE SGEMM(N,N,2,169343,32,0x7fff631104e8,0x1de2690,2,0x145ecbd30290,256,0x7fff631104f0,0x1c97590,2) 1.20ms CNR:OFF Dyn:0 FastMM:1 TID:0  NThr:16
MKL_VERBOSE SGEMM(N,N,2,169343,32,0x7fff631104e8,0x1de2790,2,0x145ecbd30310,256,0x7fff631104f0,0x1c97590,2) 1.29ms CNR:OFF Dyn:0 FastMM:1 TID:0  NThr:16
MKL_VERBOSE SGEMM(N,N,2,169343,32,0x7fff631104e8,0x1de2890,2,0x145ecbd30390,256,0x7fff631104f0,0x1c97590,2) 1.35ms CNR:OFF Dyn:0 FastMM:1 TID:0  NThr:16
MKL_VERBOSE SGEMM(N,N,2,169343,32,0x7fff631104e8,0x1de2190,2,0x145ecbd30010,256,0x7fff631104f0,0x1c97590,2) 1.28ms CNR:OFF Dyn:0 FastMM:1 TID:0  NThr:16
MKL_VERBOSE SGEMM(N,N,2,169343,32,0x7fff631104e8,0x1de2290,2,0x145ecbd30090,256,0x7fff631104f0,0x1c97590,2) 1.15ms CNR:OFF Dyn:0 FastMM:1 TID:0  NThr:16
MKL_VERBOSE SGEMM(N,N,2,169343,32,0x7fff631104e8,0x1de2390,2,0x145ecbd30110,256,0x7fff631104f0,0x1c97590,2) 1.21ms CNR:OFF Dyn:0 FastMM:1 TID:0  NThr:16
MKL_VERBOSE SGEMM(N,N,2,169343,32,0x7fff631104e8,0x1de2490,2,0x145ecbd30190,256,0x7fff631104f0,0x1c97590,2) 1.18ms CNR:OFF Dyn:0 FastMM:1 TID:0  NThr:16
MKL_VERBOSE SGEMM(N,N,2,169343,32,0x7fff631104e8,0x1de2590,2,0x145ecbd30210,256,0x7fff631104f0,0x1c97590,2) 1.18ms CNR:OFF Dyn:0 FastMM:1 TID:0  NThr:16
MKL_VERBOSE SGEMM(N,N,2,169343,32,0x7fff631104e8,0x1de2690,2,0x145ecbd30290,256,0x7fff631104f0,0x1c97590,2) 1.18ms CNR:OFF Dyn:0 FastMM:1 TID:0  NThr:16
MKL_VERBOSE SGEMM(N,N,2,169343,32,0x7fff631104e8,0x1de2790,2,0x145ecbd30310,256,0x7fff631104f0,0x1c97590,2) 1.28ms CNR:OFF Dyn:0 FastMM:1 TID:0  NThr:16
MKL_VERBOSE SGEMM(N,N,2,169343,32,0x7fff631104e8,0x1de2890,2,0x145ecbd30390,256,0x7fff631104f0,0x1c97590,2) 1.35ms CNR:OFF Dyn:0 FastMM:1 TID:0  NThr:16
MKL_VERBOSE SGEMM(N,N,2,169343,32,0x7fff631104e8,0x1de2190,2,0x145ecbd30010,256,0x7fff631104f0,0x1c97590,2) 1.28ms CNR:OFF Dyn:0 FastMM:1 TID:0  NThr:16
MKL_VERBOSE SGEMM(N,N,2,169343,32,0x7fff631104e8,0x1de2290,2,0x145ecbd30090,256,0x7fff631104f0,0x1c97590,2) 1.20ms CNR:OFF Dyn:0 FastMM:1 TID:0  NThr:16
MKL_VERBOSE SGEMM(N,N,2,169343,32,0x7fff631104e8,0x1de2390,2,0x145ecbd30110,256,0x7fff631104f0,0x1c97590,2) 1.21ms CNR:OFF Dyn:0 FastMM:1 TID:0  NThr:16
MKL_VERBOSE SGEMM(N,N,2,169343,32,0x7fff631104e8,0x1de2490,2,0x145ecbd30190,256,0x7fff631104f0,0x1c97590,2) 1.19ms CNR:OFF Dyn:0 FastMM:1 TID:0  NThr:16
MKL_VERBOSE SGEMM(N,N,2,169343,32,0x7fff631104e8,0x1de2590,2,0x145ecbd30210,256,0x7fff631104f0,0x1c97590,2) 1.18ms CNR:OFF Dyn:0 FastMM:1 TID:0  NThr:16
MKL_VERBOSE SGEMM(N,N,2,169343,32,0x7fff631104e8,0x1de2690,2,0x145ecbd30290,256,0x7fff631104f0,0x1c97590,2) 1.19ms CNR:OFF Dyn:0 FastMM:1 TID:0  NThr:16
MKL_VERBOSE SGEMM(N,N,2,169343,32,0x7fff631104e8,0x1de2790,2,0x145ecbd30310,256,0x7fff631104f0,0x1c97590,2) 1.29ms CNR:OFF Dyn:0 FastMM:1 TID:0  NThr:16
MKL_VERBOSE SGEMM(N,N,2,169343,32,0x7fff631104e8,0x1de2890,2,0x145ecbd30390,256,0x7fff631104f0,0x1c97590,2) 1.36ms CNR:OFF Dyn:0 FastMM:1 TID:0  NThr:16
MKL_VERBOSE SGEMM(N,N,2,169343,32,0x7fff631104e8,0x1de2190,2,0x145ecbd30010,256,0x7fff631104f0,0x1c97590,2) 1.27ms CNR:OFF Dyn:0 FastMM:1 TID:0  NThr:16
MKL_VERBOSE SGEMM(N,N,2,169343,32,0x7fff631104e8,0x1de2290,2,0x145ecbd30090,256,0x7fff631104f0,0x1c97590,2) 1.20ms CNR:OFF Dyn:0 FastMM:1 TID:0  NThr:16
MKL_VERBOSE SGEMM(N,N,2,169343,32,0x7fff631104e8,0x1de2390,2,0x145ecbd30110,256,0x7fff631104f0,0x1c97590,2) 1.23ms CNR:OFF Dyn:0 FastMM:1 TID:0  NThr:16
MKL_VERBOSE SGEMM(N,N,2,169343,32,0x7fff631104e8,0x1de2490,2,0x145ecbd30190,256,0x7fff631104f0,0x1c97590,2) 1.18ms CNR:OFF Dyn:0 FastMM:1 TID:0  NThr:16
MKL_VERBOSE SGEMM(N,N,2,169343,32,0x7fff631104e8,0x1de2590,2,0x145ecbd30210,256,0x7fff631104f0,0x1c97590,2) 1.19ms CNR:OFF Dyn:0 FastMM:1 TID:0  NThr:16
MKL_VERBOSE SGEMM(N,N,2,169343,32,0x7fff631104e8,0x1de2690,2,0x145ecbd30290,256,0x7fff631104f0,0x1c97590,2) 1.19ms CNR:OFF Dyn:0 FastMM:1 TID:0  NThr:16
MKL_VERBOSE SGEMM(N,N,2,169343,32,0x7fff631104e8,0x1de2790,2,0x145ecbd30310,256,0x7fff631104f0,0x1c97590,2) 1.30ms CNR:OFF Dyn:0 FastMM:1 TID:0  NThr:16
MKL_VERBOSE SGEMM(N,N,2,169343,32,0x7fff631104e8,0x1de2890,2,0x145ecbd30390,256,0x7fff631104f0,0x1c97590,2) 1.36ms CNR:OFF Dyn:0 FastMM:1 TID:0  NThr:16
MKL_VERBOSE SGEMM(N,N,2,169343,32,0x7fff631104e8,0x1de2190,2,0x145ecbd30010,256,0x7fff631104f0,0x1c97590,2) 1.29ms CNR:OFF Dyn:0 FastMM:1 TID:0  NThr:16
MKL_VERBOSE SGEMM(N,N,2,169343,32,0x7fff631104e8,0x1de2290,2,0x145ecbd30090,256,0x7fff631104f0,0x1c97590,2) 1.21ms CNR:OFF Dyn:0 FastMM:1 TID:0  NThr:16
MKL_VERBOSE SGEMM(N,N,2,169343,32,0x7fff631104e8,0x1de2390,2,0x145ecbd30110,256,0x7fff631104f0,0x1c97590,2) 1.22ms CNR:OFF Dyn:0 FastMM:1 TID:0  NThr:16
MKL_VERBOSE SGEMM(N,N,2,169343,32,0x7fff631104e8,0x1de2490,2,0x145ecbd30190,256,0x7fff631104f0,0x1c97590,2) 1.17ms CNR:OFF Dyn:0 FastMM:1 TID:0  NThr:16
MKL_VERBOSE SGEMM(N,N,2,169343,32,0x7fff631104e8,0x1de2590,2,0x145ecbd30210,256,0x7fff631104f0,0x1c97590,2) 1.17ms CNR:OFF Dyn:0 FastMM:1 TID:0  NThr:16
MKL_VERBOSE SGEMM(N,N,2,169343,32,0x7fff631104e8,0x1de2690,2,0x145ecbd30290,256,0x7fff631104f0,0x1c97590,2) 1.16ms CNR:OFF Dyn:0 FastMM:1 TID:0  NThr:16
MKL_VERBOSE SGEMM(N,N,2,169343,32,0x7fff631104e8,0x1de2790,2,0x145ecbd30310,256,0x7fff631104f0,0x1c97590,2) 1.28ms CNR:OFF Dyn:0 FastMM:1 TID:0  NThr:16
MKL_VERBOSE SGEMM(N,N,2,169343,32,0x7fff631104e8,0x1de2890,2,0x145ecbd30390,256,0x7fff631104f0,0x1c97590,2) 1.32ms CNR:OFF Dyn:0 FastMM:1 TID:0  NThr:16
MKL_VERBOSE SGEMM(N,N,2,169343,32,0x7fff631104e8,0x1de2190,2,0x145ecbd30010,256,0x7fff631104f0,0x1c97590,2) 1.28ms CNR:OFF Dyn:0 FastMM:1 TID:0  NThr:16
MKL_VERBOSE SGEMM(N,N,2,169343,32,0x7fff631104e8,0x1de2290,2,0x145ecbd30090,256,0x7fff631104f0,0x1c97590,2) 1.22ms CNR:OFF Dyn:0 FastMM:1 TID:0  NThr:16
MKL_VERBOSE SGEMM(N,N,2,169343,32,0x7fff631104e8,0x1de2390,2,0x145ecbd30110,256,0x7fff631104f0,0x1c97590,2) 1.26ms CNR:OFF Dyn:0 FastMM:1 TID:0  NThr:16
MKL_VERBOSE SGEMM(N,N,2,169343,32,0x7fff631104e8,0x1de2490,2,0x145ecbd30190,256,0x7fff631104f0,0x1c97590,2) 1.21ms CNR:OFF Dyn:0 FastMM:1 TID:0  NThr:16
MKL_VERBOSE SGEMM(N,N,2,169343,32,0x7fff631104e8,0x1de2590,2,0x145ecbd30210,256,0x7fff631104f0,0x1c97590,2) 1.22ms CNR:OFF Dyn:0 FastMM:1 TID:0  NThr:16
MKL_VERBOSE SGEMM(N,N,2,169343,32,0x7fff631104e8,0x1de2690,2,0x145ecbd30290,256,0x7fff631104f0,0x1c97590,2) 1.21ms CNR:OFF Dyn:0 FastMM:1 TID:0  NThr:16
MKL_VERBOSE SGEMM(N,N,2,169343,32,0x7fff631104e8,0x1de2790,2,0x145ecbd30310,256,0x7fff631104f0,0x1c97590,2) 1.37ms CNR:OFF Dyn:0 FastMM:1 TID:0  NThr:16
MKL_VERBOSE SGEMM(N,N,2,169343,32,0x7fff631104e8,0x1de2890,2,0x145ecbd30390,256,0x7fff631104f0,0x1c97590,2) 1.42ms CNR:OFF Dyn:0 FastMM:1 TID:0  NThr:16
MKL_VERBOSE SGEMM(N,N,2,169343,32,0x7fff631104e8,0x1de2190,2,0x145ecbd30010,256,0x7fff631104f0,0x1c97590,2) 1.36ms CNR:OFF Dyn:0 FastMM:1 TID:0  NThr:16
MKL_VERBOSE SGEMM(N,N,2,169343,32,0x7fff631104e8,0x1de2290,2,0x145ecbd30090,256,0x7fff631104f0,0x1c97590,2) 1.24ms CNR:OFF Dyn:0 FastMM:1 TID:0  NThr:16
MKL_VERBOSE SGEMM(N,N,2,169343,32,0x7fff631104e8,0x1de2390,2,0x145ecbd30110,256,0x7fff631104f0,0x1c97590,2) 1.27ms CNR:OFF Dyn:0 FastMM:1 TID:0  NThr:16
MKL_VERBOSE SGEMM(N,N,2,169343,32,0x7fff631104e8,0x1de2490,2,0x145ecbd30190,256,0x7fff631104f0,0x1c97590,2) 1.25ms CNR:OFF Dyn:0 FastMM:1 TID:0  NThr:16
MKL_VERBOSE SGEMM(N,N,2,169343,32,0x7fff631104e8,0x1de2590,2,0x145ecbd30210,256,0x7fff631104f0,0x1c97590,2) 1.22ms CNR:OFF Dyn:0 FastMM:1 TID:0  NThr:16
MKL_VERBOSE SGEMM(N,N,2,169343,32,0x7fff631104e8,0x1de2690,2,0x145ecbd30290,256,0x7fff631104f0,0x1c97590,2) 1.23ms CNR:OFF Dyn:0 FastMM:1 TID:0  NThr:16
MKL_VERBOSE SGEMM(N,N,2,169343,32,0x7fff631104e8,0x1de2790,2,0x145ecbd30310,256,0x7fff631104f0,0x1c97590,2) 1.34ms CNR:OFF Dyn:0 FastMM:1 TID:0  NThr:16
MKL_VERBOSE SGEMM(N,N,2,169343,32,0x7fff631104e8,0x1de2890,2,0x145ecbd30390,256,0x7fff631104f0,0x1c97590,2) 1.46ms CNR:OFF Dyn:0 FastMM:1 TID:0  NThr:16
MKL_VERBOSE SGEMM(N,N,2,169343,32,0x7fff631104e8,0x1de2190,2,0x145ecbd30010,256,0x7fff631104f0,0x1c97590,2) 1.33ms CNR:OFF Dyn:0 FastMM:1 TID:0  NThr:16
MKL_VERBOSE SGEMM(N,N,2,169343,32,0x7fff631104e8,0x1de2290,2,0x145ecbd30090,256,0x7fff631104f0,0x1c97590,2) 1.24ms CNR:OFF Dyn:0 FastMM:1 TID:0  NThr:16
MKL_VERBOSE SGEMM(N,N,2,169343,32,0x7fff631104e8,0x1de2390,2,0x145ecbd30110,256,0x7fff631104f0,0x1c97590,2) 1.29ms CNR:OFF Dyn:0 FastMM:1 TID:0  NThr:16
MKL_VERBOSE SGEMM(N,N,2,169343,32,0x7fff631104e8,0x1de2490,2,0x145ecbd30190,256,0x7fff631104f0,0x1c97590,2) 1.22ms CNR:OFF Dyn:0 FastMM:1 TID:0  NThr:16
MKL_VERBOSE SGEMM(N,N,2,169343,32,0x7fff631104e8,0x1de2590,2,0x145ecbd30210,256,0x7fff631104f0,0x1c97590,2) 1.22ms CNR:OFF Dyn:0 FastMM:1 TID:0  NThr:16
MKL_VERBOSE SGEMM(N,N,2,169343,32,0x7fff631104e8,0x1de2690,2,0x145ecbd30290,256,0x7fff631104f0,0x1c97590,2) 1.23ms CNR:OFF Dyn:0 FastMM:1 TID:0  NThr:16
MKL_VERBOSE SGEMM(N,N,2,169343,32,0x7fff631104e8,0x1de2790,2,0x145ecbd30310,256,0x7fff631104f0,0x1c97590,2) 1.38ms CNR:OFF Dyn:0 FastMM:1 TID:0  NThr:16
MKL_VERBOSE SGEMM(N,N,2,169343,32,0x7fff631104e8,0x1de2890,2,0x145ecbd30390,256,0x7fff631104f0,0x1c97590,2) 1.41ms CNR:OFF Dyn:0 FastMM:1 TID:0  NThr:16
MICRO name=lr_z_sgemm_static_workspace layer=2 median_ms=10.7712 p95_ms=11.3722
ERROR path=micro layer=2 stage=lr_z_mkl_vs_avx_L finite=1 max_abs=2.384185791e-07 mean_abs=1.783586996e-08 relative_l2=1.16643311e-07 rmse=2.588387533e-08 p50=1.490116119e-08 p90=3.725290298e-08 p99=8.940696716e-08
MKL_VERBOSE GEMM_BF16BF16F32(N,N,16,169343,256,0x7fff631104a8,0x7c84a0,16,0x145eead50010,256,0x7fff631104b0,0x145ef75aa010,16) 2.13ms CNR:OFF Dyn:0 FastMM:1 TID:0  NThr:16
MKL_VERBOSE GEMM_BF16BF16F32(N,N,16,169343,256,0x7fff631104a8,0x7c84a0,16,0x145eead50010,256,0x7fff631104b0,0x145ef75aa010,16) 1.66ms CNR:OFF Dyn:0 FastMM:1 TID:0  NThr:16
MKL_VERBOSE GEMM_BF16BF16F32(N,N,16,169343,256,0x7fff631104a8,0x7c84a0,16,0x145eead50010,256,0x7fff631104b0,0x145ef75aa010,16) 1.59ms CNR:OFF Dyn:0 FastMM:1 TID:0  NThr:16
MKL_VERBOSE GEMM_BF16BF16F32(N,N,16,169343,256,0x7fff631104a8,0x7c84a0,16,0x145eead50010,256,0x7fff631104b0,0x145ef75aa010,16) 1.57ms CNR:OFF Dyn:0 FastMM:1 TID:0  NThr:16
MKL_VERBOSE GEMM_BF16BF16F32(N,N,16,169343,256,0x7fff631104a8,0x7c84a0,16,0x145eead50010,256,0x7fff631104b0,0x145ef75aa010,16) 1.59ms CNR:OFF Dyn:0 FastMM:1 TID:0  NThr:16
MKL_VERBOSE GEMM_BF16BF16F32(N,N,16,169343,256,0x7fff631104a8,0x7c84a0,16,0x145eead50010,256,0x7fff631104b0,0x145ef75aa010,16) 1.49ms CNR:OFF Dyn:0 FastMM:1 TID:0  NThr:16
MKL_VERBOSE GEMM_BF16BF16F32(N,N,16,169343,256,0x7fff631104a8,0x7c84a0,16,0x145eead50010,256,0x7fff631104b0,0x145ef75aa010,16) 1.59ms CNR:OFF Dyn:0 FastMM:1 TID:0  NThr:16
MKL_VERBOSE GEMM_BF16BF16F32(N,N,16,169343,256,0x7fff631104a8,0x7c84a0,16,0x145eead50010,256,0x7fff631104b0,0x145ef75aa010,16) 1.74ms CNR:OFF Dyn:0 FastMM:1 TID:0  NThr:16
MKL_VERBOSE GEMM_BF16BF16F32(N,N,16,169343,256,0x7fff631104a8,0x7c84a0,16,0x145eead50010,256,0x7fff631104b0,0x145ef75aa010,16) 2.04ms CNR:OFF Dyn:0 FastMM:1 TID:0  NThr:16
MICRO name=lr_reordered_bf16 layer=2 median_ms=1.881564 p95_ms=2.449702
MKL_VERBOSE SGEMM(N,N,16,169343,256,0x7fff631104a8,0x7c4490,16,0x145ee07f0010,256,0x7fff631104b0,0x145ef75aa010,16) 5.42ms CNR:OFF Dyn:0 FastMM:1 TID:0  NThr:16
MKL_VERBOSE SGEMM(N,N,16,169343,256,0x7fff631104a8,0x7c4490,16,0x145ee07f0010,256,0x7fff631104b0,0x145ef75aa010,16) 5.43ms CNR:OFF Dyn:0 FastMM:1 TID:0  NThr:16
MKL_VERBOSE SGEMM(N,N,16,169343,256,0x7fff631104a8,0x7c4490,16,0x145ee07f0010,256,0x7fff631104b0,0x145ef75aa010,16) 5.26ms CNR:OFF Dyn:0 FastMM:1 TID:0  NThr:16
MKL_VERBOSE SGEMM(N,N,16,169343,256,0x7fff631104a8,0x7c4490,16,0x145ee07f0010,256,0x7fff631104b0,0x145ef75aa010,16) 5.26ms CNR:OFF Dyn:0 FastMM:1 TID:0  NThr:16
MKL_VERBOSE SGEMM(N,N,16,169343,256,0x7fff631104a8,0x7c4490,16,0x145ee07f0010,256,0x7fff631104b0,0x145ef75aa010,16) 5.25ms CNR:OFF Dyn:0 FastMM:1 TID:0  NThr:16
MKL_VERBOSE SGEMM(N,N,16,169343,256,0x7fff631104a8,0x7c4490,16,0x145ee07f0010,256,0x7fff631104b0,0x145ef75aa010,16) 5.26ms CNR:OFF Dyn:0 FastMM:1 TID:0  NThr:16
MKL_VERBOSE SGEMM(N,N,16,169343,256,0x7fff631104a8,0x7c4490,16,0x145ee07f0010,256,0x7fff631104b0,0x145ef75aa010,16) 5.25ms CNR:OFF Dyn:0 FastMM:1 TID:0  NThr:16
MKL_VERBOSE SGEMM(N,N,16,169343,256,0x7fff631104a8,0x7c4490,16,0x145ee07f0010,256,0x7fff631104b0,0x145ef75aa010,16) 5.31ms CNR:OFF Dyn:0 FastMM:1 TID:0  NThr:16
MKL_VERBOSE SGEMM(N,N,16,169343,256,0x7fff631104a8,0x7c4490,16,0x145ee07f0010,256,0x7fff631104b0,0x145ef75aa010,16) 5.23ms CNR:OFF Dyn:0 FastMM:1 TID:0  NThr:16
MICRO name=lr_reordered_fp32 layer=2 median_ms=5.747067 p95_ms=5.810859
MICRO name=lr_reordered_avx layer=2 median_ms=8.37219 p95_ms=8.603959
MICRO name=max_prescan layer=2 median_ms=0.559614 p95_ms=0.569078
MICRO name=weighted_spmm_score_exp layer=2 median_ms=30.609864 p95_ms=40.386159
