ENV mkl=2023.0.2 processor=Intel(R) Advanced Vector Extensions 512 (Intel(R) AVX-512) with Intel(R) DL Boost, bfloat16 support, Intel(R) AMX with bfloat16 and 8-bit integer support, and FP16 instructions threads=16 source_input=/home/huangjianqiang_group/hdacp1/data/wzh/GAT/baseline/../data/arxiv.gatbin checkpoint=/home/huangjianqiang_group/hdacp1/data/wzh/GAT/baseline/runs/arxiv-10808269/arxiv.weights profile=0 vendor_amx_status=UNVERIFIED_UNTIL_DISPATCH_EVIDENCE
STATIC degree_sort_ms=0 model_prepare_ms=1.86538 bytes=504832 graph_policy=as_loaded_no_mutation
CONFIG mode=micro path=standard_bf16 lr_policy=z_avx panel_R=64 layer=1 warmups=2 repeats=7
MICRO name=convert_rne layer=1 median_ms=3.3 p95_ms=3.33914
MKL_VERBOSE oneMKL 2023.0 Update 2 Product build 20230613 for Intel(R) 64 architecture Intel(R) Advanced Vector Extensions 512 (Intel(R) AVX-512) with Intel(R) DL Boost, bfloat16 support, Intel(R) AMX with bfloat16 and 8-bit integer support, and FP16 instructions, Lnx 3.10GHz lp64 intel_thread
MKL_VERBOSE GEMM_BF16BF16F32(N,N,256,169343,128,0x7ffdb14459e8,0x1767430,256,0x1537996a8010,128,0x7ffdb14459f0,0x15377a290010,256) 24.63ms CNR:OFF Dyn:0 FastMM:1 TID:0  NThr:16
MKL_VERBOSE GEMM_BF16BF16F32(N,N,256,169343,128,0x7ffdb14459e8,0x1767430,256,0x1537996a8010,128,0x7ffdb14459f0,0x15377a290010,256) 9.95ms CNR:OFF Dyn:0 FastMM:1 TID:0  NThr:16
MKL_VERBOSE GEMM_BF16BF16F32(N,N,256,169343,128,0x7ffdb14459e8,0x1767430,256,0x1537996a8010,128,0x7ffdb14459f0,0x15377a290010,256) 9.60ms CNR:OFF Dyn:0 FastMM:1 TID:0  NThr:16
MKL_VERBOSE GEMM_BF16BF16F32(N,N,256,169343,128,0x7ffdb14459e8,0x1767430,256,0x1537996a8010,128,0x7ffdb14459f0,0x15377a290010,256) 8.97ms CNR:OFF Dyn:0 FastMM:1 TID:0  NThr:16
MKL_VERBOSE GEMM_BF16BF16F32(N,N,256,169343,128,0x7ffdb14459e8,0x1767430,256,0x1537996a8010,128,0x7ffdb14459f0,0x15377a290010,256) 9.36ms CNR:OFF Dyn:0 FastMM:1 TID:0  NThr:16
MKL_VERBOSE GEMM_BF16BF16F32(N,N,256,169343,128,0x7ffdb14459e8,0x1767430,256,0x1537996a8010,128,0x7ffdb14459f0,0x15377a290010,256) 9.41ms CNR:OFF Dyn:0 FastMM:1 TID:0  NThr:16
MKL_VERBOSE GEMM_BF16BF16F32(N,N,256,169343,128,0x7ffdb14459e8,0x1767430,256,0x1537996a8010,128,0x7ffdb14459f0,0x15377a290010,256) 9.40ms CNR:OFF Dyn:0 FastMM:1 TID:0  NThr:16
MKL_VERBOSE GEMM_BF16BF16F32(N,N,256,169343,128,0x7ffdb14459e8,0x1767430,256,0x1537996a8010,128,0x7ffdb14459f0,0x15377a290010,256) 9.33ms CNR:OFF Dyn:0 FastMM:1 TID:0  NThr:16
MKL_VERBOSE GEMM_BF16BF16F32(N,N,256,169343,128,0x7ffdb14459e8,0x1767430,256,0x1537996a8010,128,0x7ffdb14459f0,0x15377a290010,256) 9.45ms CNR:OFF Dyn:0 FastMM:1 TID:0  NThr:16
MICRO name=projection_bf16 layer=1 median_ms=9.41126 p95_ms=9.61253
MICRO name=lr_z_avx layer=1 median_ms=5.38232 p95_ms=5.40976
MKL_VERBOSE SGEMM(N,N,2,169343,32,0x7ffdb14459b8,0x17c2100,2,0x15377a290010,256,0x7ffdb14459c0,0x1537d8098010,2) 1.46ms CNR:OFF Dyn:0 FastMM:1 TID:0  NThr:16
MKL_VERBOSE SGEMM(N,N,2,169343,32,0x7ffdb14459b8,0x17c2200,2,0x15377a290090,256,0x7ffdb14459c0,0x1537d8098010,2) 1.19ms CNR:OFF Dyn:0 FastMM:1 TID:0  NThr:16
MKL_VERBOSE SGEMM(N,N,2,169343,32,0x7ffdb14459b8,0x17c2300,2,0x15377a290110,256,0x7ffdb14459c0,0x1537d8098010,2) 1.22ms CNR:OFF Dyn:0 FastMM:1 TID:0  NThr:16
MKL_VERBOSE SGEMM(N,N,2,169343,32,0x7ffdb14459b8,0x17c2400,2,0x15377a290190,256,0x7ffdb14459c0,0x1537d8098010,2) 1.23ms CNR:OFF Dyn:0 FastMM:1 TID:0  NThr:16
MKL_VERBOSE SGEMM(N,N,2,169343,32,0x7ffdb14459b8,0x17c2500,2,0x15377a290210,256,0x7ffdb14459c0,0x1537d8098010,2) 1.25ms CNR:OFF Dyn:0 FastMM:1 TID:0  NThr:16
MKL_VERBOSE SGEMM(N,N,2,169343,32,0x7ffdb14459b8,0x17c2600,2,0x15377a290290,256,0x7ffdb14459c0,0x1537d8098010,2) 1.29ms CNR:OFF Dyn:0 FastMM:1 TID:0  NThr:16
MKL_VERBOSE SGEMM(N,N,2,169343,32,0x7ffdb14459b8,0x17c2700,2,0x15377a290310,256,0x7ffdb14459c0,0x1537d8098010,2) 1.34ms CNR:OFF Dyn:0 FastMM:1 TID:0  NThr:16
MKL_VERBOSE SGEMM(N,N,2,169343,32,0x7ffdb14459b8,0x17c2800,2,0x15377a290390,256,0x7ffdb14459c0,0x1537d8098010,2) 1.42ms CNR:OFF Dyn:0 FastMM:1 TID:0  NThr:16
MKL_VERBOSE SGEMM(N,N,2,169343,32,0x7ffdb14459b8,0x17c2100,2,0x15377a290010,256,0x7ffdb14459c0,0x1537d8098010,2) 1.38ms CNR:OFF Dyn:0 FastMM:1 TID:0  NThr:16
MKL_VERBOSE SGEMM(N,N,2,169343,32,0x7ffdb14459b8,0x17c2200,2,0x15377a290090,256,0x7ffdb14459c0,0x1537d8098010,2) 1.40ms CNR:OFF Dyn:0 FastMM:1 TID:0  NThr:16
MKL_VERBOSE SGEMM(N,N,2,169343,32,0x7ffdb14459b8,0x17c2300,2,0x15377a290110,256,0x7ffdb14459c0,0x1537d8098010,2) 1.39ms CNR:OFF Dyn:0 FastMM:1 TID:0  NThr:16
MKL_VERBOSE SGEMM(N,N,2,169343,32,0x7ffdb14459b8,0x17c2400,2,0x15377a290190,256,0x7ffdb14459c0,0x1537d8098010,2) 1.34ms CNR:OFF Dyn:0 FastMM:1 TID:0  NThr:16
MKL_VERBOSE SGEMM(N,N,2,169343,32,0x7ffdb14459b8,0x17c2500,2,0x15377a290210,256,0x7ffdb14459c0,0x1537d8098010,2) 1.38ms CNR:OFF Dyn:0 FastMM:1 TID:0  NThr:16
MKL_VERBOSE SGEMM(N,N,2,169343,32,0x7ffdb14459b8,0x17c2600,2,0x15377a290290,256,0x7ffdb14459c0,0x1537d8098010,2) 1.37ms CNR:OFF Dyn:0 FastMM:1 TID:0  NThr:16
MKL_VERBOSE SGEMM(N,N,2,169343,32,0x7ffdb14459b8,0x17c2700,2,0x15377a290310,256,0x7ffdb14459c0,0x1537d8098010,2) 1.45ms CNR:OFF Dyn:0 FastMM:1 TID:0  NThr:16
MKL_VERBOSE SGEMM(N,N,2,169343,32,0x7ffdb14459b8,0x17c2800,2,0x15377a290390,256,0x7ffdb14459c0,0x1537d8098010,2) 1.52ms CNR:OFF Dyn:0 FastMM:1 TID:0  NThr:16
MKL_VERBOSE SGEMM(N,N,2,169343,32,0x7ffdb14459b8,0x17c2100,2,0x15377a290010,256,0x7ffdb14459c0,0x1537d8098010,2) 1.37ms CNR:OFF Dyn:0 FastMM:1 TID:0  NThr:16
MKL_VERBOSE SGEMM(N,N,2,169343,32,0x7ffdb14459b8,0x17c2200,2,0x15377a290090,256,0x7ffdb14459c0,0x1537d8098010,2) 1.33ms CNR:OFF Dyn:0 FastMM:1 TID:0  NThr:16
MKL_VERBOSE SGEMM(N,N,2,169343,32,0x7ffdb14459b8,0x17c2300,2,0x15377a290110,256,0x7ffdb14459c0,0x1537d8098010,2) 1.38ms CNR:OFF Dyn:0 FastMM:1 TID:0  NThr:16
MKL_VERBOSE SGEMM(N,N,2,169343,32,0x7ffdb14459b8,0x17c2400,2,0x15377a290190,256,0x7ffdb14459c0,0x1537d8098010,2) 1.31ms CNR:OFF Dyn:0 FastMM:1 TID:0  NThr:16
MKL_VERBOSE SGEMM(N,N,2,169343,32,0x7ffdb14459b8,0x17c2500,2,0x15377a290210,256,0x7ffdb14459c0,0x1537d8098010,2) 1.30ms CNR:OFF Dyn:0 FastMM:1 TID:0  NThr:16
MKL_VERBOSE SGEMM(N,N,2,169343,32,0x7ffdb14459b8,0x17c2600,2,0x15377a290290,256,0x7ffdb14459c0,0x1537d8098010,2) 1.31ms CNR:OFF Dyn:0 FastMM:1 TID:0  NThr:16
MKL_VERBOSE SGEMM(N,N,2,169343,32,0x7ffdb14459b8,0x17c2700,2,0x15377a290310,256,0x7ffdb14459c0,0x1537d8098010,2) 1.37ms CNR:OFF Dyn:0 FastMM:1 TID:0  NThr:16
MKL_VERBOSE SGEMM(N,N,2,169343,32,0x7ffdb14459b8,0x17c2800,2,0x15377a290390,256,0x7ffdb14459c0,0x1537d8098010,2) 1.48ms CNR:OFF Dyn:0 FastMM:1 TID:0  NThr:16
MKL_VERBOSE SGEMM(N,N,2,169343,32,0x7ffdb14459b8,0x17c2100,2,0x15377a290010,256,0x7ffdb14459c0,0x1537d8098010,2) 1.43ms CNR:OFF Dyn:0 FastMM:1 TID:0  NThr:16
MKL_VERBOSE SGEMM(N,N,2,169343,32,0x7ffdb14459b8,0x17c2200,2,0x15377a290090,256,0x7ffdb14459c0,0x1537d8098010,2) 1.36ms CNR:OFF Dyn:0 FastMM:1 TID:0  NThr:16
MKL_VERBOSE SGEMM(N,N,2,169343,32,0x7ffdb14459b8,0x17c2300,2,0x15377a290110,256,0x7ffdb14459c0,0x1537d8098010,2) 1.39ms CNR:OFF Dyn:0 FastMM:1 TID:0  NThr:16
MKL_VERBOSE SGEMM(N,N,2,169343,32,0x7ffdb14459b8,0x17c2400,2,0x15377a290190,256,0x7ffdb14459c0,0x1537d8098010,2) 1.39ms CNR:OFF Dyn:0 FastMM:1 TID:0  NThr:16
MKL_VERBOSE SGEMM(N,N,2,169343,32,0x7ffdb14459b8,0x17c2500,2,0x15377a290210,256,0x7ffdb14459c0,0x1537d8098010,2) 1.36ms CNR:OFF Dyn:0 FastMM:1 TID:0  NThr:16
MKL_VERBOSE SGEMM(N,N,2,169343,32,0x7ffdb14459b8,0x17c2600,2,0x15377a290290,256,0x7ffdb14459c0,0x1537d8098010,2) 1.39ms CNR:OFF Dyn:0 FastMM:1 TID:0  NThr:16
MKL_VERBOSE SGEMM(N,N,2,169343,32,0x7ffdb14459b8,0x17c2700,2,0x15377a290310,256,0x7ffdb14459c0,0x1537d8098010,2) 1.48ms CNR:OFF Dyn:0 FastMM:1 TID:0  NThr:16
MKL_VERBOSE SGEMM(N,N,2,169343,32,0x7ffdb14459b8,0x17c2800,2,0x15377a290390,256,0x7ffdb14459c0,0x1537d8098010,2) 1.54ms CNR:OFF Dyn:0 FastMM:1 TID:0  NThr:16
MKL_VERBOSE SGEMM(N,N,2,169343,32,0x7ffdb14459b8,0x17c2100,2,0x15377a290010,256,0x7ffdb14459c0,0x1537d8098010,2) 1.44ms CNR:OFF Dyn:0 FastMM:1 TID:0  NThr:16
MKL_VERBOSE SGEMM(N,N,2,169343,32,0x7ffdb14459b8,0x17c2200,2,0x15377a290090,256,0x7ffdb14459c0,0x1537d8098010,2) 1.37ms CNR:OFF Dyn:0 FastMM:1 TID:0  NThr:16
MKL_VERBOSE SGEMM(N,N,2,169343,32,0x7ffdb14459b8,0x17c2300,2,0x15377a290110,256,0x7ffdb14459c0,0x1537d8098010,2) 1.43ms CNR:OFF Dyn:0 FastMM:1 TID:0  NThr:16
MKL_VERBOSE SGEMM(N,N,2,169343,32,0x7ffdb14459b8,0x17c2400,2,0x15377a290190,256,0x7ffdb14459c0,0x1537d8098010,2) 1.35ms CNR:OFF Dyn:0 FastMM:1 TID:0  NThr:16
MKL_VERBOSE SGEMM(N,N,2,169343,32,0x7ffdb14459b8,0x17c2500,2,0x15377a290210,256,0x7ffdb14459c0,0x1537d8098010,2) 1.32ms CNR:OFF Dyn:0 FastMM:1 TID:0  NThr:16
MKL_VERBOSE SGEMM(N,N,2,169343,32,0x7ffdb14459b8,0x17c2600,2,0x15377a290290,256,0x7ffdb14459c0,0x1537d8098010,2) 1.35ms CNR:OFF Dyn:0 FastMM:1 TID:0  NThr:16
MKL_VERBOSE SGEMM(N,N,2,169343,32,0x7ffdb14459b8,0x17c2700,2,0x15377a290310,256,0x7ffdb14459c0,0x1537d8098010,2) 1.44ms CNR:OFF Dyn:0 FastMM:1 TID:0  NThr:16
MKL_VERBOSE SGEMM(N,N,2,169343,32,0x7ffdb14459b8,0x17c2800,2,0x15377a290390,256,0x7ffdb14459c0,0x1537d8098010,2) 1.50ms CNR:OFF Dyn:0 FastMM:1 TID:0  NThr:16
MKL_VERBOSE SGEMM(N,N,2,169343,32,0x7ffdb14459b8,0x17c2100,2,0x15377a290010,256,0x7ffdb14459c0,0x1537d8098010,2) 1.43ms CNR:OFF Dyn:0 FastMM:1 TID:0  NThr:16
MKL_VERBOSE SGEMM(N,N,2,169343,32,0x7ffdb14459b8,0x17c2200,2,0x15377a290090,256,0x7ffdb14459c0,0x1537d8098010,2) 1.33ms CNR:OFF Dyn:0 FastMM:1 TID:0  NThr:16
MKL_VERBOSE SGEMM(N,N,2,169343,32,0x7ffdb14459b8,0x17c2300,2,0x15377a290110,256,0x7ffdb14459c0,0x1537d8098010,2) 1.37ms CNR:OFF Dyn:0 FastMM:1 TID:0  NThr:16
MKL_VERBOSE SGEMM(N,N,2,169343,32,0x7ffdb14459b8,0x17c2400,2,0x15377a290190,256,0x7ffdb14459c0,0x1537d8098010,2) 1.34ms CNR:OFF Dyn:0 FastMM:1 TID:0  NThr:16
MKL_VERBOSE SGEMM(N,N,2,169343,32,0x7ffdb14459b8,0x17c2500,2,0x15377a290210,256,0x7ffdb14459c0,0x1537d8098010,2) 1.35ms CNR:OFF Dyn:0 FastMM:1 TID:0  NThr:16
MKL_VERBOSE SGEMM(N,N,2,169343,32,0x7ffdb14459b8,0x17c2600,2,0x15377a290290,256,0x7ffdb14459c0,0x1537d8098010,2) 1.35ms CNR:OFF Dyn:0 FastMM:1 TID:0  NThr:16
MKL_VERBOSE SGEMM(N,N,2,169343,32,0x7ffdb14459b8,0x17c2700,2,0x15377a290310,256,0x7ffdb14459c0,0x1537d8098010,2) 1.47ms CNR:OFF Dyn:0 FastMM:1 TID:0  NThr:16
MKL_VERBOSE SGEMM(N,N,2,169343,32,0x7ffdb14459b8,0x17c2800,2,0x15377a290390,256,0x7ffdb14459c0,0x1537d8098010,2) 1.51ms CNR:OFF Dyn:0 FastMM:1 TID:0  NThr:16
MKL_VERBOSE SGEMM(N,N,2,169343,32,0x7ffdb14459b8,0x17c2100,2,0x15377a290010,256,0x7ffdb14459c0,0x1537d8098010,2) 1.44ms CNR:OFF Dyn:0 FastMM:1 TID:0  NThr:16
MKL_VERBOSE SGEMM(N,N,2,169343,32,0x7ffdb14459b8,0x17c2200,2,0x15377a290090,256,0x7ffdb14459c0,0x1537d8098010,2) 1.32ms CNR:OFF Dyn:0 FastMM:1 TID:0  NThr:16
MKL_VERBOSE SGEMM(N,N,2,169343,32,0x7ffdb14459b8,0x17c2300,2,0x15377a290110,256,0x7ffdb14459c0,0x1537d8098010,2) 1.38ms CNR:OFF Dyn:0 FastMM:1 TID:0  NThr:16
MKL_VERBOSE SGEMM(N,N,2,169343,32,0x7ffdb14459b8,0x17c2400,2,0x15377a290190,256,0x7ffdb14459c0,0x1537d8098010,2) 1.33ms CNR:OFF Dyn:0 FastMM:1 TID:0  NThr:16
MKL_VERBOSE SGEMM(N,N,2,169343,32,0x7ffdb14459b8,0x17c2500,2,0x15377a290210,256,0x7ffdb14459c0,0x1537d8098010,2) 1.37ms CNR:OFF Dyn:0 FastMM:1 TID:0  NThr:16
MKL_VERBOSE SGEMM(N,N,2,169343,32,0x7ffdb14459b8,0x17c2600,2,0x15377a290290,256,0x7ffdb14459c0,0x1537d8098010,2) 1.36ms CNR:OFF Dyn:0 FastMM:1 TID:0  NThr:16
MKL_VERBOSE SGEMM(N,N,2,169343,32,0x7ffdb14459b8,0x17c2700,2,0x15377a290310,256,0x7ffdb14459c0,0x1537d8098010,2) 1.47ms CNR:OFF Dyn:0 FastMM:1 TID:0  NThr:16
MKL_VERBOSE SGEMM(N,N,2,169343,32,0x7ffdb14459b8,0x17c2800,2,0x15377a290390,256,0x7ffdb14459c0,0x1537d8098010,2) 1.52ms CNR:OFF Dyn:0 FastMM:1 TID:0  NThr:16
MKL_VERBOSE SGEMM(N,N,2,169343,32,0x7ffdb14459b8,0x17c2100,2,0x15377a290010,256,0x7ffdb14459c0,0x1537d8098010,2) 1.42ms CNR:OFF Dyn:0 FastMM:1 TID:0  NThr:16
MKL_VERBOSE SGEMM(N,N,2,169343,32,0x7ffdb14459b8,0x17c2200,2,0x15377a290090,256,0x7ffdb14459c0,0x1537d8098010,2) 1.34ms CNR:OFF Dyn:0 FastMM:1 TID:0  NThr:16
MKL_VERBOSE SGEMM(N,N,2,169343,32,0x7ffdb14459b8,0x17c2300,2,0x15377a290110,256,0x7ffdb14459c0,0x1537d8098010,2) 1.38ms CNR:OFF Dyn:0 FastMM:1 TID:0  NThr:16
MKL_VERBOSE SGEMM(N,N,2,169343,32,0x7ffdb14459b8,0x17c2400,2,0x15377a290190,256,0x7ffdb14459c0,0x1537d8098010,2) 1.33ms CNR:OFF Dyn:0 FastMM:1 TID:0  NThr:16
MKL_VERBOSE SGEMM(N,N,2,169343,32,0x7ffdb14459b8,0x17c2500,2,0x15377a290210,256,0x7ffdb14459c0,0x1537d8098010,2) 1.34ms CNR:OFF Dyn:0 FastMM:1 TID:0  NThr:16
MKL_VERBOSE SGEMM(N,N,2,169343,32,0x7ffdb14459b8,0x17c2600,2,0x15377a290290,256,0x7ffdb14459c0,0x1537d8098010,2) 1.35ms CNR:OFF Dyn:0 FastMM:1 TID:0  NThr:16
MKL_VERBOSE SGEMM(N,N,2,169343,32,0x7ffdb14459b8,0x17c2700,2,0x15377a290310,256,0x7ffdb14459c0,0x1537d8098010,2) 1.44ms CNR:OFF Dyn:0 FastMM:1 TID:0  NThr:16
MKL_VERBOSE SGEMM(N,N,2,169343,32,0x7ffdb14459b8,0x17c2800,2,0x15377a290390,256,0x7ffdb14459c0,0x1537d8098010,2) 1.53ms CNR:OFF Dyn:0 FastMM:1 TID:0  NThr:16
MKL_VERBOSE SGEMM(N,N,2,169343,32,0x7ffdb14459b8,0x17c2100,2,0x15377a290010,256,0x7ffdb14459c0,0x1537d8098010,2) 1.41ms CNR:OFF Dyn:0 FastMM:1 TID:0  NThr:16
MKL_VERBOSE SGEMM(N,N,2,169343,32,0x7ffdb14459b8,0x17c2200,2,0x15377a290090,256,0x7ffdb14459c0,0x1537d8098010,2) 1.34ms CNR:OFF Dyn:0 FastMM:1 TID:0  NThr:16
MKL_VERBOSE SGEMM(N,N,2,169343,32,0x7ffdb14459b8,0x17c2300,2,0x15377a290110,256,0x7ffdb14459c0,0x1537d8098010,2) 1.39ms CNR:OFF Dyn:0 FastMM:1 TID:0  NThr:16
MKL_VERBOSE SGEMM(N,N,2,169343,32,0x7ffdb14459b8,0x17c2400,2,0x15377a290190,256,0x7ffdb14459c0,0x1537d8098010,2) 1.34ms CNR:OFF Dyn:0 FastMM:1 TID:0  NThr:16
MKL_VERBOSE SGEMM(N,N,2,169343,32,0x7ffdb14459b8,0x17c2500,2,0x15377a290210,256,0x7ffdb14459c0,0x1537d8098010,2) 1.33ms CNR:OFF Dyn:0 FastMM:1 TID:0  NThr:16
MKL_VERBOSE SGEMM(N,N,2,169343,32,0x7ffdb14459b8,0x17c2600,2,0x15377a290290,256,0x7ffdb14459c0,0x1537d8098010,2) 1.35ms CNR:OFF Dyn:0 FastMM:1 TID:0  NThr:16
MKL_VERBOSE SGEMM(N,N,2,169343,32,0x7ffdb14459b8,0x17c2700,2,0x15377a290310,256,0x7ffdb14459c0,0x1537d8098010,2) 1.42ms CNR:OFF Dyn:0 FastMM:1 TID:0  NThr:16
MKL_VERBOSE SGEMM(N,N,2,169343,32,0x7ffdb14459b8,0x17c2800,2,0x15377a290390,256,0x7ffdb14459c0,0x1537d8098010,2) 1.54ms CNR:OFF Dyn:0 FastMM:1 TID:0  NThr:16
MICRO name=lr_z_sgemm_static_workspace layer=1 median_ms=12.1031 p95_ms=12.3092
ERROR path=micro layer=1 stage=lr_z_mkl_vs_avx_L finite=1 max_abs=2.980232239e-07 mean_abs=2.010335604e-08 relative_l2=1.234365755e-07 rmse=2.865999135e-08 p50=1.490116119e-08 p90=4.470348358e-08 p99=8.940696716e-08
MKL_VERBOSE GEMM_BF16BF16F32(N,N,16,169343,128,0x7ffdb1445978,0x1779450,16,0x1537996a8010,128,0x7ffdb1445980,0x1537b8cf4010,16) 1.51ms CNR:OFF Dyn:0 FastMM:1 TID:0  NThr:16
MKL_VERBOSE GEMM_BF16BF16F32(N,N,16,169343,128,0x7ffdb1445978,0x1779450,16,0x1537996a8010,128,0x7ffdb1445980,0x1537b8cf4010,16) 1.17ms CNR:OFF Dyn:0 FastMM:1 TID:0  NThr:16
MKL_VERBOSE GEMM_BF16BF16F32(N,N,16,169343,128,0x7ffdb1445978,0x1779450,16,0x1537996a8010,128,0x7ffdb1445980,0x1537b8cf4010,16) 1.04ms CNR:OFF Dyn:0 FastMM:1 TID:0  NThr:16
MKL_VERBOSE GEMM_BF16BF16F32(N,N,16,169343,128,0x7ffdb1445978,0x1779450,16,0x1537996a8010,128,0x7ffdb1445980,0x1537b8cf4010,16) 1.07ms CNR:OFF Dyn:0 FastMM:1 TID:0  NThr:16
MKL_VERBOSE GEMM_BF16BF16F32(N,N,16,169343,128,0x7ffdb1445978,0x1779450,16,0x1537996a8010,128,0x7ffdb1445980,0x1537b8cf4010,16) 1.02ms CNR:OFF Dyn:0 FastMM:1 TID:0  NThr:16
MKL_VERBOSE GEMM_BF16BF16F32(N,N,16,169343,128,0x7ffdb1445978,0x1779450,16,0x1537996a8010,128,0x7ffdb1445980,0x1537b8cf4010,16) 1.04ms CNR:OFF Dyn:0 FastMM:1 TID:0  NThr:16
MKL_VERBOSE GEMM_BF16BF16F32(N,N,16,169343,128,0x7ffdb1445978,0x1779450,16,0x1537996a8010,128,0x7ffdb1445980,0x1537b8cf4010,16) 993.67us CNR:OFF Dyn:0 FastMM:1 TID:0  NThr:16
MKL_VERBOSE GEMM_BF16BF16F32(N,N,16,169343,128,0x7ffdb1445978,0x1779450,16,0x1537996a8010,128,0x7ffdb1445980,0x1537b8cf4010,16) 951.49us CNR:OFF Dyn:0 FastMM:1 TID:0  NThr:16
MKL_VERBOSE GEMM_BF16BF16F32(N,N,16,169343,128,0x7ffdb1445978,0x1779450,16,0x1537996a8010,128,0x7ffdb1445980,0x1537b8cf4010,16) 974.67us CNR:OFF Dyn:0 FastMM:1 TID:0  NThr:16
MICRO name=lr_reordered_bf16 layer=1 median_ms=1.334905 p95_ms=1.40666
MKL_VERBOSE SGEMM(N,N,16,169343,128,0x7ffdb1445978,0x1777440,16,0x15378ed50010,128,0x7ffdb1445980,0x1537b8cf4010,16) 3.40ms CNR:OFF Dyn:0 FastMM:1 TID:0  NThr:16
MKL_VERBOSE SGEMM(N,N,16,169343,128,0x7ffdb1445978,0x1777440,16,0x15378ed50010,128,0x7ffdb1445980,0x1537b8cf4010,16) 3.41ms CNR:OFF Dyn:0 FastMM:1 TID:0  NThr:16
MKL_VERBOSE SGEMM(N,N,16,169343,128,0x7ffdb1445978,0x1777440,16,0x15378ed50010,128,0x7ffdb1445980,0x1537b8cf4010,16) 3.46ms CNR:OFF Dyn:0 FastMM:1 TID:0  NThr:16
MKL_VERBOSE SGEMM(N,N,16,169343,128,0x7ffdb1445978,0x1777440,16,0x15378ed50010,128,0x7ffdb1445980,0x1537b8cf4010,16) 3.43ms CNR:OFF Dyn:0 FastMM:1 TID:0  NThr:16
MKL_VERBOSE SGEMM(N,N,16,169343,128,0x7ffdb1445978,0x1777440,16,0x15378ed50010,128,0x7ffdb1445980,0x1537b8cf4010,16) 3.49ms CNR:OFF Dyn:0 FastMM:1 TID:0  NThr:16
MKL_VERBOSE SGEMM(N,N,16,169343,128,0x7ffdb1445978,0x1777440,16,0x15378ed50010,128,0x7ffdb1445980,0x1537b8cf4010,16) 3.46ms CNR:OFF Dyn:0 FastMM:1 TID:0  NThr:16
MKL_VERBOSE SGEMM(N,N,16,169343,128,0x7ffdb1445978,0x1777440,16,0x15378ed50010,128,0x7ffdb1445980,0x1537b8cf4010,16) 3.48ms CNR:OFF Dyn:0 FastMM:1 TID:0  NThr:16
MKL_VERBOSE SGEMM(N,N,16,169343,128,0x7ffdb1445978,0x1777440,16,0x15378ed50010,128,0x7ffdb1445980,0x1537b8cf4010,16) 3.49ms CNR:OFF Dyn:0 FastMM:1 TID:0  NThr:16
MKL_VERBOSE SGEMM(N,N,16,169343,128,0x7ffdb1445978,0x1777440,16,0x15378ed50010,128,0x7ffdb1445980,0x1537b8cf4010,16) 3.49ms CNR:OFF Dyn:0 FastMM:1 TID:0  NThr:16
MICRO name=lr_reordered_fp32 layer=1 median_ms=4.013375 p95_ms=4.042578
MICRO name=lr_reordered_avx layer=1 median_ms=4.338657 p95_ms=4.371917
MICRO name=max_prescan layer=1 median_ms=0.763918 p95_ms=0.767708
MICRO name=weighted_spmm_score_exp layer=1 median_ms=33.134208 p95_ms=37.241385
