ENV mkl=2023.0.2 processor=Intel(R) Advanced Vector Extensions 512 (Intel(R) AVX-512) with Intel(R) DL Boost, bfloat16 support, Intel(R) AMX with bfloat16 and 8-bit integer support, and FP16 instructions threads=16 source_input=/home/huangjianqiang_group/hdacp1/data/wzh/GAT/baseline/runs/arxiv-10808269/oracle.gatbin checkpoint=/home/huangjianqiang_group/hdacp1/data/wzh/GAT/baseline/runs/arxiv-10808269/oracle.weights profile=0 vendor_amx_status=UNVERIFIED_UNTIL_DISPATCH_EVIDENCE
STATIC degree_sort_ms=0.00554 model_prepare_ms=9.87758 bytes=504972 graph_policy=as_loaded_no_mutation
CONFIG mode=correctness path=standard_bf16 lr_policy=z_avx panel_R=64 layer=0 warmups=2 repeats=5
ERROR path=quantized_XW_fp32_accum layer=1 stage=Z finite=1 max_abs=0.003297626972 mean_abs=0.0006160570199 relative_l2=0.002223072191 rmse=0.0007730821627 p50=0.0005254894495 p90=0.001267910004 p99=0.001998335123
ERROR path=quantized_XW_fp32_accum layer=1 stage=layer finite=1 max_abs=0.002696681768 mean_abs=0.0002501460472 relative_l2=0.002700152777 rmse=0.0003520725742 p50=0.0001910701394 p90=0.0005501313135 p99=0.001193899661
ERROR path=standard_fp32 layer=1 stage=Z finite=1 max_abs=0 mean_abs=0 relative_l2=0 rmse=0 p50=0 p90=0 p99=0
ERROR path=standard_fp32 layer=1 stage=Z_accum_vs_quantized_fp32 finite=1 max_abs=0.003297626972 mean_abs=0.0006160570199 relative_l2=0.002223364355 rmse=0.0007730821627 p50=0.0005254894495 p90=0.001267910004 p99=0.001998335123
ERROR path=standard_fp32 layer=1 stage=L finite=1 max_abs=1.192092896e-07 mean_abs=2.898471264e-08 relative_l2=1.183600213e-07 rmse=4.010684173e-08 p50=2.980232239e-08 p90=5.960464478e-08 p99=1.192092896e-07
ERROR path=standard_fp32 layer=1 stage=R finite=1 max_abs=1.490116119e-07 mean_abs=2.581842377e-08 relative_l2=1.396092515e-07 rmse=3.617315945e-08 p50=2.607703209e-08 p90=5.960464478e-08 p99=1.043081284e-07
ERROR path=standard_fp32 layer=1 stage=row_max finite=1 max_abs=1.937150955e-07 mean_abs=3.406052461e-08 relative_l2=1.197095449e-07 rmse=5.220336475e-08 p50=1.789885573e-08 p90=8.940696716e-08 p99=1.788139343e-07
ERROR path=standard_fp32 layer=1 stage=denominator finite=1 max_abs=2.288818359e-05 mean_abs=1.284905842e-06 relative_l2=8.52657852e-08 rmse=3.108842839e-06 p50=0 p90=3.814697266e-06 p99=1.907348633e-05
ERROR path=standard_fp32 layer=1 stage=layer finite=1 max_abs=3.725290298e-07 mean_abs=3.963969074e-08 relative_l2=4.71836136e-07 rmse=6.152265324e-08 p50=1.862645149e-08 p90=1.14319846e-07 p99=1.806765795e-07
{"path":"standard_fp32","mode":"correctness","layer":1,"rep":0,"N":35,"E":1083,"D":128,"K":8,"d":32,"threads":16,"profile":false,"precision":"FP32","projection_ms":0.011657,"lr_ms":0.00435,"max_prescan_ms":0.062387,"score_exp_aggregate_ms":0.047323,"normalize_ms":0.004185,"activation_ms":0.003097,"convert_ms":4.2e-05,"total_ms":0.133409,"workspace_bytes":76160,"static_preprocess_ms":9.883121,"panel_R":64,"tile_rows":16,"score_exp_worker_ms":0,"gather_weight_convert_worker_ms":0,"tile_load_worker_ms":0,"gather_load_worker_ms":0,"p_times_x_convert_worker_ms":0,"weighted_spmm_worker_ms":0,"amx_compute_worker_ms":0,"tile_store_worker_ms":0,"tile_config_worker_ms":0,"scheduling_worker_ms":0,"output_write_worker_ms":0,"neighbor_steps":0,"executed_fma":0,"padding_executed_flops":0}
ERROR path=standard_bf16 layer=1 stage=Z finite=1 max_abs=0.003297626972 mean_abs=0.0006160568883 relative_l2=0.002223071989 rmse=0.0007730820925 p50=0.0005255043507 p90=0.001267910004 p99=0.001998364925
ERROR path=standard_bf16 layer=1 stage=Z_accum_vs_quantized_fp32 finite=1 max_abs=2.384185791e-07 mean_abs=1.300712548e-08 relative_l2=7.024452282e-08 rmse=2.442460117e-08 p50=0 p90=2.980232239e-08 p99=7.450580597e-08
ERROR path=standard_bf16 layer=1 stage=L finite=1 max_abs=0.002328634262 mean_abs=0.00061708806 relative_l2=0.002338572025 rmse=0.0007924359682 p50=0.0004883408546 p90=0.001399606466 p99=0.002073273063
ERROR path=standard_bf16 layer=1 stage=R finite=1 max_abs=0.002153158188 mean_abs=0.0006932907314 relative_l2=0.003317572996 rmse=0.0008595927255 p50=0.0005869865417 p90=0.001491583884 p99=0.002064216416
ERROR path=standard_bf16 layer=1 stage=row_max finite=1 max_abs=0.002879858017 mean_abs=0.000693338872 relative_l2=0.002194802255 rmse=0.0009571171856 p50=0.0004855692387 p90=0.001737982035 p99=0.002470821142
ERROR path=standard_bf16 layer=1 stage=denominator finite=1 max_abs=0.1042633057 mean_abs=0.01096809549 relative_l2=0.0005426974962 rmse=0.01978708366 p50=0.004867553711 p90=0.03317642212 p99=0.08810424805
ERROR path=standard_bf16 layer=1 stage=layer finite=1 max_abs=0.002696696669 mean_abs=0.0002501436443 relative_l2=0.002700141424 rmse=0.0003520710939 p50=0.0001911222935 p90=0.0005501201376 p99=0.001193847507
{"path":"standard_bf16","mode":"correctness","layer":1,"rep":0,"N":35,"E":1083,"D":128,"K":8,"d":32,"threads":16,"profile":false,"precision":"BF16_RNE_FP32_state","projection_ms":0.280271,"lr_ms":0.004108,"max_prescan_ms":0.00336,"score_exp_aggregate_ms":0.048008,"normalize_ms":0.004368,"activation_ms":0.003212,"convert_ms":0.002568,"total_ms":0.346108,"workspace_bytes":85120,"static_preprocess_ms":9.883121,"panel_R":64,"tile_rows":16,"score_exp_worker_ms":0,"gather_weight_convert_worker_ms":0,"tile_load_worker_ms":0,"gather_load_worker_ms":0,"p_times_x_convert_worker_ms":0,"weighted_spmm_worker_ms":0,"amx_compute_worker_ms":0,"tile_store_worker_ms":0,"tile_config_worker_ms":0,"scheduling_worker_ms":0,"output_write_worker_ms":0,"neighbor_steps":0,"executed_fma":0,"padding_executed_flops":0}
ERROR path=tfs_bf16 layer=1 stage=L finite=1 max_abs=0.00280290097 mean_abs=0.0008098884234 relative_l2=0.002957061122 rmse=0.001002013865 p50=0.0007109194994 p90=0.001630976796 p99=0.002399384975
ERROR path=tfs_bf16 layer=1 stage=R finite=1 max_abs=0.002098947763 mean_abs=0.0006137368477 relative_l2=0.002960136842 rmse=0.0007669799877 p50=0.0004981458187 p90=0.001249015331 p99=0.002022176981
ERROR path=tfs_bf16 layer=1 stage=row_max finite=1 max_abs=0.003044784069 mean_abs=0.0007492438219 relative_l2=0.00234875062 rmse=0.001024251537 p50=0.0005684196949 p90=0.001862227917 p99=0.002690970898
ERROR path=tfs_bf16 layer=1 stage=denominator finite=1 max_abs=0.1900787354 mean_abs=0.0122517458 relative_l2=0.0006817325182 rmse=0.02485638586 p50=0.005577087402 p90=0.03237342834 p99=0.1242370605
ERROR path=tfs_bf16 layer=1 stage=layer finite=1 max_abs=0.002696696669 mean_abs=0.0002936565504 relative_l2=0.003080991217 rmse=0.0004017300495 p50=0.0002304054797 p90=0.0006415694952 p99=0.0012357831
{"path":"tfs_bf16","mode":"correctness","layer":1,"rep":0,"N":35,"E":1083,"D":128,"K":8,"d":32,"threads":16,"profile":false,"precision":"BF16_RNE_FP32_state","projection_ms":0,"lr_ms":0.048274,"max_prescan_ms":0.004201,"score_exp_aggregate_ms":0.626771,"normalize_ms":0.002991,"activation_ms":0.005229,"convert_ms":0.00214,"total_ms":0.689786,"workspace_bytes":182592,"static_preprocess_ms":9.883121,"panel_R":64,"tile_rows":16,"score_exp_worker_ms":0,"gather_weight_convert_worker_ms":0,"tile_load_worker_ms":0,"gather_load_worker_ms":0,"p_times_x_convert_worker_ms":0,"weighted_spmm_worker_ms":0,"amx_compute_worker_ms":0,"tile_store_worker_ms":0,"tile_config_worker_ms":0,"scheduling_worker_ms":0,"output_write_worker_ms":0,"neighbor_steps":0,"executed_fma":0,"padding_executed_flops":0}
ERROR path=matched_attention layer=1 stage=Z finite=1 max_abs=0.003297626972 mean_abs=0.0006160568883 relative_l2=0.002223071989 rmse=0.0007730820925 p50=0.0005255043507 p90=0.001267910004 p99=0.001998364925
ERROR path=matched_attention layer=1 stage=Z_accum_vs_quantized_fp32 finite=1 max_abs=2.384185791e-07 mean_abs=1.300712548e-08 relative_l2=7.024452282e-08 rmse=2.442460117e-08 p50=0 p90=2.980232239e-08 p99=7.450580597e-08
ERROR path=matched_attention layer=1 stage=L finite=1 max_abs=0.00280290097 mean_abs=0.0008098884234 relative_l2=0.002957061122 rmse=0.001002013865 p50=0.0007109194994 p90=0.001630976796 p99=0.002399384975
ERROR path=matched_attention layer=1 stage=R finite=1 max_abs=0.002098947763 mean_abs=0.0006137368477 relative_l2=0.002960136842 rmse=0.0007669799877 p50=0.0004981458187 p90=0.001249015331 p99=0.002022176981
ERROR path=matched_attention layer=1 stage=row_max finite=1 max_abs=0.003044784069 mean_abs=0.0007492438219 relative_l2=0.00234875062 rmse=0.001024251537 p50=0.0005684196949 p90=0.001862227917 p99=0.002690970898
ERROR path=matched_attention layer=1 stage=denominator finite=1 max_abs=0.1900787354 mean_abs=0.0122517458 relative_l2=0.0006817325182 rmse=0.02485638586 p50=0.005577087402 p90=0.03237342834 p99=0.1242370605
ERROR path=matched_attention layer=1 stage=layer finite=1 max_abs=0.002696696669 mean_abs=0.0002500983728 relative_l2=0.002709063747 rmse=0.0003532344745 p50=0.0001900084317 p90=0.0005532726645 p99=0.001193523407
{"path":"matched_attention","mode":"correctness","layer":1,"rep":0,"N":35,"E":1083,"D":128,"K":8,"d":32,"threads":16,"profile":false,"precision":"BF16_RNE_FP32_state","projection_ms":0.010743,"lr_ms":0.032268,"max_prescan_ms":0.00402,"score_exp_aggregate_ms":0.043849,"normalize_ms":0.003899,"activation_ms":0.002973,"convert_ms":0.002368,"total_ms":0.100646,"workspace_bytes":87360,"static_preprocess_ms":9.883121,"panel_R":64,"tile_rows":16,"score_exp_worker_ms":0,"gather_weight_convert_worker_ms":0,"tile_load_worker_ms":0,"gather_load_worker_ms":0,"p_times_x_convert_worker_ms":0,"weighted_spmm_worker_ms":0,"amx_compute_worker_ms":0,"tile_store_worker_ms":0,"tile_config_worker_ms":0,"scheduling_worker_ms":0,"output_write_worker_ms":0,"neighbor_steps":0,"executed_fma":0,"padding_executed_flops":0}
ERROR path=attention_reorder_fp32 layer=1 stage=L finite=1 max_abs=4.768371582e-07 mean_abs=8.677618877e-08 relative_l2=3.264469477e-07 rmse=1.106180611e-07 p50=7.450580597e-08 p90=1.788139343e-07 p99=2.980232239e-07
ERROR path=attention_reorder_fp32 layer=1 stage=R finite=1 max_abs=3.278255463e-07 mean_abs=8.452417595e-08 relative_l2=4.272122501e-07 rmse=1.106919254e-07 p50=6.705522537e-08 p90=1.788139343e-07 p99=3.129243851e-07
ERROR path=quantized_XW_fp32_accum layer=2 stage=Z finite=1 max_abs=0.002652160823 mean_abs=0.0001869657389 relative_l2=0.002219537814 rmse=0.0003008819964 p50=0.0001210831106 p90=0.000413896516 p99=0.001200437546
ERROR path=quantized_XW_fp32_accum layer=2 stage=layer finite=1 max_abs=0.00138975773 mean_abs=0.0001142136046 relative_l2=0.002139701531 rmse=0.0001589403566 p50=8.696410805e-05 p90=0.0002562999725 p99=0.0005057305098
ERROR path=standard_fp32 layer=2 stage=Z finite=1 max_abs=0 mean_abs=0 relative_l2=0 rmse=0 p50=0 p90=0 p99=0
ERROR path=standard_fp32 layer=2 stage=Z_accum_vs_quantized_fp32 finite=1 max_abs=0.002652160823 mean_abs=0.0001869657389 relative_l2=0.002219302087 rmse=0.0003008819964 p50=0.0001210831106 p90=0.000413896516 p99=0.001200437546
ERROR path=standard_fp32 layer=2 stage=L finite=1 max_abs=5.960464478e-08 mean_abs=8.512870409e-09 relative_l2=9.68646956e-08 rmse=1.568375461e-08 p50=3.725290298e-09 p90=2.235174179e-08 p99=5.960464478e-08
ERROR path=standard_fp32 layer=2 stage=R finite=1 max_abs=1.192092896e-07 mean_abs=9.425691262e-09 relative_l2=1.204838034e-07 rmse=1.756299856e-08 p50=5.587935448e-09 p90=2.235174179e-08 p99=8.940696716e-08
ERROR path=standard_fp32 layer=2 stage=row_max finite=1 max_abs=1.490116119e-07 mean_abs=1.24287908e-08 relative_l2=1.150838718e-07 rmse=2.536013213e-08 p50=1.862645149e-09 p90=2.980232239e-08 p99=1.192092896e-07
ERROR path=standard_fp32 layer=2 stage=denominator finite=1 max_abs=3.814697266e-05 mean_abs=1.550572259e-06 relative_l2=1.179198227e-07 rmse=4.813584486e-06 p50=0 p90=3.814697266e-06 p99=3.051757812e-05
ERROR path=standard_fp32 layer=2 stage=layer finite=1 max_abs=2.682209015e-07 mean_abs=3.722347494e-08 relative_l2=8.086332288e-07 rmse=6.006653355e-08 p50=1.490116119e-08 p90=1.11758709e-07 p99=1.75088644e-07
{"path":"standard_fp32","mode":"correctness","layer":2,"rep":0,"N":35,"E":1083,"D":256,"K":8,"d":32,"threads":16,"profile":false,"precision":"FP32","projection_ms":0.013772,"lr_ms":0.004708,"max_prescan_ms":0.003763,"score_exp_aggregate_ms":0.047647,"normalize_ms":0.003678,"activation_ms":0.005468,"convert_ms":4.2e-05,"total_ms":0.079317,"workspace_bytes":76160,"static_preprocess_ms":9.883121,"panel_R":64,"tile_rows":16,"score_exp_worker_ms":0,"gather_weight_convert_worker_ms":0,"tile_load_worker_ms":0,"gather_load_worker_ms":0,"p_times_x_convert_worker_ms":0,"weighted_spmm_worker_ms":0,"amx_compute_worker_ms":0,"tile_store_worker_ms":0,"tile_config_worker_ms":0,"scheduling_worker_ms":0,"output_write_worker_ms":0,"neighbor_steps":0,"executed_fma":0,"padding_executed_flops":0}
ERROR path=standard_bf16 layer=2 stage=Z finite=1 max_abs=0.002652168274 mean_abs=0.0001869655648 relative_l2=0.002219537287 rmse=0.000300881925 p50=0.0001210868359 p90=0.0004139076918 p99=0.001200437546
ERROR path=standard_bf16 layer=2 stage=Z_accum_vs_quantized_fp32 finite=1 max_abs=2.384185791e-07 mean_abs=8.401080517e-09 relative_l2=1.266045209e-07 rmse=1.716441454e-08 p50=3.725290298e-09 p90=2.235174179e-08 p99=5.960464478e-08
ERROR path=standard_bf16 layer=2 stage=L finite=1 max_abs=0.001477599144 mean_abs=0.0001635452487 relative_l2=0.00161886186 rmse=0.0002621164709 p50=0.000108346343 p90=0.0003907382488 p99=0.0009908974171
ERROR path=standard_bf16 layer=2 stage=R finite=1 max_abs=0.001834109426 mean_abs=0.0002076748673 relative_l2=0.002239743199 rmse=0.0003264887517 p50=0.0001395791769 p90=0.000475846231 p99=0.001146584749
ERROR path=standard_bf16 layer=2 stage=row_max finite=1 max_abs=0.001879990101 mean_abs=0.0002565148846 relative_l2=0.001981466094 rmse=0.0004366401755 p50=9.212270379e-05 p90=0.0007230341434 p99=0.001798033714
ERROR path=standard_bf16 layer=2 stage=denominator finite=1 max_abs=0.1316986084 mean_abs=0.005053594283 relative_l2=0.0003145920274 rmse=0.0128419062 p50=0.001111984253 p90=0.01194763184 p99=0.05438995361
ERROR path=standard_bf16 layer=2 stage=layer finite=1 max_abs=0.001389786135 mean_abs=0.0001142127986 relative_l2=0.002139692574 rmse=0.0001589396913 p50=8.697807789e-05 p90=0.0002563027665 p99=0.0005057752132
{"path":"standard_bf16","mode":"correctness","layer":2,"rep":0,"N":35,"E":1083,"D":256,"K":8,"d":32,"threads":16,"profile":false,"precision":"BF16_RNE_FP32_state","projection_ms":0.024134,"lr_ms":0.005325,"max_prescan_ms":0.006106,"score_exp_aggregate_ms":0.048331,"normalize_ms":0.003156,"activation_ms":0.004901,"convert_ms":0.002839,"total_ms":0.09499,"workspace_bytes":94080,"static_preprocess_ms":9.883121,"panel_R":64,"tile_rows":16,"score_exp_worker_ms":0,"gather_weight_convert_worker_ms":0,"tile_load_worker_ms":0,"gather_load_worker_ms":0,"p_times_x_convert_worker_ms":0,"weighted_spmm_worker_ms":0,"amx_compute_worker_ms":0,"tile_store_worker_ms":0,"tile_config_worker_ms":0,"scheduling_worker_ms":0,"output_write_worker_ms":0,"neighbor_steps":0,"executed_fma":0,"padding_executed_flops":0}
ERROR path=tfs_bf16 layer=2 stage=L finite=1 max_abs=0.001861393452 mean_abs=0.0001970702504 relative_l2=0.002094105311 rmse=0.0003390650601 p50=0.000110656023 p90=0.0004912018776 p99=0.001397936605
ERROR path=tfs_bf16 layer=2 stage=R finite=1 max_abs=0.001434206963 mean_abs=0.0001971609797 relative_l2=0.002096922611 rmse=0.0003056697061 p50=0.000138245523 p90=0.0004000067711 p99=0.001247085631
ERROR path=tfs_bf16 layer=2 stage=row_max finite=1 max_abs=0.001668691635 mean_abs=0.0002493811368 relative_l2=0.001826655969 rmse=0.0004025258798 p50=0.0001377314329 p90=0.0006694793701 p99=0.00128685683
ERROR path=tfs_bf16 layer=2 stage=denominator finite=1 max_abs=0.07328796387 mean_abs=0.00431900365 relative_l2=0.0002352977279 rmse=0.009605047449 p50=0.00121307373 p90=0.01051902771 p99=0.04248046875
ERROR path=tfs_bf16 layer=2 stage=layer finite=1 max_abs=0.001666006865 mean_abs=0.0001226074053 relative_l2=0.002307979418 rmse=0.0001714402998 p50=9.26181674e-05 p90=0.0002723038197 p99=0.0005256831646
{"path":"tfs_bf16","mode":"correctness","layer":2,"rep":0,"N":35,"E":1083,"D":256,"K":8,"d":32,"threads":16,"profile":false,"precision":"BF16_RNE_FP32_state","projection_ms":0,"lr_ms":0.01434,"max_prescan_ms":0.00519,"score_exp_aggregate_ms":1.202658,"normalize_ms":0.00256,"activation_ms":0.003351,"convert_ms":0.002544,"total_ms":1.230851,"workspace_bytes":257088,"static_preprocess_ms":9.883121,"panel_R":64,"tile_rows":16,"score_exp_worker_ms":0,"gather_weight_convert_worker_ms":0,"tile_load_worker_ms":0,"gather_load_worker_ms":0,"p_times_x_convert_worker_ms":0,"weighted_spmm_worker_ms":0,"amx_compute_worker_ms":0,"tile_store_worker_ms":0,"tile_config_worker_ms":0,"scheduling_worker_ms":0,"output_write_worker_ms":0,"neighbor_steps":0,"executed_fma":0,"padding_executed_flops":0}
ERROR path=matched_attention layer=2 stage=Z finite=1 max_abs=0.002652168274 mean_abs=0.0001869655648 relative_l2=0.002219537287 rmse=0.000300881925 p50=0.0001210868359 p90=0.0004139076918 p99=0.001200437546
ERROR path=matched_attention layer=2 stage=Z_accum_vs_quantized_fp32 finite=1 max_abs=2.384185791e-07 mean_abs=8.401080517e-09 relative_l2=1.266045209e-07 rmse=1.716441454e-08 p50=3.725290298e-09 p90=2.235174179e-08 p99=5.960464478e-08
ERROR path=matched_attention layer=2 stage=L finite=1 max_abs=0.001861393452 mean_abs=0.0001970702504 relative_l2=0.002094105311 rmse=0.0003390650601 p50=0.000110656023 p90=0.0004912018776 p99=0.001397936605
ERROR path=matched_attention layer=2 stage=R finite=1 max_abs=0.001434206963 mean_abs=0.0001971609797 relative_l2=0.002096922611 rmse=0.0003056697061 p50=0.000138245523 p90=0.0004000067711 p99=0.001247085631
ERROR path=matched_attention layer=2 stage=row_max finite=1 max_abs=0.001668691635 mean_abs=0.0002493811368 relative_l2=0.001826655969 rmse=0.0004025258798 p50=0.0001377314329 p90=0.0006694793701 p99=0.00128685683
ERROR path=matched_attention layer=2 stage=denominator finite=1 max_abs=0.07328796387 mean_abs=0.00431900365 relative_l2=0.0002352977279 rmse=0.009605047449 p50=0.00121307373 p90=0.01051902771 p99=0.04248046875
ERROR path=matched_attention layer=2 stage=layer finite=1 max_abs=0.001396163832 mean_abs=0.0001135972357 relative_l2=0.002132774399 rmse=0.0001584257985 p50=8.635222912e-05 p90=0.0002546608448 p99=0.0004837960005
{"path":"matched_attention","mode":"correctness","layer":2,"rep":0,"N":35,"E":1083,"D":256,"K":8,"d":32,"threads":16,"profile":false,"precision":"BF16_RNE_FP32_state","projection_ms":0.011863,"lr_ms":0.013732,"max_prescan_ms":0.004859,"score_exp_aggregate_ms":0.045203,"normalize_ms":0.003416,"activation_ms":0.004941,"convert_ms":0.002901,"total_ms":0.087117,"workspace_bytes":96320,"static_preprocess_ms":9.883121,"panel_R":64,"tile_rows":16,"score_exp_worker_ms":0,"gather_weight_convert_worker_ms":0,"tile_load_worker_ms":0,"gather_load_worker_ms":0,"p_times_x_convert_worker_ms":0,"weighted_spmm_worker_ms":0,"amx_compute_worker_ms":0,"tile_store_worker_ms":0,"tile_config_worker_ms":0,"scheduling_worker_ms":0,"output_write_worker_ms":0,"neighbor_steps":0,"executed_fma":0,"padding_executed_flops":0}
ERROR path=attention_reorder_fp32 layer=2 stage=L finite=1 max_abs=2.980232239e-07 mean_abs=3.702797195e-08 relative_l2=3.736211571e-07 rmse=6.049451258e-08 p50=2.607703209e-08 p90=8.009374142e-08 p99=2.384185791e-07
ERROR path=attention_reorder_fp32 layer=2 stage=R finite=1 max_abs=3.576278687e-07 mean_abs=3.897924086e-08 relative_l2=4.46335844e-07 rmse=6.506265208e-08 p50=2.235174179e-08 p90=8.940696716e-08 p99=2.980232239e-07
ERROR path=quantized_XW_fp32_accum layer=3 stage=Z finite=1 max_abs=0.0009525809437 mean_abs=0.0001194090507 relative_l2=0.002076446801 rmse=0.0001638218206 p50=9.204819798e-05 p90=0.0002595931292 p99=0.0005185734481
ERROR path=quantized_XW_fp32_accum layer=3 stage=layer finite=1 max_abs=0.0005520544946 mean_abs=8.051937501e-05 relative_l2=0.001623444526 rmse=0.0001089596149 p50=6.467849016e-05 p90=0.0001847445965 p99=0.0002922862768
ERROR path=standard_fp32 layer=3 stage=Z finite=1 max_abs=0 mean_abs=0 relative_l2=0 rmse=0 p50=0 p90=0 p99=0
ERROR path=standard_fp32 layer=3 stage=Z_accum_vs_quantized_fp32 finite=1 max_abs=0.0009525809437 mean_abs=0.0001194090507 relative_l2=0.002076028922 rmse=0.0001638218206 p50=9.204819798e-05 p90=0.0002595931292 p99=0.0005185734481
ERROR path=standard_fp32 layer=3 stage=L finite=1 max_abs=2.607703209e-08 mean_abs=7.92206265e-09 relative_l2=2.749406484e-07 rmse=1.022580385e-08 p50=7.450580597e-09 p90=1.490116119e-08 p99=2.607703209e-08
ERROR path=standard_fp32 layer=3 stage=R finite=1 max_abs=2.980232239e-08 mean_abs=5.880636828e-09 relative_l2=1.197223014e-07 rmse=8.454761859e-09 p50=3.725290298e-09 p90=1.11758709e-08 p99=2.980232239e-08
ERROR path=standard_fp32 layer=3 stage=row_max finite=1 max_abs=2.235174179e-08 mean_abs=3.785161035e-09 relative_l2=1.857700975e-07 rmse=6.471686791e-09 p50=1.862645149e-09 p90=7.450580597e-09 p99=2.235174179e-08
ERROR path=standard_fp32 layer=3 stage=denominator finite=1 max_abs=1.907348633e-06 mean_abs=3.065381731e-07 relative_l2=1.676655795e-08 rmse=7.392623823e-07 p50=0 p90=1.907348633e-06 p99=1.907348633e-06
ERROR path=standard_fp32 layer=3 stage=layer finite=1 max_abs=2.086162567e-07 mean_abs=6.831885133e-09 relative_l2=2.150315736e-07 rmse=1.443212693e-08 p50=1.862645149e-09 p90=1.490116119e-08 p99=5.960464478e-08
{"path":"standard_fp32","mode":"correctness","layer":3,"rep":0,"N":35,"E":1083,"D":256,"K":1,"d":40,"threads":16,"profile":false,"precision":"FP32","projection_ms":0.008687,"lr_ms":0.022621,"max_prescan_ms":0.003861,"score_exp_aggregate_ms":0.018609,"normalize_ms":0.002509,"activation_ms":4e-05,"convert_ms":3.9e-05,"total_ms":0.056599,"workspace_bytes":11760,"static_preprocess_ms":9.883121,"panel_R":64,"tile_rows":16,"score_exp_worker_ms":0,"gather_weight_convert_worker_ms":0,"tile_load_worker_ms":0,"gather_load_worker_ms":0,"p_times_x_convert_worker_ms":0,"weighted_spmm_worker_ms":0,"amx_compute_worker_ms":0,"tile_store_worker_ms":0,"tile_config_worker_ms":0,"scheduling_worker_ms":0,"output_write_worker_ms":0,"neighbor_steps":0,"executed_fma":0,"padding_executed_flops":0}
ERROR path=standard_bf16 layer=3 stage=Z finite=1 max_abs=0.0009525809437 mean_abs=0.0001194093441 relative_l2=0.002076449309 rmse=0.0001638220185 p50=9.204447269e-05 p90=0.0002595856786 p99=0.0005185697228
ERROR path=standard_bf16 layer=3 stage=Z_accum_vs_quantized_fp32 finite=1 max_abs=8.940696716e-08 mean_abs=5.149548607e-09 relative_l2=1.179795189e-07 rmse=9.309899e-09 p50=1.862645149e-09 p90=1.490116119e-08 p99=2.980232239e-08
ERROR path=standard_bf16 layer=3 stage=L finite=1 max_abs=0.0002503059804 mean_abs=8.640912711e-05 relative_l2=0.002959084034 rmse=0.0001100565271 p50=7.484480739e-05 p90=0.0001742020249 p99=0.0002503059804
ERROR path=standard_bf16 layer=3 stage=R finite=1 max_abs=0.0006445795298 mean_abs=0.0001035944426 relative_l2=0.002174210474 rmse=0.0001535422521 p50=8.087605238e-05 p90=0.0001810491085 p99=0.0006445795298
ERROR path=standard_bf16 layer=3 stage=row_max finite=1 max_abs=0.0002936646342 mean_abs=4.319929784e-05 relative_l2=0.002014689123 rmse=7.018587577e-05 p50=2.739438787e-05 p90=0.0001141130924 p99=0.0002936646342
ERROR path=standard_bf16 layer=3 stage=denominator finite=1 max_abs=0.005958557129 mean_abs=0.0008750098092 relative_l2=3.247751778e-05 rmse=0.00143198188 p50=0.0005187988281 p90=0.001873016357 p99=0.005958557129
ERROR path=standard_bf16 layer=3 stage=layer finite=1 max_abs=0.0005520544946 mean_abs=8.051994206e-05 relative_l2=0.001623450529 rmse=0.0001089600178 p50=6.468221545e-05 p90=0.0001847520471 p99=0.0002922788262
{"path":"standard_bf16","mode":"correctness","layer":3,"rep":0,"N":35,"E":1083,"D":256,"K":1,"d":40,"threads":16,"profile":false,"precision":"BF16_RNE_FP32_state","projection_ms":0.023953,"lr_ms":0.004069,"max_prescan_ms":0.003415,"score_exp_aggregate_ms":0.018847,"normalize_ms":0.002496,"activation_ms":2.7e-05,"convert_ms":0.0052,"total_ms":0.058201,"workspace_bytes":29680,"static_preprocess_ms":9.883121,"panel_R":64,"tile_rows":16,"score_exp_worker_ms":0,"gather_weight_convert_worker_ms":0,"tile_load_worker_ms":0,"gather_load_worker_ms":0,"p_times_x_convert_worker_ms":0,"weighted_spmm_worker_ms":0,"amx_compute_worker_ms":0,"tile_store_worker_ms":0,"tile_config_worker_ms":0,"scheduling_worker_ms":0,"output_write_worker_ms":0,"neighbor_steps":0,"executed_fma":0,"padding_executed_flops":0}
ERROR path=tfs_bf16 layer=3 stage=L finite=1 max_abs=0.0002694763243 mean_abs=9.546799535e-05 relative_l2=0.003307442107 rmse=0.0001230129282 p50=7.564201951e-05 p90=0.0002025179565 p99=0.0002694763243
ERROR path=tfs_bf16 layer=3 stage=R finite=1 max_abs=0.0003192573786 mean_abs=8.353271655e-05 relative_l2=0.001483396547 rmse=0.0001047571288 p50=7.010623813e-05 p90=0.0001484006643 p99=0.0003192573786
ERROR path=tfs_bf16 layer=3 stage=row_max finite=1 max_abs=0.0002656579018 mean_abs=4.192516873e-05 relative_l2=0.001985188537 rmse=6.915816165e-05 p50=2.706423402e-05 p90=0.0001300871372 p99=0.0002656579018
ERROR path=tfs_bf16 layer=3 stage=denominator finite=1 max_abs=0.005630493164 mean_abs=0.000701216289 relative_l2=2.897771364e-05 rmse=0.00127767033 p50=0.0002746582031 p90=0.001434326172 p99=0.005630493164
ERROR path=tfs_bf16 layer=3 stage=layer finite=1 max_abs=0.0005520544946 mean_abs=9.56490921e-05 relative_l2=0.001916501316 rmse=0.0001286285069 p50=7.846299559e-05 p90=0.0002108477056 p99=0.0003730822355
{"path":"tfs_bf16","mode":"correctness","layer":3,"rep":0,"N":35,"E":1083,"D":256,"K":1,"d":40,"threads":16,"profile":false,"precision":"BF16_RNE_FP32_state","projection_ms":0,"lr_ms":0.040511,"max_prescan_ms":0.004671,"score_exp_aggregate_ms":0.191429,"normalize_ms":0.002498,"activation_ms":1.9e-05,"convert_ms":0.00254,"total_ms":0.242132,"workspace_bytes":220968,"static_preprocess_ms":9.883121,"panel_R":64,"tile_rows":16,"score_exp_worker_ms":0,"gather_weight_convert_worker_ms":0,"tile_load_worker_ms":0,"gather_load_worker_ms":0,"p_times_x_convert_worker_ms":0,"weighted_spmm_worker_ms":0,"amx_compute_worker_ms":0,"tile_store_worker_ms":0,"tile_config_worker_ms":0,"scheduling_worker_ms":0,"output_write_worker_ms":0,"neighbor_steps":0,"executed_fma":0,"padding_executed_flops":0}
ERROR path=matched_attention layer=3 stage=Z finite=1 max_abs=0.0009525809437 mean_abs=0.0001194093441 relative_l2=0.002076449309 rmse=0.0001638220185 p50=9.204447269e-05 p90=0.0002595856786 p99=0.0005185697228
ERROR path=matched_attention layer=3 stage=Z_accum_vs_quantized_fp32 finite=1 max_abs=8.940696716e-08 mean_abs=5.149548607e-09 relative_l2=1.179795189e-07 rmse=9.309899e-09 p50=1.862645149e-09 p90=1.490116119e-08 p99=2.980232239e-08
ERROR path=matched_attention layer=3 stage=L finite=1 max_abs=0.0002694763243 mean_abs=9.546799535e-05 relative_l2=0.003307442107 rmse=0.0001230129282 p50=7.564201951e-05 p90=0.0002025179565 p99=0.0002694763243
ERROR path=matched_attention layer=3 stage=R finite=1 max_abs=0.0003192573786 mean_abs=8.353271655e-05 relative_l2=0.001483396547 rmse=0.0001047571288 p50=7.010623813e-05 p90=0.0001484006643 p99=0.0003192573786
ERROR path=matched_attention layer=3 stage=row_max finite=1 max_abs=0.0002656579018 mean_abs=4.192516873e-05 relative_l2=0.001985188537 rmse=6.915816165e-05 p50=2.706423402e-05 p90=0.0001300871372 p99=0.0002656579018
ERROR path=matched_attention layer=3 stage=denominator finite=1 max_abs=0.005630493164 mean_abs=0.000701216289 relative_l2=2.897771364e-05 rmse=0.00127767033 p50=0.0002746582031 p90=0.001434326172 p99=0.005630493164
ERROR path=matched_attention layer=3 stage=layer finite=1 max_abs=0.0005520544946 mean_abs=8.046538707e-05 relative_l2=0.001622804287 rmse=0.0001089166445 p50=6.482191384e-05 p90=0.0001843981445 p99=0.0002938956022
{"path":"matched_attention","mode":"correctness","layer":3,"rep":0,"N":35,"E":1083,"D":256,"K":1,"d":40,"threads":16,"profile":false,"precision":"BF16_RNE_FP32_state","projection_ms":0.010446,"lr_ms":0.006476,"max_prescan_ms":0.003484,"score_exp_aggregate_ms":0.019203,"normalize_ms":0.002564,"activation_ms":1.9e-05,"convert_ms":0.003603,"total_ms":0.046,"workspace_bytes":29960,"static_preprocess_ms":9.883121,"panel_R":64,"tile_rows":16,"score_exp_worker_ms":0,"gather_weight_convert_worker_ms":0,"tile_load_worker_ms":0,"gather_load_worker_ms":0,"p_times_x_convert_worker_ms":0,"weighted_spmm_worker_ms":0,"amx_compute_worker_ms":0,"tile_store_worker_ms":0,"tile_config_worker_ms":0,"scheduling_worker_ms":0,"output_write_worker_ms":0,"neighbor_steps":0,"executed_fma":0,"padding_executed_flops":0}
ERROR path=attention_reorder_fp32 layer=3 stage=L finite=1 max_abs=8.568167686e-08 mean_abs=2.249310325e-08 relative_l2=8.190973661e-07 rmse=3.04644986e-08 p50=2.235174179e-08 p90=4.470348358e-08 p99=8.568167686e-08
ERROR path=attention_reorder_fp32 layer=3 stage=R finite=1 max_abs=1.192092896e-07 mean_abs=2.228521875e-08 relative_l2=4.545080192e-07 rmse=3.209725356e-08 p50=1.490116119e-08 p90=4.842877388e-08 p99=1.192092896e-07
ERROR path=standard_fp32 layer=3 stage=model_path_specific_chain finite=1 max_abs=2.384185791e-07 mean_abs=4.4540736e-08 relative_l2=8.833375272e-07 rmse=5.928636012e-08 p50=3.725290298e-08 p90=9.685754776e-08 p99=1.639127731e-07
ERROR path=standard_bf16 layer=3 stage=model_path_specific_chain finite=1 max_abs=0.00113755092 mean_abs=0.0002184946009 relative_l2=0.004291375487 rmse=0.0002880213109 p50=0.0001802146435 p90=0.0005054585636 p99=0.0007061415818
ERROR path=tfs_bf16 layer=3 stage=model_path_specific_chain finite=1 max_abs=0.0009651025757 mean_abs=0.0002291778098 relative_l2=0.004533849868 rmse=0.000304295298 p50=0.0001787692308 p90=0.0005025267601 p99=0.0008450467139
ERROR path=matched_attention layer=3 stage=model_path_specific_chain finite=1 max_abs=0.001027957536 mean_abs=0.0002101097234 relative_l2=0.00407818002 rmse=0.0002737124167 p50=0.0001789182425 p90=0.0004547906574 p99=0.0006895540282
CORRECTNESS finite=1 accuracy_gate=UNCONFIGURED_NOT_ACCEPTED task_metric=UNAVAILABLE
