GRAPH_VALUES name=soc-Pokec checked=30622564 nonunit=0 implicit_ones=0
CORRECT graph=soc-Pokec method=mkl_bf16_inputs boundary=kernel_sample reference=fp64_bf16_inputs rel_l2=1.95332487e-07 max_abs=0.000360112637 max_norm=2.57214557e-07 pass=1
CONFIG graph=soc-Pokec N=1632803 E=30622564 threads=32 R=64 D=128 F=128 repeats=5 warmups=1
CORRECT graph=soc-Pokec method=mkl_fp32 boundary=kernel_full reference=mkl_bf16_inputs rel_l2=0.00531855727 max_abs=5.96539307 max_norm=0.00426084904 pass=1
CORRECT graph=soc-Pokec method=mkl_fp32 boundary=kernel_full reference=mkl_fp32 rel_l2=0 max_abs=0 max_norm=0 pass=1
CORRECT graph=soc-Pokec method=mkl_fp32 boundary=kernel_sample reference=fp64_bf16_inputs rel_l2=0.00479344316 max_abs=5.96525449 max_norm=0.00426075103 pass=1
CORRECT graph=soc-Pokec method=mkl_bf16_inputs boundary=kernel_full reference=mkl_bf16_inputs rel_l2=0 max_abs=0 max_norm=0 pass=1
CORRECT graph=soc-Pokec method=mkl_bf16_inputs boundary=kernel_full reference=mkl_fp32 rel_l2=0.00529286771 max_abs=5.96539307 max_norm=0.0042439188 pass=1
CORRECT graph=soc-Pokec method=mkl_bf16_inputs boundary=kernel_sample reference=fp64_bf16_inputs rel_l2=1.95332487e-07 max_abs=0.000360112637 max_norm=2.57214557e-07 pass=1
CORRECT graph=soc-Pokec method=original boundary=kernel_full reference=mkl_bf16_inputs rel_l2=3.74143906e-07 max_abs=0.0115966797 max_norm=8.2830588e-06 pass=1
CORRECT graph=soc-Pokec method=original boundary=kernel_full reference=mkl_fp32 rel_l2=0.00529286809 max_abs=5.96795654 max_norm=0.00424574251 pass=1
CORRECT graph=soc-Pokec method=original boundary=kernel_sample reference=fp64_bf16_inputs rel_l2=2.44091752e-06 max_abs=0.0112799928 max_norm=8.05686342e-06 pass=1
CORRECT graph=soc-Pokec method=shared_b2_fast boundary=kernel_full reference=mkl_bf16_inputs rel_l2=0.00235519647 max_abs=2.71185303 max_norm=0.0019369715 pass=1
CORRECT graph=soc-Pokec method=shared_b2_fast boundary=kernel_full reference=mkl_fp32 rel_l2=0.00705900355 max_abs=8.60998535 max_norm=0.006125343 pass=1
CORRECT graph=soc-Pokec method=shared_b2_fast boundary=kernel_sample reference=fp64_bf16_inputs rel_l2=0.00219322834 max_abs=2.71188799 max_norm=0.00193699692 pass=1
CORRECT graph=soc-Pokec method=shared_b2_accurate boundary=kernel_full reference=mkl_bf16_inputs rel_l2=3.73968924e-07 max_abs=0.00610351562 max_norm=4.35950463e-06 pass=1
CORRECT graph=soc-Pokec method=shared_b2_accurate boundary=kernel_full reference=mkl_fp32 rel_l2=0.0052928679 max_abs=5.95959473 max_norm=0.00423979372 pass=1
CORRECT graph=soc-Pokec method=shared_b2_accurate boundary=kernel_sample reference=fp64_bf16_inputs rel_l2=2.38778965e-06 max_abs=0.00613368303 max_norm=4.38105303e-06 pass=1
CORRECT graph=soc-Pokec method=shared_b4_fast boundary=kernel_full reference=mkl_bf16_inputs rel_l2=0.00294950263 max_abs=4.21325684 max_norm=0.00300936605 pass=1
CORRECT graph=soc-Pokec method=shared_b4_fast boundary=kernel_full reference=mkl_fp32 rel_l2=0.00769603354 max_abs=9.55725098 max_norm=0.00679924971 pass=1
CORRECT graph=soc-Pokec method=shared_b4_fast boundary=kernel_sample reference=fp64_bf16_inputs rel_l2=0.0028573304 max_abs=4.21330168 max_norm=0.00300939876 pass=1
CORRECT graph=soc-Pokec method=shared_b4_accurate boundary=kernel_full reference=mkl_bf16_inputs rel_l2=3.01854374e-07 max_abs=0.00543212891 max_norm=3.87995912e-06 pass=1
CORRECT graph=soc-Pokec method=shared_b4_accurate boundary=kernel_full reference=mkl_fp32 rel_l2=0.00529286765 max_abs=5.9666748 max_norm=0.00424483065 pass=1
CORRECT graph=soc-Pokec method=shared_b4_accurate boundary=kernel_sample reference=fp64_bf16_inputs rel_l2=1.74627823e-06 max_abs=0.00548880175 max_norm=3.92043922e-06 pass=1
CORRECT graph=soc-Pokec method=shared_b8_fast boundary=kernel_full reference=mkl_bf16_inputs rel_l2=0.00313018461 max_abs=3.77270508 max_norm=0.002694697 pass=1
CORRECT graph=soc-Pokec method=shared_b8_fast boundary=kernel_full reference=mkl_fp32 rel_l2=0.00791372708 max_abs=9.19744873 max_norm=0.00654327805 pass=1
CORRECT graph=soc-Pokec method=shared_b8_fast boundary=kernel_sample reference=fp64_bf16_inputs rel_l2=0.00295358431 max_abs=3.77274004 max_norm=0.00269472259 pass=1
CORRECT graph=soc-Pokec method=shared_b8_accurate boundary=kernel_full reference=mkl_bf16_inputs rel_l2=6.11092621e-07 max_abs=0.00268554688 max_norm=1.91818204e-06 pass=1
CORRECT graph=soc-Pokec method=shared_b8_accurate boundary=kernel_full reference=mkl_fp32 rel_l2=0.00529288761 max_abs=5.96508789 max_norm=0.00424370169 pass=1
CORRECT graph=soc-Pokec method=shared_b8_accurate boundary=kernel_sample reference=fp64_bf16_inputs rel_l2=1.22972976e-06 max_abs=0.00269928947 max_norm=1.92799828e-06 pass=1
CORRECT graph=soc-Pokec method=replay_b8_fast boundary=kernel_full reference=mkl_bf16_inputs rel_l2=0.00313018461 max_abs=3.77270508 max_norm=0.002694697 pass=1
CORRECT graph=soc-Pokec method=replay_b8_fast boundary=kernel_full reference=mkl_fp32 rel_l2=0.00791372708 max_abs=9.19744873 max_norm=0.00654327805 pass=1
CORRECT graph=soc-Pokec method=replay_b8_fast boundary=kernel_sample reference=fp64_bf16_inputs rel_l2=0.00295358431 max_abs=3.77274004 max_norm=0.00269472259 pass=1
CORRECT graph=soc-Pokec method=shared_b16_fast boundary=kernel_full reference=mkl_bf16_inputs rel_l2=0.00322853943 max_abs=5.04272461 max_norm=0.00360182273 pass=1
CORRECT graph=soc-Pokec method=shared_b16_fast boundary=kernel_full reference=mkl_fp32 rel_l2=0.00802191642 max_abs=10.6279297 max_norm=0.00756095534 pass=1
CORRECT graph=soc-Pokec method=shared_b16_fast boundary=kernel_sample reference=fp64_bf16_inputs rel_l2=0.00313584103 max_abs=5.04240792 max_norm=0.00360159734 pass=1
CORRECT graph=soc-Pokec method=shared_b16_accurate boundary=kernel_full reference=mkl_bf16_inputs rel_l2=1.73450021e-06 max_abs=0.00311279297 max_norm=2.22334736e-06 pass=1
CORRECT graph=soc-Pokec method=shared_b16_accurate boundary=kernel_full reference=mkl_fp32 rel_l2=0.00529308019 max_abs=5.96417236 max_norm=0.00424305036 pass=1
CORRECT graph=soc-Pokec method=shared_b16_accurate boundary=kernel_sample reference=fp64_bf16_inputs rel_l2=1.87737127e-06 max_abs=0.0031427294 max_norm=2.2447303e-06 pass=1
CORRECT graph=soc-Pokec method=shared_b32_fast boundary=kernel_full reference=mkl_bf16_inputs rel_l2=0.00324723935 max_abs=4.14538574 max_norm=0.00296088836 pass=1
CORRECT graph=soc-Pokec method=shared_b32_fast boundary=kernel_full reference=mkl_fp32 rel_l2=0.00804562209 max_abs=9.73059082 max_norm=0.00692256769 pass=1
CORRECT graph=soc-Pokec method=shared_b32_fast boundary=kernel_sample reference=fp64_bf16_inputs rel_l2=0.00319973168 max_abs=4.14506906 max_norm=0.00296066283 pass=1
CORRECT graph=soc-Pokec method=shared_b32_accurate boundary=kernel_full reference=mkl_bf16_inputs rel_l2=3.11318593e-06 max_abs=0.00549316406 max_norm=3.92355417e-06 pass=1
CORRECT graph=soc-Pokec method=shared_b32_accurate boundary=kernel_full reference=mkl_fp32 rel_l2=0.00529357702 max_abs=5.96722412 max_norm=0.00424522145 pass=1
CORRECT graph=soc-Pokec method=shared_b32_accurate boundary=kernel_sample reference=fp64_bf16_inputs rel_l2=3.18672267e-06 max_abs=0.00517647713 max_norm=3.69735781e-06 pass=1
CORRECT graph=soc-Pokec method=replay_b32_fast boundary=kernel_full reference=mkl_bf16_inputs rel_l2=0.00324723935 max_abs=4.14538574 max_norm=0.00296088836 pass=1
CORRECT graph=soc-Pokec method=replay_b32_fast boundary=kernel_full reference=mkl_fp32 rel_l2=0.00804562209 max_abs=9.73059082 max_norm=0.00692256769 pass=1
CORRECT graph=soc-Pokec method=replay_b32_fast boundary=kernel_sample reference=fp64_bf16_inputs rel_l2=0.00319973168 max_abs=4.14506906 max_norm=0.00296066283 pass=1
CORRECT graph=soc-Pokec method=shared_b64_fast boundary=kernel_full reference=mkl_bf16_inputs rel_l2=0.00326399622 max_abs=4.40039062 max_norm=0.00314302846 pass=1
CORRECT graph=soc-Pokec method=shared_b64_fast boundary=kernel_full reference=mkl_fp32 rel_l2=0.00806281094 max_abs=9.9855957 max_norm=0.00710398407 pass=1
CORRECT graph=soc-Pokec method=shared_b64_fast boundary=kernel_sample reference=fp64_bf16_inputs rel_l2=0.00317647336 max_abs=4.40007394 max_norm=0.00314280297 pass=1
CORRECT graph=soc-Pokec method=shared_b64_accurate boundary=kernel_full reference=mkl_bf16_inputs rel_l2=4.32743833e-06 max_abs=0.00610351562 max_norm=4.35950463e-06 pass=1
CORRECT graph=soc-Pokec method=shared_b64_accurate boundary=kernel_full reference=mkl_fp32 rel_l2=0.00529423597 max_abs=5.9664917 max_norm=0.00424470039 pass=1
CORRECT graph=soc-Pokec method=shared_b64_accurate boundary=kernel_sample reference=fp64_bf16_inputs rel_l2=5.02275349e-06 max_abs=0.00608977303 max_norm=4.34968981e-06 pass=1
CORRECT graph=soc-Pokec method=shared_bfull_fast boundary=kernel_full reference=mkl_bf16_inputs rel_l2=0.00326495389 max_abs=3.92956543 max_norm=0.00280673627 pass=1
CORRECT graph=soc-Pokec method=shared_bfull_fast boundary=kernel_full reference=mkl_fp32 rel_l2=0.00806354883 max_abs=9.35107422 max_norm=0.00665257078 pass=1
CORRECT graph=soc-Pokec method=shared_bfull_fast boundary=kernel_sample reference=fp64_bf16_inputs rel_l2=0.00325729826 max_abs=3.92974193 max_norm=0.00280686297 pass=1
CORRECT graph=soc-Pokec method=shared_bfull_accurate boundary=kernel_full reference=mkl_bf16_inputs rel_l2=4.97565946e-06 max_abs=0.0133056641 max_norm=9.5037201e-06 pass=1
CORRECT graph=soc-Pokec method=shared_bfull_accurate boundary=kernel_full reference=mkl_fp32 rel_l2=0.00529466584 max_abs=5.97491455 max_norm=0.0042506926 pass=1
CORRECT graph=soc-Pokec method=shared_bfull_accurate boundary=kernel_sample reference=fp64_bf16_inputs rel_l2=8.85449975e-06 max_abs=0.0134821609 max_norm=9.6297871e-06 pass=1
CORRECT graph=soc-Pokec method=replay_bfull_fast boundary=kernel_full reference=mkl_bf16_inputs rel_l2=0.00326495389 max_abs=3.92956543 max_norm=0.00280673627 pass=1
CORRECT graph=soc-Pokec method=replay_bfull_fast boundary=kernel_full reference=mkl_fp32 rel_l2=0.00806354883 max_abs=9.35107422 max_norm=0.00665257078 pass=1
CORRECT graph=soc-Pokec method=replay_bfull_fast boundary=kernel_sample reference=fp64_bf16_inputs rel_l2=0.00325729826 max_abs=3.92974193 max_norm=0.00280686297 pass=1
TIME graph=soc-Pokec method=mkl_bf16_inputs kernel rep=0 ms=62.809944
TIME graph=soc-Pokec method=original kernel rep=0 ms=110.745907
TIME graph=soc-Pokec method=shared_b2_fast kernel rep=0 ms=132.143021
TIME graph=soc-Pokec method=shared_b2_accurate kernel rep=0 ms=151.859045
TIME graph=soc-Pokec method=shared_b4_fast kernel rep=0 ms=120.727062
TIME graph=soc-Pokec method=shared_b4_accurate kernel rep=0 ms=127.043009
TIME graph=soc-Pokec method=shared_b8_fast kernel rep=0 ms=109.679937
TIME graph=soc-Pokec method=shared_b8_accurate kernel rep=0 ms=113.620043
TIME graph=soc-Pokec method=replay_b8_fast kernel rep=0 ms=121.901989
TIME graph=soc-Pokec method=shared_b16_fast kernel rep=0 ms=106.833935
TIME graph=soc-Pokec method=shared_b16_accurate kernel rep=0 ms=110.332966
TIME graph=soc-Pokec method=shared_b32_fast kernel rep=0 ms=102.447033
TIME graph=soc-Pokec method=shared_b32_accurate kernel rep=0 ms=107.159853
TIME graph=soc-Pokec method=replay_b32_fast kernel rep=0 ms=113.519907
TIME graph=soc-Pokec method=shared_b64_fast kernel rep=0 ms=102.363110
TIME graph=soc-Pokec method=shared_b64_accurate kernel rep=0 ms=105.075836
TIME graph=soc-Pokec method=shared_bfull_fast kernel rep=0 ms=101.804018
TIME graph=soc-Pokec method=shared_bfull_accurate kernel rep=0 ms=103.137970
TIME graph=soc-Pokec method=replay_bfull_fast kernel rep=0 ms=111.395121
TIME graph=soc-Pokec method=mkl_fp32 kernel rep=0 ms=63.440084
TIME graph=soc-Pokec method=original kernel rep=1 ms=111.428022
TIME graph=soc-Pokec method=shared_b2_fast kernel rep=1 ms=137.197018
TIME graph=soc-Pokec method=shared_b2_accurate kernel rep=1 ms=153.033018
TIME graph=soc-Pokec method=shared_b4_fast kernel rep=1 ms=120.666981
TIME graph=soc-Pokec method=shared_b4_accurate kernel rep=1 ms=126.179934
TIME graph=soc-Pokec method=shared_b8_fast kernel rep=1 ms=112.439871
TIME graph=soc-Pokec method=shared_b8_accurate kernel rep=1 ms=115.160942
TIME graph=soc-Pokec method=replay_b8_fast kernel rep=1 ms=122.879028
TIME graph=soc-Pokec method=shared_b16_fast kernel rep=1 ms=106.645823
TIME graph=soc-Pokec method=shared_b16_accurate kernel rep=1 ms=108.877897
TIME graph=soc-Pokec method=shared_b32_fast kernel rep=1 ms=103.307009
TIME graph=soc-Pokec method=shared_b32_accurate kernel rep=1 ms=105.600119
TIME graph=soc-Pokec method=replay_b32_fast kernel rep=1 ms=112.767935
TIME graph=soc-Pokec method=shared_b64_fast kernel rep=1 ms=101.586103
TIME graph=soc-Pokec method=shared_b64_accurate kernel rep=1 ms=105.351925
TIME graph=soc-Pokec method=shared_bfull_fast kernel rep=1 ms=101.487875
TIME graph=soc-Pokec method=shared_bfull_accurate kernel rep=1 ms=103.636980
TIME graph=soc-Pokec method=replay_bfull_fast kernel rep=1 ms=111.648083
TIME graph=soc-Pokec method=mkl_fp32 kernel rep=1 ms=63.460827
TIME graph=soc-Pokec method=mkl_bf16_inputs kernel rep=1 ms=63.066959
TIME graph=soc-Pokec method=shared_b2_fast kernel rep=2 ms=134.943008
TIME graph=soc-Pokec method=shared_b2_accurate kernel rep=2 ms=154.186010
TIME graph=soc-Pokec method=shared_b4_fast kernel rep=2 ms=120.873928
TIME graph=soc-Pokec method=shared_b4_accurate kernel rep=2 ms=126.512051
TIME graph=soc-Pokec method=shared_b8_fast kernel rep=2 ms=111.651897
TIME graph=soc-Pokec method=shared_b8_accurate kernel rep=2 ms=115.237951
TIME graph=soc-Pokec method=replay_b8_fast kernel rep=2 ms=122.528076
TIME graph=soc-Pokec method=shared_b16_fast kernel rep=2 ms=106.883049
TIME graph=soc-Pokec method=shared_b16_accurate kernel rep=2 ms=108.070850
TIME graph=soc-Pokec method=shared_b32_fast kernel rep=2 ms=103.346825
TIME graph=soc-Pokec method=shared_b32_accurate kernel rep=2 ms=105.258942
TIME graph=soc-Pokec method=replay_b32_fast kernel rep=2 ms=115.463018
TIME graph=soc-Pokec method=shared_b64_fast kernel rep=2 ms=102.897882
TIME graph=soc-Pokec method=shared_b64_accurate kernel rep=2 ms=104.113102
TIME graph=soc-Pokec method=shared_bfull_fast kernel rep=2 ms=101.827860
TIME graph=soc-Pokec method=shared_bfull_accurate kernel rep=2 ms=104.799986
TIME graph=soc-Pokec method=replay_bfull_fast kernel rep=2 ms=111.277103
TIME graph=soc-Pokec method=mkl_fp32 kernel rep=2 ms=63.509941
TIME graph=soc-Pokec method=mkl_bf16_inputs kernel rep=2 ms=63.076019
TIME graph=soc-Pokec method=original kernel rep=2 ms=109.214067
TIME graph=soc-Pokec method=shared_b2_accurate kernel rep=3 ms=153.351784
TIME graph=soc-Pokec method=shared_b4_fast kernel rep=3 ms=120.929003
TIME graph=soc-Pokec method=shared_b4_accurate kernel rep=3 ms=128.080130
TIME graph=soc-Pokec method=shared_b8_fast kernel rep=3 ms=112.627983
TIME graph=soc-Pokec method=shared_b8_accurate kernel rep=3 ms=115.848064
TIME graph=soc-Pokec method=replay_b8_fast kernel rep=3 ms=122.179031
TIME graph=soc-Pokec method=shared_b16_fast kernel rep=3 ms=105.679035
TIME graph=soc-Pokec method=shared_b16_accurate kernel rep=3 ms=109.275103
TIME graph=soc-Pokec method=shared_b32_fast kernel rep=3 ms=103.224993
TIME graph=soc-Pokec method=shared_b32_accurate kernel rep=3 ms=105.468988
TIME graph=soc-Pokec method=replay_b32_fast kernel rep=3 ms=113.058090
TIME graph=soc-Pokec method=shared_b64_fast kernel rep=3 ms=102.820873
TIME graph=soc-Pokec method=shared_b64_accurate kernel rep=3 ms=103.979826
TIME graph=soc-Pokec method=shared_bfull_fast kernel rep=3 ms=101.906061
TIME graph=soc-Pokec method=shared_bfull_accurate kernel rep=3 ms=104.207993
TIME graph=soc-Pokec method=replay_bfull_fast kernel rep=3 ms=112.169981
TIME graph=soc-Pokec method=mkl_fp32 kernel rep=3 ms=63.441038
TIME graph=soc-Pokec method=mkl_bf16_inputs kernel rep=3 ms=63.075781
TIME graph=soc-Pokec method=original kernel rep=3 ms=109.683037
TIME graph=soc-Pokec method=shared_b2_fast kernel rep=3 ms=137.968063
TIME graph=soc-Pokec method=shared_b4_fast kernel rep=4 ms=119.809151
TIME graph=soc-Pokec method=shared_b4_accurate kernel rep=4 ms=128.120899
TIME graph=soc-Pokec method=shared_b8_fast kernel rep=4 ms=111.648083
TIME graph=soc-Pokec method=shared_b8_accurate kernel rep=4 ms=117.125034
TIME graph=soc-Pokec method=replay_b8_fast kernel rep=4 ms=120.984077
TIME graph=soc-Pokec method=shared_b16_fast kernel rep=4 ms=106.827021
TIME graph=soc-Pokec method=shared_b16_accurate kernel rep=4 ms=108.260155
TIME graph=soc-Pokec method=shared_b32_fast kernel rep=4 ms=103.150129
TIME graph=soc-Pokec method=shared_b32_accurate kernel rep=4 ms=107.022047
TIME graph=soc-Pokec method=replay_b32_fast kernel rep=4 ms=115.345955
TIME graph=soc-Pokec method=shared_b64_fast kernel rep=4 ms=103.168011
TIME graph=soc-Pokec method=shared_b64_accurate kernel rep=4 ms=105.034828
TIME graph=soc-Pokec method=shared_bfull_fast kernel rep=4 ms=101.820946
TIME graph=soc-Pokec method=shared_bfull_accurate kernel rep=4 ms=104.321003
TIME graph=soc-Pokec method=replay_bfull_fast kernel rep=4 ms=111.439943
TIME graph=soc-Pokec method=mkl_fp32 kernel rep=4 ms=63.490152
TIME graph=soc-Pokec method=mkl_bf16_inputs kernel rep=4 ms=63.031912
TIME graph=soc-Pokec method=original kernel rep=4 ms=111.242056
TIME graph=soc-Pokec method=shared_b2_fast kernel rep=4 ms=136.517048
TIME graph=soc-Pokec method=shared_b2_accurate kernel rep=4 ms=153.450966
CORRECT graph=soc-Pokec method=original boundary=instrumented_kernel reference=unchanged_original rel_l2=0 max_abs=0 max_norm=0 pass=1
CORRECT graph=soc-Pokec method=shared_b2_fast boundary=instrumented_kernel reference=mkl_bf16_inputs rel_l2=0.00235519647 max_abs=2.71185303 max_norm=0.0019369715 pass=1
CORRECT graph=soc-Pokec method=shared_b2_accurate boundary=instrumented_kernel reference=mkl_bf16_inputs rel_l2=3.73968924e-07 max_abs=0.00610351562 max_norm=4.35950463e-06 pass=1
CORRECT graph=soc-Pokec method=shared_b4_fast boundary=instrumented_kernel reference=mkl_bf16_inputs rel_l2=0.00294950263 max_abs=4.21325684 max_norm=0.00300936605 pass=1
CORRECT graph=soc-Pokec method=shared_b4_accurate boundary=instrumented_kernel reference=mkl_bf16_inputs rel_l2=3.01854374e-07 max_abs=0.00543212891 max_norm=3.87995912e-06 pass=1
CORRECT graph=soc-Pokec method=shared_b8_fast boundary=instrumented_kernel reference=mkl_bf16_inputs rel_l2=0.00313018461 max_abs=3.77270508 max_norm=0.002694697 pass=1
CORRECT graph=soc-Pokec method=shared_b8_accurate boundary=instrumented_kernel reference=mkl_bf16_inputs rel_l2=6.11092621e-07 max_abs=0.00268554688 max_norm=1.91818204e-06 pass=1
CORRECT graph=soc-Pokec method=replay_b8_fast boundary=instrumented_kernel reference=mkl_bf16_inputs rel_l2=0.00313018461 max_abs=3.77270508 max_norm=0.002694697 pass=1
CORRECT graph=soc-Pokec method=shared_b16_fast boundary=instrumented_kernel reference=mkl_bf16_inputs rel_l2=0.00322853943 max_abs=5.04272461 max_norm=0.00360182273 pass=1
CORRECT graph=soc-Pokec method=shared_b16_accurate boundary=instrumented_kernel reference=mkl_bf16_inputs rel_l2=1.73450021e-06 max_abs=0.00311279297 max_norm=2.22334736e-06 pass=1
CORRECT graph=soc-Pokec method=shared_b32_fast boundary=instrumented_kernel reference=mkl_bf16_inputs rel_l2=0.00324723935 max_abs=4.14538574 max_norm=0.00296088836 pass=1
CORRECT graph=soc-Pokec method=shared_b32_accurate boundary=instrumented_kernel reference=mkl_bf16_inputs rel_l2=3.11318593e-06 max_abs=0.00549316406 max_norm=3.92355417e-06 pass=1
CORRECT graph=soc-Pokec method=replay_b32_fast boundary=instrumented_kernel reference=mkl_bf16_inputs rel_l2=0.00324723935 max_abs=4.14538574 max_norm=0.00296088836 pass=1
CORRECT graph=soc-Pokec method=shared_b64_fast boundary=instrumented_kernel reference=mkl_bf16_inputs rel_l2=0.00326399622 max_abs=4.40039062 max_norm=0.00314302846 pass=1
CORRECT graph=soc-Pokec method=shared_b64_accurate boundary=instrumented_kernel reference=mkl_bf16_inputs rel_l2=4.32743833e-06 max_abs=0.00610351562 max_norm=4.35950463e-06 pass=1
CORRECT graph=soc-Pokec method=shared_bfull_fast boundary=instrumented_kernel reference=mkl_bf16_inputs rel_l2=0.00326495389 max_abs=3.92956543 max_norm=0.00280673627 pass=1
CORRECT graph=soc-Pokec method=shared_bfull_accurate boundary=instrumented_kernel reference=mkl_bf16_inputs rel_l2=4.97565946e-06 max_abs=0.0133056641 max_norm=9.5037201e-06 pass=1
CORRECT graph=soc-Pokec method=replay_bfull_fast boundary=instrumented_kernel reference=mkl_bf16_inputs rel_l2=0.00326495389 max_abs=3.92956543 max_norm=0.00280673627 pass=1
CORRECT graph=soc-Pokec method=mkl_fp32 boundary=two_layer_e2e reference=mkl_bf16_inputs rel_l2=0.0101516293 max_abs=15928 max_norm=0.00994193025 pass=1
CORRECT graph=soc-Pokec method=mkl_fp32 boundary=two_layer_e2e reference=mkl_fp32 rel_l2=0 max_abs=0 max_norm=0 pass=1
CORRECT graph=soc-Pokec method=mkl_bf16_inputs boundary=two_layer_e2e reference=mkl_bf16_inputs rel_l2=0 max_abs=0 max_norm=0 pass=1
CORRECT graph=soc-Pokec method=mkl_bf16_inputs boundary=two_layer_e2e reference=mkl_fp32 rel_l2=0.0100506812 max_abs=15928 max_norm=0.00984406127 pass=1
CORRECT graph=soc-Pokec method=original boundary=two_layer_e2e reference=mkl_bf16_inputs rel_l2=7.64730838e-06 max_abs=7.25 max_norm=4.525301e-06 pass=1
CORRECT graph=soc-Pokec method=original boundary=two_layer_e2e reference=mkl_fp32 rel_l2=0.0100506372 max_abs=15932.875 max_norm=0.0098470742 pass=1
CORRECT graph=soc-Pokec method=shared_b8_fast boundary=two_layer_e2e reference=mkl_bf16_inputs rel_l2=0.00526558235 max_abs=8265.25 max_norm=0.00515899918 pass=1
CORRECT graph=soc-Pokec method=shared_b8_fast boundary=two_layer_e2e reference=mkl_fp32 rel_l2=0.015163693 max_abs=24193.25 max_norm=0.014952275 pass=1
CORRECT graph=soc-Pokec method=shared_b32_fast boundary=two_layer_e2e reference=mkl_bf16_inputs rel_l2=0.00566934518 max_abs=8903 max_norm=0.00555706962 pass=1
CORRECT graph=soc-Pokec method=shared_b32_fast boundary=two_layer_e2e reference=mkl_fp32 rel_l2=0.015531783 max_abs=24831 max_norm=0.0153464268 pass=1
CORRECT graph=soc-Pokec method=shared_bfull_fast boundary=two_layer_e2e reference=mkl_bf16_inputs rel_l2=0.00583702584 max_abs=9892.375 max_norm=0.00617461717 pass=1
CORRECT graph=soc-Pokec method=shared_bfull_fast boundary=two_layer_e2e reference=mkl_fp32 rel_l2=0.0156136442 max_abs=25820.375 max_norm=0.0159578951 pass=1
CORRECT graph=soc-Pokec method=shared_bfull_accurate boundary=two_layer_e2e reference=mkl_bf16_inputs rel_l2=3.21100094e-05 max_abs=17.3125 max_norm=1.08061067e-05 pass=1
CORRECT graph=soc-Pokec method=shared_bfull_accurate boundary=two_layer_e2e reference=mkl_fp32 rel_l2=0.0100584452 max_abs=15944.625 max_norm=0.00985433611 pass=1
CORRECT graph=soc-Pokec method=replay_bfull_fast boundary=two_layer_e2e reference=mkl_bf16_inputs rel_l2=0.00583702584 max_abs=9892.375 max_norm=0.00617461717 pass=1
CORRECT graph=soc-Pokec method=replay_bfull_fast boundary=two_layer_e2e reference=mkl_fp32 rel_l2=0.0156136442 max_abs=25820.375 max_norm=0.0159578951 pass=1
TIME graph=soc-Pokec method=mkl_bf16_inputs e2e rep=0 ms=134.900093 L1=63.138962 act_convert=8.824110 L2=62.937021
TIME graph=soc-Pokec method=original e2e rep=0 ms=221.722841 L1=108.601809 act_convert=5.925179 L2=107.195854
TIME graph=soc-Pokec method=shared_b8_fast e2e rep=0 ms=228.936911 L1=110.680103 act_convert=6.066799 L2=112.190008
TIME graph=soc-Pokec method=shared_b32_fast e2e rep=0 ms=212.764978 L1=102.312088 act_convert=6.001949 L2=104.450941
TIME graph=soc-Pokec method=shared_bfull_fast e2e rep=0 ms=210.093975 L1=101.412058 act_convert=5.996943 L2=102.684975
TIME graph=soc-Pokec method=shared_bfull_accurate e2e rep=0 ms=216.310024 L1=104.453087 act_convert=5.983829 L2=105.873108
TIME graph=soc-Pokec method=replay_bfull_fast e2e rep=0 ms=233.687878 L1=113.799810 act_convert=6.040096 L2=113.847971
TIME graph=soc-Pokec method=mkl_fp32 e2e rep=0 ms=130.017996 L1=63.555956 act_convert=3.014088 L2=63.447952
TIME graph=soc-Pokec method=original e2e rep=1 ms=221.241951 L1=108.587027 act_convert=5.904913 L2=106.750011
TIME graph=soc-Pokec method=shared_b8_fast e2e rep=1 ms=229.530096 L1=112.484932 act_convert=6.006002 L2=111.039162
TIME graph=soc-Pokec method=shared_b32_fast e2e rep=1 ms=212.901115 L1=103.303194 act_convert=6.016016 L2=103.581905
TIME graph=soc-Pokec method=shared_bfull_fast e2e rep=1 ms=210.482121 L1=101.381063 act_convert=5.985975 L2=103.115082
TIME graph=soc-Pokec method=shared_bfull_accurate e2e rep=1 ms=216.387033 L1=103.991985 act_convert=6.057024 L2=106.338024
TIME graph=soc-Pokec method=replay_bfull_fast e2e rep=1 ms=233.233929 L1=112.891912 act_convert=6.000996 L2=114.341021
TIME graph=soc-Pokec method=mkl_fp32 e2e rep=1 ms=133.111000 L1=66.273928 act_convert=3.116131 L2=63.720942
TIME graph=soc-Pokec method=mkl_bf16_inputs e2e rep=1 ms=135.042906 L1=63.182831 act_convert=8.840084 L2=63.019991
TIME graph=soc-Pokec method=shared_b8_fast e2e rep=2 ms=232.687950 L1=113.212824 act_convert=6.046057 L2=113.429070
TIME graph=soc-Pokec method=shared_b32_fast e2e rep=2 ms=213.458061 L1=102.204084 act_convert=5.919933 L2=105.334044
TIME graph=soc-Pokec method=shared_bfull_fast e2e rep=2 ms=209.599018 L1=101.574898 act_convert=6.000042 L2=102.024078
TIME graph=soc-Pokec method=shared_bfull_accurate e2e rep=2 ms=214.544058 L1=103.379011 act_convert=5.908966 L2=105.256081
TIME graph=soc-Pokec method=replay_bfull_fast e2e rep=2 ms=233.699083 L1=113.233089 act_convert=6.000996 L2=114.464998
TIME graph=soc-Pokec method=mkl_fp32 e2e rep=2 ms=129.797935 L1=63.544989 act_convert=2.939939 L2=63.313007
TIME graph=soc-Pokec method=mkl_bf16_inputs e2e rep=2 ms=135.153055 L1=63.136101 act_convert=9.064913 L2=62.952042
TIME graph=soc-Pokec method=original e2e rep=2 ms=222.237110 L1=109.246969 act_convert=5.936146 L2=107.053995
TIME graph=soc-Pokec method=shared_b32_fast e2e rep=3 ms=213.364124 L1=103.219032 act_convert=6.042957 L2=104.102135
TIME graph=soc-Pokec method=shared_bfull_fast e2e rep=3 ms=210.464954 L1=101.379871 act_convert=5.985022 L2=103.100061
TIME graph=soc-Pokec method=shared_bfull_accurate e2e rep=3 ms=215.678930 L1=104.200840 act_convert=5.923986 L2=105.554104
TIME graph=soc-Pokec method=replay_bfull_fast e2e rep=3 ms=233.370066 L1=112.862110 act_convert=5.908966 L2=114.598989
TIME graph=soc-Pokec method=mkl_fp32 e2e rep=3 ms=129.585028 L1=63.498974 act_convert=2.770901 L2=63.315153
TIME graph=soc-Pokec method=mkl_bf16_inputs e2e rep=3 ms=135.114908 L1=63.400984 act_convert=8.816004 L2=62.897921
TIME graph=soc-Pokec method=original e2e rep=3 ms=219.622850 L1=108.438969 act_convert=5.925894 L2=105.257988
TIME graph=soc-Pokec method=shared_b8_fast e2e rep=3 ms=230.427980 L1=112.073898 act_convert=5.917072 L2=112.437010
TIME graph=soc-Pokec method=shared_bfull_fast e2e rep=4 ms=212.329865 L1=102.351904 act_convert=6.009102 L2=103.968859
TIME graph=soc-Pokec method=shared_bfull_accurate e2e rep=4 ms=214.879990 L1=103.954077 act_convert=6.025076 L2=104.900837
TIME graph=soc-Pokec method=replay_bfull_fast e2e rep=4 ms=233.026028 L1=113.533020 act_convert=5.993843 L2=113.499165
TIME graph=soc-Pokec method=mkl_fp32 e2e rep=4 ms=130.718946 L1=63.568115 act_convert=3.114939 L2=64.035892
TIME graph=soc-Pokec method=mkl_bf16_inputs e2e rep=4 ms=134.930134 L1=63.198090 act_convert=8.837938 L2=62.894106
TIME graph=soc-Pokec method=original e2e rep=4 ms=220.946074 L1=104.786873 act_convert=6.098032 L2=110.061169
TIME graph=soc-Pokec method=shared_b8_fast e2e rep=4 ms=230.399847 L1=112.478971 act_convert=5.949020 L2=111.971855
TIME graph=soc-Pokec method=shared_b32_fast e2e rep=4 ms=214.437962 L1=103.705883 act_convert=5.930901 L2=104.801178
COMPLETE graph=soc-Pokec status=PASS max_rss_kib=10456356
