GRAPH_VALUES name=rgg_n_2_24_s0 checked=265114400 nonunit=0 implicit_ones=0
CORRECT graph=rgg_n_2_24_s0 method=mkl_bf16_inputs boundary=kernel_sample reference=fp64_bf16_inputs rel_l2=1.85622228e-07 max_abs=3.12849879e-05 max_norm=3.77486736e-07 pass=1
CONFIG graph=rgg_n_2_24_s0 N=16777216 E=265114400 threads=32 R=64 D=128 F=128 repeats=10 warmups=1
CORRECT graph=rgg_n_2_24_s0 method=mkl_fp32 boundary=kernel_full reference=mkl_bf16_inputs rel_l2=0.0053039207 max_abs=0.63785553 max_norm=0.00569151944 pass=1
CORRECT graph=rgg_n_2_24_s0 method=mkl_fp32 boundary=kernel_full reference=mkl_fp32 rel_l2=0 max_abs=0 max_norm=0 pass=1
CORRECT graph=rgg_n_2_24_s0 method=mkl_fp32 boundary=kernel_sample reference=fp64_bf16_inputs rel_l2=0.00538350698 max_abs=0.514159851 max_norm=0.0062038868 pass=1
CORRECT graph=rgg_n_2_24_s0 method=mkl_bf16_inputs boundary=kernel_full reference=mkl_bf16_inputs rel_l2=0 max_abs=0 max_norm=0 pass=1
CORRECT graph=rgg_n_2_24_s0 method=mkl_bf16_inputs boundary=kernel_full reference=mkl_fp32 rel_l2=0.00527835375 max_abs=0.63785553 max_norm=0.0056669246 pass=1
CORRECT graph=rgg_n_2_24_s0 method=mkl_bf16_inputs boundary=kernel_sample reference=fp64_bf16_inputs rel_l2=1.85622228e-07 max_abs=3.12849879e-05 max_norm=3.77486736e-07 pass=1
CORRECT graph=rgg_n_2_24_s0 method=original boundary=kernel_full reference=mkl_bf16_inputs rel_l2=2.34150087e-07 max_abs=7.62939453e-05 max_norm=6.80763046e-07 pass=1
CORRECT graph=rgg_n_2_24_s0 method=original boundary=kernel_full reference=mkl_fp32 rel_l2=0.00527835376 max_abs=0.6378479 max_norm=0.00566685682 pass=1
CORRECT graph=rgg_n_2_24_s0 method=original boundary=kernel_sample reference=fp64_bf16_inputs rel_l2=2.07932693e-07 max_abs=4.6081841e-05 max_norm=5.56026545e-07 pass=1
CORRECT graph=rgg_n_2_24_s0 method=original_nozero boundary=kernel_full reference=mkl_bf16_inputs rel_l2=2.34150087e-07 max_abs=7.62939453e-05 max_norm=6.80763046e-07 pass=1
CORRECT graph=rgg_n_2_24_s0 method=original_nozero boundary=kernel_full reference=mkl_fp32 rel_l2=0.00527835376 max_abs=0.6378479 max_norm=0.00566685682 pass=1
CORRECT graph=rgg_n_2_24_s0 method=original_nozero boundary=kernel_sample reference=fp64_bf16_inputs rel_l2=2.07932693e-07 max_abs=4.6081841e-05 max_norm=5.56026545e-07 pass=1
CORRECT graph=rgg_n_2_24_s0 method=original_nozero boundary=nozero_identity reference=unchanged_original rel_l2=0 max_abs=0 max_norm=0 pass=1
CORRECT graph=rgg_n_2_24_s0 method=shared_b2_fast_nozero boundary=kernel_full reference=mkl_bf16_inputs rel_l2=0.00235080346 max_abs=0.274978638 max_norm=0.00245360617 pass=1
CORRECT graph=rgg_n_2_24_s0 method=shared_b2_fast_nozero boundary=kernel_full reference=mkl_fp32 rel_l2=0.00703680881 max_abs=0.858001709 max_norm=0.00762277783 pass=1
CORRECT graph=rgg_n_2_24_s0 method=shared_b2_fast_nozero boundary=kernel_sample reference=fp64_bf16_inputs rel_l2=0.00241592707 max_abs=0.231208734 max_norm=0.0027897799 pass=1
CORRECT graph=rgg_n_2_24_s0 method=shared_b2_accurate_nozero boundary=kernel_full reference=mkl_bf16_inputs rel_l2=2.34177932e-07 max_abs=8.39233398e-05 max_norm=7.4883935e-07 pass=1
CORRECT graph=rgg_n_2_24_s0 method=shared_b2_accurate_nozero boundary=kernel_full reference=mkl_fp32 rel_l2=0.00527835376 max_abs=0.637825012 max_norm=0.00566665347 pass=1
CORRECT graph=rgg_n_2_24_s0 method=shared_b2_accurate_nozero boundary=kernel_sample reference=fp64_bf16_inputs rel_l2=2.09405177e-07 max_abs=3.30507755e-05 max_norm=3.98792846e-07 pass=1
CORRECT graph=rgg_n_2_24_s0 method=shared_b4_fast_nozero boundary=kernel_full reference=mkl_bf16_inputs rel_l2=0.00294187901 max_abs=0.343154907 max_norm=0.00306193603 pass=1
CORRECT graph=rgg_n_2_24_s0 method=shared_b4_fast_nozero boundary=kernel_full reference=mkl_fp32 rel_l2=0.00767220877 max_abs=0.879173279 max_norm=0.00781087323 pass=1
CORRECT graph=rgg_n_2_24_s0 method=shared_b4_fast_nozero boundary=kernel_sample reference=fp64_bf16_inputs rel_l2=0.00296296 max_abs=0.22625 max_norm=0.00272994748 pass=1
CORRECT graph=rgg_n_2_24_s0 method=shared_b4_accurate_nozero boundary=kernel_full reference=mkl_bf16_inputs rel_l2=2.1294601e-07 max_abs=7.62939453e-05 max_norm=6.80763046e-07 pass=1
CORRECT graph=rgg_n_2_24_s0 method=shared_b4_accurate_nozero boundary=kernel_full reference=mkl_fp32 rel_l2=0.00527835375 max_abs=0.637840271 max_norm=0.00566678904 pass=1
CORRECT graph=rgg_n_2_24_s0 method=shared_b4_accurate_nozero boundary=kernel_sample reference=fp64_bf16_inputs rel_l2=1.56255061e-07 max_abs=3.05846334e-05 max_norm=3.69036211e-07 pass=1
CORRECT graph=rgg_n_2_24_s0 method=shared_b8_fast_nozero boundary=kernel_full reference=mkl_bf16_inputs rel_l2=0.00312659399 max_abs=0.354064941 max_norm=0.00315928514 pass=1
CORRECT graph=rgg_n_2_24_s0 method=shared_b8_fast_nozero boundary=kernel_full reference=mkl_fp32 rel_l2=0.00789533218 max_abs=0.902778625 max_norm=0.00802059113 pass=1
CORRECT graph=rgg_n_2_24_s0 method=shared_b8_fast_nozero boundary=kernel_sample reference=fp64_bf16_inputs rel_l2=0.00310660333 max_abs=0.282944031 max_norm=0.00341402141 pass=1
CORRECT graph=rgg_n_2_24_s0 method=shared_b8_accurate_nozero boundary=kernel_full reference=mkl_bf16_inputs rel_l2=5.73070793e-07 max_abs=0.000206947327 max_norm=1.84656976e-06 pass=1
CORRECT graph=rgg_n_2_24_s0 method=shared_b8_accurate_nozero boundary=kernel_full reference=mkl_fp32 rel_l2=0.00527837238 max_abs=0.637840271 max_norm=0.00566678904 pass=1
CORRECT graph=rgg_n_2_24_s0 method=shared_b8_accurate_nozero boundary=kernel_sample reference=fp64_bf16_inputs rel_l2=4.80793237e-07 max_abs=0.000126838684 max_norm=1.53044396e-06 pass=1
CORRECT graph=rgg_n_2_24_s0 method=shared_b16_fast_nozero boundary=kernel_full reference=mkl_bf16_inputs rel_l2=0.00323223502 max_abs=0.390106201 max_norm=0.0034808776 pass=1
CORRECT graph=rgg_n_2_24_s0 method=shared_b16_fast_nozero boundary=kernel_full reference=mkl_fp32 rel_l2=0.00801199448 max_abs=0.93044281 max_norm=0.00826636911 pass=1
CORRECT graph=rgg_n_2_24_s0 method=shared_b16_fast_nozero boundary=kernel_sample reference=fp64_bf16_inputs rel_l2=0.00336017586 max_abs=0.262194023 max_norm=0.00316365044 pass=1
CORRECT graph=rgg_n_2_24_s0 method=shared_b16_accurate_nozero boundary=kernel_full reference=mkl_bf16_inputs rel_l2=1.68529009e-06 max_abs=0.00044631958 max_norm=3.98246382e-06 pass=1
CORRECT graph=rgg_n_2_24_s0 method=shared_b16_accurate_nozero boundary=kernel_full reference=mkl_fp32 rel_l2=0.0052785538 max_abs=0.637939453 max_norm=0.0056676702 pass=1
CORRECT graph=rgg_n_2_24_s0 method=shared_b16_accurate_nozero boundary=kernel_sample reference=fp64_bf16_inputs rel_l2=1.80913625e-06 max_abs=0.000196158886 max_norm=2.36686611e-06 pass=1
CORRECT graph=rgg_n_2_24_s0 method=shared_b32_fast_nozero boundary=kernel_full reference=mkl_bf16_inputs rel_l2=0.00326820922 max_abs=0.40460968 max_norm=0.00361029066 pass=1
CORRECT graph=rgg_n_2_24_s0 method=shared_b32_fast_nozero boundary=kernel_full reference=mkl_fp32 rel_l2=0.00805709185 max_abs=0.940093994 max_norm=0.0083521135 pass=1
CORRECT graph=rgg_n_2_24_s0 method=shared_b32_fast_nozero boundary=kernel_sample reference=fp64_bf16_inputs rel_l2=0.00326012642 max_abs=0.260377705 max_norm=0.00314173463 pass=1
CORRECT graph=rgg_n_2_24_s0 method=shared_b32_accurate_nozero boundary=kernel_full reference=mkl_bf16_inputs rel_l2=2.06933669e-06 max_abs=0.000637054443 max_norm=5.68437143e-06 pass=1
CORRECT graph=rgg_n_2_24_s0 method=shared_b32_accurate_nozero boundary=kernel_full reference=mkl_fp32 rel_l2=0.00527866138 max_abs=0.637832642 max_norm=0.00566672125 pass=1
CORRECT graph=rgg_n_2_24_s0 method=shared_b32_accurate_nozero boundary=kernel_sample reference=fp64_bf16_inputs rel_l2=3.07116551e-06 max_abs=0.000333070755 max_norm=4.01885378e-06 pass=1
CORRECT graph=rgg_n_2_24_s0 method=shared_b64_fast_nozero boundary=kernel_full reference=mkl_bf16_inputs rel_l2=0.00326821941 max_abs=0.40460968 max_norm=0.00361029066 pass=1
CORRECT graph=rgg_n_2_24_s0 method=shared_b64_fast_nozero boundary=kernel_full reference=mkl_fp32 rel_l2=0.00805710587 max_abs=0.940093994 max_norm=0.0083521135 pass=1
CORRECT graph=rgg_n_2_24_s0 method=shared_b64_fast_nozero boundary=kernel_sample reference=fp64_bf16_inputs rel_l2=0.00331130537 max_abs=0.27288086 max_norm=0.00329259852 pass=1
CORRECT graph=rgg_n_2_24_s0 method=shared_b64_accurate_nozero boundary=kernel_full reference=mkl_bf16_inputs rel_l2=2.06945481e-06 max_abs=0.000684738159 max_norm=6.10984833e-06 pass=1
CORRECT graph=rgg_n_2_24_s0 method=shared_b64_accurate_nozero boundary=kernel_full reference=mkl_fp32 rel_l2=0.00527866141 max_abs=0.637832642 max_norm=0.00566672125 pass=1
CORRECT graph=rgg_n_2_24_s0 method=shared_b64_accurate_nozero boundary=kernel_sample reference=fp64_bf16_inputs rel_l2=3.97351235e-06 max_abs=0.000400647521 max_norm=4.83423952e-06 pass=1
CORRECT graph=rgg_n_2_24_s0 method=shared_bfull_fast_nozero boundary=kernel_full reference=mkl_bf16_inputs rel_l2=0.00326821941 max_abs=0.40460968 max_norm=0.00361029066 pass=1
CORRECT graph=rgg_n_2_24_s0 method=shared_bfull_fast_nozero boundary=kernel_full reference=mkl_fp32 rel_l2=0.00805710587 max_abs=0.940093994 max_norm=0.0083521135 pass=1
CORRECT graph=rgg_n_2_24_s0 method=shared_bfull_fast_nozero boundary=kernel_sample reference=fp64_bf16_inputs rel_l2=0.00331130537 max_abs=0.27288086 max_norm=0.00329259852 pass=1
CORRECT graph=rgg_n_2_24_s0 method=shared_bfull_accurate_nozero boundary=kernel_full reference=mkl_bf16_inputs rel_l2=2.06945481e-06 max_abs=0.000684738159 max_norm=6.10984833e-06 pass=1
CORRECT graph=rgg_n_2_24_s0 method=shared_bfull_accurate_nozero boundary=kernel_full reference=mkl_fp32 rel_l2=0.00527866141 max_abs=0.637832642 max_norm=0.00566672125 pass=1
CORRECT graph=rgg_n_2_24_s0 method=shared_bfull_accurate_nozero boundary=kernel_sample reference=fp64_bf16_inputs rel_l2=3.97351235e-06 max_abs=0.000400647521 max_norm=4.83423952e-06 pass=1
TIME graph=rgg_n_2_24_s0 method=mkl_bf16_inputs kernel rep=0 ms=458.319902
TIME graph=rgg_n_2_24_s0 method=original kernel rep=0 ms=1076.466084
TIME graph=rgg_n_2_24_s0 method=original_nozero kernel rep=0 ms=395.319939
TIME graph=rgg_n_2_24_s0 method=shared_b2_fast_nozero kernel rep=0 ms=655.117989
TIME graph=rgg_n_2_24_s0 method=shared_b2_accurate_nozero kernel rep=0 ms=766.348839
TIME graph=rgg_n_2_24_s0 method=shared_b4_fast_nozero kernel rep=0 ms=547.614813
TIME graph=rgg_n_2_24_s0 method=shared_b4_accurate_nozero kernel rep=0 ms=601.673841
TIME graph=rgg_n_2_24_s0 method=shared_b8_fast_nozero kernel rep=0 ms=480.672121
TIME graph=rgg_n_2_24_s0 method=shared_b8_accurate_nozero kernel rep=0 ms=509.323120
TIME graph=rgg_n_2_24_s0 method=shared_b16_fast_nozero kernel rep=0 ms=427.299976
TIME graph=rgg_n_2_24_s0 method=shared_b16_accurate_nozero kernel rep=0 ms=457.995892
TIME graph=rgg_n_2_24_s0 method=shared_b32_fast_nozero kernel rep=0 ms=405.600071
TIME graph=rgg_n_2_24_s0 method=shared_b32_accurate_nozero kernel rep=0 ms=437.640190
TIME graph=rgg_n_2_24_s0 method=shared_b64_fast_nozero kernel rep=0 ms=405.447006
TIME graph=rgg_n_2_24_s0 method=shared_b64_accurate_nozero kernel rep=0 ms=437.623978
TIME graph=rgg_n_2_24_s0 method=shared_bfull_fast_nozero kernel rep=0 ms=405.338049
TIME graph=rgg_n_2_24_s0 method=shared_bfull_accurate_nozero kernel rep=0 ms=437.958002
TIME graph=rgg_n_2_24_s0 method=mkl_fp32 kernel rep=0 ms=466.293812
TIME graph=rgg_n_2_24_s0 method=original kernel rep=1 ms=1086.453199
TIME graph=rgg_n_2_24_s0 method=original_nozero kernel rep=1 ms=395.380020
TIME graph=rgg_n_2_24_s0 method=shared_b2_fast_nozero kernel rep=1 ms=656.140804
TIME graph=rgg_n_2_24_s0 method=shared_b2_accurate_nozero kernel rep=1 ms=766.208887
TIME graph=rgg_n_2_24_s0 method=shared_b4_fast_nozero kernel rep=1 ms=548.259020
TIME graph=rgg_n_2_24_s0 method=shared_b4_accurate_nozero kernel rep=1 ms=601.252079
TIME graph=rgg_n_2_24_s0 method=shared_b8_fast_nozero kernel rep=1 ms=481.611967
TIME graph=rgg_n_2_24_s0 method=shared_b8_accurate_nozero kernel rep=1 ms=508.844137
TIME graph=rgg_n_2_24_s0 method=shared_b16_fast_nozero kernel rep=1 ms=427.592993
TIME graph=rgg_n_2_24_s0 method=shared_b16_accurate_nozero kernel rep=1 ms=458.316088
TIME graph=rgg_n_2_24_s0 method=shared_b32_fast_nozero kernel rep=1 ms=405.643940
TIME graph=rgg_n_2_24_s0 method=shared_b32_accurate_nozero kernel rep=1 ms=438.021898
TIME graph=rgg_n_2_24_s0 method=shared_b64_fast_nozero kernel rep=1 ms=405.520916
TIME graph=rgg_n_2_24_s0 method=shared_b64_accurate_nozero kernel rep=1 ms=438.235044
TIME graph=rgg_n_2_24_s0 method=shared_bfull_fast_nozero kernel rep=1 ms=405.662060
TIME graph=rgg_n_2_24_s0 method=shared_bfull_accurate_nozero kernel rep=1 ms=437.954903
TIME graph=rgg_n_2_24_s0 method=mkl_fp32 kernel rep=1 ms=469.389200
TIME graph=rgg_n_2_24_s0 method=mkl_bf16_inputs kernel rep=1 ms=458.117962
TIME graph=rgg_n_2_24_s0 method=original_nozero kernel rep=2 ms=412.285089
TIME graph=rgg_n_2_24_s0 method=shared_b2_fast_nozero kernel rep=2 ms=657.378197
TIME graph=rgg_n_2_24_s0 method=shared_b2_accurate_nozero kernel rep=2 ms=765.486002
TIME graph=rgg_n_2_24_s0 method=shared_b4_fast_nozero kernel rep=2 ms=546.810150
TIME graph=rgg_n_2_24_s0 method=shared_b4_accurate_nozero kernel rep=2 ms=600.543022
TIME graph=rgg_n_2_24_s0 method=shared_b8_fast_nozero kernel rep=2 ms=480.407953
TIME graph=rgg_n_2_24_s0 method=shared_b8_accurate_nozero kernel rep=2 ms=507.014036
TIME graph=rgg_n_2_24_s0 method=shared_b16_fast_nozero kernel rep=2 ms=427.212000
TIME graph=rgg_n_2_24_s0 method=shared_b16_accurate_nozero kernel rep=2 ms=457.805157
TIME graph=rgg_n_2_24_s0 method=shared_b32_fast_nozero kernel rep=2 ms=405.240059
TIME graph=rgg_n_2_24_s0 method=shared_b32_accurate_nozero kernel rep=2 ms=437.309980
TIME graph=rgg_n_2_24_s0 method=shared_b64_fast_nozero kernel rep=2 ms=404.901028
TIME graph=rgg_n_2_24_s0 method=shared_b64_accurate_nozero kernel rep=2 ms=437.476873
TIME graph=rgg_n_2_24_s0 method=shared_bfull_fast_nozero kernel rep=2 ms=404.956102
TIME graph=rgg_n_2_24_s0 method=shared_bfull_accurate_nozero kernel rep=2 ms=437.460899
TIME graph=rgg_n_2_24_s0 method=mkl_fp32 kernel rep=2 ms=466.145992
TIME graph=rgg_n_2_24_s0 method=mkl_bf16_inputs kernel rep=2 ms=461.514950
TIME graph=rgg_n_2_24_s0 method=original kernel rep=2 ms=1074.671030
TIME graph=rgg_n_2_24_s0 method=shared_b2_fast_nozero kernel rep=3 ms=655.925989
TIME graph=rgg_n_2_24_s0 method=shared_b2_accurate_nozero kernel rep=3 ms=763.644934
TIME graph=rgg_n_2_24_s0 method=shared_b4_fast_nozero kernel rep=3 ms=547.280073
TIME graph=rgg_n_2_24_s0 method=shared_b4_accurate_nozero kernel rep=3 ms=601.114035
TIME graph=rgg_n_2_24_s0 method=shared_b8_fast_nozero kernel rep=3 ms=480.942011
TIME graph=rgg_n_2_24_s0 method=shared_b8_accurate_nozero kernel rep=3 ms=509.791851
TIME graph=rgg_n_2_24_s0 method=shared_b16_fast_nozero kernel rep=3 ms=427.494049
TIME graph=rgg_n_2_24_s0 method=shared_b16_accurate_nozero kernel rep=3 ms=457.863092
TIME graph=rgg_n_2_24_s0 method=shared_b32_fast_nozero kernel rep=3 ms=405.781031
TIME graph=rgg_n_2_24_s0 method=shared_b32_accurate_nozero kernel rep=3 ms=437.648058
TIME graph=rgg_n_2_24_s0 method=shared_b64_fast_nozero kernel rep=3 ms=404.866934
TIME graph=rgg_n_2_24_s0 method=shared_b64_accurate_nozero kernel rep=3 ms=437.831879
TIME graph=rgg_n_2_24_s0 method=shared_bfull_fast_nozero kernel rep=3 ms=405.464888
TIME graph=rgg_n_2_24_s0 method=shared_bfull_accurate_nozero kernel rep=3 ms=437.684059
TIME graph=rgg_n_2_24_s0 method=mkl_fp32 kernel rep=3 ms=467.954159
TIME graph=rgg_n_2_24_s0 method=mkl_bf16_inputs kernel rep=3 ms=460.063934
TIME graph=rgg_n_2_24_s0 method=original kernel rep=3 ms=1077.734947
TIME graph=rgg_n_2_24_s0 method=original_nozero kernel rep=3 ms=395.987988
TIME graph=rgg_n_2_24_s0 method=shared_b2_accurate_nozero kernel rep=4 ms=763.693094
TIME graph=rgg_n_2_24_s0 method=shared_b4_fast_nozero kernel rep=4 ms=547.175884
TIME graph=rgg_n_2_24_s0 method=shared_b4_accurate_nozero kernel rep=4 ms=601.315022
TIME graph=rgg_n_2_24_s0 method=shared_b8_fast_nozero kernel rep=4 ms=480.692863
TIME graph=rgg_n_2_24_s0 method=shared_b8_accurate_nozero kernel rep=4 ms=507.575989
TIME graph=rgg_n_2_24_s0 method=shared_b16_fast_nozero kernel rep=4 ms=426.876068
TIME graph=rgg_n_2_24_s0 method=shared_b16_accurate_nozero kernel rep=4 ms=457.946062
TIME graph=rgg_n_2_24_s0 method=shared_b32_fast_nozero kernel rep=4 ms=405.475855
TIME graph=rgg_n_2_24_s0 method=shared_b32_accurate_nozero kernel rep=4 ms=437.518120
TIME graph=rgg_n_2_24_s0 method=shared_b64_fast_nozero kernel rep=4 ms=405.692816
TIME graph=rgg_n_2_24_s0 method=shared_b64_accurate_nozero kernel rep=4 ms=437.928915
TIME graph=rgg_n_2_24_s0 method=shared_bfull_fast_nozero kernel rep=4 ms=405.691147
TIME graph=rgg_n_2_24_s0 method=shared_bfull_accurate_nozero kernel rep=4 ms=437.660933
TIME graph=rgg_n_2_24_s0 method=mkl_fp32 kernel rep=4 ms=466.262102
TIME graph=rgg_n_2_24_s0 method=mkl_bf16_inputs kernel rep=4 ms=461.512089
TIME graph=rgg_n_2_24_s0 method=original kernel rep=4 ms=1085.816860
TIME graph=rgg_n_2_24_s0 method=original_nozero kernel rep=4 ms=395.907879
TIME graph=rgg_n_2_24_s0 method=shared_b2_fast_nozero kernel rep=4 ms=654.500008
TIME graph=rgg_n_2_24_s0 method=shared_b4_fast_nozero kernel rep=5 ms=544.553995
TIME graph=rgg_n_2_24_s0 method=shared_b4_accurate_nozero kernel rep=5 ms=601.532936
TIME graph=rgg_n_2_24_s0 method=shared_b8_fast_nozero kernel rep=5 ms=480.563879
TIME graph=rgg_n_2_24_s0 method=shared_b8_accurate_nozero kernel rep=5 ms=507.179976
TIME graph=rgg_n_2_24_s0 method=shared_b16_fast_nozero kernel rep=5 ms=427.237988
TIME graph=rgg_n_2_24_s0 method=shared_b16_accurate_nozero kernel rep=5 ms=457.332134
TIME graph=rgg_n_2_24_s0 method=shared_b32_fast_nozero kernel rep=5 ms=405.052900
TIME graph=rgg_n_2_24_s0 method=shared_b32_accurate_nozero kernel rep=5 ms=437.235832
TIME graph=rgg_n_2_24_s0 method=shared_b64_fast_nozero kernel rep=5 ms=405.122042
TIME graph=rgg_n_2_24_s0 method=shared_b64_accurate_nozero kernel rep=5 ms=437.536001
TIME graph=rgg_n_2_24_s0 method=shared_bfull_fast_nozero kernel rep=5 ms=405.550003
TIME graph=rgg_n_2_24_s0 method=shared_bfull_accurate_nozero kernel rep=5 ms=437.517881
TIME graph=rgg_n_2_24_s0 method=mkl_fp32 kernel rep=5 ms=470.218897
TIME graph=rgg_n_2_24_s0 method=mkl_bf16_inputs kernel rep=5 ms=459.752798
TIME graph=rgg_n_2_24_s0 method=original kernel rep=5 ms=1093.859911
TIME graph=rgg_n_2_24_s0 method=original_nozero kernel rep=5 ms=395.817995
TIME graph=rgg_n_2_24_s0 method=shared_b2_fast_nozero kernel rep=5 ms=653.985977
TIME graph=rgg_n_2_24_s0 method=shared_b2_accurate_nozero kernel rep=5 ms=766.187906
TIME graph=rgg_n_2_24_s0 method=shared_b4_accurate_nozero kernel rep=6 ms=599.844217
TIME graph=rgg_n_2_24_s0 method=shared_b8_fast_nozero kernel rep=6 ms=480.422020
TIME graph=rgg_n_2_24_s0 method=shared_b8_accurate_nozero kernel rep=6 ms=508.580923
TIME graph=rgg_n_2_24_s0 method=shared_b16_fast_nozero kernel rep=6 ms=426.518917
TIME graph=rgg_n_2_24_s0 method=shared_b16_accurate_nozero kernel rep=6 ms=458.050966
TIME graph=rgg_n_2_24_s0 method=shared_b32_fast_nozero kernel rep=6 ms=404.717207
TIME graph=rgg_n_2_24_s0 method=shared_b32_accurate_nozero kernel rep=6 ms=437.195063
TIME graph=rgg_n_2_24_s0 method=shared_b64_fast_nozero kernel rep=6 ms=405.212879
TIME graph=rgg_n_2_24_s0 method=shared_b64_accurate_nozero kernel rep=6 ms=437.630892
TIME graph=rgg_n_2_24_s0 method=shared_bfull_fast_nozero kernel rep=6 ms=405.040026
TIME graph=rgg_n_2_24_s0 method=shared_bfull_accurate_nozero kernel rep=6 ms=437.660933
TIME graph=rgg_n_2_24_s0 method=mkl_fp32 kernel rep=6 ms=466.300964
TIME graph=rgg_n_2_24_s0 method=mkl_bf16_inputs kernel rep=6 ms=463.579178
TIME graph=rgg_n_2_24_s0 method=original kernel rep=6 ms=1076.759100
TIME graph=rgg_n_2_24_s0 method=original_nozero kernel rep=6 ms=396.079063
TIME graph=rgg_n_2_24_s0 method=shared_b2_fast_nozero kernel rep=6 ms=656.501055
TIME graph=rgg_n_2_24_s0 method=shared_b2_accurate_nozero kernel rep=6 ms=766.465902
TIME graph=rgg_n_2_24_s0 method=shared_b4_fast_nozero kernel rep=6 ms=548.181057
TIME graph=rgg_n_2_24_s0 method=shared_b8_fast_nozero kernel rep=7 ms=480.967999
TIME graph=rgg_n_2_24_s0 method=shared_b8_accurate_nozero kernel rep=7 ms=508.006811
TIME graph=rgg_n_2_24_s0 method=shared_b16_fast_nozero kernel rep=7 ms=427.476883
TIME graph=rgg_n_2_24_s0 method=shared_b16_accurate_nozero kernel rep=7 ms=457.535028
TIME graph=rgg_n_2_24_s0 method=shared_b32_fast_nozero kernel rep=7 ms=405.360222
TIME graph=rgg_n_2_24_s0 method=shared_b32_accurate_nozero kernel rep=7 ms=437.298059
TIME graph=rgg_n_2_24_s0 method=shared_b64_fast_nozero kernel rep=7 ms=405.003071
TIME graph=rgg_n_2_24_s0 method=shared_b64_accurate_nozero kernel rep=7 ms=437.386036
TIME graph=rgg_n_2_24_s0 method=shared_bfull_fast_nozero kernel rep=7 ms=405.284882
TIME graph=rgg_n_2_24_s0 method=shared_bfull_accurate_nozero kernel rep=7 ms=437.801123
TIME graph=rgg_n_2_24_s0 method=mkl_fp32 kernel rep=7 ms=468.931913
TIME graph=rgg_n_2_24_s0 method=mkl_bf16_inputs kernel rep=7 ms=455.014944
TIME graph=rgg_n_2_24_s0 method=original kernel rep=7 ms=1095.196009
TIME graph=rgg_n_2_24_s0 method=original_nozero kernel rep=7 ms=396.097183
TIME graph=rgg_n_2_24_s0 method=shared_b2_fast_nozero kernel rep=7 ms=655.235052
TIME graph=rgg_n_2_24_s0 method=shared_b2_accurate_nozero kernel rep=7 ms=766.727924
TIME graph=rgg_n_2_24_s0 method=shared_b4_fast_nozero kernel rep=7 ms=547.617912
TIME graph=rgg_n_2_24_s0 method=shared_b4_accurate_nozero kernel rep=7 ms=601.371050
TIME graph=rgg_n_2_24_s0 method=shared_b8_accurate_nozero kernel rep=8 ms=505.613089
TIME graph=rgg_n_2_24_s0 method=shared_b16_fast_nozero kernel rep=8 ms=426.600933
TIME graph=rgg_n_2_24_s0 method=shared_b16_accurate_nozero kernel rep=8 ms=457.170010
TIME graph=rgg_n_2_24_s0 method=shared_b32_fast_nozero kernel rep=8 ms=405.057192
TIME graph=rgg_n_2_24_s0 method=shared_b32_accurate_nozero kernel rep=8 ms=437.060833
TIME graph=rgg_n_2_24_s0 method=shared_b64_fast_nozero kernel rep=8 ms=404.695988
TIME graph=rgg_n_2_24_s0 method=shared_b64_accurate_nozero kernel rep=8 ms=436.909914
TIME graph=rgg_n_2_24_s0 method=shared_bfull_fast_nozero kernel rep=8 ms=404.983997
TIME graph=rgg_n_2_24_s0 method=shared_bfull_accurate_nozero kernel rep=8 ms=437.303782
TIME graph=rgg_n_2_24_s0 method=mkl_fp32 kernel rep=8 ms=470.308781
TIME graph=rgg_n_2_24_s0 method=mkl_bf16_inputs kernel rep=8 ms=461.092949
TIME graph=rgg_n_2_24_s0 method=original kernel rep=8 ms=1097.172976
TIME graph=rgg_n_2_24_s0 method=original_nozero kernel rep=8 ms=395.656109
TIME graph=rgg_n_2_24_s0 method=shared_b2_fast_nozero kernel rep=8 ms=654.680967
TIME graph=rgg_n_2_24_s0 method=shared_b2_accurate_nozero kernel rep=8 ms=766.519070
TIME graph=rgg_n_2_24_s0 method=shared_b4_fast_nozero kernel rep=8 ms=547.847986
TIME graph=rgg_n_2_24_s0 method=shared_b4_accurate_nozero kernel rep=8 ms=602.614880
TIME graph=rgg_n_2_24_s0 method=shared_b8_fast_nozero kernel rep=8 ms=481.972933
TIME graph=rgg_n_2_24_s0 method=shared_b16_fast_nozero kernel rep=9 ms=427.316904
TIME graph=rgg_n_2_24_s0 method=shared_b16_accurate_nozero kernel rep=9 ms=458.217859
TIME graph=rgg_n_2_24_s0 method=shared_b32_fast_nozero kernel rep=9 ms=405.507088
TIME graph=rgg_n_2_24_s0 method=shared_b32_accurate_nozero kernel rep=9 ms=437.946796
TIME graph=rgg_n_2_24_s0 method=shared_b64_fast_nozero kernel rep=9 ms=405.638218
TIME graph=rgg_n_2_24_s0 method=shared_b64_accurate_nozero kernel rep=9 ms=437.703133
TIME graph=rgg_n_2_24_s0 method=shared_bfull_fast_nozero kernel rep=9 ms=405.876875
TIME graph=rgg_n_2_24_s0 method=shared_bfull_accurate_nozero kernel rep=9 ms=437.805891
TIME graph=rgg_n_2_24_s0 method=mkl_fp32 kernel rep=9 ms=467.516899
TIME graph=rgg_n_2_24_s0 method=mkl_bf16_inputs kernel rep=9 ms=462.544918
TIME graph=rgg_n_2_24_s0 method=original kernel rep=9 ms=1080.610991
TIME graph=rgg_n_2_24_s0 method=original_nozero kernel rep=9 ms=395.692110
TIME graph=rgg_n_2_24_s0 method=shared_b2_fast_nozero kernel rep=9 ms=655.074120
TIME graph=rgg_n_2_24_s0 method=shared_b2_accurate_nozero kernel rep=9 ms=766.515970
TIME graph=rgg_n_2_24_s0 method=shared_b4_fast_nozero kernel rep=9 ms=547.753096
TIME graph=rgg_n_2_24_s0 method=shared_b4_accurate_nozero kernel rep=9 ms=602.261782
TIME graph=rgg_n_2_24_s0 method=shared_b8_fast_nozero kernel rep=9 ms=481.427193
TIME graph=rgg_n_2_24_s0 method=shared_b8_accurate_nozero kernel rep=9 ms=508.219957
CORRECT graph=rgg_n_2_24_s0 method=original boundary=instrumented_kernel reference=unchanged_original rel_l2=0 max_abs=0 max_norm=0 pass=1
CORRECT graph=rgg_n_2_24_s0 method=original_nozero boundary=instrumented_kernel reference=unchanged_original rel_l2=0 max_abs=0 max_norm=0 pass=1
CORRECT graph=rgg_n_2_24_s0 method=shared_b2_fast_nozero boundary=instrumented_kernel reference=mkl_bf16_inputs rel_l2=0.00235080346 max_abs=0.274978638 max_norm=0.00245360617 pass=1
CORRECT graph=rgg_n_2_24_s0 method=shared_b2_accurate_nozero boundary=instrumented_kernel reference=mkl_bf16_inputs rel_l2=2.34177932e-07 max_abs=8.39233398e-05 max_norm=7.4883935e-07 pass=1
CORRECT graph=rgg_n_2_24_s0 method=shared_b4_fast_nozero boundary=instrumented_kernel reference=mkl_bf16_inputs rel_l2=0.00294187901 max_abs=0.343154907 max_norm=0.00306193603 pass=1
CORRECT graph=rgg_n_2_24_s0 method=shared_b4_accurate_nozero boundary=instrumented_kernel reference=mkl_bf16_inputs rel_l2=2.1294601e-07 max_abs=7.62939453e-05 max_norm=6.80763046e-07 pass=1
CORRECT graph=rgg_n_2_24_s0 method=shared_b8_fast_nozero boundary=instrumented_kernel reference=mkl_bf16_inputs rel_l2=0.00312659399 max_abs=0.354064941 max_norm=0.00315928514 pass=1
CORRECT graph=rgg_n_2_24_s0 method=shared_b8_accurate_nozero boundary=instrumented_kernel reference=mkl_bf16_inputs rel_l2=5.73070793e-07 max_abs=0.000206947327 max_norm=1.84656976e-06 pass=1
CORRECT graph=rgg_n_2_24_s0 method=shared_b16_fast_nozero boundary=instrumented_kernel reference=mkl_bf16_inputs rel_l2=0.00323223502 max_abs=0.390106201 max_norm=0.0034808776 pass=1
CORRECT graph=rgg_n_2_24_s0 method=shared_b16_accurate_nozero boundary=instrumented_kernel reference=mkl_bf16_inputs rel_l2=1.68529009e-06 max_abs=0.00044631958 max_norm=3.98246382e-06 pass=1
CORRECT graph=rgg_n_2_24_s0 method=shared_b32_fast_nozero boundary=instrumented_kernel reference=mkl_bf16_inputs rel_l2=0.00326820922 max_abs=0.40460968 max_norm=0.00361029066 pass=1
CORRECT graph=rgg_n_2_24_s0 method=shared_b32_accurate_nozero boundary=instrumented_kernel reference=mkl_bf16_inputs rel_l2=2.06933669e-06 max_abs=0.000637054443 max_norm=5.68437143e-06 pass=1
CORRECT graph=rgg_n_2_24_s0 method=shared_b64_fast_nozero boundary=instrumented_kernel reference=mkl_bf16_inputs rel_l2=0.00326821941 max_abs=0.40460968 max_norm=0.00361029066 pass=1
CORRECT graph=rgg_n_2_24_s0 method=shared_b64_accurate_nozero boundary=instrumented_kernel reference=mkl_bf16_inputs rel_l2=2.06945481e-06 max_abs=0.000684738159 max_norm=6.10984833e-06 pass=1
CORRECT graph=rgg_n_2_24_s0 method=shared_bfull_fast_nozero boundary=instrumented_kernel reference=mkl_bf16_inputs rel_l2=0.00326821941 max_abs=0.40460968 max_norm=0.00361029066 pass=1
CORRECT graph=rgg_n_2_24_s0 method=shared_bfull_accurate_nozero boundary=instrumented_kernel reference=mkl_bf16_inputs rel_l2=2.06945481e-06 max_abs=0.000684738159 max_norm=6.10984833e-06 pass=1
CORRECT graph=rgg_n_2_24_s0 method=mkl_fp32 boundary=two_layer_e2e reference=mkl_bf16_inputs rel_l2=0.0103466385 max_abs=116.836914 max_norm=0.0110375425 pass=1
CORRECT graph=rgg_n_2_24_s0 method=mkl_fp32 boundary=two_layer_e2e reference=mkl_fp32 rel_l2=0 max_abs=0 max_norm=0 pass=1
CORRECT graph=rgg_n_2_24_s0 method=mkl_bf16_inputs boundary=two_layer_e2e reference=mkl_bf16_inputs rel_l2=0 max_abs=0 max_norm=0 pass=1
CORRECT graph=rgg_n_2_24_s0 method=mkl_bf16_inputs boundary=two_layer_e2e reference=mkl_fp32 rel_l2=0.0102431957 max_abs=116.836914 max_norm=0.0109215646 pass=1
CORRECT graph=rgg_n_2_24_s0 method=original boundary=two_layer_e2e reference=mkl_bf16_inputs rel_l2=9.62163148e-06 max_abs=0.501464844 max_norm=4.73732086e-05 pass=1
CORRECT graph=rgg_n_2_24_s0 method=original boundary=two_layer_e2e reference=mkl_fp32 rel_l2=0.0102432021 max_abs=116.861328 max_norm=0.0109238467 pass=1
CORRECT graph=rgg_n_2_24_s0 method=original_nozero boundary=two_layer_e2e reference=mkl_bf16_inputs rel_l2=9.62163148e-06 max_abs=0.501464844 max_norm=4.73732086e-05 pass=1
CORRECT graph=rgg_n_2_24_s0 method=original_nozero boundary=two_layer_e2e reference=mkl_fp32 rel_l2=0.0102432021 max_abs=116.861328 max_norm=0.0109238467 pass=1
CORRECT graph=rgg_n_2_24_s0 method=shared_b2_fast_nozero boundary=two_layer_e2e reference=mkl_bf16_inputs rel_l2=0.00346844888 max_abs=39.9160156 max_norm=0.00377085205 pass=1
CORRECT graph=rgg_n_2_24_s0 method=shared_b2_fast_nozero boundary=two_layer_e2e reference=mkl_fp32 rel_l2=0.0134130476 max_abs=155.027344 max_norm=0.0144914915 pass=1
CORRECT graph=rgg_n_2_24_s0 method=shared_b2_accurate_nozero boundary=two_layer_e2e reference=mkl_bf16_inputs rel_l2=9.58986471e-06 max_abs=0.579223633 max_norm=5.47190543e-05 pass=1
CORRECT graph=rgg_n_2_24_s0 method=shared_b2_accurate_nozero boundary=two_layer_e2e reference=mkl_fp32 rel_l2=0.0102432011 max_abs=116.836914 max_norm=0.0109215646 pass=1
CORRECT graph=rgg_n_2_24_s0 method=shared_b4_fast_nozero boundary=two_layer_e2e reference=mkl_bf16_inputs rel_l2=0.00481282993 max_abs=54.0517578 max_norm=0.00510625068 pass=1
CORRECT graph=rgg_n_2_24_s0 method=shared_b4_fast_nozero boundary=two_layer_e2e reference=mkl_fp32 rel_l2=0.0147775798 max_abs=169.980469 max_norm=0.0158892648 pass=1
CORRECT graph=rgg_n_2_24_s0 method=shared_b4_accurate_nozero boundary=two_layer_e2e reference=mkl_bf16_inputs rel_l2=9.14270747e-06 max_abs=0.481689453 max_norm=4.55050344e-05 pass=1
CORRECT graph=rgg_n_2_24_s0 method=shared_b4_accurate_nozero boundary=two_layer_e2e reference=mkl_fp32 rel_l2=0.010243218 max_abs=116.837891 max_norm=0.0109216559 pass=1
CORRECT graph=rgg_n_2_24_s0 method=shared_b8_fast_nozero boundary=two_layer_e2e reference=mkl_bf16_inputs rel_l2=0.00539373845 max_abs=61.6142578 max_norm=0.00582067741 pass=1
CORRECT graph=rgg_n_2_24_s0 method=shared_b8_fast_nozero boundary=two_layer_e2e reference=mkl_fp32 rel_l2=0.0153345346 max_abs=171.514648 max_norm=0.0160326753 pass=1
CORRECT graph=rgg_n_2_24_s0 method=shared_b8_accurate_nozero boundary=two_layer_e2e reference=mkl_bf16_inputs rel_l2=1.1087945e-05 max_abs=0.579742432 max_norm=5.4768065e-05 pass=1
CORRECT graph=rgg_n_2_24_s0 method=shared_b8_accurate_nozero boundary=two_layer_e2e reference=mkl_fp32 rel_l2=0.0102433104 max_abs=116.838867 max_norm=0.0109217472 pass=1
CORRECT graph=rgg_n_2_24_s0 method=shared_b16_fast_nozero boundary=two_layer_e2e reference=mkl_bf16_inputs rel_l2=0.00570496866 max_abs=61.9443359 max_norm=0.00585185978 pass=1
CORRECT graph=rgg_n_2_24_s0 method=shared_b16_fast_nozero boundary=two_layer_e2e reference=mkl_fp32 rel_l2=0.0155928386 max_abs=177.548828 max_norm=0.0165967324 pass=1
CORRECT graph=rgg_n_2_24_s0 method=shared_b16_accurate_nozero boundary=two_layer_e2e reference=mkl_bf16_inputs rel_l2=2.08992996e-05 max_abs=0.721923828 max_norm=6.81998919e-05 pass=1
CORRECT graph=rgg_n_2_24_s0 method=shared_b16_accurate_nozero boundary=two_layer_e2e reference=mkl_fp32 rel_l2=0.0102438142 max_abs=116.87793 max_norm=0.0109253986 pass=1
CORRECT graph=rgg_n_2_24_s0 method=shared_b32_fast_nozero boundary=two_layer_e2e reference=mkl_bf16_inputs rel_l2=0.00586884281 max_abs=69.4277344 max_norm=0.00655881382 pass=1
CORRECT graph=rgg_n_2_24_s0 method=shared_b32_fast_nozero boundary=two_layer_e2e reference=mkl_fp32 rel_l2=0.0157318867 max_abs=181.835938 max_norm=0.0169974785 pass=1
CORRECT graph=rgg_n_2_24_s0 method=shared_b32_accurate_nozero boundary=two_layer_e2e reference=mkl_bf16_inputs rel_l2=2.4540235e-05 max_abs=0.780334473 max_norm=7.37179251e-05 pass=1
CORRECT graph=rgg_n_2_24_s0 method=shared_b32_accurate_nozero boundary=two_layer_e2e reference=mkl_fp32 rel_l2=0.010244252 max_abs=116.832031 max_norm=0.0109211081 pass=1
CORRECT graph=rgg_n_2_24_s0 method=shared_b64_fast_nozero boundary=two_layer_e2e reference=mkl_bf16_inputs rel_l2=0.00586895566 max_abs=69.4277344 max_norm=0.00655881382 pass=1
CORRECT graph=rgg_n_2_24_s0 method=shared_b64_fast_nozero boundary=two_layer_e2e reference=mkl_fp32 rel_l2=0.0157319956 max_abs=181.835938 max_norm=0.0169974785 pass=1
CORRECT graph=rgg_n_2_24_s0 method=shared_b64_accurate_nozero boundary=two_layer_e2e reference=mkl_bf16_inputs rel_l2=2.4540486e-05 max_abs=0.780334473 max_norm=7.37179251e-05 pass=1
CORRECT graph=rgg_n_2_24_s0 method=shared_b64_accurate_nozero boundary=two_layer_e2e reference=mkl_fp32 rel_l2=0.0102442519 max_abs=116.841797 max_norm=0.010922021 pass=1
CORRECT graph=rgg_n_2_24_s0 method=shared_bfull_fast_nozero boundary=two_layer_e2e reference=mkl_bf16_inputs rel_l2=0.00586895566 max_abs=69.4277344 max_norm=0.00655881382 pass=1
CORRECT graph=rgg_n_2_24_s0 method=shared_bfull_fast_nozero boundary=two_layer_e2e reference=mkl_fp32 rel_l2=0.0157319956 max_abs=181.835938 max_norm=0.0169974785 pass=1
CORRECT graph=rgg_n_2_24_s0 method=shared_bfull_accurate_nozero boundary=two_layer_e2e reference=mkl_bf16_inputs rel_l2=2.4540486e-05 max_abs=0.780334473 max_norm=7.37179251e-05 pass=1
CORRECT graph=rgg_n_2_24_s0 method=shared_bfull_accurate_nozero boundary=two_layer_e2e reference=mkl_fp32 rel_l2=0.0102442519 max_abs=116.841797 max_norm=0.010922021 pass=1
TIME graph=rgg_n_2_24_s0 method=mkl_bf16_inputs e2e rep=0 ms=1044.805050 L1=464.330196 act_convert=119.876862 L2=460.597992
TIME graph=rgg_n_2_24_s0 method=original e2e rep=0 ms=2229.334831 L1=1084.260941 act_convert=74.789047 L2=1070.284843
TIME graph=rgg_n_2_24_s0 method=original_nozero e2e rep=0 ms=867.141962 L1=397.161961 act_convert=74.558973 L2=395.421028
TIME graph=rgg_n_2_24_s0 method=shared_b2_fast_nozero e2e rep=0 ms=1402.501106 L1=664.401054 act_convert=74.317932 L2=663.782120
TIME graph=rgg_n_2_24_s0 method=shared_b2_accurate_nozero e2e rep=0 ms=1614.465952 L1=770.908833 act_convert=73.704004 L2=769.853115
TIME graph=rgg_n_2_24_s0 method=shared_b4_fast_nozero e2e rep=0 ms=1186.873913 L1=551.898956 act_convert=73.873997 L2=561.100960
TIME graph=rgg_n_2_24_s0 method=shared_b4_accurate_nozero e2e rep=0 ms=1287.312984 L1=608.703136 act_convert=73.459864 L2=605.149984
TIME graph=rgg_n_2_24_s0 method=shared_b8_fast_nozero e2e rep=0 ms=1038.691998 L1=485.902071 act_convert=74.432850 L2=478.357077
TIME graph=rgg_n_2_24_s0 method=shared_b8_accurate_nozero e2e rep=0 ms=1128.476858 L1=516.739845 act_convert=97.974062 L2=513.762951
TIME graph=rgg_n_2_24_s0 method=shared_b16_fast_nozero e2e rep=0 ms=928.765059 L1=430.858135 act_convert=74.337959 L2=423.568964
TIME graph=rgg_n_2_24_s0 method=shared_b16_accurate_nozero e2e rep=0 ms=996.196032 L1=461.804867 act_convert=74.922085 L2=459.469080
TIME graph=rgg_n_2_24_s0 method=shared_b32_fast_nozero e2e rep=0 ms=889.808178 L1=409.010172 act_convert=74.004889 L2=406.793118
TIME graph=rgg_n_2_24_s0 method=shared_b32_accurate_nozero e2e rep=0 ms=953.819990 L1=441.041946 act_convert=74.591875 L2=438.186169
TIME graph=rgg_n_2_24_s0 method=shared_b64_fast_nozero e2e rep=0 ms=888.473034 L1=408.603907 act_convert=73.909998 L2=405.959129
TIME graph=rgg_n_2_24_s0 method=shared_b64_accurate_nozero e2e rep=0 ms=953.119040 L1=441.037893 act_convert=73.748112 L2=438.333035
TIME graph=rgg_n_2_24_s0 method=shared_bfull_fast_nozero e2e rep=0 ms=888.392210 L1=408.465147 act_convert=73.624849 L2=406.302214
TIME graph=rgg_n_2_24_s0 method=shared_bfull_accurate_nozero e2e rep=0 ms=952.795982 L1=441.025019 act_convert=73.444128 L2=438.326836
TIME graph=rgg_n_2_24_s0 method=mkl_fp32 e2e rep=0 ms=973.485947 L1=471.416950 act_convert=42.792082 L2=459.276915
TIME graph=rgg_n_2_24_s0 method=original e2e rep=1 ms=2245.405912 L1=1099.705935 act_convert=75.477123 L2=1070.222855
TIME graph=rgg_n_2_24_s0 method=original_nozero e2e rep=1 ms=865.819931 L1=396.862984 act_convert=74.136972 L2=394.819975
TIME graph=rgg_n_2_24_s0 method=shared_b2_fast_nozero e2e rep=1 ms=1401.543856 L1=663.089037 act_convert=75.272799 L2=663.182020
TIME graph=rgg_n_2_24_s0 method=shared_b2_accurate_nozero e2e rep=1 ms=1613.567114 L1=770.694017 act_convert=73.467016 L2=769.406080
TIME graph=rgg_n_2_24_s0 method=shared_b4_fast_nozero e2e rep=1 ms=1186.146021 L1=551.497936 act_convert=74.070930 L2=560.577154
TIME graph=rgg_n_2_24_s0 method=shared_b4_accurate_nozero e2e rep=1 ms=1287.761211 L1=608.385086 act_convert=74.270964 L2=605.105162
TIME graph=rgg_n_2_24_s0 method=shared_b8_fast_nozero e2e rep=1 ms=1059.828043 L1=485.488892 act_convert=97.980976 L2=476.358175
TIME graph=rgg_n_2_24_s0 method=shared_b8_accurate_nozero e2e rep=1 ms=1102.186203 L1=514.961004 act_convert=73.057175 L2=514.168024
TIME graph=rgg_n_2_24_s0 method=shared_b16_fast_nozero e2e rep=1 ms=927.399874 L1=430.263996 act_convert=73.800087 L2=423.335791
TIME graph=rgg_n_2_24_s0 method=shared_b16_accurate_nozero e2e rep=1 ms=996.129036 L1=461.544991 act_convert=74.837923 L2=459.746122
TIME graph=rgg_n_2_24_s0 method=shared_b32_fast_nozero e2e rep=1 ms=888.423920 L1=408.334017 act_convert=74.537039 L2=405.552864
TIME graph=rgg_n_2_24_s0 method=shared_b32_accurate_nozero e2e rep=1 ms=952.603817 L1=440.371990 act_convert=74.600935 L2=437.630892
TIME graph=rgg_n_2_24_s0 method=shared_b64_fast_nozero e2e rep=1 ms=888.159037 L1=408.591986 act_convert=73.732138 L2=405.834913
TIME graph=rgg_n_2_24_s0 method=shared_b64_accurate_nozero e2e rep=1 ms=953.083992 L1=440.242767 act_convert=74.923038 L2=437.918186
TIME graph=rgg_n_2_24_s0 method=shared_bfull_fast_nozero e2e rep=1 ms=888.495922 L1=407.930851 act_convert=75.070143 L2=405.494928
TIME graph=rgg_n_2_24_s0 method=shared_bfull_accurate_nozero e2e rep=1 ms=952.986956 L1=440.709114 act_convert=74.684858 L2=437.592983
TIME graph=rgg_n_2_24_s0 method=mkl_fp32 e2e rep=1 ms=970.571041 L1=469.723940 act_convert=33.945084 L2=466.902018
TIME graph=rgg_n_2_24_s0 method=mkl_bf16_inputs e2e rep=1 ms=1039.364100 L1=461.496115 act_convert=115.950108 L2=461.917877
TIME graph=rgg_n_2_24_s0 method=original_nozero e2e rep=2 ms=893.821955 L1=411.761999 act_convert=77.919960 L2=404.139996
TIME graph=rgg_n_2_24_s0 method=shared_b2_fast_nozero e2e rep=2 ms=1398.454905 L1=661.545992 act_convert=73.786974 L2=663.121939
TIME graph=rgg_n_2_24_s0 method=shared_b2_accurate_nozero e2e rep=2 ms=1613.734961 L1=770.018101 act_convert=73.973894 L2=769.742966
TIME graph=rgg_n_2_24_s0 method=shared_b4_fast_nozero e2e rep=2 ms=1186.733007 L1=550.865889 act_convert=74.846983 L2=561.020136
TIME graph=rgg_n_2_24_s0 method=shared_b4_accurate_nozero e2e rep=2 ms=1287.949085 L1=608.527184 act_convert=74.414015 L2=605.007887
TIME graph=rgg_n_2_24_s0 method=shared_b8_fast_nozero e2e rep=2 ms=1038.424015 L1=485.460043 act_convert=74.728966 L2=478.235006
TIME graph=rgg_n_2_24_s0 method=shared_b8_accurate_nozero e2e rep=2 ms=1100.994825 L1=512.425900 act_convert=73.841095 L2=514.727831
TIME graph=rgg_n_2_24_s0 method=shared_b16_fast_nozero e2e rep=2 ms=926.591873 L1=430.945873 act_convert=72.708130 L2=422.937870
TIME graph=rgg_n_2_24_s0 method=shared_b16_accurate_nozero e2e rep=2 ms=994.979143 L1=461.525202 act_convert=73.674917 L2=459.779024
TIME graph=rgg_n_2_24_s0 method=shared_b32_fast_nozero e2e rep=2 ms=889.300823 L1=408.602953 act_convert=74.661970 L2=406.035900
TIME graph=rgg_n_2_24_s0 method=shared_b32_accurate_nozero e2e rep=2 ms=951.901913 L1=440.515041 act_convert=73.234081 L2=438.152790
TIME graph=rgg_n_2_24_s0 method=shared_b64_fast_nozero e2e rep=2 ms=888.243198 L1=408.017159 act_convert=73.922873 L2=406.303167
TIME graph=rgg_n_2_24_s0 method=shared_b64_accurate_nozero e2e rep=2 ms=954.256058 L1=441.091061 act_convert=74.601889 L2=438.563108
TIME graph=rgg_n_2_24_s0 method=shared_bfull_fast_nozero e2e rep=2 ms=889.001846 L1=409.400940 act_convert=73.585033 L2=406.015873
TIME graph=rgg_n_2_24_s0 method=shared_bfull_accurate_nozero e2e rep=2 ms=953.689814 L1=440.966845 act_convert=74.072123 L2=438.650846
TIME graph=rgg_n_2_24_s0 method=mkl_fp32 e2e rep=2 ms=975.354910 L1=470.983982 act_convert=39.256096 L2=465.114832
TIME graph=rgg_n_2_24_s0 method=mkl_bf16_inputs e2e rep=2 ms=1043.821096 L1=463.629007 act_convert=119.265079 L2=460.927010
TIME graph=rgg_n_2_24_s0 method=original e2e rep=2 ms=2225.123882 L1=1081.919909 act_convert=75.494051 L2=1067.709923
TIME graph=rgg_n_2_24_s0 method=shared_b2_fast_nozero e2e rep=3 ms=1392.828941 L1=658.372879 act_convert=73.759079 L2=660.696983
TIME graph=rgg_n_2_24_s0 method=shared_b2_accurate_nozero e2e rep=3 ms=1611.554146 L1=768.438101 act_convert=74.303865 L2=768.812180
TIME graph=rgg_n_2_24_s0 method=shared_b4_fast_nozero e2e rep=3 ms=1184.558153 L1=550.892115 act_convert=73.782921 L2=559.883118
TIME graph=rgg_n_2_24_s0 method=shared_b4_accurate_nozero e2e rep=3 ms=1286.849976 L1=607.592106 act_convert=74.301958 L2=604.955912
TIME graph=rgg_n_2_24_s0 method=shared_b8_fast_nozero e2e rep=3 ms=1038.680077 L1=486.214161 act_convert=74.079037 L2=478.386879
TIME graph=rgg_n_2_24_s0 method=shared_b8_accurate_nozero e2e rep=3 ms=1102.032900 L1=513.804913 act_convert=73.660135 L2=514.567852
TIME graph=rgg_n_2_24_s0 method=shared_b16_fast_nozero e2e rep=3 ms=928.890944 L1=430.525064 act_convert=74.369907 L2=423.995972
TIME graph=rgg_n_2_24_s0 method=shared_b16_accurate_nozero e2e rep=3 ms=994.932175 L1=461.143017 act_convert=73.416948 L2=460.372210
TIME graph=rgg_n_2_24_s0 method=shared_b32_fast_nozero e2e rep=3 ms=888.984203 L1=408.728123 act_convert=74.061871 L2=406.194210
TIME graph=rgg_n_2_24_s0 method=shared_b32_accurate_nozero e2e rep=3 ms=954.083204 L1=441.173077 act_convert=74.728012 L2=438.182116
TIME graph=rgg_n_2_24_s0 method=shared_b64_fast_nozero e2e rep=3 ms=889.234066 L1=408.756971 act_convert=74.217081 L2=406.260014
TIME graph=rgg_n_2_24_s0 method=shared_b64_accurate_nozero e2e rep=3 ms=952.605009 L1=441.016912 act_convert=73.055029 L2=438.533068
TIME graph=rgg_n_2_24_s0 method=shared_bfull_fast_nozero e2e rep=3 ms=889.950991 L1=408.938885 act_convert=74.476004 L2=406.536102
TIME graph=rgg_n_2_24_s0 method=shared_bfull_accurate_nozero e2e rep=3 ms=952.636003 L1=440.721989 act_convert=73.827028 L2=438.086987
TIME graph=rgg_n_2_24_s0 method=mkl_fp32 e2e rep=3 ms=973.502874 L1=473.448992 act_convert=40.990829 L2=459.063053
TIME graph=rgg_n_2_24_s0 method=mkl_bf16_inputs e2e rep=3 ms=1057.711840 L1=471.602917 act_convert=121.505022 L2=464.603901
TIME graph=rgg_n_2_24_s0 method=original e2e rep=3 ms=2225.249052 L1=1080.365896 act_convert=74.632168 L2=1070.250988
TIME graph=rgg_n_2_24_s0 method=original_nozero e2e rep=3 ms=867.151976 L1=397.303820 act_convert=74.809074 L2=395.039082
TIME graph=rgg_n_2_24_s0 method=shared_b2_accurate_nozero e2e rep=4 ms=1616.436958 L1=772.142887 act_convert=74.440002 L2=769.854069
TIME graph=rgg_n_2_24_s0 method=shared_b4_fast_nozero e2e rep=4 ms=1185.636044 L1=550.812006 act_convert=74.690104 L2=560.133934
TIME graph=rgg_n_2_24_s0 method=shared_b4_accurate_nozero e2e rep=4 ms=1287.776947 L1=607.775927 act_convert=75.670958 L2=604.330063
TIME graph=rgg_n_2_24_s0 method=shared_b8_fast_nozero e2e rep=4 ms=1037.554026 L1=485.601902 act_convert=74.048996 L2=477.903128
TIME graph=rgg_n_2_24_s0 method=shared_b8_accurate_nozero e2e rep=4 ms=1103.491068 L1=514.944077 act_convert=74.468851 L2=514.078140
TIME graph=rgg_n_2_24_s0 method=shared_b16_fast_nozero e2e rep=4 ms=928.089857 L1=430.476904 act_convert=74.218988 L2=423.393965
TIME graph=rgg_n_2_24_s0 method=shared_b16_accurate_nozero e2e rep=4 ms=995.966911 L1=461.616993 act_convert=74.730873 L2=459.619045
TIME graph=rgg_n_2_24_s0 method=shared_b32_fast_nozero e2e rep=4 ms=888.245106 L1=408.633947 act_convert=73.326111 L2=406.285048
TIME graph=rgg_n_2_24_s0 method=shared_b32_accurate_nozero e2e rep=4 ms=953.150034 L1=440.780163 act_convert=74.285984 L2=438.083887
TIME graph=rgg_n_2_24_s0 method=shared_b64_fast_nozero e2e rep=4 ms=888.667107 L1=408.118963 act_convert=74.453115 L2=406.095028
TIME graph=rgg_n_2_24_s0 method=shared_b64_accurate_nozero e2e rep=4 ms=952.830076 L1=440.593004 act_convert=73.903084 L2=438.333988
TIME graph=rgg_n_2_24_s0 method=shared_bfull_fast_nozero e2e rep=4 ms=888.385057 L1=408.268929 act_convert=73.251009 L2=406.865120
TIME graph=rgg_n_2_24_s0 method=shared_bfull_accurate_nozero e2e rep=4 ms=952.138186 L1=440.858126 act_convert=72.839975 L2=438.440084
TIME graph=rgg_n_2_24_s0 method=mkl_fp32 e2e rep=4 ms=976.967096 L1=471.501112 act_convert=40.360928 L2=465.105057
TIME graph=rgg_n_2_24_s0 method=mkl_bf16_inputs e2e rep=4 ms=1047.535896 L1=467.679024 act_convert=119.684935 L2=460.171938
TIME graph=rgg_n_2_24_s0 method=original e2e rep=4 ms=2221.759081 L1=1076.668024 act_convert=75.069904 L2=1070.021152
TIME graph=rgg_n_2_24_s0 method=original_nozero e2e rep=4 ms=866.871834 L1=397.178888 act_convert=74.610949 L2=395.081997
TIME graph=rgg_n_2_24_s0 method=shared_b2_fast_nozero e2e rep=4 ms=1401.454926 L1=664.219856 act_convert=73.414087 L2=663.820982
TIME graph=rgg_n_2_24_s0 method=shared_b4_fast_nozero e2e rep=5 ms=1184.855223 L1=551.412106 act_convert=74.573994 L2=558.869123
TIME graph=rgg_n_2_24_s0 method=shared_b4_accurate_nozero e2e rep=5 ms=1287.364960 L1=607.921839 act_convert=74.575186 L2=604.867935
TIME graph=rgg_n_2_24_s0 method=shared_b8_fast_nozero e2e rep=5 ms=1039.215803 L1=486.042976 act_convert=74.796915 L2=478.375912
TIME graph=rgg_n_2_24_s0 method=shared_b8_accurate_nozero e2e rep=5 ms=1102.427006 L1=514.103174 act_convert=73.981047 L2=514.342785
TIME graph=rgg_n_2_24_s0 method=shared_b16_fast_nozero e2e rep=5 ms=928.690910 L1=431.030989 act_convert=74.314833 L2=423.345089
TIME graph=rgg_n_2_24_s0 method=shared_b16_accurate_nozero e2e rep=5 ms=995.299101 L1=461.856127 act_convert=73.710918 L2=459.732056
TIME graph=rgg_n_2_24_s0 method=shared_b32_fast_nozero e2e rep=5 ms=887.678862 L1=408.260822 act_convert=73.441029 L2=405.977011
TIME graph=rgg_n_2_24_s0 method=shared_b32_accurate_nozero e2e rep=5 ms=953.286171 L1=440.639019 act_convert=74.500084 L2=438.147068
TIME graph=rgg_n_2_24_s0 method=shared_b64_fast_nozero e2e rep=5 ms=889.146090 L1=408.150196 act_convert=74.766874 L2=406.229019
TIME graph=rgg_n_2_24_s0 method=shared_b64_accurate_nozero e2e rep=5 ms=953.542948 L1=441.257954 act_convert=73.567152 L2=438.717842
TIME graph=rgg_n_2_24_s0 method=shared_bfull_fast_nozero e2e rep=5 ms=890.300989 L1=409.013033 act_convert=74.501991 L2=406.785965
TIME graph=rgg_n_2_24_s0 method=shared_bfull_accurate_nozero e2e rep=5 ms=955.070019 L1=441.253901 act_convert=74.935198 L2=438.880920
TIME graph=rgg_n_2_24_s0 method=mkl_fp32 e2e rep=5 ms=972.615957 L1=470.425844 act_convert=38.748026 L2=463.442087
TIME graph=rgg_n_2_24_s0 method=mkl_bf16_inputs e2e rep=5 ms=1048.791885 L1=461.473942 act_convert=125.874996 L2=461.442947
TIME graph=rgg_n_2_24_s0 method=original e2e rep=5 ms=2231.467962 L1=1085.360050 act_convert=75.573921 L2=1070.533991
TIME graph=rgg_n_2_24_s0 method=original_nozero e2e rep=5 ms=866.606951 L1=397.277117 act_convert=74.186802 L2=395.143032
TIME graph=rgg_n_2_24_s0 method=shared_b2_fast_nozero e2e rep=5 ms=1405.522108 L1=665.924072 act_convert=73.665857 L2=665.932178
TIME graph=rgg_n_2_24_s0 method=shared_b2_accurate_nozero e2e rep=5 ms=1617.448807 L1=771.778822 act_convert=74.433088 L2=771.236897
TIME graph=rgg_n_2_24_s0 method=shared_b4_accurate_nozero e2e rep=6 ms=1284.466982 L1=604.120970 act_convert=74.547052 L2=605.798960
TIME graph=rgg_n_2_24_s0 method=shared_b8_fast_nozero e2e rep=6 ms=1062.937975 L1=487.043142 act_convert=98.048925 L2=477.845907
TIME graph=rgg_n_2_24_s0 method=shared_b8_accurate_nozero e2e rep=6 ms=1105.321884 L1=515.286922 act_convert=73.378086 L2=516.656876
TIME graph=rgg_n_2_24_s0 method=shared_b16_fast_nozero e2e rep=6 ms=932.146072 L1=431.859970 act_convert=74.839115 L2=425.446987
TIME graph=rgg_n_2_24_s0 method=shared_b16_accurate_nozero e2e rep=6 ms=999.417067 L1=464.172125 act_convert=73.487043 L2=461.757898
TIME graph=rgg_n_2_24_s0 method=shared_b32_fast_nozero e2e rep=6 ms=893.177032 L1=410.763979 act_convert=73.934078 L2=408.478975
TIME graph=rgg_n_2_24_s0 method=shared_b32_accurate_nozero e2e rep=6 ms=956.865072 L1=443.347931 act_convert=73.383093 L2=440.134048
TIME graph=rgg_n_2_24_s0 method=shared_b64_fast_nozero e2e rep=6 ms=892.781973 L1=410.283089 act_convert=74.266911 L2=408.231974
TIME graph=rgg_n_2_24_s0 method=shared_b64_accurate_nozero e2e rep=6 ms=958.086967 L1=442.893982 act_convert=74.618816 L2=440.574169
TIME graph=rgg_n_2_24_s0 method=shared_bfull_fast_nozero e2e rep=6 ms=893.441916 L1=410.583973 act_convert=74.734926 L2=408.123016
TIME graph=rgg_n_2_24_s0 method=shared_bfull_accurate_nozero e2e rep=6 ms=957.145929 L1=443.323851 act_convert=73.598146 L2=440.223932
TIME graph=rgg_n_2_24_s0 method=mkl_fp32 e2e rep=6 ms=972.192049 L1=471.673012 act_convert=40.963888 L2=459.555149
TIME graph=rgg_n_2_24_s0 method=mkl_bf16_inputs e2e rep=6 ms=1044.900894 L1=466.557026 act_convert=114.152908 L2=464.190960
TIME graph=rgg_n_2_24_s0 method=original e2e rep=6 ms=2228.770018 L1=1083.020926 act_convert=75.440168 L2=1070.308924
TIME graph=rgg_n_2_24_s0 method=original_nozero e2e rep=6 ms=867.365122 L1=397.119999 act_convert=74.808121 L2=395.437002
TIME graph=rgg_n_2_24_s0 method=shared_b2_fast_nozero e2e rep=6 ms=1400.586843 L1=662.745953 act_convert=74.540854 L2=663.300037
TIME graph=rgg_n_2_24_s0 method=shared_b2_accurate_nozero e2e rep=6 ms=1613.831997 L1=770.227194 act_convert=73.912859 L2=769.691944
TIME graph=rgg_n_2_24_s0 method=shared_b4_fast_nozero e2e rep=6 ms=1185.637951 L1=550.738096 act_convert=74.224949 L2=560.674906
TIME graph=rgg_n_2_24_s0 method=shared_b8_fast_nozero e2e rep=7 ms=1037.100077 L1=485.502005 act_convert=73.733091 L2=477.864981
TIME graph=rgg_n_2_24_s0 method=shared_b8_accurate_nozero e2e rep=7 ms=1102.562189 L1=515.080214 act_convert=73.745012 L2=513.736963
TIME graph=rgg_n_2_24_s0 method=shared_b16_fast_nozero e2e rep=7 ms=928.627014 L1=430.708885 act_convert=74.114084 L2=423.804045
TIME graph=rgg_n_2_24_s0 method=shared_b16_accurate_nozero e2e rep=7 ms=995.342016 L1=461.596012 act_convert=74.156046 L2=459.589958
TIME graph=rgg_n_2_24_s0 method=shared_b32_fast_nozero e2e rep=7 ms=887.228966 L1=407.953024 act_convert=73.527098 L2=405.748844
TIME graph=rgg_n_2_24_s0 method=shared_b32_accurate_nozero e2e rep=7 ms=952.828884 L1=440.773010 act_convert=73.978901 L2=438.076973
TIME graph=rgg_n_2_24_s0 method=shared_b64_fast_nozero e2e rep=7 ms=887.569904 L1=408.094883 act_convert=73.737144 L2=405.737877
TIME graph=rgg_n_2_24_s0 method=shared_b64_accurate_nozero e2e rep=7 ms=952.730179 L1=440.677166 act_convert=73.911905 L2=438.141108
TIME graph=rgg_n_2_24_s0 method=shared_bfull_fast_nozero e2e rep=7 ms=889.446020 L1=408.552170 act_convert=74.668884 L2=406.224966
TIME graph=rgg_n_2_24_s0 method=shared_bfull_accurate_nozero e2e rep=7 ms=952.914953 L1=440.713882 act_convert=74.146032 L2=438.055038
TIME graph=rgg_n_2_24_s0 method=mkl_fp32 e2e rep=7 ms=970.978022 L1=470.673084 act_convert=41.810036 L2=458.494902
TIME graph=rgg_n_2_24_s0 method=mkl_bf16_inputs e2e rep=7 ms=1044.023037 L1=467.897892 act_convert=114.138126 L2=461.987019
TIME graph=rgg_n_2_24_s0 method=original e2e rep=7 ms=2225.075006 L1=1080.874920 act_convert=75.069189 L2=1069.130898
TIME graph=rgg_n_2_24_s0 method=original_nozero e2e rep=7 ms=866.826057 L1=397.330999 act_convert=74.027061 L2=395.467997
TIME graph=rgg_n_2_24_s0 method=shared_b2_fast_nozero e2e rep=7 ms=1401.042223 L1=663.045168 act_convert=74.489832 L2=663.507223
TIME graph=rgg_n_2_24_s0 method=shared_b2_accurate_nozero e2e rep=7 ms=1613.467932 L1=770.047903 act_convert=74.478149 L2=768.941879
TIME graph=rgg_n_2_24_s0 method=shared_b4_fast_nozero e2e rep=7 ms=1184.997082 L1=550.550938 act_convert=73.722124 L2=560.724020
TIME graph=rgg_n_2_24_s0 method=shared_b4_accurate_nozero e2e rep=7 ms=1286.673069 L1=607.661963 act_convert=74.239016 L2=604.772091
TIME graph=rgg_n_2_24_s0 method=shared_b8_accurate_nozero e2e rep=8 ms=1106.251955 L1=516.867876 act_convert=74.330091 L2=515.053988
TIME graph=rgg_n_2_24_s0 method=shared_b16_fast_nozero e2e rep=8 ms=927.776098 L1=430.334091 act_convert=73.858976 L2=423.583031
TIME graph=rgg_n_2_24_s0 method=shared_b16_accurate_nozero e2e rep=8 ms=995.949984 L1=461.649895 act_convert=74.661970 L2=459.638119
TIME graph=rgg_n_2_24_s0 method=shared_b32_fast_nozero e2e rep=8 ms=887.784004 L1=409.323931 act_convert=72.260141 L2=406.199932
TIME graph=rgg_n_2_24_s0 method=shared_b32_accurate_nozero e2e rep=8 ms=953.265905 L1=440.967083 act_convert=74.195862 L2=438.102961
TIME graph=rgg_n_2_24_s0 method=shared_b64_fast_nozero e2e rep=8 ms=888.019085 L1=408.288956 act_convert=73.280096 L2=406.450033
TIME graph=rgg_n_2_24_s0 method=shared_b64_accurate_nozero e2e rep=8 ms=952.351093 L1=440.813065 act_convert=73.247910 L2=438.290119
TIME graph=rgg_n_2_24_s0 method=shared_bfull_fast_nozero e2e rep=8 ms=888.448954 L1=408.643961 act_convert=73.444843 L2=406.360149
TIME graph=rgg_n_2_24_s0 method=shared_bfull_accurate_nozero e2e rep=8 ms=953.211069 L1=441.117048 act_convert=73.982000 L2=438.112020
TIME graph=rgg_n_2_24_s0 method=mkl_fp32 e2e rep=8 ms=969.933033 L1=470.487118 act_convert=40.266037 L2=459.179878
TIME graph=rgg_n_2_24_s0 method=mkl_bf16_inputs e2e rep=8 ms=1042.072058 L1=461.278915 act_convert=117.142200 L2=463.650942
TIME graph=rgg_n_2_24_s0 method=original e2e rep=8 ms=2231.204033 L1=1086.762190 act_convert=74.061871 L2=1070.379972
TIME graph=rgg_n_2_24_s0 method=original_nozero e2e rep=8 ms=866.257191 L1=397.202969 act_convert=73.873043 L2=395.181179
TIME graph=rgg_n_2_24_s0 method=shared_b2_fast_nozero e2e rep=8 ms=1400.686026 L1=663.241863 act_convert=73.548079 L2=663.896084
TIME graph=rgg_n_2_24_s0 method=shared_b2_accurate_nozero e2e rep=8 ms=1615.599871 L1=770.042896 act_convert=74.531078 L2=771.025896
TIME graph=rgg_n_2_24_s0 method=shared_b4_fast_nozero e2e rep=8 ms=1184.895992 L1=550.577879 act_convert=73.687077 L2=560.631037
TIME graph=rgg_n_2_24_s0 method=shared_b4_accurate_nozero e2e rep=8 ms=1286.945105 L1=607.876062 act_convert=74.387074 L2=604.681969
TIME graph=rgg_n_2_24_s0 method=shared_b8_fast_nozero e2e rep=8 ms=1037.871122 L1=485.683203 act_convert=74.008942 L2=478.178978
TIME graph=rgg_n_2_24_s0 method=shared_b16_fast_nozero e2e rep=9 ms=927.944899 L1=430.389881 act_convert=74.084997 L2=423.470020
TIME graph=rgg_n_2_24_s0 method=shared_b16_accurate_nozero e2e rep=9 ms=995.281935 L1=461.205959 act_convert=74.374914 L2=459.701061
TIME graph=rgg_n_2_24_s0 method=shared_b32_fast_nozero e2e rep=9 ms=888.922930 L1=408.354998 act_convert=74.754953 L2=405.812979
TIME graph=rgg_n_2_24_s0 method=shared_b32_accurate_nozero e2e rep=9 ms=952.579975 L1=440.591097 act_convert=73.960781 L2=438.028097
TIME graph=rgg_n_2_24_s0 method=shared_b64_fast_nozero e2e rep=9 ms=889.878988 L1=408.792019 act_convert=75.083017 L2=406.003952
TIME graph=rgg_n_2_24_s0 method=shared_b64_accurate_nozero e2e rep=9 ms=952.265024 L1=441.121101 act_convert=73.174953 L2=437.968969
TIME graph=rgg_n_2_24_s0 method=shared_bfull_fast_nozero e2e rep=9 ms=889.191866 L1=408.892870 act_convert=73.793173 L2=406.505823
TIME graph=rgg_n_2_24_s0 method=shared_bfull_accurate_nozero e2e rep=9 ms=953.814983 L1=440.680981 act_convert=74.898005 L2=438.235998
TIME graph=rgg_n_2_24_s0 method=mkl_fp32 e2e rep=9 ms=967.720032 L1=470.738888 act_convert=40.280104 L2=456.701040
TIME graph=rgg_n_2_24_s0 method=mkl_bf16_inputs e2e rep=9 ms=1045.557976 L1=465.610027 act_convert=117.652893 L2=462.295055
TIME graph=rgg_n_2_24_s0 method=original e2e rep=9 ms=2228.728771 L1=1083.298922 act_convert=75.226068 L2=1070.203781
TIME graph=rgg_n_2_24_s0 method=original_nozero e2e rep=9 ms=865.895987 L1=396.983862 act_convert=73.996067 L2=394.916058
TIME graph=rgg_n_2_24_s0 method=shared_b2_fast_nozero e2e rep=9 ms=1401.024103 L1=663.171053 act_convert=74.745893 L2=663.107157
TIME graph=rgg_n_2_24_s0 method=shared_b2_accurate_nozero e2e rep=9 ms=1612.976074 L1=770.327091 act_convert=73.312044 L2=769.336939
TIME graph=rgg_n_2_24_s0 method=shared_b4_fast_nozero e2e rep=9 ms=1184.774876 L1=551.151037 act_convert=73.155880 L2=560.467958
TIME graph=rgg_n_2_24_s0 method=shared_b4_accurate_nozero e2e rep=9 ms=1287.415981 L1=608.274937 act_convert=75.098991 L2=604.042053
TIME graph=rgg_n_2_24_s0 method=shared_b8_fast_nozero e2e rep=9 ms=1037.781954 L1=485.326052 act_convert=74.571848 L2=477.884054
TIME graph=rgg_n_2_24_s0 method=shared_b8_accurate_nozero e2e rep=9 ms=1102.395058 L1=514.549971 act_convert=74.216127 L2=513.628960
COMPLETE graph=rgg_n_2_24_s0 status=PASS max_rss_kib=81033584
