GCN E2E v3 — Hybrid Pipeline (FP32 inter-layer + BF16 final)
Threads: 32

Loading: /home/huangjianqiang_group/hdacp1/data/yx/TFS/data/mycielskian19/mycielskian19.csrbin
Matrix: mycielskian19  N=393215  NNZ=903194710  avg_deg=2296.9

=== TFS V3 Hybrid Pipeline ===
  run 0: 2196.58 ms
  run 1: 2164.43 ms
  run 2: 2177.18 ms
  run 3: 2239.64 ms
  run 4: 2168.16 ms
  TFS V3 E2E BEST: 2164.43 ms

=== MKL FP32 Two-Step ===
  run 0: 4795.29 ms
  run 1: 4795.94 ms
  run 2: 4795.38 ms
  run 3: 4796.88 ms
  run 4: 4800.03 ms
  MKL E2E BEST: 4795.29 ms

=== E2E Summary ===
  TFS V3 (hybrid): 2164.43 ms
  MKL (FP32):      4795.29 ms
  E2E Speedup:     2.22×

=== Precision ===
  TFS_hybrid vs MKL_FP32: max_rel_err=0.008863  RMSE=5.6702e+04
First 8:
  TFS: -53909420.00 -97622240.00 -80814696.00 -13668678.00 12609145.00 -9723282.00 -81751856.00 -87493720.00 
  MKL: -54318140.00 -98481840.00 -81665120.00 -13942624.00 12705349.00 -9879961.00 -82692264.00 -88055840.00 
