GCN E2E v3 — Hybrid Pipeline (FP32 inter-layer + BF16 final)
Threads: 32

Loading: /home/huangjianqiang_group/hdacp1/data/yx/TFS/data/hollywood-2009/hollywood-2009.csrbin
Matrix: hollywood-2009  N=1139905  NNZ=113891327  avg_deg=99.9

=== TFS V3 Hybrid Pipeline ===
  run 0: 305.71 ms
  run 1: 304.06 ms
  run 2: 310.02 ms
  run 3: 314.48 ms
  run 4: 305.65 ms
  TFS V3 E2E BEST: 304.06 ms

=== MKL FP32 Two-Step ===
  run 0: 387.72 ms
  run 1: 388.13 ms
  run 2: 386.56 ms
  run 3: 387.44 ms
  run 4: 387.15 ms
  MKL E2E BEST: 386.56 ms

=== E2E Summary ===
  TFS V3 (hybrid): 304.06 ms
  MKL (FP32):      386.56 ms
  E2E Speedup:     1.27×

=== Precision ===
  TFS_hybrid vs MKL_FP32: max_rel_err=0.009100  RMSE=1.3300e+03
First 8:
  TFS: -109.29 -272.39 -461.88 -26.25 265.81 31.79 -482.19 -364.36 
  MKL: -111.37 -274.80 -467.26 -26.29 268.55 32.86 -487.14 -367.36 
