GCN E2E Inference Benchmark (2-layer, K=128)
TFS V3 (BF16 AMX) vs MKL (FP32 two-step)
Threads: 32

Loading: /home/huangjianqiang_group/hdacp1/data/yx/TFS/data/mycielskian19/mycielskian19.csrbin
Matrix: mycielskian19  N=393215  NNZ=903194710  avg_deg=2296.9

=== TFS V3 (BF16 AMX Fusion) ===
  run 0: 2244.16 ms
  run 1: 2279.60 ms
  run 2: 2154.04 ms
  run 3: 2162.06 ms
  run 4: 2259.87 ms
  TFS V3 E2E BEST: 2154.04 ms

=== MKL FP32 Two-Step ===
  run 0: 4783.67 ms
  run 1: 4782.68 ms
  run 2: 4786.59 ms
  run 3: 4781.97 ms
  run 4: 4781.20 ms
  MKL E2E BEST: 4781.20 ms

=== E2E Summary ===
  TFS V3:  2154.04 ms
  MKL:     4781.20 ms
  Speedup: 2.22×

=== Precision Analysis ===
Layer 1 (after ReLU):
  TFS_BF16 vs MKL_FP32: max_rel_err=0.002936  RMSE=7.785378e-01  max|diff|=5.308691e+01
Layer 2 (final output):
  TFS_BF16 vs MKL_FP32: max_rel_err=0.008863  RMSE=5.670207e+04  max|diff|=2.603920e+06

First 8 output values:
  TFS: -53909420.0000 -97622240.0000 -80814696.0000 -13668678.0000 12609145.0000 -9723282.0000 -81751856.0000 -87493720.0000 
  MKL: -54318140.0000 -98481840.0000 -81665120.0000 -13942624.0000 12705349.0000 -9879961.0000 -82692264.0000 -88055840.0000 
SOURCE_CONFIG graph=mycielskian19 N=393215 E=903194710 D=128 F=128 R=64 TR=16 repeats=5 warmups=1 mkl_max_threads=32 mkl_dynamic=1 policy=default_no_numactl
SOURCE_INPUT graph=mycielskian19 H0=4022191756492110748 W1=7515093975424777444 W2=521590717466722379
SOURCE_CORRECT graph=mycielskian19 method=original_nozero boundary=kernel reference=source_original_tfs max_abs=0 mean_abs=0 relative_l2=0 normalized_max=0 pass=1
SOURCE_CORRECT graph=mycielskian19 method=original_nozero boundary=e2e reference=source_original_tfs max_abs=0 mean_abs=0 relative_l2=0 normalized_max=0 pass=1
SOURCE_CORRECT graph=mycielskian19 method=original_nozero boundary=e2e reference=source_mkl_fp32 max_abs=2603920 mean_abs=35042.0225886 relative_l2=0.00821084167009 normalized_max=0.00886271266263 pass=1
SOURCE_CORRECT graph=mycielskian19 method=shared_b2_fast_nozero boundary=kernel reference=source_original_tfs max_abs=33.18359375 mean_abs=0.303551858681 relative_l2=0.00201959982751 normalized_max=0.00183883155513 pass=1
SOURCE_CORRECT graph=mycielskian19 method=shared_b2_fast_nozero boundary=e2e reference=source_original_tfs max_abs=936064 mean_abs=14336.2809145 relative_l2=0.00329297307152 normalized_max=0.00321324491381 pass=1
SOURCE_CORRECT graph=mycielskian19 method=shared_b2_fast_nozero boundary=e2e reference=source_mkl_fp32 max_abs=3428032 mean_abs=48957.8261067 relative_l2=0.0114045639448 normalized_max=0.011667663605 pass=1
SOURCE_CORRECT graph=mycielskian19 method=shared_b2_accurate_nozero boundary=kernel reference=source_original_tfs max_abs=0.66015625 mean_abs=0.00037666939881 relative_l2=7.11505482341e-06 normalized_max=3.65818166941e-05 pass=1
SOURCE_CORRECT graph=mycielskian19 method=shared_b2_accurate_nozero boundary=e2e reference=source_original_tfs max_abs=271552 mean_abs=46.757200911 relative_l2=8.39618663282e-05 normalized_max=0.000932161778291 pass=1
SOURCE_CORRECT graph=mycielskian19 method=shared_b2_accurate_nozero boundary=e2e reference=source_mkl_fp32 max_abs=2819296 mean_abs=35060.7408382 relative_l2=0.0082369399948 normalized_max=0.00959576728889 pass=1
SOURCE_CORRECT graph=mycielskian19 method=shared_b4_fast_nozero boundary=kernel reference=source_original_tfs max_abs=49.359375 mean_abs=0.393369861833 relative_l2=0.00270559287509 normalized_max=0.00273519429436 pass=1
SOURCE_CORRECT graph=mycielskian19 method=shared_b4_fast_nozero boundary=e2e reference=source_original_tfs max_abs=1390656 mean_abs=20766.0163855 relative_l2=0.0047746745154 normalized_max=0.00477373162397 pass=1
SOURCE_CORRECT graph=mycielskian19 method=shared_b4_fast_nozero boundary=e2e reference=source_mkl_fp32 max_abs=3873792 mean_abs=55262.0931643 relative_l2=0.0128573220264 normalized_max=0.0131848541471 pass=1
SOURCE_CORRECT graph=mycielskian19 method=shared_b4_accurate_nozero boundary=kernel reference=source_original_tfs max_abs=0.5224609375 mean_abs=0.000326623790899 relative_l2=6.19205296166e-06 normalized_max=2.89515856973e-05 pass=1
SOURCE_CORRECT graph=mycielskian19 method=shared_b4_accurate_nozero boundary=e2e reference=source_original_tfs max_abs=241152 mean_abs=46.9592761152 relative_l2=4.58535152149e-05 normalized_max=0.000827807113034 pass=1
SOURCE_CORRECT graph=mycielskian19 method=shared_b4_accurate_nozero boundary=e2e reference=source_mkl_fp32 max_abs=2781760 mean_abs=35052.9915737 relative_l2=0.00822038559274 normalized_max=0.0094680096072 pass=1
SOURCE_CORRECT graph=mycielskian19 method=shared_b8_fast_nozero boundary=kernel reference=source_original_tfs max_abs=49.8984375 mean_abs=0.421045889511 relative_l2=0.00291956852275 normalized_max=0.00276506583699 pass=1
SOURCE_CORRECT graph=mycielskian19 method=shared_b8_fast_nozero boundary=e2e reference=source_original_tfs max_abs=1542016 mean_abs=23009.2384381 relative_l2=0.00530148418917 normalized_max=0.00529330800993 pass=1
SOURCE_CORRECT graph=mycielskian19 method=shared_b8_fast_nozero boundary=e2e reference=source_mkl_fp32 max_abs=4032512 mean_abs=57470.5722335 relative_l2=0.0133759214507 normalized_max=0.0137250741822 pass=1
SOURCE_CORRECT graph=mycielskian19 method=shared_b8_accurate_nozero boundary=kernel reference=source_original_tfs max_abs=0.482421875 mean_abs=0.000313171246579 relative_l2=5.63579239255e-06 normalized_max=2.67328660457e-05 pass=1
SOURCE_CORRECT graph=mycielskian19 method=shared_b8_accurate_nozero boundary=e2e reference=source_original_tfs max_abs=130400 mean_abs=35.8551368413 relative_l2=1.75336462652e-05 normalized_max=0.000447626590447 pass=1
SOURCE_CORRECT graph=mycielskian19 method=shared_b8_accurate_nozero boundary=e2e reference=source_mkl_fp32 max_abs=2679440 mean_abs=35045.6640005 relative_l2=0.0082133205894 normalized_max=0.00911975284062 pass=1
SOURCE_CORRECT graph=mycielskian19 method=shared_b16_fast_nozero boundary=kernel reference=source_original_tfs max_abs=50.998046875 mean_abs=0.435945181759 relative_l2=0.00303138176347 normalized_max=0.00282599945474 pass=1
SOURCE_CORRECT graph=mycielskian19 method=shared_b16_fast_nozero boundary=e2e reference=source_original_tfs max_abs=1613024 mean_abs=23952.236529 relative_l2=0.0055236166794 normalized_max=0.00553705853857 pass=1
SOURCE_CORRECT graph=mycielskian19 method=shared_b16_fast_nozero boundary=e2e reference=source_mkl_fp32 max_abs=4097920 mean_abs=58393.6706734 relative_l2=0.0135942915098 normalized_max=0.0139476971161 pass=1
SOURCE_CORRECT graph=mycielskian19 method=shared_b16_accurate_nozero boundary=kernel reference=source_original_tfs max_abs=0.5029296875 mean_abs=0.000391538361913 relative_l2=5.52935897551e-06 normalized_max=2.78692834282e-05 pass=1
SOURCE_CORRECT graph=mycielskian19 method=shared_b16_accurate_nozero boundary=e2e reference=source_original_tfs max_abs=49952 mean_abs=42.2137058333 relative_l2=9.20703387206e-06 normalized_max=0.000171471192071 pass=1
SOURCE_CORRECT graph=mycielskian19 method=shared_b16_accurate_nozero boundary=e2e reference=source_mkl_fp32 max_abs=2619648 mean_abs=35051.6539931 relative_l2=0.00821290854199 normalized_max=0.00891624454715 pass=1
SOURCE_CORRECT graph=mycielskian19 method=shared_b32_fast_nozero boundary=kernel reference=source_original_tfs max_abs=54.75 mean_abs=0.437766075859 relative_l2=0.00304423509337 normalized_max=0.00303390972062 pass=1
SOURCE_CORRECT graph=mycielskian19 method=shared_b32_fast_nozero boundary=e2e reference=source_original_tfs max_abs=1625408 mean_abs=24191.4126932 relative_l2=0.00557778621441 normalized_max=0.00557956933379 pass=1
SOURCE_CORRECT graph=mycielskian19 method=shared_b32_fast_nozero boundary=e2e reference=source_mkl_fp32 max_abs=4110912 mean_abs=58616.0839593 relative_l2=0.013646351391 normalized_max=0.0139919167399 pass=1
SOURCE_CORRECT graph=mycielskian19 method=shared_b32_accurate_nozero boundary=kernel reference=source_original_tfs max_abs=0.447265625 mean_abs=0.000557793357289 relative_l2=5.89476699622e-06 normalized_max=2.47847219614e-05 pass=1
SOURCE_CORRECT graph=mycielskian19 method=shared_b32_accurate_nozero boundary=e2e reference=source_original_tfs max_abs=21088 mean_abs=45.4503634916 relative_l2=9.29427272287e-06 normalized_max=7.2389183584e-05 pass=1
SOURCE_CORRECT graph=mycielskian19 method=shared_b32_accurate_nozero boundary=e2e reference=source_mkl_fp32 max_abs=2604928 mean_abs=35060.2610183 relative_l2=0.00821483050559 normalized_max=0.00886614349551 pass=1
SOURCE_CORRECT graph=mycielskian19 method=shared_b64_fast_nozero boundary=kernel reference=source_original_tfs max_abs=53.53125 mean_abs=0.441249271908 relative_l2=0.00307224794212 normalized_max=0.00296637405903 pass=1
SOURCE_CORRECT graph=mycielskian19 method=shared_b64_fast_nozero boundary=e2e reference=source_original_tfs max_abs=1630688 mean_abs=24497.4466493 relative_l2=0.00562924062475 normalized_max=0.00559769409144 pass=1
SOURCE_CORRECT graph=mycielskian19 method=shared_b64_fast_nozero boundary=e2e reference=source_mkl_fp32 max_abs=4119296 mean_abs=58892.6393193 relative_l2=0.0136948085086 normalized_max=0.0140204525563 pass=1
SOURCE_CORRECT graph=mycielskian19 method=shared_b64_accurate_nozero boundary=kernel reference=source_original_tfs max_abs=0.4267578125 mean_abs=0.000776676154508 relative_l2=6.8316516821e-06 normalized_max=2.36483045789e-05 pass=1
SOURCE_CORRECT graph=mycielskian19 method=shared_b64_accurate_nozero boundary=e2e reference=source_original_tfs max_abs=11456 mean_abs=57.0755253148 relative_l2=1.189406119e-05 normalized_max=3.93252317497e-05 pass=1
SOURCE_CORRECT graph=mycielskian19 method=shared_b64_accurate_nozero boundary=e2e reference=source_mkl_fp32 max_abs=2605136 mean_abs=35076.6886474 relative_l2=0.008218721028 normalized_max=0.00886685144515 pass=1
SOURCE_CORRECT graph=mycielskian19 method=shared_bfull_fast_nozero boundary=kernel reference=source_original_tfs max_abs=72.32421875 mean_abs=0.453115868829 relative_l2=0.003259883094 normalized_max=0.00400776530232 pass=1
SOURCE_CORRECT graph=mycielskian19 method=shared_bfull_fast_nozero boundary=e2e reference=source_original_tfs max_abs=1773728 mean_abs=25575.3728534 relative_l2=0.00588971972333 normalized_max=0.00608871025323 pass=1
SOURCE_CORRECT graph=mycielskian19 method=shared_bfull_fast_nozero boundary=e2e reference=source_mkl_fp32 max_abs=4354784 mean_abs=59388.2315982 relative_l2=0.013803117199 normalized_max=0.0148219604672 pass=1
SOURCE_CORRECT graph=mycielskian19 method=shared_bfull_accurate_nozero boundary=kernel reference=source_original_tfs max_abs=0.498046875 mean_abs=0.00126911545771 relative_l2=1.05769898971e-05 normalized_max=2.7598707861e-05 pass=1
SOURCE_CORRECT graph=mycielskian19 method=shared_bfull_accurate_nozero boundary=e2e reference=source_original_tfs max_abs=14272 mean_abs=86.3132213164 relative_l2=1.86671516692e-05 normalized_max=4.89917691631e-05 pass=1
SOURCE_CORRECT graph=mycielskian19 method=shared_bfull_accurate_nozero boundary=e2e reference=source_mkl_fp32 max_abs=2606784 mean_abs=35105.4225959 relative_l2=0.00822529350481 normalized_max=0.00887246058463 pass=1
SOURCE_TIME graph=mycielskian19 method=source_mkl_fp32 kind=kernel repeat=0 ms=2973.23489189
SOURCE_TIME graph=mycielskian19 method=source_mkl_fp32 kind=kernel repeat=1 ms=2971.29106522
SOURCE_TIME graph=mycielskian19 method=source_mkl_fp32 kind=kernel repeat=2 ms=2974.71404076
SOURCE_TIME graph=mycielskian19 method=source_mkl_fp32 kind=kernel repeat=3 ms=2971.4281559
SOURCE_TIME graph=mycielskian19 method=source_mkl_fp32 kind=kernel repeat=4 ms=2971.63701057
SOURCE_TIME graph=mycielskian19 method=source_original_tfs kind=kernel repeat=0 ms=1136.272192
SOURCE_TIME graph=mycielskian19 method=source_original_tfs kind=kernel repeat=1 ms=1166.52989388
SOURCE_TIME graph=mycielskian19 method=source_original_tfs kind=kernel repeat=2 ms=1122.3590374
SOURCE_TIME graph=mycielskian19 method=source_original_tfs kind=kernel repeat=3 ms=1114.38202858
SOURCE_TIME graph=mycielskian19 method=source_original_tfs kind=kernel repeat=4 ms=1132.89308548
SOURCE_TIME graph=mycielskian19 method=original_nozero kind=kernel repeat=0 ms=1154.47998047
SOURCE_TIME graph=mycielskian19 method=original_nozero kind=kernel repeat=1 ms=1031.05902672
SOURCE_TIME graph=mycielskian19 method=original_nozero kind=kernel repeat=2 ms=1141.71481133
SOURCE_TIME graph=mycielskian19 method=original_nozero kind=kernel repeat=3 ms=1109.00092125
SOURCE_TIME graph=mycielskian19 method=original_nozero kind=kernel repeat=4 ms=1174.3209362
SOURCE_TIME graph=mycielskian19 method=original_nozero kind=e2e repeat=0 ms=2119.65584755
SOURCE_TIME graph=mycielskian19 method=original_nozero kind=e2e repeat=1 ms=2287.97101974
SOURCE_TIME graph=mycielskian19 method=original_nozero kind=e2e repeat=2 ms=2201.90095901
SOURCE_TIME graph=mycielskian19 method=original_nozero kind=e2e repeat=3 ms=2131.28709793
SOURCE_TIME graph=mycielskian19 method=original_nozero kind=e2e repeat=4 ms=2232.95783997
SOURCE_STAGE graph=mycielskian19 method=original_nozero repeat=0 layer1_ms=1130.95712662 relu_ms=8.41188430786 conversion_ms=5.33103942871 layer2_ms=1070.37496567 total_ms=2215.07501602
SOURCE_STAGE graph=mycielskian19 method=original_nozero repeat=1 layer1_ms=1103.46579552 relu_ms=8.85415077209 conversion_ms=5.45191764832 layer2_ms=1092.07010269 total_ms=2209.84196663
SOURCE_STAGE graph=mycielskian19 method=original_nozero repeat=2 layer1_ms=1087.33892441 relu_ms=9.26613807678 conversion_ms=5.28883934021 layer2_ms=1042.79708862 total_ms=2144.69099045
SOURCE_TIME graph=mycielskian19 method=shared_b2_fast_nozero kind=kernel repeat=0 ms=1285.01987457
SOURCE_TIME graph=mycielskian19 method=shared_b2_fast_nozero kind=kernel repeat=1 ms=1332.2019577
SOURCE_TIME graph=mycielskian19 method=shared_b2_fast_nozero kind=kernel repeat=2 ms=1341.93491936
SOURCE_TIME graph=mycielskian19 method=shared_b2_fast_nozero kind=kernel repeat=3 ms=1266.3640976
SOURCE_TIME graph=mycielskian19 method=shared_b2_fast_nozero kind=kernel repeat=4 ms=1141.16311073
SOURCE_TIME graph=mycielskian19 method=shared_b2_fast_nozero kind=e2e repeat=0 ms=2707.66115189
SOURCE_TIME graph=mycielskian19 method=shared_b2_fast_nozero kind=e2e repeat=1 ms=2713.11998367
SOURCE_TIME graph=mycielskian19 method=shared_b2_fast_nozero kind=e2e repeat=2 ms=2631.95705414
SOURCE_TIME graph=mycielskian19 method=shared_b2_fast_nozero kind=e2e repeat=3 ms=2590.4340744
SOURCE_TIME graph=mycielskian19 method=shared_b2_fast_nozero kind=e2e repeat=4 ms=2570.18208504
SOURCE_STAGE graph=mycielskian19 method=shared_b2_fast_nozero repeat=0 layer1_ms=1312.87884712 relu_ms=8.06212425232 conversion_ms=5.34701347351 layer2_ms=1322.76391983 total_ms=2649.05190468
SOURCE_STAGE graph=mycielskian19 method=shared_b2_fast_nozero repeat=1 layer1_ms=1205.45482635 relu_ms=8.52608680725 conversion_ms=5.41186332703 layer2_ms=1287.73403168 total_ms=2507.12680817
SOURCE_STAGE graph=mycielskian19 method=shared_b2_fast_nozero repeat=2 layer1_ms=1322.06702232 relu_ms=8.58211517334 conversion_ms=5.37300109863 layer2_ms=1343.98007393 total_ms=2680.00221252
SOURCE_PROFILE graph=mycielskian19 method=shared_b2_fast_nozero phase=output_zero sampled_thread_ms=0 sampled_tiles=97 profile_wall_ms=2118.09587479
SOURCE_PROFILE graph=mycielskian19 method=shared_b2_fast_nozero phase=row_schedule sampled_thread_ms=0.0371932983398 sampled_tiles=97 profile_wall_ms=2118.09587479
SOURCE_PROFILE graph=mycielskian19 method=shared_b2_fast_nozero phase=partial_zero sampled_thread_ms=30.2224159241 sampled_tiles=97 profile_wall_ms=2118.09587479
SOURCE_PROFILE graph=mycielskian19 method=shared_b2_fast_nozero phase=csr_prefetch sampled_thread_ms=179.432868958 sampled_tiles=97 profile_wall_ms=2118.09587479
SOURCE_PROFILE graph=mycielskian19 method=shared_b2_fast_nozero phase=feature_gather_decode sampled_thread_ms=224.456310272 sampled_tiles=97 profile_wall_ms=2118.09587479
SOURCE_PROFILE graph=mycielskian19 method=shared_b2_fast_nozero phase=fp32_neighbor_reduction sampled_thread_ms=261.048078537 sampled_tiles=97 profile_wall_ms=2118.09587479
SOURCE_PROFILE graph=mycielskian19 method=shared_b2_fast_nozero phase=partial_bf16_conversion sampled_thread_ms=27.4107456207 sampled_tiles=97 profile_wall_ms=2118.09587479
SOURCE_PROFILE graph=mycielskian19 method=shared_b2_fast_nozero phase=tile_load sampled_thread_ms=131.791591644 sampled_tiles=97 profile_wall_ms=2118.09587479
SOURCE_PROFILE graph=mycielskian19 method=shared_b2_fast_nozero phase=tile_compute sampled_thread_ms=169.085502625 sampled_tiles=97 profile_wall_ms=2118.09587479
SOURCE_PROFILE graph=mycielskian19 method=shared_b2_fast_nozero phase=tile_store sampled_thread_ms=20.4193592072 sampled_tiles=97 profile_wall_ms=2118.09587479
SOURCE_PROFILE graph=mycielskian19 method=shared_b2_fast_nozero phase=output_scatter sampled_thread_ms=0.0917911529541 sampled_tiles=97 profile_wall_ms=2118.09587479
SOURCE_PROFILE graph=mycielskian19 method=shared_b2_fast_nozero phase=thread_amx_setup sampled_thread_ms=0.0240802764893 sampled_tiles=97 profile_wall_ms=2118.09587479
SOURCE_TIME graph=mycielskian19 method=shared_b2_accurate_nozero kind=kernel repeat=0 ms=1745.15008926
SOURCE_TIME graph=mycielskian19 method=shared_b2_accurate_nozero kind=kernel repeat=1 ms=1642.90785789
SOURCE_TIME graph=mycielskian19 method=shared_b2_accurate_nozero kind=kernel repeat=2 ms=1728.08289528
SOURCE_TIME graph=mycielskian19 method=shared_b2_accurate_nozero kind=kernel repeat=3 ms=1578.302145
SOURCE_TIME graph=mycielskian19 method=shared_b2_accurate_nozero kind=kernel repeat=4 ms=1691.29014015
SOURCE_TIME graph=mycielskian19 method=shared_b2_accurate_nozero kind=e2e repeat=0 ms=3631.5279007
SOURCE_TIME graph=mycielskian19 method=shared_b2_accurate_nozero kind=e2e repeat=1 ms=3602.75006294
SOURCE_TIME graph=mycielskian19 method=shared_b2_accurate_nozero kind=e2e repeat=2 ms=3548.67911339
SOURCE_TIME graph=mycielskian19 method=shared_b2_accurate_nozero kind=e2e repeat=3 ms=3582.30805397
SOURCE_TIME graph=mycielskian19 method=shared_b2_accurate_nozero kind=e2e repeat=4 ms=3360.46886444
SOURCE_STAGE graph=mycielskian19 method=shared_b2_accurate_nozero repeat=0 layer1_ms=1740.76509476 relu_ms=8.45694541931 conversion_ms=5.3448677063 layer2_ms=1788.02800179 total_ms=3542.59490967
SOURCE_STAGE graph=mycielskian19 method=shared_b2_accurate_nozero repeat=1 layer1_ms=1566.73383713 relu_ms=8.53800773621 conversion_ms=5.27310371399 layer2_ms=1842.17000008 total_ms=3422.71494865
SOURCE_STAGE graph=mycielskian19 method=shared_b2_accurate_nozero repeat=2 layer1_ms=1499.96900558 relu_ms=9.50407981873 conversion_ms=5.21993637085 layer2_ms=1781.89396858 total_ms=3296.58699036
SOURCE_PROFILE graph=mycielskian19 method=shared_b2_accurate_nozero phase=output_zero sampled_thread_ms=0 sampled_tiles=97 profile_wall_ms=2759.84883308
SOURCE_PROFILE graph=mycielskian19 method=shared_b2_accurate_nozero phase=row_schedule sampled_thread_ms=0.0426769256592 sampled_tiles=97 profile_wall_ms=2759.84883308
SOURCE_PROFILE graph=mycielskian19 method=shared_b2_accurate_nozero phase=partial_zero sampled_thread_ms=31.7757129669 sampled_tiles=97 profile_wall_ms=2759.84883308
SOURCE_PROFILE graph=mycielskian19 method=shared_b2_accurate_nozero phase=csr_prefetch sampled_thread_ms=179.105520248 sampled_tiles=97 profile_wall_ms=2759.84883308
SOURCE_PROFILE graph=mycielskian19 method=shared_b2_accurate_nozero phase=feature_gather_decode sampled_thread_ms=223.054885864 sampled_tiles=97 profile_wall_ms=2759.84883308
SOURCE_PROFILE graph=mycielskian19 method=shared_b2_accurate_nozero phase=fp32_neighbor_reduction sampled_thread_ms=262.307405472 sampled_tiles=97 profile_wall_ms=2759.84883308
SOURCE_PROFILE graph=mycielskian19 method=shared_b2_accurate_nozero phase=partial_bf16_conversion sampled_thread_ms=49.1123199463 sampled_tiles=97 profile_wall_ms=2759.84883308
SOURCE_PROFILE graph=mycielskian19 method=shared_b2_accurate_nozero phase=tile_load sampled_thread_ms=236.739635468 sampled_tiles=97 profile_wall_ms=2759.84883308
SOURCE_PROFILE graph=mycielskian19 method=shared_b2_accurate_nozero phase=tile_compute sampled_thread_ms=251.735687256 sampled_tiles=97 profile_wall_ms=2759.84883308
SOURCE_PROFILE graph=mycielskian19 method=shared_b2_accurate_nozero phase=tile_store sampled_thread_ms=16.6516304016 sampled_tiles=97 profile_wall_ms=2759.84883308
SOURCE_PROFILE graph=mycielskian19 method=shared_b2_accurate_nozero phase=output_scatter sampled_thread_ms=0.0872611999512 sampled_tiles=97 profile_wall_ms=2759.84883308
SOURCE_PROFILE graph=mycielskian19 method=shared_b2_accurate_nozero phase=thread_amx_setup sampled_thread_ms=0.0178813934326 sampled_tiles=97 profile_wall_ms=2759.84883308
SOURCE_TIME graph=mycielskian19 method=shared_b4_fast_nozero kind=kernel repeat=0 ms=902.796983719
SOURCE_TIME graph=mycielskian19 method=shared_b4_fast_nozero kind=kernel repeat=1 ms=817.030906677
SOURCE_TIME graph=mycielskian19 method=shared_b4_fast_nozero kind=kernel repeat=2 ms=839.906930923
SOURCE_TIME graph=mycielskian19 method=shared_b4_fast_nozero kind=kernel repeat=3 ms=860.995054245
SOURCE_TIME graph=mycielskian19 method=shared_b4_fast_nozero kind=kernel repeat=4 ms=846.379041672
SOURCE_TIME graph=mycielskian19 method=shared_b4_fast_nozero kind=e2e repeat=0 ms=1633.51202011
SOURCE_TIME graph=mycielskian19 method=shared_b4_fast_nozero kind=e2e repeat=1 ms=1799.70502853
SOURCE_TIME graph=mycielskian19 method=shared_b4_fast_nozero kind=e2e repeat=2 ms=1807.42001534
SOURCE_TIME graph=mycielskian19 method=shared_b4_fast_nozero kind=e2e repeat=3 ms=1707.07702637
SOURCE_TIME graph=mycielskian19 method=shared_b4_fast_nozero kind=e2e repeat=4 ms=1755.64289093
SOURCE_STAGE graph=mycielskian19 method=shared_b4_fast_nozero repeat=0 layer1_ms=877.42805481 relu_ms=8.29696655273 conversion_ms=5.17010688782 layer2_ms=809.720039368 total_ms=1700.61516762
SOURCE_STAGE graph=mycielskian19 method=shared_b4_fast_nozero repeat=1 layer1_ms=823.303937912 relu_ms=8.09097290039 conversion_ms=5.32412528992 layer2_ms=784.536838531 total_ms=1621.25587463
SOURCE_STAGE graph=mycielskian19 method=shared_b4_fast_nozero repeat=2 layer1_ms=879.680871964 relu_ms=8.33296775818 conversion_ms=5.08809089661 layer2_ms=815.783977509 total_ms=1708.88590813
SOURCE_PROFILE graph=mycielskian19 method=shared_b4_fast_nozero phase=output_zero sampled_thread_ms=0 sampled_tiles=97 profile_wall_ms=1498.75593185
SOURCE_PROFILE graph=mycielskian19 method=shared_b4_fast_nozero phase=row_schedule sampled_thread_ms=0.0391006469727 sampled_tiles=97 profile_wall_ms=1498.75593185
SOURCE_PROFILE graph=mycielskian19 method=shared_b4_fast_nozero phase=partial_zero sampled_thread_ms=15.5658721924 sampled_tiles=97 profile_wall_ms=1498.75593185
SOURCE_PROFILE graph=mycielskian19 method=shared_b4_fast_nozero phase=csr_prefetch sampled_thread_ms=174.28445816 sampled_tiles=97 profile_wall_ms=1498.75593185
SOURCE_PROFILE graph=mycielskian19 method=shared_b4_fast_nozero phase=feature_gather_decode sampled_thread_ms=211.853504181 sampled_tiles=97 profile_wall_ms=1498.75593185
SOURCE_PROFILE graph=mycielskian19 method=shared_b4_fast_nozero phase=fp32_neighbor_reduction sampled_thread_ms=214.048624039 sampled_tiles=97 profile_wall_ms=1498.75593185
SOURCE_PROFILE graph=mycielskian19 method=shared_b4_fast_nozero phase=partial_bf16_conversion sampled_thread_ms=13.8683319092 sampled_tiles=97 profile_wall_ms=1498.75593185
SOURCE_PROFILE graph=mycielskian19 method=shared_b4_fast_nozero phase=tile_load sampled_thread_ms=72.6854801178 sampled_tiles=97 profile_wall_ms=1498.75593185
SOURCE_PROFILE graph=mycielskian19 method=shared_b4_fast_nozero phase=tile_compute sampled_thread_ms=89.569568634 sampled_tiles=97 profile_wall_ms=1498.75593185
SOURCE_PROFILE graph=mycielskian19 method=shared_b4_fast_nozero phase=tile_store sampled_thread_ms=10.1161003113 sampled_tiles=97 profile_wall_ms=1498.75593185
SOURCE_PROFILE graph=mycielskian19 method=shared_b4_fast_nozero phase=output_scatter sampled_thread_ms=0.091552734375 sampled_tiles=97 profile_wall_ms=1498.75593185
SOURCE_PROFILE graph=mycielskian19 method=shared_b4_fast_nozero phase=thread_amx_setup sampled_thread_ms=0.0259876251221 sampled_tiles=97 profile_wall_ms=1498.75593185
SOURCE_TIME graph=mycielskian19 method=shared_b4_accurate_nozero kind=kernel repeat=0 ms=1090.65413475
SOURCE_TIME graph=mycielskian19 method=shared_b4_accurate_nozero kind=kernel repeat=1 ms=1069.2949295
SOURCE_TIME graph=mycielskian19 method=shared_b4_accurate_nozero kind=kernel repeat=2 ms=1088.57083321
SOURCE_TIME graph=mycielskian19 method=shared_b4_accurate_nozero kind=kernel repeat=3 ms=1069.59795952
SOURCE_TIME graph=mycielskian19 method=shared_b4_accurate_nozero kind=kernel repeat=4 ms=927.52289772
SOURCE_TIME graph=mycielskian19 method=shared_b4_accurate_nozero kind=e2e repeat=0 ms=2181.81705475
SOURCE_TIME graph=mycielskian19 method=shared_b4_accurate_nozero kind=e2e repeat=1 ms=2172.46794701
SOURCE_TIME graph=mycielskian19 method=shared_b4_accurate_nozero kind=e2e repeat=2 ms=2139.67394829
SOURCE_TIME graph=mycielskian19 method=shared_b4_accurate_nozero kind=e2e repeat=3 ms=2193.09401512
SOURCE_TIME graph=mycielskian19 method=shared_b4_accurate_nozero kind=e2e repeat=4 ms=2181.91099167
SOURCE_STAGE graph=mycielskian19 method=shared_b4_accurate_nozero repeat=0 layer1_ms=1124.77302551 relu_ms=8.23307037354 conversion_ms=5.23400306702 layer2_ms=1094.24901009 total_ms=2232.48910904
SOURCE_STAGE graph=mycielskian19 method=shared_b4_accurate_nozero repeat=1 layer1_ms=1122.21097946 relu_ms=8.75496864319 conversion_ms=5.3231716156 layer2_ms=1109.0798378 total_ms=2245.36895752
SOURCE_STAGE graph=mycielskian19 method=shared_b4_accurate_nozero repeat=2 layer1_ms=1121.5159893 relu_ms=8.63099098206 conversion_ms=5.33509254456 layer2_ms=992.717027664 total_ms=2128.19910049
SOURCE_PROFILE graph=mycielskian19 method=shared_b4_accurate_nozero phase=output_zero sampled_thread_ms=0 sampled_tiles=97 profile_wall_ms=1769.15812492
SOURCE_PROFILE graph=mycielskian19 method=shared_b4_accurate_nozero phase=row_schedule sampled_thread_ms=0.0441074371338 sampled_tiles=97 profile_wall_ms=1769.15812492
SOURCE_PROFILE graph=mycielskian19 method=shared_b4_accurate_nozero phase=partial_zero sampled_thread_ms=15.7415866852 sampled_tiles=97 profile_wall_ms=1769.15812492
SOURCE_PROFILE graph=mycielskian19 method=shared_b4_accurate_nozero phase=csr_prefetch sampled_thread_ms=174.939632416 sampled_tiles=97 profile_wall_ms=1769.15812492
SOURCE_PROFILE graph=mycielskian19 method=shared_b4_accurate_nozero phase=feature_gather_decode sampled_thread_ms=210.206270218 sampled_tiles=97 profile_wall_ms=1769.15812492
SOURCE_PROFILE graph=mycielskian19 method=shared_b4_accurate_nozero phase=fp32_neighbor_reduction sampled_thread_ms=213.036060333 sampled_tiles=97 profile_wall_ms=1769.15812492
SOURCE_PROFILE graph=mycielskian19 method=shared_b4_accurate_nozero phase=partial_bf16_conversion sampled_thread_ms=24.8312950134 sampled_tiles=97 profile_wall_ms=1769.15812492
SOURCE_PROFILE graph=mycielskian19 method=shared_b4_accurate_nozero phase=tile_load sampled_thread_ms=124.799251556 sampled_tiles=97 profile_wall_ms=1769.15812492
SOURCE_PROFILE graph=mycielskian19 method=shared_b4_accurate_nozero phase=tile_compute sampled_thread_ms=131.830692291 sampled_tiles=97 profile_wall_ms=1769.15812492
SOURCE_PROFILE graph=mycielskian19 method=shared_b4_accurate_nozero phase=tile_store sampled_thread_ms=8.48293304443 sampled_tiles=97 profile_wall_ms=1769.15812492
SOURCE_PROFILE graph=mycielskian19 method=shared_b4_accurate_nozero phase=output_scatter sampled_thread_ms=0.0922679901123 sampled_tiles=97 profile_wall_ms=1769.15812492
SOURCE_PROFILE graph=mycielskian19 method=shared_b4_accurate_nozero phase=thread_amx_setup sampled_thread_ms=0.018835067749 sampled_tiles=97 profile_wall_ms=1769.15812492
SOURCE_TIME graph=mycielskian19 method=shared_b8_fast_nozero kind=kernel repeat=0 ms=632.197141647
SOURCE_TIME graph=mycielskian19 method=shared_b8_fast_nozero kind=kernel repeat=1 ms=684.648036957
SOURCE_TIME graph=mycielskian19 method=shared_b8_fast_nozero kind=kernel repeat=2 ms=642.171144485
SOURCE_TIME graph=mycielskian19 method=shared_b8_fast_nozero kind=kernel repeat=3 ms=696.407079697
SOURCE_TIME graph=mycielskian19 method=shared_b8_fast_nozero kind=kernel repeat=4 ms=658.39600563
SOURCE_TIME graph=mycielskian19 method=shared_b8_fast_nozero kind=e2e repeat=0 ms=1352.74910927
SOURCE_TIME graph=mycielskian19 method=shared_b8_fast_nozero kind=e2e repeat=1 ms=1368.30210686
SOURCE_TIME graph=mycielskian19 method=shared_b8_fast_nozero kind=e2e repeat=2 ms=1394.07682419
SOURCE_TIME graph=mycielskian19 method=shared_b8_fast_nozero kind=e2e repeat=3 ms=1363.51513863
SOURCE_TIME graph=mycielskian19 method=shared_b8_fast_nozero kind=e2e repeat=4 ms=1438.96007538
SOURCE_STAGE graph=mycielskian19 method=shared_b8_fast_nozero repeat=0 layer1_ms=681.994915009 relu_ms=8.09597969055 conversion_ms=5.21302223206 layer2_ms=713.895082474 total_ms=1409.1989994
SOURCE_STAGE graph=mycielskian19 method=shared_b8_fast_nozero repeat=1 layer1_ms=619.136095047 relu_ms=8.86607170105 conversion_ms=5.4349899292 layer2_ms=688.946008682 total_ms=1322.38316536
SOURCE_STAGE graph=mycielskian19 method=shared_b8_fast_nozero repeat=2 layer1_ms=697.301864624 relu_ms=8.5391998291 conversion_ms=5.23996353149 layer2_ms=683.804035187 total_ms=1394.88506317
SOURCE_PROFILE graph=mycielskian19 method=shared_b8_fast_nozero phase=output_zero sampled_thread_ms=0 sampled_tiles=97 profile_wall_ms=1200.65498352
SOURCE_PROFILE graph=mycielskian19 method=shared_b8_fast_nozero phase=row_schedule sampled_thread_ms=0.0391006469727 sampled_tiles=97 profile_wall_ms=1200.65498352
SOURCE_PROFILE graph=mycielskian19 method=shared_b8_fast_nozero phase=partial_zero sampled_thread_ms=7.81846046448 sampled_tiles=97 profile_wall_ms=1200.65498352
SOURCE_PROFILE graph=mycielskian19 method=shared_b8_fast_nozero phase=csr_prefetch sampled_thread_ms=176.118135452 sampled_tiles=97 profile_wall_ms=1200.65498352
SOURCE_PROFILE graph=mycielskian19 method=shared_b8_fast_nozero phase=feature_gather_decode sampled_thread_ms=208.227872849 sampled_tiles=97 profile_wall_ms=1200.65498352
SOURCE_PROFILE graph=mycielskian19 method=shared_b8_fast_nozero phase=fp32_neighbor_reduction sampled_thread_ms=190.079450607 sampled_tiles=97 profile_wall_ms=1200.65498352
SOURCE_PROFILE graph=mycielskian19 method=shared_b8_fast_nozero phase=partial_bf16_conversion sampled_thread_ms=6.91843032837 sampled_tiles=97 profile_wall_ms=1200.65498352
SOURCE_PROFILE graph=mycielskian19 method=shared_b8_fast_nozero phase=tile_load sampled_thread_ms=40.328502655 sampled_tiles=97 profile_wall_ms=1200.65498352
SOURCE_PROFILE graph=mycielskian19 method=shared_b8_fast_nozero phase=tile_compute sampled_thread_ms=48.321723938 sampled_tiles=97 profile_wall_ms=1200.65498352
SOURCE_PROFILE graph=mycielskian19 method=shared_b8_fast_nozero phase=tile_store sampled_thread_ms=4.99606132507 sampled_tiles=97 profile_wall_ms=1200.65498352
SOURCE_PROFILE graph=mycielskian19 method=shared_b8_fast_nozero phase=output_scatter sampled_thread_ms=0.0984668731689 sampled_tiles=97 profile_wall_ms=1200.65498352
SOURCE_PROFILE graph=mycielskian19 method=shared_b8_fast_nozero phase=thread_amx_setup sampled_thread_ms=0.0143051147461 sampled_tiles=97 profile_wall_ms=1200.65498352
SOURCE_TIME graph=mycielskian19 method=shared_b8_accurate_nozero kind=kernel repeat=0 ms=784.087896347
SOURCE_TIME graph=mycielskian19 method=shared_b8_accurate_nozero kind=kernel repeat=1 ms=742.652177811
SOURCE_TIME graph=mycielskian19 method=shared_b8_accurate_nozero kind=kernel repeat=2 ms=775.432109833
SOURCE_TIME graph=mycielskian19 method=shared_b8_accurate_nozero kind=kernel repeat=3 ms=775.323867798
SOURCE_TIME graph=mycielskian19 method=shared_b8_accurate_nozero kind=kernel repeat=4 ms=801.383972168
SOURCE_TIME graph=mycielskian19 method=shared_b8_accurate_nozero kind=e2e repeat=0 ms=1501.88207626
SOURCE_TIME graph=mycielskian19 method=shared_b8_accurate_nozero kind=e2e repeat=1 ms=1485.9790802
SOURCE_TIME graph=mycielskian19 method=shared_b8_accurate_nozero kind=e2e repeat=2 ms=1575.9139061
SOURCE_TIME graph=mycielskian19 method=shared_b8_accurate_nozero kind=e2e repeat=3 ms=1531.30197525
SOURCE_TIME graph=mycielskian19 method=shared_b8_accurate_nozero kind=e2e repeat=4 ms=1545.55797577
SOURCE_STAGE graph=mycielskian19 method=shared_b8_accurate_nozero repeat=0 layer1_ms=696.560144424 relu_ms=9.08303260803 conversion_ms=5.3539276123 layer2_ms=782.412052155 total_ms=1493.4091568
SOURCE_STAGE graph=mycielskian19 method=shared_b8_accurate_nozero repeat=1 layer1_ms=752.970933914 relu_ms=8.59308242798 conversion_ms=5.36584854126 layer2_ms=793.329000473 total_ms=1560.25886536
SOURCE_STAGE graph=mycielskian19 method=shared_b8_accurate_nozero repeat=2 layer1_ms=742.044210434 relu_ms=8.84389877319 conversion_ms=5.21802902222 layer2_ms=724.909067154 total_ms=1481.01520538
SOURCE_PROFILE graph=mycielskian19 method=shared_b8_accurate_nozero phase=output_zero sampled_thread_ms=0 sampled_tiles=97 profile_wall_ms=1359.93695259
SOURCE_PROFILE graph=mycielskian19 method=shared_b8_accurate_nozero phase=row_schedule sampled_thread_ms=0.0400543212891 sampled_tiles=97 profile_wall_ms=1359.93695259
SOURCE_PROFILE graph=mycielskian19 method=shared_b8_accurate_nozero phase=partial_zero sampled_thread_ms=7.79557228088 sampled_tiles=97 profile_wall_ms=1359.93695259
SOURCE_PROFILE graph=mycielskian19 method=shared_b8_accurate_nozero phase=csr_prefetch sampled_thread_ms=175.303697586 sampled_tiles=97 profile_wall_ms=1359.93695259
SOURCE_PROFILE graph=mycielskian19 method=shared_b8_accurate_nozero phase=feature_gather_decode sampled_thread_ms=207.333564758 sampled_tiles=97 profile_wall_ms=1359.93695259
SOURCE_PROFILE graph=mycielskian19 method=shared_b8_accurate_nozero phase=fp32_neighbor_reduction sampled_thread_ms=189.74852562 sampled_tiles=97 profile_wall_ms=1359.93695259
SOURCE_PROFILE graph=mycielskian19 method=shared_b8_accurate_nozero phase=partial_bf16_conversion sampled_thread_ms=12.4974250793 sampled_tiles=97 profile_wall_ms=1359.93695259
SOURCE_PROFILE graph=mycielskian19 method=shared_b8_accurate_nozero phase=tile_load sampled_thread_ms=66.8733119965 sampled_tiles=97 profile_wall_ms=1359.93695259
SOURCE_PROFILE graph=mycielskian19 method=shared_b8_accurate_nozero phase=tile_compute sampled_thread_ms=69.6420669556 sampled_tiles=97 profile_wall_ms=1359.93695259
SOURCE_PROFILE graph=mycielskian19 method=shared_b8_accurate_nozero phase=tile_store sampled_thread_ms=4.27222251892 sampled_tiles=97 profile_wall_ms=1359.93695259
SOURCE_PROFILE graph=mycielskian19 method=shared_b8_accurate_nozero phase=output_scatter sampled_thread_ms=0.10085105896 sampled_tiles=97 profile_wall_ms=1359.93695259
SOURCE_PROFILE graph=mycielskian19 method=shared_b8_accurate_nozero phase=thread_amx_setup sampled_thread_ms=0.0259876251221 sampled_tiles=97 profile_wall_ms=1359.93695259
SOURCE_TIME graph=mycielskian19 method=shared_b16_fast_nozero kind=kernel repeat=0 ms=568.419933319
SOURCE_TIME graph=mycielskian19 method=shared_b16_fast_nozero kind=kernel repeat=1 ms=566.924095154
SOURCE_TIME graph=mycielskian19 method=shared_b16_fast_nozero kind=kernel repeat=2 ms=593.36400032
SOURCE_TIME graph=mycielskian19 method=shared_b16_fast_nozero kind=kernel repeat=3 ms=613.599061966
SOURCE_TIME graph=mycielskian19 method=shared_b16_fast_nozero kind=kernel repeat=4 ms=610.352039337
SOURCE_TIME graph=mycielskian19 method=shared_b16_fast_nozero kind=e2e repeat=0 ms=1251.39117241
SOURCE_TIME graph=mycielskian19 method=shared_b16_fast_nozero kind=e2e repeat=1 ms=1201.72810555
SOURCE_TIME graph=mycielskian19 method=shared_b16_fast_nozero kind=e2e repeat=2 ms=1215.41595459
SOURCE_TIME graph=mycielskian19 method=shared_b16_fast_nozero kind=e2e repeat=3 ms=1238.76190186
SOURCE_TIME graph=mycielskian19 method=shared_b16_fast_nozero kind=e2e repeat=4 ms=1196.85196877
SOURCE_STAGE graph=mycielskian19 method=shared_b16_fast_nozero repeat=0 layer1_ms=616.733789444 relu_ms=8.68916511536 conversion_ms=5.32603263855 layer2_ms=590.9678936 total_ms=1221.7168808
SOURCE_STAGE graph=mycielskian19 method=shared_b16_fast_nozero repeat=1 layer1_ms=539.33095932 relu_ms=10.8480453491 conversion_ms=6.42609596252 layer2_ms=635.315895081 total_ms=1191.92099571
SOURCE_STAGE graph=mycielskian19 method=shared_b16_fast_nozero repeat=2 layer1_ms=587.355136871 relu_ms=9.45496559143 conversion_ms=5.82098960876 layer2_ms=539.963006973 total_ms=1142.59409904
SOURCE_PROFILE graph=mycielskian19 method=shared_b16_fast_nozero phase=output_zero sampled_thread_ms=0 sampled_tiles=97 profile_wall_ms=1148.12707901
SOURCE_PROFILE graph=mycielskian19 method=shared_b16_fast_nozero phase=row_schedule sampled_thread_ms=0.0360012054443 sampled_tiles=97 profile_wall_ms=1148.12707901
SOURCE_PROFILE graph=mycielskian19 method=shared_b16_fast_nozero phase=partial_zero sampled_thread_ms=3.99422645569 sampled_tiles=97 profile_wall_ms=1148.12707901
SOURCE_PROFILE graph=mycielskian19 method=shared_b16_fast_nozero phase=csr_prefetch sampled_thread_ms=179.492473602 sampled_tiles=97 profile_wall_ms=1148.12707901
SOURCE_PROFILE graph=mycielskian19 method=shared_b16_fast_nozero phase=feature_gather_decode sampled_thread_ms=211.882352829 sampled_tiles=97 profile_wall_ms=1148.12707901
SOURCE_PROFILE graph=mycielskian19 method=shared_b16_fast_nozero phase=fp32_neighbor_reduction sampled_thread_ms=182.549953461 sampled_tiles=97 profile_wall_ms=1148.12707901
SOURCE_PROFILE graph=mycielskian19 method=shared_b16_fast_nozero phase=partial_bf16_conversion sampled_thread_ms=3.56340408325 sampled_tiles=97 profile_wall_ms=1148.12707901
SOURCE_PROFILE graph=mycielskian19 method=shared_b16_fast_nozero phase=tile_load sampled_thread_ms=24.0206718445 sampled_tiles=97 profile_wall_ms=1148.12707901
SOURCE_PROFILE graph=mycielskian19 method=shared_b16_fast_nozero phase=tile_compute sampled_thread_ms=27.9388427734 sampled_tiles=97 profile_wall_ms=1148.12707901
SOURCE_PROFILE graph=mycielskian19 method=shared_b16_fast_nozero phase=tile_store sampled_thread_ms=2.70938873291 sampled_tiles=97 profile_wall_ms=1148.12707901
SOURCE_PROFILE graph=mycielskian19 method=shared_b16_fast_nozero phase=output_scatter sampled_thread_ms=0.106573104858 sampled_tiles=97 profile_wall_ms=1148.12707901
SOURCE_PROFILE graph=mycielskian19 method=shared_b16_fast_nozero phase=thread_amx_setup sampled_thread_ms=0.0250339508057 sampled_tiles=97 profile_wall_ms=1148.12707901
SOURCE_TIME graph=mycielskian19 method=shared_b16_accurate_nozero kind=kernel repeat=0 ms=609.925985336
SOURCE_TIME graph=mycielskian19 method=shared_b16_accurate_nozero kind=kernel repeat=1 ms=625.017881393
SOURCE_TIME graph=mycielskian19 method=shared_b16_accurate_nozero kind=kernel repeat=2 ms=606.509923935
SOURCE_TIME graph=mycielskian19 method=shared_b16_accurate_nozero kind=kernel repeat=3 ms=611.86504364
SOURCE_TIME graph=mycielskian19 method=shared_b16_accurate_nozero kind=kernel repeat=4 ms=570.142030716
SOURCE_TIME graph=mycielskian19 method=shared_b16_accurate_nozero kind=e2e repeat=0 ms=1243.41583252
SOURCE_TIME graph=mycielskian19 method=shared_b16_accurate_nozero kind=e2e repeat=1 ms=1253.61990929
SOURCE_TIME graph=mycielskian19 method=shared_b16_accurate_nozero kind=e2e repeat=2 ms=1264.47916031
SOURCE_TIME graph=mycielskian19 method=shared_b16_accurate_nozero kind=e2e repeat=3 ms=1248.79717827
SOURCE_TIME graph=mycielskian19 method=shared_b16_accurate_nozero kind=e2e repeat=4 ms=1257.7381134
SOURCE_STAGE graph=mycielskian19 method=shared_b16_accurate_nozero repeat=0 layer1_ms=651.277065277 relu_ms=8.59594345093 conversion_ms=5.30695915222 layer2_ms=635.681152344 total_ms=1300.86112022
SOURCE_STAGE graph=mycielskian19 method=shared_b16_accurate_nozero repeat=1 layer1_ms=650.775194168 relu_ms=8.45789909363 conversion_ms=5.37014007568 layer2_ms=613.095998764 total_ms=1277.6992321
SOURCE_STAGE graph=mycielskian19 method=shared_b16_accurate_nozero repeat=2 layer1_ms=664.011001587 relu_ms=7.95602798462 conversion_ms=5.43904304504 layer2_ms=570.534944534 total_ms=1247.94101715
SOURCE_PROFILE graph=mycielskian19 method=shared_b16_accurate_nozero phase=output_zero sampled_thread_ms=0 sampled_tiles=97 profile_wall_ms=1198.17185402
SOURCE_PROFILE graph=mycielskian19 method=shared_b16_accurate_nozero phase=row_schedule sampled_thread_ms=0.042200088501 sampled_tiles=97 profile_wall_ms=1198.17185402
SOURCE_PROFILE graph=mycielskian19 method=shared_b16_accurate_nozero phase=partial_zero sampled_thread_ms=3.87144088745 sampled_tiles=97 profile_wall_ms=1198.17185402
SOURCE_PROFILE graph=mycielskian19 method=shared_b16_accurate_nozero phase=csr_prefetch sampled_thread_ms=175.286531448 sampled_tiles=97 profile_wall_ms=1198.17185402
SOURCE_PROFILE graph=mycielskian19 method=shared_b16_accurate_nozero phase=feature_gather_decode sampled_thread_ms=207.499265671 sampled_tiles=97 profile_wall_ms=1198.17185402
SOURCE_PROFILE graph=mycielskian19 method=shared_b16_accurate_nozero phase=fp32_neighbor_reduction sampled_thread_ms=179.137706757 sampled_tiles=97 profile_wall_ms=1198.17185402
SOURCE_PROFILE graph=mycielskian19 method=shared_b16_accurate_nozero phase=partial_bf16_conversion sampled_thread_ms=6.26969337463 sampled_tiles=97 profile_wall_ms=1198.17185402
SOURCE_PROFILE graph=mycielskian19 method=shared_b16_accurate_nozero phase=tile_load sampled_thread_ms=36.2942218781 sampled_tiles=97 profile_wall_ms=1198.17185402
SOURCE_PROFILE graph=mycielskian19 method=shared_b16_accurate_nozero phase=tile_compute sampled_thread_ms=37.0845794678 sampled_tiles=97 profile_wall_ms=1198.17185402
SOURCE_PROFILE graph=mycielskian19 method=shared_b16_accurate_nozero phase=tile_store sampled_thread_ms=2.13479995728 sampled_tiles=97 profile_wall_ms=1198.17185402
SOURCE_PROFILE graph=mycielskian19 method=shared_b16_accurate_nozero phase=output_scatter sampled_thread_ms=0.109672546387 sampled_tiles=97 profile_wall_ms=1198.17185402
SOURCE_PROFILE graph=mycielskian19 method=shared_b16_accurate_nozero phase=thread_amx_setup sampled_thread_ms=0.0209808349609 sampled_tiles=97 profile_wall_ms=1198.17185402
SOURCE_TIME graph=mycielskian19 method=shared_b32_fast_nozero kind=kernel repeat=0 ms=586.105823517
SOURCE_TIME graph=mycielskian19 method=shared_b32_fast_nozero kind=kernel repeat=1 ms=582.807779312
SOURCE_TIME graph=mycielskian19 method=shared_b32_fast_nozero kind=kernel repeat=2 ms=564.768075943
SOURCE_TIME graph=mycielskian19 method=shared_b32_fast_nozero kind=kernel repeat=3 ms=593.075990677
SOURCE_TIME graph=mycielskian19 method=shared_b32_fast_nozero kind=kernel repeat=4 ms=591.453790665
SOURCE_TIME graph=mycielskian19 method=shared_b32_fast_nozero kind=e2e repeat=0 ms=1128.89099121
SOURCE_TIME graph=mycielskian19 method=shared_b32_fast_nozero kind=e2e repeat=1 ms=1166.35203362
SOURCE_TIME graph=mycielskian19 method=shared_b32_fast_nozero kind=e2e repeat=2 ms=1166.12792015
SOURCE_TIME graph=mycielskian19 method=shared_b32_fast_nozero kind=e2e repeat=3 ms=1161.21912003
SOURCE_TIME graph=mycielskian19 method=shared_b32_fast_nozero kind=e2e repeat=4 ms=1157.57203102
SOURCE_STAGE graph=mycielskian19 method=shared_b32_fast_nozero repeat=0 layer1_ms=574.398994446 relu_ms=9.55700874329 conversion_ms=5.66005706787 layer2_ms=557.885885239 total_ms=1147.5019455
SOURCE_STAGE graph=mycielskian19 method=shared_b32_fast_nozero repeat=1 layer1_ms=598.931074142 relu_ms=8.68487358093 conversion_ms=5.26404380798 layer2_ms=573.635101318 total_ms=1186.51509285
SOURCE_STAGE graph=mycielskian19 method=shared_b32_fast_nozero repeat=2 layer1_ms=581.096887589 relu_ms=8.73899459839 conversion_ms=5.55515289307 layer2_ms=567.54899025 total_ms=1162.94002533
SOURCE_PROFILE graph=mycielskian19 method=shared_b32_fast_nozero phase=output_zero sampled_thread_ms=0 sampled_tiles=97 profile_wall_ms=1098.96683693
SOURCE_PROFILE graph=mycielskian19 method=shared_b32_fast_nozero phase=row_schedule sampled_thread_ms=0.0450611114502 sampled_tiles=97 profile_wall_ms=1098.96683693
SOURCE_PROFILE graph=mycielskian19 method=shared_b32_fast_nozero phase=partial_zero sampled_thread_ms=1.99699401855 sampled_tiles=97 profile_wall_ms=1098.96683693
SOURCE_PROFILE graph=mycielskian19 method=shared_b32_fast_nozero phase=csr_prefetch sampled_thread_ms=173.235416412 sampled_tiles=97 profile_wall_ms=1098.96683693
SOURCE_PROFILE graph=mycielskian19 method=shared_b32_fast_nozero phase=feature_gather_decode sampled_thread_ms=208.451747894 sampled_tiles=97 profile_wall_ms=1098.96683693
SOURCE_PROFILE graph=mycielskian19 method=shared_b32_fast_nozero phase=fp32_neighbor_reduction sampled_thread_ms=171.592473984 sampled_tiles=97 profile_wall_ms=1098.96683693
SOURCE_PROFILE graph=mycielskian19 method=shared_b32_fast_nozero phase=partial_bf16_conversion sampled_thread_ms=1.88207626343 sampled_tiles=97 profile_wall_ms=1098.96683693
SOURCE_PROFILE graph=mycielskian19 method=shared_b32_fast_nozero phase=tile_load sampled_thread_ms=13.836145401 sampled_tiles=97 profile_wall_ms=1098.96683693
SOURCE_PROFILE graph=mycielskian19 method=shared_b32_fast_nozero phase=tile_compute sampled_thread_ms=14.8231983185 sampled_tiles=97 profile_wall_ms=1098.96683693
SOURCE_PROFILE graph=mycielskian19 method=shared_b32_fast_nozero phase=tile_store sampled_thread_ms=1.21235847473 sampled_tiles=97 profile_wall_ms=1098.96683693
SOURCE_PROFILE graph=mycielskian19 method=shared_b32_fast_nozero phase=output_scatter sampled_thread_ms=0.120639801025 sampled_tiles=97 profile_wall_ms=1098.96683693
SOURCE_PROFILE graph=mycielskian19 method=shared_b32_fast_nozero phase=thread_amx_setup sampled_thread_ms=0.0200271606445 sampled_tiles=97 profile_wall_ms=1098.96683693
SOURCE_TIME graph=mycielskian19 method=shared_b32_accurate_nozero kind=kernel repeat=0 ms=536.072969437
SOURCE_TIME graph=mycielskian19 method=shared_b32_accurate_nozero kind=kernel repeat=1 ms=531.547784805
SOURCE_TIME graph=mycielskian19 method=shared_b32_accurate_nozero kind=kernel repeat=2 ms=605.433940887
SOURCE_TIME graph=mycielskian19 method=shared_b32_accurate_nozero kind=kernel repeat=3 ms=565.971136093
SOURCE_TIME graph=mycielskian19 method=shared_b32_accurate_nozero kind=kernel repeat=4 ms=561.61904335
SOURCE_TIME graph=mycielskian19 method=shared_b32_accurate_nozero kind=e2e repeat=0 ms=1159.88183022
SOURCE_TIME graph=mycielskian19 method=shared_b32_accurate_nozero kind=e2e repeat=1 ms=1169.9950695
SOURCE_TIME graph=mycielskian19 method=shared_b32_accurate_nozero kind=e2e repeat=2 ms=1155.43079376
SOURCE_TIME graph=mycielskian19 method=shared_b32_accurate_nozero kind=e2e repeat=3 ms=1174.17311668
SOURCE_TIME graph=mycielskian19 method=shared_b32_accurate_nozero kind=e2e repeat=4 ms=1205.3539753
SOURCE_STAGE graph=mycielskian19 method=shared_b32_accurate_nozero repeat=0 layer1_ms=567.607879639 relu_ms=10.1001262665 conversion_ms=6.19792938232 layer2_ms=555.109977722 total_ms=1139.01591301
SOURCE_STAGE graph=mycielskian19 method=shared_b32_accurate_nozero repeat=1 layer1_ms=573.461771011 relu_ms=8.59117507935 conversion_ms=5.56302070618 layer2_ms=573.537826538 total_ms=1161.15379333
SOURCE_STAGE graph=mycielskian19 method=shared_b32_accurate_nozero repeat=2 layer1_ms=583.595991135 relu_ms=8.69584083557 conversion_ms=5.18703460693 layer2_ms=570.368051529 total_ms=1167.84691811
SOURCE_PROFILE graph=mycielskian19 method=shared_b32_accurate_nozero phase=output_zero sampled_thread_ms=0.000953674316406 sampled_tiles=97 profile_wall_ms=1111.06801033
SOURCE_PROFILE graph=mycielskian19 method=shared_b32_accurate_nozero phase=row_schedule sampled_thread_ms=0.0486373901367 sampled_tiles=97 profile_wall_ms=1111.06801033
SOURCE_PROFILE graph=mycielskian19 method=shared_b32_accurate_nozero phase=partial_zero sampled_thread_ms=2.00867652893 sampled_tiles=97 profile_wall_ms=1111.06801033
SOURCE_PROFILE graph=mycielskian19 method=shared_b32_accurate_nozero phase=csr_prefetch sampled_thread_ms=175.92549324 sampled_tiles=97 profile_wall_ms=1111.06801033
SOURCE_PROFILE graph=mycielskian19 method=shared_b32_accurate_nozero phase=feature_gather_decode sampled_thread_ms=207.948923111 sampled_tiles=97 profile_wall_ms=1111.06801033
SOURCE_PROFILE graph=mycielskian19 method=shared_b32_accurate_nozero phase=fp32_neighbor_reduction sampled_thread_ms=173.304080963 sampled_tiles=97 profile_wall_ms=1111.06801033
SOURCE_PROFILE graph=mycielskian19 method=shared_b32_accurate_nozero phase=partial_bf16_conversion sampled_thread_ms=3.18646430969 sampled_tiles=97 profile_wall_ms=1111.06801033
SOURCE_PROFILE graph=mycielskian19 method=shared_b32_accurate_nozero phase=tile_load sampled_thread_ms=20.1046466827 sampled_tiles=97 profile_wall_ms=1111.06801033
SOURCE_PROFILE graph=mycielskian19 method=shared_b32_accurate_nozero phase=tile_compute sampled_thread_ms=21.0998058319 sampled_tiles=97 profile_wall_ms=1111.06801033
SOURCE_PROFILE graph=mycielskian19 method=shared_b32_accurate_nozero phase=tile_store sampled_thread_ms=1.08528137207 sampled_tiles=97 profile_wall_ms=1111.06801033
SOURCE_PROFILE graph=mycielskian19 method=shared_b32_accurate_nozero phase=output_scatter sampled_thread_ms=0.124454498291 sampled_tiles=97 profile_wall_ms=1111.06801033
SOURCE_PROFILE graph=mycielskian19 method=shared_b32_accurate_nozero phase=thread_amx_setup sampled_thread_ms=0.0240802764893 sampled_tiles=97 profile_wall_ms=1111.06801033
SOURCE_TIME graph=mycielskian19 method=shared_b64_fast_nozero kind=kernel repeat=0 ms=543.204069138
SOURCE_TIME graph=mycielskian19 method=shared_b64_fast_nozero kind=kernel repeat=1 ms=556.96606636
SOURCE_TIME graph=mycielskian19 method=shared_b64_fast_nozero kind=kernel repeat=2 ms=564.225196838
SOURCE_TIME graph=mycielskian19 method=shared_b64_fast_nozero kind=kernel repeat=3 ms=535.495042801
SOURCE_TIME graph=mycielskian19 method=shared_b64_fast_nozero kind=kernel repeat=4 ms=573.596000671
SOURCE_TIME graph=mycielskian19 method=shared_b64_fast_nozero kind=e2e repeat=0 ms=1105.01408577
SOURCE_TIME graph=mycielskian19 method=shared_b64_fast_nozero kind=e2e repeat=1 ms=1126.86300278
SOURCE_TIME graph=mycielskian19 method=shared_b64_fast_nozero kind=e2e repeat=2 ms=1094.98000145
SOURCE_TIME graph=mycielskian19 method=shared_b64_fast_nozero kind=e2e repeat=3 ms=1136.3260746
SOURCE_TIME graph=mycielskian19 method=shared_b64_fast_nozero kind=e2e repeat=4 ms=1106.62508011
SOURCE_STAGE graph=mycielskian19 method=shared_b64_fast_nozero repeat=0 layer1_ms=572.447061539 relu_ms=8.4240436554 conversion_ms=5.31792640686 layer2_ms=549.387931824 total_ms=1135.57696342
SOURCE_STAGE graph=mycielskian19 method=shared_b64_fast_nozero repeat=1 layer1_ms=520.642995834 relu_ms=11.0840797424 conversion_ms=6.1719417572 layer2_ms=538.254976273 total_ms=1076.15399361
SOURCE_STAGE graph=mycielskian19 method=shared_b64_fast_nozero repeat=2 layer1_ms=580.250024796 relu_ms=9.04297828674 conversion_ms=5.41114807129 layer2_ms=558.078050613 total_ms=1152.78220177
SOURCE_PROFILE graph=mycielskian19 method=shared_b64_fast_nozero phase=output_zero sampled_thread_ms=0 sampled_tiles=97 profile_wall_ms=1034.10196304
SOURCE_PROFILE graph=mycielskian19 method=shared_b64_fast_nozero phase=row_schedule sampled_thread_ms=0.0472068786621 sampled_tiles=97 profile_wall_ms=1034.10196304
SOURCE_PROFILE graph=mycielskian19 method=shared_b64_fast_nozero phase=partial_zero sampled_thread_ms=1.01757049561 sampled_tiles=97 profile_wall_ms=1034.10196304
SOURCE_PROFILE graph=mycielskian19 method=shared_b64_fast_nozero phase=csr_prefetch sampled_thread_ms=175.066709518 sampled_tiles=97 profile_wall_ms=1034.10196304
SOURCE_PROFILE graph=mycielskian19 method=shared_b64_fast_nozero phase=feature_gather_decode sampled_thread_ms=211.490392685 sampled_tiles=97 profile_wall_ms=1034.10196304
SOURCE_PROFILE graph=mycielskian19 method=shared_b64_fast_nozero phase=fp32_neighbor_reduction sampled_thread_ms=169.906139374 sampled_tiles=97 profile_wall_ms=1034.10196304
SOURCE_PROFILE graph=mycielskian19 method=shared_b64_fast_nozero phase=partial_bf16_conversion sampled_thread_ms=0.897407531738 sampled_tiles=97 profile_wall_ms=1034.10196304
SOURCE_PROFILE graph=mycielskian19 method=shared_b64_fast_nozero phase=tile_load sampled_thread_ms=8.58044624329 sampled_tiles=97 profile_wall_ms=1034.10196304
SOURCE_PROFILE graph=mycielskian19 method=shared_b64_fast_nozero phase=tile_compute sampled_thread_ms=9.36079025269 sampled_tiles=97 profile_wall_ms=1034.10196304
SOURCE_PROFILE graph=mycielskian19 method=shared_b64_fast_nozero phase=tile_store sampled_thread_ms=0.70858001709 sampled_tiles=97 profile_wall_ms=1034.10196304
SOURCE_PROFILE graph=mycielskian19 method=shared_b64_fast_nozero phase=output_scatter sampled_thread_ms=0.150442123413 sampled_tiles=97 profile_wall_ms=1034.10196304
SOURCE_PROFILE graph=mycielskian19 method=shared_b64_fast_nozero phase=thread_amx_setup sampled_thread_ms=0.0190734863281 sampled_tiles=97 profile_wall_ms=1034.10196304
SOURCE_TIME graph=mycielskian19 method=shared_b64_accurate_nozero kind=kernel repeat=0 ms=532.93800354
SOURCE_TIME graph=mycielskian19 method=shared_b64_accurate_nozero kind=kernel repeat=1 ms=528.438091278
SOURCE_TIME graph=mycielskian19 method=shared_b64_accurate_nozero kind=kernel repeat=2 ms=574.074029922
SOURCE_TIME graph=mycielskian19 method=shared_b64_accurate_nozero kind=kernel repeat=3 ms=540.668010712
SOURCE_TIME graph=mycielskian19 method=shared_b64_accurate_nozero kind=kernel repeat=4 ms=584.273099899
SOURCE_TIME graph=mycielskian19 method=shared_b64_accurate_nozero kind=e2e repeat=0 ms=1112.1840477
SOURCE_TIME graph=mycielskian19 method=shared_b64_accurate_nozero kind=e2e repeat=1 ms=1130.16295433
SOURCE_TIME graph=mycielskian19 method=shared_b64_accurate_nozero kind=e2e repeat=2 ms=1160.28285027
SOURCE_TIME graph=mycielskian19 method=shared_b64_accurate_nozero kind=e2e repeat=3 ms=1161.19408607
SOURCE_TIME graph=mycielskian19 method=shared_b64_accurate_nozero kind=e2e repeat=4 ms=1151.81398392
SOURCE_STAGE graph=mycielskian19 method=shared_b64_accurate_nozero repeat=0 layer1_ms=591.435194016 relu_ms=8.87584686279 conversion_ms=5.48815727234 layer2_ms=553.718805313 total_ms=1159.51800346
SOURCE_STAGE graph=mycielskian19 method=shared_b64_accurate_nozero repeat=1 layer1_ms=550.645828247 relu_ms=10.6830596924 conversion_ms=6.2940120697 layer2_ms=573.851108551 total_ms=1141.47400856
SOURCE_STAGE graph=mycielskian19 method=shared_b64_accurate_nozero repeat=2 layer1_ms=562.405824661 relu_ms=9.6070766449 conversion_ms=5.62691688538 layer2_ms=543.122053146 total_ms=1120.76187134
SOURCE_PROFILE graph=mycielskian19 method=shared_b64_accurate_nozero phase=output_zero sampled_thread_ms=0 sampled_tiles=97 profile_wall_ms=1066.14494324
SOURCE_PROFILE graph=mycielskian19 method=shared_b64_accurate_nozero phase=row_schedule sampled_thread_ms=0.0452995300293 sampled_tiles=97 profile_wall_ms=1066.14494324
SOURCE_PROFILE graph=mycielskian19 method=shared_b64_accurate_nozero phase=partial_zero sampled_thread_ms=1.01828575134 sampled_tiles=97 profile_wall_ms=1066.14494324
SOURCE_PROFILE graph=mycielskian19 method=shared_b64_accurate_nozero phase=csr_prefetch sampled_thread_ms=173.274993896 sampled_tiles=97 profile_wall_ms=1066.14494324
SOURCE_PROFILE graph=mycielskian19 method=shared_b64_accurate_nozero phase=feature_gather_decode sampled_thread_ms=209.161281586 sampled_tiles=97 profile_wall_ms=1066.14494324
SOURCE_PROFILE graph=mycielskian19 method=shared_b64_accurate_nozero phase=fp32_neighbor_reduction sampled_thread_ms=167.301416397 sampled_tiles=97 profile_wall_ms=1066.14494324
SOURCE_PROFILE graph=mycielskian19 method=shared_b64_accurate_nozero phase=partial_bf16_conversion sampled_thread_ms=1.54519081116 sampled_tiles=97 profile_wall_ms=1066.14494324
SOURCE_PROFILE graph=mycielskian19 method=shared_b64_accurate_nozero phase=tile_load sampled_thread_ms=11.5988254547 sampled_tiles=97 profile_wall_ms=1066.14494324
SOURCE_PROFILE graph=mycielskian19 method=shared_b64_accurate_nozero phase=tile_compute sampled_thread_ms=11.5058422089 sampled_tiles=97 profile_wall_ms=1066.14494324
SOURCE_PROFILE graph=mycielskian19 method=shared_b64_accurate_nozero phase=tile_store sampled_thread_ms=0.545501708984 sampled_tiles=97 profile_wall_ms=1066.14494324
SOURCE_PROFILE graph=mycielskian19 method=shared_b64_accurate_nozero phase=output_scatter sampled_thread_ms=0.138759613037 sampled_tiles=97 profile_wall_ms=1066.14494324
SOURCE_PROFILE graph=mycielskian19 method=shared_b64_accurate_nozero phase=thread_amx_setup sampled_thread_ms=0.0200271606445 sampled_tiles=97 profile_wall_ms=1066.14494324
SOURCE_TIME graph=mycielskian19 method=shared_bfull_fast_nozero kind=kernel repeat=0 ms=1191.01595879
SOURCE_TIME graph=mycielskian19 method=shared_bfull_fast_nozero kind=kernel repeat=1 ms=1228.59811783
SOURCE_TIME graph=mycielskian19 method=shared_bfull_fast_nozero kind=kernel repeat=2 ms=1262.08400726
SOURCE_TIME graph=mycielskian19 method=shared_bfull_fast_nozero kind=kernel repeat=3 ms=1257.58504868
SOURCE_TIME graph=mycielskian19 method=shared_bfull_fast_nozero kind=kernel repeat=4 ms=1192.67392159
SOURCE_TIME graph=mycielskian19 method=shared_bfull_fast_nozero kind=e2e repeat=0 ms=2489.49289322
SOURCE_TIME graph=mycielskian19 method=shared_bfull_fast_nozero kind=e2e repeat=1 ms=2437.8259182
SOURCE_TIME graph=mycielskian19 method=shared_bfull_fast_nozero kind=e2e repeat=2 ms=2436.92803383
SOURCE_TIME graph=mycielskian19 method=shared_bfull_fast_nozero kind=e2e repeat=3 ms=2483.42490196
SOURCE_TIME graph=mycielskian19 method=shared_bfull_fast_nozero kind=e2e repeat=4 ms=2479.8181057
SOURCE_STAGE graph=mycielskian19 method=shared_bfull_fast_nozero repeat=0 layer1_ms=1197.53885269 relu_ms=8.72707366943 conversion_ms=5.44095039368 layer2_ms=1211.70902252 total_ms=2423.41589928
SOURCE_STAGE graph=mycielskian19 method=shared_bfull_fast_nozero repeat=1 layer1_ms=1232.00011253 relu_ms=8.7149143219 conversion_ms=5.29098510742 layer2_ms=1189.63313103 total_ms=2435.63914299
SOURCE_STAGE graph=mycielskian19 method=shared_bfull_fast_nozero repeat=2 layer1_ms=1248.23403358 relu_ms=8.37302207947 conversion_ms=5.41591644287 layer2_ms=1201.94792747 total_ms=2463.97089958
SOURCE_PROFILE graph=mycielskian19 method=shared_bfull_fast_nozero phase=output_zero sampled_thread_ms=0 sampled_tiles=97 profile_wall_ms=1672.93906212
SOURCE_PROFILE graph=mycielskian19 method=shared_bfull_fast_nozero phase=row_schedule sampled_thread_ms=0.0672340393066 sampled_tiles=97 profile_wall_ms=1672.93906212
SOURCE_PROFILE graph=mycielskian19 method=shared_bfull_fast_nozero phase=partial_zero sampled_thread_ms=0.0410079956055 sampled_tiles=97 profile_wall_ms=1672.93906212
SOURCE_PROFILE graph=mycielskian19 method=shared_bfull_fast_nozero phase=csr_prefetch sampled_thread_ms=162.833452225 sampled_tiles=97 profile_wall_ms=1672.93906212
SOURCE_PROFILE graph=mycielskian19 method=shared_bfull_fast_nozero phase=feature_gather_decode sampled_thread_ms=242.013931274 sampled_tiles=97 profile_wall_ms=1672.93906212
SOURCE_PROFILE graph=mycielskian19 method=shared_bfull_fast_nozero phase=fp32_neighbor_reduction sampled_thread_ms=154.906988144 sampled_tiles=97 profile_wall_ms=1672.93906212
SOURCE_PROFILE graph=mycielskian19 method=shared_bfull_fast_nozero phase=partial_bf16_conversion sampled_thread_ms=0.0669956207275 sampled_tiles=97 profile_wall_ms=1672.93906212
SOURCE_PROFILE graph=mycielskian19 method=shared_bfull_fast_nozero phase=tile_load sampled_thread_ms=0.473737716675 sampled_tiles=97 profile_wall_ms=1672.93906212
SOURCE_PROFILE graph=mycielskian19 method=shared_bfull_fast_nozero phase=tile_compute sampled_thread_ms=0.564813613892 sampled_tiles=97 profile_wall_ms=1672.93906212
SOURCE_PROFILE graph=mycielskian19 method=shared_bfull_fast_nozero phase=tile_store sampled_thread_ms=0.00834465026855 sampled_tiles=97 profile_wall_ms=1672.93906212
SOURCE_PROFILE graph=mycielskian19 method=shared_bfull_fast_nozero phase=output_scatter sampled_thread_ms=0.20956993103 sampled_tiles=97 profile_wall_ms=1672.93906212
SOURCE_PROFILE graph=mycielskian19 method=shared_bfull_fast_nozero phase=thread_amx_setup sampled_thread_ms=0.0240802764893 sampled_tiles=97 profile_wall_ms=1672.93906212
SOURCE_TIME graph=mycielskian19 method=shared_bfull_accurate_nozero kind=kernel repeat=0 ms=1247.23601341
SOURCE_TIME graph=mycielskian19 method=shared_bfull_accurate_nozero kind=kernel repeat=1 ms=1242.82407761
SOURCE_TIME graph=mycielskian19 method=shared_bfull_accurate_nozero kind=kernel repeat=2 ms=1194.43082809
SOURCE_TIME graph=mycielskian19 method=shared_bfull_accurate_nozero kind=kernel repeat=3 ms=1202.91209221
SOURCE_TIME graph=mycielskian19 method=shared_bfull_accurate_nozero kind=kernel repeat=4 ms=1233.19292068
SOURCE_TIME graph=mycielskian19 method=shared_bfull_accurate_nozero kind=e2e repeat=0 ms=2509.63902473
SOURCE_TIME graph=mycielskian19 method=shared_bfull_accurate_nozero kind=e2e repeat=1 ms=2525.32911301
SOURCE_TIME graph=mycielskian19 method=shared_bfull_accurate_nozero kind=e2e repeat=2 ms=2432.28816986
SOURCE_TIME graph=mycielskian19 method=shared_bfull_accurate_nozero kind=e2e repeat=3 ms=2494.78888512
SOURCE_TIME graph=mycielskian19 method=shared_bfull_accurate_nozero kind=e2e repeat=4 ms=2441.21098518
SOURCE_STAGE graph=mycielskian19 method=shared_bfull_accurate_nozero repeat=0 layer1_ms=1265.14315605 relu_ms=8.44979286194 conversion_ms=5.32197952271 layer2_ms=1244.69518661 total_ms=2523.61011505
SOURCE_STAGE graph=mycielskian19 method=shared_bfull_accurate_nozero repeat=1 layer1_ms=1239.21108246 relu_ms=8.37182998657 conversion_ms=5.37705421448 layer2_ms=1226.77588463 total_ms=2479.73585129
SOURCE_STAGE graph=mycielskian19 method=shared_bfull_accurate_nozero repeat=2 layer1_ms=1243.58487129 relu_ms=8.73899459839 conversion_ms=5.30099868774 layer2_ms=1237.46418953 total_ms=2495.08905411
SOURCE_PROFILE graph=mycielskian19 method=shared_bfull_accurate_nozero phase=output_zero sampled_thread_ms=0 sampled_tiles=97 profile_wall_ms=1650.66504478
SOURCE_PROFILE graph=mycielskian19 method=shared_bfull_accurate_nozero phase=row_schedule sampled_thread_ms=0.0560283660889 sampled_tiles=97 profile_wall_ms=1650.66504478
SOURCE_PROFILE graph=mycielskian19 method=shared_bfull_accurate_nozero phase=partial_zero sampled_thread_ms=0.0536441802979 sampled_tiles=97 profile_wall_ms=1650.66504478
SOURCE_PROFILE graph=mycielskian19 method=shared_bfull_accurate_nozero phase=csr_prefetch sampled_thread_ms=163.296461105 sampled_tiles=97 profile_wall_ms=1650.66504478
SOURCE_PROFILE graph=mycielskian19 method=shared_bfull_accurate_nozero phase=feature_gather_decode sampled_thread_ms=276.666402817 sampled_tiles=97 profile_wall_ms=1650.66504478
SOURCE_PROFILE graph=mycielskian19 method=shared_bfull_accurate_nozero phase=fp32_neighbor_reduction sampled_thread_ms=155.018806458 sampled_tiles=97 profile_wall_ms=1650.66504478
SOURCE_PROFILE graph=mycielskian19 method=shared_bfull_accurate_nozero phase=partial_bf16_conversion sampled_thread_ms=0.0793933868408 sampled_tiles=97 profile_wall_ms=1650.66504478
SOURCE_PROFILE graph=mycielskian19 method=shared_bfull_accurate_nozero phase=tile_load sampled_thread_ms=0.539541244507 sampled_tiles=97 profile_wall_ms=1650.66504478
SOURCE_PROFILE graph=mycielskian19 method=shared_bfull_accurate_nozero phase=tile_compute sampled_thread_ms=0.704050064087 sampled_tiles=97 profile_wall_ms=1650.66504478
SOURCE_PROFILE graph=mycielskian19 method=shared_bfull_accurate_nozero phase=tile_store sampled_thread_ms=0.00882148742676 sampled_tiles=97 profile_wall_ms=1650.66504478
SOURCE_PROFILE graph=mycielskian19 method=shared_bfull_accurate_nozero phase=output_scatter sampled_thread_ms=0.238418579102 sampled_tiles=97 profile_wall_ms=1650.66504478
SOURCE_PROFILE graph=mycielskian19 method=shared_bfull_accurate_nozero phase=thread_amx_setup sampled_thread_ms=0.0133514404297 sampled_tiles=97 profile_wall_ms=1650.66504478
SOURCE_COMPLETE graph=mycielskian19 pass=1 max_rss_kib=19447240
