GCN E2E v3 — Hybrid Pipeline (FP32 inter-layer + BF16 final)
Threads: 32

Loading: /home/huangjianqiang_group/hdacp1/data/yx/TFS/data/com-LiveJournal/com-LiveJournal.csrbin
Matrix: com-LiveJournal  N=3997962  NNZ=69362378  avg_deg=17.3

=== TFS V3 Hybrid Pipeline ===
  run 0: 248.31 ms
  run 1: 242.74 ms
  run 2: 246.72 ms
  run 3: 240.30 ms
  run 4: 243.11 ms
  TFS V3 E2E BEST: 240.30 ms

=== MKL FP32 Two-Step ===
  run 0: 644.27 ms
  run 1: 646.76 ms
  run 2: 647.29 ms
  run 3: 648.23 ms
  run 4: 649.92 ms
  MKL E2E BEST: 644.27 ms

=== E2E Summary ===
  TFS V3 (hybrid): 240.30 ms
  MKL (FP32):      644.27 ms
  E2E Speedup:     2.68×

=== Precision ===
  TFS_hybrid vs MKL_FP32: max_rel_err=0.009347  RMSE=6.9870e+01
First 8:
  TFS: 975.59 -2614.89 -1185.33 244.44 144.58 154.73 -1612.97 -1329.18 
  MKL: 990.37 -2642.10 -1198.25 249.54 144.67 153.64 -1628.47 -1341.65 
