GCN E2E Inference Benchmark (2-layer, K=128)
TFS V3 (BF16 AMX) vs MKL (FP32 two-step)
Threads: 32

Loading: /home/huangjianqiang_group/hdacp1/data/yx/TFS/data/email-Enron/email-Enron.csrbin
Matrix: email-Enron  N=36692  NNZ=367662  avg_deg=10.0

=== TFS V3 (BF16 AMX Fusion) ===
  run 0: 3.25 ms
  run 1: 3.30 ms
  run 2: 3.24 ms
  run 3: 3.18 ms
  run 4: 4.37 ms
  TFS V3 E2E BEST: 3.18 ms

=== MKL FP32 Two-Step ===
  run 0: 1.44 ms
  run 1: 1.51 ms
  run 2: 1.43 ms
  run 3: 1.42 ms
  run 4: 1.48 ms
  MKL E2E BEST: 1.42 ms

=== E2E Summary ===
  TFS V3:  3.18 ms
  MKL:     1.42 ms
  Speedup: 0.44×

=== Precision Analysis ===
Layer 1 (after ReLU):
  TFS_BF16 vs MKL_FP32: max_rel_err=0.005938  RMSE=4.548098e-02  max|diff|=2.371887e+00
Layer 2 (final output):
  TFS_BF16 vs MKL_FP32: max_rel_err=0.010905  RMSE=3.470833e+01  max|diff|=2.485688e+03

First 8 output values:
  TFS: -208.0843 -116.9294 -138.9667 -239.9306 -55.8320 -102.9914 -99.5827 -119.3804 
  MKL: -210.5908 -118.7104 -140.6431 -241.9847 -56.6206 -103.8429 -101.0410 -120.5096 
SOURCE_CONFIG graph=email-Enron N=36692 E=367662 D=128 F=128 R=64 TR=16 repeats=5 warmups=1 mkl_max_threads=32 mkl_dynamic=1 policy=default_no_numactl
SOURCE_INPUT graph=email-Enron H0=16898363118031778051 W1=7515093975424777444 W2=521590717466722379
SOURCE_CORRECT graph=email-Enron method=original_nozero boundary=kernel reference=source_original_tfs max_abs=0 mean_abs=0 relative_l2=0 normalized_max=0 pass=1
SOURCE_CORRECT graph=email-Enron method=original_nozero boundary=e2e reference=source_original_tfs max_abs=0 mean_abs=0 relative_l2=0 normalized_max=0 pass=1
SOURCE_CORRECT graph=email-Enron method=original_nozero boundary=e2e reference=source_mkl_fp32 max_abs=2485.6875 mean_abs=9.70894501647 relative_l2=0.0101655922358 normalized_max=0.0109052044993 pass=1
SOURCE_CORRECT graph=email-Enron method=shared_b2_fast_nozero boundary=kernel reference=source_original_tfs max_abs=0.984130859375 mean_abs=0.0139192481647 relative_l2=0.00230437694546 normalized_max=0.00228870695438 pass=1
SOURCE_CORRECT graph=email-Enron method=shared_b2_fast_nozero boundary=e2e reference=source_original_tfs max_abs=678 mean_abs=3.21855514261 relative_l2=0.00310538816091 normalized_max=0.00300731598642 pass=1
SOURCE_CORRECT graph=email-Enron method=shared_b2_fast_nozero boundary=e2e reference=source_mkl_fp32 max_abs=3163.6875 mean_abs=12.5046316801 relative_l2=0.0131226112157 normalized_max=0.0138797250899 pass=1
SOURCE_CORRECT graph=email-Enron method=shared_b2_accurate_nozero boundary=kernel reference=source_original_tfs max_abs=0.00131225585938 mean_abs=1.29522020487e-06 relative_l2=6.19441975905e-07 normalized_max=3.05179853133e-06 pass=1
SOURCE_CORRECT graph=email-Enron method=shared_b2_accurate_nozero boundary=e2e reference=source_original_tfs max_abs=3.0859375 mean_abs=0.00443929960922 relative_l2=7.67776474627e-06 normalized_max=1.36878896414e-05 pass=1
SOURCE_CORRECT graph=email-Enron method=shared_b2_accurate_nozero boundary=e2e reference=source_mkl_fp32 max_abs=2485.765625 mean_abs=9.70903264801 relative_l2=0.0101655661579 normalized_max=0.0109055472492 pass=1
SOURCE_CORRECT graph=email-Enron method=shared_b4_fast_nozero boundary=kernel reference=source_original_tfs max_abs=1.22073364258 mean_abs=0.0173812024067 relative_l2=0.0028896477601 normalized_max=0.00283895332679 pass=1
SOURCE_CORRECT graph=email-Enron method=shared_b4_fast_nozero boundary=e2e reference=source_original_tfs max_abs=1071.765625 mean_abs=4.55173080107 relative_l2=0.0046731654377 normalized_max=0.00475389070466 pass=1
SOURCE_CORRECT graph=email-Enron method=shared_b4_fast_nozero boundary=e2e reference=source_mkl_fp32 max_abs=3511.640625 mean_abs=13.8818541006 relative_l2=0.0146834127638 normalized_max=0.0154062645219 pass=1
SOURCE_CORRECT graph=email-Enron method=shared_b4_accurate_nozero boundary=kernel reference=source_original_tfs max_abs=0.001220703125 mean_abs=1.17734609122e-06 relative_l2=5.32621753926e-07 normalized_max=2.83888235473e-06 pass=1
SOURCE_CORRECT graph=email-Enron method=shared_b4_accurate_nozero boundary=e2e reference=source_original_tfs max_abs=2.453125 mean_abs=0.00356101975302 relative_l2=5.94677069443e-06 normalized_max=1.08810059428e-05 pass=1
SOURCE_CORRECT graph=email-Enron method=shared_b4_accurate_nozero boundary=e2e reference=source_mkl_fp32 max_abs=2486 mean_abs=9.70890205268 relative_l2=0.0101655068719 normalized_max=0.0109065754989 pass=1
SOURCE_CORRECT graph=email-Enron method=shared_b8_fast_nozero boundary=kernel reference=source_original_tfs max_abs=1.40875244141 mean_abs=0.0182684560747 relative_l2=0.00306027957727 normalized_max=0.00327621218147 pass=1
SOURCE_CORRECT graph=email-Enron method=shared_b8_fast_nozero boundary=e2e reference=source_original_tfs max_abs=1163.625 mean_abs=4.99380657363 relative_l2=0.00524572278199 normalized_max=0.00516133932847 pass=1
SOURCE_CORRECT graph=email-Enron method=shared_b8_fast_nozero boundary=e2e reference=source_mkl_fp32 max_abs=3649.3125 mean_abs=14.3163683305 relative_l2=0.0152471039685 normalized_max=0.0160102583669 pass=1
SOURCE_CORRECT graph=email-Enron method=shared_b8_accurate_nozero boundary=kernel reference=source_original_tfs max_abs=0.00112915039062 mean_abs=1.69262782069e-06 relative_l2=7.04988076169e-07 normalized_max=2.62596617812e-06 pass=1
SOURCE_CORRECT graph=email-Enron method=shared_b8_accurate_nozero boundary=e2e reference=source_original_tfs max_abs=2.625 mean_abs=0.00514348141886 relative_l2=7.77038693843e-06 normalized_max=1.16433694165e-05 pass=1
SOURCE_CORRECT graph=email-Enron method=shared_b8_accurate_nozero boundary=e2e reference=source_mkl_fp32 max_abs=2485.8125 mean_abs=9.70914106729 relative_l2=0.0101657010076 normalized_max=0.0109057528991 pass=1
SOURCE_CORRECT graph=email-Enron method=shared_b16_fast_nozero boundary=kernel reference=source_original_tfs max_abs=1.43011474609 mean_abs=0.0186456243597 relative_l2=0.00315400213288 normalized_max=0.00332589262268 pass=1
SOURCE_CORRECT graph=email-Enron method=shared_b16_fast_nozero boundary=e2e reference=source_original_tfs max_abs=1235.734375 mean_abs=5.28915328512 relative_l2=0.00560451038396 normalized_max=0.00548118545857 pass=1
SOURCE_CORRECT graph=email-Enron method=shared_b16_fast_nozero boundary=e2e reference=source_mkl_fp32 max_abs=3706.4375 mean_abs=14.6228565601 relative_l2=0.0155907963823 normalized_max=0.0162608770819 pass=1
SOURCE_CORRECT graph=email-Enron method=shared_b16_accurate_nozero boundary=kernel reference=source_original_tfs max_abs=0.001220703125 mean_abs=4.71214138013e-06 relative_l2=1.62899296674e-06 normalized_max=2.83888235473e-06 pass=1
SOURCE_CORRECT graph=email-Enron method=shared_b16_accurate_nozero boundary=e2e reference=source_original_tfs max_abs=2.15625 mean_abs=0.0106937355922 relative_l2=1.3495949987e-05 normalized_max=9.56419630638e-06 pass=1
SOURCE_CORRECT graph=email-Enron method=shared_b16_accurate_nozero boundary=e2e reference=source_mkl_fp32 max_abs=2486.8125 mean_abs=9.70986733098 relative_l2=0.01016658312 normalized_max=0.0109101400976 pass=1
SOURCE_CORRECT graph=email-Enron method=shared_b32_fast_nozero boundary=kernel reference=source_original_tfs max_abs=1.5403137207 mean_abs=0.0186873085211 relative_l2=0.00316183190364 normalized_max=0.00358217272725 pass=1
SOURCE_CORRECT graph=email-Enron method=shared_b32_fast_nozero boundary=e2e reference=source_original_tfs max_abs=1281.25 mean_abs=5.28054440985 relative_l2=0.00560271600458 normalized_max=0.00568307316756 pass=1
SOURCE_CORRECT graph=email-Enron method=shared_b32_fast_nozero boundary=e2e reference=source_mkl_fp32 max_abs=3696.09375 mean_abs=14.5915739245 relative_l2=0.0155709594623 normalized_max=0.0162154969973 pass=1
SOURCE_CORRECT graph=email-Enron method=shared_b32_accurate_nozero boundary=kernel reference=source_original_tfs max_abs=0.00201416015625 mean_abs=8.04101303698e-06 relative_l2=2.88391387836e-06 normalized_max=4.6841558853e-06 pass=1
SOURCE_CORRECT graph=email-Enron method=shared_b32_accurate_nozero boundary=e2e reference=source_original_tfs max_abs=2.34375 mean_abs=0.0133836466351 relative_l2=1.530076985e-05 normalized_max=1.03958655504e-05 pass=1
SOURCE_CORRECT graph=email-Enron method=shared_b32_accurate_nozero boundary=e2e reference=source_mkl_fp32 max_abs=2487.328125 mean_abs=9.71039602205 relative_l2=0.0101677657501 normalized_max=0.0109124022469 pass=1
SOURCE_CORRECT graph=email-Enron method=shared_b64_fast_nozero boundary=kernel reference=source_original_tfs max_abs=1.51919555664 mean_abs=0.0187442744011 relative_l2=0.00317828493231 normalized_max=0.00353306006252 pass=1
SOURCE_CORRECT graph=email-Enron method=shared_b64_fast_nozero boundary=e2e reference=source_original_tfs max_abs=1278.078125 mean_abs=5.3380944936 relative_l2=0.00573254593248 normalized_max=0.00566900409618 pass=1
SOURCE_CORRECT graph=email-Enron method=shared_b64_fast_nozero boundary=e2e reference=source_mkl_fp32 max_abs=3722.640625 mean_abs=14.6335832626 relative_l2=0.0156780623938 normalized_max=0.0163319634077 pass=1
SOURCE_CORRECT graph=email-Enron method=shared_b64_accurate_nozero boundary=kernel reference=source_original_tfs max_abs=0.00246810913086 mean_abs=1.0620431713e-05 relative_l2=4.13802838383e-06 normalized_max=5.73986526097e-06 pass=1
SOURCE_CORRECT graph=email-Enron method=shared_b64_accurate_nozero boundary=e2e reference=source_original_tfs max_abs=3.21875 mean_abs=0.0177050899689 relative_l2=1.80434187802e-05 normalized_max=1.42769886892e-05 pass=1
SOURCE_CORRECT graph=email-Enron method=shared_b64_accurate_nozero boundary=e2e reference=source_mkl_fp32 max_abs=2488.15625 mean_abs=9.71172844502 relative_l2=0.0101703328311 normalized_max=0.0109160353956 pass=1
SOURCE_CORRECT graph=email-Enron method=shared_bfull_fast_nozero boundary=kernel reference=source_original_tfs max_abs=1.63317871094 mean_abs=0.0187412289992 relative_l2=0.00317622504898 normalized_max=0.00379814070239 pass=1
SOURCE_CORRECT graph=email-Enron method=shared_bfull_fast_nozero boundary=e2e reference=source_original_tfs max_abs=1465.328125 mean_abs=5.36762317403 relative_l2=0.00582180153671 normalized_max=0.00649956444789 pass=1
SOURCE_CORRECT graph=email-Enron method=shared_bfull_fast_nozero boundary=e2e reference=source_mkl_fp32 max_abs=3734.046875 mean_abs=14.6405081241 relative_l2=0.0156797577817 normalized_max=0.0163820048908 pass=1
SOURCE_CORRECT graph=email-Enron method=shared_bfull_accurate_nozero boundary=kernel reference=source_original_tfs max_abs=0.00425720214844 mean_abs=1.22848121881e-05 relative_l2=5.3744966448e-06 normalized_max=9.90060221211e-06 pass=1
SOURCE_CORRECT graph=email-Enron method=shared_bfull_accurate_nozero boundary=e2e reference=source_original_tfs max_abs=4.078125 mean_abs=0.0293688818838 relative_l2=3.14438638538e-05 normalized_max=1.80888060577e-05 pass=1
SOURCE_CORRECT graph=email-Enron method=shared_bfull_accurate_nozero boundary=e2e reference=source_mkl_fp32 max_abs=2488.3125 mean_abs=9.71412875289 relative_l2=0.0101738452456 normalized_max=0.0109167208954 pass=1
SOURCE_TIME graph=email-Enron method=source_mkl_fp32 kind=kernel repeat=0 ms=0.741004943848
SOURCE_TIME graph=email-Enron method=source_mkl_fp32 kind=kernel repeat=1 ms=0.752925872803
SOURCE_TIME graph=email-Enron method=source_mkl_fp32 kind=kernel repeat=2 ms=0.749111175537
SOURCE_TIME graph=email-Enron method=source_mkl_fp32 kind=kernel repeat=3 ms=0.738143920898
SOURCE_TIME graph=email-Enron method=source_mkl_fp32 kind=kernel repeat=4 ms=0.74315071106
SOURCE_TIME graph=email-Enron method=source_original_tfs kind=kernel repeat=0 ms=2.76207923889
SOURCE_TIME graph=email-Enron method=source_original_tfs kind=kernel repeat=1 ms=2.36415863037
SOURCE_TIME graph=email-Enron method=source_original_tfs kind=kernel repeat=2 ms=2.286195755
SOURCE_TIME graph=email-Enron method=source_original_tfs kind=kernel repeat=3 ms=2.17509269714
SOURCE_TIME graph=email-Enron method=source_original_tfs kind=kernel repeat=4 ms=2.1960735321
SOURCE_TIME graph=email-Enron method=original_nozero kind=kernel repeat=0 ms=1.00588798523
SOURCE_TIME graph=email-Enron method=original_nozero kind=kernel repeat=1 ms=1.00088119507
SOURCE_TIME graph=email-Enron method=original_nozero kind=kernel repeat=2 ms=1.01089477539
SOURCE_TIME graph=email-Enron method=original_nozero kind=kernel repeat=3 ms=1.01709365845
SOURCE_TIME graph=email-Enron method=original_nozero kind=kernel repeat=4 ms=1.00994110107
SOURCE_TIME graph=email-Enron method=original_nozero kind=e2e repeat=0 ms=2.33483314514
SOURCE_TIME graph=email-Enron method=original_nozero kind=e2e repeat=1 ms=2.31003761292
SOURCE_TIME graph=email-Enron method=original_nozero kind=e2e repeat=2 ms=2.34198570251
SOURCE_TIME graph=email-Enron method=original_nozero kind=e2e repeat=3 ms=2.31099128723
SOURCE_TIME graph=email-Enron method=original_nozero kind=e2e repeat=4 ms=2.30288505554
SOURCE_STAGE graph=email-Enron method=original_nozero repeat=0 layer1_ms=1.04808807373 relu_ms=0.0839233398438 conversion_ms=0.155925750732 layer2_ms=1.01900100708 total_ms=2.30693817139
SOURCE_STAGE graph=email-Enron method=original_nozero repeat=1 layer1_ms=1.09601020813 relu_ms=0.075101852417 conversion_ms=0.159978866577 layer2_ms=1.02400779724 total_ms=2.35509872437
SOURCE_STAGE graph=email-Enron method=original_nozero repeat=2 layer1_ms=1.05786323547 relu_ms=0.075101852417 conversion_ms=0.160932540894 layer2_ms=1.04308128357 total_ms=2.33697891235
SOURCE_TIME graph=email-Enron method=shared_b2_fast_nozero kind=kernel repeat=0 ms=1.52897834778
SOURCE_TIME graph=email-Enron method=shared_b2_fast_nozero kind=kernel repeat=1 ms=1.44600868225
SOURCE_TIME graph=email-Enron method=shared_b2_fast_nozero kind=kernel repeat=2 ms=1.54399871826
SOURCE_TIME graph=email-Enron method=shared_b2_fast_nozero kind=kernel repeat=3 ms=1.45888328552
SOURCE_TIME graph=email-Enron method=shared_b2_fast_nozero kind=kernel repeat=4 ms=1.44696235657
SOURCE_TIME graph=email-Enron method=shared_b2_fast_nozero kind=e2e repeat=0 ms=3.34310531616
SOURCE_TIME graph=email-Enron method=shared_b2_fast_nozero kind=e2e repeat=1 ms=3.26585769653
SOURCE_TIME graph=email-Enron method=shared_b2_fast_nozero kind=e2e repeat=2 ms=3.25798988342
SOURCE_TIME graph=email-Enron method=shared_b2_fast_nozero kind=e2e repeat=3 ms=3.21507453918
SOURCE_TIME graph=email-Enron method=shared_b2_fast_nozero kind=e2e repeat=4 ms=3.29780578613
SOURCE_STAGE graph=email-Enron method=shared_b2_fast_nozero repeat=0 layer1_ms=1.50489807129 relu_ms=0.0801086425781 conversion_ms=0.130891799927 layer2_ms=1.5230178833 total_ms=3.23891639709
SOURCE_STAGE graph=email-Enron method=shared_b2_fast_nozero repeat=1 layer1_ms=1.48391723633 relu_ms=0.0820159912109 conversion_ms=0.130891799927 layer2_ms=1.50799751282 total_ms=3.20482254028
SOURCE_STAGE graph=email-Enron method=shared_b2_fast_nozero repeat=2 layer1_ms=1.48296356201 relu_ms=0.0801086425781 conversion_ms=0.131845474243 layer2_ms=1.51109695435 total_ms=3.20601463318
SOURCE_PROFILE graph=email-Enron method=shared_b2_fast_nozero phase=output_zero sampled_thread_ms=0 sampled_tiles=10 profile_wall_ms=4.95004653931
SOURCE_PROFILE graph=email-Enron method=shared_b2_fast_nozero phase=row_schedule sampled_thread_ms=0 sampled_tiles=10 profile_wall_ms=4.95004653931
SOURCE_PROFILE graph=email-Enron method=shared_b2_fast_nozero phase=partial_zero sampled_thread_ms=0.121355056763 sampled_tiles=10 profile_wall_ms=4.95004653931
SOURCE_PROFILE graph=email-Enron method=shared_b2_fast_nozero phase=csr_prefetch sampled_thread_ms=0.175714492798 sampled_tiles=10 profile_wall_ms=4.95004653931
SOURCE_PROFILE graph=email-Enron method=shared_b2_fast_nozero phase=feature_gather_decode sampled_thread_ms=0.262022018433 sampled_tiles=10 profile_wall_ms=4.95004653931
SOURCE_PROFILE graph=email-Enron method=shared_b2_fast_nozero phase=fp32_neighbor_reduction sampled_thread_ms=0.26798248291 sampled_tiles=10 profile_wall_ms=4.95004653931
SOURCE_PROFILE graph=email-Enron method=shared_b2_fast_nozero phase=partial_bf16_conversion sampled_thread_ms=0.108480453491 sampled_tiles=10 profile_wall_ms=4.95004653931
SOURCE_PROFILE graph=email-Enron method=shared_b2_fast_nozero phase=tile_load sampled_thread_ms=0.525951385498 sampled_tiles=10 profile_wall_ms=4.95004653931
SOURCE_PROFILE graph=email-Enron method=shared_b2_fast_nozero phase=tile_compute sampled_thread_ms=1.01065635681 sampled_tiles=10 profile_wall_ms=4.95004653931
SOURCE_PROFILE graph=email-Enron method=shared_b2_fast_nozero phase=tile_store sampled_thread_ms=0.0636577606201 sampled_tiles=10 profile_wall_ms=4.95004653931
SOURCE_PROFILE graph=email-Enron method=shared_b2_fast_nozero phase=output_scatter sampled_thread_ms=0.00786781311035 sampled_tiles=10 profile_wall_ms=4.95004653931
SOURCE_PROFILE graph=email-Enron method=shared_b2_fast_nozero phase=thread_amx_setup sampled_thread_ms=0.0221729278564 sampled_tiles=10 profile_wall_ms=4.95004653931
SOURCE_TIME graph=email-Enron method=shared_b2_accurate_nozero kind=kernel repeat=0 ms=2.26998329163
SOURCE_TIME graph=email-Enron method=shared_b2_accurate_nozero kind=kernel repeat=1 ms=2.35915184021
SOURCE_TIME graph=email-Enron method=shared_b2_accurate_nozero kind=kernel repeat=2 ms=2.31099128723
SOURCE_TIME graph=email-Enron method=shared_b2_accurate_nozero kind=kernel repeat=3 ms=2.37607955933
SOURCE_TIME graph=email-Enron method=shared_b2_accurate_nozero kind=kernel repeat=4 ms=2.29406356812
SOURCE_TIME graph=email-Enron method=shared_b2_accurate_nozero kind=e2e repeat=0 ms=4.92405891418
SOURCE_TIME graph=email-Enron method=shared_b2_accurate_nozero kind=e2e repeat=1 ms=4.92906570435
SOURCE_TIME graph=email-Enron method=shared_b2_accurate_nozero kind=e2e repeat=2 ms=4.9409866333
SOURCE_TIME graph=email-Enron method=shared_b2_accurate_nozero kind=e2e repeat=3 ms=5.01990318298
SOURCE_TIME graph=email-Enron method=shared_b2_accurate_nozero kind=e2e repeat=4 ms=5.02514839172
SOURCE_STAGE graph=email-Enron method=shared_b2_accurate_nozero repeat=0 layer1_ms=2.40087509155 relu_ms=0.0920295715332 conversion_ms=0.130891799927 layer2_ms=2.37107276917 total_ms=4.99486923218
SOURCE_STAGE graph=email-Enron method=shared_b2_accurate_nozero repeat=1 layer1_ms=2.36296653748 relu_ms=0.0820159912109 conversion_ms=0.126123428345 layer2_ms=2.38299369812 total_ms=4.95409965515
SOURCE_STAGE graph=email-Enron method=shared_b2_accurate_nozero repeat=2 layer1_ms=2.36916542053 relu_ms=0.0789165496826 conversion_ms=0.123023986816 layer2_ms=2.37798690796 total_ms=4.94909286499
SOURCE_PROFILE graph=email-Enron method=shared_b2_accurate_nozero phase=output_zero sampled_thread_ms=0 sampled_tiles=10 profile_wall_ms=6.37698173523
SOURCE_PROFILE graph=email-Enron method=shared_b2_accurate_nozero phase=row_schedule sampled_thread_ms=0 sampled_tiles=10 profile_wall_ms=6.37698173523
SOURCE_PROFILE graph=email-Enron method=shared_b2_accurate_nozero phase=partial_zero sampled_thread_ms=0.128984451294 sampled_tiles=10 profile_wall_ms=6.37698173523
SOURCE_PROFILE graph=email-Enron method=shared_b2_accurate_nozero phase=csr_prefetch sampled_thread_ms=0.175476074219 sampled_tiles=10 profile_wall_ms=6.37698173523
SOURCE_PROFILE graph=email-Enron method=shared_b2_accurate_nozero phase=feature_gather_decode sampled_thread_ms=0.223636627197 sampled_tiles=10 profile_wall_ms=6.37698173523
SOURCE_PROFILE graph=email-Enron method=shared_b2_accurate_nozero phase=fp32_neighbor_reduction sampled_thread_ms=0.289678573608 sampled_tiles=10 profile_wall_ms=6.37698173523
SOURCE_PROFILE graph=email-Enron method=shared_b2_accurate_nozero phase=partial_bf16_conversion sampled_thread_ms=0.18835067749 sampled_tiles=10 profile_wall_ms=6.37698173523
SOURCE_PROFILE graph=email-Enron method=shared_b2_accurate_nozero phase=tile_load sampled_thread_ms=0.856637954712 sampled_tiles=10 profile_wall_ms=6.37698173523
SOURCE_PROFILE graph=email-Enron method=shared_b2_accurate_nozero phase=tile_compute sampled_thread_ms=1.18184089661 sampled_tiles=10 profile_wall_ms=6.37698173523
SOURCE_PROFILE graph=email-Enron method=shared_b2_accurate_nozero phase=tile_store sampled_thread_ms=0.051736831665 sampled_tiles=10 profile_wall_ms=6.37698173523
SOURCE_PROFILE graph=email-Enron method=shared_b2_accurate_nozero phase=output_scatter sampled_thread_ms=0.00691413879395 sampled_tiles=10 profile_wall_ms=6.37698173523
SOURCE_PROFILE graph=email-Enron method=shared_b2_accurate_nozero phase=thread_amx_setup sampled_thread_ms=0.00953674316406 sampled_tiles=10 profile_wall_ms=6.37698173523
SOURCE_TIME graph=email-Enron method=shared_b4_fast_nozero kind=kernel repeat=0 ms=1.01113319397
SOURCE_TIME graph=email-Enron method=shared_b4_fast_nozero kind=kernel repeat=1 ms=1.01113319397
SOURCE_TIME graph=email-Enron method=shared_b4_fast_nozero kind=kernel repeat=2 ms=0.978946685791
SOURCE_TIME graph=email-Enron method=shared_b4_fast_nozero kind=kernel repeat=3 ms=1.01804733276
SOURCE_TIME graph=email-Enron method=shared_b4_fast_nozero kind=kernel repeat=4 ms=0.993013381958
SOURCE_TIME graph=email-Enron method=shared_b4_fast_nozero kind=e2e repeat=0 ms=2.47001647949
SOURCE_TIME graph=email-Enron method=shared_b4_fast_nozero kind=e2e repeat=1 ms=2.27499008179
SOURCE_TIME graph=email-Enron method=shared_b4_fast_nozero kind=e2e repeat=2 ms=2.32005119324
SOURCE_TIME graph=email-Enron method=shared_b4_fast_nozero kind=e2e repeat=3 ms=2.35795974731
SOURCE_TIME graph=email-Enron method=shared_b4_fast_nozero kind=e2e repeat=4 ms=2.31909751892
SOURCE_STAGE graph=email-Enron method=shared_b4_fast_nozero repeat=0 layer1_ms=1.12891197205 relu_ms=0.0789165496826 conversion_ms=0.143051147461 layer2_ms=1.04713439941 total_ms=2.3980140686
SOURCE_STAGE graph=email-Enron method=shared_b4_fast_nozero repeat=1 layer1_ms=1.03092193604 relu_ms=0.0770092010498 conversion_ms=0.137090682983 layer2_ms=1.09100341797 total_ms=2.33602523804
SOURCE_STAGE graph=email-Enron method=shared_b4_fast_nozero repeat=2 layer1_ms=1.03807449341 relu_ms=0.0829696655273 conversion_ms=0.139951705933 layer2_ms=1.08885765076 total_ms=2.34985351562
SOURCE_PROFILE graph=email-Enron method=shared_b4_fast_nozero phase=output_zero sampled_thread_ms=0 sampled_tiles=10 profile_wall_ms=2.94089317322
SOURCE_PROFILE graph=email-Enron method=shared_b4_fast_nozero phase=row_schedule sampled_thread_ms=0 sampled_tiles=10 profile_wall_ms=2.94089317322
SOURCE_PROFILE graph=email-Enron method=shared_b4_fast_nozero phase=partial_zero sampled_thread_ms=0.0543594360352 sampled_tiles=10 profile_wall_ms=2.94089317322
SOURCE_PROFILE graph=email-Enron method=shared_b4_fast_nozero phase=csr_prefetch sampled_thread_ms=0.187158584595 sampled_tiles=10 profile_wall_ms=2.94089317322
SOURCE_PROFILE graph=email-Enron method=shared_b4_fast_nozero phase=feature_gather_decode sampled_thread_ms=0.234842300415 sampled_tiles=10 profile_wall_ms=2.94089317322
SOURCE_PROFILE graph=email-Enron method=shared_b4_fast_nozero phase=fp32_neighbor_reduction sampled_thread_ms=0.229358673096 sampled_tiles=10 profile_wall_ms=2.94089317322
SOURCE_PROFILE graph=email-Enron method=shared_b4_fast_nozero phase=partial_bf16_conversion sampled_thread_ms=0.063419342041 sampled_tiles=10 profile_wall_ms=2.94089317322
SOURCE_PROFILE graph=email-Enron method=shared_b4_fast_nozero phase=tile_load sampled_thread_ms=0.24151802063 sampled_tiles=10 profile_wall_ms=2.94089317322
SOURCE_PROFILE graph=email-Enron method=shared_b4_fast_nozero phase=tile_compute sampled_thread_ms=0.319719314575 sampled_tiles=10 profile_wall_ms=2.94089317322
SOURCE_PROFILE graph=email-Enron method=shared_b4_fast_nozero phase=tile_store sampled_thread_ms=0.0367164611816 sampled_tiles=10 profile_wall_ms=2.94089317322
SOURCE_PROFILE graph=email-Enron method=shared_b4_fast_nozero phase=output_scatter sampled_thread_ms=0.00882148742676 sampled_tiles=10 profile_wall_ms=2.94089317322
SOURCE_PROFILE graph=email-Enron method=shared_b4_fast_nozero phase=thread_amx_setup sampled_thread_ms=0.014066696167 sampled_tiles=10 profile_wall_ms=2.94089317322
SOURCE_TIME graph=email-Enron method=shared_b4_accurate_nozero kind=kernel repeat=0 ms=1.36590003967
SOURCE_TIME graph=email-Enron method=shared_b4_accurate_nozero kind=kernel repeat=1 ms=1.36113166809
SOURCE_TIME graph=email-Enron method=shared_b4_accurate_nozero kind=kernel repeat=2 ms=1.37400627136
SOURCE_TIME graph=email-Enron method=shared_b4_accurate_nozero kind=kernel repeat=3 ms=1.36590003967
SOURCE_TIME graph=email-Enron method=shared_b4_accurate_nozero kind=kernel repeat=4 ms=1.3530254364
SOURCE_TIME graph=email-Enron method=shared_b4_accurate_nozero kind=e2e repeat=0 ms=3.01718711853
SOURCE_TIME graph=email-Enron method=shared_b4_accurate_nozero kind=e2e repeat=1 ms=3.00002098083
SOURCE_TIME graph=email-Enron method=shared_b4_accurate_nozero kind=e2e repeat=2 ms=3.11422348022
SOURCE_TIME graph=email-Enron method=shared_b4_accurate_nozero kind=e2e repeat=3 ms=3.03912162781
SOURCE_TIME graph=email-Enron method=shared_b4_accurate_nozero kind=e2e repeat=4 ms=3.12900543213
SOURCE_STAGE graph=email-Enron method=shared_b4_accurate_nozero repeat=0 layer1_ms=1.42216682434 relu_ms=0.0817775726318 conversion_ms=0.1380443573 layer2_ms=1.43599510193 total_ms=3.0779838562
SOURCE_STAGE graph=email-Enron method=shared_b4_accurate_nozero repeat=1 layer1_ms=1.43718719482 relu_ms=0.0770092010498 conversion_ms=0.139951705933 layer2_ms=1.41406059265 total_ms=3.06820869446
SOURCE_STAGE graph=email-Enron method=shared_b4_accurate_nozero repeat=2 layer1_ms=1.38688087463 relu_ms=0.0779628753662 conversion_ms=0.138998031616 layer2_ms=1.4431476593 total_ms=3.04698944092
SOURCE_PROFILE graph=email-Enron method=shared_b4_accurate_nozero phase=output_zero sampled_thread_ms=0 sampled_tiles=10 profile_wall_ms=3.8948059082
SOURCE_PROFILE graph=email-Enron method=shared_b4_accurate_nozero phase=row_schedule sampled_thread_ms=0.00119209289551 sampled_tiles=10 profile_wall_ms=3.8948059082
SOURCE_PROFILE graph=email-Enron method=shared_b4_accurate_nozero phase=partial_zero sampled_thread_ms=0.0669956207275 sampled_tiles=10 profile_wall_ms=3.8948059082
SOURCE_PROFILE graph=email-Enron method=shared_b4_accurate_nozero phase=csr_prefetch sampled_thread_ms=0.182390213013 sampled_tiles=10 profile_wall_ms=3.8948059082
SOURCE_PROFILE graph=email-Enron method=shared_b4_accurate_nozero phase=feature_gather_decode sampled_thread_ms=0.226497650146 sampled_tiles=10 profile_wall_ms=3.8948059082
SOURCE_PROFILE graph=email-Enron method=shared_b4_accurate_nozero phase=fp32_neighbor_reduction sampled_thread_ms=0.261306762695 sampled_tiles=10 profile_wall_ms=3.8948059082
SOURCE_PROFILE graph=email-Enron method=shared_b4_accurate_nozero phase=partial_bf16_conversion sampled_thread_ms=0.0941753387451 sampled_tiles=10 profile_wall_ms=3.8948059082
SOURCE_PROFILE graph=email-Enron method=shared_b4_accurate_nozero phase=tile_load sampled_thread_ms=0.447511672974 sampled_tiles=10 profile_wall_ms=3.8948059082
SOURCE_PROFILE graph=email-Enron method=shared_b4_accurate_nozero phase=tile_compute sampled_thread_ms=0.471115112305 sampled_tiles=10 profile_wall_ms=3.8948059082
SOURCE_PROFILE graph=email-Enron method=shared_b4_accurate_nozero phase=tile_store sampled_thread_ms=0.0336170196533 sampled_tiles=10 profile_wall_ms=3.8948059082
SOURCE_PROFILE graph=email-Enron method=shared_b4_accurate_nozero phase=output_scatter sampled_thread_ms=0.00929832458496 sampled_tiles=10 profile_wall_ms=3.8948059082
SOURCE_PROFILE graph=email-Enron method=shared_b4_accurate_nozero phase=thread_amx_setup sampled_thread_ms=0.0123977661133 sampled_tiles=10 profile_wall_ms=3.8948059082
SOURCE_TIME graph=email-Enron method=shared_b8_fast_nozero kind=kernel repeat=0 ms=0.731945037842
SOURCE_TIME graph=email-Enron method=shared_b8_fast_nozero kind=kernel repeat=1 ms=0.678062438965
SOURCE_TIME graph=email-Enron method=shared_b8_fast_nozero kind=kernel repeat=2 ms=0.691175460815
SOURCE_TIME graph=email-Enron method=shared_b8_fast_nozero kind=kernel repeat=3 ms=0.679969787598
SOURCE_TIME graph=email-Enron method=shared_b8_fast_nozero kind=kernel repeat=4 ms=0.724077224731
SOURCE_TIME graph=email-Enron method=shared_b8_fast_nozero kind=e2e repeat=0 ms=1.80506706238
SOURCE_TIME graph=email-Enron method=shared_b8_fast_nozero kind=e2e repeat=1 ms=1.77001953125
SOURCE_TIME graph=email-Enron method=shared_b8_fast_nozero kind=e2e repeat=2 ms=1.76596641541
SOURCE_TIME graph=email-Enron method=shared_b8_fast_nozero kind=e2e repeat=3 ms=1.78909301758
SOURCE_TIME graph=email-Enron method=shared_b8_fast_nozero kind=e2e repeat=4 ms=1.75619125366
SOURCE_STAGE graph=email-Enron method=shared_b8_fast_nozero repeat=0 layer1_ms=0.755071640015 relu_ms=0.093936920166 conversion_ms=0.1380443573 layer2_ms=0.828981399536 total_ms=1.81603431702
SOURCE_STAGE graph=email-Enron method=shared_b8_fast_nozero repeat=1 layer1_ms=0.778913497925 relu_ms=0.0791549682617 conversion_ms=0.138998031616 layer2_ms=0.771999359131 total_ms=1.76906585693
SOURCE_STAGE graph=email-Enron method=shared_b8_fast_nozero repeat=2 layer1_ms=0.725984573364 relu_ms=0.0770092010498 conversion_ms=0.135898590088 layer2_ms=0.757932662964 total_ms=1.69682502747
SOURCE_PROFILE graph=email-Enron method=shared_b8_fast_nozero phase=output_zero sampled_thread_ms=0.000953674316406 sampled_tiles=10 profile_wall_ms=2.20894813538
SOURCE_PROFILE graph=email-Enron method=shared_b8_fast_nozero phase=row_schedule sampled_thread_ms=0.000953674316406 sampled_tiles=10 profile_wall_ms=2.20894813538
SOURCE_PROFILE graph=email-Enron method=shared_b8_fast_nozero phase=partial_zero sampled_thread_ms=0.0302791595459 sampled_tiles=10 profile_wall_ms=2.20894813538
SOURCE_PROFILE graph=email-Enron method=shared_b8_fast_nozero phase=csr_prefetch sampled_thread_ms=0.17237663269 sampled_tiles=10 profile_wall_ms=2.20894813538
SOURCE_PROFILE graph=email-Enron method=shared_b8_fast_nozero phase=feature_gather_decode sampled_thread_ms=0.196695327759 sampled_tiles=10 profile_wall_ms=2.20894813538
SOURCE_PROFILE graph=email-Enron method=shared_b8_fast_nozero phase=fp32_neighbor_reduction sampled_thread_ms=0.220537185669 sampled_tiles=10 profile_wall_ms=2.20894813538
SOURCE_PROFILE graph=email-Enron method=shared_b8_fast_nozero phase=partial_bf16_conversion sampled_thread_ms=0.0174045562744 sampled_tiles=10 profile_wall_ms=2.20894813538
SOURCE_PROFILE graph=email-Enron method=shared_b8_fast_nozero phase=tile_load sampled_thread_ms=0.125408172607 sampled_tiles=10 profile_wall_ms=2.20894813538
SOURCE_PROFILE graph=email-Enron method=shared_b8_fast_nozero phase=tile_compute sampled_thread_ms=0.280857086182 sampled_tiles=10 profile_wall_ms=2.20894813538
SOURCE_PROFILE graph=email-Enron method=shared_b8_fast_nozero phase=tile_store sampled_thread_ms=0.0231266021729 sampled_tiles=10 profile_wall_ms=2.20894813538
SOURCE_PROFILE graph=email-Enron method=shared_b8_fast_nozero phase=output_scatter sampled_thread_ms=0.00810623168945 sampled_tiles=10 profile_wall_ms=2.20894813538
SOURCE_PROFILE graph=email-Enron method=shared_b8_fast_nozero phase=thread_amx_setup sampled_thread_ms=0.00953674316406 sampled_tiles=10 profile_wall_ms=2.20894813538
SOURCE_TIME graph=email-Enron method=shared_b8_accurate_nozero kind=kernel repeat=0 ms=0.878095626831
SOURCE_TIME graph=email-Enron method=shared_b8_accurate_nozero kind=kernel repeat=1 ms=0.88906288147
SOURCE_TIME graph=email-Enron method=shared_b8_accurate_nozero kind=kernel repeat=2 ms=0.879049301147
SOURCE_TIME graph=email-Enron method=shared_b8_accurate_nozero kind=kernel repeat=3 ms=0.874042510986
SOURCE_TIME graph=email-Enron method=shared_b8_accurate_nozero kind=kernel repeat=4 ms=0.920057296753
SOURCE_TIME graph=email-Enron method=shared_b8_accurate_nozero kind=e2e repeat=0 ms=2.12121009827
SOURCE_TIME graph=email-Enron method=shared_b8_accurate_nozero kind=e2e repeat=1 ms=2.11405754089
SOURCE_TIME graph=email-Enron method=shared_b8_accurate_nozero kind=e2e repeat=2 ms=2.10118293762
SOURCE_TIME graph=email-Enron method=shared_b8_accurate_nozero kind=e2e repeat=3 ms=2.12097167969
SOURCE_TIME graph=email-Enron method=shared_b8_accurate_nozero kind=e2e repeat=4 ms=2.14385986328
SOURCE_STAGE graph=email-Enron method=shared_b8_accurate_nozero repeat=0 layer1_ms=0.916957855225 relu_ms=0.0920295715332 conversion_ms=0.138998031616 layer2_ms=0.961065292358 total_ms=2.10905075073
SOURCE_STAGE graph=email-Enron method=shared_b8_accurate_nozero repeat=1 layer1_ms=0.885009765625 relu_ms=0.0889301300049 conversion_ms=0.151872634888 layer2_ms=0.971078872681 total_ms=2.0968914032
SOURCE_STAGE graph=email-Enron method=shared_b8_accurate_nozero repeat=2 layer1_ms=0.916957855225 relu_ms=0.0851154327393 conversion_ms=0.14591217041 layer2_ms=1.00207328796 total_ms=2.15005874634
SOURCE_PROFILE graph=email-Enron method=shared_b8_accurate_nozero phase=output_zero sampled_thread_ms=0 sampled_tiles=10 profile_wall_ms=2.56299972534
SOURCE_PROFILE graph=email-Enron method=shared_b8_accurate_nozero phase=row_schedule sampled_thread_ms=0.00190734863281 sampled_tiles=10 profile_wall_ms=2.56299972534
SOURCE_PROFILE graph=email-Enron method=shared_b8_accurate_nozero phase=partial_zero sampled_thread_ms=0.0300407409668 sampled_tiles=10 profile_wall_ms=2.56299972534
SOURCE_PROFILE graph=email-Enron method=shared_b8_accurate_nozero phase=csr_prefetch sampled_thread_ms=0.17523765564 sampled_tiles=10 profile_wall_ms=2.56299972534
SOURCE_PROFILE graph=email-Enron method=shared_b8_accurate_nozero phase=feature_gather_decode sampled_thread_ms=0.205993652344 sampled_tiles=10 profile_wall_ms=2.56299972534
SOURCE_PROFILE graph=email-Enron method=shared_b8_accurate_nozero phase=fp32_neighbor_reduction sampled_thread_ms=0.17261505127 sampled_tiles=10 profile_wall_ms=2.56299972534
SOURCE_PROFILE graph=email-Enron method=shared_b8_accurate_nozero phase=partial_bf16_conversion sampled_thread_ms=0.0460147857666 sampled_tiles=10 profile_wall_ms=2.56299972534
SOURCE_PROFILE graph=email-Enron method=shared_b8_accurate_nozero phase=tile_load sampled_thread_ms=0.211238861084 sampled_tiles=10 profile_wall_ms=2.56299972534
SOURCE_PROFILE graph=email-Enron method=shared_b8_accurate_nozero phase=tile_compute sampled_thread_ms=0.233173370361 sampled_tiles=10 profile_wall_ms=2.56299972534
SOURCE_PROFILE graph=email-Enron method=shared_b8_accurate_nozero phase=tile_store sampled_thread_ms=0.0121593475342 sampled_tiles=10 profile_wall_ms=2.56299972534
SOURCE_PROFILE graph=email-Enron method=shared_b8_accurate_nozero phase=output_scatter sampled_thread_ms=0.00834465026855 sampled_tiles=10 profile_wall_ms=2.56299972534
SOURCE_PROFILE graph=email-Enron method=shared_b8_accurate_nozero phase=thread_amx_setup sampled_thread_ms=0.0133514404297 sampled_tiles=10 profile_wall_ms=2.56299972534
SOURCE_TIME graph=email-Enron method=shared_b16_fast_nozero kind=kernel repeat=0 ms=0.752925872803
SOURCE_TIME graph=email-Enron method=shared_b16_fast_nozero kind=kernel repeat=1 ms=0.558137893677
SOURCE_TIME graph=email-Enron method=shared_b16_fast_nozero kind=kernel repeat=2 ms=0.545978546143
SOURCE_TIME graph=email-Enron method=shared_b16_fast_nozero kind=kernel repeat=3 ms=0.531911849976
SOURCE_TIME graph=email-Enron method=shared_b16_fast_nozero kind=kernel repeat=4 ms=0.571966171265
SOURCE_TIME graph=email-Enron method=shared_b16_fast_nozero kind=e2e repeat=0 ms=1.47986412048
SOURCE_TIME graph=email-Enron method=shared_b16_fast_nozero kind=e2e repeat=1 ms=1.44195556641
SOURCE_TIME graph=email-Enron method=shared_b16_fast_nozero kind=e2e repeat=2 ms=1.47104263306
SOURCE_TIME graph=email-Enron method=shared_b16_fast_nozero kind=e2e repeat=3 ms=1.49703025818
SOURCE_TIME graph=email-Enron method=shared_b16_fast_nozero kind=e2e repeat=4 ms=1.50609016418
SOURCE_STAGE graph=email-Enron method=shared_b16_fast_nozero repeat=0 layer1_ms=0.601053237915 relu_ms=0.0960826873779 conversion_ms=0.154972076416 layer2_ms=0.603914260864 total_ms=1.45602226257
SOURCE_STAGE graph=email-Enron method=shared_b16_fast_nozero repeat=1 layer1_ms=0.606060028076 relu_ms=0.0820159912109 conversion_ms=0.138998031616 layer2_ms=0.633955001831 total_ms=1.46102905273
SOURCE_STAGE graph=email-Enron method=shared_b16_fast_nozero repeat=2 layer1_ms=0.602960586548 relu_ms=0.0901222229004 conversion_ms=0.143051147461 layer2_ms=0.595808029175 total_ms=1.43194198608
SOURCE_PROFILE graph=email-Enron method=shared_b16_fast_nozero phase=output_zero sampled_thread_ms=0 sampled_tiles=10 profile_wall_ms=1.89900398254
SOURCE_PROFILE graph=email-Enron method=shared_b16_fast_nozero phase=row_schedule sampled_thread_ms=0.000953674316406 sampled_tiles=10 profile_wall_ms=1.89900398254
SOURCE_PROFILE graph=email-Enron method=shared_b16_fast_nozero phase=partial_zero sampled_thread_ms=0.0150203704834 sampled_tiles=10 profile_wall_ms=1.89900398254
SOURCE_PROFILE graph=email-Enron method=shared_b16_fast_nozero phase=csr_prefetch sampled_thread_ms=0.164985656738 sampled_tiles=10 profile_wall_ms=1.89900398254
SOURCE_PROFILE graph=email-Enron method=shared_b16_fast_nozero phase=feature_gather_decode sampled_thread_ms=0.267028808594 sampled_tiles=10 profile_wall_ms=1.89900398254
SOURCE_PROFILE graph=email-Enron method=shared_b16_fast_nozero phase=fp32_neighbor_reduction sampled_thread_ms=0.162839889526 sampled_tiles=10 profile_wall_ms=1.89900398254
SOURCE_PROFILE graph=email-Enron method=shared_b16_fast_nozero phase=partial_bf16_conversion sampled_thread_ms=0.0135898590088 sampled_tiles=10 profile_wall_ms=1.89900398254
SOURCE_PROFILE graph=email-Enron method=shared_b16_fast_nozero phase=tile_load sampled_thread_ms=0.0762939453125 sampled_tiles=10 profile_wall_ms=1.89900398254
SOURCE_PROFILE graph=email-Enron method=shared_b16_fast_nozero phase=tile_compute sampled_thread_ms=0.15664100647 sampled_tiles=10 profile_wall_ms=1.89900398254
SOURCE_PROFILE graph=email-Enron method=shared_b16_fast_nozero phase=tile_store sampled_thread_ms=0.0159740447998 sampled_tiles=10 profile_wall_ms=1.89900398254
SOURCE_PROFILE graph=email-Enron method=shared_b16_fast_nozero phase=output_scatter sampled_thread_ms=0.00596046447754 sampled_tiles=10 profile_wall_ms=1.89900398254
SOURCE_PROFILE graph=email-Enron method=shared_b16_fast_nozero phase=thread_amx_setup sampled_thread_ms=0.00572204589844 sampled_tiles=10 profile_wall_ms=1.89900398254
SOURCE_TIME graph=email-Enron method=shared_b16_accurate_nozero kind=kernel repeat=0 ms=0.722169876099
SOURCE_TIME graph=email-Enron method=shared_b16_accurate_nozero kind=kernel repeat=1 ms=0.682830810547
SOURCE_TIME graph=email-Enron method=shared_b16_accurate_nozero kind=kernel repeat=2 ms=0.648975372314
SOURCE_TIME graph=email-Enron method=shared_b16_accurate_nozero kind=kernel repeat=3 ms=0.633001327515
SOURCE_TIME graph=email-Enron method=shared_b16_accurate_nozero kind=kernel repeat=4 ms=0.638008117676
SOURCE_TIME graph=email-Enron method=shared_b16_accurate_nozero kind=e2e repeat=0 ms=1.72209739685
SOURCE_TIME graph=email-Enron method=shared_b16_accurate_nozero kind=e2e repeat=1 ms=1.61981582642
SOURCE_TIME graph=email-Enron method=shared_b16_accurate_nozero kind=e2e repeat=2 ms=1.79600715637
SOURCE_TIME graph=email-Enron method=shared_b16_accurate_nozero kind=e2e repeat=3 ms=1.63507461548
SOURCE_TIME graph=email-Enron method=shared_b16_accurate_nozero kind=e2e repeat=4 ms=1.74403190613
SOURCE_STAGE graph=email-Enron method=shared_b16_accurate_nozero repeat=0 layer1_ms=0.701904296875 relu_ms=0.0929832458496 conversion_ms=0.144958496094 layer2_ms=0.704050064087 total_ms=1.64389610291
SOURCE_STAGE graph=email-Enron method=shared_b16_accurate_nozero repeat=1 layer1_ms=0.695943832397 relu_ms=0.0791549682617 conversion_ms=0.13279914856 layer2_ms=0.673055648804 total_ms=1.58095359802
SOURCE_STAGE graph=email-Enron method=shared_b16_accurate_nozero repeat=2 layer1_ms=0.687122344971 relu_ms=0.079870223999 conversion_ms=0.134944915771 layer2_ms=0.708103179932 total_ms=1.61004066467
SOURCE_PROFILE graph=email-Enron method=shared_b16_accurate_nozero phase=output_zero sampled_thread_ms=0 sampled_tiles=10 profile_wall_ms=2.04706192017
SOURCE_PROFILE graph=email-Enron method=shared_b16_accurate_nozero phase=row_schedule sampled_thread_ms=0 sampled_tiles=10 profile_wall_ms=2.04706192017
SOURCE_PROFILE graph=email-Enron method=shared_b16_accurate_nozero phase=partial_zero sampled_thread_ms=0.0178813934326 sampled_tiles=10 profile_wall_ms=2.04706192017
SOURCE_PROFILE graph=email-Enron method=shared_b16_accurate_nozero phase=csr_prefetch sampled_thread_ms=0.18572807312 sampled_tiles=10 profile_wall_ms=2.04706192017
SOURCE_PROFILE graph=email-Enron method=shared_b16_accurate_nozero phase=feature_gather_decode sampled_thread_ms=0.20170211792 sampled_tiles=10 profile_wall_ms=2.04706192017
SOURCE_PROFILE graph=email-Enron method=shared_b16_accurate_nozero phase=fp32_neighbor_reduction sampled_thread_ms=0.215768814087 sampled_tiles=10 profile_wall_ms=2.04706192017
SOURCE_PROFILE graph=email-Enron method=shared_b16_accurate_nozero phase=partial_bf16_conversion sampled_thread_ms=0.0231266021729 sampled_tiles=10 profile_wall_ms=2.04706192017
SOURCE_PROFILE graph=email-Enron method=shared_b16_accurate_nozero phase=tile_load sampled_thread_ms=0.121593475342 sampled_tiles=10 profile_wall_ms=2.04706192017
SOURCE_PROFILE graph=email-Enron method=shared_b16_accurate_nozero phase=tile_compute sampled_thread_ms=0.147581100464 sampled_tiles=10 profile_wall_ms=2.04706192017
SOURCE_PROFILE graph=email-Enron method=shared_b16_accurate_nozero phase=tile_store sampled_thread_ms=0.00834465026855 sampled_tiles=10 profile_wall_ms=2.04706192017
SOURCE_PROFILE graph=email-Enron method=shared_b16_accurate_nozero phase=output_scatter sampled_thread_ms=0.00619888305664 sampled_tiles=10 profile_wall_ms=2.04706192017
SOURCE_PROFILE graph=email-Enron method=shared_b16_accurate_nozero phase=thread_amx_setup sampled_thread_ms=0.00929832458496 sampled_tiles=10 profile_wall_ms=2.04706192017
SOURCE_TIME graph=email-Enron method=shared_b32_fast_nozero kind=kernel repeat=0 ms=0.649929046631
SOURCE_TIME graph=email-Enron method=shared_b32_fast_nozero kind=kernel repeat=1 ms=0.506162643433
SOURCE_TIME graph=email-Enron method=shared_b32_fast_nozero kind=kernel repeat=2 ms=0.464916229248
SOURCE_TIME graph=email-Enron method=shared_b32_fast_nozero kind=kernel repeat=3 ms=0.479936599731
SOURCE_TIME graph=email-Enron method=shared_b32_fast_nozero kind=kernel repeat=4 ms=0.48303604126
SOURCE_TIME graph=email-Enron method=shared_b32_fast_nozero kind=e2e repeat=0 ms=1.31011009216
SOURCE_TIME graph=email-Enron method=shared_b32_fast_nozero kind=e2e repeat=1 ms=1.3439655304
SOURCE_TIME graph=email-Enron method=shared_b32_fast_nozero kind=e2e repeat=2 ms=1.29890441895
SOURCE_TIME graph=email-Enron method=shared_b32_fast_nozero kind=e2e repeat=3 ms=1.39188766479
SOURCE_TIME graph=email-Enron method=shared_b32_fast_nozero kind=e2e repeat=4 ms=1.41000747681
SOURCE_STAGE graph=email-Enron method=shared_b32_fast_nozero repeat=0 layer1_ms=0.540971755981 relu_ms=0.0848770141602 conversion_ms=0.136137008667 layer2_ms=0.563859939575 total_ms=1.32584571838
SOURCE_STAGE graph=email-Enron method=shared_b32_fast_nozero repeat=1 layer1_ms=0.545978546143 relu_ms=0.0860691070557 conversion_ms=0.144958496094 layer2_ms=0.585079193115 total_ms=1.36208534241
SOURCE_STAGE graph=email-Enron method=shared_b32_fast_nozero repeat=2 layer1_ms=0.555992126465 relu_ms=0.0860691070557 conversion_ms=0.134944915771 layer2_ms=0.566959381104 total_ms=1.3439655304
SOURCE_PROFILE graph=email-Enron method=shared_b32_fast_nozero phase=output_zero sampled_thread_ms=0 sampled_tiles=10 profile_wall_ms=1.60598754883
SOURCE_PROFILE graph=email-Enron method=shared_b32_fast_nozero phase=row_schedule sampled_thread_ms=0.000953674316406 sampled_tiles=10 profile_wall_ms=1.60598754883
SOURCE_PROFILE graph=email-Enron method=shared_b32_fast_nozero phase=partial_zero sampled_thread_ms=0.00691413879395 sampled_tiles=10 profile_wall_ms=1.60598754883
SOURCE_PROFILE graph=email-Enron method=shared_b32_fast_nozero phase=csr_prefetch sampled_thread_ms=0.179290771484 sampled_tiles=10 profile_wall_ms=1.60598754883
SOURCE_PROFILE graph=email-Enron method=shared_b32_fast_nozero phase=feature_gather_decode sampled_thread_ms=0.221014022827 sampled_tiles=10 profile_wall_ms=1.60598754883
SOURCE_PROFILE graph=email-Enron method=shared_b32_fast_nozero phase=fp32_neighbor_reduction sampled_thread_ms=0.18572807312 sampled_tiles=10 profile_wall_ms=1.60598754883
SOURCE_PROFILE graph=email-Enron method=shared_b32_fast_nozero phase=partial_bf16_conversion sampled_thread_ms=0.00667572021484 sampled_tiles=10 profile_wall_ms=1.60598754883
SOURCE_PROFILE graph=email-Enron method=shared_b32_fast_nozero phase=tile_load sampled_thread_ms=0.0426769256592 sampled_tiles=10 profile_wall_ms=1.60598754883
SOURCE_PROFILE graph=email-Enron method=shared_b32_fast_nozero phase=tile_compute sampled_thread_ms=0.0510215759277 sampled_tiles=10 profile_wall_ms=1.60598754883
SOURCE_PROFILE graph=email-Enron method=shared_b32_fast_nozero phase=tile_store sampled_thread_ms=0.0104904174805 sampled_tiles=10 profile_wall_ms=1.60598754883
SOURCE_PROFILE graph=email-Enron method=shared_b32_fast_nozero phase=output_scatter sampled_thread_ms=0.00691413879395 sampled_tiles=10 profile_wall_ms=1.60598754883
SOURCE_PROFILE graph=email-Enron method=shared_b32_fast_nozero phase=thread_amx_setup sampled_thread_ms=0.0171661376953 sampled_tiles=10 profile_wall_ms=1.60598754883
SOURCE_TIME graph=email-Enron method=shared_b32_accurate_nozero kind=kernel repeat=0 ms=0.637054443359
SOURCE_TIME graph=email-Enron method=shared_b32_accurate_nozero kind=kernel repeat=1 ms=0.576972961426
SOURCE_TIME graph=email-Enron method=shared_b32_accurate_nozero kind=kernel repeat=2 ms=0.543832778931
SOURCE_TIME graph=email-Enron method=shared_b32_accurate_nozero kind=kernel repeat=3 ms=0.545978546143
SOURCE_TIME graph=email-Enron method=shared_b32_accurate_nozero kind=kernel repeat=4 ms=0.540018081665
SOURCE_TIME graph=email-Enron method=shared_b32_accurate_nozero kind=e2e repeat=0 ms=1.44290924072
SOURCE_TIME graph=email-Enron method=shared_b32_accurate_nozero kind=e2e repeat=1 ms=1.43694877625
SOURCE_TIME graph=email-Enron method=shared_b32_accurate_nozero kind=e2e repeat=2 ms=1.59788131714
SOURCE_TIME graph=email-Enron method=shared_b32_accurate_nozero kind=e2e repeat=3 ms=1.46508216858
SOURCE_TIME graph=email-Enron method=shared_b32_accurate_nozero kind=e2e repeat=4 ms=1.45387649536
SOURCE_STAGE graph=email-Enron method=shared_b32_accurate_nozero repeat=0 layer1_ms=0.579118728638 relu_ms=0.102043151855 conversion_ms=0.146865844727 layer2_ms=0.611066818237 total_ms=1.43909454346
SOURCE_STAGE graph=email-Enron method=shared_b32_accurate_nozero repeat=1 layer1_ms=0.593900680542 relu_ms=0.0910758972168 conversion_ms=0.135898590088 layer2_ms=0.598192214966 total_ms=1.41906738281
SOURCE_STAGE graph=email-Enron method=shared_b32_accurate_nozero repeat=2 layer1_ms=0.594854354858 relu_ms=0.0860691070557 conversion_ms=0.135898590088 layer2_ms=0.65016746521 total_ms=1.46698951721
SOURCE_PROFILE graph=email-Enron method=shared_b32_accurate_nozero phase=output_zero sampled_thread_ms=0 sampled_tiles=10 profile_wall_ms=1.87087059021
SOURCE_PROFILE graph=email-Enron method=shared_b32_accurate_nozero phase=row_schedule sampled_thread_ms=0.000953674316406 sampled_tiles=10 profile_wall_ms=1.87087059021
SOURCE_PROFILE graph=email-Enron method=shared_b32_accurate_nozero phase=partial_zero sampled_thread_ms=0.0133514404297 sampled_tiles=10 profile_wall_ms=1.87087059021
SOURCE_PROFILE graph=email-Enron method=shared_b32_accurate_nozero phase=csr_prefetch sampled_thread_ms=0.176429748535 sampled_tiles=10 profile_wall_ms=1.87087059021
SOURCE_PROFILE graph=email-Enron method=shared_b32_accurate_nozero phase=feature_gather_decode sampled_thread_ms=0.224828720093 sampled_tiles=10 profile_wall_ms=1.87087059021
SOURCE_PROFILE graph=email-Enron method=shared_b32_accurate_nozero phase=fp32_neighbor_reduction sampled_thread_ms=0.170707702637 sampled_tiles=10 profile_wall_ms=1.87087059021
SOURCE_PROFILE graph=email-Enron method=shared_b32_accurate_nozero phase=partial_bf16_conversion sampled_thread_ms=0.0166893005371 sampled_tiles=10 profile_wall_ms=1.87087059021
SOURCE_PROFILE graph=email-Enron method=shared_b32_accurate_nozero phase=tile_load sampled_thread_ms=0.0672340393066 sampled_tiles=10 profile_wall_ms=1.87087059021
SOURCE_PROFILE graph=email-Enron method=shared_b32_accurate_nozero phase=tile_compute sampled_thread_ms=0.137090682983 sampled_tiles=10 profile_wall_ms=1.87087059021
SOURCE_PROFILE graph=email-Enron method=shared_b32_accurate_nozero phase=tile_store sampled_thread_ms=0.00190734863281 sampled_tiles=10 profile_wall_ms=1.87087059021
SOURCE_PROFILE graph=email-Enron method=shared_b32_accurate_nozero phase=output_scatter sampled_thread_ms=0.00882148742676 sampled_tiles=10 profile_wall_ms=1.87087059021
SOURCE_PROFILE graph=email-Enron method=shared_b32_accurate_nozero phase=thread_amx_setup sampled_thread_ms=0.0145435333252 sampled_tiles=10 profile_wall_ms=1.87087059021
SOURCE_TIME graph=email-Enron method=shared_b64_fast_nozero kind=kernel repeat=0 ms=0.540971755981
SOURCE_TIME graph=email-Enron method=shared_b64_fast_nozero kind=kernel repeat=1 ms=0.471830368042
SOURCE_TIME graph=email-Enron method=shared_b64_fast_nozero kind=kernel repeat=2 ms=0.489950180054
SOURCE_TIME graph=email-Enron method=shared_b64_fast_nozero kind=kernel repeat=3 ms=0.483989715576
SOURCE_TIME graph=email-Enron method=shared_b64_fast_nozero kind=kernel repeat=4 ms=0.454902648926
SOURCE_TIME graph=email-Enron method=shared_b64_fast_nozero kind=e2e repeat=0 ms=1.24192237854
SOURCE_TIME graph=email-Enron method=shared_b64_fast_nozero kind=e2e repeat=1 ms=1.26695632935
SOURCE_TIME graph=email-Enron method=shared_b64_fast_nozero kind=e2e repeat=2 ms=1.28984451294
SOURCE_TIME graph=email-Enron method=shared_b64_fast_nozero kind=e2e repeat=3 ms=1.34491920471
SOURCE_TIME graph=email-Enron method=shared_b64_fast_nozero kind=e2e repeat=4 ms=1.30319595337
SOURCE_STAGE graph=email-Enron method=shared_b64_fast_nozero repeat=0 layer1_ms=0.534057617188 relu_ms=0.0979900360107 conversion_ms=0.139951705933 layer2_ms=0.558137893677 total_ms=1.33013725281
SOURCE_STAGE graph=email-Enron method=shared_b64_fast_nozero repeat=1 layer1_ms=0.530004501343 relu_ms=0.0908374786377 conversion_ms=0.138998031616 layer2_ms=0.556230545044 total_ms=1.31607055664
SOURCE_STAGE graph=email-Enron method=shared_b64_fast_nozero repeat=2 layer1_ms=0.514030456543 relu_ms=0.0901222229004 conversion_ms=0.144004821777 layer2_ms=0.542879104614 total_ms=1.29103660583
SOURCE_PROFILE graph=email-Enron method=shared_b64_fast_nozero phase=output_zero sampled_thread_ms=0.000953674316406 sampled_tiles=10 profile_wall_ms=1.59215927124
SOURCE_PROFILE graph=email-Enron method=shared_b64_fast_nozero phase=row_schedule sampled_thread_ms=0.00214576721191 sampled_tiles=10 profile_wall_ms=1.59215927124
SOURCE_PROFILE graph=email-Enron method=shared_b64_fast_nozero phase=partial_zero sampled_thread_ms=0.00405311584473 sampled_tiles=10 profile_wall_ms=1.59215927124
SOURCE_PROFILE graph=email-Enron method=shared_b64_fast_nozero phase=csr_prefetch sampled_thread_ms=0.200033187866 sampled_tiles=10 profile_wall_ms=1.59215927124
SOURCE_PROFILE graph=email-Enron method=shared_b64_fast_nozero phase=feature_gather_decode sampled_thread_ms=0.205278396606 sampled_tiles=10 profile_wall_ms=1.59215927124
SOURCE_PROFILE graph=email-Enron method=shared_b64_fast_nozero phase=fp32_neighbor_reduction sampled_thread_ms=0.192165374756 sampled_tiles=10 profile_wall_ms=1.59215927124
SOURCE_PROFILE graph=email-Enron method=shared_b64_fast_nozero phase=partial_bf16_conversion sampled_thread_ms=0.00452995300293 sampled_tiles=10 profile_wall_ms=1.59215927124
SOURCE_PROFILE graph=email-Enron method=shared_b64_fast_nozero phase=tile_load sampled_thread_ms=0.0224113464355 sampled_tiles=10 profile_wall_ms=1.59215927124
SOURCE_PROFILE graph=email-Enron method=shared_b64_fast_nozero phase=tile_compute sampled_thread_ms=0.06103515625 sampled_tiles=10 profile_wall_ms=1.59215927124
SOURCE_PROFILE graph=email-Enron method=shared_b64_fast_nozero phase=tile_store sampled_thread_ms=0.00309944152832 sampled_tiles=10 profile_wall_ms=1.59215927124
SOURCE_PROFILE graph=email-Enron method=shared_b64_fast_nozero phase=output_scatter sampled_thread_ms=0.0123977661133 sampled_tiles=10 profile_wall_ms=1.59215927124
SOURCE_PROFILE graph=email-Enron method=shared_b64_fast_nozero phase=thread_amx_setup sampled_thread_ms=0.0190734863281 sampled_tiles=10 profile_wall_ms=1.59215927124
SOURCE_TIME graph=email-Enron method=shared_b64_accurate_nozero kind=kernel repeat=0 ms=0.509023666382
SOURCE_TIME graph=email-Enron method=shared_b64_accurate_nozero kind=kernel repeat=1 ms=0.543117523193
SOURCE_TIME graph=email-Enron method=shared_b64_accurate_nozero kind=kernel repeat=2 ms=0.51212310791
SOURCE_TIME graph=email-Enron method=shared_b64_accurate_nozero kind=kernel repeat=3 ms=0.501871109009
SOURCE_TIME graph=email-Enron method=shared_b64_accurate_nozero kind=kernel repeat=4 ms=0.514984130859
SOURCE_TIME graph=email-Enron method=shared_b64_accurate_nozero kind=e2e repeat=0 ms=1.34801864624
SOURCE_TIME graph=email-Enron method=shared_b64_accurate_nozero kind=e2e repeat=1 ms=1.34801864624
SOURCE_TIME graph=email-Enron method=shared_b64_accurate_nozero kind=e2e repeat=2 ms=1.37305259705
SOURCE_TIME graph=email-Enron method=shared_b64_accurate_nozero kind=e2e repeat=3 ms=1.37186050415
SOURCE_TIME graph=email-Enron method=shared_b64_accurate_nozero kind=e2e repeat=4 ms=1.38807296753
SOURCE_STAGE graph=email-Enron method=shared_b64_accurate_nozero repeat=0 layer1_ms=0.567197799683 relu_ms=0.110864639282 conversion_ms=0.14591217041 layer2_ms=0.633001327515 total_ms=1.45697593689
SOURCE_STAGE graph=email-Enron method=shared_b64_accurate_nozero repeat=1 layer1_ms=0.564098358154 relu_ms=0.0910758972168 conversion_ms=0.144958496094 layer2_ms=0.550031661987 total_ms=1.35016441345
SOURCE_STAGE graph=email-Enron method=shared_b64_accurate_nozero repeat=2 layer1_ms=0.565052032471 relu_ms=0.0879764556885 conversion_ms=0.134944915771 layer2_ms=0.602960586548 total_ms=1.39093399048
SOURCE_PROFILE graph=email-Enron method=shared_b64_accurate_nozero phase=output_zero sampled_thread_ms=0 sampled_tiles=10 profile_wall_ms=1.61504745483
SOURCE_PROFILE graph=email-Enron method=shared_b64_accurate_nozero phase=row_schedule sampled_thread_ms=0 sampled_tiles=10 profile_wall_ms=1.61504745483
SOURCE_PROFILE graph=email-Enron method=shared_b64_accurate_nozero phase=partial_zero sampled_thread_ms=0.00691413879395 sampled_tiles=10 profile_wall_ms=1.61504745483
SOURCE_PROFILE graph=email-Enron method=shared_b64_accurate_nozero phase=csr_prefetch sampled_thread_ms=0.192165374756 sampled_tiles=10 profile_wall_ms=1.61504745483
SOURCE_PROFILE graph=email-Enron method=shared_b64_accurate_nozero phase=feature_gather_decode sampled_thread_ms=0.225782394409 sampled_tiles=10 profile_wall_ms=1.61504745483
SOURCE_PROFILE graph=email-Enron method=shared_b64_accurate_nozero phase=fp32_neighbor_reduction sampled_thread_ms=0.173568725586 sampled_tiles=10 profile_wall_ms=1.61504745483
SOURCE_PROFILE graph=email-Enron method=shared_b64_accurate_nozero phase=partial_bf16_conversion sampled_thread_ms=0.00500679016113 sampled_tiles=10 profile_wall_ms=1.61504745483
SOURCE_PROFILE graph=email-Enron method=shared_b64_accurate_nozero phase=tile_load sampled_thread_ms=0.0474452972412 sampled_tiles=10 profile_wall_ms=1.61504745483
SOURCE_PROFILE graph=email-Enron method=shared_b64_accurate_nozero phase=tile_compute sampled_thread_ms=0.0600814819336 sampled_tiles=10 profile_wall_ms=1.61504745483
SOURCE_PROFILE graph=email-Enron method=shared_b64_accurate_nozero phase=tile_store sampled_thread_ms=0.000953674316406 sampled_tiles=10 profile_wall_ms=1.61504745483
SOURCE_PROFILE graph=email-Enron method=shared_b64_accurate_nozero phase=output_scatter sampled_thread_ms=0.00834465026855 sampled_tiles=10 profile_wall_ms=1.61504745483
SOURCE_PROFILE graph=email-Enron method=shared_b64_accurate_nozero phase=thread_amx_setup sampled_thread_ms=0.0143051147461 sampled_tiles=10 profile_wall_ms=1.61504745483
SOURCE_TIME graph=email-Enron method=shared_bfull_fast_nozero kind=kernel repeat=0 ms=0.475883483887
SOURCE_TIME graph=email-Enron method=shared_bfull_fast_nozero kind=kernel repeat=1 ms=0.458955764771
SOURCE_TIME graph=email-Enron method=shared_bfull_fast_nozero kind=kernel repeat=2 ms=0.418186187744
SOURCE_TIME graph=email-Enron method=shared_bfull_fast_nozero kind=kernel repeat=3 ms=0.424861907959
SOURCE_TIME graph=email-Enron method=shared_bfull_fast_nozero kind=kernel repeat=4 ms=0.452995300293
SOURCE_TIME graph=email-Enron method=shared_bfull_fast_nozero kind=e2e repeat=0 ms=1.23691558838
SOURCE_TIME graph=email-Enron method=shared_bfull_fast_nozero kind=e2e repeat=1 ms=1.2001991272
SOURCE_TIME graph=email-Enron method=shared_bfull_fast_nozero kind=e2e repeat=2 ms=1.2309551239
SOURCE_TIME graph=email-Enron method=shared_bfull_fast_nozero kind=e2e repeat=3 ms=1.26910209656
SOURCE_TIME graph=email-Enron method=shared_bfull_fast_nozero kind=e2e repeat=4 ms=1.23810768127
SOURCE_STAGE graph=email-Enron method=shared_bfull_fast_nozero repeat=0 layer1_ms=0.504970550537 relu_ms=0.102043151855 conversion_ms=0.146150588989 layer2_ms=0.516891479492 total_ms=1.27005577087
SOURCE_STAGE graph=email-Enron method=shared_bfull_fast_nozero repeat=1 layer1_ms=0.494956970215 relu_ms=0.0941753387451 conversion_ms=0.134944915771 layer2_ms=0.519990921021 total_ms=1.24406814575
SOURCE_STAGE graph=email-Enron method=shared_bfull_fast_nozero repeat=2 layer1_ms=0.480890274048 relu_ms=0.0901222229004 conversion_ms=0.135898590088 layer2_ms=0.499963760376 total_ms=1.20687484741
SOURCE_PROFILE graph=email-Enron method=shared_bfull_fast_nozero phase=output_zero sampled_thread_ms=0 sampled_tiles=10 profile_wall_ms=1.32513046265
SOURCE_PROFILE graph=email-Enron method=shared_bfull_fast_nozero phase=row_schedule sampled_thread_ms=0 sampled_tiles=10 profile_wall_ms=1.32513046265
SOURCE_PROFILE graph=email-Enron method=shared_bfull_fast_nozero phase=partial_zero sampled_thread_ms=0.00214576721191 sampled_tiles=10 profile_wall_ms=1.32513046265
SOURCE_PROFILE graph=email-Enron method=shared_bfull_fast_nozero phase=csr_prefetch sampled_thread_ms=0.174522399902 sampled_tiles=10 profile_wall_ms=1.32513046265
SOURCE_PROFILE graph=email-Enron method=shared_bfull_fast_nozero phase=feature_gather_decode sampled_thread_ms=0.195980072021 sampled_tiles=10 profile_wall_ms=1.32513046265
SOURCE_PROFILE graph=email-Enron method=shared_bfull_fast_nozero phase=fp32_neighbor_reduction sampled_thread_ms=0.189542770386 sampled_tiles=10 profile_wall_ms=1.32513046265
SOURCE_PROFILE graph=email-Enron method=shared_bfull_fast_nozero phase=partial_bf16_conversion sampled_thread_ms=0.00190734863281 sampled_tiles=10 profile_wall_ms=1.32513046265
SOURCE_PROFILE graph=email-Enron method=shared_bfull_fast_nozero phase=tile_load sampled_thread_ms=0.00810623168945 sampled_tiles=10 profile_wall_ms=1.32513046265
SOURCE_PROFILE graph=email-Enron method=shared_bfull_fast_nozero phase=tile_compute sampled_thread_ms=0.0112056732178 sampled_tiles=10 profile_wall_ms=1.32513046265
SOURCE_PROFILE graph=email-Enron method=shared_bfull_fast_nozero phase=tile_store sampled_thread_ms=0 sampled_tiles=10 profile_wall_ms=1.32513046265
SOURCE_PROFILE graph=email-Enron method=shared_bfull_fast_nozero phase=output_scatter sampled_thread_ms=0.00619888305664 sampled_tiles=10 profile_wall_ms=1.32513046265
SOURCE_PROFILE graph=email-Enron method=shared_bfull_fast_nozero phase=thread_amx_setup sampled_thread_ms=0.0114440917969 sampled_tiles=10 profile_wall_ms=1.32513046265
SOURCE_TIME graph=email-Enron method=shared_bfull_accurate_nozero kind=kernel repeat=0 ms=0.449895858765
SOURCE_TIME graph=email-Enron method=shared_bfull_accurate_nozero kind=kernel repeat=1 ms=0.458955764771
SOURCE_TIME graph=email-Enron method=shared_bfull_accurate_nozero kind=kernel repeat=2 ms=0.498056411743
SOURCE_TIME graph=email-Enron method=shared_bfull_accurate_nozero kind=kernel repeat=3 ms=0.483989715576
SOURCE_TIME graph=email-Enron method=shared_bfull_accurate_nozero kind=kernel repeat=4 ms=0.477075576782
SOURCE_TIME graph=email-Enron method=shared_bfull_accurate_nozero kind=e2e repeat=0 ms=1.29699707031
SOURCE_TIME graph=email-Enron method=shared_bfull_accurate_nozero kind=e2e repeat=1 ms=1.28388404846
SOURCE_TIME graph=email-Enron method=shared_bfull_accurate_nozero kind=e2e repeat=2 ms=1.26194953918
SOURCE_TIME graph=email-Enron method=shared_bfull_accurate_nozero kind=e2e repeat=3 ms=1.30391120911
SOURCE_TIME graph=email-Enron method=shared_bfull_accurate_nozero kind=e2e repeat=4 ms=1.30605697632
SOURCE_STAGE graph=email-Enron method=shared_bfull_accurate_nozero repeat=0 layer1_ms=0.525951385498 relu_ms=0.113010406494 conversion_ms=0.133991241455 layer2_ms=0.524044036865 total_ms=1.29699707031
SOURCE_STAGE graph=email-Enron method=shared_bfull_accurate_nozero repeat=1 layer1_ms=0.525951385498 relu_ms=0.0898838043213 conversion_ms=0.137090682983 layer2_ms=0.530958175659 total_ms=1.28388404846
SOURCE_STAGE graph=email-Enron method=shared_bfull_accurate_nozero repeat=2 layer1_ms=0.524044036865 relu_ms=0.0948905944824 conversion_ms=0.133037567139 layer2_ms=0.545978546143 total_ms=1.29795074463
SOURCE_PROFILE graph=email-Enron method=shared_bfull_accurate_nozero phase=output_zero sampled_thread_ms=0 sampled_tiles=10 profile_wall_ms=1.42502784729
SOURCE_PROFILE graph=email-Enron method=shared_bfull_accurate_nozero phase=row_schedule sampled_thread_ms=0.000953674316406 sampled_tiles=10 profile_wall_ms=1.42502784729
SOURCE_PROFILE graph=email-Enron method=shared_bfull_accurate_nozero phase=partial_zero sampled_thread_ms=0.000953674316406 sampled_tiles=10 profile_wall_ms=1.42502784729
SOURCE_PROFILE graph=email-Enron method=shared_bfull_accurate_nozero phase=csr_prefetch sampled_thread_ms=0.163555145264 sampled_tiles=10 profile_wall_ms=1.42502784729
SOURCE_PROFILE graph=email-Enron method=shared_bfull_accurate_nozero phase=feature_gather_decode sampled_thread_ms=0.217199325562 sampled_tiles=10 profile_wall_ms=1.42502784729
SOURCE_PROFILE graph=email-Enron method=shared_bfull_accurate_nozero phase=fp32_neighbor_reduction sampled_thread_ms=0.189065933228 sampled_tiles=10 profile_wall_ms=1.42502784729
SOURCE_PROFILE graph=email-Enron method=shared_bfull_accurate_nozero phase=partial_bf16_conversion sampled_thread_ms=0.00429153442383 sampled_tiles=10 profile_wall_ms=1.42502784729
SOURCE_PROFILE graph=email-Enron method=shared_bfull_accurate_nozero phase=tile_load sampled_thread_ms=0.0159740447998 sampled_tiles=10 profile_wall_ms=1.42502784729
SOURCE_PROFILE graph=email-Enron method=shared_bfull_accurate_nozero phase=tile_compute sampled_thread_ms=0.0150203704834 sampled_tiles=10 profile_wall_ms=1.42502784729
SOURCE_PROFILE graph=email-Enron method=shared_bfull_accurate_nozero phase=tile_store sampled_thread_ms=0.000953674316406 sampled_tiles=10 profile_wall_ms=1.42502784729
SOURCE_PROFILE graph=email-Enron method=shared_bfull_accurate_nozero phase=output_scatter sampled_thread_ms=0.00691413879395 sampled_tiles=10 profile_wall_ms=1.42502784729
SOURCE_PROFILE graph=email-Enron method=shared_bfull_accurate_nozero phase=thread_amx_setup sampled_thread_ms=0.0114440917969 sampled_tiles=10 profile_wall_ms=1.42502784729
SOURCE_COMPLETE graph=email-Enron pass=1 max_rss_kib=198452
