CONFIG N=169343 E=2484941 Din=128 C=40 threads=16 check_runs=1 warmups=1 repeats=3 degree_sort_ms=16.718638 seed=11 untrained=true LR_policy=fp32 panel=64 tile_rows=16 attention_independent=true master_abs_gate=.003 performance=EXPLORATORY task_accuracy=UNVERIFIED
STATIC layer=1 weight_and_bLR_prepare_ms=1.682108 heads_workspace_bytes=283556224 full_Z_bytes=0 edge_score_bytes=0 alpha_bytes=0 optimized_U_bytes=1048576 local_V_bytes=262144
STATIC layer=2 weight_and_bLR_prepare_ms=0.269234 heads_workspace_bytes=328349824 full_Z_bytes=0 edge_score_bytes=0 alpha_bytes=0 optimized_U_bytes=2097152 local_V_bytes=262144
STATIC layer=3 weight_and_bLR_prepare_ms=0.069229 heads_workspace_bytes=122516784 full_Z_bytes=0 edge_score_bytes=0 alpha_bytes=0 optimized_U_bytes=0 local_V_bytes=0
CHECK path=B0_FP32 layer=1 reference=B0_FP32_own_output_3layer max_abs_error=0 mean_abs_error=0 relative_L2_error=0 finite=1 original_abs_003_gate=PASS task_accuracy=UNVERIFIED
CHECK path=B0_FP32 layer=2 reference=B0_FP32_own_output_3layer max_abs_error=0 mean_abs_error=0 relative_L2_error=0 finite=1 original_abs_003_gate=PASS task_accuracy=UNVERIFIED
CHECK path=B0_FP32 layer=3 reference=B0_FP32_own_output_3layer max_abs_error=0 mean_abs_error=0 relative_L2_error=0 finite=1 original_abs_003_gate=PASS task_accuracy=UNVERIFIED
CHECK path=B0_BF16 layer=1 reference=B0_FP32_own_output_3layer max_abs_error=0.00294017791748 mean_abs_error=0.000310601022267 relative_L2_error=0.00190785210806 finite=1 original_abs_003_gate=PASS task_accuracy=UNVERIFIED
CHECK path=B0_BF16 layer=2 reference=B0_FP32_own_output_3layer max_abs_error=0.00309580564499 mean_abs_error=0.00039252464584 relative_L2_error=0.00253741964854 finite=1 original_abs_003_gate=FAIL task_accuracy=UNVERIFIED
CHECK path=B0_BF16 layer=3 reference=B0_FP32_own_output_3layer max_abs_error=0.00333481281996 mean_abs_error=0.000497330746597 relative_L2_error=0.00310539759334 finite=1 original_abs_003_gate=FAIL task_accuracy=UNVERIFIED
CHECK path=B1_TFS_PREMAX layer=1 reference=B0_FP32_own_output_3layer max_abs_error=0.00283050537109 mean_abs_error=0.000324652559823 relative_L2_error=0.00200285454356 finite=1 original_abs_003_gate=PASS task_accuracy=UNVERIFIED
CHECK path=B1_TFS_PREMAX layer=2 reference=B0_FP32_own_output_3layer max_abs_error=0.00316774845123 mean_abs_error=0.000403762014627 relative_L2_error=0.00261417664794 finite=1 original_abs_003_gate=FAIL task_accuracy=UNVERIFIED
CHECK path=B1_TFS_PREMAX layer=3 reference=B0_FP32_own_output_3layer max_abs_error=0.00358102470636 mean_abs_error=0.000507655094412 relative_L2_error=0.00317628988381 finite=1 original_abs_003_gate=FAIL task_accuracy=UNVERIFIED
CHECK path=ICPP_TFS_PAIR_B32 layer=1 reference=B0_FP32_own_output_3layer max_abs_error=0.00283050537109 mean_abs_error=0.000324651427297 relative_L2_error=0.00200284778633 finite=1 original_abs_003_gate=PASS task_accuracy=UNVERIFIED
CHECK path=ICPP_TFS_PAIR_B32 layer=2 reference=B0_FP32_own_output_3layer max_abs_error=0.00316774845123 mean_abs_error=0.000403769447044 relative_L2_error=0.00261402987839 finite=1 original_abs_003_gate=FAIL task_accuracy=UNVERIFIED
CHECK path=ICPP_TFS_PAIR_B32 layer=3 reference=B0_FP32_own_output_3layer max_abs_error=0.00358102470636 mean_abs_error=0.0005077876489 relative_L2_error=0.00317680528182 finite=1 original_abs_003_gate=FAIL task_accuracy=UNVERIFIED
CHECK path=ICPP_TFS_BLOCK_B32 layer=1 reference=B0_FP32_own_output_3layer max_abs_error=0.00367766618729 mean_abs_error=0.000402974093225 relative_L2_error=0.00250756083629 finite=1 original_abs_003_gate=FAIL task_accuracy=UNVERIFIED
CHECK path=ICPP_TFS_BLOCK_B32 layer=2 reference=B0_FP32_own_output_3layer max_abs_error=0.00409214198589 mean_abs_error=0.000468028123412 relative_L2_error=0.00304282338821 finite=1 original_abs_003_gate=FAIL task_accuracy=UNVERIFIED
CHECK path=ICPP_TFS_BLOCK_B32 layer=3 reference=B0_FP32_own_output_3layer max_abs_error=0.00414323806763 mean_abs_error=0.000570826538759 relative_L2_error=0.00353990122698 finite=1 original_abs_003_gate=FAIL task_accuracy=UNVERIFIED
CHECK path=HEADS_AVX_B16 layer=1 reference=B0_FP32_own_output_3layer max_abs_error=0.00367766618729 mean_abs_error=0.000396111277051 relative_L2_error=0.00246728515161 finite=1 original_abs_003_gate=FAIL task_accuracy=UNVERIFIED
CHECK path=HEADS_AVX_B16 layer=2 reference=B0_FP32_own_output_3layer max_abs_error=0.00409214198589 mean_abs_error=0.000462063830941 relative_L2_error=0.00300578274439 finite=1 original_abs_003_gate=FAIL task_accuracy=UNVERIFIED
CHECK path=HEADS_AVX_B16 layer=3 reference=B0_FP32_own_output_3layer max_abs_error=0.00414323806763 mean_abs_error=0.000565700240396 relative_L2_error=0.00351092055201 finite=1 original_abs_003_gate=FAIL task_accuracy=UNVERIFIED
CHECK path=HEADS_AVX_B32 layer=1 reference=B0_FP32_own_output_3layer max_abs_error=0.00367766618729 mean_abs_error=0.000402974093225 relative_L2_error=0.00250756083629 finite=1 original_abs_003_gate=FAIL task_accuracy=UNVERIFIED
CHECK path=HEADS_AVX_B32 layer=2 reference=B0_FP32_own_output_3layer max_abs_error=0.00409214198589 mean_abs_error=0.000468028123412 relative_L2_error=0.00304282338821 finite=1 original_abs_003_gate=FAIL task_accuracy=UNVERIFIED
CHECK path=HEADS_AVX_B32 layer=3 reference=B0_FP32_own_output_3layer max_abs_error=0.00414323806763 mean_abs_error=0.000570826538759 relative_L2_error=0.00353990122698 finite=1 original_abs_003_gate=FAIL task_accuracy=UNVERIFIED
CHECK path=HEADS_AMX_HILO_B16 layer=1 reference=B0_FP32_own_output_3layer max_abs_error=0.00367766618729 mean_abs_error=0.000396111951319 relative_L2_error=0.00246728688116 finite=1 original_abs_003_gate=FAIL task_accuracy=UNVERIFIED
CHECK path=HEADS_AMX_HILO_B16 layer=2 reference=B0_FP32_own_output_3layer max_abs_error=0.00409214198589 mean_abs_error=0.000462056173352 relative_L2_error=0.00300575404759 finite=1 original_abs_003_gate=FAIL task_accuracy=UNVERIFIED
CHECK path=HEADS_AMX_HILO_B16 layer=3 reference=B0_FP32_own_output_3layer max_abs_error=0.00412493944168 mean_abs_error=0.000565664339478 relative_L2_error=0.00351058044257 finite=1 original_abs_003_gate=FAIL task_accuracy=UNVERIFIED
CHECK path=HEADS_AMX_HILO_B32 layer=1 reference=B0_FP32_own_output_3layer max_abs_error=0.00367766618729 mean_abs_error=0.000402975630571 relative_L2_error=0.00250756784611 finite=1 original_abs_003_gate=FAIL task_accuracy=UNVERIFIED
CHECK path=HEADS_AMX_HILO_B32 layer=2 reference=B0_FP32_own_output_3layer max_abs_error=0.00409214198589 mean_abs_error=0.000468033553129 relative_L2_error=0.00304287429274 finite=1 original_abs_003_gate=FAIL task_accuracy=UNVERIFIED
CHECK path=HEADS_AMX_HILO_B32 layer=3 reference=B0_FP32_own_output_3layer max_abs_error=0.00412493944168 mean_abs_error=0.000570825470637 relative_L2_error=0.00354022627733 finite=1 original_abs_003_gate=FAIL task_accuracy=UNVERIFIED
{"path":"B0_FP32","rep":0,"layer":1,"e2e_ms":75.677337,"layer_ms":31.451216,"projection_ms":5.270262,"conversion_ms":3.2e-05,"lr_ms":1.40201,"max_prescan_ms":0.657469,"kernel_ms":20.980227,"normalization_ms":1.483163,"activation_ms":1.657474,"block":0}
{"path":"B0_FP32","rep":0,"layer":2,"e2e_ms":75.677337,"layer_ms":36.467791,"projection_ms":10.220032,"conversion_ms":2.9e-05,"lr_ms":1.380047,"max_prescan_ms":0.638457,"kernel_ms":21.126724,"normalization_ms":1.460328,"activation_ms":1.641792,"block":0}
{"path":"B0_FP32","rep":0,"layer":3,"e2e_ms":75.677337,"layer_ms":7.756009,"projection_ms":2.983772,"conversion_ms":2.2e-05,"lr_ms":0.236823,"max_prescan_ms":0.418381,"kernel_ms":3.870302,"normalization_ms":0.24633,"activation_ms":0.00014,"block":0}
{"path":"B0_BF16","rep":0,"layer":1,"e2e_ms":69.355801,"layer_ms":30.462698,"projection_ms":3.816455,"conversion_ms":0.629689,"lr_ms":1.389567,"max_prescan_ms":0.635885,"kernel_ms":20.835246,"normalization_ms":1.481669,"activation_ms":1.673583,"block":0}
{"path":"B0_BF16","rep":0,"layer":2,"e2e_ms":69.355801,"layer_ms":31.815548,"projection_ms":4.253751,"conversion_ms":1.364564,"lr_ms":1.413097,"max_prescan_ms":0.631915,"kernel_ms":21.073091,"normalization_ms":1.438647,"activation_ms":1.64015,"block":0}
{"path":"B0_BF16","rep":0,"layer":3,"e2e_ms":69.355801,"layer_ms":7.074498,"projection_ms":0.983873,"conversion_ms":1.279093,"lr_ms":0.221443,"max_prescan_ms":0.410777,"kernel_ms":3.939257,"normalization_ms":0.239326,"activation_ms":9.5e-05,"block":0}
{"path":"B1_TFS_PREMAX","rep":0,"layer":1,"e2e_ms":424.81927,"layer_ms":131.320152,"projection_ms":0,"conversion_ms":0.656228,"lr_ms":1.007641,"max_prescan_ms":0.73093,"kernel_ms":125.76739,"normalization_ms":1.498568,"activation_ms":1.65916,"block":0}
{"path":"B1_TFS_PREMAX","rep":0,"layer":2,"e2e_ms":424.81927,"layer_ms":263.320639,"projection_ms":0,"conversion_ms":1.36458,"lr_ms":1.667783,"max_prescan_ms":0.73454,"kernel_ms":256.381634,"normalization_ms":1.502366,"activation_ms":1.66913,"block":0}
{"path":"B1_TFS_PREMAX","rep":0,"layer":3,"e2e_ms":424.81927,"layer_ms":30.174371,"projection_ms":0,"conversion_ms":1.285839,"lr_ms":1.572448,"max_prescan_ms":0.388742,"kernel_ms":26.684418,"normalization_ms":0.24251,"activation_ms":2.8e-05,"block":0}
{"path":"ICPP_TFS_PAIR_B32","rep":0,"layer":1,"e2e_ms":355.015094,"layer_ms":111.208656,"projection_ms":0,"conversion_ms":0.641586,"lr_ms":0.984997,"max_prescan_ms":0,"kernel_ms":106.465211,"normalization_ms":1.448952,"activation_ms":1.667579,"block":32}
{"path":"ICPP_TFS_PAIR_B32","rep":0,"layer":2,"e2e_ms":355.015094,"layer_ms":215.062913,"projection_ms":0,"conversion_ms":1.405936,"lr_ms":1.659583,"max_prescan_ms":0,"kernel_ms":208.865684,"normalization_ms":1.473127,"activation_ms":1.658215,"block":32}
{"path":"ICPP_TFS_PAIR_B32","rep":0,"layer":3,"e2e_ms":355.015094,"layer_ms":28.738427,"projection_ms":0,"conversion_ms":1.281923,"lr_ms":1.571948,"max_prescan_ms":0,"kernel_ms":25.639895,"normalization_ms":0.244026,"activation_ms":2.9e-05,"block":32}
{"path":"ICPP_TFS_BLOCK_B32","rep":0,"layer":1,"e2e_ms":307.915916,"layer_ms":97.448043,"projection_ms":0,"conversion_ms":0.678648,"lr_ms":0.972925,"max_prescan_ms":0,"kernel_ms":92.625213,"normalization_ms":1.520138,"activation_ms":1.650797,"block":32}
{"path":"ICPP_TFS_BLOCK_B32","rep":0,"layer":2,"e2e_ms":307.915916,"layer_ms":185.544994,"projection_ms":0,"conversion_ms":1.281436,"lr_ms":1.669208,"max_prescan_ms":0,"kernel_ms":179.484518,"normalization_ms":1.463271,"activation_ms":1.646227,"block":32}
{"path":"ICPP_TFS_BLOCK_B32","rep":0,"layer":3,"e2e_ms":307.915916,"layer_ms":24.915981,"projection_ms":0,"conversion_ms":1.266047,"lr_ms":1.557526,"max_prescan_ms":0,"kernel_ms":21.877288,"normalization_ms":0.214758,"activation_ms":2.6e-05,"block":32}
{"path":"HEADS_AVX_B16","rep":0,"layer":1,"e2e_ms":134.800577,"layer_ms":39.702759,"projection_ms":0,"conversion_ms":0.61609,"lr_ms":0.976453,"max_prescan_ms":0,"kernel_ms":34.662353,"normalization_ms":1.475484,"activation_ms":1.97181,"block":16}
{"path":"HEADS_AVX_B16","rep":0,"layer":2,"e2e_ms":134.800577,"layer_ms":70.65865,"projection_ms":0,"conversion_ms":1.271312,"lr_ms":1.642322,"max_prescan_ms":0,"kernel_ms":64.356457,"normalization_ms":1.434989,"activation_ms":1.953139,"block":16}
{"path":"HEADS_AVX_B16","rep":0,"layer":3,"e2e_ms":134.800577,"layer_ms":24.43174,"projection_ms":0,"conversion_ms":1.27387,"lr_ms":1.534352,"max_prescan_ms":0,"kernel_ms":21.398659,"normalization_ms":0.224545,"activation_ms":2.9e-05,"block":16}
{"path":"HEADS_AVX_B32","rep":0,"layer":1,"e2e_ms":122.956882,"layer_ms":35.791472,"projection_ms":0,"conversion_ms":0.61866,"lr_ms":0.975247,"max_prescan_ms":0,"kernel_ms":30.756102,"normalization_ms":1.468057,"activation_ms":1.972913,"block":32}
{"path":"HEADS_AVX_B32","rep":0,"layer":2,"e2e_ms":122.956882,"layer_ms":62.28573,"projection_ms":0,"conversion_ms":1.273896,"lr_ms":1.641462,"max_prescan_ms":0,"kernel_ms":55.971947,"normalization_ms":1.434544,"activation_ms":1.963437,"block":32}
{"path":"HEADS_AVX_B32","rep":0,"layer":3,"e2e_ms":122.956882,"layer_ms":24.87359,"projection_ms":0,"conversion_ms":1.258573,"lr_ms":1.553465,"max_prescan_ms":0,"kernel_ms":21.838059,"normalization_ms":0.223157,"activation_ms":3.9e-05,"block":32}
{"path":"HEADS_AMX_HILO_B16","rep":0,"layer":1,"e2e_ms":164.003748,"layer_ms":47.336334,"projection_ms":0,"conversion_ms":0.61772,"lr_ms":0.979663,"max_prescan_ms":0,"kernel_ms":42.583542,"normalization_ms":1.506062,"activation_ms":1.648936,"block":16}
{"path":"HEADS_AMX_HILO_B16","rep":0,"layer":2,"e2e_ms":164.003748,"layer_ms":92.51558,"projection_ms":0,"conversion_ms":1.276679,"lr_ms":1.651297,"max_prescan_ms":0,"kernel_ms":86.453917,"normalization_ms":1.436519,"activation_ms":1.696723,"block":16}
{"path":"HEADS_AMX_HILO_B16","rep":0,"layer":3,"e2e_ms":164.003748,"layer_ms":24.144344,"projection_ms":0,"conversion_ms":1.257406,"lr_ms":1.546826,"max_prescan_ms":0,"kernel_ms":21.117057,"normalization_ms":0.222699,"activation_ms":3.1e-05,"block":16}
{"path":"HEADS_AMX_HILO_B32","rep":0,"layer":1,"e2e_ms":136.984649,"layer_ms":40.02023,"projection_ms":0,"conversion_ms":0.621551,"lr_ms":0.988451,"max_prescan_ms":0,"kernel_ms":35.27835,"normalization_ms":1.48691,"activation_ms":1.644634,"block":32}
{"path":"HEADS_AMX_HILO_B32","rep":0,"layer":2,"e2e_ms":136.984649,"layer_ms":72.490624,"projection_ms":0,"conversion_ms":1.280702,"lr_ms":1.654351,"max_prescan_ms":0,"kernel_ms":66.409612,"normalization_ms":1.445338,"activation_ms":1.700106,"block":32}
{"path":"HEADS_AMX_HILO_B32","rep":0,"layer":3,"e2e_ms":136.984649,"layer_ms":24.466104,"projection_ms":0,"conversion_ms":1.274213,"lr_ms":1.542381,"max_prescan_ms":0,"kernel_ms":21.426656,"normalization_ms":0.222491,"activation_ms":2.9e-05,"block":32}
{"path":"HEADS_AMX_HILO_B32","rep":1,"layer":1,"e2e_ms":134.496698,"layer_ms":38.569131,"projection_ms":0,"conversion_ms":0.617115,"lr_ms":0.975352,"max_prescan_ms":0,"kernel_ms":33.845907,"normalization_ms":1.463556,"activation_ms":1.666821,"block":32}
{"path":"HEADS_AMX_HILO_B32","rep":1,"layer":2,"e2e_ms":134.496698,"layer_ms":71.292194,"projection_ms":0,"conversion_ms":1.272456,"lr_ms":1.667083,"max_prescan_ms":0,"kernel_ms":65.212538,"normalization_ms":1.440146,"activation_ms":1.699548,"block":32}
{"path":"HEADS_AMX_HILO_B32","rep":1,"layer":3,"e2e_ms":134.496698,"layer_ms":24.628336,"projection_ms":0,"conversion_ms":1.261954,"lr_ms":1.543455,"max_prescan_ms":0,"kernel_ms":21.596192,"normalization_ms":0.226319,"activation_ms":2.9e-05,"block":32}
{"path":"HEADS_AMX_HILO_B16","rep":1,"layer":1,"e2e_ms":164.074506,"layer_ms":47.454499,"projection_ms":0,"conversion_ms":0.61581,"lr_ms":0.970161,"max_prescan_ms":0,"kernel_ms":42.755641,"normalization_ms":1.475648,"activation_ms":1.636835,"block":16}
{"path":"HEADS_AMX_HILO_B16","rep":1,"layer":2,"e2e_ms":164.074506,"layer_ms":92.414021,"projection_ms":0,"conversion_ms":1.293432,"lr_ms":1.646118,"max_prescan_ms":0,"kernel_ms":86.40075,"normalization_ms":1.439069,"activation_ms":1.634222,"block":16}
{"path":"HEADS_AMX_HILO_B16","rep":1,"layer":3,"e2e_ms":164.074506,"layer_ms":24.198189,"projection_ms":0,"conversion_ms":1.266014,"lr_ms":1.539382,"max_prescan_ms":0,"kernel_ms":21.167371,"normalization_ms":0.224995,"activation_ms":3.8e-05,"block":16}
{"path":"HEADS_AVX_B32","rep":1,"layer":1,"e2e_ms":120.495555,"layer_ms":36.256294,"projection_ms":0,"conversion_ms":0.623044,"lr_ms":0.968245,"max_prescan_ms":0,"kernel_ms":31.216864,"normalization_ms":1.468495,"activation_ms":1.979339,"block":32}
{"path":"HEADS_AVX_B32","rep":1,"layer":2,"e2e_ms":120.495555,"layer_ms":60.100659,"projection_ms":0,"conversion_ms":1.268879,"lr_ms":1.639959,"max_prescan_ms":0,"kernel_ms":53.808314,"normalization_ms":1.453275,"activation_ms":1.929797,"block":32}
{"path":"HEADS_AVX_B32","rep":1,"layer":3,"e2e_ms":120.495555,"layer_ms":24.132892,"projection_ms":0,"conversion_ms":1.269689,"lr_ms":1.53759,"max_prescan_ms":0,"kernel_ms":21.09516,"normalization_ms":0.229968,"activation_ms":4e-05,"block":32}
{"path":"HEADS_AVX_B16","rep":1,"layer":1,"e2e_ms":137.545032,"layer_ms":40.372213,"projection_ms":0,"conversion_ms":0.614535,"lr_ms":0.959297,"max_prescan_ms":0,"kernel_ms":35.384391,"normalization_ms":1.470915,"activation_ms":1.942361,"block":16}
{"path":"HEADS_AVX_B16","rep":1,"layer":2,"e2e_ms":137.545032,"layer_ms":71.724495,"projection_ms":0,"conversion_ms":1.274265,"lr_ms":1.640347,"max_prescan_ms":0,"kernel_ms":65.413709,"normalization_ms":1.438064,"activation_ms":1.957746,"block":16}
{"path":"HEADS_AVX_B16","rep":1,"layer":3,"e2e_ms":137.545032,"layer_ms":25.442953,"projection_ms":0,"conversion_ms":1.263901,"lr_ms":1.551728,"max_prescan_ms":0,"kernel_ms":22.404663,"normalization_ms":0.222292,"activation_ms":3.2e-05,"block":16}
{"path":"ICPP_TFS_BLOCK_B32","rep":1,"layer":1,"e2e_ms":306.50699,"layer_ms":97.4196,"projection_ms":0,"conversion_ms":0.621685,"lr_ms":0.966518,"max_prescan_ms":0,"kernel_ms":92.647077,"normalization_ms":1.502276,"activation_ms":1.681712,"block":32}
{"path":"ICPP_TFS_BLOCK_B32","rep":1,"layer":2,"e2e_ms":306.50699,"layer_ms":184.356618,"projection_ms":0,"conversion_ms":1.275735,"lr_ms":1.659045,"max_prescan_ms":0,"kernel_ms":178.323413,"normalization_ms":1.471585,"activation_ms":1.626512,"block":32}
{"path":"ICPP_TFS_BLOCK_B32","rep":1,"layer":3,"e2e_ms":306.50699,"layer_ms":24.724084,"projection_ms":0,"conversion_ms":1.272587,"lr_ms":1.551604,"max_prescan_ms":0,"kernel_ms":21.685512,"normalization_ms":0.21404,"activation_ms":3e-05,"block":32}
{"path":"ICPP_TFS_PAIR_B32","rep":1,"layer":1,"e2e_ms":356.266967,"layer_ms":109.014691,"projection_ms":0,"conversion_ms":0.629519,"lr_ms":0.9766,"max_prescan_ms":0,"kernel_ms":104.302231,"normalization_ms":1.443435,"activation_ms":1.66239,"block":32}
{"path":"ICPP_TFS_PAIR_B32","rep":1,"layer":2,"e2e_ms":356.266967,"layer_ms":216.857794,"projection_ms":0,"conversion_ms":1.4439,"lr_ms":1.647159,"max_prescan_ms":0,"kernel_ms":210.633299,"normalization_ms":1.48491,"activation_ms":1.647726,"block":32}
{"path":"ICPP_TFS_PAIR_B32","rep":1,"layer":3,"e2e_ms":356.266967,"layer_ms":30.387667,"projection_ms":0,"conversion_ms":1.278137,"lr_ms":1.570096,"max_prescan_ms":0,"kernel_ms":27.289395,"normalization_ms":0.249669,"activation_ms":3.3e-05,"block":32}
{"path":"B1_TFS_PREMAX","rep":1,"layer":1,"e2e_ms":425.859756,"layer_ms":132.071712,"projection_ms":0,"conversion_ms":0.714718,"lr_ms":0.978697,"max_prescan_ms":0.732244,"kernel_ms":126.476623,"normalization_ms":1.495195,"activation_ms":1.673973,"block":0}
{"path":"B1_TFS_PREMAX","rep":1,"layer":2,"e2e_ms":425.859756,"layer_ms":263.259981,"projection_ms":0,"conversion_ms":1.356199,"lr_ms":1.670671,"max_prescan_ms":0.733367,"kernel_ms":256.32397,"normalization_ms":1.491318,"activation_ms":1.684132,"block":0}
{"path":"B1_TFS_PREMAX","rep":1,"layer":3,"e2e_ms":425.859756,"layer_ms":30.525096,"projection_ms":0,"conversion_ms":1.28676,"lr_ms":1.580852,"max_prescan_ms":0.385548,"kernel_ms":27.023926,"normalization_ms":0.247669,"activation_ms":3.8e-05,"block":0}
{"path":"B0_BF16","rep":1,"layer":1,"e2e_ms":69.480276,"layer_ms":30.589688,"projection_ms":3.880555,"conversion_ms":0.644219,"lr_ms":1.376371,"max_prescan_ms":0.625567,"kernel_ms":20.917725,"normalization_ms":1.483446,"activation_ms":1.661389,"block":0}
{"path":"B0_BF16","rep":1,"layer":2,"e2e_ms":69.480276,"layer_ms":31.79328,"projection_ms":4.305114,"conversion_ms":1.360051,"lr_ms":1.386626,"max_prescan_ms":0.626968,"kernel_ms":21.031508,"normalization_ms":1.439888,"activation_ms":1.642822,"block":0}
{"path":"B0_BF16","rep":1,"layer":3,"e2e_ms":69.480276,"layer_ms":7.094511,"projection_ms":0.995954,"conversion_ms":1.284131,"lr_ms":0.222433,"max_prescan_ms":0.410896,"kernel_ms":3.941583,"normalization_ms":0.239152,"activation_ms":3.7e-05,"block":0}
{"path":"B0_FP32","rep":1,"layer":1,"e2e_ms":75.5515,"layer_ms":31.425902,"projection_ms":5.264374,"conversion_ms":3.6e-05,"lr_ms":1.397548,"max_prescan_ms":0.647175,"kernel_ms":20.971335,"normalization_ms":1.499066,"activation_ms":1.645689,"block":0}
{"path":"B0_FP32","rep":1,"layer":2,"e2e_ms":75.5515,"layer_ms":36.343854,"projection_ms":10.169032,"conversion_ms":3.8e-05,"lr_ms":1.358149,"max_prescan_ms":0.645604,"kernel_ms":21.08453,"normalization_ms":1.446569,"activation_ms":1.639532,"block":0}
{"path":"B0_FP32","rep":1,"layer":3,"e2e_ms":75.5515,"layer_ms":7.780277,"projection_ms":2.98574,"conversion_ms":3.3e-05,"lr_ms":0.23324,"max_prescan_ms":0.408492,"kernel_ms":3.896224,"normalization_ms":0.255633,"activation_ms":3.9e-05,"block":0}
{"path":"B0_FP32","rep":2,"layer":1,"e2e_ms":75.793556,"layer_ms":31.44947,"projection_ms":5.272914,"conversion_ms":2.8e-05,"lr_ms":1.415746,"max_prescan_ms":0.653053,"kernel_ms":20.961271,"normalization_ms":1.483747,"activation_ms":1.66223,"block":0}
{"path":"B0_FP32","rep":2,"layer":2,"e2e_ms":75.793556,"layer_ms":36.591954,"projection_ms":10.399885,"conversion_ms":2.2e-05,"lr_ms":1.370586,"max_prescan_ms":0.640406,"kernel_ms":21.091656,"normalization_ms":1.445823,"activation_ms":1.643298,"block":0}
{"path":"B0_FP32","rep":2,"layer":3,"e2e_ms":75.793556,"layer_ms":7.750717,"projection_ms":2.981653,"conversion_ms":2.2e-05,"lr_ms":0.235849,"max_prescan_ms":0.406643,"kernel_ms":3.883765,"normalization_ms":0.242287,"activation_ms":2.8e-05,"block":0}
{"path":"B0_BF16","rep":2,"layer":1,"e2e_ms":69.288582,"layer_ms":30.506076,"projection_ms":3.899223,"conversion_ms":0.598089,"lr_ms":1.391965,"max_prescan_ms":0.631178,"kernel_ms":20.836593,"normalization_ms":1.484427,"activation_ms":1.664117,"block":0}
{"path":"B0_BF16","rep":2,"layer":2,"e2e_ms":69.288582,"layer_ms":31.717412,"projection_ms":4.241721,"conversion_ms":1.356427,"lr_ms":1.380557,"max_prescan_ms":0.628588,"kernel_ms":21.03921,"normalization_ms":1.44174,"activation_ms":1.628775,"block":0}
{"path":"B0_BF16","rep":2,"layer":3,"e2e_ms":69.288582,"layer_ms":7.062999,"projection_ms":0.988857,"conversion_ms":1.255355,"lr_ms":0.223991,"max_prescan_ms":0.406056,"kernel_ms":3.942664,"normalization_ms":0.245279,"activation_ms":2.9e-05,"block":0}
{"path":"B1_TFS_PREMAX","rep":2,"layer":1,"e2e_ms":427.22719,"layer_ms":132.391515,"projection_ms":0,"conversion_ms":0.659068,"lr_ms":0.999145,"max_prescan_ms":0.740848,"kernel_ms":126.833251,"normalization_ms":1.49717,"activation_ms":1.66179,"block":0}
{"path":"B1_TFS_PREMAX","rep":2,"layer":2,"e2e_ms":427.22719,"layer_ms":264.051961,"projection_ms":0,"conversion_ms":1.33941,"lr_ms":1.655254,"max_prescan_ms":0.740965,"kernel_ms":257.139415,"normalization_ms":1.500126,"activation_ms":1.676499,"block":0}
{"path":"B1_TFS_PREMAX","rep":2,"layer":3,"e2e_ms":427.22719,"layer_ms":30.780332,"projection_ms":0,"conversion_ms":1.305982,"lr_ms":1.584624,"max_prescan_ms":0.397936,"kernel_ms":27.252424,"normalization_ms":0.238986,"activation_ms":2.7e-05,"block":0}
{"path":"ICPP_TFS_PAIR_B32","rep":2,"layer":1,"e2e_ms":354.260753,"layer_ms":110.551891,"projection_ms":0,"conversion_ms":0.64912,"lr_ms":0.977565,"max_prescan_ms":0,"kernel_ms":105.806777,"normalization_ms":1.450415,"activation_ms":1.667682,"block":32}
{"path":"ICPP_TFS_PAIR_B32","rep":2,"layer":2,"e2e_ms":354.260753,"layer_ms":214.685215,"projection_ms":0,"conversion_ms":1.431045,"lr_ms":1.646182,"max_prescan_ms":0,"kernel_ms":208.484031,"normalization_ms":1.475336,"activation_ms":1.648259,"block":32}
{"path":"ICPP_TFS_PAIR_B32","rep":2,"layer":3,"e2e_ms":354.260753,"layer_ms":29.017156,"projection_ms":0,"conversion_ms":1.303709,"lr_ms":1.566322,"max_prescan_ms":0,"kernel_ms":25.897954,"normalization_ms":0.248652,"activation_ms":0.000116,"block":32}
{"path":"ICPP_TFS_BLOCK_B32","rep":2,"layer":1,"e2e_ms":310.762539,"layer_ms":99.248905,"projection_ms":0,"conversion_ms":0.668295,"lr_ms":0.965345,"max_prescan_ms":0,"kernel_ms":94.439459,"normalization_ms":1.50107,"activation_ms":1.67438,"block":32}
{"path":"ICPP_TFS_BLOCK_B32","rep":2,"layer":2,"e2e_ms":310.762539,"layer_ms":186.53639,"projection_ms":0,"conversion_ms":1.281459,"lr_ms":1.66792,"max_prescan_ms":0,"kernel_ms":180.493275,"normalization_ms":1.45785,"activation_ms":1.635548,"block":32}
{"path":"ICPP_TFS_BLOCK_B32","rep":2,"layer":3,"e2e_ms":310.762539,"layer_ms":24.969381,"projection_ms":0,"conversion_ms":1.293131,"lr_ms":1.546722,"max_prescan_ms":0,"kernel_ms":21.915193,"normalization_ms":0.213938,"activation_ms":2.6e-05,"block":32}
{"path":"HEADS_AVX_B16","rep":2,"layer":1,"e2e_ms":136.330096,"layer_ms":40.79519,"projection_ms":0,"conversion_ms":0.609931,"lr_ms":0.978776,"max_prescan_ms":0,"kernel_ms":35.770956,"normalization_ms":1.461583,"activation_ms":1.973356,"block":16}
{"path":"HEADS_AVX_B16","rep":2,"layer":2,"e2e_ms":136.330096,"layer_ms":70.158408,"projection_ms":0,"conversion_ms":1.277683,"lr_ms":1.639976,"max_prescan_ms":0,"kernel_ms":63.856349,"normalization_ms":1.443791,"activation_ms":1.940103,"block":16}
{"path":"HEADS_AVX_B16","rep":2,"layer":3,"e2e_ms":136.330096,"layer_ms":25.368417,"projection_ms":0,"conversion_ms":1.277076,"lr_ms":1.535204,"max_prescan_ms":0,"kernel_ms":22.332166,"normalization_ms":0.2236,"activation_ms":3.6e-05,"block":16}
{"path":"HEADS_AVX_B32","rep":2,"layer":1,"e2e_ms":120.357084,"layer_ms":35.772133,"projection_ms":0,"conversion_ms":0.623285,"lr_ms":0.963372,"max_prescan_ms":0,"kernel_ms":30.757898,"normalization_ms":1.476936,"activation_ms":1.950189,"block":32}
{"path":"HEADS_AVX_B32","rep":2,"layer":2,"e2e_ms":120.357084,"layer_ms":59.842701,"projection_ms":0,"conversion_ms":1.266876,"lr_ms":1.636148,"max_prescan_ms":0,"kernel_ms":53.537546,"normalization_ms":1.451725,"activation_ms":1.949958,"block":32}
{"path":"HEADS_AVX_B32","rep":2,"layer":3,"e2e_ms":120.357084,"layer_ms":24.735951,"projection_ms":0,"conversion_ms":1.261435,"lr_ms":1.53559,"max_prescan_ms":0,"kernel_ms":21.715514,"normalization_ms":0.223052,"activation_ms":3e-05,"block":32}
{"path":"HEADS_AMX_HILO_B16","rep":2,"layer":1,"e2e_ms":164.257983,"layer_ms":48.931692,"projection_ms":0,"conversion_ms":0.62043,"lr_ms":0.967401,"max_prescan_ms":0,"kernel_ms":44.211984,"normalization_ms":1.487461,"activation_ms":1.644011,"block":16}
{"path":"HEADS_AMX_HILO_B16","rep":2,"layer":2,"e2e_ms":164.257983,"layer_ms":90.999414,"projection_ms":0,"conversion_ms":1.293672,"lr_ms":1.656626,"max_prescan_ms":0,"kernel_ms":84.917318,"normalization_ms":1.447004,"activation_ms":1.684295,"block":16}
{"path":"HEADS_AMX_HILO_B16","rep":2,"layer":3,"e2e_ms":164.257983,"layer_ms":24.320128,"projection_ms":0,"conversion_ms":1.260629,"lr_ms":1.532354,"max_prescan_ms":0,"kernel_ms":21.302964,"normalization_ms":0.223807,"activation_ms":4.3e-05,"block":16}
{"path":"HEADS_AMX_HILO_B32","rep":2,"layer":1,"e2e_ms":136.677122,"layer_ms":39.537421,"projection_ms":0,"conversion_ms":0.621197,"lr_ms":0.966933,"max_prescan_ms":0,"kernel_ms":34.813102,"normalization_ms":1.494209,"activation_ms":1.641556,"block":32}
{"path":"HEADS_AMX_HILO_B32","rep":2,"layer":2,"e2e_ms":136.677122,"layer_ms":72.179992,"projection_ms":0,"conversion_ms":1.282013,"lr_ms":1.649095,"max_prescan_ms":0,"kernel_ms":66.099343,"normalization_ms":1.442888,"activation_ms":1.706227,"block":32}
{"path":"HEADS_AMX_HILO_B32","rep":2,"layer":3,"e2e_ms":136.677122,"layer_ms":24.95244,"projection_ms":0,"conversion_ms":1.255144,"lr_ms":1.533284,"max_prescan_ms":0,"kernel_ms":21.932022,"normalization_ms":0.231635,"activation_ms":1.9e-05,"block":32}
CHECK path=HEADS_AVX_B16 layer=2 reference=FP32_same_input_same_contracted_LR_no_ELU max_abs_error=0.00321514904499 mean_abs_error=0.000380668715601 relative_L2_error=0.00227538299324 finite=1 original_abs_003_gate=FAIL task_accuracy=UNVERIFIED
CHECK path=HEADS_AVX_B32 layer=2 reference=FP32_same_input_same_contracted_LR_no_ELU max_abs_error=0.00321514904499 mean_abs_error=0.000388065995958 relative_L2_error=0.00231560304851 finite=1 original_abs_003_gate=FAIL task_accuracy=UNVERIFIED
CHECK path=HEADS_AMX_HILO_B16 layer=2 reference=FP32_same_input_same_contracted_LR_no_ELU max_abs_error=0.00321514904499 mean_abs_error=0.00038066853386 relative_L2_error=0.00227538141887 finite=1 original_abs_003_gate=FAIL task_accuracy=UNVERIFIED
CHECK path=HEADS_AMX_HILO_B32 layer=2 reference=FP32_same_input_same_contracted_LR_no_ELU max_abs_error=0.00321514904499 mean_abs_error=0.000388065552891 relative_L2_error=0.00231560148928 finite=1 original_abs_003_gate=FAIL task_accuracy=UNVERIFIED
PROFILE_IDENTITY path=HEADS_AVX_B16 layer=1 bit_fingerprint_equal=1
PROFILE path=HEADS_AVX_B16 layer=1 optimized=1 layer_wall_ms=41.059975 kernel_wall_ms=36.335502 sampled_head_tiles=664 worker_times_are_sampled_sums=true source_index_worker_ms=0.038364 score_worker_ms=0.528846 block_max_worker_ms=0.269158 exp_den_worker_ms=0.090115 H_pack_worker_ms=0 P_pack_worker_ms=0 PH_load_worker_ms=0 PH_compute_worker_ms=1.512538 PH_store_scatter_worker_ms=0 UB_convert_worker_ms=0.162101 UW_load_worker_ms=0.383289 UW_compute_worker_ms=0.566243 V_store_worker_ms=0.053835 V_reload_worker_ms=0.035247 row_rescale_worker_ms=0.039684 transition_worker_ms=0.039446 output_write_worker_ms=0.270146 scheduling_worker_ms=0.162926 tile_config_worker_ms=0.040963 fallback_gather_worker_ms=0 fallback_UB_convert_worker_ms=0 fallback_AMX_load_compute_worker_ms=0 baseline_rescale_store_worker_ms=0 baseline_rescale_vector_worker_ms=0.039684 baseline_rescale_reload_worker_ms=0 fallback_final_store_worker_ms=0 instruction_span_timers_have_overhead=true
ONLINE_STATS path=HEADS_AVX_B16 layer=1 block=16 heads=8 D=128 d=32 edges=2484941 blocks=2040112 max_updates_including_initial=1509298 rescales=154554 rescale_per_block=0.0757576054648 P50=0 P90=0 P95=0.333333333333 P99=0.5 rescaled_feature_elements=4945728 rescale_events=34791 spill_bytes=0 reload_bytes=0 UW_calls=1058432 UW_physical_FMA=8670674944 head_tiles=84672 projection_groups=132304
HEAD_WORK path=HEADS_AVX_B16 layer=1 optimized=1 PH_calls=0 PH_physical_FMA=2544579584 PH_useful_FMA=2544579584 raw_H_bytes=636144896 packed_H_bytes=0 UB_scatter_bytes=1044537344 head_switch_store_bytes=270958592 head_switch_reload_bytes=97550336 sparse_width_amplification=4 traffic_is_logical_not_DRAM=true no_full_Z_U_e_alpha=true bounded_V_in_local_memory=true
PROFILE_IDENTITY path=HEADS_AVX_B16 layer=2 bit_fingerprint_equal=1
PROFILE path=HEADS_AVX_B16 layer=2 optimized=1 layer_wall_ms=71.402218 kernel_wall_ms=65.428758 sampled_head_tiles=664 worker_times_are_sampled_sums=true source_index_worker_ms=0.039135 score_worker_ms=0.599059 block_max_worker_ms=0.261383 exp_den_worker_ms=0.066298 H_pack_worker_ms=0 P_pack_worker_ms=0 PH_load_worker_ms=0 PH_compute_worker_ms=2.974867 PH_store_scatter_worker_ms=0 UB_convert_worker_ms=0.390572 UW_load_worker_ms=0.750473 UW_compute_worker_ms=0.727755 V_store_worker_ms=0.061287 V_reload_worker_ms=0.031523 row_rescale_worker_ms=0.038416 transition_worker_ms=0.042156 output_write_worker_ms=0.255732 scheduling_worker_ms=0.166224 tile_config_worker_ms=0.042493 fallback_gather_worker_ms=0 fallback_UB_convert_worker_ms=0 fallback_AMX_load_compute_worker_ms=0 baseline_rescale_store_worker_ms=0 baseline_rescale_vector_worker_ms=0.038416 baseline_rescale_reload_worker_ms=0 fallback_final_store_worker_ms=0 instruction_span_timers_have_overhead=true
ONLINE_STATS path=HEADS_AVX_B16 layer=2 block=16 heads=8 D=256 d=32 edges=2484941 blocks=2040112 max_updates_including_initial=1515362 rescales=160618 rescale_per_block=0.0787299912946 P50=0 P90=0 P95=0.4 P99=0.5 rescaled_feature_elements=5139776 rescale_events=35333 spill_bytes=0 reload_bytes=0 UW_calls=2116864 UW_physical_FMA=17341349888 head_tiles=84672 projection_groups=132304
HEAD_WORK path=HEADS_AVX_B16 layer=2 optimized=1 PH_calls=0 PH_physical_FMA=5089159168 PH_useful_FMA=5089159168 raw_H_bytes=1272289792 packed_H_bytes=0 UB_scatter_bytes=2089074688 head_switch_store_bytes=270958592 head_switch_reload_bytes=97550336 sparse_width_amplification=8 traffic_is_logical_not_DRAM=true no_full_Z_U_e_alpha=true bounded_V_in_local_memory=true
PROFILE_IDENTITY path=HEADS_AVX_B16 layer=3 bit_fingerprint_equal=1
PROFILE path=HEADS_AVX_B16 layer=3 optimized=0 layer_wall_ms=25.048815 kernel_wall_ms=22.041725 sampled_head_tiles=83 worker_times_are_sampled_sums=true source_index_worker_ms=0 score_worker_ms=0.155743 block_max_worker_ms=0.038422 exp_den_worker_ms=0.012557 H_pack_worker_ms=0 P_pack_worker_ms=0 PH_load_worker_ms=0 PH_compute_worker_ms=0 PH_store_scatter_worker_ms=0 UB_convert_worker_ms=0 UW_load_worker_ms=0 UW_compute_worker_ms=0 V_store_worker_ms=0 V_reload_worker_ms=0 row_rescale_worker_ms=0 transition_worker_ms=0 output_write_worker_ms=0.097499 scheduling_worker_ms=0.107373 tile_config_worker_ms=0.042203 fallback_gather_worker_ms=1.229858 fallback_UB_convert_worker_ms=0.052644 fallback_AMX_load_compute_worker_ms=0.138644 baseline_rescale_store_worker_ms=0.003921 baseline_rescale_vector_worker_ms=0.007317 baseline_rescale_reload_worker_ms=0.002262 fallback_final_store_worker_ms=0.008135 instruction_span_timers_have_overhead=true
ONLINE_STATS path=HEADS_AVX_B16 layer=3 block=16 heads=1 D=256 d=40 edges=2484941 blocks=255014 max_updates_including_initial=189541 rescales=20198 rescale_per_block=0.0792034947101 P50=0 P90=0 P95=0.4 P99=0.5 rescaled_feature_elements=807920 rescale_events=4442 spill_bytes=13645824 reload_bytes=13645824 UW_calls=396912 UW_physical_FMA=3251503104 head_tiles=10584 projection_groups=16538
HEAD_WORK path=HEADS_AVX_B16 layer=3 optimized=0 PH_calls=0 PH_physical_FMA=0 PH_useful_FMA=0 raw_H_bytes=0 packed_H_bytes=0 UB_scatter_bytes=0 head_switch_store_bytes=0 head_switch_reload_bytes=0 sparse_width_amplification=6.4 traffic_is_logical_not_DRAM=true no_full_Z_U_e_alpha=true bounded_V_in_local_memory=true
PROFILE_IDENTITY path=HEADS_AVX_B32 layer=1 bit_fingerprint_equal=1
PROFILE path=HEADS_AVX_B32 layer=1 optimized=1 layer_wall_ms=34.992214 kernel_wall_ms=30.268793 sampled_head_tiles=664 worker_times_are_sampled_sums=true source_index_worker_ms=0.037461 score_worker_ms=0.532727 block_max_worker_ms=0.230394 exp_den_worker_ms=0.057619 H_pack_worker_ms=0 P_pack_worker_ms=0 PH_load_worker_ms=0 PH_compute_worker_ms=1.451852 PH_store_scatter_worker_ms=0 UB_convert_worker_ms=0.127386 UW_load_worker_ms=0.297202 UW_compute_worker_ms=0.420774 V_store_worker_ms=0.044464 V_reload_worker_ms=0.019613 row_rescale_worker_ms=0.010846 transition_worker_ms=0.034218 output_write_worker_ms=0.272206 scheduling_worker_ms=0.162594 tile_config_worker_ms=0.044536 fallback_gather_worker_ms=0 fallback_UB_convert_worker_ms=0 fallback_AMX_load_compute_worker_ms=0 baseline_rescale_store_worker_ms=0 baseline_rescale_vector_worker_ms=0.010846 baseline_rescale_reload_worker_ms=0 fallback_final_store_worker_ms=0 instruction_span_timers_have_overhead=true
ONLINE_STATS path=HEADS_AVX_B32 layer=1 block=32 heads=8 D=128 d=32 edges=2484941 blocks=1580688 max_updates_including_initial=1400775 rescales=46031 rescale_per_block=0.0291208638264 P50=0 P90=0 P95=0 P99=0.5 rescaled_feature_elements=1472992 rescale_events=11188 spill_bytes=0 reload_bytes=0 UW_calls=809664 UW_physical_FMA=6632767488 head_tiles=84672 projection_groups=101208
HEAD_WORK path=HEADS_AVX_B32 layer=1 optimized=1 PH_calls=0 PH_physical_FMA=2544579584 PH_useful_FMA=2544579584 raw_H_bytes=636144896 packed_H_bytes=0 UB_scatter_bytes=809312256 head_switch_store_bytes=207273984 head_switch_reload_bytes=33865728 sparse_width_amplification=4 traffic_is_logical_not_DRAM=true no_full_Z_U_e_alpha=true bounded_V_in_local_memory=true
PROFILE_IDENTITY path=HEADS_AVX_B32 layer=2 bit_fingerprint_equal=1
PROFILE path=HEADS_AVX_B32 layer=2 optimized=1 layer_wall_ms=60.984878 kernel_wall_ms=55.024849 sampled_head_tiles=664 worker_times_are_sampled_sums=true source_index_worker_ms=0.039037 score_worker_ms=0.62041 block_max_worker_ms=0.238131 exp_den_worker_ms=0.062552 H_pack_worker_ms=0 P_pack_worker_ms=0 PH_load_worker_ms=0 PH_compute_worker_ms=2.892558 PH_store_scatter_worker_ms=0 UB_convert_worker_ms=0.304902 UW_load_worker_ms=0.59265 UW_compute_worker_ms=0.581713 V_store_worker_ms=0.050958 V_reload_worker_ms=0.024152 row_rescale_worker_ms=0.011309 transition_worker_ms=0.041252 output_write_worker_ms=0.253449 scheduling_worker_ms=0.161579 tile_config_worker_ms=0.040435 fallback_gather_worker_ms=0 fallback_UB_convert_worker_ms=0 fallback_AMX_load_compute_worker_ms=0 baseline_rescale_store_worker_ms=0 baseline_rescale_vector_worker_ms=0.011309 baseline_rescale_reload_worker_ms=0 fallback_final_store_worker_ms=0 instruction_span_timers_have_overhead=true
ONLINE_STATS path=HEADS_AVX_B32 layer=2 block=32 heads=8 D=256 d=32 edges=2484941 blocks=1580688 max_updates_including_initial=1403434 rescales=48690 rescale_per_block=0.0308030427257 P50=0 P90=0 P95=0 P99=0.5 rescaled_feature_elements=1558080 rescale_events=11374 spill_bytes=0 reload_bytes=0 UW_calls=1619328 UW_physical_FMA=13265534976 head_tiles=84672 projection_groups=101208
HEAD_WORK path=HEADS_AVX_B32 layer=2 optimized=1 PH_calls=0 PH_physical_FMA=5089159168 PH_useful_FMA=5089159168 raw_H_bytes=1272289792 packed_H_bytes=0 UB_scatter_bytes=1618624512 head_switch_store_bytes=207273984 head_switch_reload_bytes=33865728 sparse_width_amplification=8 traffic_is_logical_not_DRAM=true no_full_Z_U_e_alpha=true bounded_V_in_local_memory=true
PROFILE_IDENTITY path=HEADS_AVX_B32 layer=3 bit_fingerprint_equal=1
PROFILE path=HEADS_AVX_B32 layer=3 optimized=0 layer_wall_ms=25.635662 kernel_wall_ms=22.623751 sampled_head_tiles=83 worker_times_are_sampled_sums=true source_index_worker_ms=0 score_worker_ms=0.164185 block_max_worker_ms=0.036404 exp_den_worker_ms=0.011412 H_pack_worker_ms=0 P_pack_worker_ms=0 PH_load_worker_ms=0 PH_compute_worker_ms=0 PH_store_scatter_worker_ms=0 UB_convert_worker_ms=0 UW_load_worker_ms=0 UW_compute_worker_ms=0 V_store_worker_ms=0 V_reload_worker_ms=0 row_rescale_worker_ms=0 transition_worker_ms=0 output_write_worker_ms=0.09817 scheduling_worker_ms=0.08115 tile_config_worker_ms=0.039399 fallback_gather_worker_ms=1.254239 fallback_UB_convert_worker_ms=0.045524 fallback_AMX_load_compute_worker_ms=0.131626 baseline_rescale_store_worker_ms=0.00089 baseline_rescale_vector_worker_ms=0.001867 baseline_rescale_reload_worker_ms=0.000935 fallback_final_store_worker_ms=0.008166 instruction_span_timers_have_overhead=true
ONLINE_STATS path=HEADS_AVX_B32 layer=3 block=32 heads=1 D=256 d=40 edges=2484941 blocks=197586 max_updates_including_initial=175526 rescales=6183 rescale_per_block=0.0312927029243 P50=0 P90=0 P95=0 P99=0.5 rescaled_feature_elements=247320 rescale_events=1430 spill_bytes=4392960 reload_bytes=4392960 UW_calls=303624 UW_physical_FMA=2487287808 head_tiles=10584 projection_groups=12651
HEAD_WORK path=HEADS_AVX_B32 layer=3 optimized=0 PH_calls=0 PH_physical_FMA=0 PH_useful_FMA=0 raw_H_bytes=0 packed_H_bytes=0 UB_scatter_bytes=0 head_switch_store_bytes=0 head_switch_reload_bytes=0 sparse_width_amplification=6.4 traffic_is_logical_not_DRAM=true no_full_Z_U_e_alpha=true bounded_V_in_local_memory=true
PROFILE_IDENTITY path=HEADS_AMX_HILO_B16 layer=1 bit_fingerprint_equal=1
PROFILE path=HEADS_AMX_HILO_B16 layer=1 optimized=1 layer_wall_ms=50.687882 kernel_wall_ms=45.988834 sampled_head_tiles=664 worker_times_are_sampled_sums=true source_index_worker_ms=0.039636 score_worker_ms=0.540438 block_max_worker_ms=0.258031 exp_den_worker_ms=0.065007 H_pack_worker_ms=1.052878 P_pack_worker_ms=0.256602 PH_load_worker_ms=1.043757 PH_compute_worker_ms=1.392906 PH_store_scatter_worker_ms=0.433799 UB_convert_worker_ms=0.161991 UW_load_worker_ms=0.385636 UW_compute_worker_ms=0.437035 V_store_worker_ms=0.053244 V_reload_worker_ms=0.031631 row_rescale_worker_ms=0.040561 transition_worker_ms=0.01943 output_write_worker_ms=0.257056 scheduling_worker_ms=0.171881 tile_config_worker_ms=0.041132 fallback_gather_worker_ms=0 fallback_UB_convert_worker_ms=0 fallback_AMX_load_compute_worker_ms=0 baseline_rescale_store_worker_ms=0 baseline_rescale_vector_worker_ms=0.040561 baseline_rescale_reload_worker_ms=0 fallback_final_store_worker_ms=0 instruction_span_timers_have_overhead=true
ONLINE_STATS path=HEADS_AMX_HILO_B16 layer=1 block=16 heads=8 D=128 d=32 edges=2484941 blocks=2040112 max_updates_including_initial=1509298 rescales=154554 rescale_per_block=0.0757576054648 P50=0 P90=0 P95=0.333333333333 P99=0.5 rescaled_feature_elements=4945728 rescale_events=34791 spill_bytes=0 reload_bytes=0 UW_calls=1058432 UW_physical_FMA=8670674944 head_tiles=84672 projection_groups=132304
HEAD_WORK path=HEADS_AMX_HILO_B16 layer=1 optimized=1 PH_calls=4080224 PH_physical_FMA=16712597504 PH_useful_FMA=2544579584 raw_H_bytes=636144896 packed_H_bytes=2089074688 UB_scatter_bytes=1044537344 head_switch_store_bytes=270958592 head_switch_reload_bytes=97550336 sparse_width_amplification=4 traffic_is_logical_not_DRAM=true no_full_Z_U_e_alpha=true bounded_V_in_local_memory=true
PROFILE_IDENTITY path=HEADS_AMX_HILO_B16 layer=2 bit_fingerprint_equal=1
PROFILE path=HEADS_AMX_HILO_B16 layer=2 optimized=1 layer_wall_ms=91.929366 kernel_wall_ms=85.952769 sampled_head_tiles=664 worker_times_are_sampled_sums=true source_index_worker_ms=0.036377 score_worker_ms=0.670737 block_max_worker_ms=0.273299 exp_den_worker_ms=0.070932 H_pack_worker_ms=3.753084 P_pack_worker_ms=0.258538 PH_load_worker_ms=2.210316 PH_compute_worker_ms=2.346716 PH_store_scatter_worker_ms=0.883395 UB_convert_worker_ms=0.391078 UW_load_worker_ms=0.732476 UW_compute_worker_ms=0.612164 V_store_worker_ms=0.058845 V_reload_worker_ms=0.033229 row_rescale_worker_ms=0.041486 transition_worker_ms=0.02118 output_write_worker_ms=0.242706 scheduling_worker_ms=0.160965 tile_config_worker_ms=0.049118 fallback_gather_worker_ms=0 fallback_UB_convert_worker_ms=0 fallback_AMX_load_compute_worker_ms=0 baseline_rescale_store_worker_ms=0 baseline_rescale_vector_worker_ms=0.041486 baseline_rescale_reload_worker_ms=0 fallback_final_store_worker_ms=0 instruction_span_timers_have_overhead=true
ONLINE_STATS path=HEADS_AMX_HILO_B16 layer=2 block=16 heads=8 D=256 d=32 edges=2484941 blocks=2040112 max_updates_including_initial=1515365 rescales=160621 rescale_per_block=0.0787314618021 P50=0 P90=0 P95=0.4 P99=0.5 rescaled_feature_elements=5139872 rescale_events=35332 spill_bytes=0 reload_bytes=0 UW_calls=2116864 UW_physical_FMA=17341349888 head_tiles=84672 projection_groups=132304
HEAD_WORK path=HEADS_AMX_HILO_B16 layer=2 optimized=1 PH_calls=8160448 PH_physical_FMA=33425195008 PH_useful_FMA=5089159168 raw_H_bytes=1272289792 packed_H_bytes=4178149376 UB_scatter_bytes=2089074688 head_switch_store_bytes=270958592 head_switch_reload_bytes=97550336 sparse_width_amplification=8 traffic_is_logical_not_DRAM=true no_full_Z_U_e_alpha=true bounded_V_in_local_memory=true
PROFILE_IDENTITY path=HEADS_AMX_HILO_B16 layer=3 bit_fingerprint_equal=1
PROFILE path=HEADS_AMX_HILO_B16 layer=3 optimized=0 layer_wall_ms=26.118307 kernel_wall_ms=23.114673 sampled_head_tiles=83 worker_times_are_sampled_sums=true source_index_worker_ms=0 score_worker_ms=0.162135 block_max_worker_ms=0.039802 exp_den_worker_ms=0.011579 H_pack_worker_ms=0 P_pack_worker_ms=0 PH_load_worker_ms=0 PH_compute_worker_ms=0 PH_store_scatter_worker_ms=0 UB_convert_worker_ms=0 UW_load_worker_ms=0 UW_compute_worker_ms=0 V_store_worker_ms=0 V_reload_worker_ms=0 row_rescale_worker_ms=0 transition_worker_ms=0 output_write_worker_ms=0.093862 scheduling_worker_ms=0.093948 tile_config_worker_ms=0.03805 fallback_gather_worker_ms=1.223121 fallback_UB_convert_worker_ms=0.055459 fallback_AMX_load_compute_worker_ms=0.141305 baseline_rescale_store_worker_ms=0.003613 baseline_rescale_vector_worker_ms=0.006436 baseline_rescale_reload_worker_ms=0.002981 fallback_final_store_worker_ms=0.008464 instruction_span_timers_have_overhead=true
ONLINE_STATS path=HEADS_AMX_HILO_B16 layer=3 block=16 heads=1 D=256 d=40 edges=2484941 blocks=255014 max_updates_including_initial=189548 rescales=20205 rescale_per_block=0.0792309441835 P50=0 P90=0 P95=0.4 P99=0.5 rescaled_feature_elements=808200 rescale_events=4443 spill_bytes=13648896 reload_bytes=13648896 UW_calls=396912 UW_physical_FMA=3251503104 head_tiles=10584 projection_groups=16538
HEAD_WORK path=HEADS_AMX_HILO_B16 layer=3 optimized=0 PH_calls=0 PH_physical_FMA=0 PH_useful_FMA=0 raw_H_bytes=0 packed_H_bytes=0 UB_scatter_bytes=0 head_switch_store_bytes=0 head_switch_reload_bytes=0 sparse_width_amplification=6.4 traffic_is_logical_not_DRAM=true no_full_Z_U_e_alpha=true bounded_V_in_local_memory=true
PROFILE_IDENTITY path=HEADS_AMX_HILO_B32 layer=1 bit_fingerprint_equal=1
PROFILE path=HEADS_AMX_HILO_B32 layer=1 optimized=1 layer_wall_ms=40.217441 kernel_wall_ms=35.508214 sampled_head_tiles=664 worker_times_are_sampled_sums=true source_index_worker_ms=0.038256 score_worker_ms=0.551225 block_max_worker_ms=0.235409 exp_den_worker_ms=0.059431 H_pack_worker_ms=0.986519 P_pack_worker_ms=0.199223 PH_load_worker_ms=0.824746 PH_compute_worker_ms=1.096899 PH_store_scatter_worker_ms=0.343803 UB_convert_worker_ms=0.128715 UW_load_worker_ms=0.296101 UW_compute_worker_ms=0.346648 V_store_worker_ms=0.044199 V_reload_worker_ms=0.019441 row_rescale_worker_ms=0.011735 transition_worker_ms=0.01546 output_write_worker_ms=0.26072 scheduling_worker_ms=0.178831 tile_config_worker_ms=0.040814 fallback_gather_worker_ms=0 fallback_UB_convert_worker_ms=0 fallback_AMX_load_compute_worker_ms=0 baseline_rescale_store_worker_ms=0 baseline_rescale_vector_worker_ms=0.011735 baseline_rescale_reload_worker_ms=0 fallback_final_store_worker_ms=0 instruction_span_timers_have_overhead=true
ONLINE_STATS path=HEADS_AMX_HILO_B32 layer=1 block=32 heads=8 D=128 d=32 edges=2484941 blocks=1580688 max_updates_including_initial=1400775 rescales=46031 rescale_per_block=0.0291208638264 P50=0 P90=0 P95=0 P99=0.5 rescaled_feature_elements=1472992 rescale_events=11188 spill_bytes=0 reload_bytes=0 UW_calls=809664 UW_physical_FMA=6632767488 head_tiles=84672 projection_groups=101208
HEAD_WORK path=HEADS_AMX_HILO_B32 layer=1 optimized=1 PH_calls=3161376 PH_physical_FMA=12948996096 PH_useful_FMA=2544579584 raw_H_bytes=636144896 packed_H_bytes=1618624512 UB_scatter_bytes=809312256 head_switch_store_bytes=207273984 head_switch_reload_bytes=33865728 sparse_width_amplification=4 traffic_is_logical_not_DRAM=true no_full_Z_U_e_alpha=true bounded_V_in_local_memory=true
PROFILE_IDENTITY path=HEADS_AMX_HILO_B32 layer=2 bit_fingerprint_equal=1
PROFILE path=HEADS_AMX_HILO_B32 layer=2 optimized=1 layer_wall_ms=72.731018 kernel_wall_ms=66.774185 sampled_head_tiles=664 worker_times_are_sampled_sums=true source_index_worker_ms=0.039794 score_worker_ms=0.700756 block_max_worker_ms=0.248576 exp_den_worker_ms=0.064209 H_pack_worker_ms=2.993906 P_pack_worker_ms=0.227557 PH_load_worker_ms=1.730383 PH_compute_worker_ms=2.089465 PH_store_scatter_worker_ms=0.705799 UB_convert_worker_ms=0.302974 UW_load_worker_ms=0.56903 UW_compute_worker_ms=0.479793 V_store_worker_ms=0.048149 V_reload_worker_ms=0.019666 row_rescale_worker_ms=0.011329 transition_worker_ms=0.017847 output_write_worker_ms=0.248567 scheduling_worker_ms=0.169634 tile_config_worker_ms=0.041843 fallback_gather_worker_ms=0 fallback_UB_convert_worker_ms=0 fallback_AMX_load_compute_worker_ms=0 baseline_rescale_store_worker_ms=0 baseline_rescale_vector_worker_ms=0.011329 baseline_rescale_reload_worker_ms=0 fallback_final_store_worker_ms=0 instruction_span_timers_have_overhead=true
ONLINE_STATS path=HEADS_AMX_HILO_B32 layer=2 block=32 heads=8 D=256 d=32 edges=2484941 blocks=1580688 max_updates_including_initial=1403435 rescales=48691 rescale_per_block=0.0308036753616 P50=0 P90=0 P95=0 P99=0.5 rescaled_feature_elements=1558112 rescale_events=11374 spill_bytes=0 reload_bytes=0 UW_calls=1619328 UW_physical_FMA=13265534976 head_tiles=84672 projection_groups=101208
HEAD_WORK path=HEADS_AMX_HILO_B32 layer=2 optimized=1 PH_calls=6322752 PH_physical_FMA=25897992192 PH_useful_FMA=5089159168 raw_H_bytes=1272289792 packed_H_bytes=3237249024 UB_scatter_bytes=1618624512 head_switch_store_bytes=207273984 head_switch_reload_bytes=33865728 sparse_width_amplification=8 traffic_is_logical_not_DRAM=true no_full_Z_U_e_alpha=true bounded_V_in_local_memory=true
PROFILE_IDENTITY path=HEADS_AMX_HILO_B32 layer=3 bit_fingerprint_equal=1
PROFILE path=HEADS_AMX_HILO_B32 layer=3 optimized=0 layer_wall_ms=25.811551 kernel_wall_ms=22.812681 sampled_head_tiles=83 worker_times_are_sampled_sums=true source_index_worker_ms=0 score_worker_ms=0.162187 block_max_worker_ms=0.035663 exp_den_worker_ms=0.01074 H_pack_worker_ms=0 P_pack_worker_ms=0 PH_load_worker_ms=0 PH_compute_worker_ms=0 PH_store_scatter_worker_ms=0 UB_convert_worker_ms=0 UW_load_worker_ms=0 UW_compute_worker_ms=0 V_store_worker_ms=0 V_reload_worker_ms=0 row_rescale_worker_ms=0 transition_worker_ms=0 output_write_worker_ms=0.095693 scheduling_worker_ms=0.086616 tile_config_worker_ms=0.038303 fallback_gather_worker_ms=1.246966 fallback_UB_convert_worker_ms=0.043431 fallback_AMX_load_compute_worker_ms=0.142552 baseline_rescale_store_worker_ms=0.001044 baseline_rescale_vector_worker_ms=0.001606 baseline_rescale_reload_worker_ms=0.001163 fallback_final_store_worker_ms=0.008153 instruction_span_timers_have_overhead=true
ONLINE_STATS path=HEADS_AMX_HILO_B32 layer=3 block=32 heads=1 D=256 d=40 edges=2484941 blocks=197586 max_updates_including_initial=175524 rescales=6181 rescale_per_block=0.0312825807496 P50=0 P90=0 P95=0 P99=0.5 rescaled_feature_elements=247240 rescale_events=1430 spill_bytes=4392960 reload_bytes=4392960 UW_calls=303624 UW_physical_FMA=2487287808 head_tiles=10584 projection_groups=12651
HEAD_WORK path=HEADS_AMX_HILO_B32 layer=3 optimized=0 PH_calls=0 PH_physical_FMA=0 PH_useful_FMA=0 raw_H_bytes=0 packed_H_bytes=0 UB_scatter_bytes=0 head_switch_store_bytes=0 head_switch_reload_bytes=0 sparse_width_amplification=6.4 traffic_is_logical_not_DRAM=true no_full_Z_U_e_alpha=true bounded_V_in_local_memory=true
ICPP_HEADS_COMPLETE architecture=DegreeSort_TR16_sharedH_PH_AMX_UW_fusion no_global_U_Z_e_alpha=true PH_coefficients=FP32_or_BF16_high_plus_low normalization_FP32=true independent_heads=true bounded_V_in_local_memory=true source_width_amplification_retained=true master_gate=SEE_PER_LAYER_ERRORS performance=EXPLORATORY task_accuracy=UNVERIFIED
