CONFIG N=2449029 E=126167053 Din=100 C=47 threads=16 check_runs=1 warmups=1 repeats=3 degree_sort_ms=328.120694 seed=11 untrained=true LR_policy=fp32 panel=64 tile_rows=16 attention_independent=true master_abs_gate=.003 performance=EXPLORATORY task_accuracy=UNVERIFIED
STATIC layer=1 weight_and_bLR_prepare_ms=1.746593 heads_workspace_bytes=3939808104 full_Z_bytes=0 edge_score_bytes=0 alpha_bytes=0 optimized_U_bytes=1048576 local_V_bytes=262144
STATIC layer=2 weight_and_bLR_prepare_ms=0.289263 heads_workspace_bytes=4705346944 full_Z_bytes=0 edge_score_bytes=0 alpha_bytes=0 optimized_U_bytes=2097152 local_V_bytes=262144
STATIC layer=3 weight_and_bLR_prepare_ms=6.383197 heads_workspace_bytes=1832463516 full_Z_bytes=0 edge_score_bytes=0 alpha_bytes=0 optimized_U_bytes=0 local_V_bytes=0
CHECK path=B0_FP32 layer=1 reference=B0_FP32_own_output_3layer max_abs_error=0 mean_abs_error=0 relative_L2_error=0 finite=1 original_abs_003_gate=PASS task_accuracy=UNVERIFIED
CHECK path=B0_FP32 layer=2 reference=B0_FP32_own_output_3layer max_abs_error=0 mean_abs_error=0 relative_L2_error=0 finite=1 original_abs_003_gate=PASS task_accuracy=UNVERIFIED
CHECK path=B0_FP32 layer=3 reference=B0_FP32_own_output_3layer max_abs_error=0 mean_abs_error=0 relative_L2_error=0 finite=1 original_abs_003_gate=PASS task_accuracy=UNVERIFIED
CHECK path=B0_BF16 layer=1 reference=B0_FP32_own_output_3layer max_abs_error=14.9706115723 mean_abs_error=0.00119692686635 relative_L2_error=0.00353063576973 finite=1 original_abs_003_gate=FAIL task_accuracy=UNVERIFIED
CHECK path=B0_BF16 layer=2 reference=B0_FP32_own_output_3layer max_abs_error=35.8837661743 mean_abs_error=0.00723928537782 relative_L2_error=0.011932822175 finite=1 original_abs_003_gate=FAIL task_accuracy=UNVERIFIED
CHECK path=B0_BF16 layer=3 reference=B0_FP32_own_output_3layer max_abs_error=25.1209583282 mean_abs_error=0.016643214169 relative_L2_error=0.0253783411542 finite=1 original_abs_003_gate=FAIL task_accuracy=UNVERIFIED
CHECK path=B1_TFS_PREMAX layer=1 reference=B0_FP32_own_output_3layer max_abs_error=1.22430419922 mean_abs_error=0.000970540471734 relative_L2_error=0.00227497348632 finite=1 original_abs_003_gate=FAIL task_accuracy=UNVERIFIED
CHECK path=B1_TFS_PREMAX layer=2 reference=B0_FP32_own_output_3layer max_abs_error=25.7524185181 mean_abs_error=0.00527628179888 relative_L2_error=0.00586198824051 finite=1 original_abs_003_gate=FAIL task_accuracy=UNVERIFIED
CHECK path=B1_TFS_PREMAX layer=3 reference=B0_FP32_own_output_3layer max_abs_error=6.08370304108 mean_abs_error=0.0135726650523 relative_L2_error=0.0150830626942 finite=1 original_abs_003_gate=FAIL task_accuracy=UNVERIFIED
CHECK path=ICPP_TFS_PAIR_B32 layer=1 reference=B0_FP32_own_output_3layer max_abs_error=1.22430419922 mean_abs_error=0.000969079499589 relative_L2_error=0.00226808801184 finite=1 original_abs_003_gate=FAIL task_accuracy=UNVERIFIED
CHECK path=ICPP_TFS_PAIR_B32 layer=2 reference=B0_FP32_own_output_3layer max_abs_error=25.6116943359 mean_abs_error=0.00526787531363 relative_L2_error=0.00585282620417 finite=1 original_abs_003_gate=FAIL task_accuracy=UNVERIFIED
CHECK path=ICPP_TFS_PAIR_B32 layer=3 reference=B0_FP32_own_output_3layer max_abs_error=6.01900291443 mean_abs_error=0.0135793652594 relative_L2_error=0.015091784138 finite=1 original_abs_003_gate=FAIL task_accuracy=UNVERIFIED
CHECK path=ICPP_TFS_BLOCK_B32 layer=1 reference=B0_FP32_own_output_3layer max_abs_error=1.22430419922 mean_abs_error=0.00112307183555 relative_L2_error=0.00237683791508 finite=1 original_abs_003_gate=FAIL task_accuracy=UNVERIFIED
CHECK path=ICPP_TFS_BLOCK_B32 layer=2 reference=B0_FP32_own_output_3layer max_abs_error=26.5632553101 mean_abs_error=0.00557445176782 relative_L2_error=0.00599228985626 finite=1 original_abs_003_gate=FAIL task_accuracy=UNVERIFIED
CHECK path=ICPP_TFS_BLOCK_B32 layer=3 reference=B0_FP32_own_output_3layer max_abs_error=6.04270648956 mean_abs_error=0.013937158962 relative_L2_error=0.0151267222112 finite=1 original_abs_003_gate=FAIL task_accuracy=UNVERIFIED
CHECK path=HEADS_AVX_B16 layer=1 reference=B0_FP32_own_output_3layer max_abs_error=1.22430419922 mean_abs_error=0.00109550909833 relative_L2_error=0.00234437236367 finite=1 original_abs_003_gate=FAIL task_accuracy=UNVERIFIED
CHECK path=HEADS_AVX_B16 layer=2 reference=B0_FP32_own_output_3layer max_abs_error=25.9700012207 mean_abs_error=0.00550684020661 relative_L2_error=0.00594869560261 finite=1 original_abs_003_gate=FAIL task_accuracy=UNVERIFIED
CHECK path=HEADS_AVX_B16 layer=3 reference=B0_FP32_own_output_3layer max_abs_error=6.17544651031 mean_abs_error=0.0139367281983 relative_L2_error=0.0152522564879 finite=1 original_abs_003_gate=FAIL task_accuracy=UNVERIFIED
CHECK path=HEADS_AVX_B32 layer=1 reference=B0_FP32_own_output_3layer max_abs_error=1.22430419922 mean_abs_error=0.00112307183555 relative_L2_error=0.00237683791508 finite=1 original_abs_003_gate=FAIL task_accuracy=UNVERIFIED
CHECK path=HEADS_AVX_B32 layer=2 reference=B0_FP32_own_output_3layer max_abs_error=26.5632553101 mean_abs_error=0.00557445176782 relative_L2_error=0.00599228985626 finite=1 original_abs_003_gate=FAIL task_accuracy=UNVERIFIED
CHECK path=HEADS_AVX_B32 layer=3 reference=B0_FP32_own_output_3layer max_abs_error=6.04270648956 mean_abs_error=0.013937158962 relative_L2_error=0.0151267222112 finite=1 original_abs_003_gate=FAIL task_accuracy=UNVERIFIED
CHECK path=HEADS_AMX_HILO_B16 layer=1 reference=B0_FP32_own_output_3layer max_abs_error=1.22430419922 mean_abs_error=0.00109550999671 relative_L2_error=0.00234436961049 finite=1 original_abs_003_gate=FAIL task_accuracy=UNVERIFIED
CHECK path=HEADS_AMX_HILO_B16 layer=2 reference=B0_FP32_own_output_3layer max_abs_error=25.9700012207 mean_abs_error=0.00550685473762 relative_L2_error=0.00594877778443 finite=1 original_abs_003_gate=FAIL task_accuracy=UNVERIFIED
CHECK path=HEADS_AMX_HILO_B16 layer=3 reference=B0_FP32_own_output_3layer max_abs_error=6.17698764801 mean_abs_error=0.0139367233956 relative_L2_error=0.0152524196006 finite=1 original_abs_003_gate=FAIL task_accuracy=UNVERIFIED
CHECK path=HEADS_AMX_HILO_B32 layer=1 reference=B0_FP32_own_output_3layer max_abs_error=1.22430419922 mean_abs_error=0.00112307320073 relative_L2_error=0.0023768413373 finite=1 original_abs_003_gate=FAIL task_accuracy=UNVERIFIED
CHECK path=HEADS_AMX_HILO_B32 layer=2 reference=B0_FP32_own_output_3layer max_abs_error=26.5632553101 mean_abs_error=0.00557452984133 relative_L2_error=0.00599229493369 finite=1 original_abs_003_gate=FAIL task_accuracy=UNVERIFIED
CHECK path=HEADS_AMX_HILO_B32 layer=3 reference=B0_FP32_own_output_3layer max_abs_error=6.04773712158 mean_abs_error=0.0139367453552 relative_L2_error=0.0151268067135 finite=1 original_abs_003_gate=FAIL task_accuracy=UNVERIFIED
{"path":"B0_FP32","rep":0,"layer":1,"e2e_ms":3864.041286,"layer_ms":1633.374698,"projection_ms":68.229328,"conversion_ms":3.5e-05,"lr_ms":19.60813,"max_prescan_ms":41.010281,"kernel_ms":1456.451823,"normalization_ms":22.929819,"activation_ms":25.144713,"block":0}
{"path":"B0_FP32","rep":0,"layer":2,"e2e_ms":3864.041286,"layer_ms":1707.388028,"projection_ms":147.686476,"conversion_ms":2.1e-05,"lr_ms":20.430188,"max_prescan_ms":41.054439,"kernel_ms":1451.70782,"normalization_ms":22.168439,"activation_ms":24.340073,"block":0}
{"path":"B0_FP32","rep":0,"layer":3,"e2e_ms":3864.041286,"layer_ms":523.275915,"projection_ms":68.795062,"conversion_ms":2e-05,"lr_ms":3.751048,"max_prescan_ms":25.69468,"kernel_ms":421.034052,"normalization_ms":4.000559,"activation_ms":3.7e-05,"block":0}
{"path":"B0_BF16","rep":0,"layer":1,"e2e_ms":3762.104591,"layer_ms":1629.46982,"projection_ms":53.675344,"conversion_ms":12.7451,"lr_ms":19.224079,"max_prescan_ms":40.890809,"kernel_ms":1454.838026,"normalization_ms":22.919092,"activation_ms":25.176473,"block":0}
{"path":"B0_BF16","rep":0,"layer":2,"e2e_ms":3762.104591,"layer_ms":1639.486491,"projection_ms":60.906277,"conversion_ms":23.099171,"lr_ms":20.246083,"max_prescan_ms":41.050335,"kernel_ms":1447.721542,"normalization_ms":22.154304,"activation_ms":24.308266,"block":0}
{"path":"B0_BF16","rep":0,"layer":3,"e2e_ms":3762.104591,"layer_ms":493.145859,"projection_ms":14.625372,"conversion_ms":23.936043,"lr_ms":3.657445,"max_prescan_ms":25.790036,"kernel_ms":421.146368,"normalization_ms":3.990085,"activation_ms":0.000123,"block":0}
{"path":"B1_TFS_PREMAX","rep":0,"layer":1,"e2e_ms":15218.497336,"layer_ms":4844.70683,"projection_ms":0,"conversion_ms":13.987862,"lr_ms":12.852442,"max_prescan_ms":40.975382,"kernel_ms":4730.218923,"normalization_ms":22.364979,"activation_ms":24.306865,"block":0}
{"path":"B1_TFS_PREMAX","rep":0,"layer":2,"e2e_ms":15218.497336,"layer_ms":9093.614854,"projection_ms":0,"conversion_ms":22.433722,"lr_ms":25.183986,"max_prescan_ms":40.992873,"kernel_ms":8957.169275,"normalization_ms":22.743512,"activation_ms":25.090969,"block":0}
{"path":"B1_TFS_PREMAX","rep":0,"layer":3,"e2e_ms":15218.497336,"layer_ms":1280.169986,"projection_ms":0,"conversion_ms":22.98775,"lr_ms":23.053441,"max_prescan_ms":25.783489,"kernel_ms":1204.221911,"normalization_ms":4.122935,"activation_ms":2.9e-05,"block":0}
{"path":"ICPP_TFS_PAIR_B32","rep":0,"layer":1,"e2e_ms":10719.368668,"layer_ms":3025.732977,"projection_ms":0,"conversion_ms":11.747175,"lr_ms":12.792985,"max_prescan_ms":0,"kernel_ms":2954.057625,"normalization_ms":22.451627,"activation_ms":24.682747,"block":32}
{"path":"ICPP_TFS_PAIR_B32","rep":0,"layer":2,"e2e_ms":10719.368668,"layer_ms":6389.334682,"projection_ms":0,"conversion_ms":23.045753,"lr_ms":26.354934,"max_prescan_ms":0,"kernel_ms":6293.004184,"normalization_ms":22.250982,"activation_ms":24.678147,"block":32}
{"path":"ICPP_TFS_PAIR_B32","rep":0,"layer":3,"e2e_ms":10719.368668,"layer_ms":1304.291368,"projection_ms":0,"conversion_ms":24.148595,"lr_ms":22.852846,"max_prescan_ms":0,"kernel_ms":1253.03289,"normalization_ms":4.256373,"activation_ms":2.6e-05,"block":32}
{"path":"ICPP_TFS_BLOCK_B32","rep":0,"layer":1,"e2e_ms":14073.958912,"layer_ms":4115.495834,"projection_ms":0,"conversion_ms":11.863042,"lr_ms":12.602586,"max_prescan_ms":0,"kernel_ms":4044.534023,"normalization_ms":22.170169,"activation_ms":24.325608,"block":32}
{"path":"ICPP_TFS_BLOCK_B32","rep":0,"layer":2,"e2e_ms":14073.958912,"layer_ms":8837.168583,"projection_ms":0,"conversion_ms":22.730332,"lr_ms":25.145034,"max_prescan_ms":0,"kernel_ms":8742.402195,"normalization_ms":22.558845,"activation_ms":24.331602,"block":32}
{"path":"ICPP_TFS_BLOCK_B32","rep":0,"layer":3,"e2e_ms":14073.958912,"layer_ms":1121.28587,"projection_ms":0,"conversion_ms":21.943098,"lr_ms":22.960889,"max_prescan_ms":0,"kernel_ms":1072.398231,"normalization_ms":3.982896,"activation_ms":2.6e-05,"block":32}
{"path":"HEADS_AVX_B16","rep":0,"layer":1,"e2e_ms":4775.772628,"layer_ms":1327.380305,"projection_ms":0,"conversion_ms":12.500821,"lr_ms":12.895948,"max_prescan_ms":0,"kernel_ms":1250.697342,"normalization_ms":21.740284,"activation_ms":29.545489,"block":16}
{"path":"HEADS_AVX_B16","rep":0,"layer":2,"e2e_ms":4775.772628,"layer_ms":2439.750877,"projection_ms":0,"conversion_ms":24.178843,"lr_ms":24.987848,"max_prescan_ms":0,"kernel_ms":2336.338759,"normalization_ms":23.294011,"activation_ms":30.950861,"block":16}
{"path":"HEADS_AVX_B16","rep":0,"layer":3,"e2e_ms":4775.772628,"layer_ms":1008.631417,"projection_ms":0,"conversion_ms":22.683024,"lr_ms":22.573578,"max_prescan_ms":0,"kernel_ms":959.384792,"normalization_ms":3.989324,"activation_ms":6.9e-05,"block":16}
{"path":"HEADS_AVX_B32","rep":0,"layer":1,"e2e_ms":4425.152295,"layer_ms":1228.05748,"projection_ms":0,"conversion_ms":8.29042,"lr_ms":12.029083,"max_prescan_ms":0,"kernel_ms":1156.491358,"normalization_ms":21.740418,"activation_ms":29.505589,"block":32}
{"path":"HEADS_AVX_B32","rep":0,"layer":2,"e2e_ms":4425.152295,"layer_ms":2056.033139,"projection_ms":0,"conversion_ms":18.953761,"lr_ms":24.367471,"max_prescan_ms":0,"kernel_ms":1958.500343,"normalization_ms":23.400317,"activation_ms":30.810711,"block":32}
{"path":"HEADS_AVX_B32","rep":0,"layer":3,"e2e_ms":4425.152295,"layer_ms":1141.055012,"projection_ms":0,"conversion_ms":19.02105,"lr_ms":22.494154,"max_prescan_ms":0,"kernel_ms":1095.538982,"normalization_ms":4.000118,"activation_ms":2.6e-05,"block":32}
{"path":"HEADS_AMX_HILO_B16","rep":0,"layer":1,"e2e_ms":4899.243467,"layer_ms":1373.328512,"projection_ms":0,"conversion_ms":8.286079,"lr_ms":11.957348,"max_prescan_ms":0,"kernel_ms":1307.050537,"normalization_ms":21.753152,"activation_ms":24.28099,"block":16}
{"path":"HEADS_AMX_HILO_B16","rep":0,"layer":2,"e2e_ms":4899.243467,"layer_ms":2537.25293,"projection_ms":0,"conversion_ms":19.003662,"lr_ms":24.360979,"max_prescan_ms":0,"kernel_ms":2442.951438,"normalization_ms":23.373052,"activation_ms":27.563214,"block":16}
{"path":"HEADS_AMX_HILO_B16","rep":0,"layer":3,"e2e_ms":4899.243467,"layer_ms":988.655015,"projection_ms":0,"conversion_ms":19.083254,"lr_ms":22.49172,"max_prescan_ms":0,"kernel_ms":943.078831,"normalization_ms":4.000265,"activation_ms":2.8e-05,"block":16}
{"path":"HEADS_AMX_HILO_B32","rep":0,"layer":1,"e2e_ms":4097.740646,"layer_ms":1058.273133,"projection_ms":0,"conversion_ms":8.267698,"lr_ms":12.02465,"max_prescan_ms":0,"kernel_ms":991.936929,"normalization_ms":21.730086,"activation_ms":24.313351,"block":32}
{"path":"HEADS_AMX_HILO_B32","rep":0,"layer":2,"e2e_ms":4097.740646,"layer_ms":1916.977197,"projection_ms":0,"conversion_ms":18.929304,"lr_ms":24.335079,"max_prescan_ms":0,"kernel_ms":1822.897425,"normalization_ms":23.293078,"activation_ms":27.521883,"block":32}
{"path":"HEADS_AMX_HILO_B32","rep":0,"layer":3,"e2e_ms":4097.740646,"layer_ms":1122.482881,"projection_ms":0,"conversion_ms":19.033749,"lr_ms":22.487885,"max_prescan_ms":0,"kernel_ms":1076.965719,"normalization_ms":3.994654,"activation_ms":0.000223,"block":32}
{"path":"HEADS_AMX_HILO_B32","rep":1,"layer":1,"e2e_ms":4124.132503,"layer_ms":1073.198653,"projection_ms":0,"conversion_ms":8.265856,"lr_ms":12.01051,"max_prescan_ms":0,"kernel_ms":1006.860824,"normalization_ms":21.766366,"activation_ms":24.294466,"block":32}
{"path":"HEADS_AMX_HILO_B32","rep":1,"layer":2,"e2e_ms":4124.132503,"layer_ms":1911.534602,"projection_ms":0,"conversion_ms":19.234948,"lr_ms":24.34402,"max_prescan_ms":0,"kernel_ms":1817.110854,"normalization_ms":23.300613,"activation_ms":27.543659,"block":32}
{"path":"HEADS_AMX_HILO_B32","rep":1,"layer":3,"e2e_ms":4124.132503,"layer_ms":1139.392163,"projection_ms":0,"conversion_ms":19.113038,"lr_ms":22.475752,"max_prescan_ms":0,"kernel_ms":1093.821361,"normalization_ms":3.981156,"activation_ms":0.000229,"block":32}
{"path":"HEADS_AMX_HILO_B16","rep":1,"layer":1,"e2e_ms":4841.854753,"layer_ms":1364.815454,"projection_ms":0,"conversion_ms":8.259817,"lr_ms":12.002659,"max_prescan_ms":0,"kernel_ms":1298.452366,"normalization_ms":21.800962,"activation_ms":24.299226,"block":16}
{"path":"HEADS_AMX_HILO_B16","rep":1,"layer":2,"e2e_ms":4841.854753,"layer_ms":2487.077659,"projection_ms":0,"conversion_ms":19.279878,"lr_ms":24.32237,"max_prescan_ms":0,"kernel_ms":2393.172272,"normalization_ms":23.323015,"activation_ms":26.979792,"block":16}
{"path":"HEADS_AMX_HILO_B16","rep":1,"layer":3,"e2e_ms":4841.854753,"layer_ms":989.954463,"projection_ms":0,"conversion_ms":19.117939,"lr_ms":22.562092,"max_prescan_ms":0,"kernel_ms":944.271125,"normalization_ms":4.002438,"activation_ms":0.000286,"block":16}
{"path":"HEADS_AVX_B32","rep":1,"layer":1,"e2e_ms":4382.13076,"layer_ms":1204.885804,"projection_ms":0,"conversion_ms":8.260689,"lr_ms":12.066787,"max_prescan_ms":0,"kernel_ms":1138.456973,"normalization_ms":21.780364,"activation_ms":24.320396,"block":32}
{"path":"HEADS_AVX_B32","rep":1,"layer":2,"e2e_ms":4382.13076,"layer_ms":2060.551666,"projection_ms":0,"conversion_ms":19.025863,"lr_ms":24.365607,"max_prescan_ms":0,"kernel_ms":1963.089227,"normalization_ms":23.290209,"activation_ms":30.780106,"block":32}
{"path":"HEADS_AVX_B32","rep":1,"layer":3,"e2e_ms":4382.13076,"layer_ms":1116.686255,"projection_ms":0,"conversion_ms":19.144449,"lr_ms":22.4504,"max_prescan_ms":0,"kernel_ms":1071.088994,"normalization_ms":4.001619,"activation_ms":2.7e-05,"block":32}
{"path":"HEADS_AVX_B16","rep":1,"layer":1,"e2e_ms":4762.775479,"layer_ms":1307.741123,"projection_ms":0,"conversion_ms":8.261738,"lr_ms":12.038799,"max_prescan_ms":0,"kernel_ms":1241.337155,"normalization_ms":21.77849,"activation_ms":24.324378,"block":16}
{"path":"HEADS_AVX_B16","rep":1,"layer":2,"e2e_ms":4762.775479,"layer_ms":2456.34341,"projection_ms":0,"conversion_ms":19.069711,"lr_ms":24.365148,"max_prescan_ms":0,"kernel_ms":2358.853555,"normalization_ms":23.282955,"activation_ms":30.771346,"block":16}
{"path":"HEADS_AVX_B16","rep":1,"layer":3,"e2e_ms":4762.775479,"layer_ms":998.683824,"projection_ms":0,"conversion_ms":19.0841,"lr_ms":22.494384,"max_prescan_ms":0,"kernel_ms":953.106086,"normalization_ms":3.99848,"activation_ms":2.6e-05,"block":16}
{"path":"ICPP_TFS_BLOCK_B32","rep":1,"layer":1,"e2e_ms":13997.515279,"layer_ms":4090.702747,"projection_ms":0,"conversion_ms":9.141962,"lr_ms":12.076632,"max_prescan_ms":0,"kernel_ms":4023.008476,"normalization_ms":22.135268,"activation_ms":24.339796,"block":32}
{"path":"ICPP_TFS_BLOCK_B32","rep":1,"layer":2,"e2e_ms":13997.515279,"layer_ms":8786.207978,"projection_ms":0,"conversion_ms":19.965561,"lr_ms":24.512181,"max_prescan_ms":0,"kernel_ms":8694.89324,"normalization_ms":22.482256,"activation_ms":24.353944,"block":32}
{"path":"ICPP_TFS_BLOCK_B32","rep":1,"layer":3,"e2e_ms":13997.515279,"layer_ms":1120.596345,"projection_ms":0,"conversion_ms":19.344245,"lr_ms":22.859495,"max_prescan_ms":0,"kernel_ms":1074.408518,"normalization_ms":3.983275,"activation_ms":2.7e-05,"block":32}
{"path":"ICPP_TFS_PAIR_B32","rep":1,"layer":1,"e2e_ms":10616.037006,"layer_ms":3018.415695,"projection_ms":0,"conversion_ms":11.028624,"lr_ms":12.377516,"max_prescan_ms":0,"kernel_ms":2947.981588,"normalization_ms":22.350526,"activation_ms":24.677095,"block":32}
{"path":"ICPP_TFS_PAIR_B32","rep":1,"layer":2,"e2e_ms":10616.037006,"layer_ms":6292.237986,"projection_ms":0,"conversion_ms":20.494646,"lr_ms":25.74033,"max_prescan_ms":0,"kernel_ms":6198.724538,"normalization_ms":22.306887,"activation_ms":24.971149,"block":32}
{"path":"ICPP_TFS_PAIR_B32","rep":1,"layer":3,"e2e_ms":10616.037006,"layer_ms":1305.37608,"projection_ms":0,"conversion_ms":20.369516,"lr_ms":22.913416,"max_prescan_ms":0,"kernel_ms":1257.838008,"normalization_ms":4.254477,"activation_ms":3.6e-05,"block":32}
{"path":"B1_TFS_PREMAX","rep":1,"layer":1,"e2e_ms":15198.386396,"layer_ms":4825.916536,"projection_ms":0,"conversion_ms":11.080727,"lr_ms":12.546716,"max_prescan_ms":40.921367,"kernel_ms":4714.419149,"normalization_ms":22.369844,"activation_ms":24.578372,"block":0}
{"path":"B1_TFS_PREMAX","rep":1,"layer":2,"e2e_ms":15198.386396,"layer_ms":9075.082689,"projection_ms":0,"conversion_ms":21.089,"lr_ms":24.930998,"max_prescan_ms":40.974946,"kernel_ms":8939.985191,"normalization_ms":22.674461,"activation_ms":25.427671,"block":0}
{"path":"B1_TFS_PREMAX","rep":1,"layer":3,"e2e_ms":15198.386396,"layer_ms":1297.382191,"projection_ms":0,"conversion_ms":22.04457,"lr_ms":23.091272,"max_prescan_ms":25.77552,"kernel_ms":1222.370909,"normalization_ms":4.099448,"activation_ms":3.5e-05,"block":0}
{"path":"B0_BF16","rep":1,"layer":1,"e2e_ms":3782.729063,"layer_ms":1635.453644,"projection_ms":58.958556,"conversion_ms":10.974319,"lr_ms":19.351525,"max_prescan_ms":40.948983,"kernel_ms":1457.133194,"normalization_ms":22.915194,"activation_ms":25.171559,"block":0}
{"path":"B0_BF16","rep":1,"layer":2,"e2e_ms":3782.729063,"layer_ms":1653.322814,"projection_ms":64.988315,"conversion_ms":22.815921,"lr_ms":20.289477,"max_prescan_ms":41.143614,"kernel_ms":1457.169165,"normalization_ms":22.201948,"activation_ms":24.713988,"block":0}
{"path":"B0_BF16","rep":1,"layer":3,"e2e_ms":3782.729063,"layer_ms":493.949662,"projection_ms":15.914792,"conversion_ms":23.455285,"lr_ms":3.70437,"max_prescan_ms":25.779894,"kernel_ms":421.097143,"normalization_ms":3.997758,"activation_ms":2.6e-05,"block":0}
{"path":"B0_FP32","rep":1,"layer":1,"e2e_ms":3855.633223,"layer_ms":1624.34016,"projection_ms":63.403906,"conversion_ms":3.5e-05,"lr_ms":19.515891,"max_prescan_ms":40.895645,"kernel_ms":1452.483323,"normalization_ms":22.906865,"activation_ms":25.13384,"block":0}
{"path":"B0_FP32","rep":1,"layer":2,"e2e_ms":3855.633223,"layer_ms":1707.852992,"projection_ms":144.986301,"conversion_ms":2.9e-05,"lr_ms":20.402508,"max_prescan_ms":41.03739,"kernel_ms":1454.961695,"normalization_ms":22.165989,"activation_ms":24.298663,"block":0}
{"path":"B0_FP32","rep":1,"layer":3,"e2e_ms":3855.633223,"layer_ms":523.437815,"projection_ms":68.661508,"conversion_ms":2.1e-05,"lr_ms":3.716812,"max_prescan_ms":25.714612,"kernel_ms":421.340561,"normalization_ms":4.003901,"activation_ms":3e-05,"block":0}
{"path":"B0_FP32","rep":2,"layer":1,"e2e_ms":3849.766276,"layer_ms":1617.834919,"projection_ms":62.472232,"conversion_ms":3.9e-05,"lr_ms":19.576563,"max_prescan_ms":40.934441,"kernel_ms":1446.464775,"normalization_ms":22.884415,"activation_ms":25.502001,"block":0}
{"path":"B0_FP32","rep":2,"layer":2,"e2e_ms":3849.766276,"layer_ms":1708.812001,"projection_ms":145.143594,"conversion_ms":2.1e-05,"lr_ms":20.1757,"max_prescan_ms":40.992356,"kernel_ms":1455.99667,"normalization_ms":22.170893,"activation_ms":24.332497,"block":0}
{"path":"B0_FP32","rep":2,"layer":3,"e2e_ms":3849.766276,"layer_ms":523.116983,"projection_ms":68.688752,"conversion_ms":2.1e-05,"lr_ms":3.755729,"max_prescan_ms":25.698404,"kernel_ms":420.983847,"normalization_ms":3.989681,"activation_ms":2.9e-05,"block":0}
{"path":"B0_BF16","rep":2,"layer":1,"e2e_ms":3750.853788,"layer_ms":1618.309262,"projection_ms":52.737109,"conversion_ms":9.718851,"lr_ms":19.280098,"max_prescan_ms":40.889345,"kernel_ms":1447.517432,"normalization_ms":22.963027,"activation_ms":25.202197,"block":0}
{"path":"B0_BF16","rep":2,"layer":2,"e2e_ms":3750.853788,"layer_ms":1643.898033,"projection_ms":61.212761,"conversion_ms":19.587825,"lr_ms":20.09935,"max_prescan_ms":41.055919,"kernel_ms":1455.391248,"normalization_ms":22.165277,"activation_ms":24.385343,"block":0}
{"path":"B0_BF16","rep":2,"layer":3,"e2e_ms":3750.853788,"layer_ms":488.643685,"projection_ms":14.594469,"conversion_ms":19.731514,"lr_ms":3.695555,"max_prescan_ms":25.771818,"kernel_ms":420.8541,"normalization_ms":3.995713,"activation_ms":2.8e-05,"block":0}
{"path":"B1_TFS_PREMAX","rep":2,"layer":1,"e2e_ms":15169.347246,"layer_ms":4820.605537,"projection_ms":0,"conversion_ms":11.239709,"lr_ms":12.318645,"max_prescan_ms":40.919399,"kernel_ms":4709.461743,"normalization_ms":22.361337,"activation_ms":24.304314,"block":0}
{"path":"B1_TFS_PREMAX","rep":2,"layer":2,"e2e_ms":15169.347246,"layer_ms":9073.414864,"projection_ms":0,"conversion_ms":19.787823,"lr_ms":24.569491,"max_prescan_ms":40.951782,"kernel_ms":8940.338788,"normalization_ms":22.698204,"activation_ms":25.068299,"block":0}
{"path":"B1_TFS_PREMAX","rep":2,"layer":3,"e2e_ms":15169.347246,"layer_ms":1275.322648,"projection_ms":0,"conversion_ms":21.049522,"lr_ms":22.99105,"max_prescan_ms":25.755699,"kernel_ms":1201.373805,"normalization_ms":4.152109,"activation_ms":0.000114,"block":0}
{"path":"ICPP_TFS_PAIR_B32","rep":2,"layer":1,"e2e_ms":10631.639981,"layer_ms":3006.797821,"projection_ms":0,"conversion_ms":10.590246,"lr_ms":12.439226,"max_prescan_ms":0,"kernel_ms":2936.667636,"normalization_ms":22.41756,"activation_ms":24.682629,"block":32}
{"path":"ICPP_TFS_PAIR_B32","rep":2,"layer":2,"e2e_ms":10631.639981,"layer_ms":6319.183468,"projection_ms":0,"conversion_ms":20.811171,"lr_ms":25.934294,"max_prescan_ms":0,"kernel_ms":6225.473315,"normalization_ms":22.280757,"activation_ms":24.683222,"block":32}
{"path":"ICPP_TFS_PAIR_B32","rep":2,"layer":3,"e2e_ms":10631.639981,"layer_ms":1305.64982,"projection_ms":0,"conversion_ms":21.520831,"lr_ms":22.878193,"max_prescan_ms":0,"kernel_ms":1257.004107,"normalization_ms":4.246061,"activation_ms":2.6e-05,"block":32}
{"path":"ICPP_TFS_BLOCK_B32","rep":2,"layer":1,"e2e_ms":14085.401164,"layer_ms":4104.198806,"projection_ms":0,"conversion_ms":11.252902,"lr_ms":12.417025,"max_prescan_ms":0,"kernel_ms":4033.99108,"normalization_ms":22.161564,"activation_ms":24.375362,"block":32}
{"path":"ICPP_TFS_BLOCK_B32","rep":2,"layer":2,"e2e_ms":14085.401164,"layer_ms":8856.298517,"projection_ms":0,"conversion_ms":22.221789,"lr_ms":25.02115,"max_prescan_ms":0,"kernel_ms":8762.183554,"normalization_ms":22.523733,"activation_ms":24.347494,"block":32}
{"path":"ICPP_TFS_BLOCK_B32","rep":2,"layer":3,"e2e_ms":14085.401164,"layer_ms":1124.895262,"projection_ms":0,"conversion_ms":22.054823,"lr_ms":22.921608,"max_prescan_ms":0,"kernel_ms":1075.922377,"normalization_ms":3.995842,"activation_ms":2.8e-05,"block":32}
{"path":"HEADS_AVX_B16","rep":2,"layer":1,"e2e_ms":4807.461842,"layer_ms":1324.42822,"projection_ms":0,"conversion_ms":12.5549,"lr_ms":12.829789,"max_prescan_ms":0,"kernel_ms":1247.755783,"normalization_ms":21.762229,"activation_ms":29.525076,"block":16}
{"path":"HEADS_AVX_B16","rep":2,"layer":2,"e2e_ms":4807.461842,"layer_ms":2491.265554,"projection_ms":0,"conversion_ms":24.353681,"lr_ms":24.999443,"max_prescan_ms":0,"kernel_ms":2387.777867,"normalization_ms":23.285018,"activation_ms":30.848658,"block":16}
{"path":"HEADS_AVX_B16","rep":2,"layer":3,"e2e_ms":4807.461842,"layer_ms":991.760192,"projection_ms":0,"conversion_ms":22.655571,"lr_ms":22.601618,"max_prescan_ms":0,"kernel_ms":942.499687,"normalization_ms":4.002439,"activation_ms":7e-05,"block":16}
{"path":"HEADS_AVX_B32","rep":2,"layer":1,"e2e_ms":4405.851231,"layer_ms":1212.734369,"projection_ms":0,"conversion_ms":8.275699,"lr_ms":11.994532,"max_prescan_ms":0,"kernel_ms":1146.352218,"normalization_ms":21.775467,"activation_ms":24.335868,"block":32}
{"path":"HEADS_AVX_B32","rep":2,"layer":2,"e2e_ms":4405.851231,"layer_ms":2058.045145,"projection_ms":0,"conversion_ms":19.256427,"lr_ms":24.336913,"max_prescan_ms":0,"kernel_ms":1960.370126,"normalization_ms":23.290928,"activation_ms":30.790075,"block":32}
{"path":"HEADS_AVX_B32","rep":2,"layer":3,"e2e_ms":4405.851231,"layer_ms":1135.065044,"projection_ms":0,"conversion_ms":19.052851,"lr_ms":22.548588,"max_prescan_ms":0,"kernel_ms":1089.467926,"normalization_ms":3.994845,"activation_ms":6.6e-05,"block":32}
{"path":"HEADS_AMX_HILO_B16","rep":2,"layer":1,"e2e_ms":4849.546726,"layer_ms":1363.368912,"projection_ms":0,"conversion_ms":8.241333,"lr_ms":12.156803,"max_prescan_ms":0,"kernel_ms":1296.97617,"normalization_ms":21.728678,"activation_ms":24.265479,"block":16}
{"path":"HEADS_AMX_HILO_B16","rep":2,"layer":2,"e2e_ms":4849.546726,"layer_ms":2485.328555,"projection_ms":0,"conversion_ms":19.321383,"lr_ms":24.383824,"max_prescan_ms":0,"kernel_ms":2390.85048,"normalization_ms":23.273561,"activation_ms":27.49884,"block":16}
{"path":"HEADS_AMX_HILO_B16","rep":2,"layer":3,"e2e_ms":4849.546726,"layer_ms":1000.841045,"projection_ms":0,"conversion_ms":19.087187,"lr_ms":22.546276,"max_prescan_ms":0,"kernel_ms":955.218479,"normalization_ms":3.988197,"activation_ms":0.000295,"block":16}
{"path":"HEADS_AMX_HILO_B32","rep":2,"layer":1,"e2e_ms":4045.659925,"layer_ms":1058.874678,"projection_ms":0,"conversion_ms":8.286727,"lr_ms":12.051416,"max_prescan_ms":0,"kernel_ms":992.425062,"normalization_ms":21.808093,"activation_ms":24.302949,"block":32}
{"path":"HEADS_AMX_HILO_B32","rep":2,"layer":2,"e2e_ms":4045.659925,"layer_ms":1866.834311,"projection_ms":0,"conversion_ms":19.311414,"lr_ms":24.353721,"max_prescan_ms":0,"kernel_ms":1772.290105,"normalization_ms":23.340929,"activation_ms":27.537715,"block":32}
{"path":"HEADS_AMX_HILO_B32","rep":2,"layer":3,"e2e_ms":4045.659925,"layer_ms":1119.944386,"projection_ms":0,"conversion_ms":19.066481,"lr_ms":22.470379,"max_prescan_ms":0,"kernel_ms":1074.425684,"normalization_ms":3.981147,"activation_ms":6.7e-05,"block":32}
CHECK path=HEADS_AVX_B16 layer=2 reference=FP32_same_input_same_contracted_LR_no_ELU max_abs_error=1.20500659943 mean_abs_error=0.00521389804125 relative_L2_error=0.00246762590932 finite=1 original_abs_003_gate=FAIL task_accuracy=UNVERIFIED
CHECK path=HEADS_AVX_B32 layer=2 reference=FP32_same_input_same_contracted_LR_no_ELU max_abs_error=1.20500659943 mean_abs_error=0.00533872992641 relative_L2_error=0.00251973802182 finite=1 original_abs_003_gate=FAIL task_accuracy=UNVERIFIED
CHECK path=HEADS_AMX_HILO_B16 layer=2 reference=FP32_same_input_same_contracted_LR_no_ELU max_abs_error=1.20500659943 mean_abs_error=0.00521390014084 relative_L2_error=0.00246761731743 finite=1 original_abs_003_gate=FAIL task_accuracy=UNVERIFIED
CHECK path=HEADS_AMX_HILO_B32 layer=2 reference=FP32_same_input_same_contracted_LR_no_ELU max_abs_error=1.20500659943 mean_abs_error=0.00533872682204 relative_L2_error=0.00251972365101 finite=1 original_abs_003_gate=FAIL task_accuracy=UNVERIFIED
PROFILE_IDENTITY path=HEADS_AVX_B16 layer=1 bit_fingerprint_equal=1
PROFILE path=HEADS_AVX_B16 layer=1 optimized=1 layer_wall_ms=1341.625013 kernel_wall_ms=1275.0972 sampled_head_tiles=9568 worker_times_are_sampled_sums=true source_index_worker_ms=1.480389 score_worker_ms=43.396718 block_max_worker_ms=13.513948 exp_den_worker_ms=2.914301 H_pack_worker_ms=0 P_pack_worker_ms=0 PH_load_worker_ms=0 PH_compute_worker_ms=113.831148 PH_store_scatter_worker_ms=0 UB_convert_worker_ms=6.815971 UW_load_worker_ms=13.64707 UW_compute_worker_ms=19.976454 V_store_worker_ms=1.734643 V_reload_worker_ms=1.813328 row_rescale_worker_ms=2.98396 transition_worker_ms=3.322435 output_write_worker_ms=4.086546 scheduling_worker_ms=2.51812 tile_config_worker_ms=0.039717 fallback_gather_worker_ms=0 fallback_UB_convert_worker_ms=0 fallback_AMX_load_compute_worker_ms=0 baseline_rescale_store_worker_ms=0 baseline_rescale_vector_worker_ms=2.98396 baseline_rescale_reload_worker_ms=0 fallback_final_store_worker_ms=0 instruction_span_timers_have_overhead=true
ONLINE_STATS path=HEADS_AVX_B16 layer=1 block=16 heads=8 D=100 d=32 edges=126167053 blocks=73164920 max_updates_including_initial=31066144 rescales=11473912 rescale_per_block=0.156822586562 P50=0 P90=0.4 P95=0.5 P99=0.666666666667 rescaled_feature_elements=367165184 rescale_events=2820436 spill_bytes=0 reload_bytes=0 UW_calls=36654720 UW_physical_FMA=300275466240 head_tiles=1224520 projection_groups=4581840
HEAD_WORK path=HEADS_AVX_B16 layer=1 optimized=1 PH_calls=0 PH_physical_FMA=113045679488 PH_useful_FMA=100933642400 raw_H_bytes=25233410600 packed_H_bytes=0 UB_scatter_bytes=32777884160 head_switch_store_bytes=9383608320 head_switch_reload_bytes=6875791360 sparse_width_amplification=3.125 traffic_is_logical_not_DRAM=true no_full_Z_U_e_alpha=true bounded_V_in_local_memory=true
PROFILE_IDENTITY path=HEADS_AVX_B16 layer=2 bit_fingerprint_equal=1
PROFILE path=HEADS_AVX_B16 layer=2 optimized=1 layer_wall_ms=2450.025685 kernel_wall_ms=2356.055838 sampled_head_tiles=9568 worker_times_are_sampled_sums=true source_index_worker_ms=1.614124 score_worker_ms=46.132707 block_max_worker_ms=13.659506 exp_den_worker_ms=3.466704 H_pack_worker_ms=0 P_pack_worker_ms=0 PH_load_worker_ms=0 PH_compute_worker_ms=227.916756 PH_store_scatter_worker_ms=0 UB_convert_worker_ms=13.808454 UW_load_worker_ms=27.419459 UW_compute_worker_ms=28.354215 V_store_worker_ms=2.062736 V_reload_worker_ms=1.880454 row_rescale_worker_ms=2.707529 transition_worker_ms=1.203295 output_write_worker_ms=4.734422 scheduling_worker_ms=2.607735 tile_config_worker_ms=0.042756 fallback_gather_worker_ms=0 fallback_UB_convert_worker_ms=0 fallback_AMX_load_compute_worker_ms=0 baseline_rescale_store_worker_ms=0 baseline_rescale_vector_worker_ms=2.707529 baseline_rescale_reload_worker_ms=0 fallback_final_store_worker_ms=0 instruction_span_timers_have_overhead=true
ONLINE_STATS path=HEADS_AVX_B16 layer=2 block=16 heads=8 D=256 d=32 edges=126167053 blocks=73164920 max_updates_including_initial=28995162 rescales=9402930 rescale_per_block=0.12851691767 P50=0 P90=0.333333333333 P95=0.5 P99=0.6 rescaled_feature_elements=300893760 rescale_events=2621278 spill_bytes=0 reload_bytes=0 UW_calls=73309440 UW_physical_FMA=600550932480 head_tiles=1224520 projection_groups=4581840
HEAD_WORK path=HEADS_AVX_B16 layer=2 optimized=1 PH_calls=0 PH_physical_FMA=258390124544 PH_useful_FMA=258390124544 raw_H_bytes=64597531136 packed_H_bytes=0 UB_scatter_bytes=74920878080 head_switch_store_bytes=9383608320 head_switch_reload_bytes=6875791360 sparse_width_amplification=8 traffic_is_logical_not_DRAM=true no_full_Z_U_e_alpha=true bounded_V_in_local_memory=true
PROFILE_IDENTITY path=HEADS_AVX_B16 layer=3 bit_fingerprint_equal=1
PROFILE path=HEADS_AVX_B16 layer=3 optimized=0 layer_wall_ms=1003.733558 kernel_wall_ms=957.452959 sampled_head_tiles=1196 worker_times_are_sampled_sums=true source_index_worker_ms=0 score_worker_ms=15.192017 block_max_worker_ms=1.879972 exp_den_worker_ms=0.437553 H_pack_worker_ms=0 P_pack_worker_ms=0 PH_load_worker_ms=0 PH_compute_worker_ms=0 PH_store_scatter_worker_ms=0 UB_convert_worker_ms=0 UW_load_worker_ms=0 UW_compute_worker_ms=0 V_store_worker_ms=0 V_reload_worker_ms=0 row_rescale_worker_ms=0 transition_worker_ms=0 output_write_worker_ms=1.88856 scheduling_worker_ms=3.195135 tile_config_worker_ms=0.045591 fallback_gather_worker_ms=98.876341 fallback_UB_convert_worker_ms=1.904312 fallback_AMX_load_compute_worker_ms=4.027664 baseline_rescale_store_worker_ms=0.304204 baseline_rescale_vector_worker_ms=0.485217 baseline_rescale_reload_worker_ms=0.197087 fallback_final_store_worker_ms=0.136617 instruction_span_timers_have_overhead=true
ONLINE_STATS path=HEADS_AVX_B16 layer=3 block=16 heads=1 D=256 d=47 edges=126167053 blocks=9145615 max_updates_including_initial=4066207 rescales=1617178 rescale_per_block=0.176825505994 P50=0 P90=0.5 P95=0.5 P99=0.666666666667 rescaled_feature_elements=76007366 rescale_events=359298 spill_bytes=1103763456 reload_bytes=1103763456 UW_calls=13745520 UW_physical_FMA=112603299840 head_tiles=153065 projection_groups=572730
HEAD_WORK path=HEADS_AVX_B16 layer=3 optimized=0 PH_calls=0 PH_physical_FMA=0 PH_useful_FMA=0 raw_H_bytes=0 packed_H_bytes=0 UB_scatter_bytes=0 head_switch_store_bytes=0 head_switch_reload_bytes=0 sparse_width_amplification=5.44680851064 traffic_is_logical_not_DRAM=true no_full_Z_U_e_alpha=true bounded_V_in_local_memory=true
PROFILE_IDENTITY path=HEADS_AVX_B32 layer=1 bit_fingerprint_equal=1
PROFILE path=HEADS_AVX_B32 layer=1 optimized=1 layer_wall_ms=1250.736962 kernel_wall_ms=1184.221628 sampled_head_tiles=9568 worker_times_are_sampled_sums=true source_index_worker_ms=1.364436 score_worker_ms=44.254568 block_max_worker_ms=11.952309 exp_den_worker_ms=2.431402 H_pack_worker_ms=0 P_pack_worker_ms=0 PH_load_worker_ms=0 PH_compute_worker_ms=110.721732 PH_store_scatter_worker_ms=0 UB_convert_worker_ms=4.010767 UW_load_worker_ms=7.908738 UW_compute_worker_ms=12.746033 V_store_worker_ms=1.081681 V_reload_worker_ms=0.887091 row_rescale_worker_ms=1.456505 transition_worker_ms=2.075072 output_write_worker_ms=4.138027 scheduling_worker_ms=2.49972 tile_config_worker_ms=0.039704 fallback_gather_worker_ms=0 fallback_UB_convert_worker_ms=0 fallback_AMX_load_compute_worker_ms=0 baseline_rescale_store_worker_ms=0 baseline_rescale_vector_worker_ms=1.456505 baseline_rescale_reload_worker_ms=0 fallback_final_store_worker_ms=0 instruction_span_timers_have_overhead=true
ONLINE_STATS path=HEADS_AVX_B32 layer=1 block=32 heads=8 D=100 d=32 edges=126167053 blocks=42882792 max_updates_including_initial=25358082 rescales=5765850 rescale_per_block=0.134456030755 P50=0 P90=0.333333333333 P95=0.5 P99=0.666666666667 rescaled_feature_elements=184507200 rescale_events=1282420 spill_bytes=0 reload_bytes=0 UW_calls=21477376 UW_physical_FMA=175942664192 head_tiles=1224520 projection_groups=2684672
HEAD_WORK path=HEADS_AVX_B32 layer=1 optimized=1 PH_calls=0 PH_physical_FMA=113045679488 PH_useful_FMA=100933642400 raw_H_bytes=25233410600 packed_H_bytes=0 UB_scatter_bytes=19211490816 head_switch_store_bytes=5498208256 head_switch_reload_bytes=2990391296 sparse_width_amplification=3.125 traffic_is_logical_not_DRAM=true no_full_Z_U_e_alpha=true bounded_V_in_local_memory=true
PROFILE_IDENTITY path=HEADS_AVX_B32 layer=2 bit_fingerprint_equal=1
PROFILE path=HEADS_AVX_B32 layer=2 optimized=1 layer_wall_ms=2117.593154 kernel_wall_ms=2023.590007 sampled_head_tiles=9568 worker_times_are_sampled_sums=true source_index_worker_ms=1.516679 score_worker_ms=47.671854 block_max_worker_ms=12.159301 exp_den_worker_ms=2.976189 H_pack_worker_ms=0 P_pack_worker_ms=0 PH_load_worker_ms=0 PH_compute_worker_ms=201.814325 PH_store_scatter_worker_ms=0 UB_convert_worker_ms=8.057581 UW_load_worker_ms=16.043533 UW_compute_worker_ms=16.487527 V_store_worker_ms=1.284148 V_reload_worker_ms=0.95284 row_rescale_worker_ms=1.304812 transition_worker_ms=0.888111 output_write_worker_ms=4.751587 scheduling_worker_ms=2.580559 tile_config_worker_ms=0.044004 fallback_gather_worker_ms=0 fallback_UB_convert_worker_ms=0 fallback_AMX_load_compute_worker_ms=0 baseline_rescale_store_worker_ms=0 baseline_rescale_vector_worker_ms=1.304812 baseline_rescale_reload_worker_ms=0 fallback_final_store_worker_ms=0 instruction_span_timers_have_overhead=true
ONLINE_STATS path=HEADS_AVX_B32 layer=2 block=32 heads=8 D=256 d=32 edges=126167053 blocks=42882792 max_updates_including_initial=24071146 rescales=4478914 rescale_per_block=0.1044454848 P50=0 P90=0.333333333333 P95=0.5 P99=0.5 rescaled_feature_elements=143325248 rescale_events=1203060 spill_bytes=0 reload_bytes=0 UW_calls=42954752 UW_physical_FMA=351885328384 head_tiles=1224520 projection_groups=2684672
HEAD_WORK path=HEADS_AVX_B32 layer=2 optimized=1 PH_calls=0 PH_physical_FMA=258390124544 PH_useful_FMA=258390124544 raw_H_bytes=64597531136 packed_H_bytes=0 UB_scatter_bytes=43911979008 head_switch_store_bytes=5498208256 head_switch_reload_bytes=2990391296 sparse_width_amplification=8 traffic_is_logical_not_DRAM=true no_full_Z_U_e_alpha=true bounded_V_in_local_memory=true
PROFILE_IDENTITY path=HEADS_AVX_B32 layer=3 bit_fingerprint_equal=1
PROFILE path=HEADS_AVX_B32 layer=3 optimized=0 layer_wall_ms=1153.219237 kernel_wall_ms=1107.037058 sampled_head_tiles=1196 worker_times_are_sampled_sums=true source_index_worker_ms=0 score_worker_ms=15.216437 block_max_worker_ms=1.659305 exp_den_worker_ms=0.372151 H_pack_worker_ms=0 P_pack_worker_ms=0 PH_load_worker_ms=0 PH_compute_worker_ms=0 PH_store_scatter_worker_ms=0 UB_convert_worker_ms=0 UW_load_worker_ms=0 UW_compute_worker_ms=0 V_store_worker_ms=0 V_reload_worker_ms=0 row_rescale_worker_ms=0 transition_worker_ms=0 output_write_worker_ms=1.897517 scheduling_worker_ms=2.011069 tile_config_worker_ms=0.04323 fallback_gather_worker_ms=116.297828 fallback_UB_convert_worker_ms=1.170909 fallback_AMX_load_compute_worker_ms=3.146086 baseline_rescale_store_worker_ms=0.15347 baseline_rescale_vector_worker_ms=0.242451 baseline_rescale_reload_worker_ms=0.101451 fallback_final_store_worker_ms=0.130638 instruction_span_timers_have_overhead=true
ONLINE_STATS path=HEADS_AVX_B32 layer=3 block=32 heads=1 D=256 d=47 edges=126167053 blocks=5360349 max_updates_including_initial=3253789 rescales=804760 rescale_per_block=0.150132015658 P50=0 P90=0.4 P95=0.5 P99=0.666666666667 rescaled_feature_elements=37823720 rescale_events=162176 spill_bytes=498204672 reload_bytes=498204672 UW_calls=8054016 UW_physical_FMA=65978499072 head_tiles=153065 projection_groups=335584
HEAD_WORK path=HEADS_AVX_B32 layer=3 optimized=0 PH_calls=0 PH_physical_FMA=0 PH_useful_FMA=0 raw_H_bytes=0 packed_H_bytes=0 UB_scatter_bytes=0 head_switch_store_bytes=0 head_switch_reload_bytes=0 sparse_width_amplification=5.44680851064 traffic_is_logical_not_DRAM=true no_full_Z_U_e_alpha=true bounded_V_in_local_memory=true
PROFILE_IDENTITY path=HEADS_AMX_HILO_B16 layer=1 bit_fingerprint_equal=1
PROFILE path=HEADS_AMX_HILO_B16 layer=1 optimized=1 layer_wall_ms=1408.244449 kernel_wall_ms=1341.844817 sampled_head_tiles=9568 worker_times_are_sampled_sums=true source_index_worker_ms=1.525049 score_worker_ms=43.648685 block_max_worker_ms=13.378562 exp_den_worker_ms=2.827597 H_pack_worker_ms=77.406848 P_pack_worker_ms=8.741576 PH_load_worker_ms=39.398039 PH_compute_worker_ms=54.164344 PH_store_scatter_worker_ms=16.301261 UB_convert_worker_ms=6.966131 UW_load_worker_ms=13.725137 UW_compute_worker_ms=16.426551 V_store_worker_ms=1.73478 V_reload_worker_ms=1.868714 row_rescale_worker_ms=3.111009 transition_worker_ms=0.509772 output_write_worker_ms=4.084735 scheduling_worker_ms=2.591556 tile_config_worker_ms=0.038645 fallback_gather_worker_ms=0 fallback_UB_convert_worker_ms=0 fallback_AMX_load_compute_worker_ms=0 baseline_rescale_store_worker_ms=0 baseline_rescale_vector_worker_ms=3.111009 baseline_rescale_reload_worker_ms=0 fallback_final_store_worker_ms=0 instruction_span_timers_have_overhead=true
ONLINE_STATS path=HEADS_AMX_HILO_B16 layer=1 block=16 heads=8 D=100 d=32 edges=126167053 blocks=73164920 max_updates_including_initial=31066144 rescales=11473912 rescale_per_block=0.156822586562 P50=0 P90=0.4 P95=0.5 P99=0.666666666667 rescaled_feature_elements=367165184 rescale_events=2820436 spill_bytes=0 reload_bytes=0 UW_calls=36654720 UW_physical_FMA=300275466240 head_tiles=1224520 projection_groups=4581840
HEAD_WORK path=HEADS_AMX_HILO_B16 layer=1 optimized=1 PH_calls=146329840 PH_physical_FMA=599367024640 PH_useful_FMA=100933642400 raw_H_bytes=25233410600 packed_H_bytes=74920878080 UB_scatter_bytes=37460439040 head_switch_store_bytes=9383608320 head_switch_reload_bytes=6875791360 sparse_width_amplification=3.125 traffic_is_logical_not_DRAM=true no_full_Z_U_e_alpha=true bounded_V_in_local_memory=true
PROFILE_IDENTITY path=HEADS_AMX_HILO_B16 layer=2 bit_fingerprint_equal=1
PROFILE path=HEADS_AMX_HILO_B16 layer=2 optimized=1 layer_wall_ms=2519.277334 kernel_wall_ms=2425.510195 sampled_head_tiles=9568 worker_times_are_sampled_sums=true source_index_worker_ms=1.6495 score_worker_ms=46.611597 block_max_worker_ms=13.522643 exp_den_worker_ms=3.516421 H_pack_worker_ms=173.567491 P_pack_worker_ms=10.431837 PH_load_worker_ms=82.987908 PH_compute_worker_ms=94.742895 PH_store_scatter_worker_ms=33.15569 UB_convert_worker_ms=14.170675 UW_load_worker_ms=27.348016 UW_compute_worker_ms=22.904392 V_store_worker_ms=2.034833 V_reload_worker_ms=2.069448 row_rescale_worker_ms=2.87206 transition_worker_ms=0.575777 output_write_worker_ms=4.49999 scheduling_worker_ms=2.774374 tile_config_worker_ms=0.040661 fallback_gather_worker_ms=0 fallback_UB_convert_worker_ms=0 fallback_AMX_load_compute_worker_ms=0 baseline_rescale_store_worker_ms=0 baseline_rescale_vector_worker_ms=2.87206 baseline_rescale_reload_worker_ms=0 fallback_final_store_worker_ms=0 instruction_span_timers_have_overhead=true
ONLINE_STATS path=HEADS_AMX_HILO_B16 layer=2 block=16 heads=8 D=256 d=32 edges=126167053 blocks=73164920 max_updates_including_initial=28995119 rescales=9402887 rescale_per_block=0.128516329957 P50=0 P90=0.333333333333 P95=0.5 P99=0.6 rescaled_feature_elements=300892384 rescale_events=2621272 spill_bytes=0 reload_bytes=0 UW_calls=73309440 UW_physical_FMA=600550932480 head_tiles=1224520 projection_groups=4581840
HEAD_WORK path=HEADS_AMX_HILO_B16 layer=2 optimized=1 PH_calls=292659680 PH_physical_FMA=1198734049280 PH_useful_FMA=258390124544 raw_H_bytes=64597531136 packed_H_bytes=149841756160 UB_scatter_bytes=74920878080 head_switch_store_bytes=9383608320 head_switch_reload_bytes=6875791360 sparse_width_amplification=8 traffic_is_logical_not_DRAM=true no_full_Z_U_e_alpha=true bounded_V_in_local_memory=true
PROFILE_IDENTITY path=HEADS_AMX_HILO_B16 layer=3 bit_fingerprint_equal=1
PROFILE path=HEADS_AMX_HILO_B16 layer=3 optimized=0 layer_wall_ms=1005.243387 kernel_wall_ms=959.076525 sampled_head_tiles=1196 worker_times_are_sampled_sums=true source_index_worker_ms=0 score_worker_ms=15.179686 block_max_worker_ms=1.87213 exp_den_worker_ms=0.445163 H_pack_worker_ms=0 P_pack_worker_ms=0 PH_load_worker_ms=0 PH_compute_worker_ms=0 PH_store_scatter_worker_ms=0 UB_convert_worker_ms=0 UW_load_worker_ms=0 UW_compute_worker_ms=0 V_store_worker_ms=0 V_reload_worker_ms=0 row_rescale_worker_ms=0 transition_worker_ms=0 output_write_worker_ms=1.889138 scheduling_worker_ms=3.069299 tile_config_worker_ms=0.04557 fallback_gather_worker_ms=98.51838 fallback_UB_convert_worker_ms=1.900098 fallback_AMX_load_compute_worker_ms=4.055409 baseline_rescale_store_worker_ms=0.305578 baseline_rescale_vector_worker_ms=0.486029 baseline_rescale_reload_worker_ms=0.198296 fallback_final_store_worker_ms=0.132851 instruction_span_timers_have_overhead=true
ONLINE_STATS path=HEADS_AMX_HILO_B16 layer=3 block=16 heads=1 D=256 d=47 edges=126167053 blocks=9145615 max_updates_including_initial=4066387 rescales=1617358 rescale_per_block=0.176845187557 P50=0 P90=0.5 P95=0.5 P99=0.666666666667 rescaled_feature_elements=76015826 rescale_events=359293 spill_bytes=1103748096 reload_bytes=1103748096 UW_calls=13745520 UW_physical_FMA=112603299840 head_tiles=153065 projection_groups=572730
HEAD_WORK path=HEADS_AMX_HILO_B16 layer=3 optimized=0 PH_calls=0 PH_physical_FMA=0 PH_useful_FMA=0 raw_H_bytes=0 packed_H_bytes=0 UB_scatter_bytes=0 head_switch_store_bytes=0 head_switch_reload_bytes=0 sparse_width_amplification=5.44680851064 traffic_is_logical_not_DRAM=true no_full_Z_U_e_alpha=true bounded_V_in_local_memory=true
PROFILE_IDENTITY path=HEADS_AMX_HILO_B32 layer=1 bit_fingerprint_equal=1
PROFILE path=HEADS_AMX_HILO_B32 layer=1 optimized=1 layer_wall_ms=1106.519888 kernel_wall_ms=1040.252317 sampled_head_tiles=9568 worker_times_are_sampled_sums=true source_index_worker_ms=1.388207 score_worker_ms=45.081305 block_max_worker_ms=12.012513 exp_den_worker_ms=2.465095 H_pack_worker_ms=65.82008 P_pack_worker_ms=6.344797 PH_load_worker_ms=23.874417 PH_compute_worker_ms=35.456365 PH_store_scatter_worker_ms=9.717333 UB_convert_worker_ms=4.167603 UW_load_worker_ms=8.155676 UW_compute_worker_ms=9.739675 V_store_worker_ms=1.096024 V_reload_worker_ms=0.946726 row_rescale_worker_ms=1.557983 transition_worker_ms=0.347846 output_write_worker_ms=4.139633 scheduling_worker_ms=2.66985 tile_config_worker_ms=0.046144 fallback_gather_worker_ms=0 fallback_UB_convert_worker_ms=0 fallback_AMX_load_compute_worker_ms=0 baseline_rescale_store_worker_ms=0 baseline_rescale_vector_worker_ms=1.557983 baseline_rescale_reload_worker_ms=0 fallback_final_store_worker_ms=0 instruction_span_timers_have_overhead=true
ONLINE_STATS path=HEADS_AMX_HILO_B32 layer=1 block=32 heads=8 D=100 d=32 edges=126167053 blocks=42882792 max_updates_including_initial=25358082 rescales=5765850 rescale_per_block=0.134456030755 P50=0 P90=0.333333333333 P95=0.5 P99=0.666666666667 rescaled_feature_elements=184507200 rescale_events=1282420 spill_bytes=0 reload_bytes=0 UW_calls=21477376 UW_physical_FMA=175942664192 head_tiles=1224520 projection_groups=2684672
HEAD_WORK path=HEADS_AMX_HILO_B32 layer=1 optimized=1 PH_calls=85765584 PH_physical_FMA=351295832064 PH_useful_FMA=100933642400 raw_H_bytes=25233410600 packed_H_bytes=43911979008 UB_scatter_bytes=21955989504 head_switch_store_bytes=5498208256 head_switch_reload_bytes=2990391296 sparse_width_amplification=3.125 traffic_is_logical_not_DRAM=true no_full_Z_U_e_alpha=true bounded_V_in_local_memory=true
PROFILE_IDENTITY path=HEADS_AMX_HILO_B32 layer=2 bit_fingerprint_equal=1
PROFILE path=HEADS_AMX_HILO_B32 layer=2 optimized=1 layer_wall_ms=1901.687934 kernel_wall_ms=1807.807907 sampled_head_tiles=9568 worker_times_are_sampled_sums=true source_index_worker_ms=1.505292 score_worker_ms=48.28616 block_max_worker_ms=12.126071 exp_den_worker_ms=3.017995 H_pack_worker_ms=135.209117 P_pack_worker_ms=8.076849 PH_load_worker_ms=47.726341 PH_compute_worker_ms=53.691811 PH_store_scatter_worker_ms=19.57079 UB_convert_worker_ms=8.256204 UW_load_worker_ms=16.139025 UW_compute_worker_ms=13.505037 V_store_worker_ms=1.245815 V_reload_worker_ms=1.027742 row_rescale_worker_ms=1.400147 transition_worker_ms=0.379412 output_write_worker_ms=4.495015 scheduling_worker_ms=2.805033 tile_config_worker_ms=0.043386 fallback_gather_worker_ms=0 fallback_UB_convert_worker_ms=0 fallback_AMX_load_compute_worker_ms=0 baseline_rescale_store_worker_ms=0 baseline_rescale_vector_worker_ms=1.400147 baseline_rescale_reload_worker_ms=0 fallback_final_store_worker_ms=0 instruction_span_timers_have_overhead=true
ONLINE_STATS path=HEADS_AMX_HILO_B32 layer=2 block=32 heads=8 D=256 d=32 edges=126167053 blocks=42882792 max_updates_including_initial=24071097 rescales=4478865 rescale_per_block=0.10444434215 P50=0 P90=0.333333333333 P95=0.5 P99=0.5 rescaled_feature_elements=143323680 rescale_events=1203065 spill_bytes=0 reload_bytes=0 UW_calls=42954752 UW_physical_FMA=351885328384 head_tiles=1224520 projection_groups=2684672
HEAD_WORK path=HEADS_AMX_HILO_B32 layer=2 optimized=1 PH_calls=171531168 PH_physical_FMA=702591664128 PH_useful_FMA=258390124544 raw_H_bytes=64597531136 packed_H_bytes=87823958016 UB_scatter_bytes=43911979008 head_switch_store_bytes=5498208256 head_switch_reload_bytes=2990391296 sparse_width_amplification=8 traffic_is_logical_not_DRAM=true no_full_Z_U_e_alpha=true bounded_V_in_local_memory=true
PROFILE_IDENTITY path=HEADS_AMX_HILO_B32 layer=3 bit_fingerprint_equal=1
PROFILE path=HEADS_AMX_HILO_B32 layer=3 optimized=0 layer_wall_ms=1137.632626 kernel_wall_ms=1091.392317 sampled_head_tiles=1196 worker_times_are_sampled_sums=true source_index_worker_ms=0 score_worker_ms=15.251449 block_max_worker_ms=1.654508 exp_den_worker_ms=0.366221 H_pack_worker_ms=0 P_pack_worker_ms=0 PH_load_worker_ms=0 PH_compute_worker_ms=0 PH_store_scatter_worker_ms=0 UB_convert_worker_ms=0 UW_load_worker_ms=0 UW_compute_worker_ms=0 V_store_worker_ms=0 V_reload_worker_ms=0 row_rescale_worker_ms=0 transition_worker_ms=0 output_write_worker_ms=1.894352 scheduling_worker_ms=2.019165 tile_config_worker_ms=0.046525 fallback_gather_worker_ms=116.529212 fallback_UB_convert_worker_ms=1.163973 fallback_AMX_load_compute_worker_ms=3.010674 baseline_rescale_store_worker_ms=0.143807 baseline_rescale_vector_worker_ms=0.239521 baseline_rescale_reload_worker_ms=0.099963 fallback_final_store_worker_ms=0.138633 instruction_span_timers_have_overhead=true
ONLINE_STATS path=HEADS_AMX_HILO_B32 layer=3 block=32 heads=1 D=256 d=47 edges=126167053 blocks=5360349 max_updates_including_initial=3253708 rescales=804679 rescale_per_block=0.150116904702 P50=0 P90=0.4 P95=0.5 P99=0.666666666667 rescaled_feature_elements=37819913 rescale_events=162170 spill_bytes=498186240 reload_bytes=498186240 UW_calls=8054016 UW_physical_FMA=65978499072 head_tiles=153065 projection_groups=335584
HEAD_WORK path=HEADS_AMX_HILO_B32 layer=3 optimized=0 PH_calls=0 PH_physical_FMA=0 PH_useful_FMA=0 raw_H_bytes=0 packed_H_bytes=0 UB_scatter_bytes=0 head_switch_store_bytes=0 head_switch_reload_bytes=0 sparse_width_amplification=5.44680851064 traffic_is_logical_not_DRAM=true no_full_Z_U_e_alpha=true bounded_V_in_local_memory=true
ICPP_HEADS_COMPLETE architecture=DegreeSort_TR16_sharedH_PH_AMX_UW_fusion no_global_U_Z_e_alpha=true PH_coefficients=FP32_or_BF16_high_plus_low normalization_FP32=true independent_heads=true bounded_V_in_local_memory=true source_width_amplification_retained=true master_gate=SEE_PER_LAYER_ERRORS performance=EXPLORATORY task_accuracy=UNVERIFIED
