GRAPH_VALUES name=soc-LiveJournal1 checked=68993773 nonunit=0 implicit_ones=0
CORRECT graph=soc-LiveJournal1 method=mkl_bf16_inputs boundary=kernel_sample reference=fp64_bf16_inputs rel_l2=2.02062206e-07 max_abs=0.00068859756 max_norm=3.23864744e-07 pass=1
CONFIG graph=soc-LiveJournal1 N=4847571 E=68993773 threads=32 R=64 D=128 F=128 repeats=10 warmups=1
CORRECT graph=soc-LiveJournal1 method=mkl_fp32 boundary=kernel_full reference=mkl_bf16_inputs rel_l2=0.00530811595 max_abs=8.90118408 max_norm=0.00418644966 pass=1
CORRECT graph=soc-LiveJournal1 method=mkl_fp32 boundary=kernel_full reference=mkl_fp32 rel_l2=0 max_abs=0 max_norm=0 pass=1
CORRECT graph=soc-LiveJournal1 method=mkl_fp32 boundary=kernel_sample reference=fp64_bf16_inputs rel_l2=0.00441707951 max_abs=8.90154745 max_norm=0.00418662156 pass=1
CORRECT graph=soc-LiveJournal1 method=mkl_bf16_inputs boundary=kernel_full reference=mkl_bf16_inputs rel_l2=0 max_abs=0 max_norm=0 pass=1
CORRECT graph=soc-LiveJournal1 method=mkl_bf16_inputs boundary=kernel_full reference=mkl_fp32 rel_l2=0.00528253391 max_abs=8.90118408 max_norm=0.00417114756 pass=1
CORRECT graph=soc-LiveJournal1 method=mkl_bf16_inputs boundary=kernel_sample reference=fp64_bf16_inputs rel_l2=2.02062206e-07 max_abs=0.00068859756 max_norm=3.23864744e-07 pass=1
CORRECT graph=soc-LiveJournal1 method=original boundary=kernel_full reference=mkl_bf16_inputs rel_l2=4.35321795e-07 max_abs=0.0155029297 max_norm=7.29141584e-06 pass=1
CORRECT graph=soc-LiveJournal1 method=original boundary=kernel_full reference=mkl_fp32 rel_l2=0.00528253395 max_abs=8.90246582 max_norm=0.00417174819 pass=1
CORRECT graph=soc-LiveJournal1 method=original boundary=kernel_sample reference=fp64_bf16_inputs rel_l2=3.31779784e-06 max_abs=0.0154854991 max_norm=7.28321952e-06 pass=1
CORRECT graph=soc-LiveJournal1 method=original_nozero boundary=kernel_full reference=mkl_bf16_inputs rel_l2=4.35321795e-07 max_abs=0.0155029297 max_norm=7.29141584e-06 pass=1
CORRECT graph=soc-LiveJournal1 method=original_nozero boundary=kernel_full reference=mkl_fp32 rel_l2=0.00528253395 max_abs=8.90246582 max_norm=0.00417174819 pass=1
CORRECT graph=soc-LiveJournal1 method=original_nozero boundary=kernel_sample reference=fp64_bf16_inputs rel_l2=3.31779784e-06 max_abs=0.0154854991 max_norm=7.28321952e-06 pass=1
CORRECT graph=soc-LiveJournal1 method=original_nozero boundary=nozero_identity reference=unchanged_original rel_l2=0 max_abs=0 max_norm=0 pass=1
CORRECT graph=soc-LiveJournal1 method=shared_b2_fast_nozero boundary=kernel_full reference=mkl_bf16_inputs rel_l2=0.00234035351 max_abs=4.52502441 max_norm=0.00212823224 pass=1
CORRECT graph=soc-LiveJournal1 method=shared_b2_fast_nozero boundary=kernel_full reference=mkl_fp32 rel_l2=0.00703054972 max_abs=11.8522949 max_norm=0.00555405557 pass=1
CORRECT graph=soc-LiveJournal1 method=shared_b2_fast_nozero boundary=kernel_sample reference=fp64_bf16_inputs rel_l2=0.002114337 max_abs=4.52522542 max_norm=0.00212832728 pass=1
CORRECT graph=soc-LiveJournal1 method=shared_b2_accurate_nozero boundary=kernel_full reference=mkl_bf16_inputs rel_l2=4.35640769e-07 max_abs=0.0151367188 max_norm=7.11917768e-06 pass=1
CORRECT graph=soc-LiveJournal1 method=shared_b2_accurate_nozero boundary=kernel_full reference=mkl_fp32 rel_l2=0.00528253386 max_abs=8.9019165 max_norm=0.00417149078 pass=1
CORRECT graph=soc-LiveJournal1 method=shared_b2_accurate_nozero boundary=kernel_sample reference=fp64_bf16_inputs rel_l2=3.3018312e-06 max_abs=0.0146716088 max_norm=6.90042648e-06 pass=1
CORRECT graph=soc-LiveJournal1 method=shared_b4_fast_nozero boundary=kernel_full reference=mkl_bf16_inputs rel_l2=0.0029276057 max_abs=5.1706543 max_norm=0.00243188813 pass=1
CORRECT graph=soc-LiveJournal1 method=shared_b4_fast_nozero boundary=kernel_full reference=mkl_fp32 rel_l2=0.00765936712 max_abs=12.7879639 max_norm=0.00599251558 pass=1
CORRECT graph=soc-LiveJournal1 method=shared_b4_fast_nozero boundary=kernel_sample reference=fp64_bf16_inputs rel_l2=0.00280424741 max_abs=5.17038595 max_norm=0.0024317625 pass=1
CORRECT graph=soc-LiveJournal1 method=shared_b4_accurate_nozero boundary=kernel_full reference=mkl_bf16_inputs rel_l2=3.40161749e-07 max_abs=0.0131835938 max_norm=6.2005741e-06 pass=1
CORRECT graph=soc-LiveJournal1 method=shared_b4_accurate_nozero boundary=kernel_full reference=mkl_fp32 rel_l2=0.00528253308 max_abs=8.90081787 max_norm=0.00417097595 pass=1
CORRECT graph=soc-LiveJournal1 method=shared_b4_accurate_nozero boundary=kernel_sample reference=fp64_bf16_inputs rel_l2=2.38799176e-06 max_abs=0.0129251108 max_norm=6.07900454e-06 pass=1
CORRECT graph=soc-LiveJournal1 method=shared_b8_fast_nozero boundary=kernel_full reference=mkl_bf16_inputs rel_l2=0.00310722081 max_abs=6.14941406 max_norm=0.00289222334 pass=1
CORRECT graph=soc-LiveJournal1 method=shared_b8_fast_nozero boundary=kernel_full reference=mkl_fp32 rel_l2=0.00787485434 max_abs=13.6323242 max_norm=0.00638818784 pass=1
CORRECT graph=soc-LiveJournal1 method=shared_b8_fast_nozero boundary=kernel_sample reference=fp64_bf16_inputs rel_l2=0.00295456308 max_abs=6.14983644 max_norm=0.00289242269 pass=1
CORRECT graph=soc-LiveJournal1 method=shared_b8_accurate_nozero boundary=kernel_full reference=mkl_bf16_inputs rel_l2=6.11562707e-07 max_abs=0.00695800781 max_norm=3.27252522e-06 pass=1
CORRECT graph=soc-LiveJournal1 method=shared_b8_accurate_nozero boundary=kernel_full reference=mkl_fp32 rel_l2=0.00528255343 max_abs=8.90240479 max_norm=0.00417171959 pass=1
CORRECT graph=soc-LiveJournal1 method=shared_b8_accurate_nozero boundary=kernel_sample reference=fp64_bf16_inputs rel_l2=1.70946178e-06 max_abs=0.00700621307 max_norm=3.29519815e-06 pass=1
CORRECT graph=soc-LiveJournal1 method=shared_b16_fast_nozero boundary=kernel_full reference=mkl_bf16_inputs rel_l2=0.00320344865 max_abs=6.63696289 max_norm=0.00312152976 pass=1
CORRECT graph=soc-LiveJournal1 method=shared_b16_fast_nozero boundary=kernel_full reference=mkl_fp32 rel_l2=0.00798029955 max_abs=14.4370117 max_norm=0.00676526916 pass=1
CORRECT graph=soc-LiveJournal1 method=shared_b16_fast_nozero boundary=kernel_sample reference=fp64_bf16_inputs rel_l2=0.0030729243 max_abs=6.63645408 max_norm=0.0031212912 pass=1
CORRECT graph=soc-LiveJournal1 method=shared_b16_accurate_nozero boundary=kernel_full reference=mkl_bf16_inputs rel_l2=1.69600413e-06 max_abs=0.00598144531 max_norm=2.81322344e-06 pass=1
CORRECT graph=soc-LiveJournal1 method=shared_b16_accurate_nozero boundary=kernel_full reference=mkl_fp32 rel_l2=0.00528273681 max_abs=8.90045166 max_norm=0.00417080434 pass=1
CORRECT graph=soc-LiveJournal1 method=shared_b16_accurate_nozero boundary=kernel_sample reference=fp64_bf16_inputs rel_l2=1.85168578e-06 max_abs=0.0059771426 max_norm=2.81120044e-06 pass=1
CORRECT graph=soc-LiveJournal1 method=shared_b32_fast_nozero boundary=kernel_full reference=mkl_bf16_inputs rel_l2=0.00322158087 max_abs=6.34814453 max_norm=0.00298569126 pass=1
CORRECT graph=soc-LiveJournal1 method=shared_b32_fast_nozero boundary=kernel_full reference=mkl_fp32 rel_l2=0.00800244186 max_abs=14.1220703 max_norm=0.00661768575 pass=1
CORRECT graph=soc-LiveJournal1 method=shared_b32_fast_nozero boundary=kernel_sample reference=fp64_bf16_inputs rel_l2=0.00312562801 max_abs=6.34785674 max_norm=0.00298555661 pass=1
CORRECT graph=soc-LiveJournal1 method=shared_b32_accurate_nozero boundary=kernel_full reference=mkl_bf16_inputs rel_l2=3.04565133e-06 max_abs=0.00708007812 max_norm=3.32993794e-06 pass=1
CORRECT graph=soc-LiveJournal1 method=shared_b32_accurate_nozero boundary=kernel_full reference=mkl_fp32 rel_l2=0.00528321403 max_abs=8.90106201 max_norm=0.00417109036 pass=1
CORRECT graph=soc-LiveJournal1 method=shared_b32_accurate_nozero boundary=kernel_sample reference=fp64_bf16_inputs rel_l2=3.14275075e-06 max_abs=0.00681172684 max_norm=3.20372639e-06 pass=1
CORRECT graph=soc-LiveJournal1 method=shared_b64_fast_nozero boundary=kernel_full reference=mkl_bf16_inputs rel_l2=0.00323644405 max_abs=6.03918457 max_norm=0.00284037965 pass=1
CORRECT graph=soc-LiveJournal1 method=shared_b64_fast_nozero boundary=kernel_full reference=mkl_fp32 rel_l2=0.00801767451 max_abs=13.7585449 max_norm=0.0064473356 pass=1
CORRECT graph=soc-LiveJournal1 method=shared_b64_fast_nozero boundary=kernel_sample reference=fp64_bf16_inputs rel_l2=0.00316948978 max_abs=6.03928041 max_norm=0.00284042541 pass=1
CORRECT graph=soc-LiveJournal1 method=shared_b64_accurate_nozero boundary=kernel_full reference=mkl_bf16_inputs rel_l2=4.28047436e-06 max_abs=0.00897216797 max_norm=4.21983515e-06 pass=1
CORRECT graph=soc-LiveJournal1 method=shared_b64_accurate_nozero boundary=kernel_full reference=mkl_fp32 rel_l2=0.00528387628 max_abs=8.89880371 max_norm=0.0041700321 pass=1
CORRECT graph=soc-LiveJournal1 method=shared_b64_accurate_nozero boundary=kernel_sample reference=fp64_bf16_inputs rel_l2=4.71915539e-06 max_abs=0.00921411067 max_norm=4.3336279e-06 pass=1
CORRECT graph=soc-LiveJournal1 method=shared_bfull_fast_nozero boundary=kernel_full reference=mkl_bf16_inputs rel_l2=0.00323942563 max_abs=6.95941162 max_norm=0.00327318547 pass=1
CORRECT graph=soc-LiveJournal1 method=shared_bfull_fast_nozero boundary=kernel_full reference=mkl_fp32 rel_l2=0.00801963143 max_abs=14.5893555 max_norm=0.00683665835 pass=1
CORRECT graph=soc-LiveJournal1 method=shared_bfull_fast_nozero boundary=kernel_sample reference=fp64_bf16_inputs rel_l2=0.00326205333 max_abs=6.95936247 max_norm=0.00327316313 pass=1
CORRECT graph=soc-LiveJournal1 method=shared_bfull_accurate_nozero boundary=kernel_full reference=mkl_bf16_inputs rel_l2=5.20284792e-06 max_abs=0.0192871094 max_norm=9.07121026e-06 pass=1
CORRECT graph=soc-LiveJournal1 method=shared_bfull_accurate_nozero boundary=kernel_full reference=mkl_fp32 rel_l2=0.00528448867 max_abs=8.90765381 max_norm=0.00417417931 pass=1
CORRECT graph=soc-LiveJournal1 method=shared_bfull_accurate_nozero boundary=kernel_sample reference=fp64_bf16_inputs rel_l2=9.05027276e-06 max_abs=0.0187782943 max_norm=8.83190392e-06 pass=1
TIME graph=soc-LiveJournal1 method=mkl_bf16_inputs kernel rep=0 ms=135.254145
TIME graph=soc-LiveJournal1 method=original kernel rep=0 ms=310.014009
TIME graph=soc-LiveJournal1 method=original_nozero kernel rep=0 ms=97.831964
TIME graph=soc-LiveJournal1 method=shared_b2_fast_nozero kernel rep=0 ms=154.476881
TIME graph=soc-LiveJournal1 method=shared_b2_accurate_nozero kernel rep=0 ms=182.527065
TIME graph=soc-LiveJournal1 method=shared_b4_fast_nozero kernel rep=0 ms=127.645969
TIME graph=soc-LiveJournal1 method=shared_b4_accurate_nozero kernel rep=0 ms=145.061016
TIME graph=soc-LiveJournal1 method=shared_b8_fast_nozero kernel rep=0 ms=107.462883
TIME graph=soc-LiveJournal1 method=shared_b8_accurate_nozero kernel rep=0 ms=120.388031
TIME graph=soc-LiveJournal1 method=shared_b16_fast_nozero kernel rep=0 ms=102.020979
TIME graph=soc-LiveJournal1 method=shared_b16_accurate_nozero kernel rep=0 ms=107.556820
TIME graph=soc-LiveJournal1 method=shared_b32_fast_nozero kernel rep=0 ms=93.096972
TIME graph=soc-LiveJournal1 method=shared_b32_accurate_nozero kernel rep=0 ms=100.677967
TIME graph=soc-LiveJournal1 method=shared_b64_fast_nozero kernel rep=0 ms=93.250036
TIME graph=soc-LiveJournal1 method=shared_b64_accurate_nozero kernel rep=0 ms=99.599123
TIME graph=soc-LiveJournal1 method=shared_bfull_fast_nozero kernel rep=0 ms=91.737032
TIME graph=soc-LiveJournal1 method=shared_bfull_accurate_nozero kernel rep=0 ms=95.678091
TIME graph=soc-LiveJournal1 method=mkl_fp32 kernel rep=0 ms=136.384964
TIME graph=soc-LiveJournal1 method=original kernel rep=1 ms=318.760157
TIME graph=soc-LiveJournal1 method=original_nozero kernel rep=1 ms=97.032070
TIME graph=soc-LiveJournal1 method=shared_b2_fast_nozero kernel rep=1 ms=162.068129
TIME graph=soc-LiveJournal1 method=shared_b2_accurate_nozero kernel rep=1 ms=192.085028
TIME graph=soc-LiveJournal1 method=shared_b4_fast_nozero kernel rep=1 ms=128.212929
TIME graph=soc-LiveJournal1 method=shared_b4_accurate_nozero kernel rep=1 ms=143.699884
TIME graph=soc-LiveJournal1 method=shared_b8_fast_nozero kernel rep=1 ms=110.998869
TIME graph=soc-LiveJournal1 method=shared_b8_accurate_nozero kernel rep=1 ms=121.682167
TIME graph=soc-LiveJournal1 method=shared_b16_fast_nozero kernel rep=1 ms=99.776030
TIME graph=soc-LiveJournal1 method=shared_b16_accurate_nozero kernel rep=1 ms=109.801054
TIME graph=soc-LiveJournal1 method=shared_b32_fast_nozero kernel rep=1 ms=93.889952
TIME graph=soc-LiveJournal1 method=shared_b32_accurate_nozero kernel rep=1 ms=103.374958
TIME graph=soc-LiveJournal1 method=shared_b64_fast_nozero kernel rep=1 ms=93.945026
TIME graph=soc-LiveJournal1 method=shared_b64_accurate_nozero kernel rep=1 ms=97.760916
TIME graph=soc-LiveJournal1 method=shared_bfull_fast_nozero kernel rep=1 ms=92.426062
TIME graph=soc-LiveJournal1 method=shared_bfull_accurate_nozero kernel rep=1 ms=95.931053
TIME graph=soc-LiveJournal1 method=mkl_fp32 kernel rep=1 ms=136.063814
TIME graph=soc-LiveJournal1 method=mkl_bf16_inputs kernel rep=1 ms=138.948917
TIME graph=soc-LiveJournal1 method=original_nozero kernel rep=2 ms=107.977152
TIME graph=soc-LiveJournal1 method=shared_b2_fast_nozero kernel rep=2 ms=167.650938
TIME graph=soc-LiveJournal1 method=shared_b2_accurate_nozero kernel rep=2 ms=182.075024
TIME graph=soc-LiveJournal1 method=shared_b4_fast_nozero kernel rep=2 ms=127.766132
TIME graph=soc-LiveJournal1 method=shared_b4_accurate_nozero kernel rep=2 ms=143.372059
TIME graph=soc-LiveJournal1 method=shared_b8_fast_nozero kernel rep=2 ms=107.887983
TIME graph=soc-LiveJournal1 method=shared_b8_accurate_nozero kernel rep=2 ms=121.206999
TIME graph=soc-LiveJournal1 method=shared_b16_fast_nozero kernel rep=2 ms=102.007151
TIME graph=soc-LiveJournal1 method=shared_b16_accurate_nozero kernel rep=2 ms=105.634928
TIME graph=soc-LiveJournal1 method=shared_b32_fast_nozero kernel rep=2 ms=95.695972
TIME graph=soc-LiveJournal1 method=shared_b32_accurate_nozero kernel rep=2 ms=101.390123
TIME graph=soc-LiveJournal1 method=shared_b64_fast_nozero kernel rep=2 ms=93.783140
TIME graph=soc-LiveJournal1 method=shared_b64_accurate_nozero kernel rep=2 ms=98.936081
TIME graph=soc-LiveJournal1 method=shared_bfull_fast_nozero kernel rep=2 ms=91.109991
TIME graph=soc-LiveJournal1 method=shared_bfull_accurate_nozero kernel rep=2 ms=96.338987
TIME graph=soc-LiveJournal1 method=mkl_fp32 kernel rep=2 ms=140.183926
TIME graph=soc-LiveJournal1 method=mkl_bf16_inputs kernel rep=2 ms=138.109922
TIME graph=soc-LiveJournal1 method=original kernel rep=2 ms=304.973841
TIME graph=soc-LiveJournal1 method=shared_b2_fast_nozero kernel rep=3 ms=165.501833
TIME graph=soc-LiveJournal1 method=shared_b2_accurate_nozero kernel rep=3 ms=197.484970
TIME graph=soc-LiveJournal1 method=shared_b4_fast_nozero kernel rep=3 ms=130.183935
TIME graph=soc-LiveJournal1 method=shared_b4_accurate_nozero kernel rep=3 ms=146.234035
TIME graph=soc-LiveJournal1 method=shared_b8_fast_nozero kernel rep=3 ms=111.892939
TIME graph=soc-LiveJournal1 method=shared_b8_accurate_nozero kernel rep=3 ms=117.251873
TIME graph=soc-LiveJournal1 method=shared_b16_fast_nozero kernel rep=3 ms=101.881981
TIME graph=soc-LiveJournal1 method=shared_b16_accurate_nozero kernel rep=3 ms=105.371952
TIME graph=soc-LiveJournal1 method=shared_b32_fast_nozero kernel rep=3 ms=95.973969
TIME graph=soc-LiveJournal1 method=shared_b32_accurate_nozero kernel rep=3 ms=103.436947
TIME graph=soc-LiveJournal1 method=shared_b64_fast_nozero kernel rep=3 ms=91.636896
TIME graph=soc-LiveJournal1 method=shared_b64_accurate_nozero kernel rep=3 ms=98.250866
TIME graph=soc-LiveJournal1 method=shared_bfull_fast_nozero kernel rep=3 ms=91.448069
TIME graph=soc-LiveJournal1 method=shared_bfull_accurate_nozero kernel rep=3 ms=96.124172
TIME graph=soc-LiveJournal1 method=mkl_fp32 kernel rep=3 ms=136.774063
TIME graph=soc-LiveJournal1 method=mkl_bf16_inputs kernel rep=3 ms=138.491869
TIME graph=soc-LiveJournal1 method=original kernel rep=3 ms=315.802813
TIME graph=soc-LiveJournal1 method=original_nozero kernel rep=3 ms=100.767851
TIME graph=soc-LiveJournal1 method=shared_b2_accurate_nozero kernel rep=4 ms=191.113949
TIME graph=soc-LiveJournal1 method=shared_b4_fast_nozero kernel rep=4 ms=126.559019
TIME graph=soc-LiveJournal1 method=shared_b4_accurate_nozero kernel rep=4 ms=137.723923
TIME graph=soc-LiveJournal1 method=shared_b8_fast_nozero kernel rep=4 ms=109.648943
TIME graph=soc-LiveJournal1 method=shared_b8_accurate_nozero kernel rep=4 ms=118.355989
TIME graph=soc-LiveJournal1 method=shared_b16_fast_nozero kernel rep=4 ms=99.262953
TIME graph=soc-LiveJournal1 method=shared_b16_accurate_nozero kernel rep=4 ms=108.217001
TIME graph=soc-LiveJournal1 method=shared_b32_fast_nozero kernel rep=4 ms=94.735861
TIME graph=soc-LiveJournal1 method=shared_b32_accurate_nozero kernel rep=4 ms=102.497101
TIME graph=soc-LiveJournal1 method=shared_b64_fast_nozero kernel rep=4 ms=92.238903
TIME graph=soc-LiveJournal1 method=shared_b64_accurate_nozero kernel rep=4 ms=99.622965
TIME graph=soc-LiveJournal1 method=shared_bfull_fast_nozero kernel rep=4 ms=92.839003
TIME graph=soc-LiveJournal1 method=shared_bfull_accurate_nozero kernel rep=4 ms=96.004009
TIME graph=soc-LiveJournal1 method=mkl_fp32 kernel rep=4 ms=136.412859
TIME graph=soc-LiveJournal1 method=mkl_bf16_inputs kernel rep=4 ms=138.884068
TIME graph=soc-LiveJournal1 method=original kernel rep=4 ms=313.046932
TIME graph=soc-LiveJournal1 method=original_nozero kernel rep=4 ms=97.432137
TIME graph=soc-LiveJournal1 method=shared_b2_fast_nozero kernel rep=4 ms=165.277004
TIME graph=soc-LiveJournal1 method=shared_b4_fast_nozero kernel rep=5 ms=129.119873
TIME graph=soc-LiveJournal1 method=shared_b4_accurate_nozero kernel rep=5 ms=144.781828
TIME graph=soc-LiveJournal1 method=shared_b8_fast_nozero kernel rep=5 ms=106.909990
TIME graph=soc-LiveJournal1 method=shared_b8_accurate_nozero kernel rep=5 ms=122.631073
TIME graph=soc-LiveJournal1 method=shared_b16_fast_nozero kernel rep=5 ms=98.789930
TIME graph=soc-LiveJournal1 method=shared_b16_accurate_nozero kernel rep=5 ms=105.831146
TIME graph=soc-LiveJournal1 method=shared_b32_fast_nozero kernel rep=5 ms=93.858957
TIME graph=soc-LiveJournal1 method=shared_b32_accurate_nozero kernel rep=5 ms=102.859020
TIME graph=soc-LiveJournal1 method=shared_b64_fast_nozero kernel rep=5 ms=93.888998
TIME graph=soc-LiveJournal1 method=shared_b64_accurate_nozero kernel rep=5 ms=96.740961
TIME graph=soc-LiveJournal1 method=shared_bfull_fast_nozero kernel rep=5 ms=92.648983
TIME graph=soc-LiveJournal1 method=shared_bfull_accurate_nozero kernel rep=5 ms=96.461058
TIME graph=soc-LiveJournal1 method=mkl_fp32 kernel rep=5 ms=136.450052
TIME graph=soc-LiveJournal1 method=mkl_bf16_inputs kernel rep=5 ms=138.736963
TIME graph=soc-LiveJournal1 method=original kernel rep=5 ms=310.155869
TIME graph=soc-LiveJournal1 method=original_nozero kernel rep=5 ms=96.837997
TIME graph=soc-LiveJournal1 method=shared_b2_fast_nozero kernel rep=5 ms=161.777020
TIME graph=soc-LiveJournal1 method=shared_b2_accurate_nozero kernel rep=5 ms=181.538105
TIME graph=soc-LiveJournal1 method=shared_b4_accurate_nozero kernel rep=6 ms=146.412134
TIME graph=soc-LiveJournal1 method=shared_b8_fast_nozero kernel rep=6 ms=111.423016
TIME graph=soc-LiveJournal1 method=shared_b8_accurate_nozero kernel rep=6 ms=122.707129
TIME graph=soc-LiveJournal1 method=shared_b16_fast_nozero kernel rep=6 ms=102.294922
TIME graph=soc-LiveJournal1 method=shared_b16_accurate_nozero kernel rep=6 ms=106.302023
TIME graph=soc-LiveJournal1 method=shared_b32_fast_nozero kernel rep=6 ms=93.189955
TIME graph=soc-LiveJournal1 method=shared_b32_accurate_nozero kernel rep=6 ms=100.577116
TIME graph=soc-LiveJournal1 method=shared_b64_fast_nozero kernel rep=6 ms=92.539072
TIME graph=soc-LiveJournal1 method=shared_b64_accurate_nozero kernel rep=6 ms=97.687960
TIME graph=soc-LiveJournal1 method=shared_bfull_fast_nozero kernel rep=6 ms=92.180967
TIME graph=soc-LiveJournal1 method=shared_bfull_accurate_nozero kernel rep=6 ms=96.078873
TIME graph=soc-LiveJournal1 method=mkl_fp32 kernel rep=6 ms=136.753798
TIME graph=soc-LiveJournal1 method=mkl_bf16_inputs kernel rep=6 ms=138.859987
TIME graph=soc-LiveJournal1 method=original kernel rep=6 ms=312.505007
TIME graph=soc-LiveJournal1 method=original_nozero kernel rep=6 ms=102.830172
TIME graph=soc-LiveJournal1 method=shared_b2_fast_nozero kernel rep=6 ms=162.760019
TIME graph=soc-LiveJournal1 method=shared_b2_accurate_nozero kernel rep=6 ms=198.645115
TIME graph=soc-LiveJournal1 method=shared_b4_fast_nozero kernel rep=6 ms=126.674891
TIME graph=soc-LiveJournal1 method=shared_b8_fast_nozero kernel rep=7 ms=110.890865
TIME graph=soc-LiveJournal1 method=shared_b8_accurate_nozero kernel rep=7 ms=116.594076
TIME graph=soc-LiveJournal1 method=shared_b16_fast_nozero kernel rep=7 ms=101.394892
TIME graph=soc-LiveJournal1 method=shared_b16_accurate_nozero kernel rep=7 ms=107.528210
TIME graph=soc-LiveJournal1 method=shared_b32_fast_nozero kernel rep=7 ms=93.215942
TIME graph=soc-LiveJournal1 method=shared_b32_accurate_nozero kernel rep=7 ms=103.322983
TIME graph=soc-LiveJournal1 method=shared_b64_fast_nozero kernel rep=7 ms=93.980789
TIME graph=soc-LiveJournal1 method=shared_b64_accurate_nozero kernel rep=7 ms=98.569155
TIME graph=soc-LiveJournal1 method=shared_bfull_fast_nozero kernel rep=7 ms=92.627048
TIME graph=soc-LiveJournal1 method=shared_bfull_accurate_nozero kernel rep=7 ms=96.613884
TIME graph=soc-LiveJournal1 method=mkl_fp32 kernel rep=7 ms=136.440039
TIME graph=soc-LiveJournal1 method=mkl_bf16_inputs kernel rep=7 ms=138.993025
TIME graph=soc-LiveJournal1 method=original kernel rep=7 ms=309.845924
TIME graph=soc-LiveJournal1 method=original_nozero kernel rep=7 ms=103.411913
TIME graph=soc-LiveJournal1 method=shared_b2_fast_nozero kernel rep=7 ms=165.374041
TIME graph=soc-LiveJournal1 method=shared_b2_accurate_nozero kernel rep=7 ms=181.270123
TIME graph=soc-LiveJournal1 method=shared_b4_fast_nozero kernel rep=7 ms=129.045963
TIME graph=soc-LiveJournal1 method=shared_b4_accurate_nozero kernel rep=7 ms=139.863014
TIME graph=soc-LiveJournal1 method=shared_b8_accurate_nozero kernel rep=8 ms=121.375799
TIME graph=soc-LiveJournal1 method=shared_b16_fast_nozero kernel rep=8 ms=98.892212
TIME graph=soc-LiveJournal1 method=shared_b16_accurate_nozero kernel rep=8 ms=109.243870
TIME graph=soc-LiveJournal1 method=shared_b32_fast_nozero kernel rep=8 ms=96.364021
TIME graph=soc-LiveJournal1 method=shared_b32_accurate_nozero kernel rep=8 ms=100.455999
TIME graph=soc-LiveJournal1 method=shared_b64_fast_nozero kernel rep=8 ms=91.839075
TIME graph=soc-LiveJournal1 method=shared_b64_accurate_nozero kernel rep=8 ms=98.136902
TIME graph=soc-LiveJournal1 method=shared_bfull_fast_nozero kernel rep=8 ms=92.425823
TIME graph=soc-LiveJournal1 method=shared_bfull_accurate_nozero kernel rep=8 ms=95.716000
TIME graph=soc-LiveJournal1 method=mkl_fp32 kernel rep=8 ms=136.425018
TIME graph=soc-LiveJournal1 method=mkl_bf16_inputs kernel rep=8 ms=139.033794
TIME graph=soc-LiveJournal1 method=original kernel rep=8 ms=316.926956
TIME graph=soc-LiveJournal1 method=original_nozero kernel rep=8 ms=102.229118
TIME graph=soc-LiveJournal1 method=shared_b2_fast_nozero kernel rep=8 ms=160.603046
TIME graph=soc-LiveJournal1 method=shared_b2_accurate_nozero kernel rep=8 ms=197.624922
TIME graph=soc-LiveJournal1 method=shared_b4_fast_nozero kernel rep=8 ms=124.846935
TIME graph=soc-LiveJournal1 method=shared_b4_accurate_nozero kernel rep=8 ms=148.406029
TIME graph=soc-LiveJournal1 method=shared_b8_fast_nozero kernel rep=8 ms=108.086109
TIME graph=soc-LiveJournal1 method=shared_b16_fast_nozero kernel rep=9 ms=100.970030
TIME graph=soc-LiveJournal1 method=shared_b16_accurate_nozero kernel rep=9 ms=105.484009
TIME graph=soc-LiveJournal1 method=shared_b32_fast_nozero kernel rep=9 ms=95.515013
TIME graph=soc-LiveJournal1 method=shared_b32_accurate_nozero kernel rep=9 ms=100.857019
TIME graph=soc-LiveJournal1 method=shared_b64_fast_nozero kernel rep=9 ms=91.776133
TIME graph=soc-LiveJournal1 method=shared_b64_accurate_nozero kernel rep=9 ms=99.676132
TIME graph=soc-LiveJournal1 method=shared_bfull_fast_nozero kernel rep=9 ms=92.418909
TIME graph=soc-LiveJournal1 method=shared_bfull_accurate_nozero kernel rep=9 ms=96.049070
TIME graph=soc-LiveJournal1 method=mkl_fp32 kernel rep=9 ms=136.187077
TIME graph=soc-LiveJournal1 method=mkl_bf16_inputs kernel rep=9 ms=138.883114
TIME graph=soc-LiveJournal1 method=original kernel rep=9 ms=309.128046
TIME graph=soc-LiveJournal1 method=original_nozero kernel rep=9 ms=103.733063
TIME graph=soc-LiveJournal1 method=shared_b2_fast_nozero kernel rep=9 ms=157.893181
TIME graph=soc-LiveJournal1 method=shared_b2_accurate_nozero kernel rep=9 ms=189.486980
TIME graph=soc-LiveJournal1 method=shared_b4_fast_nozero kernel rep=9 ms=129.076004
TIME graph=soc-LiveJournal1 method=shared_b4_accurate_nozero kernel rep=9 ms=147.417068
TIME graph=soc-LiveJournal1 method=shared_b8_fast_nozero kernel rep=9 ms=111.057997
TIME graph=soc-LiveJournal1 method=shared_b8_accurate_nozero kernel rep=9 ms=118.057966
CORRECT graph=soc-LiveJournal1 method=original boundary=instrumented_kernel reference=unchanged_original rel_l2=0 max_abs=0 max_norm=0 pass=1
CORRECT graph=soc-LiveJournal1 method=original_nozero boundary=instrumented_kernel reference=unchanged_original rel_l2=0 max_abs=0 max_norm=0 pass=1
CORRECT graph=soc-LiveJournal1 method=shared_b2_fast_nozero boundary=instrumented_kernel reference=mkl_bf16_inputs rel_l2=0.00234035351 max_abs=4.52502441 max_norm=0.00212823224 pass=1
CORRECT graph=soc-LiveJournal1 method=shared_b2_accurate_nozero boundary=instrumented_kernel reference=mkl_bf16_inputs rel_l2=4.35640769e-07 max_abs=0.0151367188 max_norm=7.11917768e-06 pass=1
CORRECT graph=soc-LiveJournal1 method=shared_b4_fast_nozero boundary=instrumented_kernel reference=mkl_bf16_inputs rel_l2=0.0029276057 max_abs=5.1706543 max_norm=0.00243188813 pass=1
CORRECT graph=soc-LiveJournal1 method=shared_b4_accurate_nozero boundary=instrumented_kernel reference=mkl_bf16_inputs rel_l2=3.40161749e-07 max_abs=0.0131835938 max_norm=6.2005741e-06 pass=1
CORRECT graph=soc-LiveJournal1 method=shared_b8_fast_nozero boundary=instrumented_kernel reference=mkl_bf16_inputs rel_l2=0.00310722081 max_abs=6.14941406 max_norm=0.00289222334 pass=1
CORRECT graph=soc-LiveJournal1 method=shared_b8_accurate_nozero boundary=instrumented_kernel reference=mkl_bf16_inputs rel_l2=6.11562707e-07 max_abs=0.00695800781 max_norm=3.27252522e-06 pass=1
CORRECT graph=soc-LiveJournal1 method=shared_b16_fast_nozero boundary=instrumented_kernel reference=mkl_bf16_inputs rel_l2=0.00320344865 max_abs=6.63696289 max_norm=0.00312152976 pass=1
CORRECT graph=soc-LiveJournal1 method=shared_b16_accurate_nozero boundary=instrumented_kernel reference=mkl_bf16_inputs rel_l2=1.69600413e-06 max_abs=0.00598144531 max_norm=2.81322344e-06 pass=1
CORRECT graph=soc-LiveJournal1 method=shared_b32_fast_nozero boundary=instrumented_kernel reference=mkl_bf16_inputs rel_l2=0.00322158087 max_abs=6.34814453 max_norm=0.00298569126 pass=1
CORRECT graph=soc-LiveJournal1 method=shared_b32_accurate_nozero boundary=instrumented_kernel reference=mkl_bf16_inputs rel_l2=3.04565133e-06 max_abs=0.00708007812 max_norm=3.32993794e-06 pass=1
CORRECT graph=soc-LiveJournal1 method=shared_b64_fast_nozero boundary=instrumented_kernel reference=mkl_bf16_inputs rel_l2=0.00323644405 max_abs=6.03918457 max_norm=0.00284037965 pass=1
CORRECT graph=soc-LiveJournal1 method=shared_b64_accurate_nozero boundary=instrumented_kernel reference=mkl_bf16_inputs rel_l2=4.28047436e-06 max_abs=0.00897216797 max_norm=4.21983515e-06 pass=1
CORRECT graph=soc-LiveJournal1 method=shared_bfull_fast_nozero boundary=instrumented_kernel reference=mkl_bf16_inputs rel_l2=0.00323942563 max_abs=6.95941162 max_norm=0.00327318547 pass=1
CORRECT graph=soc-LiveJournal1 method=shared_bfull_accurate_nozero boundary=instrumented_kernel reference=mkl_bf16_inputs rel_l2=5.20284792e-06 max_abs=0.0192871094 max_norm=9.07121026e-06 pass=1
CORRECT graph=soc-LiveJournal1 method=mkl_fp32 boundary=two_layer_e2e reference=mkl_bf16_inputs rel_l2=0.0101508 max_abs=39351.5 max_norm=0.00996263017 pass=1
CORRECT graph=soc-LiveJournal1 method=mkl_fp32 boundary=two_layer_e2e reference=mkl_fp32 rel_l2=0 max_abs=0 max_norm=0 pass=1
CORRECT graph=soc-LiveJournal1 method=mkl_bf16_inputs boundary=two_layer_e2e reference=mkl_bf16_inputs rel_l2=0 max_abs=0 max_norm=0 pass=1
CORRECT graph=soc-LiveJournal1 method=mkl_bf16_inputs boundary=two_layer_e2e reference=mkl_fp32 rel_l2=0.010050618 max_abs=39351.5 max_norm=0.00986937744 pass=1
CORRECT graph=soc-LiveJournal1 method=original boundary=two_layer_e2e reference=mkl_bf16_inputs rel_l2=1.03099778e-05 max_abs=28.25 max_norm=7.15206033e-06 pass=1
CORRECT graph=soc-LiveJournal1 method=original boundary=two_layer_e2e reference=mkl_fp32 rel_l2=0.0100504463 max_abs=39362 max_norm=0.00987201084 pass=1
CORRECT graph=soc-LiveJournal1 method=original_nozero boundary=two_layer_e2e reference=mkl_bf16_inputs rel_l2=1.03099778e-05 max_abs=28.25 max_norm=7.15206033e-06 pass=1
CORRECT graph=soc-LiveJournal1 method=original_nozero boundary=two_layer_e2e reference=mkl_fp32 rel_l2=0.0100504463 max_abs=39362 max_norm=0.00987201084 pass=1
CORRECT graph=soc-LiveJournal1 method=shared_b2_fast_nozero boundary=two_layer_e2e reference=mkl_bf16_inputs rel_l2=0.00304161376 max_abs=11230.5 max_norm=0.0028432288 pass=1
CORRECT graph=soc-LiveJournal1 method=shared_b2_fast_nozero boundary=two_layer_e2e reference=mkl_fp32 rel_l2=0.0129365932 max_abs=50275.25 max_norm=0.0126090598 pass=1
CORRECT graph=soc-LiveJournal1 method=shared_b2_accurate_nozero boundary=two_layer_e2e reference=mkl_bf16_inputs rel_l2=1.12870758e-05 max_abs=151.25 max_norm=3.82920044e-05 pass=1
CORRECT graph=soc-LiveJournal1 method=shared_b2_accurate_nozero boundary=two_layer_e2e reference=mkl_fp32 rel_l2=0.0100508474 max_abs=39358.75 max_norm=0.00987119574 pass=1
CORRECT graph=soc-LiveJournal1 method=shared_b4_fast_nozero boundary=two_layer_e2e reference=mkl_bf16_inputs rel_l2=0.00455507409 max_abs=17587.75 max_norm=0.00445269555 pass=1
CORRECT graph=soc-LiveJournal1 method=shared_b4_fast_nozero boundary=two_layer_e2e reference=mkl_fp32 rel_l2=0.0144536346 max_abs=56797.5 max_norm=0.0142448437 pass=1
CORRECT graph=soc-LiveJournal1 method=shared_b4_accurate_nozero boundary=two_layer_e2e reference=mkl_bf16_inputs rel_l2=9.8723281e-06 max_abs=26.75 max_norm=6.77230492e-06 pass=1
CORRECT graph=soc-LiveJournal1 method=shared_b4_accurate_nozero boundary=two_layer_e2e reference=mkl_fp32 rel_l2=0.0100505382 max_abs=39365.25 max_norm=0.00987282594 pass=1
CORRECT graph=soc-LiveJournal1 method=shared_b8_fast_nozero boundary=two_layer_e2e reference=mkl_bf16_inputs rel_l2=0.00524616149 max_abs=20691 max_norm=0.00523834621 pass=1
CORRECT graph=soc-LiveJournal1 method=shared_b8_fast_nozero boundary=two_layer_e2e reference=mkl_fp32 rel_l2=0.0151469105 max_abs=59766 max_norm=0.0149893451 pass=1
CORRECT graph=soc-LiveJournal1 method=shared_b8_accurate_nozero boundary=two_layer_e2e reference=mkl_bf16_inputs rel_l2=5.93170289e-06 max_abs=15 max_norm=3.79755416e-06 pass=1
CORRECT graph=soc-LiveJournal1 method=shared_b8_accurate_nozero boundary=two_layer_e2e reference=mkl_fp32 rel_l2=0.0100508301 max_abs=39343.75 max_norm=0.00986743373 pass=1
CORRECT graph=soc-LiveJournal1 method=shared_b16_fast_nozero boundary=two_layer_e2e reference=mkl_bf16_inputs rel_l2=0.00554795128 max_abs=21703.75 max_norm=0.00549474441 pass=1
CORRECT graph=soc-LiveJournal1 method=shared_b16_fast_nozero boundary=two_layer_e2e reference=mkl_fp32 rel_l2=0.0154395581 max_abs=60658 max_norm=0.0152130591 pass=1
CORRECT graph=soc-LiveJournal1 method=shared_b16_accurate_nozero boundary=two_layer_e2e reference=mkl_bf16_inputs rel_l2=1.05766507e-05 max_abs=13 max_norm=3.29121361e-06 pass=1
CORRECT graph=soc-LiveJournal1 method=shared_b16_accurate_nozero boundary=two_layer_e2e reference=mkl_fp32 rel_l2=0.0100514658 max_abs=39354 max_norm=0.00987000444 pass=1
CORRECT graph=soc-LiveJournal1 method=shared_b32_fast_nozero boundary=two_layer_e2e reference=mkl_bf16_inputs rel_l2=0.00561232492 max_abs=22144.5 max_norm=0.00560632921 pass=1
CORRECT graph=soc-LiveJournal1 method=shared_b32_fast_nozero boundary=two_layer_e2e reference=mkl_fp32 rel_l2=0.0154904748 max_abs=61263 max_norm=0.0153647935 pass=1
CORRECT graph=soc-LiveJournal1 method=shared_b32_accurate_nozero boundary=two_layer_e2e reference=mkl_bf16_inputs rel_l2=2.42835165e-05 max_abs=16.5 max_norm=4.17730958e-06 pass=1
CORRECT graph=soc-LiveJournal1 method=shared_b32_accurate_nozero boundary=two_layer_e2e reference=mkl_fp32 rel_l2=0.01005349 max_abs=39358 max_norm=0.00987100764 pass=1
CORRECT graph=soc-LiveJournal1 method=shared_b64_fast_nozero boundary=two_layer_e2e reference=mkl_bf16_inputs rel_l2=0.00568742676 max_abs=22122.5 max_norm=0.00560075946 pass=1
CORRECT graph=soc-LiveJournal1 method=shared_b64_fast_nozero boundary=two_layer_e2e reference=mkl_fp32 rel_l2=0.0155468699 max_abs=61428.25 max_norm=0.0154062382 pass=1
CORRECT graph=soc-LiveJournal1 method=shared_b64_accurate_nozero boundary=two_layer_e2e reference=mkl_bf16_inputs rel_l2=2.10856739e-05 max_abs=36.5 max_norm=9.24071512e-06 pass=1
CORRECT graph=soc-LiveJournal1 method=shared_b64_accurate_nozero boundary=two_layer_e2e reference=mkl_fp32 rel_l2=0.0100569941 max_abs=39382.75 max_norm=0.00987721495 pass=1
CORRECT graph=soc-LiveJournal1 method=shared_bfull_fast_nozero boundary=two_layer_e2e reference=mkl_bf16_inputs rel_l2=0.00585550286 max_abs=26941.75 max_norm=0.00682085032 pass=1
CORRECT graph=soc-LiveJournal1 method=shared_bfull_fast_nozero boundary=two_layer_e2e reference=mkl_fp32 rel_l2=0.0156231258 max_abs=66293.25 max_norm=0.0166263829 pass=1
CORRECT graph=soc-LiveJournal1 method=shared_bfull_accurate_nozero boundary=two_layer_e2e reference=mkl_bf16_inputs rel_l2=3.42317902e-05 max_abs=56.5 max_norm=1.43041207e-05 pass=1
CORRECT graph=soc-LiveJournal1 method=shared_bfull_accurate_nozero boundary=two_layer_e2e reference=mkl_fp32 rel_l2=0.0100609062 max_abs=39377.25 max_norm=0.00987583555 pass=1
TIME graph=soc-LiveJournal1 method=mkl_bf16_inputs e2e rep=0 ms=301.907063 L1=135.803938 act_convert=27.960062 L2=138.143063
TIME graph=soc-LiveJournal1 method=original e2e rep=0 ms=611.349106 L1=300.096989 act_convert=17.743111 L2=293.509007
TIME graph=soc-LiveJournal1 method=original_nozero e2e rep=0 ms=223.683119 L1=104.635000 act_convert=17.690182 L2=101.357937
TIME graph=soc-LiveJournal1 method=shared_b2_fast_nozero e2e rep=0 ms=342.973948 L1=166.923046 act_convert=17.812967 L2=158.237934
TIME graph=soc-LiveJournal1 method=shared_b2_accurate_nozero e2e rep=0 ms=408.002138 L1=189.399004 act_convert=17.802000 L2=200.801134
TIME graph=soc-LiveJournal1 method=shared_b4_fast_nozero e2e rep=0 ms=280.043840 L1=131.850958 act_convert=17.688036 L2=130.504847
TIME graph=soc-LiveJournal1 method=shared_b4_accurate_nozero e2e rep=0 ms=319.065094 L1=149.606943 act_convert=17.794132 L2=151.664019
TIME graph=soc-LiveJournal1 method=shared_b8_fast_nozero e2e rep=0 ms=244.129896 L1=113.873005 act_convert=17.673969 L2=112.582922
TIME graph=soc-LiveJournal1 method=shared_b8_accurate_nozero e2e rep=0 ms=258.569002 L1=122.778177 act_convert=17.746925 L2=118.043900
TIME graph=soc-LiveJournal1 method=shared_b16_fast_nozero e2e rep=0 ms=223.954916 L1=102.002144 act_convert=17.670870 L2=104.281902
TIME graph=soc-LiveJournal1 method=shared_b16_accurate_nozero e2e rep=0 ms=234.323025 L1=110.113144 act_convert=17.739773 L2=106.470108
TIME graph=soc-LiveJournal1 method=shared_b32_fast_nozero e2e rep=0 ms=206.928015 L1=93.106031 act_convert=17.678976 L2=96.143007
TIME graph=soc-LiveJournal1 method=shared_b32_accurate_nozero e2e rep=0 ms=224.870920 L1=104.075909 act_convert=17.724991 L2=103.070021
TIME graph=soc-LiveJournal1 method=shared_b64_fast_nozero e2e rep=0 ms=205.206156 L1=94.344139 act_convert=17.666817 L2=93.195200
TIME graph=soc-LiveJournal1 method=shared_b64_accurate_nozero e2e rep=0 ms=216.626167 L1=99.018097 act_convert=17.663002 L2=99.945068
TIME graph=soc-LiveJournal1 method=shared_bfull_fast_nozero e2e rep=0 ms=202.211142 L1=91.844082 act_convert=17.647982 L2=92.719078
TIME graph=soc-LiveJournal1 method=shared_bfull_accurate_nozero e2e rep=0 ms=212.563992 L1=97.729921 act_convert=17.653942 L2=97.180128
TIME graph=soc-LiveJournal1 method=mkl_fp32 e2e rep=0 ms=286.051035 L1=136.806011 act_convert=9.988070 L2=139.256954
TIME graph=soc-LiveJournal1 method=original e2e rep=1 ms=621.756077 L1=304.974079 act_convert=18.180132 L2=298.601866
TIME graph=soc-LiveJournal1 method=original_nozero e2e rep=1 ms=223.011017 L1=101.222038 act_convert=17.633915 L2=104.155064
TIME graph=soc-LiveJournal1 method=shared_b2_fast_nozero e2e rep=1 ms=340.176105 L1=163.954020 act_convert=17.832041 L2=158.390045
TIME graph=soc-LiveJournal1 method=shared_b2_accurate_nozero e2e rep=1 ms=409.239054 L1=201.071024 act_convert=17.719030 L2=190.448999
TIME graph=soc-LiveJournal1 method=shared_b4_fast_nozero e2e rep=1 ms=275.324821 L1=131.788969 act_convert=17.650843 L2=125.885010
TIME graph=soc-LiveJournal1 method=shared_b4_accurate_nozero e2e rep=1 ms=303.859949 L1=145.228863 act_convert=17.718077 L2=140.913010
TIME graph=soc-LiveJournal1 method=shared_b8_fast_nozero e2e rep=1 ms=240.122795 L1=108.893871 act_convert=17.693043 L2=113.535881
TIME graph=soc-LiveJournal1 method=shared_b8_accurate_nozero e2e rep=1 ms=257.609129 L1=120.397091 act_convert=17.755985 L2=119.456053
TIME graph=soc-LiveJournal1 method=shared_b16_fast_nozero e2e rep=1 ms=222.318888 L1=100.394964 act_convert=17.663002 L2=104.260921
TIME graph=soc-LiveJournal1 method=shared_b16_accurate_nozero e2e rep=1 ms=236.276150 L1=109.510183 act_convert=17.771006 L2=108.994961
TIME graph=soc-LiveJournal1 method=shared_b32_fast_nozero e2e rep=1 ms=207.440138 L1=93.590975 act_convert=17.740011 L2=96.109152
TIME graph=soc-LiveJournal1 method=shared_b32_accurate_nozero e2e rep=1 ms=223.150969 L1=103.873014 act_convert=17.660856 L2=101.617098
TIME graph=soc-LiveJournal1 method=shared_b64_fast_nozero e2e rep=1 ms=204.045057 L1=92.660904 act_convert=17.667055 L2=93.717098
TIME graph=soc-LiveJournal1 method=shared_b64_accurate_nozero e2e rep=1 ms=218.801022 L1=99.431992 act_convert=17.709017 L2=101.660013
TIME graph=soc-LiveJournal1 method=shared_bfull_fast_nozero e2e rep=1 ms=203.387022 L1=91.747046 act_convert=17.709970 L2=93.930006
TIME graph=soc-LiveJournal1 method=shared_bfull_accurate_nozero e2e rep=1 ms=214.694023 L1=99.492073 act_convert=17.959833 L2=97.242117
TIME graph=soc-LiveJournal1 method=mkl_fp32 e2e rep=1 ms=285.336971 L1=136.418819 act_convert=9.295225 L2=139.622927
TIME graph=soc-LiveJournal1 method=mkl_bf16_inputs e2e rep=1 ms=302.191973 L1=137.602091 act_convert=27.500868 L2=137.089014
TIME graph=soc-LiveJournal1 method=original_nozero e2e rep=2 ms=226.722956 L1=100.445986 act_convert=18.419027 L2=107.857943
TIME graph=soc-LiveJournal1 method=shared_b2_fast_nozero e2e rep=2 ms=340.649843 L1=164.402962 act_convert=17.755985 L2=158.490896
TIME graph=soc-LiveJournal1 method=shared_b2_accurate_nozero e2e rep=2 ms=400.835037 L1=199.960947 act_convert=17.730951 L2=183.143139
TIME graph=soc-LiveJournal1 method=shared_b4_fast_nozero e2e rep=2 ms=277.287006 L1=130.584002 act_convert=17.703056 L2=128.999949
TIME graph=soc-LiveJournal1 method=shared_b4_accurate_nozero e2e rep=2 ms=314.221144 L1=146.876097 act_convert=17.678022 L2=149.667025
TIME graph=soc-LiveJournal1 method=shared_b8_fast_nozero e2e rep=2 ms=245.640039 L1=112.958193 act_convert=17.668962 L2=115.012884
TIME graph=soc-LiveJournal1 method=shared_b8_accurate_nozero e2e rep=2 ms=255.192041 L1=117.675066 act_convert=17.856836 L2=119.660139
TIME graph=soc-LiveJournal1 method=shared_b16_fast_nozero e2e rep=2 ms=219.990969 L1=101.241827 act_convert=17.690182 L2=101.058960
TIME graph=soc-LiveJournal1 method=shared_b16_accurate_nozero e2e rep=2 ms=233.579874 L1=106.997013 act_convert=17.762899 L2=108.819962
TIME graph=soc-LiveJournal1 method=shared_b32_fast_nozero e2e rep=2 ms=207.473993 L1=92.741966 act_convert=17.714977 L2=97.017050
TIME graph=soc-LiveJournal1 method=shared_b32_accurate_nozero e2e rep=2 ms=223.296881 L1=101.733923 act_convert=17.694950 L2=103.868008
TIME graph=soc-LiveJournal1 method=shared_b64_fast_nozero e2e rep=2 ms=204.785109 L1=93.810081 act_convert=17.705917 L2=93.269110
TIME graph=soc-LiveJournal1 method=shared_b64_accurate_nozero e2e rep=2 ms=217.561007 L1=100.252867 act_convert=17.652988 L2=99.655151
TIME graph=soc-LiveJournal1 method=shared_bfull_fast_nozero e2e rep=2 ms=204.514980 L1=93.939066 act_convert=17.672062 L2=92.903852
TIME graph=soc-LiveJournal1 method=shared_bfull_accurate_nozero e2e rep=2 ms=212.989092 L1=97.692013 act_convert=17.735004 L2=97.562075
TIME graph=soc-LiveJournal1 method=mkl_fp32 e2e rep=2 ms=285.518169 L1=136.794090 act_convert=9.398937 L2=139.325142
TIME graph=soc-LiveJournal1 method=mkl_bf16_inputs e2e rep=2 ms=302.268028 L1=137.853861 act_convert=27.445078 L2=136.969090
TIME graph=soc-LiveJournal1 method=original e2e rep=2 ms=630.120993 L1=312.597036 act_convert=17.782927 L2=299.741030
TIME graph=soc-LiveJournal1 method=shared_b2_fast_nozero e2e rep=3 ms=344.303846 L1=160.812855 act_convert=17.740011 L2=165.750980
TIME graph=soc-LiveJournal1 method=shared_b2_accurate_nozero e2e rep=3 ms=409.965992 L1=197.277069 act_convert=17.753839 L2=194.935083
TIME graph=soc-LiveJournal1 method=shared_b4_fast_nozero e2e rep=3 ms=275.893927 L1=127.189875 act_convert=17.746925 L2=130.957127
TIME graph=soc-LiveJournal1 method=shared_b4_accurate_nozero e2e rep=3 ms=316.174030 L1=150.045156 act_convert=17.807007 L2=148.321867
TIME graph=soc-LiveJournal1 method=shared_b8_fast_nozero e2e rep=3 ms=237.276077 L1=108.741999 act_convert=17.721891 L2=110.812187
TIME graph=soc-LiveJournal1 method=shared_b8_accurate_nozero e2e rep=3 ms=256.826162 L1=118.298054 act_convert=17.805099 L2=120.723009
TIME graph=soc-LiveJournal1 method=shared_b16_fast_nozero e2e rep=3 ms=219.877958 L1=100.834131 act_convert=17.697811 L2=101.346016
TIME graph=soc-LiveJournal1 method=shared_b16_accurate_nozero e2e rep=3 ms=237.054110 L1=109.809160 act_convert=17.751932 L2=109.493017
TIME graph=soc-LiveJournal1 method=shared_b32_fast_nozero e2e rep=3 ms=206.981897 L1=93.848944 act_convert=17.723083 L2=95.409870
TIME graph=soc-LiveJournal1 method=shared_b32_accurate_nozero e2e rep=3 ms=224.006176 L1=102.410078 act_convert=17.657042 L2=103.939056
TIME graph=soc-LiveJournal1 method=shared_b64_fast_nozero e2e rep=3 ms=203.459978 L1=92.679024 act_convert=17.657995 L2=93.122959
TIME graph=soc-LiveJournal1 method=shared_b64_accurate_nozero e2e rep=3 ms=219.143152 L1=101.222038 act_convert=17.688036 L2=100.233078
TIME graph=soc-LiveJournal1 method=shared_bfull_fast_nozero e2e rep=3 ms=202.567816 L1=91.818810 act_convert=17.817020 L2=92.931986
TIME graph=soc-LiveJournal1 method=shared_bfull_accurate_nozero e2e rep=3 ms=215.183973 L1=98.176956 act_convert=17.668009 L2=99.339008
TIME graph=soc-LiveJournal1 method=mkl_fp32 e2e rep=3 ms=284.976006 L1=136.413097 act_convert=9.068966 L2=139.493942
TIME graph=soc-LiveJournal1 method=mkl_bf16_inputs e2e rep=3 ms=302.883863 L1=137.769938 act_convert=27.602911 L2=137.511015
TIME graph=soc-LiveJournal1 method=original e2e rep=3 ms=618.664980 L1=303.972006 act_convert=17.779827 L2=296.913147
TIME graph=soc-LiveJournal1 method=original_nozero e2e rep=3 ms=222.344875 L1=103.312969 act_convert=17.747879 L2=101.284027
TIME graph=soc-LiveJournal1 method=shared_b2_accurate_nozero e2e rep=4 ms=415.549040 L1=200.414896 act_convert=17.643213 L2=197.490931
TIME graph=soc-LiveJournal1 method=shared_b4_fast_nozero e2e rep=4 ms=276.844978 L1=128.674984 act_convert=17.771959 L2=130.398035
TIME graph=soc-LiveJournal1 method=shared_b4_accurate_nozero e2e rep=4 ms=302.284002 L1=143.980026 act_convert=17.759085 L2=140.544891
TIME graph=soc-LiveJournal1 method=shared_b8_fast_nozero e2e rep=4 ms=241.521120 L1=113.425016 act_convert=17.714977 L2=110.381126
TIME graph=soc-LiveJournal1 method=shared_b8_accurate_nozero e2e rep=4 ms=255.572081 L1=117.228985 act_convert=17.694950 L2=120.648146
TIME graph=soc-LiveJournal1 method=shared_b16_fast_nozero e2e rep=4 ms=221.657038 L1=100.857019 act_convert=17.709970 L2=103.090048
TIME graph=soc-LiveJournal1 method=shared_b16_accurate_nozero e2e rep=4 ms=232.007027 L1=107.182980 act_convert=17.755032 L2=107.069016
TIME graph=soc-LiveJournal1 method=shared_b32_fast_nozero e2e rep=4 ms=206.784010 L1=93.322992 act_convert=17.688990 L2=95.772028
TIME graph=soc-LiveJournal1 method=shared_b32_accurate_nozero e2e rep=4 ms=223.685980 L1=104.348183 act_convert=17.696857 L2=101.640940
TIME graph=soc-LiveJournal1 method=shared_b64_fast_nozero e2e rep=4 ms=204.102039 L1=92.664003 act_convert=17.699003 L2=93.739033
TIME graph=soc-LiveJournal1 method=shared_b64_accurate_nozero e2e rep=4 ms=215.377092 L1=99.029064 act_convert=17.716885 L2=98.631144
TIME graph=soc-LiveJournal1 method=shared_bfull_fast_nozero e2e rep=4 ms=202.672005 L1=91.865063 act_convert=17.709017 L2=93.097925
TIME graph=soc-LiveJournal1 method=shared_bfull_accurate_nozero e2e rep=4 ms=213.351011 L1=97.962141 act_convert=17.797947 L2=97.590923
TIME graph=soc-LiveJournal1 method=mkl_fp32 e2e rep=4 ms=285.912037 L1=137.060165 act_convert=9.266853 L2=139.585018
TIME graph=soc-LiveJournal1 method=mkl_bf16_inputs e2e rep=4 ms=302.239895 L1=138.077021 act_convert=26.862860 L2=137.300014
TIME graph=soc-LiveJournal1 method=original e2e rep=4 ms=628.118992 L1=311.290979 act_convert=17.746925 L2=299.081087
TIME graph=soc-LiveJournal1 method=original_nozero e2e rep=4 ms=224.344015 L1=103.909016 act_convert=17.682076 L2=102.752924
TIME graph=soc-LiveJournal1 method=shared_b2_fast_nozero e2e rep=4 ms=338.047981 L1=153.726101 act_convert=18.023014 L2=166.298866
TIME graph=soc-LiveJournal1 method=shared_b4_fast_nozero e2e rep=5 ms=275.892019 L1=124.007940 act_convert=17.842054 L2=134.042025
TIME graph=soc-LiveJournal1 method=shared_b4_accurate_nozero e2e rep=5 ms=304.141998 L1=146.112919 act_convert=17.747879 L2=140.281200
TIME graph=soc-LiveJournal1 method=shared_b8_fast_nozero e2e rep=5 ms=241.222143 L1=112.762213 act_convert=17.652988 L2=110.806942
TIME graph=soc-LiveJournal1 method=shared_b8_accurate_nozero e2e rep=5 ms=256.896973 L1=117.316008 act_convert=17.796993 L2=121.783972
TIME graph=soc-LiveJournal1 method=shared_b16_fast_nozero e2e rep=5 ms=222.028971 L1=103.314877 act_convert=17.680168 L2=101.033926
TIME graph=soc-LiveJournal1 method=shared_b16_accurate_nozero e2e rep=5 ms=231.844902 L1=106.964111 act_convert=17.828941 L2=107.051849
TIME graph=soc-LiveJournal1 method=shared_b32_fast_nozero e2e rep=5 ms=209.466934 L1=93.977928 act_convert=17.673016 L2=97.815990
TIME graph=soc-LiveJournal1 method=shared_b32_accurate_nozero e2e rep=5 ms=223.006010 L1=101.559162 act_convert=17.717838 L2=103.729010
TIME graph=soc-LiveJournal1 method=shared_b64_fast_nozero e2e rep=5 ms=205.572128 L1=92.930079 act_convert=17.649889 L2=94.992161
TIME graph=soc-LiveJournal1 method=shared_b64_accurate_nozero e2e rep=5 ms=216.124058 L1=99.709988 act_convert=17.850876 L2=98.563194
TIME graph=soc-LiveJournal1 method=shared_bfull_fast_nozero e2e rep=5 ms=203.306198 L1=92.586040 act_convert=17.683983 L2=93.036175
TIME graph=soc-LiveJournal1 method=shared_bfull_accurate_nozero e2e rep=5 ms=213.437080 L1=97.463131 act_convert=17.678022 L2=98.295927
TIME graph=soc-LiveJournal1 method=mkl_fp32 e2e rep=5 ms=286.127090 L1=136.986971 act_convert=10.092974 L2=139.047146
TIME graph=soc-LiveJournal1 method=mkl_bf16_inputs e2e rep=5 ms=301.968098 L1=138.025999 act_convert=26.967049 L2=136.975050
TIME graph=soc-LiveJournal1 method=original e2e rep=5 ms=624.585152 L1=309.815168 act_convert=17.794847 L2=296.975136
TIME graph=soc-LiveJournal1 method=original_nozero e2e rep=5 ms=215.782166 L1=100.096226 act_convert=17.711878 L2=97.974062
TIME graph=soc-LiveJournal1 method=shared_b2_fast_nozero e2e rep=5 ms=341.053009 L1=160.418987 act_convert=17.728806 L2=162.905216
TIME graph=soc-LiveJournal1 method=shared_b2_accurate_nozero e2e rep=5 ms=405.049086 L1=198.817015 act_convert=17.796040 L2=188.436031
TIME graph=soc-LiveJournal1 method=shared_b4_accurate_nozero e2e rep=6 ms=313.987017 L1=149.695873 act_convert=17.922163 L2=146.368980
TIME graph=soc-LiveJournal1 method=shared_b8_fast_nozero e2e rep=6 ms=242.612123 L1=109.143019 act_convert=17.796993 L2=115.672112
TIME graph=soc-LiveJournal1 method=shared_b8_accurate_nozero e2e rep=6 ms=259.238005 L1=117.921829 act_convert=17.837048 L2=123.479128
TIME graph=soc-LiveJournal1 method=shared_b16_fast_nozero e2e rep=6 ms=218.517065 L1=99.816084 act_convert=17.776012 L2=100.924969
TIME graph=soc-LiveJournal1 method=shared_b16_accurate_nozero e2e rep=6 ms=232.695818 L1=108.639002 act_convert=17.677784 L2=106.379032
TIME graph=soc-LiveJournal1 method=shared_b32_fast_nozero e2e rep=6 ms=207.045794 L1=93.869925 act_convert=17.673016 L2=95.502853
TIME graph=soc-LiveJournal1 method=shared_b32_accurate_nozero e2e rep=6 ms=221.187115 L1=101.955175 act_convert=17.815828 L2=101.416111
TIME graph=soc-LiveJournal1 method=shared_b64_fast_nozero e2e rep=6 ms=204.229116 L1=93.257904 act_convert=17.647982 L2=93.323231
TIME graph=soc-LiveJournal1 method=shared_b64_accurate_nozero e2e rep=6 ms=216.346979 L1=100.099087 act_convert=17.643929 L2=98.603964
TIME graph=soc-LiveJournal1 method=shared_bfull_fast_nozero e2e rep=6 ms=204.493999 L1=92.121124 act_convert=17.710924 L2=94.661951
TIME graph=soc-LiveJournal1 method=shared_bfull_accurate_nozero e2e rep=6 ms=213.833094 L1=97.577095 act_convert=17.757893 L2=98.498106
TIME graph=soc-LiveJournal1 method=mkl_fp32 e2e rep=6 ms=286.663055 L1=137.267113 act_convert=10.406971 L2=138.988972
TIME graph=soc-LiveJournal1 method=mkl_bf16_inputs e2e rep=6 ms=303.471088 L1=137.315035 act_convert=28.158188 L2=137.997866
TIME graph=soc-LiveJournal1 method=original e2e rep=6 ms=624.115944 L1=306.733847 act_convert=17.749071 L2=299.633026
TIME graph=soc-LiveJournal1 method=original_nozero e2e rep=6 ms=231.380939 L1=102.103949 act_convert=25.530100 L2=103.746891
TIME graph=soc-LiveJournal1 method=shared_b2_fast_nozero e2e rep=6 ms=344.280005 L1=159.664869 act_convert=17.864943 L2=166.750193
TIME graph=soc-LiveJournal1 method=shared_b2_accurate_nozero e2e rep=6 ms=397.899866 L1=197.427988 act_convert=17.740965 L2=182.730913
TIME graph=soc-LiveJournal1 method=shared_b4_fast_nozero e2e rep=6 ms=283.815145 L1=132.456064 act_convert=17.780066 L2=133.579016
TIME graph=soc-LiveJournal1 method=shared_b8_fast_nozero e2e rep=7 ms=242.639065 L1=113.890171 act_convert=17.692804 L2=111.056089
TIME graph=soc-LiveJournal1 method=shared_b8_accurate_nozero e2e rep=7 ms=259.449959 L1=120.387077 act_convert=17.770052 L2=121.292830
TIME graph=soc-LiveJournal1 method=shared_b16_fast_nozero e2e rep=7 ms=219.190121 L1=100.464106 act_convert=17.768860 L2=100.957155
TIME graph=soc-LiveJournal1 method=shared_b16_accurate_nozero e2e rep=7 ms=232.775927 L1=108.713865 act_convert=17.687082 L2=106.374979
TIME graph=soc-LiveJournal1 method=shared_b32_fast_nozero e2e rep=7 ms=206.887007 L1=93.703985 act_convert=17.693996 L2=95.489025
TIME graph=soc-LiveJournal1 method=shared_b32_accurate_nozero e2e rep=7 ms=224.097013 L1=103.389025 act_convert=17.699003 L2=103.008986
TIME graph=soc-LiveJournal1 method=shared_b64_fast_nozero e2e rep=7 ms=204.993010 L1=94.155073 act_convert=17.669916 L2=93.168020
TIME graph=soc-LiveJournal1 method=shared_b64_accurate_nozero e2e rep=7 ms=217.574120 L1=99.127054 act_convert=17.727137 L2=100.719929
TIME graph=soc-LiveJournal1 method=shared_bfull_fast_nozero e2e rep=7 ms=203.325987 L1=92.761993 act_convert=17.668962 L2=92.895031
TIME graph=soc-LiveJournal1 method=shared_bfull_accurate_nozero e2e rep=7 ms=212.567091 L1=97.453117 act_convert=17.660856 L2=97.453117
TIME graph=soc-LiveJournal1 method=mkl_fp32 e2e rep=7 ms=285.433054 L1=136.521101 act_convert=9.487867 L2=139.424086
TIME graph=soc-LiveJournal1 method=mkl_bf16_inputs e2e rep=7 ms=302.196980 L1=137.640953 act_convert=27.206898 L2=137.349129
TIME graph=soc-LiveJournal1 method=original e2e rep=7 ms=631.188154 L1=313.583136 act_convert=17.830849 L2=299.774170
TIME graph=soc-LiveJournal1 method=original_nozero e2e rep=7 ms=221.337080 L1=102.383137 act_convert=17.769814 L2=101.184130
TIME graph=soc-LiveJournal1 method=shared_b2_fast_nozero e2e rep=7 ms=338.576078 L1=166.831017 act_convert=17.795086 L2=153.949976
TIME graph=soc-LiveJournal1 method=shared_b2_accurate_nozero e2e rep=7 ms=395.326853 L1=186.851978 act_convert=17.776966 L2=190.697908
TIME graph=soc-LiveJournal1 method=shared_b4_fast_nozero e2e rep=7 ms=280.915022 L1=131.631136 act_convert=22.881985 L2=126.401901
TIME graph=soc-LiveJournal1 method=shared_b4_accurate_nozero e2e rep=7 ms=315.804958 L1=150.789022 act_convert=17.827034 L2=147.188902
TIME graph=soc-LiveJournal1 method=shared_b8_accurate_nozero e2e rep=8 ms=258.697987 L1=120.124817 act_convert=17.762184 L2=120.810986
TIME graph=soc-LiveJournal1 method=shared_b16_fast_nozero e2e rep=8 ms=223.299026 L1=101.822138 act_convert=17.673969 L2=103.802919
TIME graph=soc-LiveJournal1 method=shared_b16_accurate_nozero e2e rep=8 ms=232.448101 L1=108.776093 act_convert=17.760992 L2=105.911016
TIME graph=soc-LiveJournal1 method=shared_b32_fast_nozero e2e rep=8 ms=211.939096 L1=95.606089 act_convert=17.683983 L2=98.649025
TIME graph=soc-LiveJournal1 method=shared_b32_accurate_nozero e2e rep=8 ms=223.469973 L1=104.254007 act_convert=17.650127 L2=101.565838
TIME graph=soc-LiveJournal1 method=shared_b64_fast_nozero e2e rep=8 ms=205.746174 L1=94.699144 act_convert=17.694950 L2=93.352079
TIME graph=soc-LiveJournal1 method=shared_b64_accurate_nozero e2e rep=8 ms=218.267918 L1=99.258900 act_convert=17.719984 L2=101.289034
TIME graph=soc-LiveJournal1 method=shared_bfull_fast_nozero e2e rep=8 ms=202.211857 L1=91.802835 act_convert=17.743111 L2=92.665911
TIME graph=soc-LiveJournal1 method=shared_bfull_accurate_nozero e2e rep=8 ms=214.436054 L1=99.585056 act_convert=17.681122 L2=97.169876
TIME graph=soc-LiveJournal1 method=mkl_fp32 e2e rep=8 ms=285.773039 L1=136.918068 act_convert=9.443998 L2=139.410973
TIME graph=soc-LiveJournal1 method=mkl_bf16_inputs e2e rep=8 ms=301.796913 L1=137.903929 act_convert=27.017117 L2=136.875868
TIME graph=soc-LiveJournal1 method=original e2e rep=8 ms=626.943111 L1=309.178114 act_convert=17.729044 L2=300.035954
TIME graph=soc-LiveJournal1 method=original_nozero e2e rep=8 ms=217.526197 L1=97.965002 act_convert=17.975092 L2=101.586103
TIME graph=soc-LiveJournal1 method=shared_b2_fast_nozero e2e rep=8 ms=340.421200 L1=163.077116 act_convert=17.786026 L2=159.558058
TIME graph=soc-LiveJournal1 method=shared_b2_accurate_nozero e2e rep=8 ms=411.094904 L1=192.233086 act_convert=17.762899 L2=201.098919
TIME graph=soc-LiveJournal1 method=shared_b4_fast_nozero e2e rep=8 ms=280.856848 L1=128.386974 act_convert=17.664909 L2=134.804964
TIME graph=soc-LiveJournal1 method=shared_b4_accurate_nozero e2e rep=8 ms=306.745052 L1=145.312071 act_convert=17.722845 L2=143.710136
TIME graph=soc-LiveJournal1 method=shared_b8_fast_nozero e2e rep=8 ms=240.190029 L1=109.951973 act_convert=17.734051 L2=112.504005
TIME graph=soc-LiveJournal1 method=shared_b16_fast_nozero e2e rep=9 ms=223.927975 L1=103.502989 act_convert=17.877102 L2=102.547884
TIME graph=soc-LiveJournal1 method=shared_b16_accurate_nozero e2e rep=9 ms=235.717058 L1=108.866930 act_convert=17.752171 L2=109.097958
TIME graph=soc-LiveJournal1 method=shared_b32_fast_nozero e2e rep=9 ms=209.548950 L1=96.518993 act_convert=17.628908 L2=95.401049
TIME graph=soc-LiveJournal1 method=shared_b32_accurate_nozero e2e rep=9 ms=223.122835 L1=103.981972 act_convert=17.660856 L2=101.480007
TIME graph=soc-LiveJournal1 method=shared_b64_fast_nozero e2e rep=9 ms=207.220078 L1=94.404936 act_convert=17.683029 L2=95.132113
TIME graph=soc-LiveJournal1 method=shared_b64_accurate_nozero e2e rep=9 ms=217.266083 L1=101.328135 act_convert=17.690897 L2=98.247051
TIME graph=soc-LiveJournal1 method=shared_bfull_fast_nozero e2e rep=9 ms=203.532934 L1=92.010975 act_convert=17.726898 L2=93.795061
TIME graph=soc-LiveJournal1 method=shared_bfull_accurate_nozero e2e rep=9 ms=212.787867 L1=97.538948 act_convert=17.827034 L2=97.421885
TIME graph=soc-LiveJournal1 method=mkl_fp32 e2e rep=9 ms=285.547018 L1=136.762142 act_convert=9.050846 L2=139.734030
TIME graph=soc-LiveJournal1 method=mkl_bf16_inputs e2e rep=9 ms=302.268982 L1=137.892962 act_convert=27.204037 L2=137.171984
TIME graph=soc-LiveJournal1 method=original e2e rep=9 ms=624.466181 L1=311.492205 act_convert=17.848015 L2=295.125961
TIME graph=soc-LiveJournal1 method=original_nozero e2e rep=9 ms=226.619959 L1=104.719877 act_convert=17.673016 L2=104.227066
TIME graph=soc-LiveJournal1 method=shared_b2_fast_nozero e2e rep=9 ms=331.295013 L1=154.958010 act_convert=17.849922 L2=158.487082
TIME graph=soc-LiveJournal1 method=shared_b2_accurate_nozero e2e rep=9 ms=402.268887 L1=185.798883 act_convert=17.703056 L2=198.766947
TIME graph=soc-LiveJournal1 method=shared_b4_fast_nozero e2e rep=9 ms=281.458855 L1=129.611969 act_convert=17.745972 L2=134.100914
TIME graph=soc-LiveJournal1 method=shared_b4_accurate_nozero e2e rep=9 ms=306.782007 L1=140.052080 act_convert=17.709017 L2=149.020910
TIME graph=soc-LiveJournal1 method=shared_b8_fast_nozero e2e rep=9 ms=237.117052 L1=108.192921 act_convert=17.675161 L2=111.248970
TIME graph=soc-LiveJournal1 method=shared_b8_accurate_nozero e2e rep=9 ms=256.073952 L1=117.506981 act_convert=17.756939 L2=120.810032
COMPLETE graph=soc-LiveJournal1 status=PASS max_rss_kib=23285844
