GCN E2E v3 — Hybrid Pipeline (FP32 inter-layer + BF16 final)
Threads: 32

Loading: /home/huangjianqiang_group/hdacp1/data/yx/TFS/data/reddit/reddit.csrbin
Matrix: reddit  N=232965  NNZ=114615892  avg_deg=492.0

=== TFS V3 Hybrid Pipeline ===
  run 0: 300.52 ms
  run 1: 297.04 ms
  run 2: 297.33 ms
  run 3: 290.29 ms
  run 4: 300.61 ms
  TFS V3 E2E BEST: 290.29 ms

=== MKL FP32 Two-Step ===
  run 0: 439.00 ms
  run 1: 438.34 ms
  run 2: 438.67 ms
  run 3: 439.57 ms
  run 4: 438.84 ms
  MKL E2E BEST: 438.34 ms

=== E2E Summary ===
  TFS V3 (hybrid): 290.29 ms
  MKL (FP32):      438.34 ms
  E2E Speedup:     1.51×

=== Precision ===
  TFS_hybrid vs MKL_FP32: max_rel_err=0.009665  RMSE=5.6776e+03
First 8:
  TFS: -1817809.38 -1559857.00 -1456105.00 -168724.73 170550.45 229760.09 -1456822.00 -2919221.25 
  MKL: -1835311.88 -1573869.62 -1469937.12 -176028.23 172793.00 233258.53 -1473026.62 -2942951.50 
