CORRECT graph=regular-n262144-q16 method=mkl_bf16_inputs boundary=kernel_sample reference=fp64_bf16_inputs rel_l2=1.76694663e-07 max_abs=2.36071646e-05 max_norm=3.46292118e-07 pass=1
CONFIG graph=regular-n262144-q16 N=262144 E=4194304 threads=32 R=64 D=128 F=128 repeats=5 warmups=1
CORRECT graph=regular-n262144-q16 method=mkl_fp32 boundary=kernel_full reference=mkl_bf16_inputs rel_l2=0.00531020316 max_abs=0.442153931 max_norm=0.00484612544 pass=1
CORRECT graph=regular-n262144-q16 method=mkl_fp32 boundary=kernel_full reference=mkl_fp32 rel_l2=0 max_abs=0 max_norm=0 pass=1
CORRECT graph=regular-n262144-q16 method=mkl_fp32 boundary=kernel_sample reference=fp64_bf16_inputs rel_l2=0.00529148703 max_abs=0.327534959 max_norm=0.00480459117 pass=1
CORRECT graph=regular-n262144-q16 method=mkl_bf16_inputs boundary=kernel_full reference=mkl_bf16_inputs rel_l2=0 max_abs=0 max_norm=0 pass=1
CORRECT graph=regular-n262144-q16 method=mkl_bf16_inputs boundary=kernel_full reference=mkl_fp32 rel_l2=0.00528456652 max_abs=0.442153931 max_norm=0.00482275377 pass=1
CORRECT graph=regular-n262144-q16 method=mkl_bf16_inputs boundary=kernel_sample reference=fp64_bf16_inputs rel_l2=1.76694663e-07 max_abs=2.36071646e-05 max_norm=3.46292118e-07 pass=1
CORRECT graph=regular-n262144-q16 method=original boundary=kernel_full reference=mkl_bf16_inputs rel_l2=2.31480324e-07 max_abs=4.95910645e-05 max_norm=5.43531342e-07 pass=1
CORRECT graph=regular-n262144-q16 method=original boundary=kernel_full reference=mkl_fp32 rel_l2=0.00528456656 max_abs=0.442153931 max_norm=0.00482275377 pass=1
CORRECT graph=regular-n262144-q16 method=original boundary=kernel_sample reference=fp64_bf16_inputs rel_l2=1.50733619e-07 max_abs=2.14129686e-05 max_norm=3.14105586e-07 pass=1
CORRECT graph=regular-n262144-q16 method=shared_bfull_fast boundary=kernel_full reference=mkl_bf16_inputs rel_l2=0.00327337216 max_abs=0.288131714 max_norm=0.00315800071 pass=1
CORRECT graph=regular-n262144-q16 method=shared_bfull_fast boundary=kernel_full reference=mkl_fp32 rel_l2=0.00806897169 max_abs=0.691802979 max_norm=0.00754577805 pass=1
CORRECT graph=regular-n262144-q16 method=shared_bfull_fast boundary=kernel_sample reference=fp64_bf16_inputs rel_l2=0.00327901683 max_abs=0.219362199 max_norm=0.00321781128 pass=1
CORRECT graph=regular-n262144-q16 method=shared_bfull_accurate boundary=kernel_full reference=mkl_bf16_inputs rel_l2=1.91860523e-06 max_abs=0.000332832336 max_norm=3.6479315e-06 pass=1
CORRECT graph=regular-n262144-q16 method=shared_bfull_accurate boundary=kernel_full reference=mkl_fp32 rel_l2=0.00528482842 max_abs=0.442153931 max_norm=0.00482275377 pass=1
CORRECT graph=regular-n262144-q16 method=shared_bfull_accurate boundary=kernel_sample reference=fp64_bf16_inputs rel_l2=2.0847021e-06 max_abs=0.000159867108 max_norm=2.34508126e-06 pass=1
CORRECT graph=regular-n262144-q16 method=replay_bfull_fast boundary=kernel_full reference=mkl_bf16_inputs rel_l2=0.00327337216 max_abs=0.288131714 max_norm=0.00315800071 pass=1
CORRECT graph=regular-n262144-q16 method=replay_bfull_fast boundary=kernel_full reference=mkl_fp32 rel_l2=0.00806897169 max_abs=0.691802979 max_norm=0.00754577805 pass=1
CORRECT graph=regular-n262144-q16 method=replay_bfull_fast boundary=kernel_sample reference=fp64_bf16_inputs rel_l2=0.00327901683 max_abs=0.219362199 max_norm=0.00321781128 pass=1
CORRECT graph=regular-n262144-q16 method=original_nozero boundary=kernel_full reference=mkl_bf16_inputs rel_l2=2.31480324e-07 max_abs=4.95910645e-05 max_norm=5.43531342e-07 pass=1
CORRECT graph=regular-n262144-q16 method=original_nozero boundary=kernel_full reference=mkl_fp32 rel_l2=0.00528456656 max_abs=0.442153931 max_norm=0.00482275377 pass=1
CORRECT graph=regular-n262144-q16 method=original_nozero boundary=kernel_sample reference=fp64_bf16_inputs rel_l2=1.50733619e-07 max_abs=2.14129686e-05 max_norm=3.14105586e-07 pass=1
CORRECT graph=regular-n262144-q16 method=original_nozero boundary=nozero_identity reference=unchanged_original rel_l2=0 max_abs=0 max_norm=0 pass=1
CORRECT graph=regular-n262144-q16 method=shared_bfull_fast_nozero boundary=kernel_full reference=mkl_bf16_inputs rel_l2=0.00327337216 max_abs=0.288131714 max_norm=0.00315800071 pass=1
CORRECT graph=regular-n262144-q16 method=shared_bfull_fast_nozero boundary=kernel_full reference=mkl_fp32 rel_l2=0.00806897169 max_abs=0.691802979 max_norm=0.00754577805 pass=1
CORRECT graph=regular-n262144-q16 method=shared_bfull_fast_nozero boundary=kernel_sample reference=fp64_bf16_inputs rel_l2=0.00327901683 max_abs=0.219362199 max_norm=0.00321781128 pass=1
CORRECT graph=regular-n262144-q16 method=shared_bfull_accurate_nozero boundary=kernel_full reference=mkl_bf16_inputs rel_l2=1.91860523e-06 max_abs=0.000332832336 max_norm=3.6479315e-06 pass=1
CORRECT graph=regular-n262144-q16 method=shared_bfull_accurate_nozero boundary=kernel_full reference=mkl_fp32 rel_l2=0.00528482842 max_abs=0.442153931 max_norm=0.00482275377 pass=1
CORRECT graph=regular-n262144-q16 method=shared_bfull_accurate_nozero boundary=kernel_sample reference=fp64_bf16_inputs rel_l2=2.0847021e-06 max_abs=0.000159867108 max_norm=2.34508126e-06 pass=1
CORRECT graph=regular-n262144-q16 method=shared_b32_fast_nozero boundary=kernel_full reference=mkl_bf16_inputs rel_l2=0.00327337216 max_abs=0.288131714 max_norm=0.00315800071 pass=1
CORRECT graph=regular-n262144-q16 method=shared_b32_fast_nozero boundary=kernel_full reference=mkl_fp32 rel_l2=0.00806897169 max_abs=0.691802979 max_norm=0.00754577805 pass=1
CORRECT graph=regular-n262144-q16 method=shared_b32_fast_nozero boundary=kernel_sample reference=fp64_bf16_inputs rel_l2=0.00327901683 max_abs=0.219362199 max_norm=0.00321781128 pass=1
CORRECT graph=regular-n262144-q16 method=replay_bfull_fast_nozero boundary=kernel_full reference=mkl_bf16_inputs rel_l2=0.00327337216 max_abs=0.288131714 max_norm=0.00315800071 pass=1
CORRECT graph=regular-n262144-q16 method=replay_bfull_fast_nozero boundary=kernel_full reference=mkl_fp32 rel_l2=0.00806897169 max_abs=0.691802979 max_norm=0.00754577805 pass=1
CORRECT graph=regular-n262144-q16 method=replay_bfull_fast_nozero boundary=kernel_sample reference=fp64_bf16_inputs rel_l2=0.00327901683 max_abs=0.219362199 max_norm=0.00321781128 pass=1
TIME graph=regular-n262144-q16 method=mkl_bf16_inputs kernel rep=0 ms=10.324955
TIME graph=regular-n262144-q16 method=original kernel rep=0 ms=17.693996
TIME graph=regular-n262144-q16 method=shared_bfull_fast kernel rep=0 ms=13.683081
TIME graph=regular-n262144-q16 method=shared_bfull_accurate kernel rep=0 ms=13.984919
TIME graph=regular-n262144-q16 method=replay_bfull_fast kernel rep=0 ms=14.628887
TIME graph=regular-n262144-q16 method=original_nozero kernel rep=0 ms=4.536152
TIME graph=regular-n262144-q16 method=shared_bfull_fast_nozero kernel rep=0 ms=2.897978
TIME graph=regular-n262144-q16 method=shared_bfull_accurate_nozero kernel rep=0 ms=2.902985
TIME graph=regular-n262144-q16 method=shared_b32_fast_nozero kernel rep=0 ms=2.983093
TIME graph=regular-n262144-q16 method=replay_bfull_fast_nozero kernel rep=0 ms=3.679037
TIME graph=regular-n262144-q16 method=mkl_fp32 kernel rep=0 ms=10.229111
TIME graph=regular-n262144-q16 method=original kernel rep=1 ms=17.815113
TIME graph=regular-n262144-q16 method=shared_bfull_fast kernel rep=1 ms=13.852119
TIME graph=regular-n262144-q16 method=shared_bfull_accurate kernel rep=1 ms=35.602808
TIME graph=regular-n262144-q16 method=replay_bfull_fast kernel rep=1 ms=14.761209
TIME graph=regular-n262144-q16 method=original_nozero kernel rep=1 ms=4.544973
TIME graph=regular-n262144-q16 method=shared_bfull_fast_nozero kernel rep=1 ms=2.913952
TIME graph=regular-n262144-q16 method=shared_bfull_accurate_nozero kernel rep=1 ms=2.921104
TIME graph=regular-n262144-q16 method=shared_b32_fast_nozero kernel rep=1 ms=2.938032
TIME graph=regular-n262144-q16 method=replay_bfull_fast_nozero kernel rep=1 ms=3.673077
TIME graph=regular-n262144-q16 method=mkl_fp32 kernel rep=1 ms=10.671139
TIME graph=regular-n262144-q16 method=mkl_bf16_inputs kernel rep=1 ms=9.232998
TIME graph=regular-n262144-q16 method=shared_bfull_fast kernel rep=2 ms=16.648054
TIME graph=regular-n262144-q16 method=shared_bfull_accurate kernel rep=2 ms=13.998032
TIME graph=regular-n262144-q16 method=replay_bfull_fast kernel rep=2 ms=14.600992
TIME graph=regular-n262144-q16 method=original_nozero kernel rep=2 ms=4.537106
TIME graph=regular-n262144-q16 method=shared_bfull_fast_nozero kernel rep=2 ms=2.909899
TIME graph=regular-n262144-q16 method=shared_bfull_accurate_nozero kernel rep=2 ms=2.876997
TIME graph=regular-n262144-q16 method=shared_b32_fast_nozero kernel rep=2 ms=2.945900
TIME graph=regular-n262144-q16 method=replay_bfull_fast_nozero kernel rep=2 ms=3.711939
TIME graph=regular-n262144-q16 method=mkl_fp32 kernel rep=2 ms=10.240078
TIME graph=regular-n262144-q16 method=mkl_bf16_inputs kernel rep=2 ms=9.281874
TIME graph=regular-n262144-q16 method=original kernel rep=2 ms=17.530203
TIME graph=regular-n262144-q16 method=shared_bfull_accurate kernel rep=3 ms=13.858080
TIME graph=regular-n262144-q16 method=replay_bfull_fast kernel rep=3 ms=14.639139
TIME graph=regular-n262144-q16 method=original_nozero kernel rep=3 ms=4.530907
TIME graph=regular-n262144-q16 method=shared_bfull_fast_nozero kernel rep=3 ms=2.888918
TIME graph=regular-n262144-q16 method=shared_bfull_accurate_nozero kernel rep=3 ms=2.930880
TIME graph=regular-n262144-q16 method=shared_b32_fast_nozero kernel rep=3 ms=2.941132
TIME graph=regular-n262144-q16 method=replay_bfull_fast_nozero kernel rep=3 ms=3.677130
TIME graph=regular-n262144-q16 method=mkl_fp32 kernel rep=3 ms=10.815144
TIME graph=regular-n262144-q16 method=mkl_bf16_inputs kernel rep=3 ms=9.277105
TIME graph=regular-n262144-q16 method=original kernel rep=3 ms=17.608881
TIME graph=regular-n262144-q16 method=shared_bfull_fast kernel rep=3 ms=13.650179
TIME graph=regular-n262144-q16 method=replay_bfull_fast kernel rep=4 ms=14.651060
TIME graph=regular-n262144-q16 method=original_nozero kernel rep=4 ms=4.528999
TIME graph=regular-n262144-q16 method=shared_bfull_fast_nozero kernel rep=4 ms=2.860069
TIME graph=regular-n262144-q16 method=shared_bfull_accurate_nozero kernel rep=4 ms=2.913952
TIME graph=regular-n262144-q16 method=shared_b32_fast_nozero kernel rep=4 ms=2.882004
TIME graph=regular-n262144-q16 method=replay_bfull_fast_nozero kernel rep=4 ms=3.643990
TIME graph=regular-n262144-q16 method=mkl_fp32 kernel rep=4 ms=10.338068
TIME graph=regular-n262144-q16 method=mkl_bf16_inputs kernel rep=4 ms=9.330988
TIME graph=regular-n262144-q16 method=original kernel rep=4 ms=17.853022
TIME graph=regular-n262144-q16 method=shared_bfull_fast kernel rep=4 ms=13.884068
TIME graph=regular-n262144-q16 method=shared_bfull_accurate kernel rep=4 ms=13.962030
CORRECT graph=regular-n262144-q16 method=original boundary=instrumented_kernel reference=unchanged_original rel_l2=0 max_abs=0 max_norm=0 pass=1
CORRECT graph=regular-n262144-q16 method=shared_bfull_fast boundary=instrumented_kernel reference=mkl_bf16_inputs rel_l2=0.00327337216 max_abs=0.288131714 max_norm=0.00315800071 pass=1
CORRECT graph=regular-n262144-q16 method=shared_bfull_accurate boundary=instrumented_kernel reference=mkl_bf16_inputs rel_l2=1.91860523e-06 max_abs=0.000332832336 max_norm=3.6479315e-06 pass=1
CORRECT graph=regular-n262144-q16 method=replay_bfull_fast boundary=instrumented_kernel reference=mkl_bf16_inputs rel_l2=0.00327337216 max_abs=0.288131714 max_norm=0.00315800071 pass=1
CORRECT graph=regular-n262144-q16 method=original_nozero boundary=instrumented_kernel reference=unchanged_original rel_l2=0 max_abs=0 max_norm=0 pass=1
CORRECT graph=regular-n262144-q16 method=shared_bfull_fast_nozero boundary=instrumented_kernel reference=mkl_bf16_inputs rel_l2=0.00327337216 max_abs=0.288131714 max_norm=0.00315800071 pass=1
CORRECT graph=regular-n262144-q16 method=shared_bfull_accurate_nozero boundary=instrumented_kernel reference=mkl_bf16_inputs rel_l2=1.91860523e-06 max_abs=0.000332832336 max_norm=3.6479315e-06 pass=1
CORRECT graph=regular-n262144-q16 method=shared_b32_fast_nozero boundary=instrumented_kernel reference=mkl_bf16_inputs rel_l2=0.00327337216 max_abs=0.288131714 max_norm=0.00315800071 pass=1
CORRECT graph=regular-n262144-q16 method=replay_bfull_fast_nozero boundary=instrumented_kernel reference=mkl_bf16_inputs rel_l2=0.00327337216 max_abs=0.288131714 max_norm=0.00315800071 pass=1
CORRECT graph=regular-n262144-q16 method=mkl_fp32 boundary=two_layer_e2e reference=mkl_bf16_inputs rel_l2=0.0105811301 max_abs=30.8139648 max_norm=0.0108525271 pass=1
CORRECT graph=regular-n262144-q16 method=mkl_fp32 boundary=two_layer_e2e reference=mkl_fp32 rel_l2=0 max_abs=0 max_norm=0 pass=1
CORRECT graph=regular-n262144-q16 method=mkl_bf16_inputs boundary=two_layer_e2e reference=mkl_bf16_inputs rel_l2=0 max_abs=0 max_norm=0 pass=1
CORRECT graph=regular-n262144-q16 method=mkl_bf16_inputs boundary=two_layer_e2e reference=mkl_fp32 rel_l2=0.0104723351 max_abs=30.8139648 max_norm=0.0107382996 pass=1
CORRECT graph=regular-n262144-q16 method=original boundary=two_layer_e2e reference=mkl_bf16_inputs rel_l2=1.2912522e-05 max_abs=0.349197388 max_norm=0.000122985605 pass=1
CORRECT graph=regular-n262144-q16 method=original boundary=two_layer_e2e reference=mkl_fp32 rel_l2=0.0104723461 max_abs=30.8139648 max_norm=0.0107382996 pass=1
CORRECT graph=regular-n262144-q16 method=shared_bfull_fast boundary=two_layer_e2e reference=mkl_bf16_inputs rel_l2=0.00591471456 max_abs=18.5664062 max_norm=0.00653899709 pass=1
CORRECT graph=regular-n262144-q16 method=shared_bfull_fast boundary=two_layer_e2e reference=mkl_fp32 rel_l2=0.0159724134 max_abs=48.2954102 max_norm=0.016830375 pass=1
CORRECT graph=regular-n262144-q16 method=shared_bfull_accurate boundary=two_layer_e2e reference=mkl_bf16_inputs rel_l2=3.00318252e-05 max_abs=0.436431885 max_norm=0.000153709166 pass=1
CORRECT graph=regular-n262144-q16 method=shared_bfull_accurate boundary=two_layer_e2e reference=mkl_fp32 rel_l2=0.0104730883 max_abs=30.8125 max_norm=0.0107377891 pass=1
CORRECT graph=regular-n262144-q16 method=replay_bfull_fast boundary=two_layer_e2e reference=mkl_bf16_inputs rel_l2=0.00591471456 max_abs=18.5664062 max_norm=0.00653899709 pass=1
CORRECT graph=regular-n262144-q16 method=replay_bfull_fast boundary=two_layer_e2e reference=mkl_fp32 rel_l2=0.0159724134 max_abs=48.2954102 max_norm=0.016830375 pass=1
CORRECT graph=regular-n262144-q16 method=original_nozero boundary=two_layer_e2e reference=mkl_bf16_inputs rel_l2=1.2912522e-05 max_abs=0.349197388 max_norm=0.000122985605 pass=1
CORRECT graph=regular-n262144-q16 method=original_nozero boundary=two_layer_e2e reference=mkl_fp32 rel_l2=0.0104723461 max_abs=30.8139648 max_norm=0.0107382996 pass=1
CORRECT graph=regular-n262144-q16 method=shared_bfull_fast_nozero boundary=two_layer_e2e reference=mkl_bf16_inputs rel_l2=0.00591471456 max_abs=18.5664062 max_norm=0.00653899709 pass=1
CORRECT graph=regular-n262144-q16 method=shared_bfull_fast_nozero boundary=two_layer_e2e reference=mkl_fp32 rel_l2=0.0159724134 max_abs=48.2954102 max_norm=0.016830375 pass=1
CORRECT graph=regular-n262144-q16 method=shared_bfull_accurate_nozero boundary=two_layer_e2e reference=mkl_bf16_inputs rel_l2=3.00318252e-05 max_abs=0.436431885 max_norm=0.000153709166 pass=1
CORRECT graph=regular-n262144-q16 method=shared_bfull_accurate_nozero boundary=two_layer_e2e reference=mkl_fp32 rel_l2=0.0104730883 max_abs=30.8125 max_norm=0.0107377891 pass=1
CORRECT graph=regular-n262144-q16 method=shared_b32_fast_nozero boundary=two_layer_e2e reference=mkl_bf16_inputs rel_l2=0.00591471456 max_abs=18.5664062 max_norm=0.00653899709 pass=1
CORRECT graph=regular-n262144-q16 method=shared_b32_fast_nozero boundary=two_layer_e2e reference=mkl_fp32 rel_l2=0.0159724134 max_abs=48.2954102 max_norm=0.016830375 pass=1
CORRECT graph=regular-n262144-q16 method=replay_bfull_fast_nozero boundary=two_layer_e2e reference=mkl_bf16_inputs rel_l2=0.00591471456 max_abs=18.5664062 max_norm=0.00653899709 pass=1
CORRECT graph=regular-n262144-q16 method=replay_bfull_fast_nozero boundary=two_layer_e2e reference=mkl_fp32 rel_l2=0.0159724134 max_abs=48.2954102 max_norm=0.016830375 pass=1
TIME graph=regular-n262144-q16 method=mkl_bf16_inputs e2e rep=0 ms=21.625042 L1=9.941101 act_convert=1.993895 L2=9.690046
TIME graph=regular-n262144-q16 method=original e2e rep=0 ms=33.980846 L1=16.140938 act_convert=1.393080 L2=16.446829
TIME graph=regular-n262144-q16 method=shared_bfull_fast e2e rep=0 ms=32.751799 L1=15.223980 act_convert=1.487017 L2=16.040802
TIME graph=regular-n262144-q16 method=shared_bfull_accurate e2e rep=0 ms=32.540083 L1=15.625000 act_convert=1.405954 L2=15.509129
TIME graph=regular-n262144-q16 method=replay_bfull_fast e2e rep=0 ms=33.363104 L1=15.903950 act_convert=1.425028 L2=16.034126
TIME graph=regular-n262144-q16 method=original_nozero e2e rep=0 ms=12.634039 L1=5.368948 act_convert=1.398087 L2=5.867004
TIME graph=regular-n262144-q16 method=shared_bfull_fast_nozero e2e rep=0 ms=10.303020 L1=4.422903 act_convert=1.403093 L2=4.477024
TIME graph=regular-n262144-q16 method=shared_bfull_accurate_nozero e2e rep=0 ms=10.169029 L1=4.153967 act_convert=1.415968 L2=4.599094
TIME graph=regular-n262144-q16 method=shared_b32_fast_nozero e2e rep=0 ms=9.927988 L1=3.952026 act_convert=1.404047 L2=4.571915
TIME graph=regular-n262144-q16 method=replay_bfull_fast_nozero e2e rep=0 ms=12.506962 L1=5.317926 act_convert=1.441002 L2=5.748034
TIME graph=regular-n262144-q16 method=mkl_fp32 e2e rep=0 ms=19.905090 L1=10.282993 act_convert=0.751972 L2=8.870125
TIME graph=regular-n262144-q16 method=original e2e rep=1 ms=35.344839 L1=16.960859 act_convert=1.400948 L2=16.983032
TIME graph=regular-n262144-q16 method=shared_bfull_fast e2e rep=1 ms=32.998085 L1=15.547991 act_convert=1.392126 L2=16.057968
TIME graph=regular-n262144-q16 method=shared_bfull_accurate e2e rep=1 ms=32.497883 L1=15.522003 act_convert=1.399040 L2=15.576839
TIME graph=regular-n262144-q16 method=replay_bfull_fast e2e rep=1 ms=33.456087 L1=15.886068 act_convert=1.432896 L2=16.137123
TIME graph=regular-n262144-q16 method=original_nozero e2e rep=1 ms=12.465954 L1=5.365849 act_convert=1.384020 L2=5.716085
TIME graph=regular-n262144-q16 method=shared_bfull_fast_nozero e2e rep=1 ms=10.470152 L1=4.593134 act_convert=1.397848 L2=4.479170
TIME graph=regular-n262144-q16 method=shared_bfull_accurate_nozero e2e rep=1 ms=10.488033 L1=4.281998 act_convert=1.405001 L2=4.801035
TIME graph=regular-n262144-q16 method=shared_b32_fast_nozero e2e rep=1 ms=10.604858 L1=3.936052 act_convert=1.403809 L2=5.264997
TIME graph=regular-n262144-q16 method=replay_bfull_fast_nozero e2e rep=1 ms=12.665987 L1=5.277872 act_convert=1.481056 L2=5.907059
TIME graph=regular-n262144-q16 method=mkl_fp32 e2e rep=1 ms=19.972086 L1=10.343075 act_convert=0.767946 L2=8.861065
TIME graph=regular-n262144-q16 method=mkl_bf16_inputs e2e rep=1 ms=20.186901 L1=9.133816 act_convert=2.018213 L2=9.034872
TIME graph=regular-n262144-q16 method=shared_bfull_fast e2e rep=2 ms=32.516003 L1=15.144110 act_convert=1.403809 L2=15.968084
TIME graph=regular-n262144-q16 method=shared_bfull_accurate e2e rep=2 ms=32.555103 L1=15.725136 act_convert=1.405954 L2=15.424013
TIME graph=regular-n262144-q16 method=replay_bfull_fast e2e rep=2 ms=33.413887 L1=15.939951 act_convert=1.426935 L2=16.047001
TIME graph=regular-n262144-q16 method=original_nozero e2e rep=2 ms=12.690067 L1=5.394936 act_convert=1.402140 L2=5.892992
TIME graph=regular-n262144-q16 method=shared_bfull_fast_nozero e2e rep=2 ms=10.365963 L1=4.537106 act_convert=1.400948 L2=4.427910
TIME graph=regular-n262144-q16 method=shared_bfull_accurate_nozero e2e rep=2 ms=10.543823 L1=4.390001 act_convert=1.401901 L2=4.751921
TIME graph=regular-n262144-q16 method=shared_b32_fast_nozero e2e rep=2 ms=10.059118 L1=3.915071 act_convert=1.403093 L2=4.740953
TIME graph=regular-n262144-q16 method=replay_bfull_fast_nozero e2e rep=2 ms=12.573004 L1=5.369902 act_convert=1.425982 L2=5.777121
TIME graph=regular-n262144-q16 method=mkl_fp32 e2e rep=2 ms=20.344019 L1=10.774136 act_convert=0.745058 L2=8.824825
TIME graph=regular-n262144-q16 method=mkl_bf16_inputs e2e rep=2 ms=20.128012 L1=9.083033 act_convert=2.064943 L2=8.980036
TIME graph=regular-n262144-q16 method=original e2e rep=2 ms=33.386946 L1=16.002893 act_convert=1.406908 L2=15.977144
TIME graph=regular-n262144-q16 method=shared_bfull_accurate e2e rep=3 ms=33.236980 L1=15.428066 act_convert=1.405954 L2=16.402960
TIME graph=regular-n262144-q16 method=replay_bfull_fast e2e rep=3 ms=33.832073 L1=16.231060 act_convert=1.438856 L2=16.162157
TIME graph=regular-n262144-q16 method=original_nozero e2e rep=3 ms=12.468100 L1=5.391121 act_convert=1.387835 L2=5.689144
TIME graph=regular-n262144-q16 method=shared_bfull_fast_nozero e2e rep=3 ms=10.641098 L1=4.782915 act_convert=1.306057 L2=4.552126
TIME graph=regular-n262144-q16 method=shared_bfull_accurate_nozero e2e rep=3 ms=11.237144 L1=4.770994 act_convert=1.418114 L2=5.048037
TIME graph=regular-n262144-q16 method=shared_b32_fast_nozero e2e rep=3 ms=10.626078 L1=4.421949 act_convert=1.392126 L2=4.812002
TIME graph=regular-n262144-q16 method=replay_bfull_fast_nozero e2e rep=3 ms=12.137890 L1=5.048037 act_convert=1.382828 L2=5.707026
TIME graph=regular-n262144-q16 method=mkl_fp32 e2e rep=3 ms=20.795107 L1=11.064053 act_convert=0.792027 L2=8.939028
TIME graph=regular-n262144-q16 method=mkl_bf16_inputs e2e rep=3 ms=20.028114 L1=9.019136 act_convert=2.023935 L2=8.985043
TIME graph=regular-n262144-q16 method=original e2e rep=3 ms=33.432007 L1=15.960932 act_convert=1.422882 L2=16.048193
TIME graph=regular-n262144-q16 method=shared_bfull_fast e2e rep=3 ms=32.000065 L1=15.203953 act_convert=1.433134 L2=15.362978
TIME graph=regular-n262144-q16 method=replay_bfull_fast e2e rep=4 ms=33.360958 L1=15.894890 act_convert=1.430035 L2=16.036034
TIME graph=regular-n262144-q16 method=original_nozero e2e rep=4 ms=12.673855 L1=5.384922 act_convert=1.391888 L2=5.897045
TIME graph=regular-n262144-q16 method=shared_bfull_fast_nozero e2e rep=4 ms=10.735989 L1=4.807949 act_convert=1.378059 L2=4.549980
TIME graph=regular-n262144-q16 method=shared_bfull_accurate_nozero e2e rep=4 ms=10.651112 L1=4.259109 act_convert=1.402855 L2=4.989147
TIME graph=regular-n262144-q16 method=shared_b32_fast_nozero e2e rep=4 ms=10.462999 L1=4.157066 act_convert=1.397848 L2=4.908085
TIME graph=regular-n262144-q16 method=replay_bfull_fast_nozero e2e rep=4 ms=12.566090 L1=5.218029 act_convert=1.487017 L2=5.861044
TIME graph=regular-n262144-q16 method=mkl_fp32 e2e rep=4 ms=20.431995 L1=10.271072 act_convert=0.761986 L2=9.398937
TIME graph=regular-n262144-q16 method=mkl_bf16_inputs e2e rep=4 ms=20.831108 L1=9.785175 act_convert=2.077818 L2=8.968115
TIME graph=regular-n262144-q16 method=original e2e rep=4 ms=33.414841 L1=16.025782 act_convert=1.393080 L2=15.995979
TIME graph=regular-n262144-q16 method=shared_bfull_fast e2e rep=4 ms=32.046080 L1=15.305996 act_convert=1.487017 L2=15.253067
TIME graph=regular-n262144-q16 method=shared_bfull_accurate e2e rep=4 ms=32.356977 L1=15.425205 act_convert=1.401901 L2=15.529871
COMPLETE graph=regular-n262144-q16 status=PASS max_rss_kib=1689544
