GCN E2E v3 — Hybrid Pipeline (FP32 inter-layer + BF16 final)
Threads: 32

Loading: /home/huangjianqiang_group/hdacp1/data/yx/TFS/data/as-Skitter/as-Skitter.csrbin
Matrix: as-Skitter  N=1696415  NNZ=22190596  avg_deg=13.1

=== TFS V3 Hybrid Pipeline ===
  run 0: 104.46 ms
  run 1: 103.13 ms
  run 2: 103.98 ms
  run 3: 107.06 ms
  run 4: 103.92 ms
  TFS V3 E2E BEST: 103.13 ms

=== MKL FP32 Two-Step ===
  run 0: 162.75 ms
  run 1: 162.69 ms
  run 2: 162.81 ms
  run 3: 162.47 ms
  run 4: 162.69 ms
  MKL E2E BEST: 162.47 ms

=== E2E Summary ===
  TFS V3 (hybrid): 103.13 ms
  MKL (FP32):      162.47 ms
  E2E Speedup:     1.58×

=== Precision ===
  TFS_hybrid vs MKL_FP32: max_rel_err=0.010795  RMSE=1.7434e+02
First 8:
  TFS: -4624.96 -24859.84 -17876.94 -5137.20 84.81 398.49 -13633.83 -20492.36 
  MKL: -4643.98 -25083.39 -18068.94 -5190.35 76.51 388.86 -13794.22 -20682.04 
METHOD_CONFIG graph=as-Skitter N=1696415 E=22190596 D=128 F=128 R=64 TR=16 warmups=1 repeats=5 final_output=BF16 mkl_threads=32 mkl_dynamic=1 numa=default
METHOD_CHECK graph=as-Skitter method=paper_tfs boundary=kernel_FP32 reference=paper_tfs max_abs=0 mean_abs=0 relative_L2=0 normalized_max=0 gate=0.01 pass=1
METHOD_CHECK graph=as-Skitter method=paper_tfs boundary=e2e_FP32_final reference=paper_tfs max_abs=0 mean_abs=0 relative_L2=0 normalized_max=0 gate=0.01 pass=1
METHOD_CHECK graph=as-Skitter method=paper_tfs boundary=e2e_BF16_final reference=paper_tfs max_abs=0 mean_abs=0 relative_L2=0 normalized_max=0 gate=0.02 pass=1
METHOD_CHECK graph=as-Skitter method=paper_tfs boundary=e2e_BF16_final reference=source_MKL_FP32 max_abs=101176 mean_abs=49.296742437 relative_L2=0.0115825632437 normalized_max=0.0141074558509 gate=0.03 pass=1
METHOD_CHECK graph=as-Skitter method=b8_fast boundary=kernel_FP32 reference=paper_tfs max_abs=11.982421875 mean_abs=0.0234653225435 relative_L2=0.00304953031939 normalized_max=0.00273239558942 gate=0.01 pass=1
METHOD_CHECK graph=as-Skitter method=b8_fast boundary=e2e_FP32_final reference=paper_tfs max_abs=37308 mean_abs=24.1472403914 relative_L2=0.00556254660663 normalized_max=0.00525880048802 gate=0.01 pass=1
METHOD_CHECK graph=as-Skitter method=b8_fast boundary=e2e_BF16_final reference=paper_tfs max_abs=32768 mean_abs=24.0786532215 relative_L2=0.00596740337275 normalized_max=0.00462962962963 gate=0.02 pass=1
METHOD_CHECK graph=as-Skitter method=b8_fast boundary=e2e_BF16_final reference=source_MKL_FP32 max_abs=133944 mean_abs=72.0711032923 relative_L2=0.0168777332741 normalized_max=0.0186764555477 gate=0.03 pass=1
METHOD_CHECK graph=as-Skitter method=b8_accurate boundary=kernel_FP32 reference=paper_tfs max_abs=0.04443359375 mean_abs=2.29921066266e-06 relative_L2=2.20114479824e-06 normalized_max=1.01323552827e-05 gate=0.001 pass=1
METHOD_CHECK graph=as-Skitter method=b8_accurate boundary=e2e_FP32_final reference=paper_tfs max_abs=97 mean_abs=0.128560007827 relative_L2=3.81990509849e-05 normalized_max=1.36727685037e-05 gate=0.001 pass=1
METHOD_CHECK graph=as-Skitter method=b8_accurate boundary=e2e_BF16_final reference=paper_tfs max_abs=8192 mean_abs=0.127974044067 relative_L2=0.000308316946638 normalized_max=0.00115740740741 gate=0.01 pass=1
METHOD_CHECK graph=as-Skitter method=b8_accurate boundary=e2e_BF16_final reference=source_MKL_FP32 max_abs=101176 mean_abs=49.316902921 relative_L2=0.0115873663166 normalized_max=0.0141074558509 gate=0.03 pass=1
METHOD_CHECK graph=as-Skitter method=b16_fast boundary=kernel_FP32 reference=paper_tfs max_abs=12.4223632812 mean_abs=0.0239922974647 relative_L2=0.00313874169423 normalized_max=0.00283271704117 gate=0.01 pass=1
METHOD_CHECK graph=as-Skitter method=b16_fast boundary=e2e_FP32_final reference=paper_tfs max_abs=38756.5 mean_abs=24.8296753954 relative_L2=0.00571218303949 normalized_max=0.00546297579913 gate=0.01 pass=1
METHOD_CHECK graph=as-Skitter method=b16_fast boundary=e2e_BF16_final reference=paper_tfs max_abs=32768 mean_abs=24.7601353723 relative_L2=0.00610530435335 normalized_max=0.00462962962963 gate=0.02 pass=1
METHOD_CHECK graph=as-Skitter method=b16_fast boundary=e2e_BF16_final reference=source_MKL_FP32 max_abs=133944 mean_abs=72.6571623948 relative_L2=0.0170026892077 normalized_max=0.0186764555477 gate=0.03 pass=1
METHOD_CHECK graph=as-Skitter method=b16_accurate boundary=kernel_FP32 reference=paper_tfs max_abs=0.0419921875 mean_abs=6.26714470851e-06 relative_L2=2.54908241031e-06 normalized_max=9.57563246496e-06 gate=0.001 pass=1
METHOD_CHECK graph=as-Skitter method=b16_accurate boundary=e2e_FP32_final reference=paper_tfs max_abs=110.5 mean_abs=0.122347899245 relative_L2=3.67013032601e-05 normalized_max=1.55756795842e-05 gate=0.001 pass=1
METHOD_CHECK graph=as-Skitter method=b16_accurate boundary=e2e_BF16_final reference=paper_tfs max_abs=8192 mean_abs=0.121809692584 relative_L2=0.00031071640333 normalized_max=0.00115740740741 gate=0.01 pass=1
METHOD_CHECK graph=as-Skitter method=b16_accurate boundary=e2e_BF16_final reference=source_MKL_FP32 max_abs=101176 mean_abs=49.3249012388 relative_L2=0.0115884707651 normalized_max=0.0141074558509 gate=0.03 pass=1
METHOD_CHECK graph=as-Skitter method=b64_fast boundary=kernel_FP32 reference=paper_tfs max_abs=12.7639160156 mean_abs=0.0241241709683 relative_L2=0.00317383389263 normalized_max=0.00291060256337 gate=0.01 pass=1
METHOD_CHECK graph=as-Skitter method=b64_fast boundary=e2e_FP32_final reference=paper_tfs max_abs=39717.5 mean_abs=25.447340191 relative_L2=0.00592238221834 normalized_max=0.00559843487678 gate=0.01 pass=1
METHOD_CHECK graph=as-Skitter method=b64_fast boundary=e2e_BF16_final reference=paper_tfs max_abs=32768 mean_abs=25.374573895 relative_L2=0.00630847915001 normalized_max=0.00462962962963 gate=0.02 pass=1
METHOD_CHECK graph=as-Skitter method=b64_fast boundary=e2e_BF16_final reference=source_MKL_FP32 max_abs=133944 mean_abs=73.1586083381 relative_L2=0.017168137754 normalized_max=0.0186764555477 gate=0.03 pass=1
METHOD_CHECK graph=as-Skitter method=b64_accurate boundary=kernel_FP32 reference=paper_tfs max_abs=0.0478515625 mean_abs=1.26918311543e-05 relative_L2=4.43286143655e-06 normalized_max=1.09117672275e-05 gate=0.001 pass=1
METHOD_CHECK graph=as-Skitter method=b64_accurate boundary=e2e_FP32_final reference=paper_tfs max_abs=132 mean_abs=0.160743608146 relative_L2=3.98353491586e-05 normalized_max=1.86062416752e-05 gate=0.001 pass=1
METHOD_CHECK graph=as-Skitter method=b64_accurate boundary=e2e_BF16_final reference=paper_tfs max_abs=8192 mean_abs=0.160524014425 relative_L2=0.000344394291288 normalized_max=0.00115740740741 gate=0.01 pass=1
METHOD_CHECK graph=as-Skitter method=b64_accurate boundary=e2e_BF16_final reference=source_MKL_FP32 max_abs=101176 mean_abs=49.3371451971 relative_L2=0.0115919883574 normalized_max=0.0141074558509 gate=0.03 pass=1
METHOD_CHECK graph=as-Skitter method=bfull_fast boundary=kernel_FP32 reference=paper_tfs max_abs=13.8238525391 mean_abs=0.0241367617241 relative_L2=0.00322832966378 normalized_max=0.00315230377469 gate=0.01 pass=1
METHOD_CHECK graph=as-Skitter method=bfull_fast boundary=e2e_FP32_final reference=paper_tfs max_abs=46943.5 mean_abs=25.7084822882 relative_L2=0.00604604186784 normalized_max=0.00661698565212 gate=0.01 pass=1
METHOD_CHECK graph=as-Skitter method=bfull_fast boundary=e2e_BF16_final reference=paper_tfs max_abs=65536 mean_abs=25.6329044094 relative_L2=0.0064397834697 normalized_max=0.00925925925926 gate=0.02 pass=1
METHOD_CHECK graph=as-Skitter method=bfull_fast boundary=e2e_BF16_final reference=source_MKL_FP32 max_abs=133944 mean_abs=73.3207592817 relative_L2=0.0172384073062 normalized_max=0.0186764555477 gate=0.03 pass=1
METHOD_CHECK graph=as-Skitter method=bfull_accurate boundary=kernel_FP32 reference=paper_tfs max_abs=0.05859375 mean_abs=1.44155470569e-05 relative_L2=6.51587562234e-06 normalized_max=1.33613476255e-05 gate=0.001 pass=1
METHOD_CHECK graph=as-Skitter method=bfull_accurate boundary=e2e_FP32_final reference=paper_tfs max_abs=174 mean_abs=0.247799351897 relative_L2=5.19874991689e-05 normalized_max=2.4526409481e-05 gate=0.001 pass=1
METHOD_CHECK graph=as-Skitter method=bfull_accurate boundary=e2e_BF16_final reference=paper_tfs max_abs=8192 mean_abs=0.246892729096 relative_L2=0.000383564387194 normalized_max=0.00115740740741 gate=0.01 pass=1
METHOD_CHECK graph=as-Skitter method=bfull_accurate boundary=e2e_BF16_final reference=source_MKL_FP32 max_abs=101176 mean_abs=49.3575111018 relative_L2=0.0115952641068 normalized_max=0.0141074558509 gate=0.03 pass=1
METHOD_GATE_COMPLETE graph=as-Skitter methods=9 pass=1
METHOD_TIME graph=as-Skitter method=paper_tfs kind=e2e repeat=0 order=0 ms=105.412006378
METHOD_TIME graph=as-Skitter method=paper_tfs kind=e2e repeat=1 order=0 ms=105.130910873
METHOD_TIME graph=as-Skitter method=paper_tfs kind=e2e repeat=2 order=0 ms=106.067895889
METHOD_TIME graph=as-Skitter method=paper_tfs kind=e2e repeat=3 order=0 ms=103.888034821
METHOD_TIME graph=as-Skitter method=paper_tfs kind=e2e repeat=4 order=0 ms=103.016138077
METHOD_TIME graph=as-Skitter method=b8_fast kind=e2e repeat=0 order=1 ms=98.9000797272
METHOD_TIME graph=as-Skitter method=b8_fast kind=e2e repeat=1 order=1 ms=96.1790084839
METHOD_TIME graph=as-Skitter method=b8_fast kind=e2e repeat=2 order=1 ms=95.1130390167
METHOD_TIME graph=as-Skitter method=b8_fast kind=e2e repeat=3 order=1 ms=98.2668399811
METHOD_TIME graph=as-Skitter method=b8_fast kind=e2e repeat=4 order=1 ms=98.8590717316
METHOD_TIME graph=as-Skitter method=b8_accurate kind=e2e repeat=0 order=2 ms=105.463981628
METHOD_TIME graph=as-Skitter method=b8_accurate kind=e2e repeat=1 order=2 ms=106.247901917
METHOD_TIME graph=as-Skitter method=b8_accurate kind=e2e repeat=2 order=2 ms=104.089975357
METHOD_TIME graph=as-Skitter method=b8_accurate kind=e2e repeat=3 order=2 ms=109.481096268
METHOD_TIME graph=as-Skitter method=b8_accurate kind=e2e repeat=4 order=2 ms=104.212999344
METHOD_TIME graph=as-Skitter method=b16_fast kind=e2e repeat=0 order=3 ms=89.5330905914
METHOD_TIME graph=as-Skitter method=b16_fast kind=e2e repeat=1 order=3 ms=91.9530391693
METHOD_TIME graph=as-Skitter method=b16_fast kind=e2e repeat=2 order=3 ms=87.7039432526
METHOD_TIME graph=as-Skitter method=b16_fast kind=e2e repeat=3 order=3 ms=88.6988639832
METHOD_TIME graph=as-Skitter method=b16_fast kind=e2e repeat=4 order=3 ms=90.0619029999
METHOD_TIME graph=as-Skitter method=b16_accurate kind=e2e repeat=0 order=4 ms=93.8770771027
METHOD_TIME graph=as-Skitter method=b16_accurate kind=e2e repeat=1 order=4 ms=93.3949947357
METHOD_TIME graph=as-Skitter method=b16_accurate kind=e2e repeat=2 order=4 ms=94.0210819244
METHOD_TIME graph=as-Skitter method=b16_accurate kind=e2e repeat=3 order=4 ms=93.6529636383
METHOD_TIME graph=as-Skitter method=b16_accurate kind=e2e repeat=4 order=4 ms=95.4940319061
METHOD_TIME graph=as-Skitter method=b64_fast kind=e2e repeat=0 order=5 ms=80.0042152405
METHOD_TIME graph=as-Skitter method=b64_fast kind=e2e repeat=1 order=5 ms=78.3908367157
METHOD_TIME graph=as-Skitter method=b64_fast kind=e2e repeat=2 order=5 ms=80.0280570984
METHOD_TIME graph=as-Skitter method=b64_fast kind=e2e repeat=3 order=5 ms=80.2159309387
METHOD_TIME graph=as-Skitter method=b64_fast kind=e2e repeat=4 order=5 ms=80.1239013672
METHOD_TIME graph=as-Skitter method=b64_accurate kind=e2e repeat=0 order=6 ms=83.6699008942
METHOD_TIME graph=as-Skitter method=b64_accurate kind=e2e repeat=1 order=6 ms=83.9669704437
METHOD_TIME graph=as-Skitter method=b64_accurate kind=e2e repeat=2 order=6 ms=82.9050540924
METHOD_TIME graph=as-Skitter method=b64_accurate kind=e2e repeat=3 order=6 ms=83.9440822601
METHOD_TIME graph=as-Skitter method=b64_accurate kind=e2e repeat=4 order=6 ms=83.575963974
METHOD_TIME graph=as-Skitter method=bfull_fast kind=e2e repeat=0 order=7 ms=78.0289173126
METHOD_TIME graph=as-Skitter method=bfull_fast kind=e2e repeat=1 order=7 ms=79.4970989227
METHOD_TIME graph=as-Skitter method=bfull_fast kind=e2e repeat=2 order=7 ms=77.5401592255
METHOD_TIME graph=as-Skitter method=bfull_fast kind=e2e repeat=3 order=7 ms=79.9961090088
METHOD_TIME graph=as-Skitter method=bfull_fast kind=e2e repeat=4 order=7 ms=79.7510147095
METHOD_TIME graph=as-Skitter method=bfull_accurate kind=e2e repeat=0 order=8 ms=81.6919803619
METHOD_TIME graph=as-Skitter method=bfull_accurate kind=e2e repeat=1 order=8 ms=80.4390907288
METHOD_TIME graph=as-Skitter method=bfull_accurate kind=e2e repeat=2 order=8 ms=81.3248157501
METHOD_TIME graph=as-Skitter method=bfull_accurate kind=e2e repeat=3 order=8 ms=83.1348896027
METHOD_TIME graph=as-Skitter method=bfull_accurate kind=e2e repeat=4 order=8 ms=81.4938545227
METHOD_TIME graph=as-Skitter method=source_mkl_fp32 kind=e2e repeat=0 order=9 ms=162.338018417
METHOD_TIME graph=as-Skitter method=source_mkl_fp32 kind=e2e repeat=1 order=9 ms=162.963867188
METHOD_TIME graph=as-Skitter method=source_mkl_fp32 kind=e2e repeat=2 order=9 ms=162.464141846
METHOD_TIME graph=as-Skitter method=source_mkl_fp32 kind=e2e repeat=3 order=9 ms=163.097858429
METHOD_TIME graph=as-Skitter method=source_mkl_fp32 kind=e2e repeat=4 order=9 ms=162.81080246
METHOD_COMPLETE graph=as-Skitter methods=9 checks=36 pass=1 max_rss_kib=0
