GCN E2E Inference Benchmark (2-layer, K=128)
TFS V3 (BF16 AMX) vs MKL (FP32 two-step)
Threads: 32

Loading: /home/huangjianqiang_group/hdacp1/data/yx/TFS/data/reddit/reddit.csrbin
Matrix: reddit  N=232965  NNZ=114615892  avg_deg=492.0

=== TFS V3 (BF16 AMX Fusion) ===
  run 0: 296.20 ms
  run 1: 310.75 ms
  run 2: 303.83 ms
  run 3: 323.02 ms
  run 4: 335.75 ms
  TFS V3 E2E BEST: 296.20 ms

=== MKL FP32 Two-Step ===
  run 0: 440.01 ms
  run 1: 440.52 ms
  run 2: 439.81 ms
  run 3: 440.51 ms
  run 4: 440.58 ms
  MKL E2E BEST: 439.81 ms

=== E2E Summary ===
  TFS V3:  296.20 ms
  MKL:     439.81 ms
  Speedup: 1.48×

=== Precision Analysis ===
Layer 1 (after ReLU):
  TFS_BF16 vs MKL_FP32: max_rel_err=0.004442  RMSE=3.264000e-01  max|diff|=1.080835e+01
Layer 2 (final output):
  TFS_BF16 vs MKL_FP32: max_rel_err=0.009665  RMSE=5.677624e+03  max|diff|=3.179160e+05

First 8 output values:
  TFS: -1817809.3750 -1559857.0000 -1456105.0000 -168724.7344 170550.4531 229760.0938 -1456822.0000 -2919221.2500 
  MKL: -1835311.8750 -1573869.6250 -1469937.1250 -176028.2344 172793.0000 233258.5312 -1473026.6250 -2942951.5000 
