GCN E2E v3 — Hybrid Pipeline (FP32 inter-layer + BF16 final)
Threads: 4

Loading: /home/huangjianqiang_group/hdacp1/data/wzh/GCN-extra/runs/paper-method-smoke-10864873/fixtures/method_high_tail/method_high_tail.csrbin
Matrix: method_high_tail  N=137  NNZ=4342  avg_deg=31.7

=== TFS V3 Hybrid Pipeline ===
  run 0: 0.14 ms
  run 1: 0.14 ms
  run 2: 0.15 ms
  run 3: 0.15 ms
  run 4: 0.14 ms
  TFS V3 E2E BEST: 0.14 ms

=== MKL FP32 Two-Step ===
  run 0: 0.05 ms
  run 1: 0.06 ms
  run 2: 0.05 ms
  run 3: 0.05 ms
  run 4: 0.06 ms
  MKL E2E BEST: 0.05 ms

=== E2E Summary ===
  TFS V3 (hybrid): 0.14 ms
  MKL (FP32):      0.05 ms
  E2E Speedup:     0.37×

=== Precision ===
  TFS_hybrid vs MKL_FP32: max_rel_err=0.010818  RMSE=3.1375e+01
First 8:
  TFS: 0.00 0.00 0.00 0.00 0.00 0.00 0.00 0.00 
  MKL: 0.00 0.00 0.00 0.00 0.00 0.00 0.00 0.00 
METHOD_CONFIG graph=method_high_tail N=137 E=4342 D=128 F=128 R=64 TR=16 warmups=1 repeats=5 final_output=BF16 mkl_threads=4 mkl_dynamic=1 numa=default
METHOD_CHECK graph=method_high_tail method=paper_tfs boundary=kernel_FP32 reference=paper_tfs max_abs=0 mean_abs=0 relative_L2=0 normalized_max=0 gate=0.01 pass=1
METHOD_CHECK graph=method_high_tail method=paper_tfs boundary=e2e_FP32_final reference=paper_tfs max_abs=0 mean_abs=0 relative_L2=0 normalized_max=0 gate=0.01 pass=1
METHOD_CHECK graph=method_high_tail method=paper_tfs boundary=e2e_BF16_final reference=paper_tfs max_abs=0 mean_abs=0 relative_L2=0 normalized_max=0 gate=0.02 pass=1
METHOD_CHECK graph=method_high_tail method=paper_tfs boundary=e2e_BF16_final reference=source_MKL_FP32 max_abs=341.56640625 mean_abs=22.0924814989 relative_L2=0.0130948803466 normalized_max=0.0160340143127 gate=0.03 pass=1
METHOD_CHECK graph=method_high_tail method=b2_fast boundary=kernel_FP32 reference=paper_tfs max_abs=0.31721496582 mean_abs=0.0342137589473 relative_L2=0.00237548086255 normalized_max=0.002551228281 gate=0.01 pass=1
METHOD_CHECK graph=method_high_tail method=b2_fast boundary=e2e_FP32_final reference=paper_tfs max_abs=56.90625 mean_abs=5.16333856763 relative_L2=0.00299679146283 normalized_max=0.00269988994168 gate=0.01 pass=1
METHOD_CHECK graph=method_high_tail method=b2_fast boundary=e2e_BF16_final reference=paper_tfs max_abs=128 mean_abs=5.16488733529 relative_L2=0.00407700884372 normalized_max=0.00609756097561 gate=0.02 pass=1
METHOD_CHECK graph=method_high_tail method=b2_fast boundary=e2e_BF16_final reference=source_MKL_FP32 max_abs=406.341796875 mean_abs=26.9354552983 relative_L2=0.0159203293632 normalized_max=0.0190747393998 gate=0.03 pass=1
METHOD_CHECK graph=method_high_tail method=b2_accurate boundary=kernel_FP32 reference=paper_tfs max_abs=0.00018310546875 mean_abs=4.32936897855e-06 relative_L2=4.22690886586e-07 normalized_max=1.47264127048e-06 gate=0.001 pass=1
METHOD_CHECK graph=method_high_tail method=b2_accurate boundary=e2e_FP32_final reference=paper_tfs max_abs=0.025390625 mean_abs=0.000413663144883 relative_L2=3.7283746668e-07 normalized_max=1.20464611621e-06 gate=0.001 pass=1
METHOD_CHECK graph=method_high_tail method=b2_accurate boundary=e2e_BF16_final reference=paper_tfs max_abs=0.5 mean_abs=2.87355297673e-05 relative_L2=1.24918831307e-06 normalized_max=2.3818597561e-05 gate=0.01 pass=1
METHOD_CHECK graph=method_high_tail method=b2_accurate boundary=e2e_BF16_final reference=source_MKL_FP32 max_abs=341.56640625 mean_abs=22.0924527633 relative_L2=0.0130948798501 normalized_max=0.0160340143127 gate=0.03 pass=1
METHOD_CHECK graph=method_high_tail method=b4_fast boundary=kernel_FP32 reference=paper_tfs max_abs=0.427017211914 mean_abs=0.0423174218315 relative_L2=0.0029499468376 normalized_max=0.00343432216286 gate=0.01 pass=1
METHOD_CHECK graph=method_high_tail method=b4_fast boundary=e2e_FP32_final reference=paper_tfs max_abs=95.59765625 mean_abs=7.91042252203 relative_L2=0.00463155764578 normalized_max=0.00453558529261 gate=0.01 pass=1
METHOD_CHECK graph=method_high_tail method=b4_fast boundary=e2e_BF16_final reference=paper_tfs max_abs=128 mean_abs=7.83173399152 relative_L2=0.00515236229943 normalized_max=0.00609756097561 gate=0.02 pass=1
METHOD_CHECK graph=method_high_tail method=b4_fast boundary=e2e_BF16_final reference=source_MKL_FP32 max_abs=438.61328125 mean_abs=29.6967272678 relative_L2=0.0174521496017 normalized_max=0.0205896467001 gate=0.03 pass=1
METHOD_CHECK graph=method_high_tail method=b4_accurate boundary=kernel_FP32 reference=paper_tfs max_abs=0.000114440917969 mean_abs=3.8295635872e-06 relative_L2=3.63979354485e-07 normalized_max=9.20400794048e-07 gate=0.001 pass=1
METHOD_CHECK graph=method_high_tail method=b4_accurate boundary=e2e_FP32_final reference=paper_tfs max_abs=0.021484375 mean_abs=0.000594661608474 relative_L2=4.11154934448e-07 normalized_max=1.01931594448e-06 gate=0.001 pass=1
METHOD_CHECK graph=method_high_tail method=b4_accurate boundary=e2e_BF16_final reference=paper_tfs max_abs=4 mean_abs=0.000302949526014 relative_L2=1.01589496185e-05 normalized_max=0.000190548780488 gate=0.01 pass=1
METHOD_CHECK graph=method_high_tail method=b4_accurate boundary=e2e_BF16_final reference=source_MKL_FP32 max_abs=341.56640625 mean_abs=22.0922141903 relative_L2=0.0130948638071 normalized_max=0.0160340143127 gate=0.03 pass=1
METHOD_CHECK graph=method_high_tail method=b8_fast boundary=kernel_FP32 reference=paper_tfs max_abs=0.430519104004 mean_abs=0.0450088972885 relative_L2=0.0031316886176 normalized_max=0.00346248642716 gate=0.01 pass=1
METHOD_CHECK graph=method_high_tail method=b8_fast boundary=e2e_FP32_final reference=paper_tfs max_abs=122.2578125 mean_abs=9.36017676146 relative_L2=0.00553959320651 normalized_max=0.00580046371462 gate=0.01 pass=1
METHOD_CHECK graph=method_high_tail method=b8_fast boundary=e2e_BF16_final reference=paper_tfs max_abs=128 mean_abs=9.32091401343 relative_L2=0.00596308148033 normalized_max=0.00609756097561 gate=0.02 pass=1
METHOD_CHECK graph=method_high_tail method=b8_fast boundary=e2e_BF16_final reference=source_MKL_FP32 max_abs=469.56640625 mean_abs=31.1834786581 relative_L2=0.0184018734155 normalized_max=0.022042666787 gate=0.03 pass=1
METHOD_CHECK graph=method_high_tail method=b8_accurate boundary=kernel_FP32 reference=paper_tfs max_abs=9.91821289062e-05 mean_abs=4.12366650387e-06 relative_L2=4.13024330091e-07 normalized_max=7.97680688175e-07 gate=0.001 pass=1
METHOD_CHECK graph=method_high_tail method=b8_accurate boundary=e2e_FP32_final reference=paper_tfs max_abs=0.0224609375 mean_abs=0.00124248336443 relative_L2=7.0987452448e-07 normalized_max=1.06564848741e-06 gate=0.001 pass=1
METHOD_CHECK graph=method_high_tail method=b8_accurate boundary=e2e_BF16_final reference=paper_tfs max_abs=0.5 mean_abs=0.000113608465142 relative_L2=2.10260289705e-06 normalized_max=2.3818597561e-05 gate=0.01 pass=1
METHOD_CHECK graph=method_high_tail method=b8_accurate boundary=e2e_BF16_final reference=source_MKL_FP32 max_abs=341.56640625 mean_abs=22.0924204608 relative_L2=0.0130948794421 normalized_max=0.0160340143127 gate=0.03 pass=1
METHOD_CHECK graph=method_high_tail method=b16_fast boundary=kernel_FP32 reference=paper_tfs max_abs=0.389770507812 mean_abs=0.0461437199384 relative_L2=0.00320160645387 normalized_max=0.00313476238442 gate=0.01 pass=1
METHOD_CHECK graph=method_high_tail method=b16_fast boundary=e2e_FP32_final reference=paper_tfs max_abs=113.17578125 mean_abs=9.48879026722 relative_L2=0.0056035174634 normalized_max=0.00536957106536 gate=0.01 pass=1
METHOD_CHECK graph=method_high_tail method=b16_fast boundary=e2e_BF16_final reference=paper_tfs max_abs=128 mean_abs=9.42421072689 relative_L2=0.00604257509214 normalized_max=0.00609756097561 gate=0.02 pass=1
METHOD_CHECK graph=method_high_tail method=b16_fast boundary=e2e_BF16_final reference=source_MKL_FP32 max_abs=457.845703125 mean_abs=31.2712035569 relative_L2=0.0184562312943 normalized_max=0.0214924665383 gate=0.03 pass=1
METHOD_CHECK graph=method_high_tail method=b16_accurate boundary=kernel_FP32 reference=paper_tfs max_abs=0.000331878662109 mean_abs=2.40594022448e-05 relative_L2=2.0384407495e-06 normalized_max=2.66916230274e-06 gate=0.001 pass=1
METHOD_CHECK graph=method_high_tail method=b16_accurate boundary=e2e_FP32_final reference=paper_tfs max_abs=0.044921875 mean_abs=0.00348861651821 relative_L2=1.96878942349e-06 normalized_max=2.13129697483e-06 gate=0.001 pass=1
METHOD_CHECK graph=method_high_tail method=b16_accurate boundary=e2e_BF16_final reference=paper_tfs max_abs=16 mean_abs=0.00312571570168 relative_L2=6.15510991268e-05 normalized_max=0.000762195121951 gate=0.01 pass=1
METHOD_CHECK graph=method_high_tail method=b16_accurate boundary=e2e_BF16_final reference=source_MKL_FP32 max_abs=341.56640625 mean_abs=22.0948480562 relative_L2=0.0130956859642 normalized_max=0.0160340143127 gate=0.03 pass=1
METHOD_CHECK graph=method_high_tail method=b32_fast boundary=kernel_FP32 reference=paper_tfs max_abs=0.487762451172 mean_abs=0.0470170368131 relative_L2=0.00326487976464 normalized_max=0.00392287090434 gate=0.01 pass=1
METHOD_CHECK graph=method_high_tail method=b32_fast boundary=e2e_FP32_final reference=paper_tfs max_abs=144.0390625 mean_abs=9.95824565273 relative_L2=0.0058593801112 normalized_max=0.00683386475216 gate=0.01 pass=1
METHOD_CHECK graph=method_high_tail method=b32_fast boundary=e2e_BF16_final reference=paper_tfs max_abs=128 mean_abs=9.90644654294 relative_L2=0.00622487331445 normalized_max=0.00609756097561 gate=0.02 pass=1
METHOD_CHECK graph=method_high_tail method=b32_fast boundary=e2e_BF16_final reference=source_MKL_FP32 max_abs=469.56640625 mean_abs=31.7023606307 relative_L2=0.0186619645593 normalized_max=0.022042666787 gate=0.03 pass=1
METHOD_CHECK graph=method_high_tail method=b32_accurate boundary=kernel_FP32 reference=paper_tfs max_abs=0.000701904296875 mean_abs=4.80080219275e-05 relative_L2=4.00553091203e-06 normalized_max=5.64512487016e-06 gate=0.001 pass=1
METHOD_CHECK graph=method_high_tail method=b32_accurate boundary=e2e_FP32_final reference=paper_tfs max_abs=0.134765625 mean_abs=0.00985922313968 relative_L2=5.86870599378e-06 normalized_max=6.39389092448e-06 gate=0.001 pass=1
METHOD_CHECK graph=method_high_tail method=b32_accurate boundary=e2e_BF16_final reference=paper_tfs max_abs=16 mean_abs=0.00942837523065 relative_L2=0.000116089222402 normalized_max=0.000762195121951 gate=0.01 pass=1
METHOD_CHECK graph=method_high_tail method=b32_accurate boundary=e2e_BF16_final reference=source_MKL_FP32 max_abs=341.56640625 mean_abs=22.0973278009 relative_L2=0.0130963487006 normalized_max=0.0160340143127 gate=0.03 pass=1
METHOD_CHECK graph=method_high_tail method=b64_fast boundary=kernel_FP32 reference=paper_tfs max_abs=0.488914489746 mean_abs=0.0471166693487 relative_L2=0.00327819020746 normalized_max=0.00393213627233 gate=0.01 pass=1
METHOD_CHECK graph=method_high_tail method=b64_fast boundary=e2e_FP32_final reference=paper_tfs max_abs=138.81640625 mean_abs=9.90648362571 relative_L2=0.00579366932165 normalized_max=0.00658607831256 gate=0.01 pass=1
METHOD_CHECK graph=method_high_tail method=b64_fast boundary=e2e_BF16_final reference=paper_tfs max_abs=128 mean_abs=9.83917233294 relative_L2=0.00620027081897 normalized_max=0.00609756097561 gate=0.02 pass=1
METHOD_CHECK graph=method_high_tail method=b64_fast boundary=e2e_BF16_final reference=source_MKL_FP32 max_abs=457.845703125 mean_abs=31.5829109222 relative_L2=0.0185537389476 normalized_max=0.0214924665383 gate=0.03 pass=1
METHOD_CHECK graph=method_high_tail method=b64_accurate boundary=kernel_FP32 reference=paper_tfs max_abs=0.000865936279297 mean_abs=6.01177157776e-05 relative_L2=5.25545369351e-06 normalized_max=6.9643660083e-06 gate=0.001 pass=1
METHOD_CHECK graph=method_high_tail method=b64_accurate boundary=e2e_FP32_final reference=paper_tfs max_abs=0.3857421875 mean_abs=0.0362659941468 relative_L2=2.40486217993e-05 normalized_max=1.83013544578e-05 gate=0.001 pass=1
METHOD_CHECK graph=method_high_tail method=b64_accurate boundary=e2e_BF16_final reference=paper_tfs max_abs=64 mean_abs=0.0482308133131 relative_L2=0.000379568373474 normalized_max=0.0030487804878 gate=0.01 pass=1
METHOD_CHECK graph=method_high_tail method=b64_accurate boundary=e2e_BF16_final reference=source_MKL_FP32 max_abs=341.56640625 mean_abs=22.0998645891 relative_L2=0.01309870703 normalized_max=0.0160340143127 gate=0.03 pass=1
METHOD_CHECK graph=method_high_tail method=bfull_fast boundary=kernel_FP32 reference=paper_tfs max_abs=0.526245117188 mean_abs=0.0473772808926 relative_L2=0.00331253468632 normalized_max=0.00423237101135 gate=0.01 pass=1
METHOD_CHECK graph=method_high_tail method=bfull_fast boundary=e2e_FP32_final reference=paper_tfs max_abs=155.462890625 mean_abs=10.1236504096 relative_L2=0.00603876539404 normalized_max=0.00737586283936 gate=0.01 pass=1
METHOD_CHECK graph=method_high_tail method=bfull_fast boundary=e2e_BF16_final reference=paper_tfs max_abs=128 mean_abs=10.0367514503 relative_L2=0.00641347045831 normalized_max=0.00609756097561 gate=0.02 pass=1
METHOD_CHECK graph=method_high_tail method=bfull_fast boundary=e2e_BF16_final reference=source_MKL_FP32 max_abs=469.56640625 mean_abs=31.7205028935 relative_L2=0.0187115413824 normalized_max=0.022042666787 gate=0.03 pass=1
METHOD_CHECK graph=method_high_tail method=bfull_accurate boundary=kernel_FP32 reference=paper_tfs max_abs=0.00160980224609 mean_abs=6.4352167393e-05 relative_L2=5.84995541246e-06 normalized_max=1.29469711696e-05 gate=0.001 pass=1
METHOD_CHECK graph=method_high_tail method=bfull_accurate boundary=e2e_FP32_final reference=paper_tfs max_abs=0.298828125 mean_abs=0.0156661934886 relative_L2=9.98298382503e-06 normalized_max=1.41777581369e-05 gate=0.001 pass=1
METHOD_CHECK graph=method_high_tail method=bfull_accurate boundary=e2e_BF16_final reference=paper_tfs max_abs=32 mean_abs=0.0165261682259 relative_L2=0.000164925591324 normalized_max=0.0015243902439 gate=0.01 pass=1
METHOD_CHECK graph=method_high_tail method=bfull_accurate boundary=e2e_BF16_final reference=source_MKL_FP32 max_abs=341.56640625 mean_abs=22.1018286301 relative_L2=0.0130986585483 normalized_max=0.0160340143127 gate=0.03 pass=1
METHOD_GATE_COMPLETE graph=method_high_tail methods=15 pass=1
METHOD_TIME graph=method_high_tail method=paper_tfs kind=kernel repeat=0 order=0 ms=0.0638961791992
METHOD_TIME graph=method_high_tail method=b2_fast kind=kernel repeat=0 order=1 ms=0.110864639282
METHOD_TIME graph=method_high_tail method=b2_accurate kind=kernel repeat=0 order=2 ms=0.151872634888
METHOD_TIME graph=method_high_tail method=b4_fast kind=kernel repeat=0 order=3 ms=0.0748634338379
METHOD_TIME graph=method_high_tail method=b4_accurate kind=kernel repeat=0 order=4 ms=0.093936920166
METHOD_TIME graph=method_high_tail method=b8_fast kind=kernel repeat=0 order=5 ms=0.0429153442383
METHOD_TIME graph=method_high_tail method=b8_accurate kind=kernel repeat=0 order=6 ms=0.0579357147217
METHOD_TIME graph=method_high_tail method=b16_fast kind=kernel repeat=0 order=7 ms=0.0331401824951
METHOD_TIME graph=method_high_tail method=b16_accurate kind=kernel repeat=0 order=8 ms=0.0369548797607
METHOD_TIME graph=method_high_tail method=b32_fast kind=kernel repeat=0 order=9 ms=0.0290870666504
METHOD_TIME graph=method_high_tail method=b32_accurate kind=kernel repeat=0 order=10 ms=0.0300407409668
METHOD_TIME graph=method_high_tail method=b64_fast kind=kernel repeat=0 order=11 ms=0.0259876251221
METHOD_TIME graph=method_high_tail method=b64_accurate kind=kernel repeat=0 order=12 ms=0.028133392334
METHOD_TIME graph=method_high_tail method=bfull_fast kind=kernel repeat=0 order=13 ms=0.0200271606445
METHOD_TIME graph=method_high_tail method=bfull_accurate kind=kernel repeat=0 order=14 ms=0.0271797180176
METHOD_TIME graph=method_high_tail method=source_mkl_fp32 kind=kernel repeat=0 order=15 ms=0.0238418579102
METHOD_TIME graph=method_high_tail method=b2_fast kind=kernel repeat=1 order=0 ms=0.114917755127
METHOD_TIME graph=method_high_tail method=b2_accurate kind=kernel repeat=1 order=1 ms=0.158071517944
METHOD_TIME graph=method_high_tail method=b4_fast kind=kernel repeat=1 order=2 ms=0.0720024108887
METHOD_TIME graph=method_high_tail method=b4_accurate kind=kernel repeat=1 order=3 ms=0.0960826873779
METHOD_TIME graph=method_high_tail method=b8_fast kind=kernel repeat=1 order=4 ms=0.046968460083
METHOD_TIME graph=method_high_tail method=b8_accurate kind=kernel repeat=1 order=5 ms=0.0622272491455
METHOD_TIME graph=method_high_tail method=b16_fast kind=kernel repeat=1 order=6 ms=0.0369548797607
METHOD_TIME graph=method_high_tail method=b16_accurate kind=kernel repeat=1 order=7 ms=0.0419616699219
METHOD_TIME graph=method_high_tail method=b32_fast kind=kernel repeat=1 order=8 ms=0.0288486480713
METHOD_TIME graph=method_high_tail method=b32_accurate kind=kernel repeat=1 order=9 ms=0.0319480895996
METHOD_TIME graph=method_high_tail method=b64_fast kind=kernel repeat=1 order=10 ms=0.0269412994385
METHOD_TIME graph=method_high_tail method=b64_accurate kind=kernel repeat=1 order=11 ms=0.0288486480713
METHOD_TIME graph=method_high_tail method=bfull_fast kind=kernel repeat=1 order=12 ms=0.02121925354
METHOD_TIME graph=method_high_tail method=bfull_accurate kind=kernel repeat=1 order=13 ms=0.0360012054443
METHOD_TIME graph=method_high_tail method=source_mkl_fp32 kind=kernel repeat=1 order=14 ms=0.0290870666504
METHOD_TIME graph=method_high_tail method=paper_tfs kind=kernel repeat=1 order=15 ms=0.0720024108887
METHOD_TIME graph=method_high_tail method=b2_accurate kind=kernel repeat=2 order=0 ms=0.152111053467
METHOD_TIME graph=method_high_tail method=b4_fast kind=kernel repeat=2 order=1 ms=0.0741481781006
METHOD_TIME graph=method_high_tail method=b4_accurate kind=kernel repeat=2 order=2 ms=0.0889301300049
METHOD_TIME graph=method_high_tail method=b8_fast kind=kernel repeat=2 order=3 ms=0.0498294830322
METHOD_TIME graph=method_high_tail method=b8_accurate kind=kernel repeat=2 order=4 ms=0.0581741333008
METHOD_TIME graph=method_high_tail method=b16_fast kind=kernel repeat=2 order=5 ms=0.0309944152832
METHOD_TIME graph=method_high_tail method=b16_accurate kind=kernel repeat=2 order=6 ms=0.0419616699219
METHOD_TIME graph=method_high_tail method=b32_fast kind=kernel repeat=2 order=7 ms=0.028133392334
METHOD_TIME graph=method_high_tail method=b32_accurate kind=kernel repeat=2 order=8 ms=0.0309944152832
METHOD_TIME graph=method_high_tail method=b64_fast kind=kernel repeat=2 order=9 ms=0.0209808349609
METHOD_TIME graph=method_high_tail method=b64_accurate kind=kernel repeat=2 order=10 ms=0.0259876251221
METHOD_TIME graph=method_high_tail method=bfull_fast kind=kernel repeat=2 order=11 ms=0.0200271606445
METHOD_TIME graph=method_high_tail method=bfull_accurate kind=kernel repeat=2 order=12 ms=0.0250339508057
METHOD_TIME graph=method_high_tail method=source_mkl_fp32 kind=kernel repeat=2 order=13 ms=0.0231266021729
METHOD_TIME graph=method_high_tail method=paper_tfs kind=kernel repeat=2 order=14 ms=0.0679492950439
METHOD_TIME graph=method_high_tail method=b2_fast kind=kernel repeat=2 order=15 ms=0.111103057861
METHOD_TIME graph=method_high_tail method=b4_fast kind=kernel repeat=3 order=0 ms=0.0760555267334
METHOD_TIME graph=method_high_tail method=b4_accurate kind=kernel repeat=3 order=1 ms=0.089168548584
METHOD_TIME graph=method_high_tail method=b8_fast kind=kernel repeat=3 order=2 ms=0.0450611114502
METHOD_TIME graph=method_high_tail method=b8_accurate kind=kernel repeat=3 order=3 ms=0.0560283660889
METHOD_TIME graph=method_high_tail method=b16_fast kind=kernel repeat=3 order=4 ms=0.0350475311279
METHOD_TIME graph=method_high_tail method=b16_accurate kind=kernel repeat=3 order=5 ms=0.0400543212891
METHOD_TIME graph=method_high_tail method=b32_fast kind=kernel repeat=3 order=6 ms=0.0278949737549
METHOD_TIME graph=method_high_tail method=b32_accurate kind=kernel repeat=3 order=7 ms=0.0309944152832
METHOD_TIME graph=method_high_tail method=b64_fast kind=kernel repeat=3 order=8 ms=0.0209808349609
METHOD_TIME graph=method_high_tail method=b64_accurate kind=kernel repeat=3 order=9 ms=0.0271797180176
METHOD_TIME graph=method_high_tail method=bfull_fast kind=kernel repeat=3 order=10 ms=0.0250339508057
METHOD_TIME graph=method_high_tail method=bfull_accurate kind=kernel repeat=3 order=11 ms=0.0250339508057
METHOD_TIME graph=method_high_tail method=source_mkl_fp32 kind=kernel repeat=3 order=12 ms=0.0231266021729
METHOD_TIME graph=method_high_tail method=paper_tfs kind=kernel repeat=3 order=13 ms=0.0638961791992
METHOD_TIME graph=method_high_tail method=b2_fast kind=kernel repeat=3 order=14 ms=0.113010406494
METHOD_TIME graph=method_high_tail method=b2_accurate kind=kernel repeat=3 order=15 ms=0.15115737915
METHOD_TIME graph=method_high_tail method=b4_accurate kind=kernel repeat=4 order=0 ms=0.093936920166
METHOD_TIME graph=method_high_tail method=b8_fast kind=kernel repeat=4 order=1 ms=0.0488758087158
METHOD_TIME graph=method_high_tail method=b8_accurate kind=kernel repeat=4 order=2 ms=0.0569820404053
METHOD_TIME graph=method_high_tail method=b16_fast kind=kernel repeat=4 order=3 ms=0.032901763916
METHOD_TIME graph=method_high_tail method=b16_accurate kind=kernel repeat=4 order=4 ms=0.0419616699219
METHOD_TIME graph=method_high_tail method=b32_fast kind=kernel repeat=4 order=5 ms=0.0269412994385
METHOD_TIME graph=method_high_tail method=b32_accurate kind=kernel repeat=4 order=6 ms=0.0309944152832
METHOD_TIME graph=method_high_tail method=b64_fast kind=kernel repeat=4 order=7 ms=0.0209808349609
METHOD_TIME graph=method_high_tail method=b64_accurate kind=kernel repeat=4 order=8 ms=0.0269412994385
METHOD_TIME graph=method_high_tail method=bfull_fast kind=kernel repeat=4 order=9 ms=0.0197887420654
METHOD_TIME graph=method_high_tail method=bfull_accurate kind=kernel repeat=4 order=10 ms=0.0288486480713
METHOD_TIME graph=method_high_tail method=source_mkl_fp32 kind=kernel repeat=4 order=11 ms=0.0219345092773
METHOD_TIME graph=method_high_tail method=paper_tfs kind=kernel repeat=4 order=12 ms=0.0669956207275
METHOD_TIME graph=method_high_tail method=b2_fast kind=kernel repeat=4 order=13 ms=0.112771987915
METHOD_TIME graph=method_high_tail method=b2_accurate kind=kernel repeat=4 order=14 ms=0.155925750732
METHOD_TIME graph=method_high_tail method=b4_fast kind=kernel repeat=4 order=15 ms=0.0720024108887
METHOD_TIME graph=method_high_tail method=paper_tfs kind=e2e repeat=0 order=0 ms=0.138998031616
METHOD_TIME graph=method_high_tail method=b2_fast kind=e2e repeat=0 order=1 ms=0.2281665802
METHOD_TIME graph=method_high_tail method=b2_accurate kind=e2e repeat=0 order=2 ms=0.31590461731
METHOD_TIME graph=method_high_tail method=b4_fast kind=e2e repeat=0 order=3 ms=0.150918960571
METHOD_TIME graph=method_high_tail method=b4_accurate kind=e2e repeat=0 order=4 ms=0.185966491699
METHOD_TIME graph=method_high_tail method=b8_fast kind=e2e repeat=0 order=5 ms=0.0970363616943
METHOD_TIME graph=method_high_tail method=b8_accurate kind=e2e repeat=0 order=6 ms=0.115871429443
METHOD_TIME graph=method_high_tail method=b16_fast kind=e2e repeat=0 order=7 ms=0.0698566436768
METHOD_TIME graph=method_high_tail method=b16_accurate kind=e2e repeat=0 order=8 ms=0.0839233398438
METHOD_TIME graph=method_high_tail method=b32_fast kind=e2e repeat=0 order=9 ms=0.0579357147217
METHOD_TIME graph=method_high_tail method=b32_accurate kind=e2e repeat=0 order=10 ms=0.0629425048828
METHOD_TIME graph=method_high_tail method=b64_fast kind=e2e repeat=0 order=11 ms=0.0510215759277
METHOD_TIME graph=method_high_tail method=b64_accurate kind=e2e repeat=0 order=12 ms=0.0557899475098
METHOD_TIME graph=method_high_tail method=bfull_fast kind=e2e repeat=0 order=13 ms=0.0498294830322
METHOD_TIME graph=method_high_tail method=bfull_accurate kind=e2e repeat=0 order=14 ms=0.0507831573486
METHOD_TIME graph=method_high_tail method=source_mkl_fp32 kind=e2e repeat=0 order=15 ms=0.0488758087158
METHOD_TIME graph=method_high_tail method=b2_fast kind=e2e repeat=1 order=0 ms=0.223875045776
METHOD_TIME graph=method_high_tail method=b2_accurate kind=e2e repeat=1 order=1 ms=0.31304359436
METHOD_TIME graph=method_high_tail method=b4_fast kind=e2e repeat=1 order=2 ms=0.149011611938
METHOD_TIME graph=method_high_tail method=b4_accurate kind=e2e repeat=1 order=3 ms=0.186204910278
METHOD_TIME graph=method_high_tail method=b8_fast kind=e2e repeat=1 order=4 ms=0.093936920166
METHOD_TIME graph=method_high_tail method=b8_accurate kind=e2e repeat=1 order=5 ms=0.120162963867
METHOD_TIME graph=method_high_tail method=b16_fast kind=e2e repeat=1 order=6 ms=0.0710487365723
METHOD_TIME graph=method_high_tail method=b16_accurate kind=e2e repeat=1 order=7 ms=0.0820159912109
METHOD_TIME graph=method_high_tail method=b32_fast kind=e2e repeat=1 order=8 ms=0.0622272491455
METHOD_TIME graph=method_high_tail method=b32_accurate kind=e2e repeat=1 order=9 ms=0.0631809234619
METHOD_TIME graph=method_high_tail method=b64_fast kind=e2e repeat=1 order=10 ms=0.0519752502441
METHOD_TIME graph=method_high_tail method=b64_accurate kind=e2e repeat=1 order=11 ms=0.0560283660889
METHOD_TIME graph=method_high_tail method=bfull_fast kind=e2e repeat=1 order=12 ms=0.0510215759277
METHOD_TIME graph=method_high_tail method=bfull_accurate kind=e2e repeat=1 order=13 ms=0.0572204589844
METHOD_TIME graph=method_high_tail method=source_mkl_fp32 kind=e2e repeat=1 order=14 ms=0.0569820404053
METHOD_TIME graph=method_high_tail method=paper_tfs kind=e2e repeat=1 order=15 ms=0.154972076416
METHOD_TIME graph=method_high_tail method=b2_accurate kind=e2e repeat=2 order=0 ms=0.339984893799
METHOD_TIME graph=method_high_tail method=b4_fast kind=e2e repeat=2 order=1 ms=0.149965286255
METHOD_TIME graph=method_high_tail method=b4_accurate kind=e2e repeat=2 order=2 ms=0.19097328186
METHOD_TIME graph=method_high_tail method=b8_fast kind=e2e repeat=2 order=3 ms=0.102996826172
METHOD_TIME graph=method_high_tail method=b8_accurate kind=e2e repeat=2 order=4 ms=0.118970870972
METHOD_TIME graph=method_high_tail method=b16_fast kind=e2e repeat=2 order=5 ms=0.0731945037842
METHOD_TIME graph=method_high_tail method=b16_accurate kind=e2e repeat=2 order=6 ms=0.0829696655273
METHOD_TIME graph=method_high_tail method=b32_fast kind=e2e repeat=2 order=7 ms=0.0560283660889
METHOD_TIME graph=method_high_tail method=b32_accurate kind=e2e repeat=2 order=8 ms=0.0638961791992
METHOD_TIME graph=method_high_tail method=b64_fast kind=e2e repeat=2 order=9 ms=0.0519752502441
METHOD_TIME graph=method_high_tail method=b64_accurate kind=e2e repeat=2 order=10 ms=0.0529289245605
METHOD_TIME graph=method_high_tail method=bfull_fast kind=e2e repeat=2 order=11 ms=0.0481605529785
METHOD_TIME graph=method_high_tail method=bfull_accurate kind=e2e repeat=2 order=12 ms=0.0529289245605
METHOD_TIME graph=method_high_tail method=source_mkl_fp32 kind=e2e repeat=2 order=13 ms=0.0479221343994
METHOD_TIME graph=method_high_tail method=paper_tfs kind=e2e repeat=2 order=14 ms=0.139951705933
METHOD_TIME graph=method_high_tail method=b2_fast kind=e2e repeat=2 order=15 ms=0.235080718994
METHOD_TIME graph=method_high_tail method=b4_fast kind=e2e repeat=3 order=0 ms=0.146150588989
METHOD_TIME graph=method_high_tail method=b4_accurate kind=e2e repeat=3 order=1 ms=0.185012817383
METHOD_TIME graph=method_high_tail method=b8_fast kind=e2e repeat=3 order=2 ms=0.0920295715332
METHOD_TIME graph=method_high_tail method=b8_accurate kind=e2e repeat=3 order=3 ms=0.118017196655
METHOD_TIME graph=method_high_tail method=b16_fast kind=e2e repeat=3 order=4 ms=0.0710487365723
METHOD_TIME graph=method_high_tail method=b16_accurate kind=e2e repeat=3 order=5 ms=0.079870223999
METHOD_TIME graph=method_high_tail method=b32_fast kind=e2e repeat=3 order=6 ms=0.0569820404053
METHOD_TIME graph=method_high_tail method=b32_accurate kind=e2e repeat=3 order=7 ms=0.0638961791992
METHOD_TIME graph=method_high_tail method=b64_fast kind=e2e repeat=3 order=8 ms=0.0519752502441
METHOD_TIME graph=method_high_tail method=b64_accurate kind=e2e repeat=3 order=9 ms=0.053882598877
METHOD_TIME graph=method_high_tail method=bfull_fast kind=e2e repeat=3 order=10 ms=0.0557899475098
METHOD_TIME graph=method_high_tail method=bfull_accurate kind=e2e repeat=3 order=11 ms=0.0529289245605
METHOD_TIME graph=method_high_tail method=source_mkl_fp32 kind=e2e repeat=3 order=12 ms=0.046968460083
METHOD_TIME graph=method_high_tail method=paper_tfs kind=e2e repeat=3 order=13 ms=0.137805938721
METHOD_TIME graph=method_high_tail method=b2_fast kind=e2e repeat=3 order=14 ms=0.226020812988
METHOD_TIME graph=method_high_tail method=b2_accurate kind=e2e repeat=3 order=15 ms=0.31304359436
METHOD_TIME graph=method_high_tail method=b4_accurate kind=e2e repeat=4 order=0 ms=0.205039978027
METHOD_TIME graph=method_high_tail method=b8_fast kind=e2e repeat=4 order=1 ms=0.102043151855
METHOD_TIME graph=method_high_tail method=b8_accurate kind=e2e repeat=4 order=2 ms=0.133037567139
METHOD_TIME graph=method_high_tail method=b16_fast kind=e2e repeat=4 order=3 ms=0.0691413879395
METHOD_TIME graph=method_high_tail method=b16_accurate kind=e2e repeat=4 order=4 ms=0.093936920166
METHOD_TIME graph=method_high_tail method=b32_fast kind=e2e repeat=4 order=5 ms=0.0548362731934
METHOD_TIME graph=method_high_tail method=b32_accurate kind=e2e repeat=4 order=6 ms=0.0650882720947
METHOD_TIME graph=method_high_tail method=b64_fast kind=e2e repeat=4 order=7 ms=0.0500679016113
METHOD_TIME graph=method_high_tail method=b64_accurate kind=e2e repeat=4 order=8 ms=0.0569820404053
METHOD_TIME graph=method_high_tail method=bfull_fast kind=e2e repeat=4 order=9 ms=0.0510215759277
METHOD_TIME graph=method_high_tail method=bfull_accurate kind=e2e repeat=4 order=10 ms=0.0529289245605
METHOD_TIME graph=method_high_tail method=source_mkl_fp32 kind=e2e repeat=4 order=11 ms=0.046968460083
METHOD_TIME graph=method_high_tail method=paper_tfs kind=e2e repeat=4 order=12 ms=0.135898590088
METHOD_TIME graph=method_high_tail method=b2_fast kind=e2e repeat=4 order=13 ms=0.231027603149
METHOD_TIME graph=method_high_tail method=b2_accurate kind=e2e repeat=4 order=14 ms=0.307083129883
METHOD_TIME graph=method_high_tail method=b4_fast kind=e2e repeat=4 order=15 ms=0.146865844727
METHOD_STAGE graph=method_high_tail method=paper_tfs repeat=0 layer1_ms=0.0710487365723 relu_ms=0.00309944152832 interlayer_conversion_ms=0.00190734863281 layer2_ms=0.0660419464111 total_ms=0.142097473145
METHOD_STAGE graph=method_high_tail method=paper_tfs repeat=1 layer1_ms=0.0669956207275 relu_ms=0.00214576721191 interlayer_conversion_ms=0.00190734863281 layer2_ms=0.0650882720947 total_ms=0.136137008667
METHOD_STAGE graph=method_high_tail method=paper_tfs repeat=2 layer1_ms=0.075101852417 relu_ms=0.00190734863281 interlayer_conversion_ms=0.00214576721191 layer2_ms=0.0638961791992 total_ms=0.143051147461
METHOD_STAGE graph=method_high_tail method=b2_fast repeat=0 layer1_ms=0.111103057861 relu_ms=0.00309944152832 interlayer_conversion_ms=0.000953674316406 layer2_ms=0.114917755127 total_ms=0.230073928833
METHOD_STAGE graph=method_high_tail method=b2_fast repeat=1 layer1_ms=0.115871429443 relu_ms=0.00309944152832 interlayer_conversion_ms=0.000953674316406 layer2_ms=0.113010406494 total_ms=0.232934951782
METHOD_STAGE graph=method_high_tail method=b2_fast repeat=2 layer1_ms=0.108957290649 relu_ms=0.00309944152832 interlayer_conversion_ms=0.00190734863281 layer2_ms=0.111103057861 total_ms=0.225067138672
METHOD_PROFILE graph=method_high_tail method=b2_fast layer=1 phase=output_zero sampled_thread_ms=0.00500679016113 sampled_tiles=2 wall_ms=0.498056411743
METHOD_PROFILE graph=method_high_tail method=b2_fast layer=1 phase=row_schedule sampled_thread_ms=0.00190734863281 sampled_tiles=2 wall_ms=0.498056411743
METHOD_PROFILE graph=method_high_tail method=b2_fast layer=1 phase=partial_zero sampled_thread_ms=0.0109672546387 sampled_tiles=2 wall_ms=0.498056411743
METHOD_PROFILE graph=method_high_tail method=b2_fast layer=1 phase=csr_prefetch sampled_thread_ms=0.0360012054443 sampled_tiles=2 wall_ms=0.498056411743
METHOD_PROFILE graph=method_high_tail method=b2_fast layer=1 phase=feature_gather_decode sampled_thread_ms=0.0481605529785 sampled_tiles=2 wall_ms=0.498056411743
METHOD_PROFILE graph=method_high_tail method=b2_fast layer=1 phase=fp32_neighbor_reduction sampled_thread_ms=0.0452995300293 sampled_tiles=2 wall_ms=0.498056411743
METHOD_PROFILE graph=method_high_tail method=b2_fast layer=1 phase=partial_bf16_conversion sampled_thread_ms=0.0121593475342 sampled_tiles=2 wall_ms=0.498056411743
METHOD_PROFILE graph=method_high_tail method=b2_fast layer=1 phase=tile_load sampled_thread_ms=0.0617504119873 sampled_tiles=2 wall_ms=0.498056411743
METHOD_PROFILE graph=method_high_tail method=b2_fast layer=1 phase=tile_compute sampled_thread_ms=0.0481605529785 sampled_tiles=2 wall_ms=0.498056411743
METHOD_PROFILE graph=method_high_tail method=b2_fast layer=1 phase=tile_store sampled_thread_ms=0.00596046447754 sampled_tiles=2 wall_ms=0.498056411743
METHOD_PROFILE graph=method_high_tail method=b2_fast layer=1 phase=output_scatter sampled_thread_ms=0 sampled_tiles=2 wall_ms=0.498056411743
METHOD_PROFILE graph=method_high_tail method=b2_fast layer=1 phase=thread_amx_setup sampled_thread_ms=0 sampled_tiles=2 wall_ms=0.498056411743
METHOD_PROFILE graph=method_high_tail method=b2_fast layer=2 phase=output_zero sampled_thread_ms=0 sampled_tiles=2 wall_ms=0.500917434692
METHOD_PROFILE graph=method_high_tail method=b2_fast layer=2 phase=row_schedule sampled_thread_ms=0 sampled_tiles=2 wall_ms=0.500917434692
METHOD_PROFILE graph=method_high_tail method=b2_fast layer=2 phase=partial_zero sampled_thread_ms=0.016450881958 sampled_tiles=2 wall_ms=0.500917434692
METHOD_PROFILE graph=method_high_tail method=b2_fast layer=2 phase=csr_prefetch sampled_thread_ms=0.0410079956055 sampled_tiles=2 wall_ms=0.500917434692
METHOD_PROFILE graph=method_high_tail method=b2_fast layer=2 phase=feature_gather_decode sampled_thread_ms=0.0343322753906 sampled_tiles=2 wall_ms=0.500917434692
METHOD_PROFILE graph=method_high_tail method=b2_fast layer=2 phase=fp32_neighbor_reduction sampled_thread_ms=0.056266784668 sampled_tiles=2 wall_ms=0.500917434692
METHOD_PROFILE graph=method_high_tail method=b2_fast layer=2 phase=partial_bf16_conversion sampled_thread_ms=0.0126361846924 sampled_tiles=2 wall_ms=0.500917434692
METHOD_PROFILE graph=method_high_tail method=b2_fast layer=2 phase=tile_load sampled_thread_ms=0.0505447387695 sampled_tiles=2 wall_ms=0.500917434692
METHOD_PROFILE graph=method_high_tail method=b2_fast layer=2 phase=tile_compute sampled_thread_ms=0.0615119934082 sampled_tiles=2 wall_ms=0.500917434692
METHOD_PROFILE graph=method_high_tail method=b2_fast layer=2 phase=tile_store sampled_thread_ms=0.00786781311035 sampled_tiles=2 wall_ms=0.500917434692
METHOD_PROFILE graph=method_high_tail method=b2_fast layer=2 phase=output_scatter sampled_thread_ms=0.000953674316406 sampled_tiles=2 wall_ms=0.500917434692
METHOD_PROFILE graph=method_high_tail method=b2_fast layer=2 phase=thread_amx_setup sampled_thread_ms=0 sampled_tiles=2 wall_ms=0.500917434692
METHOD_STAGE graph=method_high_tail method=b2_accurate repeat=0 layer1_ms=0.158071517944 relu_ms=0.00309944152832 interlayer_conversion_ms=0.00190734863281 layer2_ms=0.158071517944 total_ms=0.32114982605
METHOD_STAGE graph=method_high_tail method=b2_accurate repeat=1 layer1_ms=0.156879425049 relu_ms=0.00309944152832 interlayer_conversion_ms=0.00190734863281 layer2_ms=0.158071517944 total_ms=0.319957733154
METHOD_STAGE graph=method_high_tail method=b2_accurate repeat=2 layer1_ms=0.158071517944 relu_ms=0.00309944152832 interlayer_conversion_ms=0.00190734863281 layer2_ms=0.157117843628 total_ms=0.320196151733
METHOD_PROFILE graph=method_high_tail method=b2_accurate layer=1 phase=output_zero sampled_thread_ms=0 sampled_tiles=2 wall_ms=0.629901885986
METHOD_PROFILE graph=method_high_tail method=b2_accurate layer=1 phase=row_schedule sampled_thread_ms=0 sampled_tiles=2 wall_ms=0.629901885986
METHOD_PROFILE graph=method_high_tail method=b2_accurate layer=1 phase=partial_zero sampled_thread_ms=0.00667572021484 sampled_tiles=2 wall_ms=0.629901885986
METHOD_PROFILE graph=method_high_tail method=b2_accurate layer=1 phase=csr_prefetch sampled_thread_ms=0.0371932983398 sampled_tiles=2 wall_ms=0.629901885986
METHOD_PROFILE graph=method_high_tail method=b2_accurate layer=1 phase=feature_gather_decode sampled_thread_ms=0.0593662261963 sampled_tiles=2 wall_ms=0.629901885986
METHOD_PROFILE graph=method_high_tail method=b2_accurate layer=1 phase=fp32_neighbor_reduction sampled_thread_ms=0.0424385070801 sampled_tiles=2 wall_ms=0.629901885986
METHOD_PROFILE graph=method_high_tail method=b2_accurate layer=1 phase=partial_bf16_conversion sampled_thread_ms=0.011682510376 sampled_tiles=2 wall_ms=0.629901885986
METHOD_PROFILE graph=method_high_tail method=b2_accurate layer=1 phase=tile_load sampled_thread_ms=0.0913143157959 sampled_tiles=2 wall_ms=0.629901885986
METHOD_PROFILE graph=method_high_tail method=b2_accurate layer=1 phase=tile_compute sampled_thread_ms=0.0848770141602 sampled_tiles=2 wall_ms=0.629901885986
METHOD_PROFILE graph=method_high_tail method=b2_accurate layer=1 phase=tile_store sampled_thread_ms=0.00810623168945 sampled_tiles=2 wall_ms=0.629901885986
METHOD_PROFILE graph=method_high_tail method=b2_accurate layer=1 phase=output_scatter sampled_thread_ms=0.00190734863281 sampled_tiles=2 wall_ms=0.629901885986
METHOD_PROFILE graph=method_high_tail method=b2_accurate layer=1 phase=thread_amx_setup sampled_thread_ms=0.00286102294922 sampled_tiles=2 wall_ms=0.629901885986
METHOD_PROFILE graph=method_high_tail method=b2_accurate layer=2 phase=output_zero sampled_thread_ms=0 sampled_tiles=2 wall_ms=0.629901885986
METHOD_PROFILE graph=method_high_tail method=b2_accurate layer=2 phase=row_schedule sampled_thread_ms=0 sampled_tiles=2 wall_ms=0.629901885986
METHOD_PROFILE graph=method_high_tail method=b2_accurate layer=2 phase=partial_zero sampled_thread_ms=0.0112056732178 sampled_tiles=2 wall_ms=0.629901885986
METHOD_PROFILE graph=method_high_tail method=b2_accurate layer=2 phase=csr_prefetch sampled_thread_ms=0.0317096710205 sampled_tiles=2 wall_ms=0.629901885986
METHOD_PROFILE graph=method_high_tail method=b2_accurate layer=2 phase=feature_gather_decode sampled_thread_ms=0.051736831665 sampled_tiles=2 wall_ms=0.629901885986
METHOD_PROFILE graph=method_high_tail method=b2_accurate layer=2 phase=fp32_neighbor_reduction sampled_thread_ms=0.0605583190918 sampled_tiles=2 wall_ms=0.629901885986
METHOD_PROFILE graph=method_high_tail method=b2_accurate layer=2 phase=partial_bf16_conversion sampled_thread_ms=0.0171661376953 sampled_tiles=2 wall_ms=0.629901885986
METHOD_PROFILE graph=method_high_tail method=b2_accurate layer=2 phase=tile_load sampled_thread_ms=0.107049942017 sampled_tiles=2 wall_ms=0.629901885986
METHOD_PROFILE graph=method_high_tail method=b2_accurate layer=2 phase=tile_compute sampled_thread_ms=0.0858306884766 sampled_tiles=2 wall_ms=0.629901885986
METHOD_PROFILE graph=method_high_tail method=b2_accurate layer=2 phase=tile_store sampled_thread_ms=0.00786781311035 sampled_tiles=2 wall_ms=0.629901885986
METHOD_PROFILE graph=method_high_tail method=b2_accurate layer=2 phase=output_scatter sampled_thread_ms=0 sampled_tiles=2 wall_ms=0.629901885986
METHOD_PROFILE graph=method_high_tail method=b2_accurate layer=2 phase=thread_amx_setup sampled_thread_ms=0.00190734863281 sampled_tiles=2 wall_ms=0.629901885986
METHOD_STAGE graph=method_high_tail method=b4_fast repeat=0 layer1_ms=0.0729560852051 relu_ms=0.00190734863281 interlayer_conversion_ms=0.00214576721191 layer2_ms=0.0739097595215 total_ms=0.150918960571
METHOD_STAGE graph=method_high_tail method=b4_fast repeat=1 layer1_ms=0.0698566436768 relu_ms=0.00309944152832 interlayer_conversion_ms=0.00190734863281 layer2_ms=0.0689029693604 total_ms=0.143766403198
METHOD_STAGE graph=method_high_tail method=b4_fast repeat=2 layer1_ms=0.0739097595215 relu_ms=0.00309944152832 interlayer_conversion_ms=0.00190734863281 layer2_ms=0.0700950622559 total_ms=0.149011611938
METHOD_PROFILE graph=method_high_tail method=b4_fast layer=1 phase=output_zero sampled_thread_ms=0 sampled_tiles=2 wall_ms=0.358104705811
METHOD_PROFILE graph=method_high_tail method=b4_fast layer=1 phase=row_schedule sampled_thread_ms=0 sampled_tiles=2 wall_ms=0.358104705811
METHOD_PROFILE graph=method_high_tail method=b4_fast layer=1 phase=partial_zero sampled_thread_ms=0.00691413879395 sampled_tiles=2 wall_ms=0.358104705811
METHOD_PROFILE graph=method_high_tail method=b4_fast layer=1 phase=csr_prefetch sampled_thread_ms=0.0457763671875 sampled_tiles=2 wall_ms=0.358104705811
METHOD_PROFILE graph=method_high_tail method=b4_fast layer=1 phase=feature_gather_decode sampled_thread_ms=0.0364780426025 sampled_tiles=2 wall_ms=0.358104705811
METHOD_PROFILE graph=method_high_tail method=b4_fast layer=1 phase=fp32_neighbor_reduction sampled_thread_ms=0.0419616699219 sampled_tiles=2 wall_ms=0.358104705811
METHOD_PROFILE graph=method_high_tail method=b4_fast layer=1 phase=partial_bf16_conversion sampled_thread_ms=0.00405311584473 sampled_tiles=2 wall_ms=0.358104705811
METHOD_PROFILE graph=method_high_tail method=b4_fast layer=1 phase=tile_load sampled_thread_ms=0.0333786010742 sampled_tiles=2 wall_ms=0.358104705811
METHOD_PROFILE graph=method_high_tail method=b4_fast layer=1 phase=tile_compute sampled_thread_ms=0.02121925354 sampled_tiles=2 wall_ms=0.358104705811
METHOD_PROFILE graph=method_high_tail method=b4_fast layer=1 phase=tile_store sampled_thread_ms=0.00381469726562 sampled_tiles=2 wall_ms=0.358104705811
METHOD_PROFILE graph=method_high_tail method=b4_fast layer=1 phase=output_scatter sampled_thread_ms=0.000953674316406 sampled_tiles=2 wall_ms=0.358104705811
METHOD_PROFILE graph=method_high_tail method=b4_fast layer=1 phase=thread_amx_setup sampled_thread_ms=0 sampled_tiles=2 wall_ms=0.358104705811
METHOD_PROFILE graph=method_high_tail method=b4_fast layer=2 phase=output_zero sampled_thread_ms=0 sampled_tiles=2 wall_ms=0.364065170288
METHOD_PROFILE graph=method_high_tail method=b4_fast layer=2 phase=row_schedule sampled_thread_ms=0 sampled_tiles=2 wall_ms=0.364065170288
METHOD_PROFILE graph=method_high_tail method=b4_fast layer=2 phase=partial_zero sampled_thread_ms=0.00715255737305 sampled_tiles=2 wall_ms=0.364065170288
METHOD_PROFILE graph=method_high_tail method=b4_fast layer=2 phase=csr_prefetch sampled_thread_ms=0.0486373901367 sampled_tiles=2 wall_ms=0.364065170288
METHOD_PROFILE graph=method_high_tail method=b4_fast layer=2 phase=feature_gather_decode sampled_thread_ms=0.0290870666504 sampled_tiles=2 wall_ms=0.364065170288
METHOD_PROFILE graph=method_high_tail method=b4_fast layer=2 phase=fp32_neighbor_reduction sampled_thread_ms=0.0503063201904 sampled_tiles=2 wall_ms=0.364065170288
METHOD_PROFILE graph=method_high_tail method=b4_fast layer=2 phase=partial_bf16_conversion sampled_thread_ms=0.00286102294922 sampled_tiles=2 wall_ms=0.364065170288
METHOD_PROFILE graph=method_high_tail method=b4_fast layer=2 phase=tile_load sampled_thread_ms=0.0340938568115 sampled_tiles=2 wall_ms=0.364065170288
METHOD_PROFILE graph=method_high_tail method=b4_fast layer=2 phase=tile_compute sampled_thread_ms=0.0360012054443 sampled_tiles=2 wall_ms=0.364065170288
METHOD_PROFILE graph=method_high_tail method=b4_fast layer=2 phase=tile_store sampled_thread_ms=0.00405311584473 sampled_tiles=2 wall_ms=0.364065170288
METHOD_PROFILE graph=method_high_tail method=b4_fast layer=2 phase=output_scatter sampled_thread_ms=0 sampled_tiles=2 wall_ms=0.364065170288
METHOD_PROFILE graph=method_high_tail method=b4_fast layer=2 phase=thread_amx_setup sampled_thread_ms=0.00381469726562 sampled_tiles=2 wall_ms=0.364065170288
METHOD_STAGE graph=method_high_tail method=b4_accurate repeat=0 layer1_ms=0.0941753387451 relu_ms=0.00286102294922 interlayer_conversion_ms=0.00309944152832 layer2_ms=0.0910758972168 total_ms=0.191211700439
METHOD_STAGE graph=method_high_tail method=b4_accurate repeat=1 layer1_ms=0.0948905944824 relu_ms=0.00214576721191 interlayer_conversion_ms=0.00190734863281 layer2_ms=0.0951290130615 total_ms=0.194072723389
METHOD_STAGE graph=method_high_tail method=b4_accurate repeat=2 layer1_ms=0.0908374786377 relu_ms=0.00309944152832 interlayer_conversion_ms=0.00190734863281 layer2_ms=0.0951290130615 total_ms=0.19097328186
METHOD_PROFILE graph=method_high_tail method=b4_accurate layer=1 phase=output_zero sampled_thread_ms=0 sampled_tiles=2 wall_ms=0.427961349487
METHOD_PROFILE graph=method_high_tail method=b4_accurate layer=1 phase=row_schedule sampled_thread_ms=0.000953674316406 sampled_tiles=2 wall_ms=0.427961349487
METHOD_PROFILE graph=method_high_tail method=b4_accurate layer=1 phase=partial_zero sampled_thread_ms=0.00596046447754 sampled_tiles=2 wall_ms=0.427961349487
METHOD_PROFILE graph=method_high_tail method=b4_accurate layer=1 phase=csr_prefetch sampled_thread_ms=0.0302791595459 sampled_tiles=2 wall_ms=0.427961349487
METHOD_PROFILE graph=method_high_tail method=b4_accurate layer=1 phase=feature_gather_decode sampled_thread_ms=0.0491142272949 sampled_tiles=2 wall_ms=0.427961349487
METHOD_PROFILE graph=method_high_tail method=b4_accurate layer=1 phase=fp32_neighbor_reduction sampled_thread_ms=0.0498294830322 sampled_tiles=2 wall_ms=0.427961349487
METHOD_PROFILE graph=method_high_tail method=b4_accurate layer=1 phase=partial_bf16_conversion sampled_thread_ms=0.00667572021484 sampled_tiles=2 wall_ms=0.427961349487
METHOD_PROFILE graph=method_high_tail method=b4_accurate layer=1 phase=tile_load sampled_thread_ms=0.046968460083 sampled_tiles=2 wall_ms=0.427961349487
METHOD_PROFILE graph=method_high_tail method=b4_accurate layer=1 phase=tile_compute sampled_thread_ms=0.0452995300293 sampled_tiles=2 wall_ms=0.427961349487
METHOD_PROFILE graph=method_high_tail method=b4_accurate layer=1 phase=tile_store sampled_thread_ms=0.00190734863281 sampled_tiles=2 wall_ms=0.427961349487
METHOD_PROFILE graph=method_high_tail method=b4_accurate layer=1 phase=output_scatter sampled_thread_ms=0.000953674316406 sampled_tiles=2 wall_ms=0.427961349487
METHOD_PROFILE graph=method_high_tail method=b4_accurate layer=1 phase=thread_amx_setup sampled_thread_ms=0 sampled_tiles=2 wall_ms=0.427961349487
METHOD_PROFILE graph=method_high_tail method=b4_accurate layer=2 phase=output_zero sampled_thread_ms=0 sampled_tiles=2 wall_ms=0.409841537476
METHOD_PROFILE graph=method_high_tail method=b4_accurate layer=2 phase=row_schedule sampled_thread_ms=0 sampled_tiles=2 wall_ms=0.409841537476
METHOD_PROFILE graph=method_high_tail method=b4_accurate layer=2 phase=partial_zero sampled_thread_ms=0.00715255737305 sampled_tiles=2 wall_ms=0.409841537476
METHOD_PROFILE graph=method_high_tail method=b4_accurate layer=2 phase=csr_prefetch sampled_thread_ms=0.0374317169189 sampled_tiles=2 wall_ms=0.409841537476
METHOD_PROFILE graph=method_high_tail method=b4_accurate layer=2 phase=feature_gather_decode sampled_thread_ms=0.0414848327637 sampled_tiles=2 wall_ms=0.409841537476
METHOD_PROFILE graph=method_high_tail method=b4_accurate layer=2 phase=fp32_neighbor_reduction sampled_thread_ms=0.0345706939697 sampled_tiles=2 wall_ms=0.409841537476
METHOD_PROFILE graph=method_high_tail method=b4_accurate layer=2 phase=partial_bf16_conversion sampled_thread_ms=0.00929832458496 sampled_tiles=2 wall_ms=0.409841537476
METHOD_PROFILE graph=method_high_tail method=b4_accurate layer=2 phase=tile_load sampled_thread_ms=0.0288486480713 sampled_tiles=2 wall_ms=0.409841537476
METHOD_PROFILE graph=method_high_tail method=b4_accurate layer=2 phase=tile_compute sampled_thread_ms=0.0479221343994 sampled_tiles=2 wall_ms=0.409841537476
METHOD_PROFILE graph=method_high_tail method=b4_accurate layer=2 phase=tile_store sampled_thread_ms=0.00452995300293 sampled_tiles=2 wall_ms=0.409841537476
METHOD_PROFILE graph=method_high_tail method=b4_accurate layer=2 phase=output_scatter sampled_thread_ms=0.000953674316406 sampled_tiles=2 wall_ms=0.409841537476
METHOD_PROFILE graph=method_high_tail method=b4_accurate layer=2 phase=thread_amx_setup sampled_thread_ms=0 sampled_tiles=2 wall_ms=0.409841537476
METHOD_STAGE graph=method_high_tail method=b8_fast repeat=0 layer1_ms=0.046968460083 relu_ms=0.00309944152832 interlayer_conversion_ms=0.00190734863281 layer2_ms=0.0450611114502 total_ms=0.0970363616943
METHOD_STAGE graph=method_high_tail method=b8_fast repeat=1 layer1_ms=0.0550746917725 relu_ms=0.00286102294922 interlayer_conversion_ms=0.00214576721191 layer2_ms=0.0460147857666 total_ms=0.1060962677
METHOD_STAGE graph=method_high_tail method=b8_fast repeat=2 layer1_ms=0.0441074371338 relu_ms=0.00381469726562 interlayer_conversion_ms=0.00214576721191 layer2_ms=0.0479221343994 total_ms=0.0979900360107
METHOD_PROFILE graph=method_high_tail method=b8_fast layer=1 phase=output_zero sampled_thread_ms=0 sampled_tiles=2 wall_ms=0.295877456665
METHOD_PROFILE graph=method_high_tail method=b8_fast layer=1 phase=row_schedule sampled_thread_ms=0 sampled_tiles=2 wall_ms=0.295877456665
METHOD_PROFILE graph=method_high_tail method=b8_fast layer=1 phase=partial_zero sampled_thread_ms=0.00190734863281 sampled_tiles=2 wall_ms=0.295877456665
METHOD_PROFILE graph=method_high_tail method=b8_fast layer=1 phase=csr_prefetch sampled_thread_ms=0.0369548797607 sampled_tiles=2 wall_ms=0.295877456665
METHOD_PROFILE graph=method_high_tail method=b8_fast layer=1 phase=feature_gather_decode sampled_thread_ms=0.0464916229248 sampled_tiles=2 wall_ms=0.295877456665
METHOD_PROFILE graph=method_high_tail method=b8_fast layer=1 phase=fp32_neighbor_reduction sampled_thread_ms=0.0388622283936 sampled_tiles=2 wall_ms=0.295877456665
METHOD_PROFILE graph=method_high_tail method=b8_fast layer=1 phase=partial_bf16_conversion sampled_thread_ms=0 sampled_tiles=2 wall_ms=0.295877456665
METHOD_PROFILE graph=method_high_tail method=b8_fast layer=1 phase=tile_load sampled_thread_ms=0.0100135803223 sampled_tiles=2 wall_ms=0.295877456665
METHOD_PROFILE graph=method_high_tail method=b8_fast layer=1 phase=tile_compute sampled_thread_ms=0.0216960906982 sampled_tiles=2 wall_ms=0.295877456665
METHOD_PROFILE graph=method_high_tail method=b8_fast layer=1 phase=tile_store sampled_thread_ms=0.000953674316406 sampled_tiles=2 wall_ms=0.295877456665
METHOD_PROFILE graph=method_high_tail method=b8_fast layer=1 phase=output_scatter sampled_thread_ms=0.00119209289551 sampled_tiles=2 wall_ms=0.295877456665
METHOD_PROFILE graph=method_high_tail method=b8_fast layer=1 phase=thread_amx_setup sampled_thread_ms=0 sampled_tiles=2 wall_ms=0.295877456665
METHOD_PROFILE graph=method_high_tail method=b8_fast layer=2 phase=output_zero sampled_thread_ms=0 sampled_tiles=2 wall_ms=0.29993057251
METHOD_PROFILE graph=method_high_tail method=b8_fast layer=2 phase=row_schedule sampled_thread_ms=0 sampled_tiles=2 wall_ms=0.29993057251
METHOD_PROFILE graph=method_high_tail method=b8_fast layer=2 phase=partial_zero sampled_thread_ms=0.00405311584473 sampled_tiles=2 wall_ms=0.29993057251
METHOD_PROFILE graph=method_high_tail method=b8_fast layer=2 phase=csr_prefetch sampled_thread_ms=0.0374317169189 sampled_tiles=2 wall_ms=0.29993057251
METHOD_PROFILE graph=method_high_tail method=b8_fast layer=2 phase=feature_gather_decode sampled_thread_ms=0.0391006469727 sampled_tiles=2 wall_ms=0.29993057251
METHOD_PROFILE graph=method_high_tail method=b8_fast layer=2 phase=fp32_neighbor_reduction sampled_thread_ms=0.03981590271 sampled_tiles=2 wall_ms=0.29993057251
METHOD_PROFILE graph=method_high_tail method=b8_fast layer=2 phase=partial_bf16_conversion sampled_thread_ms=0.00190734863281 sampled_tiles=2 wall_ms=0.29993057251
METHOD_PROFILE graph=method_high_tail method=b8_fast layer=2 phase=tile_load sampled_thread_ms=0.023365020752 sampled_tiles=2 wall_ms=0.29993057251
METHOD_PROFILE graph=method_high_tail method=b8_fast layer=2 phase=tile_compute sampled_thread_ms=0.0147819519043 sampled_tiles=2 wall_ms=0.29993057251
METHOD_PROFILE graph=method_high_tail method=b8_fast layer=2 phase=tile_store sampled_thread_ms=0.00190734863281 sampled_tiles=2 wall_ms=0.29993057251
METHOD_PROFILE graph=method_high_tail method=b8_fast layer=2 phase=output_scatter sampled_thread_ms=0 sampled_tiles=2 wall_ms=0.29993057251
METHOD_PROFILE graph=method_high_tail method=b8_fast layer=2 phase=thread_amx_setup sampled_thread_ms=0.00119209289551 sampled_tiles=2 wall_ms=0.29993057251
METHOD_STAGE graph=method_high_tail method=b8_accurate repeat=0 layer1_ms=0.0560283660889 relu_ms=0.00500679016113 interlayer_conversion_ms=0.00190734863281 layer2_ms=0.0569820404053 total_ms=0.119924545288
METHOD_STAGE graph=method_high_tail method=b8_accurate repeat=1 layer1_ms=0.0560283660889 relu_ms=0.00190734863281 interlayer_conversion_ms=0.00309944152832 layer2_ms=0.0588893890381 total_ms=0.119924545288
METHOD_STAGE graph=method_high_tail method=b8_accurate repeat=2 layer1_ms=0.0550746917725 relu_ms=0.00405311584473 interlayer_conversion_ms=0.00190734863281 layer2_ms=0.0600814819336 total_ms=0.121116638184
METHOD_PROFILE graph=method_high_tail method=b8_accurate layer=1 phase=output_zero sampled_thread_ms=0 sampled_tiles=2 wall_ms=0.334024429321
METHOD_PROFILE graph=method_high_tail method=b8_accurate layer=1 phase=row_schedule sampled_thread_ms=0 sampled_tiles=2 wall_ms=0.334024429321
METHOD_PROFILE graph=method_high_tail method=b8_accurate layer=1 phase=partial_zero sampled_thread_ms=0.00286102294922 sampled_tiles=2 wall_ms=0.334024429321
METHOD_PROFILE graph=method_high_tail method=b8_accurate layer=1 phase=csr_prefetch sampled_thread_ms=0.037670135498 sampled_tiles=2 wall_ms=0.334024429321
METHOD_PROFILE graph=method_high_tail method=b8_accurate layer=1 phase=feature_gather_decode sampled_thread_ms=0.042200088501 sampled_tiles=2 wall_ms=0.334024429321
METHOD_PROFILE graph=method_high_tail method=b8_accurate layer=1 phase=fp32_neighbor_reduction sampled_thread_ms=0.03981590271 sampled_tiles=2 wall_ms=0.334024429321
METHOD_PROFILE graph=method_high_tail method=b8_accurate layer=1 phase=partial_bf16_conversion sampled_thread_ms=0.00619888305664 sampled_tiles=2 wall_ms=0.334024429321
METHOD_PROFILE graph=method_high_tail method=b8_accurate layer=1 phase=tile_load sampled_thread_ms=0.0278949737549 sampled_tiles=2 wall_ms=0.334024429321
METHOD_PROFILE graph=method_high_tail method=b8_accurate layer=1 phase=tile_compute sampled_thread_ms=0.0238418579102 sampled_tiles=2 wall_ms=0.334024429321
METHOD_PROFILE graph=method_high_tail method=b8_accurate layer=1 phase=tile_store sampled_thread_ms=0.00119209289551 sampled_tiles=2 wall_ms=0.334024429321
METHOD_PROFILE graph=method_high_tail method=b8_accurate layer=1 phase=output_scatter sampled_thread_ms=0.00190734863281 sampled_tiles=2 wall_ms=0.334024429321
METHOD_PROFILE graph=method_high_tail method=b8_accurate layer=1 phase=thread_amx_setup sampled_thread_ms=0.00357627868652 sampled_tiles=2 wall_ms=0.334024429321
METHOD_PROFILE graph=method_high_tail method=b8_accurate layer=2 phase=output_zero sampled_thread_ms=0 sampled_tiles=2 wall_ms=0.336170196533
METHOD_PROFILE graph=method_high_tail method=b8_accurate layer=2 phase=row_schedule sampled_thread_ms=0 sampled_tiles=2 wall_ms=0.336170196533
METHOD_PROFILE graph=method_high_tail method=b8_accurate layer=2 phase=partial_zero sampled_thread_ms=0.00405311584473 sampled_tiles=2 wall_ms=0.336170196533
METHOD_PROFILE graph=method_high_tail method=b8_accurate layer=2 phase=csr_prefetch sampled_thread_ms=0.0429153442383 sampled_tiles=2 wall_ms=0.336170196533
METHOD_PROFILE graph=method_high_tail method=b8_accurate layer=2 phase=feature_gather_decode sampled_thread_ms=0.0379085540771 sampled_tiles=2 wall_ms=0.336170196533
METHOD_PROFILE graph=method_high_tail method=b8_accurate layer=2 phase=fp32_neighbor_reduction sampled_thread_ms=0.0340938568115 sampled_tiles=2 wall_ms=0.336170196533
METHOD_PROFILE graph=method_high_tail method=b8_accurate layer=2 phase=partial_bf16_conversion sampled_thread_ms=0.00476837158203 sampled_tiles=2 wall_ms=0.336170196533
METHOD_PROFILE graph=method_high_tail method=b8_accurate layer=2 phase=tile_load sampled_thread_ms=0.028133392334 sampled_tiles=2 wall_ms=0.336170196533
METHOD_PROFILE graph=method_high_tail method=b8_accurate layer=2 phase=tile_compute sampled_thread_ms=0.0202655792236 sampled_tiles=2 wall_ms=0.336170196533
METHOD_PROFILE graph=method_high_tail method=b8_accurate layer=2 phase=tile_store sampled_thread_ms=0.000953674316406 sampled_tiles=2 wall_ms=0.336170196533
METHOD_PROFILE graph=method_high_tail method=b8_accurate layer=2 phase=output_scatter sampled_thread_ms=0 sampled_tiles=2 wall_ms=0.336170196533
METHOD_PROFILE graph=method_high_tail method=b8_accurate layer=2 phase=thread_amx_setup sampled_thread_ms=0 sampled_tiles=2 wall_ms=0.336170196533
METHOD_STAGE graph=method_high_tail method=b16_fast repeat=0 layer1_ms=0.0360012054443 relu_ms=0.00309944152832 interlayer_conversion_ms=0.00190734863281 layer2_ms=0.0340938568115 total_ms=0.075101852417
METHOD_STAGE graph=method_high_tail method=b16_fast repeat=1 layer1_ms=0.0350475311279 relu_ms=0.00286102294922 interlayer_conversion_ms=0.00119209289551 layer2_ms=0.0348091125488 total_ms=0.0739097595215
METHOD_STAGE graph=method_high_tail method=b16_fast repeat=2 layer1_ms=0.0309944152832 relu_ms=0.00286102294922 interlayer_conversion_ms=0.00214576721191 layer2_ms=0.0338554382324 total_ms=0.0698566436768
METHOD_PROFILE graph=method_high_tail method=b16_fast layer=1 phase=output_zero sampled_thread_ms=0 sampled_tiles=2 wall_ms=0.280857086182
METHOD_PROFILE graph=method_high_tail method=b16_fast layer=1 phase=row_schedule sampled_thread_ms=0 sampled_tiles=2 wall_ms=0.280857086182
METHOD_PROFILE graph=method_high_tail method=b16_fast layer=1 phase=partial_zero sampled_thread_ms=0.00333786010742 sampled_tiles=2 wall_ms=0.280857086182
METHOD_PROFILE graph=method_high_tail method=b16_fast layer=1 phase=csr_prefetch sampled_thread_ms=0.0371932983398 sampled_tiles=2 wall_ms=0.280857086182
METHOD_PROFILE graph=method_high_tail method=b16_fast layer=1 phase=feature_gather_decode sampled_thread_ms=0.0412464141846 sampled_tiles=2 wall_ms=0.280857086182
METHOD_PROFILE graph=method_high_tail method=b16_fast layer=1 phase=fp32_neighbor_reduction sampled_thread_ms=0.0450611114502 sampled_tiles=2 wall_ms=0.280857086182
METHOD_PROFILE graph=method_high_tail method=b16_fast layer=1 phase=partial_bf16_conversion sampled_thread_ms=0 sampled_tiles=2 wall_ms=0.280857086182
METHOD_PROFILE graph=method_high_tail method=b16_fast layer=1 phase=tile_load sampled_thread_ms=0.0119209289551 sampled_tiles=2 wall_ms=0.280857086182
METHOD_PROFILE graph=method_high_tail method=b16_fast layer=1 phase=tile_compute sampled_thread_ms=0.0181198120117 sampled_tiles=2 wall_ms=0.280857086182
METHOD_PROFILE graph=method_high_tail method=b16_fast layer=1 phase=tile_store sampled_thread_ms=0.00309944152832 sampled_tiles=2 wall_ms=0.280857086182
METHOD_PROFILE graph=method_high_tail method=b16_fast layer=1 phase=output_scatter sampled_thread_ms=0.000953674316406 sampled_tiles=2 wall_ms=0.280857086182
METHOD_PROFILE graph=method_high_tail method=b16_fast layer=1 phase=thread_amx_setup sampled_thread_ms=0 sampled_tiles=2 wall_ms=0.280857086182
METHOD_PROFILE graph=method_high_tail method=b16_fast layer=2 phase=output_zero sampled_thread_ms=0 sampled_tiles=2 wall_ms=0.269889831543
METHOD_PROFILE graph=method_high_tail method=b16_fast layer=2 phase=row_schedule sampled_thread_ms=0 sampled_tiles=2 wall_ms=0.269889831543
METHOD_PROFILE graph=method_high_tail method=b16_fast layer=2 phase=partial_zero sampled_thread_ms=0.00476837158203 sampled_tiles=2 wall_ms=0.269889831543
METHOD_PROFILE graph=method_high_tail method=b16_fast layer=2 phase=csr_prefetch sampled_thread_ms=0.0193119049072 sampled_tiles=2 wall_ms=0.269889831543
METHOD_PROFILE graph=method_high_tail method=b16_fast layer=2 phase=feature_gather_decode sampled_thread_ms=0.0569820404053 sampled_tiles=2 wall_ms=0.269889831543
METHOD_PROFILE graph=method_high_tail method=b16_fast layer=2 phase=fp32_neighbor_reduction sampled_thread_ms=0.0414848327637 sampled_tiles=2 wall_ms=0.269889831543
METHOD_PROFILE graph=method_high_tail method=b16_fast layer=2 phase=partial_bf16_conversion sampled_thread_ms=0.00190734863281 sampled_tiles=2 wall_ms=0.269889831543
METHOD_PROFILE graph=method_high_tail method=b16_fast layer=2 phase=tile_load sampled_thread_ms=0.0123977661133 sampled_tiles=2 wall_ms=0.269889831543
METHOD_PROFILE graph=method_high_tail method=b16_fast layer=2 phase=tile_compute sampled_thread_ms=0.014066696167 sampled_tiles=2 wall_ms=0.269889831543
METHOD_PROFILE graph=method_high_tail method=b16_fast layer=2 phase=tile_store sampled_thread_ms=0 sampled_tiles=2 wall_ms=0.269889831543
METHOD_PROFILE graph=method_high_tail method=b16_fast layer=2 phase=output_scatter sampled_thread_ms=0 sampled_tiles=2 wall_ms=0.269889831543
METHOD_PROFILE graph=method_high_tail method=b16_fast layer=2 phase=thread_amx_setup sampled_thread_ms=0.000953674316406 sampled_tiles=2 wall_ms=0.269889831543
METHOD_STAGE graph=method_high_tail method=b16_accurate repeat=0 layer1_ms=0.0419616699219 relu_ms=0.00286102294922 interlayer_conversion_ms=0.00214576721191 layer2_ms=0.0379085540771 total_ms=0.0848770141602
METHOD_STAGE graph=method_high_tail method=b16_accurate repeat=1 layer1_ms=0.0357627868652 relu_ms=0.00309944152832 interlayer_conversion_ms=0.00190734863281 layer2_ms=0.0391006469727 total_ms=0.079870223999
METHOD_STAGE graph=method_high_tail method=b16_accurate repeat=2 layer1_ms=0.0419616699219 relu_ms=0.00214576721191 interlayer_conversion_ms=0.00190734863281 layer2_ms=0.0381469726562 total_ms=0.0841617584229
METHOD_PROFILE graph=method_high_tail method=b16_accurate layer=1 phase=output_zero sampled_thread_ms=0 sampled_tiles=2 wall_ms=0.288009643555
METHOD_PROFILE graph=method_high_tail method=b16_accurate layer=1 phase=row_schedule sampled_thread_ms=0 sampled_tiles=2 wall_ms=0.288009643555
METHOD_PROFILE graph=method_high_tail method=b16_accurate layer=1 phase=partial_zero sampled_thread_ms=0.00190734863281 sampled_tiles=2 wall_ms=0.288009643555
METHOD_PROFILE graph=method_high_tail method=b16_accurate layer=1 phase=csr_prefetch sampled_thread_ms=0.0450611114502 sampled_tiles=2 wall_ms=0.288009643555
METHOD_PROFILE graph=method_high_tail method=b16_accurate layer=1 phase=feature_gather_decode sampled_thread_ms=0.0228881835938 sampled_tiles=2 wall_ms=0.288009643555
METHOD_PROFILE graph=method_high_tail method=b16_accurate layer=1 phase=fp32_neighbor_reduction sampled_thread_ms=0.0491142272949 sampled_tiles=2 wall_ms=0.288009643555
METHOD_PROFILE graph=method_high_tail method=b16_accurate layer=1 phase=partial_bf16_conversion sampled_thread_ms=0.00333786010742 sampled_tiles=2 wall_ms=0.288009643555
METHOD_PROFILE graph=method_high_tail method=b16_accurate layer=1 phase=tile_load sampled_thread_ms=0.0181198120117 sampled_tiles=2 wall_ms=0.288009643555
METHOD_PROFILE graph=method_high_tail method=b16_accurate layer=1 phase=tile_compute sampled_thread_ms=0.0102519989014 sampled_tiles=2 wall_ms=0.288009643555
METHOD_PROFILE graph=method_high_tail method=b16_accurate layer=1 phase=tile_store sampled_thread_ms=0.000953674316406 sampled_tiles=2 wall_ms=0.288009643555
METHOD_PROFILE graph=method_high_tail method=b16_accurate layer=1 phase=output_scatter sampled_thread_ms=0.00190734863281 sampled_tiles=2 wall_ms=0.288009643555
METHOD_PROFILE graph=method_high_tail method=b16_accurate layer=1 phase=thread_amx_setup sampled_thread_ms=0.00286102294922 sampled_tiles=2 wall_ms=0.288009643555
METHOD_PROFILE graph=method_high_tail method=b16_accurate layer=2 phase=output_zero sampled_thread_ms=0 sampled_tiles=2 wall_ms=0.291109085083
METHOD_PROFILE graph=method_high_tail method=b16_accurate layer=2 phase=row_schedule sampled_thread_ms=0 sampled_tiles=2 wall_ms=0.291109085083
METHOD_PROFILE graph=method_high_tail method=b16_accurate layer=2 phase=partial_zero sampled_thread_ms=0.000953674316406 sampled_tiles=2 wall_ms=0.291109085083
METHOD_PROFILE graph=method_high_tail method=b16_accurate layer=2 phase=csr_prefetch sampled_thread_ms=0.0498294830322 sampled_tiles=2 wall_ms=0.291109085083
METHOD_PROFILE graph=method_high_tail method=b16_accurate layer=2 phase=feature_gather_decode sampled_thread_ms=0.0286102294922 sampled_tiles=2 wall_ms=0.291109085083
METHOD_PROFILE graph=method_high_tail method=b16_accurate layer=2 phase=fp32_neighbor_reduction sampled_thread_ms=0.032901763916 sampled_tiles=2 wall_ms=0.291109085083
METHOD_PROFILE graph=method_high_tail method=b16_accurate layer=2 phase=partial_bf16_conversion sampled_thread_ms=0.000953674316406 sampled_tiles=2 wall_ms=0.291109085083
METHOD_PROFILE graph=method_high_tail method=b16_accurate layer=2 phase=tile_load sampled_thread_ms=0.0205039978027 sampled_tiles=2 wall_ms=0.291109085083
METHOD_PROFILE graph=method_high_tail method=b16_accurate layer=2 phase=tile_compute sampled_thread_ms=0.0150203704834 sampled_tiles=2 wall_ms=0.291109085083
METHOD_PROFILE graph=method_high_tail method=b16_accurate layer=2 phase=tile_store sampled_thread_ms=0 sampled_tiles=2 wall_ms=0.291109085083
METHOD_PROFILE graph=method_high_tail method=b16_accurate layer=2 phase=output_scatter sampled_thread_ms=0.000953674316406 sampled_tiles=2 wall_ms=0.291109085083
METHOD_PROFILE graph=method_high_tail method=b16_accurate layer=2 phase=thread_amx_setup sampled_thread_ms=0 sampled_tiles=2 wall_ms=0.291109085083
METHOD_STAGE graph=method_high_tail method=b32_fast repeat=0 layer1_ms=0.028133392334 relu_ms=0.00286102294922 interlayer_conversion_ms=0.00190734863281 layer2_ms=0.0262260437012 total_ms=0.0591278076172
METHOD_STAGE graph=method_high_tail method=b32_fast repeat=1 layer1_ms=0.0269412994385 relu_ms=0.00214576721191 interlayer_conversion_ms=0.00286102294922 layer2_ms=0.0290870666504 total_ms=0.06103515625
METHOD_STAGE graph=method_high_tail method=b32_fast repeat=2 layer1_ms=0.0259876251221 relu_ms=0.00309944152832 interlayer_conversion_ms=0.00190734863281 layer2_ms=0.0290870666504 total_ms=0.0600814819336
METHOD_PROFILE graph=method_high_tail method=b32_fast layer=1 phase=output_zero sampled_thread_ms=0 sampled_tiles=2 wall_ms=0.233888626099
METHOD_PROFILE graph=method_high_tail method=b32_fast layer=1 phase=row_schedule sampled_thread_ms=0 sampled_tiles=2 wall_ms=0.233888626099
METHOD_PROFILE graph=method_high_tail method=b32_fast layer=1 phase=partial_zero sampled_thread_ms=0.00190734863281 sampled_tiles=2 wall_ms=0.233888626099
METHOD_PROFILE graph=method_high_tail method=b32_fast layer=1 phase=csr_prefetch sampled_thread_ms=0.030517578125 sampled_tiles=2 wall_ms=0.233888626099
METHOD_PROFILE graph=method_high_tail method=b32_fast layer=1 phase=feature_gather_decode sampled_thread_ms=0.046968460083 sampled_tiles=2 wall_ms=0.233888626099
METHOD_PROFILE graph=method_high_tail method=b32_fast layer=1 phase=fp32_neighbor_reduction sampled_thread_ms=0.0333786010742 sampled_tiles=2 wall_ms=0.233888626099
METHOD_PROFILE graph=method_high_tail method=b32_fast layer=1 phase=partial_bf16_conversion sampled_thread_ms=0.00381469726562 sampled_tiles=2 wall_ms=0.233888626099
METHOD_PROFILE graph=method_high_tail method=b32_fast layer=1 phase=tile_load sampled_thread_ms=0.00977516174316 sampled_tiles=2 wall_ms=0.233888626099
METHOD_PROFILE graph=method_high_tail method=b32_fast layer=1 phase=tile_compute sampled_thread_ms=0.00286102294922 sampled_tiles=2 wall_ms=0.233888626099
METHOD_PROFILE graph=method_high_tail method=b32_fast layer=1 phase=tile_store sampled_thread_ms=0 sampled_tiles=2 wall_ms=0.233888626099
METHOD_PROFILE graph=method_high_tail method=b32_fast layer=1 phase=output_scatter sampled_thread_ms=0.000953674316406 sampled_tiles=2 wall_ms=0.233888626099
METHOD_PROFILE graph=method_high_tail method=b32_fast layer=1 phase=thread_amx_setup sampled_thread_ms=0 sampled_tiles=2 wall_ms=0.233888626099
METHOD_PROFILE graph=method_high_tail method=b32_fast layer=2 phase=output_zero sampled_thread_ms=0 sampled_tiles=2 wall_ms=0.241041183472
METHOD_PROFILE graph=method_high_tail method=b32_fast layer=2 phase=row_schedule sampled_thread_ms=0 sampled_tiles=2 wall_ms=0.241041183472
METHOD_PROFILE graph=method_high_tail method=b32_fast layer=2 phase=partial_zero sampled_thread_ms=0.00190734863281 sampled_tiles=2 wall_ms=0.241041183472
METHOD_PROFILE graph=method_high_tail method=b32_fast layer=2 phase=csr_prefetch sampled_thread_ms=0.037670135498 sampled_tiles=2 wall_ms=0.241041183472
METHOD_PROFILE graph=method_high_tail method=b32_fast layer=2 phase=feature_gather_decode sampled_thread_ms=0.0450611114502 sampled_tiles=2 wall_ms=0.241041183472
METHOD_PROFILE graph=method_high_tail method=b32_fast layer=2 phase=fp32_neighbor_reduction sampled_thread_ms=0.0288486480713 sampled_tiles=2 wall_ms=0.241041183472
METHOD_PROFILE graph=method_high_tail method=b32_fast layer=2 phase=partial_bf16_conversion sampled_thread_ms=0.000953674316406 sampled_tiles=2 wall_ms=0.241041183472
METHOD_PROFILE graph=method_high_tail method=b32_fast layer=2 phase=tile_load sampled_thread_ms=0.00953674316406 sampled_tiles=2 wall_ms=0.241041183472
METHOD_PROFILE graph=method_high_tail method=b32_fast layer=2 phase=tile_compute sampled_thread_ms=0.00643730163574 sampled_tiles=2 wall_ms=0.241041183472
METHOD_PROFILE graph=method_high_tail method=b32_fast layer=2 phase=tile_store sampled_thread_ms=0.00190734863281 sampled_tiles=2 wall_ms=0.241041183472
METHOD_PROFILE graph=method_high_tail method=b32_fast layer=2 phase=output_scatter sampled_thread_ms=0 sampled_tiles=2 wall_ms=0.241041183472
METHOD_PROFILE graph=method_high_tail method=b32_fast layer=2 phase=thread_amx_setup sampled_thread_ms=0.00286102294922 sampled_tiles=2 wall_ms=0.241041183472
METHOD_STAGE graph=method_high_tail method=b32_accurate repeat=0 layer1_ms=0.032901763916 relu_ms=0.00214576721191 interlayer_conversion_ms=0.00190734863281 layer2_ms=0.0290870666504 total_ms=0.0660419464111
METHOD_STAGE graph=method_high_tail method=b32_accurate repeat=1 layer1_ms=0.0300407409668 relu_ms=0.00286102294922 interlayer_conversion_ms=0.00214576721191 layer2_ms=0.0309944152832 total_ms=0.0660419464111
METHOD_STAGE graph=method_high_tail method=b32_accurate repeat=2 layer1_ms=0.0340938568115 relu_ms=0.00286102294922 interlayer_conversion_ms=0.00309944152832 layer2_ms=0.0319480895996 total_ms=0.0720024108887
METHOD_PROFILE graph=method_high_tail method=b32_accurate layer=1 phase=output_zero sampled_thread_ms=0 sampled_tiles=2 wall_ms=0.335931777954
METHOD_PROFILE graph=method_high_tail method=b32_accurate layer=1 phase=row_schedule sampled_thread_ms=0 sampled_tiles=2 wall_ms=0.335931777954
METHOD_PROFILE graph=method_high_tail method=b32_accurate layer=1 phase=partial_zero sampled_thread_ms=0.00309944152832 sampled_tiles=2 wall_ms=0.335931777954
METHOD_PROFILE graph=method_high_tail method=b32_accurate layer=1 phase=csr_prefetch sampled_thread_ms=0.0424385070801 sampled_tiles=2 wall_ms=0.335931777954
METHOD_PROFILE graph=method_high_tail method=b32_accurate layer=1 phase=feature_gather_decode sampled_thread_ms=0.0534057617188 sampled_tiles=2 wall_ms=0.335931777954
METHOD_PROFILE graph=method_high_tail method=b32_accurate layer=1 phase=fp32_neighbor_reduction sampled_thread_ms=0.0584125518799 sampled_tiles=2 wall_ms=0.335931777954
METHOD_PROFILE graph=method_high_tail method=b32_accurate layer=1 phase=partial_bf16_conversion sampled_thread_ms=0.00190734863281 sampled_tiles=2 wall_ms=0.335931777954
METHOD_PROFILE graph=method_high_tail method=b32_accurate layer=1 phase=tile_load sampled_thread_ms=0.00858306884766 sampled_tiles=2 wall_ms=0.335931777954
METHOD_PROFILE graph=method_high_tail method=b32_accurate layer=1 phase=tile_compute sampled_thread_ms=0.011682510376 sampled_tiles=2 wall_ms=0.335931777954
METHOD_PROFILE graph=method_high_tail method=b32_accurate layer=1 phase=tile_store sampled_thread_ms=0.00214576721191 sampled_tiles=2 wall_ms=0.335931777954
METHOD_PROFILE graph=method_high_tail method=b32_accurate layer=1 phase=output_scatter sampled_thread_ms=0.000953674316406 sampled_tiles=2 wall_ms=0.335931777954
METHOD_PROFILE graph=method_high_tail method=b32_accurate layer=1 phase=thread_amx_setup sampled_thread_ms=0 sampled_tiles=2 wall_ms=0.335931777954
METHOD_PROFILE graph=method_high_tail method=b32_accurate layer=2 phase=output_zero sampled_thread_ms=0 sampled_tiles=2 wall_ms=0.265836715698
METHOD_PROFILE graph=method_high_tail method=b32_accurate layer=2 phase=row_schedule sampled_thread_ms=0 sampled_tiles=2 wall_ms=0.265836715698
METHOD_PROFILE graph=method_high_tail method=b32_accurate layer=2 phase=partial_zero sampled_thread_ms=0.000953674316406 sampled_tiles=2 wall_ms=0.265836715698
METHOD_PROFILE graph=method_high_tail method=b32_accurate layer=2 phase=csr_prefetch sampled_thread_ms=0.0391006469727 sampled_tiles=2 wall_ms=0.265836715698
METHOD_PROFILE graph=method_high_tail method=b32_accurate layer=2 phase=feature_gather_decode sampled_thread_ms=0.046968460083 sampled_tiles=2 wall_ms=0.265836715698
METHOD_PROFILE graph=method_high_tail method=b32_accurate layer=2 phase=fp32_neighbor_reduction sampled_thread_ms=0.0355243682861 sampled_tiles=2 wall_ms=0.265836715698
METHOD_PROFILE graph=method_high_tail method=b32_accurate layer=2 phase=partial_bf16_conversion sampled_thread_ms=0.00190734863281 sampled_tiles=2 wall_ms=0.265836715698
METHOD_PROFILE graph=method_high_tail method=b32_accurate layer=2 phase=tile_load sampled_thread_ms=0.0131130218506 sampled_tiles=2 wall_ms=0.265836715698
METHOD_PROFILE graph=method_high_tail method=b32_accurate layer=2 phase=tile_compute sampled_thread_ms=0.0121593475342 sampled_tiles=2 wall_ms=0.265836715698
METHOD_PROFILE graph=method_high_tail method=b32_accurate layer=2 phase=tile_store sampled_thread_ms=0.00119209289551 sampled_tiles=2 wall_ms=0.265836715698
METHOD_PROFILE graph=method_high_tail method=b32_accurate layer=2 phase=output_scatter sampled_thread_ms=0 sampled_tiles=2 wall_ms=0.265836715698
METHOD_PROFILE graph=method_high_tail method=b32_accurate layer=2 phase=thread_amx_setup sampled_thread_ms=0.00286102294922 sampled_tiles=2 wall_ms=0.265836715698
METHOD_STAGE graph=method_high_tail method=b64_fast repeat=0 layer1_ms=0.0250339508057 relu_ms=0.00286102294922 interlayer_conversion_ms=0.00214576721191 layer2_ms=0.0238418579102 total_ms=0.053882598877
METHOD_STAGE graph=method_high_tail method=b64_fast repeat=1 layer1_ms=0.0219345092773 relu_ms=0.00309944152832 interlayer_conversion_ms=0.00286102294922 layer2_ms=0.0259876251221 total_ms=0.053882598877
METHOD_STAGE graph=method_high_tail method=b64_fast repeat=2 layer1_ms=0.0247955322266 relu_ms=0.00309944152832 interlayer_conversion_ms=0.00309944152832 layer2_ms=0.0228881835938 total_ms=0.053882598877
METHOD_PROFILE graph=method_high_tail method=b64_fast layer=1 phase=output_zero sampled_thread_ms=0 sampled_tiles=2 wall_ms=0.245094299316
METHOD_PROFILE graph=method_high_tail method=b64_fast layer=1 phase=row_schedule sampled_thread_ms=0 sampled_tiles=2 wall_ms=0.245094299316
METHOD_PROFILE graph=method_high_tail method=b64_fast layer=1 phase=partial_zero sampled_thread_ms=0.000953674316406 sampled_tiles=2 wall_ms=0.245094299316
METHOD_PROFILE graph=method_high_tail method=b64_fast layer=1 phase=csr_prefetch sampled_thread_ms=0.0410079956055 sampled_tiles=2 wall_ms=0.245094299316
METHOD_PROFILE graph=method_high_tail method=b64_fast layer=1 phase=feature_gather_decode sampled_thread_ms=0.0424385070801 sampled_tiles=2 wall_ms=0.245094299316
METHOD_PROFILE graph=method_high_tail method=b64_fast layer=1 phase=fp32_neighbor_reduction sampled_thread_ms=0.0369548797607 sampled_tiles=2 wall_ms=0.245094299316
METHOD_PROFILE graph=method_high_tail method=b64_fast layer=1 phase=partial_bf16_conversion sampled_thread_ms=0.00286102294922 sampled_tiles=2 wall_ms=0.245094299316
METHOD_PROFILE graph=method_high_tail method=b64_fast layer=1 phase=tile_load sampled_thread_ms=0.00619888305664 sampled_tiles=2 wall_ms=0.245094299316
METHOD_PROFILE graph=method_high_tail method=b64_fast layer=1 phase=tile_compute sampled_thread_ms=0.00214576721191 sampled_tiles=2 wall_ms=0.245094299316
METHOD_PROFILE graph=method_high_tail method=b64_fast layer=1 phase=tile_store sampled_thread_ms=0 sampled_tiles=2 wall_ms=0.245094299316
METHOD_PROFILE graph=method_high_tail method=b64_fast layer=1 phase=output_scatter sampled_thread_ms=0.00190734863281 sampled_tiles=2 wall_ms=0.245094299316
METHOD_PROFILE graph=method_high_tail method=b64_fast layer=1 phase=thread_amx_setup sampled_thread_ms=0 sampled_tiles=2 wall_ms=0.245094299316
METHOD_PROFILE graph=method_high_tail method=b64_fast layer=2 phase=output_zero sampled_thread_ms=0 sampled_tiles=2 wall_ms=0.243186950684
METHOD_PROFILE graph=method_high_tail method=b64_fast layer=2 phase=row_schedule sampled_thread_ms=0 sampled_tiles=2 wall_ms=0.243186950684
METHOD_PROFILE graph=method_high_tail method=b64_fast layer=2 phase=partial_zero sampled_thread_ms=0.00214576721191 sampled_tiles=2 wall_ms=0.243186950684
METHOD_PROFILE graph=method_high_tail method=b64_fast layer=2 phase=csr_prefetch sampled_thread_ms=0.0388622283936 sampled_tiles=2 wall_ms=0.243186950684
METHOD_PROFILE graph=method_high_tail method=b64_fast layer=2 phase=feature_gather_decode sampled_thread_ms=0.0512599945068 sampled_tiles=2 wall_ms=0.243186950684
METHOD_PROFILE graph=method_high_tail method=b64_fast layer=2 phase=fp32_neighbor_reduction sampled_thread_ms=0.0364780426025 sampled_tiles=2 wall_ms=0.243186950684
METHOD_PROFILE graph=method_high_tail method=b64_fast layer=2 phase=partial_bf16_conversion sampled_thread_ms=0.000953674316406 sampled_tiles=2 wall_ms=0.243186950684
METHOD_PROFILE graph=method_high_tail method=b64_fast layer=2 phase=tile_load sampled_thread_ms=0.00762939453125 sampled_tiles=2 wall_ms=0.243186950684
METHOD_PROFILE graph=method_high_tail method=b64_fast layer=2 phase=tile_compute sampled_thread_ms=0.00524520874023 sampled_tiles=2 wall_ms=0.243186950684
METHOD_PROFILE graph=method_high_tail method=b64_fast layer=2 phase=tile_store sampled_thread_ms=0 sampled_tiles=2 wall_ms=0.243186950684
METHOD_PROFILE graph=method_high_tail method=b64_fast layer=2 phase=output_scatter sampled_thread_ms=0 sampled_tiles=2 wall_ms=0.243186950684
METHOD_PROFILE graph=method_high_tail method=b64_fast layer=2 phase=thread_amx_setup sampled_thread_ms=0 sampled_tiles=2 wall_ms=0.243186950684
METHOD_STAGE graph=method_high_tail method=b64_accurate repeat=0 layer1_ms=0.0300407409668 relu_ms=0.00286102294922 interlayer_conversion_ms=0.00214576721191 layer2_ms=0.0259876251221 total_ms=0.06103515625
METHOD_STAGE graph=method_high_tail method=b64_accurate repeat=1 layer1_ms=0.0259876251221 relu_ms=0.00309944152832 interlayer_conversion_ms=0.000953674316406 layer2_ms=0.0259876251221 total_ms=0.0560283660889
METHOD_STAGE graph=method_high_tail method=b64_accurate repeat=2 layer1_ms=0.0240802764893 relu_ms=0.00309944152832 interlayer_conversion_ms=0.00190734863281 layer2_ms=0.0250339508057 total_ms=0.0541210174561
METHOD_PROFILE graph=method_high_tail method=b64_accurate layer=1 phase=output_zero sampled_thread_ms=0 sampled_tiles=2 wall_ms=0.256061553955
METHOD_PROFILE graph=method_high_tail method=b64_accurate layer=1 phase=row_schedule sampled_thread_ms=0 sampled_tiles=2 wall_ms=0.256061553955
METHOD_PROFILE graph=method_high_tail method=b64_accurate layer=1 phase=partial_zero sampled_thread_ms=0 sampled_tiles=2 wall_ms=0.256061553955
METHOD_PROFILE graph=method_high_tail method=b64_accurate layer=1 phase=csr_prefetch sampled_thread_ms=0.0355243682861 sampled_tiles=2 wall_ms=0.256061553955
METHOD_PROFILE graph=method_high_tail method=b64_accurate layer=1 phase=feature_gather_decode sampled_thread_ms=0.0467300415039 sampled_tiles=2 wall_ms=0.256061553955
METHOD_PROFILE graph=method_high_tail method=b64_accurate layer=1 phase=fp32_neighbor_reduction sampled_thread_ms=0.0369548797607 sampled_tiles=2 wall_ms=0.256061553955
METHOD_PROFILE graph=method_high_tail method=b64_accurate layer=1 phase=partial_bf16_conversion sampled_thread_ms=0.00405311584473 sampled_tiles=2 wall_ms=0.256061553955
METHOD_PROFILE graph=method_high_tail method=b64_accurate layer=1 phase=tile_load sampled_thread_ms=0.00810623168945 sampled_tiles=2 wall_ms=0.256061553955
METHOD_PROFILE graph=method_high_tail method=b64_accurate layer=1 phase=tile_compute sampled_thread_ms=0.0119209289551 sampled_tiles=2 wall_ms=0.256061553955
METHOD_PROFILE graph=method_high_tail method=b64_accurate layer=1 phase=tile_store sampled_thread_ms=0 sampled_tiles=2 wall_ms=0.256061553955
METHOD_PROFILE graph=method_high_tail method=b64_accurate layer=1 phase=output_scatter sampled_thread_ms=0.000953674316406 sampled_tiles=2 wall_ms=0.256061553955
METHOD_PROFILE graph=method_high_tail method=b64_accurate layer=1 phase=thread_amx_setup sampled_thread_ms=0.00357627868652 sampled_tiles=2 wall_ms=0.256061553955
METHOD_PROFILE graph=method_high_tail method=b64_accurate layer=2 phase=output_zero sampled_thread_ms=0 sampled_tiles=2 wall_ms=0.25200843811
METHOD_PROFILE graph=method_high_tail method=b64_accurate layer=2 phase=row_schedule sampled_thread_ms=0.00119209289551 sampled_tiles=2 wall_ms=0.25200843811
METHOD_PROFILE graph=method_high_tail method=b64_accurate layer=2 phase=partial_zero sampled_thread_ms=0.000953674316406 sampled_tiles=2 wall_ms=0.25200843811
METHOD_PROFILE graph=method_high_tail method=b64_accurate layer=2 phase=csr_prefetch sampled_thread_ms=0.0379085540771 sampled_tiles=2 wall_ms=0.25200843811
METHOD_PROFILE graph=method_high_tail method=b64_accurate layer=2 phase=feature_gather_decode sampled_thread_ms=0.0405311584473 sampled_tiles=2 wall_ms=0.25200843811
METHOD_PROFILE graph=method_high_tail method=b64_accurate layer=2 phase=fp32_neighbor_reduction sampled_thread_ms=0.0369548797607 sampled_tiles=2 wall_ms=0.25200843811
METHOD_PROFILE graph=method_high_tail method=b64_accurate layer=2 phase=partial_bf16_conversion sampled_thread_ms=0 sampled_tiles=2 wall_ms=0.25200843811
METHOD_PROFILE graph=method_high_tail method=b64_accurate layer=2 phase=tile_load sampled_thread_ms=0.00834465026855 sampled_tiles=2 wall_ms=0.25200843811
METHOD_PROFILE graph=method_high_tail method=b64_accurate layer=2 phase=tile_compute sampled_thread_ms=0.00667572021484 sampled_tiles=2 wall_ms=0.25200843811
METHOD_PROFILE graph=method_high_tail method=b64_accurate layer=2 phase=tile_store sampled_thread_ms=0.000953674316406 sampled_tiles=2 wall_ms=0.25200843811
METHOD_PROFILE graph=method_high_tail method=b64_accurate layer=2 phase=output_scatter sampled_thread_ms=0 sampled_tiles=2 wall_ms=0.25200843811
METHOD_PROFILE graph=method_high_tail method=b64_accurate layer=2 phase=thread_amx_setup sampled_thread_ms=0 sampled_tiles=2 wall_ms=0.25200843811
METHOD_STAGE graph=method_high_tail method=bfull_fast repeat=0 layer1_ms=0.0271797180176 relu_ms=0.00286102294922 interlayer_conversion_ms=0.00214576721191 layer2_ms=0.0219345092773 total_ms=0.0541210174561
METHOD_STAGE graph=method_high_tail method=bfull_fast repeat=1 layer1_ms=0.0221729278564 relu_ms=0.00286102294922 interlayer_conversion_ms=0.00214576721191 layer2_ms=0.0228881835938 total_ms=0.0500679016113
METHOD_STAGE graph=method_high_tail method=bfull_fast repeat=2 layer1_ms=0.0231266021729 relu_ms=0.00286102294922 interlayer_conversion_ms=0.00309944152832 layer2_ms=0.0219345092773 total_ms=0.0510215759277
METHOD_PROFILE graph=method_high_tail method=bfull_fast layer=1 phase=output_zero sampled_thread_ms=0 sampled_tiles=2 wall_ms=0.236988067627
METHOD_PROFILE graph=method_high_tail method=bfull_fast layer=1 phase=row_schedule sampled_thread_ms=0 sampled_tiles=2 wall_ms=0.236988067627
METHOD_PROFILE graph=method_high_tail method=bfull_fast layer=1 phase=partial_zero sampled_thread_ms=0 sampled_tiles=2 wall_ms=0.236988067627
METHOD_PROFILE graph=method_high_tail method=bfull_fast layer=1 phase=csr_prefetch sampled_thread_ms=0.0400543212891 sampled_tiles=2 wall_ms=0.236988067627
METHOD_PROFILE graph=method_high_tail method=bfull_fast layer=1 phase=feature_gather_decode sampled_thread_ms=0.0388622283936 sampled_tiles=2 wall_ms=0.236988067627
METHOD_PROFILE graph=method_high_tail method=bfull_fast layer=1 phase=fp32_neighbor_reduction sampled_thread_ms=0.0326633453369 sampled_tiles=2 wall_ms=0.236988067627
METHOD_PROFILE graph=method_high_tail method=bfull_fast layer=1 phase=partial_bf16_conversion sampled_thread_ms=0.000953674316406 sampled_tiles=2 wall_ms=0.236988067627
METHOD_PROFILE graph=method_high_tail method=bfull_fast layer=1 phase=tile_load sampled_thread_ms=0.00524520874023 sampled_tiles=2 wall_ms=0.236988067627
METHOD_PROFILE graph=method_high_tail method=bfull_fast layer=1 phase=tile_compute sampled_thread_ms=0.00190734863281 sampled_tiles=2 wall_ms=0.236988067627
METHOD_PROFILE graph=method_high_tail method=bfull_fast layer=1 phase=tile_store sampled_thread_ms=0 sampled_tiles=2 wall_ms=0.236988067627
METHOD_PROFILE graph=method_high_tail method=bfull_fast layer=1 phase=output_scatter sampled_thread_ms=0.000953674316406 sampled_tiles=2 wall_ms=0.236988067627
METHOD_PROFILE graph=method_high_tail method=bfull_fast layer=1 phase=thread_amx_setup sampled_thread_ms=0.00286102294922 sampled_tiles=2 wall_ms=0.236988067627
METHOD_PROFILE graph=method_high_tail method=bfull_fast layer=2 phase=output_zero sampled_thread_ms=0 sampled_tiles=2 wall_ms=0.236034393311
METHOD_PROFILE graph=method_high_tail method=bfull_fast layer=2 phase=row_schedule sampled_thread_ms=0 sampled_tiles=2 wall_ms=0.236034393311
METHOD_PROFILE graph=method_high_tail method=bfull_fast layer=2 phase=partial_zero sampled_thread_ms=0.000953674316406 sampled_tiles=2 wall_ms=0.236034393311
METHOD_PROFILE graph=method_high_tail method=bfull_fast layer=2 phase=csr_prefetch sampled_thread_ms=0.0417232513428 sampled_tiles=2 wall_ms=0.236034393311
METHOD_PROFILE graph=method_high_tail method=bfull_fast layer=2 phase=feature_gather_decode sampled_thread_ms=0.0443458557129 sampled_tiles=2 wall_ms=0.236034393311
METHOD_PROFILE graph=method_high_tail method=bfull_fast layer=2 phase=fp32_neighbor_reduction sampled_thread_ms=0.0360012054443 sampled_tiles=2 wall_ms=0.236034393311
METHOD_PROFILE graph=method_high_tail method=bfull_fast layer=2 phase=partial_bf16_conversion sampled_thread_ms=0 sampled_tiles=2 wall_ms=0.236034393311
METHOD_PROFILE graph=method_high_tail method=bfull_fast layer=2 phase=tile_load sampled_thread_ms=0.00381469726562 sampled_tiles=2 wall_ms=0.236034393311
METHOD_PROFILE graph=method_high_tail method=bfull_fast layer=2 phase=tile_compute sampled_thread_ms=0.00214576721191 sampled_tiles=2 wall_ms=0.236034393311
METHOD_PROFILE graph=method_high_tail method=bfull_fast layer=2 phase=tile_store sampled_thread_ms=0 sampled_tiles=2 wall_ms=0.236034393311
METHOD_PROFILE graph=method_high_tail method=bfull_fast layer=2 phase=output_scatter sampled_thread_ms=0.00214576721191 sampled_tiles=2 wall_ms=0.236034393311
METHOD_PROFILE graph=method_high_tail method=bfull_fast layer=2 phase=thread_amx_setup sampled_thread_ms=0.000953674316406 sampled_tiles=2 wall_ms=0.236034393311
METHOD_STAGE graph=method_high_tail method=bfull_accurate repeat=0 layer1_ms=0.0250339508057 relu_ms=0.00286102294922 interlayer_conversion_ms=0.00214576721191 layer2_ms=0.0300407409668 total_ms=0.0600814819336
METHOD_STAGE graph=method_high_tail method=bfull_accurate repeat=1 layer1_ms=0.0238418579102 relu_ms=0.00309944152832 interlayer_conversion_ms=0.00190734863281 layer2_ms=0.0240802764893 total_ms=0.0529289245605
METHOD_STAGE graph=method_high_tail method=bfull_accurate repeat=2 layer1_ms=0.0240802764893 relu_ms=0.00309944152832 interlayer_conversion_ms=0.00190734863281 layer2_ms=0.0250339508057 total_ms=0.0541210174561
METHOD_PROFILE graph=method_high_tail method=bfull_accurate layer=1 phase=output_zero sampled_thread_ms=0 sampled_tiles=2 wall_ms=0.239133834839
METHOD_PROFILE graph=method_high_tail method=bfull_accurate layer=1 phase=row_schedule sampled_thread_ms=0 sampled_tiles=2 wall_ms=0.239133834839
METHOD_PROFILE graph=method_high_tail method=bfull_accurate layer=1 phase=partial_zero sampled_thread_ms=0 sampled_tiles=2 wall_ms=0.239133834839
METHOD_PROFILE graph=method_high_tail method=bfull_accurate layer=1 phase=csr_prefetch sampled_thread_ms=0.0407695770264 sampled_tiles=2 wall_ms=0.239133834839
METHOD_PROFILE graph=method_high_tail method=bfull_accurate layer=1 phase=feature_gather_decode sampled_thread_ms=0.0393390655518 sampled_tiles=2 wall_ms=0.239133834839
METHOD_PROFILE graph=method_high_tail method=bfull_accurate layer=1 phase=fp32_neighbor_reduction sampled_thread_ms=0.0367164611816 sampled_tiles=2 wall_ms=0.239133834839
METHOD_PROFILE graph=method_high_tail method=bfull_accurate layer=1 phase=partial_bf16_conversion sampled_thread_ms=0 sampled_tiles=2 wall_ms=0.239133834839
METHOD_PROFILE graph=method_high_tail method=bfull_accurate layer=1 phase=tile_load sampled_thread_ms=0.00500679016113 sampled_tiles=2 wall_ms=0.239133834839
METHOD_PROFILE graph=method_high_tail method=bfull_accurate layer=1 phase=tile_compute sampled_thread_ms=0.00381469726562 sampled_tiles=2 wall_ms=0.239133834839
METHOD_PROFILE graph=method_high_tail method=bfull_accurate layer=1 phase=tile_store sampled_thread_ms=0 sampled_tiles=2 wall_ms=0.239133834839
METHOD_PROFILE graph=method_high_tail method=bfull_accurate layer=1 phase=output_scatter sampled_thread_ms=0 sampled_tiles=2 wall_ms=0.239133834839
METHOD_PROFILE graph=method_high_tail method=bfull_accurate layer=1 phase=thread_amx_setup sampled_thread_ms=0 sampled_tiles=2 wall_ms=0.239133834839
METHOD_PROFILE graph=method_high_tail method=bfull_accurate layer=2 phase=output_zero sampled_thread_ms=0 sampled_tiles=2 wall_ms=0.23889541626
METHOD_PROFILE graph=method_high_tail method=bfull_accurate layer=2 phase=row_schedule sampled_thread_ms=0 sampled_tiles=2 wall_ms=0.23889541626
METHOD_PROFILE graph=method_high_tail method=bfull_accurate layer=2 phase=partial_zero sampled_thread_ms=0 sampled_tiles=2 wall_ms=0.23889541626
METHOD_PROFILE graph=method_high_tail method=bfull_accurate layer=2 phase=csr_prefetch sampled_thread_ms=0.0412464141846 sampled_tiles=2 wall_ms=0.23889541626
METHOD_PROFILE graph=method_high_tail method=bfull_accurate layer=2 phase=feature_gather_decode sampled_thread_ms=0.0474452972412 sampled_tiles=2 wall_ms=0.23889541626
METHOD_PROFILE graph=method_high_tail method=bfull_accurate layer=2 phase=fp32_neighbor_reduction sampled_thread_ms=0.0343322753906 sampled_tiles=2 wall_ms=0.23889541626
METHOD_PROFILE graph=method_high_tail method=bfull_accurate layer=2 phase=partial_bf16_conversion sampled_thread_ms=0 sampled_tiles=2 wall_ms=0.23889541626
METHOD_PROFILE graph=method_high_tail method=bfull_accurate layer=2 phase=tile_load sampled_thread_ms=0.00381469726562 sampled_tiles=2 wall_ms=0.23889541626
METHOD_PROFILE graph=method_high_tail method=bfull_accurate layer=2 phase=tile_compute sampled_thread_ms=0.00381469726562 sampled_tiles=2 wall_ms=0.23889541626
METHOD_PROFILE graph=method_high_tail method=bfull_accurate layer=2 phase=tile_store sampled_thread_ms=0 sampled_tiles=2 wall_ms=0.23889541626
METHOD_PROFILE graph=method_high_tail method=bfull_accurate layer=2 phase=output_scatter sampled_thread_ms=0 sampled_tiles=2 wall_ms=0.23889541626
METHOD_PROFILE graph=method_high_tail method=bfull_accurate layer=2 phase=thread_amx_setup sampled_thread_ms=0.00190734863281 sampled_tiles=2 wall_ms=0.23889541626
METHOD_COMPLETE graph=method_high_tail methods=15 checks=60 pass=1 max_rss_kib=37744
