GCN E2E Inference Benchmark (2-layer, K=128)
TFS V3 (BF16 AMX) vs MKL (FP32 two-step)
Threads: 32

Loading: /home/huangjianqiang_group/hdacp1/data/yx/TFS/data/wiki-Talk/wiki-Talk.csrbin
Matrix: wiki-Talk  N=2394385  NNZ=5021410  avg_deg=2.1

=== TFS V3 (BF16 AMX Fusion) ===
  run 0: 299.62 ms
  run 1: 294.71 ms
  run 2: 291.18 ms
  run 3: 292.68 ms
  run 4: 392.10 ms
  TFS V3 E2E BEST: 291.18 ms

=== MKL FP32 Two-Step ===
  run 0: 90.65 ms
  run 1: 90.72 ms
  run 2: 90.58 ms
  run 3: 90.60 ms
  run 4: 90.85 ms
  MKL E2E BEST: 90.58 ms

=== E2E Summary ===
  TFS V3:  291.18 ms
  MKL:     90.58 ms
  Speedup: 0.31×

=== Precision Analysis ===
Layer 1 (after ReLU):
  TFS_BF16 vs MKL_FP32: max_rel_err=0.002931  RMSE=2.215955e-02  max|diff|=2.683447e+01
Layer 2 (final output):
  TFS_BF16 vs MKL_FP32: max_rel_err=0.010017  RMSE=3.485952e+01  max|diff|=3.487925e+04

First 8 output values:
  TFS: 0.0000 0.0000 0.0000 0.0000 0.0000 0.0000 0.0000 0.0000 
  MKL: 0.0000 0.0000 0.0000 0.0000 0.0000 0.0000 0.0000 0.0000 
SOURCE_CONFIG graph=wiki-Talk N=2394385 E=5021410 D=128 F=128 R=64 TR=16 repeats=5 warmups=1 mkl_max_threads=32 mkl_dynamic=1 policy=default_no_numactl
SOURCE_INPUT graph=wiki-Talk H0=2629932142796742930 W1=7515093975424777444 W2=521590717466722379
SOURCE_CORRECT graph=wiki-Talk method=original_nozero boundary=kernel reference=source_original_tfs max_abs=0 mean_abs=0 relative_l2=0 normalized_max=0 pass=1
SOURCE_CORRECT graph=wiki-Talk method=original_nozero boundary=e2e reference=source_original_tfs max_abs=0 mean_abs=0 relative_l2=0 normalized_max=0 pass=1
SOURCE_CORRECT graph=wiki-Talk method=original_nozero boundary=e2e reference=source_mkl_fp32 max_abs=34879.25 mean_abs=1.45914553913 relative_l2=0.00919147692784 normalized_max=0.0100173541181 pass=1
SOURCE_CORRECT graph=wiki-Talk method=shared_b2_fast_nozero boundary=kernel reference=source_original_tfs max_abs=16.734375 mean_abs=0.000886728167699 relative_l2=0.00216251064455 normalized_max=0.00183232122251 pass=1
SOURCE_CORRECT graph=wiki-Talk method=shared_b2_fast_nozero boundary=e2e reference=source_original_tfs max_abs=10032 mean_abs=0.515238278807 relative_l2=0.00304782171779 normalized_max=0.002910354088 pass=1
SOURCE_CORRECT graph=wiki-Talk method=shared_b2_fast_nozero boundary=e2e reference=source_mkl_fp32 max_abs=44911.25 mean_abs=1.90681862829 relative_l2=0.0121242642016 normalized_max=0.0128985541586 pass=1
SOURCE_CORRECT graph=wiki-Talk method=shared_b2_accurate_nozero boundary=kernel reference=source_original_tfs max_abs=0.232421875 mean_abs=3.07082821474e-07 relative_l2=6.44557484353e-06 normalized_max=2.54489058681e-05 pass=1
SOURCE_CORRECT graph=wiki-Talk method=shared_b2_accurate_nozero boundary=e2e reference=source_original_tfs max_abs=59.5 mean_abs=0.00208472443871 relative_l2=1.61087853645e-05 normalized_max=1.72613704382e-05 pass=1
SOURCE_CORRECT graph=wiki-Talk method=shared_b2_accurate_nozero boundary=e2e reference=source_mkl_fp32 max_abs=34914.5 mean_abs=1.45909018704 relative_l2=0.00919163468853 normalized_max=0.0100274779519 pass=1
SOURCE_CORRECT graph=wiki-Talk method=shared_b4_fast_nozero boundary=kernel reference=source_original_tfs max_abs=22.564453125 mean_abs=0.00110192686179 relative_l2=0.00279912479534 normalized_max=0.00247068243273 pass=1
SOURCE_CORRECT graph=wiki-Talk method=shared_b4_fast_nozero boundary=e2e reference=source_original_tfs max_abs=15949.75 mean_abs=0.74553073951 relative_l2=0.00470968156468 normalized_max=0.00462713517894 pass=1
SOURCE_CORRECT graph=wiki-Talk method=shared_b4_fast_nozero boundary=e2e reference=source_mkl_fp32 max_abs=50829 mean_abs=2.14233059823 relative_l2=0.0137677041289 normalized_max=0.0145981376454 pass=1
SOURCE_CORRECT graph=wiki-Talk method=shared_b4_accurate_nozero boundary=kernel reference=source_original_tfs max_abs=0.21923828125 mean_abs=2.6571591528e-07 relative_l2=5.04712388049e-06 normalized_max=2.40053754933e-05 pass=1
SOURCE_CORRECT graph=wiki-Talk method=shared_b4_accurate_nozero boundary=e2e reference=source_original_tfs max_abs=41.75 mean_abs=0.00312743718775 relative_l2=2.99483263278e-05 normalized_max=1.21119700134e-05 pass=1
SOURCE_CORRECT graph=wiki-Talk method=shared_b4_accurate_nozero boundary=e2e reference=source_mkl_fp32 max_abs=34882.75 mean_abs=1.45883228731 relative_l2=0.00919011799714 normalized_max=0.0100183593214 pass=1
SOURCE_CORRECT graph=wiki-Talk method=shared_b8_fast_nozero boundary=kernel reference=source_original_tfs max_abs=23.4013671875 mean_abs=0.00116295810172 relative_l2=0.00299034612525 normalized_max=0.00256231987949 pass=1
SOURCE_CORRECT graph=wiki-Talk method=shared_b8_fast_nozero boundary=e2e reference=source_original_tfs max_abs=18290.25 mean_abs=0.820231904064 relative_l2=0.00530005194867 normalized_max=0.00530613076736 pass=1
SOURCE_CORRECT graph=wiki-Talk method=shared_b8_fast_nozero boundary=e2e reference=source_mkl_fp32 max_abs=53169.5 mean_abs=2.21802997008 relative_l2=0.0143553223193 normalized_max=0.0152703314945 pass=1
SOURCE_CORRECT graph=wiki-Talk method=shared_b8_accurate_nozero boundary=kernel reference=source_original_tfs max_abs=0.2119140625 mean_abs=2.9565231948e-07 relative_l2=4.77555748821e-06 normalized_max=2.32034141739e-05 pass=1
SOURCE_CORRECT graph=wiki-Talk method=shared_b8_accurate_nozero boundary=e2e reference=source_original_tfs max_abs=30 mean_abs=0.00158711421532 relative_l2=1.07128620214e-05 normalized_max=8.70321198566e-06 pass=1
SOURCE_CORRECT graph=wiki-Talk method=shared_b8_accurate_nozero boundary=e2e reference=source_mkl_fp32 max_abs=34880 mean_abs=1.45914055074 relative_l2=0.00919150010947 normalized_max=0.0100175695188 pass=1
SOURCE_CORRECT graph=wiki-Talk method=shared_b16_fast_nozero boundary=kernel reference=source_original_tfs max_abs=27.853515625 mean_abs=0.00119385266643 relative_l2=0.0031032854196 normalized_max=0.00304980543349 pass=1
SOURCE_CORRECT graph=wiki-Talk method=shared_b16_fast_nozero boundary=e2e reference=source_original_tfs max_abs=18976.25 mean_abs=0.856543335075 relative_l2=0.00555423453901 normalized_max=0.00550514421476 pass=1
SOURCE_CORRECT graph=wiki-Talk method=shared_b16_fast_nozero boundary=e2e reference=source_mkl_fp32 max_abs=53855.5 mean_abs=2.25416089481 relative_l2=0.01460192395 normalized_max=0.0154673513538 pass=1
SOURCE_CORRECT graph=wiki-Talk method=shared_b16_accurate_nozero boundary=kernel reference=source_original_tfs max_abs=0.2294921875 mean_abs=5.61625527227e-07 relative_l2=5.02151463109e-06 normalized_max=2.51281213404e-05 pass=1
SOURCE_CORRECT graph=wiki-Talk method=shared_b16_accurate_nozero boundary=e2e reference=source_original_tfs max_abs=24.25 mean_abs=0.00191568246746 relative_l2=1.10801079999e-05 normalized_max=7.03509635507e-06 pass=1
SOURCE_CORRECT graph=wiki-Talk method=shared_b16_accurate_nozero boundary=e2e reference=source_mkl_fp32 max_abs=34877.25 mean_abs=1.45941785446 relative_l2=0.00919331550707 normalized_max=0.0100167797161 pass=1
SOURCE_CORRECT graph=wiki-Talk method=shared_b32_fast_nozero boundary=kernel reference=source_original_tfs max_abs=24.9794921875 mean_abs=0.00119768975637 relative_l2=0.00311021412945 normalized_max=0.00273511581177 pass=1
SOURCE_CORRECT graph=wiki-Talk method=shared_b32_fast_nozero boundary=e2e reference=source_original_tfs max_abs=19212.75 mean_abs=0.861207401208 relative_l2=0.00558931142173 normalized_max=0.00557375453591 pass=1
SOURCE_CORRECT graph=wiki-Talk method=shared_b32_fast_nozero boundary=e2e reference=source_mkl_fp32 max_abs=54092 mean_abs=2.25705645798 relative_l2=0.0146289732845 normalized_max=0.015535274381 pass=1
SOURCE_CORRECT graph=wiki-Talk method=shared_b32_accurate_nozero boundary=kernel reference=source_original_tfs max_abs=0.1513671875 mean_abs=9.4633311767e-07 relative_l2=5.32691213115e-06 normalized_max=1.65738672671e-05 pass=1
SOURCE_CORRECT graph=wiki-Talk method=shared_b32_accurate_nozero boundary=e2e reference=source_original_tfs max_abs=37.75 mean_abs=0.00263218911359 relative_l2=1.45256073265e-05 normalized_max=1.09515417486e-05 pass=1
SOURCE_CORRECT graph=wiki-Talk method=shared_b32_accurate_nozero boundary=e2e reference=source_mkl_fp32 max_abs=34891.75 mean_abs=1.45963918466 relative_l2=0.00919539078963 normalized_max=0.0100209441301 pass=1
SOURCE_CORRECT graph=wiki-Talk method=shared_b64_fast_nozero boundary=kernel reference=source_original_tfs max_abs=27.34765625 mean_abs=0.00120377999327 relative_l2=0.00316130538823 normalized_max=0.00299441663837 pass=1
SOURCE_CORRECT graph=wiki-Talk method=shared_b64_fast_nozero boundary=e2e reference=source_original_tfs max_abs=19292.75 mean_abs=0.875339903864 relative_l2=0.00566961976983 normalized_max=0.00559696310121 pass=1
SOURCE_CORRECT graph=wiki-Talk method=shared_b64_fast_nozero boundary=e2e reference=source_mkl_fp32 max_abs=54172 mean_abs=2.26810853879 relative_l2=0.0146942191519 normalized_max=0.0155582504579 pass=1
SOURCE_CORRECT graph=wiki-Talk method=shared_b64_accurate_nozero boundary=kernel reference=source_original_tfs max_abs=0.1865234375 mean_abs=1.34126616382e-06 relative_l2=6.68509496663e-06 normalized_max=2.04232816001e-05 pass=1
SOURCE_CORRECT graph=wiki-Talk method=shared_b64_accurate_nozero boundary=e2e reference=source_original_tfs max_abs=40.25 mean_abs=0.00328524751346 relative_l2=1.63431801996e-05 normalized_max=1.16768094141e-05 pass=1
SOURCE_CORRECT graph=wiki-Talk method=shared_b64_accurate_nozero boundary=e2e reference=source_mkl_fp32 max_abs=34911.75 mean_abs=1.45996656335 relative_l2=0.00919844154973 normalized_max=0.0100266881493 pass=1
SOURCE_CORRECT graph=wiki-Talk method=shared_bfull_fast_nozero boundary=kernel reference=source_original_tfs max_abs=37.0361328125 mean_abs=0.00121145641839 relative_l2=0.00327674697925 normalized_max=0.00405525107163 pass=1
SOURCE_CORRECT graph=wiki-Talk method=shared_bfull_fast_nozero boundary=e2e reference=source_original_tfs max_abs=18391.5 mean_abs=0.88873566301 relative_l2=0.00584344591256 normalized_max=0.00533550410781 pass=1
SOURCE_CORRECT graph=wiki-Talk method=shared_bfull_fast_nozero boundary=e2e reference=source_mkl_fp32 max_abs=53270.75 mean_abs=2.27344494825 relative_l2=0.0147532489781 normalized_max=0.0152994105918 pass=1
SOURCE_CORRECT graph=wiki-Talk method=shared_bfull_accurate_nozero boundary=kernel reference=source_original_tfs max_abs=0.25 mean_abs=1.88037043185e-06 relative_l2=9.918371186e-06 normalized_max=2.73736130346e-05 pass=1
SOURCE_CORRECT graph=wiki-Talk method=shared_bfull_accurate_nozero boundary=e2e reference=source_original_tfs max_abs=58 mean_abs=0.00744060388727 relative_l2=3.89447444718e-05 normalized_max=1.68262098389e-05 pass=1
SOURCE_CORRECT graph=wiki-Talk method=shared_bfull_accurate_nozero boundary=e2e reference=source_mkl_fp32 max_abs=34935.25 mean_abs=1.46110696428 relative_l2=0.00920470965827 normalized_max=0.0100334373719 pass=1
SOURCE_TIME graph=wiki-Talk method=source_mkl_fp32 kind=kernel repeat=0 ms=49.0231513977
SOURCE_TIME graph=wiki-Talk method=source_mkl_fp32 kind=kernel repeat=1 ms=49.2930412292
SOURCE_TIME graph=wiki-Talk method=source_mkl_fp32 kind=kernel repeat=2 ms=49.2050647736
SOURCE_TIME graph=wiki-Talk method=source_mkl_fp32 kind=kernel repeat=3 ms=49.0689277649
SOURCE_TIME graph=wiki-Talk method=source_mkl_fp32 kind=kernel repeat=4 ms=49.1919517517
SOURCE_TIME graph=wiki-Talk method=source_original_tfs kind=kernel repeat=0 ms=200.790882111
SOURCE_TIME graph=wiki-Talk method=source_original_tfs kind=kernel repeat=1 ms=207.432031631
SOURCE_TIME graph=wiki-Talk method=source_original_tfs kind=kernel repeat=2 ms=206.036090851
SOURCE_TIME graph=wiki-Talk method=source_original_tfs kind=kernel repeat=3 ms=205.319166183
SOURCE_TIME graph=wiki-Talk method=source_original_tfs kind=kernel repeat=4 ms=206.056833267
SOURCE_TIME graph=wiki-Talk method=original_nozero kind=kernel repeat=0 ms=130.306005478
SOURCE_TIME graph=wiki-Talk method=original_nozero kind=kernel repeat=1 ms=129.865169525
SOURCE_TIME graph=wiki-Talk method=original_nozero kind=kernel repeat=2 ms=126.955986023
SOURCE_TIME graph=wiki-Talk method=original_nozero kind=kernel repeat=3 ms=126.361131668
SOURCE_TIME graph=wiki-Talk method=original_nozero kind=kernel repeat=4 ms=127.017021179
SOURCE_TIME graph=wiki-Talk method=original_nozero kind=e2e repeat=0 ms=215.355873108
SOURCE_TIME graph=wiki-Talk method=original_nozero kind=e2e repeat=1 ms=213.984966278
SOURCE_TIME graph=wiki-Talk method=original_nozero kind=e2e repeat=2 ms=216.377019882
SOURCE_TIME graph=wiki-Talk method=original_nozero kind=e2e repeat=3 ms=217.365980148
SOURCE_TIME graph=wiki-Talk method=original_nozero kind=e2e repeat=4 ms=214.345932007
SOURCE_STAGE graph=wiki-Talk method=original_nozero repeat=0 layer1_ms=129.800081253 relu_ms=21.7328071594 conversion_ms=16.2191390991 layer2_ms=51.962852478 total_ms=219.71487999
SOURCE_STAGE graph=wiki-Talk method=original_nozero repeat=1 layer1_ms=128.638029099 relu_ms=21.7428207397 conversion_ms=16.0031318665 layer2_ms=51.3620376587 total_ms=217.746019363
SOURCE_STAGE graph=wiki-Talk method=original_nozero repeat=2 layer1_ms=128.124952316 relu_ms=21.8660831451 conversion_ms=16.0658359528 layer2_ms=53.0030727386 total_ms=219.059944153
SOURCE_TIME graph=wiki-Talk method=shared_b2_fast_nozero kind=kernel repeat=0 ms=154.639959335
SOURCE_TIME graph=wiki-Talk method=shared_b2_fast_nozero kind=kernel repeat=1 ms=153.232812881
SOURCE_TIME graph=wiki-Talk method=shared_b2_fast_nozero kind=kernel repeat=2 ms=149.981021881
SOURCE_TIME graph=wiki-Talk method=shared_b2_fast_nozero kind=kernel repeat=3 ms=153.453826904
SOURCE_TIME graph=wiki-Talk method=shared_b2_fast_nozero kind=kernel repeat=4 ms=151.499032974
SOURCE_TIME graph=wiki-Talk method=shared_b2_fast_nozero kind=e2e repeat=0 ms=269.343137741
SOURCE_TIME graph=wiki-Talk method=shared_b2_fast_nozero kind=e2e repeat=1 ms=268.169879913
SOURCE_TIME graph=wiki-Talk method=shared_b2_fast_nozero kind=e2e repeat=2 ms=267.156839371
SOURCE_TIME graph=wiki-Talk method=shared_b2_fast_nozero kind=e2e repeat=3 ms=270.287036896
SOURCE_TIME graph=wiki-Talk method=shared_b2_fast_nozero kind=e2e repeat=4 ms=278.100013733
SOURCE_STAGE graph=wiki-Talk method=shared_b2_fast_nozero repeat=0 layer1_ms=155.352115631 relu_ms=22.8750705719 conversion_ms=16.2708759308 layer2_ms=76.0109424591 total_ms=270.509004593
SOURCE_STAGE graph=wiki-Talk method=shared_b2_fast_nozero repeat=1 layer1_ms=157.910108566 relu_ms=22.6819515228 conversion_ms=16.1781311035 layer2_ms=72.7169513702 total_ms=269.487142563
SOURCE_STAGE graph=wiki-Talk method=shared_b2_fast_nozero repeat=2 layer1_ms=154.232025146 relu_ms=22.6550102234 conversion_ms=16.1139965057 layer2_ms=74.1169452667 total_ms=267.117977142
SOURCE_PROFILE graph=wiki-Talk method=shared_b2_fast_nozero phase=output_zero sampled_thread_ms=0 sampled_tiles=586 profile_wall_ms=281.010150909
SOURCE_PROFILE graph=wiki-Talk method=shared_b2_fast_nozero phase=row_schedule sampled_thread_ms=0.289916992188 sampled_tiles=586 profile_wall_ms=281.010150909
SOURCE_PROFILE graph=wiki-Talk method=shared_b2_fast_nozero phase=partial_zero sampled_thread_ms=7.41624832153 sampled_tiles=586 profile_wall_ms=281.010150909
SOURCE_PROFILE graph=wiki-Talk method=shared_b2_fast_nozero phase=csr_prefetch sampled_thread_ms=3.30996513367 sampled_tiles=586 profile_wall_ms=281.010150909
SOURCE_PROFILE graph=wiki-Talk method=shared_b2_fast_nozero phase=feature_gather_decode sampled_thread_ms=10.4339122772 sampled_tiles=586 profile_wall_ms=281.010150909
SOURCE_PROFILE graph=wiki-Talk method=shared_b2_fast_nozero phase=fp32_neighbor_reduction sampled_thread_ms=4.68230247498 sampled_tiles=586 profile_wall_ms=281.010150909
SOURCE_PROFILE graph=wiki-Talk method=shared_b2_fast_nozero phase=partial_bf16_conversion sampled_thread_ms=6.92844390869 sampled_tiles=586 profile_wall_ms=281.010150909
SOURCE_PROFILE graph=wiki-Talk method=shared_b2_fast_nozero phase=tile_load sampled_thread_ms=31.0916900635 sampled_tiles=586 profile_wall_ms=281.010150909
SOURCE_PROFILE graph=wiki-Talk method=shared_b2_fast_nozero phase=tile_compute sampled_thread_ms=36.6313457489 sampled_tiles=586 profile_wall_ms=281.010150909
SOURCE_PROFILE graph=wiki-Talk method=shared_b2_fast_nozero phase=tile_store sampled_thread_ms=5.07831573486 sampled_tiles=586 profile_wall_ms=281.010150909
SOURCE_PROFILE graph=wiki-Talk method=shared_b2_fast_nozero phase=output_scatter sampled_thread_ms=0.375270843506 sampled_tiles=586 profile_wall_ms=281.010150909
SOURCE_PROFILE graph=wiki-Talk method=shared_b2_fast_nozero phase=thread_amx_setup sampled_thread_ms=0.0295639038086 sampled_tiles=586 profile_wall_ms=281.010150909
SOURCE_TIME graph=wiki-Talk method=shared_b2_accurate_nozero kind=kernel repeat=0 ms=183.640003204
SOURCE_TIME graph=wiki-Talk method=shared_b2_accurate_nozero kind=kernel repeat=1 ms=186.383008957
SOURCE_TIME graph=wiki-Talk method=shared_b2_accurate_nozero kind=kernel repeat=2 ms=183.847904205
SOURCE_TIME graph=wiki-Talk method=shared_b2_accurate_nozero kind=kernel repeat=3 ms=180.36699295
SOURCE_TIME graph=wiki-Talk method=shared_b2_accurate_nozero kind=kernel repeat=4 ms=184.414148331
SOURCE_TIME graph=wiki-Talk method=shared_b2_accurate_nozero kind=e2e repeat=0 ms=330.701112747
SOURCE_TIME graph=wiki-Talk method=shared_b2_accurate_nozero kind=e2e repeat=1 ms=331.007003784
SOURCE_TIME graph=wiki-Talk method=shared_b2_accurate_nozero kind=e2e repeat=2 ms=324.579000473
SOURCE_TIME graph=wiki-Talk method=shared_b2_accurate_nozero kind=e2e repeat=3 ms=336.000919342
SOURCE_TIME graph=wiki-Talk method=shared_b2_accurate_nozero kind=e2e repeat=4 ms=327.801942825
SOURCE_STAGE graph=wiki-Talk method=shared_b2_accurate_nozero repeat=0 layer1_ms=183.296918869 relu_ms=22.5479602814 conversion_ms=16.284942627 layer2_ms=107.050180435 total_ms=329.180002213
SOURCE_STAGE graph=wiki-Talk method=shared_b2_accurate_nozero repeat=1 layer1_ms=185.400009155 relu_ms=22.4859714508 conversion_ms=16.1099433899 layer2_ms=107.342004776 total_ms=331.337928772
SOURCE_STAGE graph=wiki-Talk method=shared_b2_accurate_nozero repeat=2 layer1_ms=189.013004303 relu_ms=22.8080749512 conversion_ms=16.2889957428 layer2_ms=107.959985733 total_ms=336.07006073
SOURCE_PROFILE graph=wiki-Talk method=shared_b2_accurate_nozero phase=output_zero sampled_thread_ms=0 sampled_tiles=586 profile_wall_ms=381.469964981
SOURCE_PROFILE graph=wiki-Talk method=shared_b2_accurate_nozero phase=row_schedule sampled_thread_ms=0.292778015137 sampled_tiles=586 profile_wall_ms=381.469964981
SOURCE_PROFILE graph=wiki-Talk method=shared_b2_accurate_nozero phase=partial_zero sampled_thread_ms=8.11958312988 sampled_tiles=586 profile_wall_ms=381.469964981
SOURCE_PROFILE graph=wiki-Talk method=shared_b2_accurate_nozero phase=csr_prefetch sampled_thread_ms=3.25226783752 sampled_tiles=586 profile_wall_ms=381.469964981
SOURCE_PROFILE graph=wiki-Talk method=shared_b2_accurate_nozero phase=feature_gather_decode sampled_thread_ms=10.2643966675 sampled_tiles=586 profile_wall_ms=381.469964981
SOURCE_PROFILE graph=wiki-Talk method=shared_b2_accurate_nozero phase=fp32_neighbor_reduction sampled_thread_ms=4.75907325745 sampled_tiles=586 profile_wall_ms=381.469964981
SOURCE_PROFILE graph=wiki-Talk method=shared_b2_accurate_nozero phase=partial_bf16_conversion sampled_thread_ms=12.531042099 sampled_tiles=586 profile_wall_ms=381.469964981
SOURCE_PROFILE graph=wiki-Talk method=shared_b2_accurate_nozero phase=tile_load sampled_thread_ms=57.4486255646 sampled_tiles=586 profile_wall_ms=381.469964981
SOURCE_PROFILE graph=wiki-Talk method=shared_b2_accurate_nozero phase=tile_compute sampled_thread_ms=59.3912601471 sampled_tiles=586 profile_wall_ms=381.469964981
SOURCE_PROFILE graph=wiki-Talk method=shared_b2_accurate_nozero phase=tile_store sampled_thread_ms=3.98302078247 sampled_tiles=586 profile_wall_ms=381.469964981
SOURCE_PROFILE graph=wiki-Talk method=shared_b2_accurate_nozero phase=output_scatter sampled_thread_ms=0.382661819458 sampled_tiles=586 profile_wall_ms=381.469964981
SOURCE_PROFILE graph=wiki-Talk method=shared_b2_accurate_nozero phase=thread_amx_setup sampled_thread_ms=0.0209808349609 sampled_tiles=586 profile_wall_ms=381.469964981
SOURCE_TIME graph=wiki-Talk method=shared_b4_fast_nozero kind=kernel repeat=0 ms=127.142906189
SOURCE_TIME graph=wiki-Talk method=shared_b4_fast_nozero kind=kernel repeat=1 ms=123.443841934
SOURCE_TIME graph=wiki-Talk method=shared_b4_fast_nozero kind=kernel repeat=2 ms=125.047922134
SOURCE_TIME graph=wiki-Talk method=shared_b4_fast_nozero kind=kernel repeat=3 ms=124.947071075
SOURCE_TIME graph=wiki-Talk method=shared_b4_fast_nozero kind=kernel repeat=4 ms=122.763156891
SOURCE_TIME graph=wiki-Talk method=shared_b4_fast_nozero kind=e2e repeat=0 ms=213.627099991
SOURCE_TIME graph=wiki-Talk method=shared_b4_fast_nozero kind=e2e repeat=1 ms=213.108062744
SOURCE_TIME graph=wiki-Talk method=shared_b4_fast_nozero kind=e2e repeat=2 ms=212.769985199
SOURCE_TIME graph=wiki-Talk method=shared_b4_fast_nozero kind=e2e repeat=3 ms=214.699983597
SOURCE_TIME graph=wiki-Talk method=shared_b4_fast_nozero kind=e2e repeat=4 ms=213.371992111
SOURCE_STAGE graph=wiki-Talk method=shared_b4_fast_nozero repeat=0 layer1_ms=124.836921692 relu_ms=22.5431919098 conversion_ms=16.1509513855 layer2_ms=48.7740039825 total_ms=212.30506897
SOURCE_STAGE graph=wiki-Talk method=shared_b4_fast_nozero repeat=1 layer1_ms=125.106096268 relu_ms=22.7417945862 conversion_ms=16.1621570587 layer2_ms=47.5099086761 total_ms=211.519956589
SOURCE_STAGE graph=wiki-Talk method=shared_b4_fast_nozero repeat=2 layer1_ms=124.550104141 relu_ms=22.8719711304 conversion_ms=16.2010192871 layer2_ms=46.9460487366 total_ms=210.569143295
SOURCE_PROFILE graph=wiki-Talk method=shared_b4_fast_nozero phase=output_zero sampled_thread_ms=0 sampled_tiles=586 profile_wall_ms=191.967010498
SOURCE_PROFILE graph=wiki-Talk method=shared_b4_fast_nozero phase=row_schedule sampled_thread_ms=0.305414199829 sampled_tiles=586 profile_wall_ms=191.967010498
SOURCE_PROFILE graph=wiki-Talk method=shared_b4_fast_nozero phase=partial_zero sampled_thread_ms=3.58462333679 sampled_tiles=586 profile_wall_ms=191.967010498
SOURCE_PROFILE graph=wiki-Talk method=shared_b4_fast_nozero phase=csr_prefetch sampled_thread_ms=3.24463844299 sampled_tiles=586 profile_wall_ms=191.967010498
SOURCE_PROFILE graph=wiki-Talk method=shared_b4_fast_nozero phase=feature_gather_decode sampled_thread_ms=7.00330734253 sampled_tiles=586 profile_wall_ms=191.967010498
SOURCE_PROFILE graph=wiki-Talk method=shared_b4_fast_nozero phase=fp32_neighbor_reduction sampled_thread_ms=3.91912460327 sampled_tiles=586 profile_wall_ms=191.967010498
SOURCE_PROFILE graph=wiki-Talk method=shared_b4_fast_nozero phase=partial_bf16_conversion sampled_thread_ms=3.49712371826 sampled_tiles=586 profile_wall_ms=191.967010498
SOURCE_PROFILE graph=wiki-Talk method=shared_b4_fast_nozero phase=tile_load sampled_thread_ms=15.8815383911 sampled_tiles=586 profile_wall_ms=191.967010498
SOURCE_PROFILE graph=wiki-Talk method=shared_b4_fast_nozero phase=tile_compute sampled_thread_ms=18.4953212738 sampled_tiles=586 profile_wall_ms=191.967010498
SOURCE_PROFILE graph=wiki-Talk method=shared_b4_fast_nozero phase=tile_store sampled_thread_ms=2.54678726196 sampled_tiles=586 profile_wall_ms=191.967010498
SOURCE_PROFILE graph=wiki-Talk method=shared_b4_fast_nozero phase=output_scatter sampled_thread_ms=0.404596328735 sampled_tiles=586 profile_wall_ms=191.967010498
SOURCE_PROFILE graph=wiki-Talk method=shared_b4_fast_nozero phase=thread_amx_setup sampled_thread_ms=0.018835067749 sampled_tiles=586 profile_wall_ms=191.967010498
SOURCE_TIME graph=wiki-Talk method=shared_b4_accurate_nozero kind=kernel repeat=0 ms=140.069961548
SOURCE_TIME graph=wiki-Talk method=shared_b4_accurate_nozero kind=kernel repeat=1 ms=139.766931534
SOURCE_TIME graph=wiki-Talk method=shared_b4_accurate_nozero kind=kernel repeat=2 ms=138.247966766
SOURCE_TIME graph=wiki-Talk method=shared_b4_accurate_nozero kind=kernel repeat=3 ms=141.433000565
SOURCE_TIME graph=wiki-Talk method=shared_b4_accurate_nozero kind=kernel repeat=4 ms=141.612052917
SOURCE_TIME graph=wiki-Talk method=shared_b4_accurate_nozero kind=e2e repeat=0 ms=237.384080887
SOURCE_TIME graph=wiki-Talk method=shared_b4_accurate_nozero kind=e2e repeat=1 ms=243.11709404
SOURCE_TIME graph=wiki-Talk method=shared_b4_accurate_nozero kind=e2e repeat=2 ms=241.169929504
SOURCE_TIME graph=wiki-Talk method=shared_b4_accurate_nozero kind=e2e repeat=3 ms=242.764949799
SOURCE_TIME graph=wiki-Talk method=shared_b4_accurate_nozero kind=e2e repeat=4 ms=234.534025192
SOURCE_STAGE graph=wiki-Talk method=shared_b4_accurate_nozero repeat=0 layer1_ms=137.855052948 relu_ms=22.5999355316 conversion_ms=16.2980556488 layer2_ms=61.4788532257 total_ms=238.231897354
SOURCE_STAGE graph=wiki-Talk method=shared_b4_accurate_nozero repeat=1 layer1_ms=141.4539814 relu_ms=22.6538181305 conversion_ms=16.1190032959 layer2_ms=61.8271827698 total_ms=242.053985596
SOURCE_STAGE graph=wiki-Talk method=shared_b4_accurate_nozero repeat=2 layer1_ms=140.380859375 relu_ms=22.6590633392 conversion_ms=16.2708759308 layer2_ms=63.4031295776 total_ms=242.713928223
SOURCE_PROFILE graph=wiki-Talk method=shared_b4_accurate_nozero phase=output_zero sampled_thread_ms=0 sampled_tiles=586 profile_wall_ms=250.001907349
SOURCE_PROFILE graph=wiki-Talk method=shared_b4_accurate_nozero phase=row_schedule sampled_thread_ms=0.279188156128 sampled_tiles=586 profile_wall_ms=250.001907349
SOURCE_PROFILE graph=wiki-Talk method=shared_b4_accurate_nozero phase=partial_zero sampled_thread_ms=3.88550758362 sampled_tiles=586 profile_wall_ms=250.001907349
SOURCE_PROFILE graph=wiki-Talk method=shared_b4_accurate_nozero phase=csr_prefetch sampled_thread_ms=3.34429740906 sampled_tiles=586 profile_wall_ms=250.001907349
SOURCE_PROFILE graph=wiki-Talk method=shared_b4_accurate_nozero phase=feature_gather_decode sampled_thread_ms=7.76314735413 sampled_tiles=586 profile_wall_ms=250.001907349
SOURCE_PROFILE graph=wiki-Talk method=shared_b4_accurate_nozero phase=fp32_neighbor_reduction sampled_thread_ms=3.7853717804 sampled_tiles=586 profile_wall_ms=250.001907349
SOURCE_PROFILE graph=wiki-Talk method=shared_b4_accurate_nozero phase=partial_bf16_conversion sampled_thread_ms=6.36959075928 sampled_tiles=586 profile_wall_ms=250.001907349
SOURCE_PROFILE graph=wiki-Talk method=shared_b4_accurate_nozero phase=tile_load sampled_thread_ms=29.2458534241 sampled_tiles=586 profile_wall_ms=250.001907349
SOURCE_PROFILE graph=wiki-Talk method=shared_b4_accurate_nozero phase=tile_compute sampled_thread_ms=29.3984413147 sampled_tiles=586 profile_wall_ms=250.001907349
SOURCE_PROFILE graph=wiki-Talk method=shared_b4_accurate_nozero phase=tile_store sampled_thread_ms=2.08473205566 sampled_tiles=586 profile_wall_ms=250.001907349
SOURCE_PROFILE graph=wiki-Talk method=shared_b4_accurate_nozero phase=output_scatter sampled_thread_ms=0.397920608521 sampled_tiles=586 profile_wall_ms=250.001907349
SOURCE_PROFILE graph=wiki-Talk method=shared_b4_accurate_nozero phase=thread_amx_setup sampled_thread_ms=0.0200271606445 sampled_tiles=586 profile_wall_ms=250.001907349
SOURCE_TIME graph=wiki-Talk method=shared_b8_fast_nozero kind=kernel repeat=0 ms=109.52091217
SOURCE_TIME graph=wiki-Talk method=shared_b8_fast_nozero kind=kernel repeat=1 ms=111.533880234
SOURCE_TIME graph=wiki-Talk method=shared_b8_fast_nozero kind=kernel repeat=2 ms=110.916852951
SOURCE_TIME graph=wiki-Talk method=shared_b8_fast_nozero kind=kernel repeat=3 ms=108.504056931
SOURCE_TIME graph=wiki-Talk method=shared_b8_fast_nozero kind=kernel repeat=4 ms=110.770940781
SOURCE_TIME graph=wiki-Talk method=shared_b8_fast_nozero kind=e2e repeat=0 ms=177.37197876
SOURCE_TIME graph=wiki-Talk method=shared_b8_fast_nozero kind=e2e repeat=1 ms=183.377981186
SOURCE_TIME graph=wiki-Talk method=shared_b8_fast_nozero kind=e2e repeat=2 ms=185.078859329
SOURCE_TIME graph=wiki-Talk method=shared_b8_fast_nozero kind=e2e repeat=3 ms=181.992053986
SOURCE_TIME graph=wiki-Talk method=shared_b8_fast_nozero kind=e2e repeat=4 ms=185.722827911
SOURCE_STAGE graph=wiki-Talk method=shared_b8_fast_nozero repeat=0 layer1_ms=110.066890717 relu_ms=22.8810310364 conversion_ms=15.946149826 layer2_ms=35.8908176422 total_ms=184.784889221
SOURCE_STAGE graph=wiki-Talk method=shared_b8_fast_nozero repeat=1 layer1_ms=111.227989197 relu_ms=22.5939750671 conversion_ms=16.205072403 layer2_ms=31.9998264313 total_ms=182.026863098
SOURCE_STAGE graph=wiki-Talk method=shared_b8_fast_nozero repeat=2 layer1_ms=111.186981201 relu_ms=22.6690769196 conversion_ms=16.1900520325 layer2_ms=33.2119464874 total_ms=183.258056641
SOURCE_PROFILE graph=wiki-Talk method=shared_b8_fast_nozero phase=output_zero sampled_thread_ms=0 sampled_tiles=586 profile_wall_ms=153.851985931
SOURCE_PROFILE graph=wiki-Talk method=shared_b8_fast_nozero phase=row_schedule sampled_thread_ms=0.277280807495 sampled_tiles=586 profile_wall_ms=153.851985931
SOURCE_PROFILE graph=wiki-Talk method=shared_b8_fast_nozero phase=partial_zero sampled_thread_ms=1.9428730011 sampled_tiles=586 profile_wall_ms=153.851985931
SOURCE_PROFILE graph=wiki-Talk method=shared_b8_fast_nozero phase=csr_prefetch sampled_thread_ms=3.28731536865 sampled_tiles=586 profile_wall_ms=153.851985931
SOURCE_PROFILE graph=wiki-Talk method=shared_b8_fast_nozero phase=feature_gather_decode sampled_thread_ms=6.25443458557 sampled_tiles=586 profile_wall_ms=153.851985931
SOURCE_PROFILE graph=wiki-Talk method=shared_b8_fast_nozero phase=fp32_neighbor_reduction sampled_thread_ms=3.42178344727 sampled_tiles=586 profile_wall_ms=153.851985931
SOURCE_PROFILE graph=wiki-Talk method=shared_b8_fast_nozero phase=partial_bf16_conversion sampled_thread_ms=1.72328948975 sampled_tiles=586 profile_wall_ms=153.851985931
SOURCE_PROFILE graph=wiki-Talk method=shared_b8_fast_nozero phase=tile_load sampled_thread_ms=8.31174850464 sampled_tiles=586 profile_wall_ms=153.851985931
SOURCE_PROFILE graph=wiki-Talk method=shared_b8_fast_nozero phase=tile_compute sampled_thread_ms=9.06276702881 sampled_tiles=586 profile_wall_ms=153.851985931
SOURCE_PROFILE graph=wiki-Talk method=shared_b8_fast_nozero phase=tile_store sampled_thread_ms=1.27029418945 sampled_tiles=586 profile_wall_ms=153.851985931
SOURCE_PROFILE graph=wiki-Talk method=shared_b8_fast_nozero phase=output_scatter sampled_thread_ms=0.470876693726 sampled_tiles=586 profile_wall_ms=153.851985931
SOURCE_PROFILE graph=wiki-Talk method=shared_b8_fast_nozero phase=thread_amx_setup sampled_thread_ms=0.0209808349609 sampled_tiles=586 profile_wall_ms=153.851985931
SOURCE_TIME graph=wiki-Talk method=shared_b8_accurate_nozero kind=kernel repeat=0 ms=113.126039505
SOURCE_TIME graph=wiki-Talk method=shared_b8_accurate_nozero kind=kernel repeat=1 ms=116.046905518
SOURCE_TIME graph=wiki-Talk method=shared_b8_accurate_nozero kind=kernel repeat=2 ms=118.173122406
SOURCE_TIME graph=wiki-Talk method=shared_b8_accurate_nozero kind=kernel repeat=3 ms=116.183042526
SOURCE_TIME graph=wiki-Talk method=shared_b8_accurate_nozero kind=kernel repeat=4 ms=116.931915283
SOURCE_TIME graph=wiki-Talk method=shared_b8_accurate_nozero kind=e2e repeat=0 ms=198.64988327
SOURCE_TIME graph=wiki-Talk method=shared_b8_accurate_nozero kind=e2e repeat=1 ms=197.923183441
SOURCE_TIME graph=wiki-Talk method=shared_b8_accurate_nozero kind=e2e repeat=2 ms=197.655916214
SOURCE_TIME graph=wiki-Talk method=shared_b8_accurate_nozero kind=e2e repeat=3 ms=196.34604454
SOURCE_TIME graph=wiki-Talk method=shared_b8_accurate_nozero kind=e2e repeat=4 ms=197.110176086
SOURCE_STAGE graph=wiki-Talk method=shared_b8_accurate_nozero repeat=0 layer1_ms=120.265960693 relu_ms=22.2818851471 conversion_ms=16.2839889526 layer2_ms=39.7169589996 total_ms=198.548793793
SOURCE_STAGE graph=wiki-Talk method=shared_b8_accurate_nozero repeat=1 layer1_ms=112.556934357 relu_ms=22.6099491119 conversion_ms=16.2649154663 layer2_ms=39.9889945984 total_ms=191.420793533
SOURCE_STAGE graph=wiki-Talk method=shared_b8_accurate_nozero repeat=2 layer1_ms=115.896224976 relu_ms=22.4559307098 conversion_ms=16.303062439 layer2_ms=39.6499633789 total_ms=194.305181503
SOURCE_PROFILE graph=wiki-Talk method=shared_b8_accurate_nozero phase=output_zero sampled_thread_ms=0 sampled_tiles=586 profile_wall_ms=180.568933487
SOURCE_PROFILE graph=wiki-Talk method=shared_b8_accurate_nozero phase=row_schedule sampled_thread_ms=0.291347503662 sampled_tiles=586 profile_wall_ms=180.568933487
SOURCE_PROFILE graph=wiki-Talk method=shared_b8_accurate_nozero phase=partial_zero sampled_thread_ms=2.00295448303 sampled_tiles=586 profile_wall_ms=180.568933487
SOURCE_PROFILE graph=wiki-Talk method=shared_b8_accurate_nozero phase=csr_prefetch sampled_thread_ms=3.23510169983 sampled_tiles=586 profile_wall_ms=180.568933487
SOURCE_PROFILE graph=wiki-Talk method=shared_b8_accurate_nozero phase=feature_gather_decode sampled_thread_ms=5.96904754639 sampled_tiles=586 profile_wall_ms=180.568933487
SOURCE_PROFILE graph=wiki-Talk method=shared_b8_accurate_nozero phase=fp32_neighbor_reduction sampled_thread_ms=3.48806381226 sampled_tiles=586 profile_wall_ms=180.568933487
SOURCE_PROFILE graph=wiki-Talk method=shared_b8_accurate_nozero phase=partial_bf16_conversion sampled_thread_ms=3.1259059906 sampled_tiles=586 profile_wall_ms=180.568933487
SOURCE_PROFILE graph=wiki-Talk method=shared_b8_accurate_nozero phase=tile_load sampled_thread_ms=14.8296356201 sampled_tiles=586 profile_wall_ms=180.568933487
SOURCE_PROFILE graph=wiki-Talk method=shared_b8_accurate_nozero phase=tile_compute sampled_thread_ms=15.2502059937 sampled_tiles=586 profile_wall_ms=180.568933487
SOURCE_PROFILE graph=wiki-Talk method=shared_b8_accurate_nozero phase=tile_store sampled_thread_ms=1.04069709778 sampled_tiles=586 profile_wall_ms=180.568933487
SOURCE_PROFILE graph=wiki-Talk method=shared_b8_accurate_nozero phase=output_scatter sampled_thread_ms=0.373363494873 sampled_tiles=586 profile_wall_ms=180.568933487
SOURCE_PROFILE graph=wiki-Talk method=shared_b8_accurate_nozero phase=thread_amx_setup sampled_thread_ms=0.02121925354 sampled_tiles=586 profile_wall_ms=180.568933487
SOURCE_TIME graph=wiki-Talk method=shared_b16_fast_nozero kind=kernel repeat=0 ms=101.212024689
SOURCE_TIME graph=wiki-Talk method=shared_b16_fast_nozero kind=kernel repeat=1 ms=104.329109192
SOURCE_TIME graph=wiki-Talk method=shared_b16_fast_nozero kind=kernel repeat=2 ms=101.843833923
SOURCE_TIME graph=wiki-Talk method=shared_b16_fast_nozero kind=kernel repeat=3 ms=103.986024857
SOURCE_TIME graph=wiki-Talk method=shared_b16_fast_nozero kind=kernel repeat=4 ms=100.906133652
SOURCE_TIME graph=wiki-Talk method=shared_b16_fast_nozero kind=e2e repeat=0 ms=166.158914566
SOURCE_TIME graph=wiki-Talk method=shared_b16_fast_nozero kind=e2e repeat=1 ms=170.082092285
SOURCE_TIME graph=wiki-Talk method=shared_b16_fast_nozero kind=e2e repeat=2 ms=163.563013077
SOURCE_TIME graph=wiki-Talk method=shared_b16_fast_nozero kind=e2e repeat=3 ms=166.584968567
SOURCE_TIME graph=wiki-Talk method=shared_b16_fast_nozero kind=e2e repeat=4 ms=170.271158218
SOURCE_STAGE graph=wiki-Talk method=shared_b16_fast_nozero repeat=0 layer1_ms=103.941917419 relu_ms=22.4981307983 conversion_ms=16.2758827209 layer2_ms=24.640083313 total_ms=167.356014252
SOURCE_STAGE graph=wiki-Talk method=shared_b16_fast_nozero repeat=1 layer1_ms=102.472066879 relu_ms=23.2110023499 conversion_ms=16.2758827209 layer2_ms=25.7740020752 total_ms=167.732954025
SOURCE_STAGE graph=wiki-Talk method=shared_b16_fast_nozero repeat=2 layer1_ms=102.267026901 relu_ms=22.5360393524 conversion_ms=16.3168907166 layer2_ms=25.3510475159 total_ms=166.471004486
SOURCE_PROFILE graph=wiki-Talk method=shared_b16_fast_nozero phase=output_zero sampled_thread_ms=0 sampled_tiles=586 profile_wall_ms=130.681037903
SOURCE_PROFILE graph=wiki-Talk method=shared_b16_fast_nozero phase=row_schedule sampled_thread_ms=0.259160995483 sampled_tiles=586 profile_wall_ms=130.681037903
SOURCE_PROFILE graph=wiki-Talk method=shared_b16_fast_nozero phase=partial_zero sampled_thread_ms=0.916481018066 sampled_tiles=586 profile_wall_ms=130.681037903
SOURCE_PROFILE graph=wiki-Talk method=shared_b16_fast_nozero phase=csr_prefetch sampled_thread_ms=3.24606895447 sampled_tiles=586 profile_wall_ms=130.681037903
SOURCE_PROFILE graph=wiki-Talk method=shared_b16_fast_nozero phase=feature_gather_decode sampled_thread_ms=5.30791282654 sampled_tiles=586 profile_wall_ms=130.681037903
SOURCE_PROFILE graph=wiki-Talk method=shared_b16_fast_nozero phase=fp32_neighbor_reduction sampled_thread_ms=3.19600105286 sampled_tiles=586 profile_wall_ms=130.681037903
SOURCE_PROFILE graph=wiki-Talk method=shared_b16_fast_nozero phase=partial_bf16_conversion sampled_thread_ms=0.922679901123 sampled_tiles=586 profile_wall_ms=130.681037903
SOURCE_PROFILE graph=wiki-Talk method=shared_b16_fast_nozero phase=tile_load sampled_thread_ms=4.36735153198 sampled_tiles=586 profile_wall_ms=130.681037903
SOURCE_PROFILE graph=wiki-Talk method=shared_b16_fast_nozero phase=tile_compute sampled_thread_ms=4.87446784973 sampled_tiles=586 profile_wall_ms=130.681037903
SOURCE_PROFILE graph=wiki-Talk method=shared_b16_fast_nozero phase=tile_store sampled_thread_ms=0.653505325317 sampled_tiles=586 profile_wall_ms=130.681037903
SOURCE_PROFILE graph=wiki-Talk method=shared_b16_fast_nozero phase=output_scatter sampled_thread_ms=0.442504882812 sampled_tiles=586 profile_wall_ms=130.681037903
SOURCE_PROFILE graph=wiki-Talk method=shared_b16_fast_nozero phase=thread_amx_setup sampled_thread_ms=0.0209808349609 sampled_tiles=586 profile_wall_ms=130.681037903
SOURCE_TIME graph=wiki-Talk method=shared_b16_accurate_nozero kind=kernel repeat=0 ms=107.20205307
SOURCE_TIME graph=wiki-Talk method=shared_b16_accurate_nozero kind=kernel repeat=1 ms=107.133150101
SOURCE_TIME graph=wiki-Talk method=shared_b16_accurate_nozero kind=kernel repeat=2 ms=107.087135315
SOURCE_TIME graph=wiki-Talk method=shared_b16_accurate_nozero kind=kernel repeat=3 ms=103.453159332
SOURCE_TIME graph=wiki-Talk method=shared_b16_accurate_nozero kind=kernel repeat=4 ms=105.279922485
SOURCE_TIME graph=wiki-Talk method=shared_b16_accurate_nozero kind=e2e repeat=0 ms=170.830965042
SOURCE_TIME graph=wiki-Talk method=shared_b16_accurate_nozero kind=e2e repeat=1 ms=174.898862839
SOURCE_TIME graph=wiki-Talk method=shared_b16_accurate_nozero kind=e2e repeat=2 ms=173.817157745
SOURCE_TIME graph=wiki-Talk method=shared_b16_accurate_nozero kind=e2e repeat=3 ms=171.029090881
SOURCE_TIME graph=wiki-Talk method=shared_b16_accurate_nozero kind=e2e repeat=4 ms=171.273946762
SOURCE_STAGE graph=wiki-Talk method=shared_b16_accurate_nozero repeat=0 layer1_ms=109.253168106 relu_ms=22.3209857941 conversion_ms=16.3450241089 layer2_ms=29.9828052521 total_ms=177.901983261
SOURCE_STAGE graph=wiki-Talk method=shared_b16_accurate_nozero repeat=1 layer1_ms=107.816934586 relu_ms=22.6130485535 conversion_ms=16.24584198 layer2_ms=29.3600559235 total_ms=176.035881042
SOURCE_STAGE graph=wiki-Talk method=shared_b16_accurate_nozero repeat=2 layer1_ms=106.295108795 relu_ms=22.7499008179 conversion_ms=16.3240432739 layer2_ms=29.7958850861 total_ms=175.164937973
SOURCE_PROFILE graph=wiki-Talk method=shared_b16_accurate_nozero phase=output_zero sampled_thread_ms=0 sampled_tiles=586 profile_wall_ms=144.560813904
SOURCE_PROFILE graph=wiki-Talk method=shared_b16_accurate_nozero phase=row_schedule sampled_thread_ms=0.224590301514 sampled_tiles=586 profile_wall_ms=144.560813904
SOURCE_PROFILE graph=wiki-Talk method=shared_b16_accurate_nozero phase=partial_zero sampled_thread_ms=1.01566314697 sampled_tiles=586 profile_wall_ms=144.560813904
SOURCE_PROFILE graph=wiki-Talk method=shared_b16_accurate_nozero phase=csr_prefetch sampled_thread_ms=3.20267677307 sampled_tiles=586 profile_wall_ms=144.560813904
SOURCE_PROFILE graph=wiki-Talk method=shared_b16_accurate_nozero phase=feature_gather_decode sampled_thread_ms=5.37204742432 sampled_tiles=586 profile_wall_ms=144.560813904
SOURCE_PROFILE graph=wiki-Talk method=shared_b16_accurate_nozero phase=fp32_neighbor_reduction sampled_thread_ms=3.24964523315 sampled_tiles=586 profile_wall_ms=144.560813904
SOURCE_PROFILE graph=wiki-Talk method=shared_b16_accurate_nozero phase=partial_bf16_conversion sampled_thread_ms=1.61671638489 sampled_tiles=586 profile_wall_ms=144.560813904
SOURCE_PROFILE graph=wiki-Talk method=shared_b16_accurate_nozero phase=tile_load sampled_thread_ms=7.68303871155 sampled_tiles=586 profile_wall_ms=144.560813904
SOURCE_PROFILE graph=wiki-Talk method=shared_b16_accurate_nozero phase=tile_compute sampled_thread_ms=7.54570960999 sampled_tiles=586 profile_wall_ms=144.560813904
SOURCE_PROFILE graph=wiki-Talk method=shared_b16_accurate_nozero phase=tile_store sampled_thread_ms=0.479459762573 sampled_tiles=586 profile_wall_ms=144.560813904
SOURCE_PROFILE graph=wiki-Talk method=shared_b16_accurate_nozero phase=output_scatter sampled_thread_ms=0.334978103638 sampled_tiles=586 profile_wall_ms=144.560813904
SOURCE_PROFILE graph=wiki-Talk method=shared_b16_accurate_nozero phase=thread_amx_setup sampled_thread_ms=0.02121925354 sampled_tiles=586 profile_wall_ms=144.560813904
SOURCE_TIME graph=wiki-Talk method=shared_b32_fast_nozero kind=kernel repeat=0 ms=102.212905884
SOURCE_TIME graph=wiki-Talk method=shared_b32_fast_nozero kind=kernel repeat=1 ms=100.428104401
SOURCE_TIME graph=wiki-Talk method=shared_b32_fast_nozero kind=kernel repeat=2 ms=98.6180305481
SOURCE_TIME graph=wiki-Talk method=shared_b32_fast_nozero kind=kernel repeat=3 ms=99.1611480713
SOURCE_TIME graph=wiki-Talk method=shared_b32_fast_nozero kind=kernel repeat=4 ms=98.8500118256
SOURCE_TIME graph=wiki-Talk method=shared_b32_fast_nozero kind=e2e repeat=0 ms=160.973072052
SOURCE_TIME graph=wiki-Talk method=shared_b32_fast_nozero kind=e2e repeat=1 ms=158.614873886
SOURCE_TIME graph=wiki-Talk method=shared_b32_fast_nozero kind=e2e repeat=2 ms=159.057855606
SOURCE_TIME graph=wiki-Talk method=shared_b32_fast_nozero kind=e2e repeat=3 ms=159.479856491
SOURCE_TIME graph=wiki-Talk method=shared_b32_fast_nozero kind=e2e repeat=4 ms=161.537885666
SOURCE_STAGE graph=wiki-Talk method=shared_b32_fast_nozero repeat=0 layer1_ms=100.144147873 relu_ms=22.3059654236 conversion_ms=16.1709785461 layer2_ms=23.6978530884 total_ms=162.318944931
SOURCE_STAGE graph=wiki-Talk method=shared_b32_fast_nozero repeat=1 layer1_ms=98.662853241 relu_ms=22.7451324463 conversion_ms=16.2608623505 layer2_ms=20.8640098572 total_ms=158.532857895
SOURCE_STAGE graph=wiki-Talk method=shared_b32_fast_nozero repeat=2 layer1_ms=97.7711677551 relu_ms=22.9108333588 conversion_ms=16.2620544434 layer2_ms=21.2979316711 total_ms=158.241987228
SOURCE_PROFILE graph=wiki-Talk method=shared_b32_fast_nozero phase=output_zero sampled_thread_ms=0 sampled_tiles=586 profile_wall_ms=118.615865707
SOURCE_PROFILE graph=wiki-Talk method=shared_b32_fast_nozero phase=row_schedule sampled_thread_ms=0.298738479614 sampled_tiles=586 profile_wall_ms=118.615865707
SOURCE_PROFILE graph=wiki-Talk method=shared_b32_fast_nozero phase=partial_zero sampled_thread_ms=0.504970550537 sampled_tiles=586 profile_wall_ms=118.615865707
SOURCE_PROFILE graph=wiki-Talk method=shared_b32_fast_nozero phase=csr_prefetch sampled_thread_ms=3.30090522766 sampled_tiles=586 profile_wall_ms=118.615865707
SOURCE_PROFILE graph=wiki-Talk method=shared_b32_fast_nozero phase=feature_gather_decode sampled_thread_ms=5.13124465942 sampled_tiles=586 profile_wall_ms=118.615865707
SOURCE_PROFILE graph=wiki-Talk method=shared_b32_fast_nozero phase=fp32_neighbor_reduction sampled_thread_ms=3.12066078186 sampled_tiles=586 profile_wall_ms=118.615865707
SOURCE_PROFILE graph=wiki-Talk method=shared_b32_fast_nozero phase=partial_bf16_conversion sampled_thread_ms=0.422716140747 sampled_tiles=586 profile_wall_ms=118.615865707
SOURCE_PROFILE graph=wiki-Talk method=shared_b32_fast_nozero phase=tile_load sampled_thread_ms=2.48837471008 sampled_tiles=586 profile_wall_ms=118.615865707
SOURCE_PROFILE graph=wiki-Talk method=shared_b32_fast_nozero phase=tile_compute sampled_thread_ms=2.57778167725 sampled_tiles=586 profile_wall_ms=118.615865707
SOURCE_PROFILE graph=wiki-Talk method=shared_b32_fast_nozero phase=tile_store sampled_thread_ms=0.326633453369 sampled_tiles=586 profile_wall_ms=118.615865707
SOURCE_PROFILE graph=wiki-Talk method=shared_b32_fast_nozero phase=output_scatter sampled_thread_ms=0.394821166992 sampled_tiles=586 profile_wall_ms=118.615865707
SOURCE_PROFILE graph=wiki-Talk method=shared_b32_fast_nozero phase=thread_amx_setup sampled_thread_ms=0.0228881835938 sampled_tiles=586 profile_wall_ms=118.615865707
SOURCE_TIME graph=wiki-Talk method=shared_b32_accurate_nozero kind=kernel repeat=0 ms=102.471113205
SOURCE_TIME graph=wiki-Talk method=shared_b32_accurate_nozero kind=kernel repeat=1 ms=103.209018707
SOURCE_TIME graph=wiki-Talk method=shared_b32_accurate_nozero kind=kernel repeat=2 ms=100.968122482
SOURCE_TIME graph=wiki-Talk method=shared_b32_accurate_nozero kind=kernel repeat=3 ms=99.6859073639
SOURCE_TIME graph=wiki-Talk method=shared_b32_accurate_nozero kind=kernel repeat=4 ms=100.409030914
SOURCE_TIME graph=wiki-Talk method=shared_b32_accurate_nozero kind=e2e repeat=0 ms=163.827896118
SOURCE_TIME graph=wiki-Talk method=shared_b32_accurate_nozero kind=e2e repeat=1 ms=156.461000443
SOURCE_TIME graph=wiki-Talk method=shared_b32_accurate_nozero kind=e2e repeat=2 ms=162.575006485
SOURCE_TIME graph=wiki-Talk method=shared_b32_accurate_nozero kind=e2e repeat=3 ms=166.406869888
SOURCE_TIME graph=wiki-Talk method=shared_b32_accurate_nozero kind=e2e repeat=4 ms=162.824869156
SOURCE_STAGE graph=wiki-Talk method=shared_b32_accurate_nozero repeat=0 layer1_ms=96.0800647736 relu_ms=22.4759578705 conversion_ms=16.1330699921 layer2_ms=23.1218338013 total_ms=157.810926437
SOURCE_STAGE graph=wiki-Talk method=shared_b32_accurate_nozero repeat=1 layer1_ms=101.81593895 relu_ms=22.4120616913 conversion_ms=16.2150859833 layer2_ms=23.0720043182 total_ms=163.515090942
SOURCE_STAGE graph=wiki-Talk method=shared_b32_accurate_nozero repeat=2 layer1_ms=100.919961929 relu_ms=22.6740837097 conversion_ms=16.2558555603 layer2_ms=23.8890647888 total_ms=163.738965988
SOURCE_PROFILE graph=wiki-Talk method=shared_b32_accurate_nozero phase=output_zero sampled_thread_ms=0 sampled_tiles=586 profile_wall_ms=129.267930984
SOURCE_PROFILE graph=wiki-Talk method=shared_b32_accurate_nozero phase=row_schedule sampled_thread_ms=0.282049179077 sampled_tiles=586 profile_wall_ms=129.267930984
SOURCE_PROFILE graph=wiki-Talk method=shared_b32_accurate_nozero phase=partial_zero sampled_thread_ms=0.505208969116 sampled_tiles=586 profile_wall_ms=129.267930984
SOURCE_PROFILE graph=wiki-Talk method=shared_b32_accurate_nozero phase=csr_prefetch sampled_thread_ms=3.25989723206 sampled_tiles=586 profile_wall_ms=129.267930984
SOURCE_PROFILE graph=wiki-Talk method=shared_b32_accurate_nozero phase=feature_gather_decode sampled_thread_ms=4.95743751526 sampled_tiles=586 profile_wall_ms=129.267930984
SOURCE_PROFILE graph=wiki-Talk method=shared_b32_accurate_nozero phase=fp32_neighbor_reduction sampled_thread_ms=3.16739082336 sampled_tiles=586 profile_wall_ms=129.267930984
SOURCE_PROFILE graph=wiki-Talk method=shared_b32_accurate_nozero phase=partial_bf16_conversion sampled_thread_ms=0.786781311035 sampled_tiles=586 profile_wall_ms=129.267930984
SOURCE_PROFILE graph=wiki-Talk method=shared_b32_accurate_nozero phase=tile_load sampled_thread_ms=4.22739982605 sampled_tiles=586 profile_wall_ms=129.267930984
SOURCE_PROFILE graph=wiki-Talk method=shared_b32_accurate_nozero phase=tile_compute sampled_thread_ms=4.16421890259 sampled_tiles=586 profile_wall_ms=129.267930984
SOURCE_PROFILE graph=wiki-Talk method=shared_b32_accurate_nozero phase=tile_store sampled_thread_ms=0.268220901489 sampled_tiles=586 profile_wall_ms=129.267930984
SOURCE_PROFILE graph=wiki-Talk method=shared_b32_accurate_nozero phase=output_scatter sampled_thread_ms=0.389337539673 sampled_tiles=586 profile_wall_ms=129.267930984
SOURCE_PROFILE graph=wiki-Talk method=shared_b32_accurate_nozero phase=thread_amx_setup sampled_thread_ms=0.0247955322266 sampled_tiles=586 profile_wall_ms=129.267930984
SOURCE_TIME graph=wiki-Talk method=shared_b64_fast_nozero kind=kernel repeat=0 ms=99.6677875519
SOURCE_TIME graph=wiki-Talk method=shared_b64_fast_nozero kind=kernel repeat=1 ms=99.4219779968
SOURCE_TIME graph=wiki-Talk method=shared_b64_fast_nozero kind=kernel repeat=2 ms=97.2130298615
SOURCE_TIME graph=wiki-Talk method=shared_b64_fast_nozero kind=kernel repeat=3 ms=99.2569923401
SOURCE_TIME graph=wiki-Talk method=shared_b64_fast_nozero kind=kernel repeat=4 ms=95.4051017761
SOURCE_TIME graph=wiki-Talk method=shared_b64_fast_nozero kind=e2e repeat=0 ms=155.27510643
SOURCE_TIME graph=wiki-Talk method=shared_b64_fast_nozero kind=e2e repeat=1 ms=158.577919006
SOURCE_TIME graph=wiki-Talk method=shared_b64_fast_nozero kind=e2e repeat=2 ms=158.12087059
SOURCE_TIME graph=wiki-Talk method=shared_b64_fast_nozero kind=e2e repeat=3 ms=156.450986862
SOURCE_TIME graph=wiki-Talk method=shared_b64_fast_nozero kind=e2e repeat=4 ms=158.179998398
SOURCE_STAGE graph=wiki-Talk method=shared_b64_fast_nozero repeat=0 layer1_ms=99.2269515991 relu_ms=22.5031375885 conversion_ms=16.1769390106 layer2_ms=19.7689533234 total_ms=157.675981522
SOURCE_STAGE graph=wiki-Talk method=shared_b64_fast_nozero repeat=1 layer1_ms=98.3030796051 relu_ms=22.5870609283 conversion_ms=16.3168907166 layer2_ms=20.9081172943 total_ms=158.115148544
SOURCE_STAGE graph=wiki-Talk method=shared_b64_fast_nozero repeat=2 layer1_ms=99.3900299072 relu_ms=22.4227905273 conversion_ms=16.1921977997 layer2_ms=20.5318927765 total_ms=158.536911011
SOURCE_PROFILE graph=wiki-Talk method=shared_b64_fast_nozero phase=output_zero sampled_thread_ms=0 sampled_tiles=586 profile_wall_ms=112.924098969
SOURCE_PROFILE graph=wiki-Talk method=shared_b64_fast_nozero phase=row_schedule sampled_thread_ms=0.271797180176 sampled_tiles=586 profile_wall_ms=112.924098969
SOURCE_PROFILE graph=wiki-Talk method=shared_b64_fast_nozero phase=partial_zero sampled_thread_ms=0.254154205322 sampled_tiles=586 profile_wall_ms=112.924098969
SOURCE_PROFILE graph=wiki-Talk method=shared_b64_fast_nozero phase=csr_prefetch sampled_thread_ms=3.31783294678 sampled_tiles=586 profile_wall_ms=112.924098969
SOURCE_PROFILE graph=wiki-Talk method=shared_b64_fast_nozero phase=feature_gather_decode sampled_thread_ms=5.29026985168 sampled_tiles=586 profile_wall_ms=112.924098969
SOURCE_PROFILE graph=wiki-Talk method=shared_b64_fast_nozero phase=fp32_neighbor_reduction sampled_thread_ms=3.02791595459 sampled_tiles=586 profile_wall_ms=112.924098969
SOURCE_PROFILE graph=wiki-Talk method=shared_b64_fast_nozero phase=partial_bf16_conversion sampled_thread_ms=0.218391418457 sampled_tiles=586 profile_wall_ms=112.924098969
SOURCE_PROFILE graph=wiki-Talk method=shared_b64_fast_nozero phase=tile_load sampled_thread_ms=1.58858299255 sampled_tiles=586 profile_wall_ms=112.924098969
SOURCE_PROFILE graph=wiki-Talk method=shared_b64_fast_nozero phase=tile_compute sampled_thread_ms=1.25122070312 sampled_tiles=586 profile_wall_ms=112.924098969
SOURCE_PROFILE graph=wiki-Talk method=shared_b64_fast_nozero phase=tile_store sampled_thread_ms=0.155687332153 sampled_tiles=586 profile_wall_ms=112.924098969
SOURCE_PROFILE graph=wiki-Talk method=shared_b64_fast_nozero phase=output_scatter sampled_thread_ms=0.403642654419 sampled_tiles=586 profile_wall_ms=112.924098969
SOURCE_PROFILE graph=wiki-Talk method=shared_b64_fast_nozero phase=thread_amx_setup sampled_thread_ms=0.0243186950684 sampled_tiles=586 profile_wall_ms=112.924098969
SOURCE_TIME graph=wiki-Talk method=shared_b64_accurate_nozero kind=kernel repeat=0 ms=99.0521907806
SOURCE_TIME graph=wiki-Talk method=shared_b64_accurate_nozero kind=kernel repeat=1 ms=96.9498157501
SOURCE_TIME graph=wiki-Talk method=shared_b64_accurate_nozero kind=kernel repeat=2 ms=95.4260826111
SOURCE_TIME graph=wiki-Talk method=shared_b64_accurate_nozero kind=kernel repeat=3 ms=97.2230434418
SOURCE_TIME graph=wiki-Talk method=shared_b64_accurate_nozero kind=kernel repeat=4 ms=96.4579582214
SOURCE_TIME graph=wiki-Talk method=shared_b64_accurate_nozero kind=e2e repeat=0 ms=155.008077621
SOURCE_TIME graph=wiki-Talk method=shared_b64_accurate_nozero kind=e2e repeat=1 ms=158.52689743
SOURCE_TIME graph=wiki-Talk method=shared_b64_accurate_nozero kind=e2e repeat=2 ms=160.247087479
SOURCE_TIME graph=wiki-Talk method=shared_b64_accurate_nozero kind=e2e repeat=3 ms=159.960985184
SOURCE_TIME graph=wiki-Talk method=shared_b64_accurate_nozero kind=e2e repeat=4 ms=154.644012451
SOURCE_STAGE graph=wiki-Talk method=shared_b64_accurate_nozero repeat=0 layer1_ms=94.8920249939 relu_ms=22.3889350891 conversion_ms=16.1688327789 layer2_ms=22.5701332092 total_ms=156.019926071
SOURCE_STAGE graph=wiki-Talk method=shared_b64_accurate_nozero repeat=1 layer1_ms=98.3400344849 relu_ms=22.6938724518 conversion_ms=16.1321163177 layer2_ms=19.7939872742 total_ms=156.960010529
SOURCE_STAGE graph=wiki-Talk method=shared_b64_accurate_nozero repeat=2 layer1_ms=98.3519554138 relu_ms=22.7420330048 conversion_ms=16.1700248718 layer2_ms=22.3710536957 total_ms=159.635066986
SOURCE_PROFILE graph=wiki-Talk method=shared_b64_accurate_nozero phase=output_zero sampled_thread_ms=0 sampled_tiles=586 profile_wall_ms=118.41583252
SOURCE_PROFILE graph=wiki-Talk method=shared_b64_accurate_nozero phase=row_schedule sampled_thread_ms=0.247716903687 sampled_tiles=586 profile_wall_ms=118.41583252
SOURCE_PROFILE graph=wiki-Talk method=shared_b64_accurate_nozero phase=partial_zero sampled_thread_ms=0.23627281189 sampled_tiles=586 profile_wall_ms=118.41583252
SOURCE_PROFILE graph=wiki-Talk method=shared_b64_accurate_nozero phase=csr_prefetch sampled_thread_ms=3.23081016541 sampled_tiles=586 profile_wall_ms=118.41583252
SOURCE_PROFILE graph=wiki-Talk method=shared_b64_accurate_nozero phase=feature_gather_decode sampled_thread_ms=4.72235679626 sampled_tiles=586 profile_wall_ms=118.41583252
SOURCE_PROFILE graph=wiki-Talk method=shared_b64_accurate_nozero phase=fp32_neighbor_reduction sampled_thread_ms=3.14593315125 sampled_tiles=586 profile_wall_ms=118.41583252
SOURCE_PROFILE graph=wiki-Talk method=shared_b64_accurate_nozero phase=partial_bf16_conversion sampled_thread_ms=0.40602684021 sampled_tiles=586 profile_wall_ms=118.41583252
SOURCE_PROFILE graph=wiki-Talk method=shared_b64_accurate_nozero phase=tile_load sampled_thread_ms=2.28953361511 sampled_tiles=586 profile_wall_ms=118.41583252
SOURCE_PROFILE graph=wiki-Talk method=shared_b64_accurate_nozero phase=tile_compute sampled_thread_ms=2.09760665894 sampled_tiles=586 profile_wall_ms=118.41583252
SOURCE_PROFILE graph=wiki-Talk method=shared_b64_accurate_nozero phase=tile_store sampled_thread_ms=0.125408172607 sampled_tiles=586 profile_wall_ms=118.41583252
SOURCE_PROFILE graph=wiki-Talk method=shared_b64_accurate_nozero phase=output_scatter sampled_thread_ms=0.378131866455 sampled_tiles=586 profile_wall_ms=118.41583252
SOURCE_PROFILE graph=wiki-Talk method=shared_b64_accurate_nozero phase=thread_amx_setup sampled_thread_ms=0.0145435333252 sampled_tiles=586 profile_wall_ms=118.41583252
SOURCE_TIME graph=wiki-Talk method=shared_bfull_fast_nozero kind=kernel repeat=0 ms=96.2009429932
SOURCE_TIME graph=wiki-Talk method=shared_bfull_fast_nozero kind=kernel repeat=1 ms=96.6491699219
SOURCE_TIME graph=wiki-Talk method=shared_bfull_fast_nozero kind=kernel repeat=2 ms=97.0709323883
SOURCE_TIME graph=wiki-Talk method=shared_bfull_fast_nozero kind=kernel repeat=3 ms=97.5439548492
SOURCE_TIME graph=wiki-Talk method=shared_bfull_fast_nozero kind=kernel repeat=4 ms=93.7960147858
SOURCE_TIME graph=wiki-Talk method=shared_bfull_fast_nozero kind=e2e repeat=0 ms=153.465032578
SOURCE_TIME graph=wiki-Talk method=shared_bfull_fast_nozero kind=e2e repeat=1 ms=156.015872955
SOURCE_TIME graph=wiki-Talk method=shared_bfull_fast_nozero kind=e2e repeat=2 ms=154.662132263
SOURCE_TIME graph=wiki-Talk method=shared_bfull_fast_nozero kind=e2e repeat=3 ms=151.173114777
SOURCE_TIME graph=wiki-Talk method=shared_bfull_fast_nozero kind=e2e repeat=4 ms=155.794143677
SOURCE_STAGE graph=wiki-Talk method=shared_bfull_fast_nozero repeat=0 layer1_ms=96.2111949921 relu_ms=22.5069522858 conversion_ms=16.2539482117 layer2_ms=19.5081233978 total_ms=154.480218887
SOURCE_STAGE graph=wiki-Talk method=shared_bfull_fast_nozero repeat=1 layer1_ms=95.1130390167 relu_ms=22.617816925 conversion_ms=16.2711143494 layer2_ms=19.9799537659 total_ms=153.981924057
SOURCE_STAGE graph=wiki-Talk method=shared_bfull_fast_nozero repeat=2 layer1_ms=97.1200466156 relu_ms=22.4509239197 conversion_ms=16.2990093231 layer2_ms=20.6460952759 total_ms=156.516075134
SOURCE_PROFILE graph=wiki-Talk method=shared_bfull_fast_nozero phase=output_zero sampled_thread_ms=0 sampled_tiles=586 profile_wall_ms=109.164953232
SOURCE_PROFILE graph=wiki-Talk method=shared_bfull_fast_nozero phase=row_schedule sampled_thread_ms=0.287294387817 sampled_tiles=586 profile_wall_ms=109.164953232
SOURCE_PROFILE graph=wiki-Talk method=shared_bfull_fast_nozero phase=partial_zero sampled_thread_ms=0.0348091125488 sampled_tiles=586 profile_wall_ms=109.164953232
SOURCE_PROFILE graph=wiki-Talk method=shared_bfull_fast_nozero phase=csr_prefetch sampled_thread_ms=3.014087677 sampled_tiles=586 profile_wall_ms=109.164953232
SOURCE_PROFILE graph=wiki-Talk method=shared_bfull_fast_nozero phase=feature_gather_decode sampled_thread_ms=4.88424301147 sampled_tiles=586 profile_wall_ms=109.164953232
SOURCE_PROFILE graph=wiki-Talk method=shared_bfull_fast_nozero phase=fp32_neighbor_reduction sampled_thread_ms=2.89297103882 sampled_tiles=586 profile_wall_ms=109.164953232
SOURCE_PROFILE graph=wiki-Talk method=shared_bfull_fast_nozero phase=partial_bf16_conversion sampled_thread_ms=0.0317096710205 sampled_tiles=586 profile_wall_ms=109.164953232
SOURCE_PROFILE graph=wiki-Talk method=shared_bfull_fast_nozero phase=tile_load sampled_thread_ms=0.406265258789 sampled_tiles=586 profile_wall_ms=109.164953232
SOURCE_PROFILE graph=wiki-Talk method=shared_bfull_fast_nozero phase=tile_compute sampled_thread_ms=0.108003616333 sampled_tiles=586 profile_wall_ms=109.164953232
SOURCE_PROFILE graph=wiki-Talk method=shared_bfull_fast_nozero phase=tile_store sampled_thread_ms=0.000953674316406 sampled_tiles=586 profile_wall_ms=109.164953232
SOURCE_PROFILE graph=wiki-Talk method=shared_bfull_fast_nozero phase=output_scatter sampled_thread_ms=0.433206558228 sampled_tiles=586 profile_wall_ms=109.164953232
SOURCE_PROFILE graph=wiki-Talk method=shared_bfull_fast_nozero phase=thread_amx_setup sampled_thread_ms=0.0238418579102 sampled_tiles=586 profile_wall_ms=109.164953232
SOURCE_TIME graph=wiki-Talk method=shared_bfull_accurate_nozero kind=kernel repeat=0 ms=97.4199771881
SOURCE_TIME graph=wiki-Talk method=shared_bfull_accurate_nozero kind=kernel repeat=1 ms=97.7659225464
SOURCE_TIME graph=wiki-Talk method=shared_bfull_accurate_nozero kind=kernel repeat=2 ms=98.1760025024
SOURCE_TIME graph=wiki-Talk method=shared_bfull_accurate_nozero kind=kernel repeat=3 ms=96.8589782715
SOURCE_TIME graph=wiki-Talk method=shared_bfull_accurate_nozero kind=kernel repeat=4 ms=98.3581542969
SOURCE_TIME graph=wiki-Talk method=shared_bfull_accurate_nozero kind=e2e repeat=0 ms=157.636880875
SOURCE_TIME graph=wiki-Talk method=shared_bfull_accurate_nozero kind=e2e repeat=1 ms=152.707099915
SOURCE_TIME graph=wiki-Talk method=shared_bfull_accurate_nozero kind=e2e repeat=2 ms=153.424978256
SOURCE_TIME graph=wiki-Talk method=shared_bfull_accurate_nozero kind=e2e repeat=3 ms=151.884078979
SOURCE_TIME graph=wiki-Talk method=shared_bfull_accurate_nozero kind=e2e repeat=4 ms=156.499147415
SOURCE_STAGE graph=wiki-Talk method=shared_bfull_accurate_nozero repeat=0 layer1_ms=96.410036087 relu_ms=22.6018428802 conversion_ms=16.1290168762 layer2_ms=19.0379619598 total_ms=154.178857803
SOURCE_STAGE graph=wiki-Talk method=shared_bfull_accurate_nozero repeat=1 layer1_ms=97.2411632538 relu_ms=22.7699279785 conversion_ms=16.154050827 layer2_ms=20.5619335175 total_ms=156.727075577
SOURCE_STAGE graph=wiki-Talk method=shared_bfull_accurate_nozero repeat=2 layer1_ms=96.5518951416 relu_ms=22.5160121918 conversion_ms=16.2770748138 layer2_ms=21.1570262909 total_ms=156.502008438
SOURCE_PROFILE graph=wiki-Talk method=shared_bfull_accurate_nozero phase=output_zero sampled_thread_ms=0 sampled_tiles=586 profile_wall_ms=108.58297348
SOURCE_PROFILE graph=wiki-Talk method=shared_bfull_accurate_nozero phase=row_schedule sampled_thread_ms=0.264406204224 sampled_tiles=586 profile_wall_ms=108.58297348
SOURCE_PROFILE graph=wiki-Talk method=shared_bfull_accurate_nozero phase=partial_zero sampled_thread_ms=0.00786781311035 sampled_tiles=586 profile_wall_ms=108.58297348
SOURCE_PROFILE graph=wiki-Talk method=shared_bfull_accurate_nozero phase=csr_prefetch sampled_thread_ms=3.04412841797 sampled_tiles=586 profile_wall_ms=108.58297348
SOURCE_PROFILE graph=wiki-Talk method=shared_bfull_accurate_nozero phase=feature_gather_decode sampled_thread_ms=4.56380844116 sampled_tiles=586 profile_wall_ms=108.58297348
SOURCE_PROFILE graph=wiki-Talk method=shared_bfull_accurate_nozero phase=fp32_neighbor_reduction sampled_thread_ms=2.85577774048 sampled_tiles=586 profile_wall_ms=108.58297348
SOURCE_PROFILE graph=wiki-Talk method=shared_bfull_accurate_nozero phase=partial_bf16_conversion sampled_thread_ms=0.0133514404297 sampled_tiles=586 profile_wall_ms=108.58297348
SOURCE_PROFILE graph=wiki-Talk method=shared_bfull_accurate_nozero phase=tile_load sampled_thread_ms=0.328302383423 sampled_tiles=586 profile_wall_ms=108.58297348
SOURCE_PROFILE graph=wiki-Talk method=shared_bfull_accurate_nozero phase=tile_compute sampled_thread_ms=0.107765197754 sampled_tiles=586 profile_wall_ms=108.58297348
SOURCE_PROFILE graph=wiki-Talk method=shared_bfull_accurate_nozero phase=tile_store sampled_thread_ms=0.00429153442383 sampled_tiles=586 profile_wall_ms=108.58297348
SOURCE_PROFILE graph=wiki-Talk method=shared_bfull_accurate_nozero phase=output_scatter sampled_thread_ms=0.441312789917 sampled_tiles=586 profile_wall_ms=108.58297348
SOURCE_PROFILE graph=wiki-Talk method=shared_bfull_accurate_nozero phase=thread_amx_setup sampled_thread_ms=0.0190734863281 sampled_tiles=586 profile_wall_ms=108.58297348
SOURCE_COMPLETE graph=wiki-Talk pass=1 max_rss_kib=10947064
