GCN E2E v3 — Hybrid Pipeline (FP32 inter-layer + BF16 final)
Threads: 32

Loading: /home/huangjianqiang_group/hdacp1/data/yx/TFS/data/indochina-2004/indochina-2004.csrbin
Matrix: indochina-2004  N=7414866  NNZ=194109311  avg_deg=26.2

=== TFS V3 Hybrid Pipeline ===
  run 0: 350.37 ms
  run 1: 349.35 ms
  run 2: 349.51 ms
  run 3: 349.83 ms
  run 4: 352.82 ms
  TFS V3 E2E BEST: 349.35 ms

=== MKL FP32 Two-Step ===
  run 0: 698.17 ms
  run 1: 698.62 ms
  run 2: 696.33 ms
  run 3: 699.29 ms
  run 4: 700.16 ms
  MKL E2E BEST: 696.33 ms

=== E2E Summary ===
  TFS V3 (hybrid): 349.35 ms
  MKL (FP32):      696.33 ms
  E2E Speedup:     1.99×

=== Precision ===
  TFS_hybrid vs MKL_FP32: max_rel_err=0.008503  RMSE=3.9596e+03
First 8:
  TFS: -37.13 -33.93 -379.67 -25.18 -119.69 195.20 125.78 -160.26 
  MKL: -37.65 -34.23 -383.59 -26.44 -120.64 197.34 126.60 -161.51 
METHOD_CONFIG graph=indochina-2004 N=7414866 E=194109311 D=128 F=128 R=64 TR=16 warmups=1 repeats=5 final_output=BF16 mkl_threads=32 mkl_dynamic=1 numa=default
METHOD_CHECK graph=indochina-2004 method=paper_tfs boundary=kernel_FP32 reference=paper_tfs max_abs=0 mean_abs=0 relative_L2=0 normalized_max=0 gate=0.01 pass=1
METHOD_CHECK graph=indochina-2004 method=paper_tfs boundary=e2e_FP32_final reference=paper_tfs max_abs=0 mean_abs=0 relative_L2=0 normalized_max=0 gate=0.01 pass=1
METHOD_CHECK graph=indochina-2004 method=paper_tfs boundary=e2e_BF16_final reference=paper_tfs max_abs=0 mean_abs=0 relative_L2=0 normalized_max=0 gate=0.02 pass=1
METHOD_CHECK graph=indochina-2004 method=paper_tfs boundary=e2e_BF16_final reference=source_MKL_FP32 max_abs=598908 mean_abs=148.494195791 relative_L2=0.0122209035657 normalized_max=0.0149265441402 gate=0.03 pass=1
METHOD_CHECK graph=indochina-2004 method=b2_fast boundary=kernel_FP32 reference=paper_tfs max_abs=2.65002441406 mean_abs=0.0238176645819 relative_L2=0.00229856602035 normalized_max=0.00185591978911 gate=0.01 pass=1
METHOD_CHECK graph=indochina-2004 method=b2_fast boundary=e2e_FP32_final reference=paper_tfs max_abs=91584 mean_abs=29.0093826151 relative_L2=0.0023320632636 normalized_max=0.00230211614506 gate=0.01 pass=1
METHOD_CHECK graph=indochina-2004 method=b2_fast boundary=e2e_BF16_final reference=paper_tfs max_abs=262144 mean_abs=28.3321770115 relative_L2=0.00346530436627 normalized_max=0.00662251655629 gate=0.02 pass=1
METHOD_CHECK graph=indochina-2004 method=b2_fast boundary=e2e_BF16_final reference=source_MKL_FP32 max_abs=691780 mean_abs=172.837576713 relative_L2=0.0142249166234 normalized_max=0.0172411868022 gate=0.03 pass=1
METHOD_CHECK graph=indochina-2004 method=b2_accurate boundary=kernel_FP32 reference=paper_tfs max_abs=0.00799560546875 mean_abs=3.52879937489e-06 relative_L2=2.05024407714e-06 normalized_max=5.59964743594e-06 gate=0.001 pass=1
METHOD_CHECK graph=indochina-2004 method=b2_accurate boundary=e2e_FP32_final reference=paper_tfs max_abs=1296 mean_abs=0.291011537954 relative_L2=2.78033282258e-05 normalized_max=3.25771152602e-05 gate=0.001 pass=1
METHOD_CHECK graph=indochina-2004 method=b2_accurate boundary=e2e_BF16_final reference=paper_tfs max_abs=131072 mean_abs=0.243364135146 relative_L2=0.000311099197454 normalized_max=0.00331125827815 gate=0.01 pass=1
METHOD_CHECK graph=indochina-2004 method=b2_accurate boundary=e2e_BF16_final reference=source_MKL_FP32 max_abs=598908 mean_abs=148.483148346 relative_L2=0.0122202205116 normalized_max=0.0149265441402 gate=0.03 pass=1
METHOD_CHECK graph=indochina-2004 method=b4_fast boundary=kernel_FP32 reference=paper_tfs max_abs=3.86645507812 mean_abs=0.0297895572022 relative_L2=0.00290434072116 normalized_max=0.00270783561658 gate=0.01 pass=1
METHOD_CHECK graph=indochina-2004 method=b4_fast boundary=e2e_FP32_final reference=paper_tfs max_abs=126980 mean_abs=42.4519995844 relative_L2=0.00336125941955 normalized_max=0.00319185346894 gate=0.01 pass=1
METHOD_CHECK graph=indochina-2004 method=b4_fast boundary=e2e_BF16_final reference=paper_tfs max_abs=262144 mean_abs=41.4543425249 relative_L2=0.00419931351102 normalized_max=0.00662251655629 gate=0.02 pass=1
METHOD_CHECK graph=indochina-2004 method=b4_fast boundary=e2e_BF16_final reference=source_MKL_FP32 max_abs=726648 mean_abs=185.822732951 relative_L2=0.0151725875984 normalized_max=0.0181101996407 gate=0.03 pass=1
METHOD_CHECK graph=indochina-2004 method=b4_accurate boundary=kernel_FP32 reference=paper_tfs max_abs=0.0126953125 mean_abs=3.18862244271e-06 relative_L2=2.11390016204e-06 normalized_max=8.89104325706e-06 gate=0.001 pass=1
METHOD_CHECK graph=indochina-2004 method=b4_accurate boundary=e2e_FP32_final reference=paper_tfs max_abs=1256 mean_abs=0.172994079539 relative_L2=1.95909923708e-05 normalized_max=3.15716487399e-05 gate=0.001 pass=1
METHOD_CHECK graph=indochina-2004 method=b4_accurate boundary=e2e_BF16_final reference=paper_tfs max_abs=262144 mean_abs=0.183494826274 relative_L2=0.000318896837054 normalized_max=0.00662251655629 gate=0.01 pass=1
METHOD_CHECK graph=indochina-2004 method=b4_accurate boundary=e2e_BF16_final reference=source_MKL_FP32 max_abs=600072 mean_abs=148.520527758 relative_L2=0.0122253979735 normalized_max=0.0149555544346 gate=0.03 pass=1
METHOD_CHECK graph=indochina-2004 method=b8_fast boundary=kernel_FP32 reference=paper_tfs max_abs=4.11547851562 mean_abs=0.0315129901069 relative_L2=0.00307909604958 normalized_max=0.0028822368497 gate=0.01 pass=1
METHOD_CHECK graph=indochina-2004 method=b8_fast boundary=e2e_FP32_final reference=paper_tfs max_abs=174712 mean_abs=54.1568996076 relative_L2=0.00444203368439 normalized_max=0.00439167666771 gate=0.01 pass=1
METHOD_CHECK graph=indochina-2004 method=b8_fast boundary=e2e_BF16_final reference=paper_tfs max_abs=262144 mean_abs=53.4545733833 relative_L2=0.00503528539408 normalized_max=0.00662251655629 gate=0.02 pass=1
METHOD_CHECK graph=indochina-2004 method=b8_fast boundary=e2e_BF16_final reference=source_MKL_FP32 max_abs=773020 mean_abs=199.72290862 relative_L2=0.0163825813895 normalized_max=0.0192659259039 gate=0.03 pass=1
METHOD_CHECK graph=indochina-2004 method=b8_accurate boundary=kernel_FP32 reference=paper_tfs max_abs=0.010009765625 mean_abs=4.4516253931e-06 relative_L2=1.80361045066e-06 normalized_max=7.01024564499e-06 gate=0.001 pass=1
METHOD_CHECK graph=indochina-2004 method=b8_accurate boundary=e2e_FP32_final reference=paper_tfs max_abs=1160 mean_abs=0.184765009211 relative_L2=1.94810903822e-05 normalized_max=2.9158529091e-05 gate=0.001 pass=1
METHOD_CHECK graph=indochina-2004 method=b8_accurate boundary=e2e_BF16_final reference=paper_tfs max_abs=262144 mean_abs=0.207045909681 relative_L2=0.00033134702161 normalized_max=0.00662251655629 gate=0.01 pass=1
METHOD_CHECK graph=indochina-2004 method=b8_accurate boundary=e2e_BF16_final reference=source_MKL_FP32 max_abs=600072 mean_abs=148.51026482 relative_L2=0.0122255427791 normalized_max=0.0149555544346 gate=0.03 pass=1
METHOD_CHECK graph=indochina-2004 method=b16_fast boundary=kernel_FP32 reference=paper_tfs max_abs=5.34265136719 mean_abs=0.032521891332 relative_L2=0.00319193691002 normalized_max=0.00374167586761 gate=0.01 pass=1
METHOD_CHECK graph=indochina-2004 method=b16_fast boundary=e2e_FP32_final reference=paper_tfs max_abs=186652 mean_abs=60.220746346 relative_L2=0.0050785626595 normalized_max=0.00469180842404 gate=0.01 pass=1
METHOD_CHECK graph=indochina-2004 method=b16_fast boundary=e2e_BF16_final reference=paper_tfs max_abs=262144 mean_abs=59.7280875388 relative_L2=0.00554792764684 normalized_max=0.00662251655629 gate=0.02 pass=1
METHOD_CHECK graph=indochina-2004 method=b16_fast boundary=e2e_BF16_final reference=source_MKL_FP32 max_abs=785512 mean_abs=206.242955263 relative_L2=0.0170045293792 normalized_max=0.0195772631868 gate=0.03 pass=1
METHOD_CHECK graph=indochina-2004 method=b16_accurate boundary=kernel_FP32 reference=paper_tfs max_abs=0.0091552734375 mean_abs=1.36374520153e-05 relative_L2=2.39899819516e-06 normalized_max=6.41181004115e-06 gate=0.001 pass=1
METHOD_CHECK graph=indochina-2004 method=b16_accurate boundary=e2e_FP32_final reference=paper_tfs max_abs=1238 mean_abs=0.202665977679 relative_L2=1.9847637947e-05 normalized_max=3.11191888057e-05 gate=0.001 pass=1
METHOD_CHECK graph=indochina-2004 method=b16_accurate boundary=e2e_BF16_final reference=paper_tfs max_abs=262144 mean_abs=0.209353318683 relative_L2=0.000318787015072 normalized_max=0.00662251655629 gate=0.01 pass=1
METHOD_CHECK graph=indochina-2004 method=b16_accurate boundary=e2e_BF16_final reference=source_MKL_FP32 max_abs=600072 mean_abs=148.492182806 relative_L2=0.0122237349432 normalized_max=0.0149555544346 gate=0.03 pass=1
METHOD_CHECK graph=indochina-2004 method=b32_fast boundary=kernel_FP32 reference=paper_tfs max_abs=5.34106445312 mean_abs=0.0326895202793 relative_L2=0.00323605949316 normalized_max=0.00374056448721 gate=0.01 pass=1
METHOD_CHECK graph=indochina-2004 method=b32_fast boundary=e2e_FP32_final reference=paper_tfs max_abs=224652 mean_abs=65.5303211288 relative_L2=0.00552756425458 normalized_max=0.0056470016184 gate=0.01 pass=1
METHOD_CHECK graph=indochina-2004 method=b32_fast boundary=e2e_BF16_final reference=paper_tfs max_abs=262144 mean_abs=65.0460310922 relative_L2=0.00592407639394 normalized_max=0.00662251655629 gate=0.02 pass=1
METHOD_CHECK graph=indochina-2004 method=b32_fast boundary=e2e_BF16_final reference=source_MKL_FP32 max_abs=820392 mean_abs=210.970343505 relative_L2=0.0174478873215 normalized_max=0.0204465751005 gate=0.03 pass=1
METHOD_CHECK graph=indochina-2004 method=b32_accurate boundary=kernel_FP32 reference=paper_tfs max_abs=0.01123046875 mean_abs=2.48388282743e-05 relative_L2=3.75955735061e-06 normalized_max=7.86515365048e-06 gate=0.001 pass=1
METHOD_CHECK graph=indochina-2004 method=b32_accurate boundary=e2e_FP32_final reference=paper_tfs max_abs=1188 mean_abs=0.217231380268 relative_L2=2.02478806776e-05 normalized_max=2.98623556552e-05 gate=0.001 pass=1
METHOD_CHECK graph=indochina-2004 method=b32_accurate boundary=e2e_BF16_final reference=paper_tfs max_abs=262144 mean_abs=0.229494613159 relative_L2=0.000324160443248 normalized_max=0.00662251655629 gate=0.01 pass=1
METHOD_CHECK graph=indochina-2004 method=b32_accurate boundary=e2e_BF16_final reference=source_MKL_FP32 max_abs=600072 mean_abs=148.502562796 relative_L2=0.0122244079899 normalized_max=0.0149555544346 gate=0.03 pass=1
METHOD_CHECK graph=indochina-2004 method=b64_fast boundary=kernel_FP32 reference=paper_tfs max_abs=4.52941894531 mean_abs=0.0328525803849 relative_L2=0.00326500475592 normalized_max=0.00317213615436 gate=0.01 pass=1
METHOD_CHECK graph=indochina-2004 method=b64_fast boundary=e2e_FP32_final reference=paper_tfs max_abs=224264 mean_abs=66.3393086463 relative_L2=0.00563891480015 normalized_max=0.00563724859315 gate=0.01 pass=1
METHOD_CHECK graph=indochina-2004 method=b64_fast boundary=e2e_BF16_final reference=paper_tfs max_abs=262144 mean_abs=65.6555387791 relative_L2=0.0059788431947 normalized_max=0.00662251655629 gate=0.02 pass=1
METHOD_CHECK graph=indochina-2004 method=b64_fast boundary=e2e_BF16_final reference=source_MKL_FP32 max_abs=820392 mean_abs=211.366855102 relative_L2=0.0175146014647 normalized_max=0.0204465751005 gate=0.03 pass=1
METHOD_CHECK graph=indochina-2004 method=b64_accurate boundary=kernel_FP32 reference=paper_tfs max_abs=0.0145263671875 mean_abs=3.18835774604e-05 relative_L2=5.14559950007e-06 normalized_max=1.01734052653e-05 gate=0.001 pass=1
METHOD_CHECK graph=indochina-2004 method=b64_accurate boundary=e2e_FP32_final reference=paper_tfs max_abs=1174 mean_abs=0.216089750406 relative_L2=2.04969989611e-05 normalized_max=2.95104423731e-05 gate=0.001 pass=1
METHOD_CHECK graph=indochina-2004 method=b64_accurate boundary=e2e_BF16_final reference=paper_tfs max_abs=262144 mean_abs=0.220514044586 relative_L2=0.000331452300851 normalized_max=0.00662251655629 gate=0.01 pass=1
METHOD_CHECK graph=indochina-2004 method=b64_accurate boundary=e2e_BF16_final reference=source_MKL_FP32 max_abs=600072 mean_abs=148.531856818 relative_L2=0.0122258785591 normalized_max=0.0149555544346 gate=0.03 pass=1
METHOD_CHECK graph=indochina-2004 method=bfull_fast boundary=kernel_FP32 reference=paper_tfs max_abs=5.46606445312 mean_abs=0.0328383965999 relative_L2=0.0032578925049 normalized_max=0.00382810706697 gate=0.01 pass=1
METHOD_CHECK graph=indochina-2004 method=bfull_fast boundary=e2e_FP32_final reference=paper_tfs max_abs=279990 mean_abs=71.2863304077 relative_L2=0.00600463832796 normalized_max=0.00703801427602 gate=0.01 pass=1
METHOD_CHECK graph=indochina-2004 method=bfull_fast boundary=e2e_BF16_final reference=paper_tfs max_abs=262144 mean_abs=70.31088722 relative_L2=0.00630784269788 normalized_max=0.00662251655629 gate=0.02 pass=1
METHOD_CHECK graph=indochina-2004 method=bfull_fast boundary=e2e_BF16_final reference=source_MKL_FP32 max_abs=837844 mean_abs=214.81538276 relative_L2=0.0177392012683 normalized_max=0.0208815301325 gate=0.03 pass=1
METHOD_CHECK graph=indochina-2004 method=bfull_accurate boundary=kernel_FP32 reference=paper_tfs max_abs=0.022216796875 mean_abs=3.48116067448e-05 relative_L2=7.04351588373e-06 normalized_max=1.55593256999e-05 gate=0.001 pass=1
METHOD_CHECK graph=indochina-2004 method=bfull_accurate boundary=e2e_FP32_final reference=paper_tfs max_abs=1588 mean_abs=0.327437481333 relative_L2=2.81410611443e-05 normalized_max=3.9917020859e-05 gate=0.001 pass=1
METHOD_CHECK graph=indochina-2004 method=bfull_accurate boundary=e2e_BF16_final reference=paper_tfs max_abs=262144 mean_abs=0.358840546203 relative_L2=0.000419933240726 normalized_max=0.00662251655629 gate=0.01 pass=1
METHOD_CHECK graph=indochina-2004 method=bfull_accurate boundary=e2e_BF16_final reference=source_MKL_FP32 max_abs=600072 mean_abs=148.679133979 relative_L2=0.0122424262899 normalized_max=0.0149555544346 gate=0.03 pass=1
METHOD_GATE_COMPLETE graph=indochina-2004 methods=15 pass=1
METHOD_TIME graph=indochina-2004 method=paper_tfs kind=kernel repeat=0 order=0 ms=169.380903244
METHOD_TIME graph=indochina-2004 method=b2_fast kind=kernel repeat=0 order=1 ms=258.387088776
METHOD_TIME graph=indochina-2004 method=b2_accurate kind=kernel repeat=0 order=2 ms=346.385002136
METHOD_TIME graph=indochina-2004 method=b4_fast kind=kernel repeat=0 order=3 ms=177.920818329
METHOD_TIME graph=indochina-2004 method=b4_accurate kind=kernel repeat=0 order=4 ms=222.359895706
METHOD_TIME graph=indochina-2004 method=b8_fast kind=kernel repeat=0 order=5 ms=136.337041855
METHOD_TIME graph=indochina-2004 method=b8_accurate kind=kernel repeat=0 order=6 ms=158.455133438
METHOD_TIME graph=indochina-2004 method=b16_fast kind=kernel repeat=0 order=7 ms=114.9289608
METHOD_TIME graph=indochina-2004 method=b16_accurate kind=kernel repeat=0 order=8 ms=126.67298317
METHOD_TIME graph=indochina-2004 method=b32_fast kind=kernel repeat=0 order=9 ms=104.206085205
METHOD_TIME graph=indochina-2004 method=b32_accurate kind=kernel repeat=0 order=10 ms=112.812995911
METHOD_TIME graph=indochina-2004 method=b64_fast kind=kernel repeat=0 order=11 ms=99.1110801697
METHOD_TIME graph=indochina-2004 method=b64_accurate kind=kernel repeat=0 order=12 ms=106.029033661
METHOD_TIME graph=indochina-2004 method=bfull_fast kind=kernel repeat=0 order=13 ms=94.6681499481
METHOD_TIME graph=indochina-2004 method=bfull_accurate kind=kernel repeat=0 order=14 ms=101.317882538
METHOD_TIME graph=indochina-2004 method=source_mkl_fp32 kind=kernel repeat=0 order=15 ms=394.32477951
METHOD_TIME graph=indochina-2004 method=b2_fast kind=kernel repeat=1 order=0 ms=261.968135834
METHOD_TIME graph=indochina-2004 method=b2_accurate kind=kernel repeat=1 order=1 ms=341.616868973
METHOD_TIME graph=indochina-2004 method=b4_fast kind=kernel repeat=1 order=2 ms=177.849054337
METHOD_TIME graph=indochina-2004 method=b4_accurate kind=kernel repeat=1 order=3 ms=218.261003494
METHOD_TIME graph=indochina-2004 method=b8_fast kind=kernel repeat=1 order=4 ms=136.549949646
METHOD_TIME graph=indochina-2004 method=b8_accurate kind=kernel repeat=1 order=5 ms=158.495903015
METHOD_TIME graph=indochina-2004 method=b16_fast kind=kernel repeat=1 order=6 ms=114.552974701
METHOD_TIME graph=indochina-2004 method=b16_accurate kind=kernel repeat=1 order=7 ms=127.051830292
METHOD_TIME graph=indochina-2004 method=b32_fast kind=kernel repeat=1 order=8 ms=104.007005692
METHOD_TIME graph=indochina-2004 method=b32_accurate kind=kernel repeat=1 order=9 ms=111.90700531
METHOD_TIME graph=indochina-2004 method=b64_fast kind=kernel repeat=1 order=10 ms=98.356962204
METHOD_TIME graph=indochina-2004 method=b64_accurate kind=kernel repeat=1 order=11 ms=106.047868729
METHOD_TIME graph=indochina-2004 method=bfull_fast kind=kernel repeat=1 order=12 ms=95.3619480133
METHOD_TIME graph=indochina-2004 method=bfull_accurate kind=kernel repeat=1 order=13 ms=100.93998909
METHOD_TIME graph=indochina-2004 method=source_mkl_fp32 kind=kernel repeat=1 order=14 ms=396.688938141
METHOD_TIME graph=indochina-2004 method=paper_tfs kind=kernel repeat=1 order=15 ms=170.125961304
METHOD_TIME graph=indochina-2004 method=b2_accurate kind=kernel repeat=2 order=0 ms=344.425916672
METHOD_TIME graph=indochina-2004 method=b4_fast kind=kernel repeat=2 order=1 ms=178.920984268
METHOD_TIME graph=indochina-2004 method=b4_accurate kind=kernel repeat=2 order=2 ms=221.255064011
METHOD_TIME graph=indochina-2004 method=b8_fast kind=kernel repeat=2 order=3 ms=138.13495636
METHOD_TIME graph=indochina-2004 method=b8_accurate kind=kernel repeat=2 order=4 ms=159.747838974
METHOD_TIME graph=indochina-2004 method=b16_fast kind=kernel repeat=2 order=5 ms=115.317106247
METHOD_TIME graph=indochina-2004 method=b16_accurate kind=kernel repeat=2 order=6 ms=127.7821064
METHOD_TIME graph=indochina-2004 method=b32_fast kind=kernel repeat=2 order=7 ms=104.121923447
METHOD_TIME graph=indochina-2004 method=b32_accurate kind=kernel repeat=2 order=8 ms=111.905813217
METHOD_TIME graph=indochina-2004 method=b64_fast kind=kernel repeat=2 order=9 ms=99.4009971619
METHOD_TIME graph=indochina-2004 method=b64_accurate kind=kernel repeat=2 order=10 ms=105.384111404
METHOD_TIME graph=indochina-2004 method=bfull_fast kind=kernel repeat=2 order=11 ms=94.6879386902
METHOD_TIME graph=indochina-2004 method=bfull_accurate kind=kernel repeat=2 order=12 ms=100.643873215
METHOD_TIME graph=indochina-2004 method=source_mkl_fp32 kind=kernel repeat=2 order=13 ms=401.440858841
METHOD_TIME graph=indochina-2004 method=paper_tfs kind=kernel repeat=2 order=14 ms=170.512914658
METHOD_TIME graph=indochina-2004 method=b2_fast kind=kernel repeat=2 order=15 ms=259.863138199
METHOD_TIME graph=indochina-2004 method=b4_fast kind=kernel repeat=3 order=0 ms=177.506923676
METHOD_TIME graph=indochina-2004 method=b4_accurate kind=kernel repeat=3 order=1 ms=219.064950943
METHOD_TIME graph=indochina-2004 method=b8_fast kind=kernel repeat=3 order=2 ms=137.109994888
METHOD_TIME graph=indochina-2004 method=b8_accurate kind=kernel repeat=3 order=3 ms=160.665035248
METHOD_TIME graph=indochina-2004 method=b16_fast kind=kernel repeat=3 order=4 ms=114.859819412
METHOD_TIME graph=indochina-2004 method=b16_accurate kind=kernel repeat=3 order=5 ms=127.661943436
METHOD_TIME graph=indochina-2004 method=b32_fast kind=kernel repeat=3 order=6 ms=104.673862457
METHOD_TIME graph=indochina-2004 method=b32_accurate kind=kernel repeat=3 order=7 ms=112.612009048
METHOD_TIME graph=indochina-2004 method=b64_fast kind=kernel repeat=3 order=8 ms=99.3340015411
METHOD_TIME graph=indochina-2004 method=b64_accurate kind=kernel repeat=3 order=9 ms=106.293916702
METHOD_TIME graph=indochina-2004 method=bfull_fast kind=kernel repeat=3 order=10 ms=93.9719676971
METHOD_TIME graph=indochina-2004 method=bfull_accurate kind=kernel repeat=3 order=11 ms=101.338863373
METHOD_TIME graph=indochina-2004 method=source_mkl_fp32 kind=kernel repeat=3 order=12 ms=398.766040802
METHOD_TIME graph=indochina-2004 method=paper_tfs kind=kernel repeat=3 order=13 ms=169.71206665
METHOD_TIME graph=indochina-2004 method=b2_fast kind=kernel repeat=3 order=14 ms=263.296842575
METHOD_TIME graph=indochina-2004 method=b2_accurate kind=kernel repeat=3 order=15 ms=345.62087059
METHOD_TIME graph=indochina-2004 method=b4_accurate kind=kernel repeat=4 order=0 ms=220.115184784
METHOD_TIME graph=indochina-2004 method=b8_fast kind=kernel repeat=4 order=1 ms=136.989116669
METHOD_TIME graph=indochina-2004 method=b8_accurate kind=kernel repeat=4 order=2 ms=158.687114716
METHOD_TIME graph=indochina-2004 method=b16_fast kind=kernel repeat=4 order=3 ms=113.888978958
METHOD_TIME graph=indochina-2004 method=b16_accurate kind=kernel repeat=4 order=4 ms=128.573894501
METHOD_TIME graph=indochina-2004 method=b32_fast kind=kernel repeat=4 order=5 ms=103.114843369
METHOD_TIME graph=indochina-2004 method=b32_accurate kind=kernel repeat=4 order=6 ms=111.624002457
METHOD_TIME graph=indochina-2004 method=b64_fast kind=kernel repeat=4 order=7 ms=98.876953125
METHOD_TIME graph=indochina-2004 method=b64_accurate kind=kernel repeat=4 order=8 ms=106.477022171
METHOD_TIME graph=indochina-2004 method=bfull_fast kind=kernel repeat=4 order=9 ms=94.0420627594
METHOD_TIME graph=indochina-2004 method=bfull_accurate kind=kernel repeat=4 order=10 ms=100.062131882
METHOD_TIME graph=indochina-2004 method=source_mkl_fp32 kind=kernel repeat=4 order=11 ms=400.845050812
METHOD_TIME graph=indochina-2004 method=paper_tfs kind=kernel repeat=4 order=12 ms=171.232938766
METHOD_TIME graph=indochina-2004 method=b2_fast kind=kernel repeat=4 order=13 ms=260.761976242
METHOD_TIME graph=indochina-2004 method=b2_accurate kind=kernel repeat=4 order=14 ms=341.021060944
METHOD_TIME graph=indochina-2004 method=b4_fast kind=kernel repeat=4 order=15 ms=178.471088409
METHOD_TIME graph=indochina-2004 method=paper_tfs kind=e2e repeat=0 order=0 ms=351.715087891
METHOD_TIME graph=indochina-2004 method=b2_fast kind=e2e repeat=0 order=1 ms=539.427995682
METHOD_TIME graph=indochina-2004 method=b2_accurate kind=e2e repeat=0 order=2 ms=693.37105751
METHOD_TIME graph=indochina-2004 method=b4_fast kind=e2e repeat=0 order=3 ms=370.923042297
METHOD_TIME graph=indochina-2004 method=b4_accurate kind=e2e repeat=0 order=4 ms=455.806016922
METHOD_TIME graph=indochina-2004 method=b8_fast kind=e2e repeat=0 order=5 ms=291.84794426
METHOD_TIME graph=indochina-2004 method=b8_accurate kind=e2e repeat=0 order=6 ms=335.604906082
METHOD_TIME graph=indochina-2004 method=b16_fast kind=e2e repeat=0 order=7 ms=247.616052628
METHOD_TIME graph=indochina-2004 method=b16_accurate kind=e2e repeat=0 order=8 ms=271.839141846
METHOD_TIME graph=indochina-2004 method=b32_fast kind=e2e repeat=0 order=9 ms=226.496219635
METHOD_TIME graph=indochina-2004 method=b32_accurate kind=e2e repeat=0 order=10 ms=241.398096085
METHOD_TIME graph=indochina-2004 method=b64_fast kind=e2e repeat=0 order=11 ms=215.637922287
METHOD_TIME graph=indochina-2004 method=b64_accurate kind=e2e repeat=0 order=12 ms=226.945877075
METHOD_TIME graph=indochina-2004 method=bfull_fast kind=e2e repeat=0 order=13 ms=207.969903946
METHOD_TIME graph=indochina-2004 method=bfull_accurate kind=e2e repeat=0 order=14 ms=218.567848206
METHOD_TIME graph=indochina-2004 method=source_mkl_fp32 kind=e2e repeat=0 order=15 ms=691.472053528
METHOD_TIME graph=indochina-2004 method=b2_fast kind=e2e repeat=1 order=0 ms=539.311885834
METHOD_TIME graph=indochina-2004 method=b2_accurate kind=e2e repeat=1 order=1 ms=706.420898438
METHOD_TIME graph=indochina-2004 method=b4_fast kind=e2e repeat=1 order=2 ms=374.973058701
METHOD_TIME graph=indochina-2004 method=b4_accurate kind=e2e repeat=1 order=3 ms=459.316015244
METHOD_TIME graph=indochina-2004 method=b8_fast kind=e2e repeat=1 order=4 ms=292.206048965
METHOD_TIME graph=indochina-2004 method=b8_accurate kind=e2e repeat=1 order=5 ms=335.428953171
METHOD_TIME graph=indochina-2004 method=b16_fast kind=e2e repeat=1 order=6 ms=246.985912323
METHOD_TIME graph=indochina-2004 method=b16_accurate kind=e2e repeat=1 order=7 ms=270.452976227
METHOD_TIME graph=indochina-2004 method=b32_fast kind=e2e repeat=1 order=8 ms=227.389812469
METHOD_TIME graph=indochina-2004 method=b32_accurate kind=e2e repeat=1 order=9 ms=241.302967072
METHOD_TIME graph=indochina-2004 method=b64_fast kind=e2e repeat=1 order=10 ms=215.23809433
METHOD_TIME graph=indochina-2004 method=b64_accurate kind=e2e repeat=1 order=11 ms=228.183984756
METHOD_TIME graph=indochina-2004 method=bfull_fast kind=e2e repeat=1 order=12 ms=208.245992661
METHOD_TIME graph=indochina-2004 method=bfull_accurate kind=e2e repeat=1 order=13 ms=217.581033707
METHOD_TIME graph=indochina-2004 method=source_mkl_fp32 kind=e2e repeat=1 order=14 ms=697.516918182
METHOD_TIME graph=indochina-2004 method=paper_tfs kind=e2e repeat=1 order=15 ms=353.559017181
METHOD_TIME graph=indochina-2004 method=b2_accurate kind=e2e repeat=2 order=0 ms=700.341939926
METHOD_TIME graph=indochina-2004 method=b4_fast kind=e2e repeat=2 order=1 ms=376.428127289
METHOD_TIME graph=indochina-2004 method=b4_accurate kind=e2e repeat=2 order=2 ms=458.297014236
METHOD_TIME graph=indochina-2004 method=b8_fast kind=e2e repeat=2 order=3 ms=291.693210602
METHOD_TIME graph=indochina-2004 method=b8_accurate kind=e2e repeat=2 order=4 ms=337.88895607
METHOD_TIME graph=indochina-2004 method=b16_fast kind=e2e repeat=2 order=5 ms=246.831893921
METHOD_TIME graph=indochina-2004 method=b16_accurate kind=e2e repeat=2 order=6 ms=272.333145142
METHOD_TIME graph=indochina-2004 method=b32_fast kind=e2e repeat=2 order=7 ms=226.536989212
METHOD_TIME graph=indochina-2004 method=b32_accurate kind=e2e repeat=2 order=8 ms=242.963790894
METHOD_TIME graph=indochina-2004 method=b64_fast kind=e2e repeat=2 order=9 ms=214.169979095
METHOD_TIME graph=indochina-2004 method=b64_accurate kind=e2e repeat=2 order=10 ms=228.27911377
METHOD_TIME graph=indochina-2004 method=bfull_fast kind=e2e repeat=2 order=11 ms=208.451986313
METHOD_TIME graph=indochina-2004 method=bfull_accurate kind=e2e repeat=2 order=12 ms=217.885971069
METHOD_TIME graph=indochina-2004 method=source_mkl_fp32 kind=e2e repeat=2 order=13 ms=701.704978943
METHOD_TIME graph=indochina-2004 method=paper_tfs kind=e2e repeat=2 order=14 ms=355.138063431
METHOD_TIME graph=indochina-2004 method=b2_fast kind=e2e repeat=2 order=15 ms=543.664216995
METHOD_TIME graph=indochina-2004 method=b4_fast kind=e2e repeat=3 order=0 ms=373.996019363
METHOD_TIME graph=indochina-2004 method=b4_accurate kind=e2e repeat=3 order=1 ms=453.88007164
METHOD_TIME graph=indochina-2004 method=b8_fast kind=e2e repeat=3 order=2 ms=292.834997177
METHOD_TIME graph=indochina-2004 method=b8_accurate kind=e2e repeat=3 order=3 ms=337.248086929
METHOD_TIME graph=indochina-2004 method=b16_fast kind=e2e repeat=3 order=4 ms=246.510028839
METHOD_TIME graph=indochina-2004 method=b16_accurate kind=e2e repeat=3 order=5 ms=269.683122635
METHOD_TIME graph=indochina-2004 method=b32_fast kind=e2e repeat=3 order=6 ms=225.227117538
METHOD_TIME graph=indochina-2004 method=b32_accurate kind=e2e repeat=3 order=7 ms=242.204904556
METHOD_TIME graph=indochina-2004 method=b64_fast kind=e2e repeat=3 order=8 ms=214.998006821
METHOD_TIME graph=indochina-2004 method=b64_accurate kind=e2e repeat=3 order=9 ms=226.983070374
METHOD_TIME graph=indochina-2004 method=bfull_fast kind=e2e repeat=3 order=10 ms=207.962036133
METHOD_TIME graph=indochina-2004 method=bfull_accurate kind=e2e repeat=3 order=11 ms=217.247962952
METHOD_TIME graph=indochina-2004 method=source_mkl_fp32 kind=e2e repeat=3 order=12 ms=697.195053101
METHOD_TIME graph=indochina-2004 method=paper_tfs kind=e2e repeat=3 order=13 ms=357.047080994
METHOD_TIME graph=indochina-2004 method=b2_fast kind=e2e repeat=3 order=14 ms=536.34095192
METHOD_TIME graph=indochina-2004 method=b2_accurate kind=e2e repeat=3 order=15 ms=702.682971954
METHOD_TIME graph=indochina-2004 method=b4_accurate kind=e2e repeat=4 order=0 ms=456.147909164
METHOD_TIME graph=indochina-2004 method=b8_fast kind=e2e repeat=4 order=1 ms=291.156053543
METHOD_TIME graph=indochina-2004 method=b8_accurate kind=e2e repeat=4 order=2 ms=337.291955948
METHOD_TIME graph=indochina-2004 method=b16_fast kind=e2e repeat=4 order=3 ms=248.114109039
METHOD_TIME graph=indochina-2004 method=b16_accurate kind=e2e repeat=4 order=4 ms=271.193027496
METHOD_TIME graph=indochina-2004 method=b32_fast kind=e2e repeat=4 order=5 ms=224.147081375
METHOD_TIME graph=indochina-2004 method=b32_accurate kind=e2e repeat=4 order=6 ms=241.698980331
METHOD_TIME graph=indochina-2004 method=b64_fast kind=e2e repeat=4 order=7 ms=214.937925339
METHOD_TIME graph=indochina-2004 method=b64_accurate kind=e2e repeat=4 order=8 ms=227.66494751
METHOD_TIME graph=indochina-2004 method=bfull_fast kind=e2e repeat=4 order=9 ms=207.811117172
METHOD_TIME graph=indochina-2004 method=bfull_accurate kind=e2e repeat=4 order=10 ms=219.254016876
METHOD_TIME graph=indochina-2004 method=source_mkl_fp32 kind=e2e repeat=4 order=11 ms=700.068950653
METHOD_TIME graph=indochina-2004 method=paper_tfs kind=e2e repeat=4 order=12 ms=355.64494133
METHOD_TIME graph=indochina-2004 method=b2_fast kind=e2e repeat=4 order=13 ms=535.303115845
METHOD_TIME graph=indochina-2004 method=b2_accurate kind=e2e repeat=4 order=14 ms=697.73888588
METHOD_TIME graph=indochina-2004 method=b4_fast kind=e2e repeat=4 order=15 ms=375.241041183
METHOD_STAGE graph=indochina-2004 method=paper_tfs repeat=0 layer1_ms=166.880130768 relu_ms=13.4949684143 interlayer_conversion_ms=13.8349533081 layer2_ms=157.071113586 total_ms=351.281166077
METHOD_STAGE graph=indochina-2004 method=paper_tfs repeat=1 layer1_ms=167.948961258 relu_ms=12.2950077057 interlayer_conversion_ms=14.1100883484 layer2_ms=159.287929535 total_ms=353.641986847
METHOD_STAGE graph=indochina-2004 method=paper_tfs repeat=2 layer1_ms=167.744159698 relu_ms=12.2299194336 interlayer_conversion_ms=13.9629840851 layer2_ms=158.155918121 total_ms=352.092981339
METHOD_STAGE graph=indochina-2004 method=b2_fast repeat=0 layer1_ms=263.000965118 relu_ms=12.9480361938 interlayer_conversion_ms=13.8938426971 layer2_ms=249.535083771 total_ms=539.37792778
METHOD_STAGE graph=indochina-2004 method=b2_fast repeat=1 layer1_ms=261.943101883 relu_ms=13.1340026855 interlayer_conversion_ms=13.9708518982 layer2_ms=252.398967743 total_ms=541.44692421
METHOD_STAGE graph=indochina-2004 method=b2_fast repeat=2 layer1_ms=262.356042862 relu_ms=13.0620002747 interlayer_conversion_ms=13.8931274414 layer2_ms=251.471996307 total_ms=540.783166885
METHOD_PROFILE graph=indochina-2004 method=b2_fast layer=1 phase=output_zero sampled_thread_ms=0.0197887420654 sampled_tiles=1812 wall_ms=283.746957779
METHOD_PROFILE graph=indochina-2004 method=b2_fast layer=1 phase=row_schedule sampled_thread_ms=0.404834747314 sampled_tiles=1812 wall_ms=283.746957779
METHOD_PROFILE graph=indochina-2004 method=b2_fast layer=1 phase=partial_zero sampled_thread_ms=4.74119186401 sampled_tiles=1812 wall_ms=283.746957779
METHOD_PROFILE graph=indochina-2004 method=b2_fast layer=1 phase=csr_prefetch sampled_thread_ms=26.6060829163 sampled_tiles=1812 wall_ms=283.746957779
METHOD_PROFILE graph=indochina-2004 method=b2_fast layer=1 phase=feature_gather_decode sampled_thread_ms=31.626701355 sampled_tiles=1812 wall_ms=283.746957779
METHOD_PROFILE graph=indochina-2004 method=b2_fast layer=1 phase=fp32_neighbor_reduction sampled_thread_ms=36.9203090668 sampled_tiles=1812 wall_ms=283.746957779
METHOD_PROFILE graph=indochina-2004 method=b2_fast layer=1 phase=partial_bf16_conversion sampled_thread_ms=4.34184074402 sampled_tiles=1812 wall_ms=283.746957779
METHOD_PROFILE graph=indochina-2004 method=b2_fast layer=1 phase=tile_load sampled_thread_ms=20.1864242554 sampled_tiles=1812 wall_ms=283.746957779
METHOD_PROFILE graph=indochina-2004 method=b2_fast layer=1 phase=tile_compute sampled_thread_ms=41.3205623627 sampled_tiles=1812 wall_ms=283.746957779
METHOD_PROFILE graph=indochina-2004 method=b2_fast layer=1 phase=tile_store sampled_thread_ms=3.18074226379 sampled_tiles=1812 wall_ms=283.746957779
METHOD_PROFILE graph=indochina-2004 method=b2_fast layer=1 phase=output_scatter sampled_thread_ms=1.3530254364 sampled_tiles=1812 wall_ms=283.746957779
METHOD_PROFILE graph=indochina-2004 method=b2_fast layer=1 phase=thread_amx_setup sampled_thread_ms=0.0324249267578 sampled_tiles=1812 wall_ms=283.746957779
METHOD_PROFILE graph=indochina-2004 method=b2_fast layer=2 phase=output_zero sampled_thread_ms=0 sampled_tiles=1812 wall_ms=289.243936539
METHOD_PROFILE graph=indochina-2004 method=b2_fast layer=2 phase=row_schedule sampled_thread_ms=0.354290008545 sampled_tiles=1812 wall_ms=289.243936539
METHOD_PROFILE graph=indochina-2004 method=b2_fast layer=2 phase=partial_zero sampled_thread_ms=4.88018989563 sampled_tiles=1812 wall_ms=289.243936539
METHOD_PROFILE graph=indochina-2004 method=b2_fast layer=2 phase=csr_prefetch sampled_thread_ms=26.7941951752 sampled_tiles=1812 wall_ms=289.243936539
METHOD_PROFILE graph=indochina-2004 method=b2_fast layer=2 phase=feature_gather_decode sampled_thread_ms=32.2551727295 sampled_tiles=1812 wall_ms=289.243936539
METHOD_PROFILE graph=indochina-2004 method=b2_fast layer=2 phase=fp32_neighbor_reduction sampled_thread_ms=37.5652313232 sampled_tiles=1812 wall_ms=289.243936539
METHOD_PROFILE graph=indochina-2004 method=b2_fast layer=2 phase=partial_bf16_conversion sampled_thread_ms=4.44269180298 sampled_tiles=1812 wall_ms=289.243936539
METHOD_PROFILE graph=indochina-2004 method=b2_fast layer=2 phase=tile_load sampled_thread_ms=20.073890686 sampled_tiles=1812 wall_ms=289.243936539
METHOD_PROFILE graph=indochina-2004 method=b2_fast layer=2 phase=tile_compute sampled_thread_ms=43.3676242828 sampled_tiles=1812 wall_ms=289.243936539
METHOD_PROFILE graph=indochina-2004 method=b2_fast layer=2 phase=tile_store sampled_thread_ms=3.20243835449 sampled_tiles=1812 wall_ms=289.243936539
METHOD_PROFILE graph=indochina-2004 method=b2_fast layer=2 phase=output_scatter sampled_thread_ms=0.239610671997 sampled_tiles=1812 wall_ms=289.243936539
METHOD_PROFILE graph=indochina-2004 method=b2_fast layer=2 phase=thread_amx_setup sampled_thread_ms=0.0345706939697 sampled_tiles=1812 wall_ms=289.243936539
METHOD_STAGE graph=indochina-2004 method=b2_accurate repeat=0 layer1_ms=341.817140579 relu_ms=13.0348205566 interlayer_conversion_ms=13.8890743256 layer2_ms=333.67395401 total_ms=702.414989471
METHOD_STAGE graph=indochina-2004 method=b2_accurate repeat=1 layer1_ms=344.614982605 relu_ms=12.9518508911 interlayer_conversion_ms=13.9100551605 layer2_ms=330.11007309 total_ms=701.586961746
METHOD_STAGE graph=indochina-2004 method=b2_accurate repeat=2 layer1_ms=344.6829319 relu_ms=12.8910541534 interlayer_conversion_ms=13.904094696 layer2_ms=332.995891571 total_ms=704.473972321
METHOD_PROFILE graph=indochina-2004 method=b2_accurate layer=1 phase=output_zero sampled_thread_ms=0.000953674316406 sampled_tiles=1812 wall_ms=376.136064529
METHOD_PROFILE graph=indochina-2004 method=b2_accurate layer=1 phase=row_schedule sampled_thread_ms=0.379800796509 sampled_tiles=1812 wall_ms=376.136064529
METHOD_PROFILE graph=indochina-2004 method=b2_accurate layer=1 phase=partial_zero sampled_thread_ms=5.12981414795 sampled_tiles=1812 wall_ms=376.136064529
METHOD_PROFILE graph=indochina-2004 method=b2_accurate layer=1 phase=csr_prefetch sampled_thread_ms=26.4115333557 sampled_tiles=1812 wall_ms=376.136064529
METHOD_PROFILE graph=indochina-2004 method=b2_accurate layer=1 phase=feature_gather_decode sampled_thread_ms=32.1247577667 sampled_tiles=1812 wall_ms=376.136064529
METHOD_PROFILE graph=indochina-2004 method=b2_accurate layer=1 phase=fp32_neighbor_reduction sampled_thread_ms=37.4734401703 sampled_tiles=1812 wall_ms=376.136064529
METHOD_PROFILE graph=indochina-2004 method=b2_accurate layer=1 phase=partial_bf16_conversion sampled_thread_ms=7.51638412476 sampled_tiles=1812 wall_ms=376.136064529
METHOD_PROFILE graph=indochina-2004 method=b2_accurate layer=1 phase=tile_load sampled_thread_ms=36.3442897797 sampled_tiles=1812 wall_ms=376.136064529
METHOD_PROFILE graph=indochina-2004 method=b2_accurate layer=1 phase=tile_compute sampled_thread_ms=56.090593338 sampled_tiles=1812 wall_ms=376.136064529
METHOD_PROFILE graph=indochina-2004 method=b2_accurate layer=1 phase=tile_store sampled_thread_ms=2.60257720947 sampled_tiles=1812 wall_ms=376.136064529
METHOD_PROFILE graph=indochina-2004 method=b2_accurate layer=1 phase=output_scatter sampled_thread_ms=1.40762329102 sampled_tiles=1812 wall_ms=376.136064529
METHOD_PROFILE graph=indochina-2004 method=b2_accurate layer=1 phase=thread_amx_setup sampled_thread_ms=0.0381469726562 sampled_tiles=1812 wall_ms=376.136064529
METHOD_PROFILE graph=indochina-2004 method=b2_accurate layer=2 phase=output_zero sampled_thread_ms=0 sampled_tiles=1812 wall_ms=353.272199631
METHOD_PROFILE graph=indochina-2004 method=b2_accurate layer=2 phase=row_schedule sampled_thread_ms=0.362157821655 sampled_tiles=1812 wall_ms=353.272199631
METHOD_PROFILE graph=indochina-2004 method=b2_accurate layer=2 phase=partial_zero sampled_thread_ms=5.02014160156 sampled_tiles=1812 wall_ms=353.272199631
METHOD_PROFILE graph=indochina-2004 method=b2_accurate layer=2 phase=csr_prefetch sampled_thread_ms=26.2575149536 sampled_tiles=1812 wall_ms=353.272199631
METHOD_PROFILE graph=indochina-2004 method=b2_accurate layer=2 phase=feature_gather_decode sampled_thread_ms=31.3680171967 sampled_tiles=1812 wall_ms=353.272199631
METHOD_PROFILE graph=indochina-2004 method=b2_accurate layer=2 phase=fp32_neighbor_reduction sampled_thread_ms=36.806344986 sampled_tiles=1812 wall_ms=353.272199631
METHOD_PROFILE graph=indochina-2004 method=b2_accurate layer=2 phase=partial_bf16_conversion sampled_thread_ms=7.54618644714 sampled_tiles=1812 wall_ms=353.272199631
METHOD_PROFILE graph=indochina-2004 method=b2_accurate layer=2 phase=tile_load sampled_thread_ms=36.4882946014 sampled_tiles=1812 wall_ms=353.272199631
METHOD_PROFILE graph=indochina-2004 method=b2_accurate layer=2 phase=tile_compute sampled_thread_ms=55.2589893341 sampled_tiles=1812 wall_ms=353.272199631
METHOD_PROFILE graph=indochina-2004 method=b2_accurate layer=2 phase=tile_store sampled_thread_ms=2.57110595703 sampled_tiles=1812 wall_ms=353.272199631
METHOD_PROFILE graph=indochina-2004 method=b2_accurate layer=2 phase=output_scatter sampled_thread_ms=0.256299972534 sampled_tiles=1812 wall_ms=353.272199631
METHOD_PROFILE graph=indochina-2004 method=b2_accurate layer=2 phase=thread_amx_setup sampled_thread_ms=0.046968460083 sampled_tiles=1812 wall_ms=353.272199631
METHOD_STAGE graph=indochina-2004 method=b4_fast repeat=0 layer1_ms=179.635047913 relu_ms=12.9828453064 interlayer_conversion_ms=13.9620304108 layer2_ms=168.365955353 total_ms=374.945878983
METHOD_STAGE graph=indochina-2004 method=b4_fast repeat=1 layer1_ms=178.778886795 relu_ms=13.3879184723 interlayer_conversion_ms=14.1580104828 layer2_ms=168.534040451 total_ms=374.858856201
METHOD_STAGE graph=indochina-2004 method=b4_fast repeat=2 layer1_ms=180.242061615 relu_ms=13.209104538 interlayer_conversion_ms=13.9689445496 layer2_ms=169.028997421 total_ms=376.449108124
METHOD_PROFILE graph=indochina-2004 method=b4_fast layer=1 phase=output_zero sampled_thread_ms=0 sampled_tiles=1812 wall_ms=198.32110405
METHOD_PROFILE graph=indochina-2004 method=b4_fast layer=1 phase=row_schedule sampled_thread_ms=0.401020050049 sampled_tiles=1812 wall_ms=198.32110405
METHOD_PROFILE graph=indochina-2004 method=b4_fast layer=1 phase=partial_zero sampled_thread_ms=2.63714790344 sampled_tiles=1812 wall_ms=198.32110405
METHOD_PROFILE graph=indochina-2004 method=b4_fast layer=1 phase=csr_prefetch sampled_thread_ms=25.7906913757 sampled_tiles=1812 wall_ms=198.32110405
METHOD_PROFILE graph=indochina-2004 method=b4_fast layer=1 phase=feature_gather_decode sampled_thread_ms=30.5271148682 sampled_tiles=1812 wall_ms=198.32110405
METHOD_PROFILE graph=indochina-2004 method=b4_fast layer=1 phase=fp32_neighbor_reduction sampled_thread_ms=30.6997299194 sampled_tiles=1812 wall_ms=198.32110405
METHOD_PROFILE graph=indochina-2004 method=b4_fast layer=1 phase=partial_bf16_conversion sampled_thread_ms=2.33173370361 sampled_tiles=1812 wall_ms=198.32110405
METHOD_PROFILE graph=indochina-2004 method=b4_fast layer=1 phase=tile_load sampled_thread_ms=11.2478733063 sampled_tiles=1812 wall_ms=198.32110405
METHOD_PROFILE graph=indochina-2004 method=b4_fast layer=1 phase=tile_compute sampled_thread_ms=24.715423584 sampled_tiles=1812 wall_ms=198.32110405
METHOD_PROFILE graph=indochina-2004 method=b4_fast layer=1 phase=tile_store sampled_thread_ms=1.61123275757 sampled_tiles=1812 wall_ms=198.32110405
METHOD_PROFILE graph=indochina-2004 method=b4_fast layer=1 phase=output_scatter sampled_thread_ms=1.43599510193 sampled_tiles=1812 wall_ms=198.32110405
METHOD_PROFILE graph=indochina-2004 method=b4_fast layer=1 phase=thread_amx_setup sampled_thread_ms=0.0364780426025 sampled_tiles=1812 wall_ms=198.32110405
METHOD_PROFILE graph=indochina-2004 method=b4_fast layer=2 phase=output_zero sampled_thread_ms=0 sampled_tiles=1812 wall_ms=181.951999664
METHOD_PROFILE graph=indochina-2004 method=b4_fast layer=2 phase=row_schedule sampled_thread_ms=0.376224517822 sampled_tiles=1812 wall_ms=181.951999664
METHOD_PROFILE graph=indochina-2004 method=b4_fast layer=2 phase=partial_zero sampled_thread_ms=2.76923179626 sampled_tiles=1812 wall_ms=181.951999664
METHOD_PROFILE graph=indochina-2004 method=b4_fast layer=2 phase=csr_prefetch sampled_thread_ms=25.9289741516 sampled_tiles=1812 wall_ms=181.951999664
METHOD_PROFILE graph=indochina-2004 method=b4_fast layer=2 phase=feature_gather_decode sampled_thread_ms=30.787229538 sampled_tiles=1812 wall_ms=181.951999664
METHOD_PROFILE graph=indochina-2004 method=b4_fast layer=2 phase=fp32_neighbor_reduction sampled_thread_ms=30.7183265686 sampled_tiles=1812 wall_ms=181.951999664
METHOD_PROFILE graph=indochina-2004 method=b4_fast layer=2 phase=partial_bf16_conversion sampled_thread_ms=2.3181438446 sampled_tiles=1812 wall_ms=181.951999664
METHOD_PROFILE graph=indochina-2004 method=b4_fast layer=2 phase=tile_load sampled_thread_ms=11.132478714 sampled_tiles=1812 wall_ms=181.951999664
METHOD_PROFILE graph=indochina-2004 method=b4_fast layer=2 phase=tile_compute sampled_thread_ms=25.5565643311 sampled_tiles=1812 wall_ms=181.951999664
METHOD_PROFILE graph=indochina-2004 method=b4_fast layer=2 phase=tile_store sampled_thread_ms=1.68108940125 sampled_tiles=1812 wall_ms=181.951999664
METHOD_PROFILE graph=indochina-2004 method=b4_fast layer=2 phase=output_scatter sampled_thread_ms=0.249624252319 sampled_tiles=1812 wall_ms=181.951999664
METHOD_PROFILE graph=indochina-2004 method=b4_fast layer=2 phase=thread_amx_setup sampled_thread_ms=0.0512599945068 sampled_tiles=1812 wall_ms=181.951999664
METHOD_STAGE graph=indochina-2004 method=b4_accurate repeat=0 layer1_ms=222.569942474 relu_ms=12.9020214081 interlayer_conversion_ms=13.9570236206 layer2_ms=211.712121964 total_ms=461.141109467
METHOD_STAGE graph=indochina-2004 method=b4_accurate repeat=1 layer1_ms=220.34406662 relu_ms=13.1390094757 interlayer_conversion_ms=13.9408111572 layer2_ms=208.92906189 total_ms=456.352949142
METHOD_STAGE graph=indochina-2004 method=b4_accurate repeat=2 layer1_ms=219.56205368 relu_ms=13.3080482483 interlayer_conversion_ms=13.9300823212 layer2_ms=209.649801254 total_ms=456.449985504
METHOD_PROFILE graph=indochina-2004 method=b4_accurate layer=1 phase=output_zero sampled_thread_ms=0 sampled_tiles=1812 wall_ms=230.043888092
METHOD_PROFILE graph=indochina-2004 method=b4_accurate layer=1 phase=row_schedule sampled_thread_ms=0.390768051147 sampled_tiles=1812 wall_ms=230.043888092
METHOD_PROFILE graph=indochina-2004 method=b4_accurate layer=1 phase=partial_zero sampled_thread_ms=2.65502929688 sampled_tiles=1812 wall_ms=230.043888092
METHOD_PROFILE graph=indochina-2004 method=b4_accurate layer=1 phase=csr_prefetch sampled_thread_ms=25.749206543 sampled_tiles=1812 wall_ms=230.043888092
METHOD_PROFILE graph=indochina-2004 method=b4_accurate layer=1 phase=feature_gather_decode sampled_thread_ms=30.3945541382 sampled_tiles=1812 wall_ms=230.043888092
METHOD_PROFILE graph=indochina-2004 method=b4_accurate layer=1 phase=fp32_neighbor_reduction sampled_thread_ms=30.552148819 sampled_tiles=1812 wall_ms=230.043888092
METHOD_PROFILE graph=indochina-2004 method=b4_accurate layer=1 phase=partial_bf16_conversion sampled_thread_ms=3.86261940002 sampled_tiles=1812 wall_ms=230.043888092
METHOD_PROFILE graph=indochina-2004 method=b4_accurate layer=1 phase=tile_load sampled_thread_ms=19.4716453552 sampled_tiles=1812 wall_ms=230.043888092
METHOD_PROFILE graph=indochina-2004 method=b4_accurate layer=1 phase=tile_compute sampled_thread_ms=31.5458774567 sampled_tiles=1812 wall_ms=230.043888092
METHOD_PROFILE graph=indochina-2004 method=b4_accurate layer=1 phase=tile_store sampled_thread_ms=1.53398513794 sampled_tiles=1812 wall_ms=230.043888092
METHOD_PROFILE graph=indochina-2004 method=b4_accurate layer=1 phase=output_scatter sampled_thread_ms=1.44028663635 sampled_tiles=1812 wall_ms=230.043888092
METHOD_PROFILE graph=indochina-2004 method=b4_accurate layer=1 phase=thread_amx_setup sampled_thread_ms=0.0350475311279 sampled_tiles=1812 wall_ms=230.043888092
METHOD_PROFILE graph=indochina-2004 method=b4_accurate layer=2 phase=output_zero sampled_thread_ms=0 sampled_tiles=1812 wall_ms=241.656064987
METHOD_PROFILE graph=indochina-2004 method=b4_accurate layer=2 phase=row_schedule sampled_thread_ms=0.406980514526 sampled_tiles=1812 wall_ms=241.656064987
METHOD_PROFILE graph=indochina-2004 method=b4_accurate layer=2 phase=partial_zero sampled_thread_ms=2.84385681152 sampled_tiles=1812 wall_ms=241.656064987
METHOD_PROFILE graph=indochina-2004 method=b4_accurate layer=2 phase=csr_prefetch sampled_thread_ms=25.6886482239 sampled_tiles=1812 wall_ms=241.656064987
METHOD_PROFILE graph=indochina-2004 method=b4_accurate layer=2 phase=feature_gather_decode sampled_thread_ms=30.1005840302 sampled_tiles=1812 wall_ms=241.656064987
METHOD_PROFILE graph=indochina-2004 method=b4_accurate layer=2 phase=fp32_neighbor_reduction sampled_thread_ms=30.6324958801 sampled_tiles=1812 wall_ms=241.656064987
METHOD_PROFILE graph=indochina-2004 method=b4_accurate layer=2 phase=partial_bf16_conversion sampled_thread_ms=4.02212142944 sampled_tiles=1812 wall_ms=241.656064987
METHOD_PROFILE graph=indochina-2004 method=b4_accurate layer=2 phase=tile_load sampled_thread_ms=19.7756290436 sampled_tiles=1812 wall_ms=241.656064987
METHOD_PROFILE graph=indochina-2004 method=b4_accurate layer=2 phase=tile_compute sampled_thread_ms=31.8582057953 sampled_tiles=1812 wall_ms=241.656064987
METHOD_PROFILE graph=indochina-2004 method=b4_accurate layer=2 phase=tile_store sampled_thread_ms=1.48749351501 sampled_tiles=1812 wall_ms=241.656064987
METHOD_PROFILE graph=indochina-2004 method=b4_accurate layer=2 phase=output_scatter sampled_thread_ms=0.311136245728 sampled_tiles=1812 wall_ms=241.656064987
METHOD_PROFILE graph=indochina-2004 method=b4_accurate layer=2 phase=thread_amx_setup sampled_thread_ms=0.0402927398682 sampled_tiles=1812 wall_ms=241.656064987
METHOD_STAGE graph=indochina-2004 method=b8_fast repeat=0 layer1_ms=136.549949646 relu_ms=12.7761363983 interlayer_conversion_ms=14.063835144 layer2_ms=126.100063324 total_ms=289.489984512
METHOD_STAGE graph=indochina-2004 method=b8_fast repeat=1 layer1_ms=138.859987259 relu_ms=13.2269859314 interlayer_conversion_ms=13.9999389648 layer2_ms=128.664016724 total_ms=294.750928879
METHOD_STAGE graph=indochina-2004 method=b8_fast repeat=2 layer1_ms=137.739181519 relu_ms=13.249874115 interlayer_conversion_ms=14.0299797058 layer2_ms=128.998041153 total_ms=294.017076492
METHOD_PROFILE graph=indochina-2004 method=b8_fast layer=1 phase=output_zero sampled_thread_ms=0 sampled_tiles=1812 wall_ms=156.658887863
METHOD_PROFILE graph=indochina-2004 method=b8_fast layer=1 phase=row_schedule sampled_thread_ms=0.410795211792 sampled_tiles=1812 wall_ms=156.658887863
METHOD_PROFILE graph=indochina-2004 method=b8_fast layer=1 phase=partial_zero sampled_thread_ms=1.59287452698 sampled_tiles=1812 wall_ms=156.658887863
METHOD_PROFILE graph=indochina-2004 method=b8_fast layer=1 phase=csr_prefetch sampled_thread_ms=26.2975692749 sampled_tiles=1812 wall_ms=156.658887863
METHOD_PROFILE graph=indochina-2004 method=b8_fast layer=1 phase=feature_gather_decode sampled_thread_ms=30.1117897034 sampled_tiles=1812 wall_ms=156.658887863
METHOD_PROFILE graph=indochina-2004 method=b8_fast layer=1 phase=fp32_neighbor_reduction sampled_thread_ms=27.3745059967 sampled_tiles=1812 wall_ms=156.658887863
METHOD_PROFILE graph=indochina-2004 method=b8_fast layer=1 phase=partial_bf16_conversion sampled_thread_ms=1.22117996216 sampled_tiles=1812 wall_ms=156.658887863
METHOD_PROFILE graph=indochina-2004 method=b8_fast layer=1 phase=tile_load sampled_thread_ms=6.58273696899 sampled_tiles=1812 wall_ms=156.658887863
METHOD_PROFILE graph=indochina-2004 method=b8_fast layer=1 phase=tile_compute sampled_thread_ms=14.3883228302 sampled_tiles=1812 wall_ms=156.658887863
METHOD_PROFILE graph=indochina-2004 method=b8_fast layer=1 phase=tile_store sampled_thread_ms=0.868320465088 sampled_tiles=1812 wall_ms=156.658887863
METHOD_PROFILE graph=indochina-2004 method=b8_fast layer=1 phase=output_scatter sampled_thread_ms=1.49846076965 sampled_tiles=1812 wall_ms=156.658887863
METHOD_PROFILE graph=indochina-2004 method=b8_fast layer=1 phase=thread_amx_setup sampled_thread_ms=0.037670135498 sampled_tiles=1812 wall_ms=156.658887863
METHOD_PROFILE graph=indochina-2004 method=b8_fast layer=2 phase=output_zero sampled_thread_ms=0 sampled_tiles=1812 wall_ms=152.671098709
METHOD_PROFILE graph=indochina-2004 method=b8_fast layer=2 phase=row_schedule sampled_thread_ms=0.355958938599 sampled_tiles=1812 wall_ms=152.671098709
METHOD_PROFILE graph=indochina-2004 method=b8_fast layer=2 phase=partial_zero sampled_thread_ms=1.60837173462 sampled_tiles=1812 wall_ms=152.671098709
METHOD_PROFILE graph=indochina-2004 method=b8_fast layer=2 phase=csr_prefetch sampled_thread_ms=26.3130664825 sampled_tiles=1812 wall_ms=152.671098709
METHOD_PROFILE graph=indochina-2004 method=b8_fast layer=2 phase=feature_gather_decode sampled_thread_ms=30.2340984344 sampled_tiles=1812 wall_ms=152.671098709
METHOD_PROFILE graph=indochina-2004 method=b8_fast layer=2 phase=fp32_neighbor_reduction sampled_thread_ms=27.4357795715 sampled_tiles=1812 wall_ms=152.671098709
METHOD_PROFILE graph=indochina-2004 method=b8_fast layer=2 phase=partial_bf16_conversion sampled_thread_ms=1.28555297852 sampled_tiles=1812 wall_ms=152.671098709
METHOD_PROFILE graph=indochina-2004 method=b8_fast layer=2 phase=tile_load sampled_thread_ms=6.32739067078 sampled_tiles=1812 wall_ms=152.671098709
METHOD_PROFILE graph=indochina-2004 method=b8_fast layer=2 phase=tile_compute sampled_thread_ms=15.2194499969 sampled_tiles=1812 wall_ms=152.671098709
METHOD_PROFILE graph=indochina-2004 method=b8_fast layer=2 phase=tile_store sampled_thread_ms=0.895977020264 sampled_tiles=1812 wall_ms=152.671098709
METHOD_PROFILE graph=indochina-2004 method=b8_fast layer=2 phase=output_scatter sampled_thread_ms=0.241279602051 sampled_tiles=1812 wall_ms=152.671098709
METHOD_PROFILE graph=indochina-2004 method=b8_fast layer=2 phase=thread_amx_setup sampled_thread_ms=0.0488758087158 sampled_tiles=1812 wall_ms=152.671098709
METHOD_STAGE graph=indochina-2004 method=b8_accurate repeat=0 layer1_ms=160.235881805 relu_ms=12.9539966583 interlayer_conversion_ms=13.89503479 layer2_ms=150.098085403 total_ms=337.182998657
METHOD_STAGE graph=indochina-2004 method=b8_accurate repeat=1 layer1_ms=158.196926117 relu_ms=13.081073761 interlayer_conversion_ms=14.0099525452 layer2_ms=149.479150772 total_ms=334.767103195
METHOD_STAGE graph=indochina-2004 method=b8_accurate repeat=2 layer1_ms=162.137985229 relu_ms=12.9339694977 interlayer_conversion_ms=13.9570236206 layer2_ms=148.621082306 total_ms=337.650060654
METHOD_PROFILE graph=indochina-2004 method=b8_accurate layer=1 phase=output_zero sampled_thread_ms=0.000953674316406 sampled_tiles=1812 wall_ms=181.612968445
METHOD_PROFILE graph=indochina-2004 method=b8_accurate layer=1 phase=row_schedule sampled_thread_ms=0.381946563721 sampled_tiles=1812 wall_ms=181.612968445
METHOD_PROFILE graph=indochina-2004 method=b8_accurate layer=1 phase=partial_zero sampled_thread_ms=1.61099433899 sampled_tiles=1812 wall_ms=181.612968445
METHOD_PROFILE graph=indochina-2004 method=b8_accurate layer=1 phase=csr_prefetch sampled_thread_ms=25.8164405823 sampled_tiles=1812 wall_ms=181.612968445
METHOD_PROFILE graph=indochina-2004 method=b8_accurate layer=1 phase=feature_gather_decode sampled_thread_ms=29.9203395844 sampled_tiles=1812 wall_ms=181.612968445
METHOD_PROFILE graph=indochina-2004 method=b8_accurate layer=1 phase=fp32_neighbor_reduction sampled_thread_ms=27.5747776031 sampled_tiles=1812 wall_ms=181.612968445
METHOD_PROFILE graph=indochina-2004 method=b8_accurate layer=1 phase=partial_bf16_conversion sampled_thread_ms=2.07591056824 sampled_tiles=1812 wall_ms=181.612968445
METHOD_PROFILE graph=indochina-2004 method=b8_accurate layer=1 phase=tile_load sampled_thread_ms=11.1680030823 sampled_tiles=1812 wall_ms=181.612968445
METHOD_PROFILE graph=indochina-2004 method=b8_accurate layer=1 phase=tile_compute sampled_thread_ms=18.0540084839 sampled_tiles=1812 wall_ms=181.612968445
METHOD_PROFILE graph=indochina-2004 method=b8_accurate layer=1 phase=tile_store sampled_thread_ms=0.764846801758 sampled_tiles=1812 wall_ms=181.612968445
METHOD_PROFILE graph=indochina-2004 method=b8_accurate layer=1 phase=output_scatter sampled_thread_ms=1.43432617188 sampled_tiles=1812 wall_ms=181.612968445
METHOD_PROFILE graph=indochina-2004 method=b8_accurate layer=1 phase=thread_amx_setup sampled_thread_ms=0.0402927398682 sampled_tiles=1812 wall_ms=181.612968445
METHOD_PROFILE graph=indochina-2004 method=b8_accurate layer=2 phase=output_zero sampled_thread_ms=0 sampled_tiles=1812 wall_ms=169.340848923
METHOD_PROFILE graph=indochina-2004 method=b8_accurate layer=2 phase=row_schedule sampled_thread_ms=0.336408615112 sampled_tiles=1812 wall_ms=169.340848923
METHOD_PROFILE graph=indochina-2004 method=b8_accurate layer=2 phase=partial_zero sampled_thread_ms=1.61576271057 sampled_tiles=1812 wall_ms=169.340848923
METHOD_PROFILE graph=indochina-2004 method=b8_accurate layer=2 phase=csr_prefetch sampled_thread_ms=26.0138511658 sampled_tiles=1812 wall_ms=169.340848923
METHOD_PROFILE graph=indochina-2004 method=b8_accurate layer=2 phase=feature_gather_decode sampled_thread_ms=29.860496521 sampled_tiles=1812 wall_ms=169.340848923
METHOD_PROFILE graph=indochina-2004 method=b8_accurate layer=2 phase=fp32_neighbor_reduction sampled_thread_ms=27.4336338043 sampled_tiles=1812 wall_ms=169.340848923
METHOD_PROFILE graph=indochina-2004 method=b8_accurate layer=2 phase=partial_bf16_conversion sampled_thread_ms=2.18081474304 sampled_tiles=1812 wall_ms=169.340848923
METHOD_PROFILE graph=indochina-2004 method=b8_accurate layer=2 phase=tile_load sampled_thread_ms=11.3062858582 sampled_tiles=1812 wall_ms=169.340848923
METHOD_PROFILE graph=indochina-2004 method=b8_accurate layer=2 phase=tile_compute sampled_thread_ms=18.0630683899 sampled_tiles=1812 wall_ms=169.340848923
METHOD_PROFILE graph=indochina-2004 method=b8_accurate layer=2 phase=tile_store sampled_thread_ms=0.733852386475 sampled_tiles=1812 wall_ms=169.340848923
METHOD_PROFILE graph=indochina-2004 method=b8_accurate layer=2 phase=output_scatter sampled_thread_ms=0.298023223877 sampled_tiles=1812 wall_ms=169.340848923
METHOD_PROFILE graph=indochina-2004 method=b8_accurate layer=2 phase=thread_amx_setup sampled_thread_ms=0.0572204589844 sampled_tiles=1812 wall_ms=169.340848923
METHOD_STAGE graph=indochina-2004 method=b16_fast repeat=0 layer1_ms=114.236831665 relu_ms=12.2690200806 interlayer_conversion_ms=14.1401290894 layer2_ms=106.302976608 total_ms=246.948957443
METHOD_STAGE graph=indochina-2004 method=b16_fast repeat=1 layer1_ms=116.567134857 relu_ms=13.1690502167 interlayer_conversion_ms=14.0659809113 layer2_ms=104.8579216 total_ms=248.660087585
METHOD_STAGE graph=indochina-2004 method=b16_fast repeat=2 layer1_ms=115.594148636 relu_ms=12.6669406891 interlayer_conversion_ms=14.1088962555 layer2_ms=106.533050537 total_ms=248.903036118
METHOD_PROFILE graph=indochina-2004 method=b16_fast layer=1 phase=output_zero sampled_thread_ms=0 sampled_tiles=1812 wall_ms=125.253200531
METHOD_PROFILE graph=indochina-2004 method=b16_fast layer=1 phase=row_schedule sampled_thread_ms=0.398635864258 sampled_tiles=1812 wall_ms=125.253200531
METHOD_PROFILE graph=indochina-2004 method=b16_fast layer=1 phase=partial_zero sampled_thread_ms=0.948429107666 sampled_tiles=1812 wall_ms=125.253200531
METHOD_PROFILE graph=indochina-2004 method=b16_fast layer=1 phase=csr_prefetch sampled_thread_ms=25.6621837616 sampled_tiles=1812 wall_ms=125.253200531
METHOD_PROFILE graph=indochina-2004 method=b16_fast layer=1 phase=feature_gather_decode sampled_thread_ms=29.9437046051 sampled_tiles=1812 wall_ms=125.253200531
METHOD_PROFILE graph=indochina-2004 method=b16_fast layer=1 phase=fp32_neighbor_reduction sampled_thread_ms=25.8526802063 sampled_tiles=1812 wall_ms=125.253200531
METHOD_PROFILE graph=indochina-2004 method=b16_fast layer=1 phase=partial_bf16_conversion sampled_thread_ms=0.753402709961 sampled_tiles=1812 wall_ms=125.253200531
METHOD_PROFILE graph=indochina-2004 method=b16_fast layer=1 phase=tile_load sampled_thread_ms=4.18400764465 sampled_tiles=1812 wall_ms=125.253200531
METHOD_PROFILE graph=indochina-2004 method=b16_fast layer=1 phase=tile_compute sampled_thread_ms=9.27495956421 sampled_tiles=1812 wall_ms=125.253200531
METHOD_PROFILE graph=indochina-2004 method=b16_fast layer=1 phase=tile_store sampled_thread_ms=0.531911849976 sampled_tiles=1812 wall_ms=125.253200531
METHOD_PROFILE graph=indochina-2004 method=b16_fast layer=1 phase=output_scatter sampled_thread_ms=1.48725509644 sampled_tiles=1812 wall_ms=125.253200531
METHOD_PROFILE graph=indochina-2004 method=b16_fast layer=1 phase=thread_amx_setup sampled_thread_ms=0.056266784668 sampled_tiles=1812 wall_ms=125.253200531
METHOD_PROFILE graph=indochina-2004 method=b16_fast layer=2 phase=output_zero sampled_thread_ms=0 sampled_tiles=1812 wall_ms=125.144958496
METHOD_PROFILE graph=indochina-2004 method=b16_fast layer=2 phase=row_schedule sampled_thread_ms=0.372409820557 sampled_tiles=1812 wall_ms=125.144958496
METHOD_PROFILE graph=indochina-2004 method=b16_fast layer=2 phase=partial_zero sampled_thread_ms=1.04832649231 sampled_tiles=1812 wall_ms=125.144958496
METHOD_PROFILE graph=indochina-2004 method=b16_fast layer=2 phase=csr_prefetch sampled_thread_ms=25.8436203003 sampled_tiles=1812 wall_ms=125.144958496
METHOD_PROFILE graph=indochina-2004 method=b16_fast layer=2 phase=feature_gather_decode sampled_thread_ms=29.9696922302 sampled_tiles=1812 wall_ms=125.144958496
METHOD_PROFILE graph=indochina-2004 method=b16_fast layer=2 phase=fp32_neighbor_reduction sampled_thread_ms=25.6555080414 sampled_tiles=1812 wall_ms=125.144958496
METHOD_PROFILE graph=indochina-2004 method=b16_fast layer=2 phase=partial_bf16_conversion sampled_thread_ms=0.696659088135 sampled_tiles=1812 wall_ms=125.144958496
METHOD_PROFILE graph=indochina-2004 method=b16_fast layer=2 phase=tile_load sampled_thread_ms=4.08339500427 sampled_tiles=1812 wall_ms=125.144958496
METHOD_PROFILE graph=indochina-2004 method=b16_fast layer=2 phase=tile_compute sampled_thread_ms=9.50336456299 sampled_tiles=1812 wall_ms=125.144958496
METHOD_PROFILE graph=indochina-2004 method=b16_fast layer=2 phase=tile_store sampled_thread_ms=0.504732131958 sampled_tiles=1812 wall_ms=125.144958496
METHOD_PROFILE graph=indochina-2004 method=b16_fast layer=2 phase=output_scatter sampled_thread_ms=0.265836715698 sampled_tiles=1812 wall_ms=125.144958496
METHOD_PROFILE graph=indochina-2004 method=b16_fast layer=2 phase=thread_amx_setup sampled_thread_ms=0.0474452972412 sampled_tiles=1812 wall_ms=125.144958496
METHOD_STAGE graph=indochina-2004 method=b16_accurate repeat=0 layer1_ms=126.194000244 relu_ms=12.423992157 interlayer_conversion_ms=14.0950679779 layer2_ms=118.815898895 total_ms=271.528959274
METHOD_STAGE graph=indochina-2004 method=b16_accurate repeat=1 layer1_ms=127.118110657 relu_ms=13.3810043335 interlayer_conversion_ms=13.9119625092 layer2_ms=117.738962173 total_ms=272.150039673
METHOD_STAGE graph=indochina-2004 method=b16_accurate repeat=2 layer1_ms=126.935958862 relu_ms=12.4671459198 interlayer_conversion_ms=14.6260261536 layer2_ms=117.57683754 total_ms=271.605968475
METHOD_PROFILE graph=indochina-2004 method=b16_accurate layer=1 phase=output_zero sampled_thread_ms=0 sampled_tiles=1812 wall_ms=136.633872986
METHOD_PROFILE graph=indochina-2004 method=b16_accurate layer=1 phase=row_schedule sampled_thread_ms=0.392198562622 sampled_tiles=1812 wall_ms=136.633872986
METHOD_PROFILE graph=indochina-2004 method=b16_accurate layer=1 phase=partial_zero sampled_thread_ms=1.03235244751 sampled_tiles=1812 wall_ms=136.633872986
METHOD_PROFILE graph=indochina-2004 method=b16_accurate layer=1 phase=csr_prefetch sampled_thread_ms=26.4008045197 sampled_tiles=1812 wall_ms=136.633872986
METHOD_PROFILE graph=indochina-2004 method=b16_accurate layer=1 phase=feature_gather_decode sampled_thread_ms=29.7231674194 sampled_tiles=1812 wall_ms=136.633872986
METHOD_PROFILE graph=indochina-2004 method=b16_accurate layer=1 phase=fp32_neighbor_reduction sampled_thread_ms=25.7530212402 sampled_tiles=1812 wall_ms=136.633872986
METHOD_PROFILE graph=indochina-2004 method=b16_accurate layer=1 phase=partial_bf16_conversion sampled_thread_ms=1.27172470093 sampled_tiles=1812 wall_ms=136.633872986
METHOD_PROFILE graph=indochina-2004 method=b16_accurate layer=1 phase=tile_load sampled_thread_ms=7.02381134033 sampled_tiles=1812 wall_ms=136.633872986
METHOD_PROFILE graph=indochina-2004 method=b16_accurate layer=1 phase=tile_compute sampled_thread_ms=11.0459327698 sampled_tiles=1812 wall_ms=136.633872986
METHOD_PROFILE graph=indochina-2004 method=b16_accurate layer=1 phase=tile_store sampled_thread_ms=0.420093536377 sampled_tiles=1812 wall_ms=136.633872986
METHOD_PROFILE graph=indochina-2004 method=b16_accurate layer=1 phase=output_scatter sampled_thread_ms=1.43074989319 sampled_tiles=1812 wall_ms=136.633872986
METHOD_PROFILE graph=indochina-2004 method=b16_accurate layer=1 phase=thread_amx_setup sampled_thread_ms=0.042200088501 sampled_tiles=1812 wall_ms=136.633872986
METHOD_PROFILE graph=indochina-2004 method=b16_accurate layer=2 phase=output_zero sampled_thread_ms=0 sampled_tiles=1812 wall_ms=131.204843521
METHOD_PROFILE graph=indochina-2004 method=b16_accurate layer=2 phase=row_schedule sampled_thread_ms=0.412940979004 sampled_tiles=1812 wall_ms=131.204843521
METHOD_PROFILE graph=indochina-2004 method=b16_accurate layer=2 phase=partial_zero sampled_thread_ms=1.04689598083 sampled_tiles=1812 wall_ms=131.204843521
METHOD_PROFILE graph=indochina-2004 method=b16_accurate layer=2 phase=csr_prefetch sampled_thread_ms=25.9728431702 sampled_tiles=1812 wall_ms=131.204843521
METHOD_PROFILE graph=indochina-2004 method=b16_accurate layer=2 phase=feature_gather_decode sampled_thread_ms=29.7319889069 sampled_tiles=1812 wall_ms=131.204843521
METHOD_PROFILE graph=indochina-2004 method=b16_accurate layer=2 phase=fp32_neighbor_reduction sampled_thread_ms=25.8548259735 sampled_tiles=1812 wall_ms=131.204843521
METHOD_PROFILE graph=indochina-2004 method=b16_accurate layer=2 phase=partial_bf16_conversion sampled_thread_ms=1.24025344849 sampled_tiles=1812 wall_ms=131.204843521
METHOD_PROFILE graph=indochina-2004 method=b16_accurate layer=2 phase=tile_load sampled_thread_ms=6.9842338562 sampled_tiles=1812 wall_ms=131.204843521
METHOD_PROFILE graph=indochina-2004 method=b16_accurate layer=2 phase=tile_compute sampled_thread_ms=11.1057758331 sampled_tiles=1812 wall_ms=131.204843521
METHOD_PROFILE graph=indochina-2004 method=b16_accurate layer=2 phase=tile_store sampled_thread_ms=0.470638275146 sampled_tiles=1812 wall_ms=131.204843521
METHOD_PROFILE graph=indochina-2004 method=b16_accurate layer=2 phase=output_scatter sampled_thread_ms=0.286340713501 sampled_tiles=1812 wall_ms=131.204843521
METHOD_PROFILE graph=indochina-2004 method=b16_accurate layer=2 phase=thread_amx_setup sampled_thread_ms=0.0343322753906 sampled_tiles=1812 wall_ms=131.204843521
METHOD_STAGE graph=indochina-2004 method=b32_fast repeat=0 layer1_ms=103.877067566 relu_ms=12.8128528595 interlayer_conversion_ms=14.1019821167 layer2_ms=94.4380760193 total_ms=225.229978561
METHOD_STAGE graph=indochina-2004 method=b32_fast repeat=1 layer1_ms=107.344150543 relu_ms=12.5329494476 interlayer_conversion_ms=14.2478942871 layer2_ms=94.496011734 total_ms=228.621006012
METHOD_STAGE graph=indochina-2004 method=b32_fast repeat=2 layer1_ms=105.348825455 relu_ms=12.7320289612 interlayer_conversion_ms=14.7411823273 layer2_ms=94.8669910431 total_ms=227.689027786
METHOD_PROFILE graph=indochina-2004 method=b32_fast layer=1 phase=output_zero sampled_thread_ms=0 sampled_tiles=1812 wall_ms=122.791051865
METHOD_PROFILE graph=indochina-2004 method=b32_fast layer=1 phase=row_schedule sampled_thread_ms=0.44846534729 sampled_tiles=1812 wall_ms=122.791051865
METHOD_PROFILE graph=indochina-2004 method=b32_fast layer=1 phase=partial_zero sampled_thread_ms=0.672340393066 sampled_tiles=1812 wall_ms=122.791051865
METHOD_PROFILE graph=indochina-2004 method=b32_fast layer=1 phase=csr_prefetch sampled_thread_ms=25.4485607147 sampled_tiles=1812 wall_ms=122.791051865
METHOD_PROFILE graph=indochina-2004 method=b32_fast layer=1 phase=feature_gather_decode sampled_thread_ms=29.1731357574 sampled_tiles=1812 wall_ms=122.791051865
METHOD_PROFILE graph=indochina-2004 method=b32_fast layer=1 phase=fp32_neighbor_reduction sampled_thread_ms=24.4445800781 sampled_tiles=1812 wall_ms=122.791051865
METHOD_PROFILE graph=indochina-2004 method=b32_fast layer=1 phase=partial_bf16_conversion sampled_thread_ms=0.506639480591 sampled_tiles=1812 wall_ms=122.791051865
METHOD_PROFILE graph=indochina-2004 method=b32_fast layer=1 phase=tile_load sampled_thread_ms=2.87008285522 sampled_tiles=1812 wall_ms=122.791051865
METHOD_PROFILE graph=indochina-2004 method=b32_fast layer=1 phase=tile_compute sampled_thread_ms=6.5929889679 sampled_tiles=1812 wall_ms=122.791051865
METHOD_PROFILE graph=indochina-2004 method=b32_fast layer=1 phase=tile_store sampled_thread_ms=0.348091125488 sampled_tiles=1812 wall_ms=122.791051865
METHOD_PROFILE graph=indochina-2004 method=b32_fast layer=1 phase=output_scatter sampled_thread_ms=1.56688690186 sampled_tiles=1812 wall_ms=122.791051865
METHOD_PROFILE graph=indochina-2004 method=b32_fast layer=1 phase=thread_amx_setup sampled_thread_ms=0.0441074371338 sampled_tiles=1812 wall_ms=122.791051865
METHOD_PROFILE graph=indochina-2004 method=b32_fast layer=2 phase=output_zero sampled_thread_ms=0 sampled_tiles=1812 wall_ms=109.021902084
METHOD_PROFILE graph=indochina-2004 method=b32_fast layer=2 phase=row_schedule sampled_thread_ms=0.406742095947 sampled_tiles=1812 wall_ms=109.021902084
METHOD_PROFILE graph=indochina-2004 method=b32_fast layer=2 phase=partial_zero sampled_thread_ms=0.718116760254 sampled_tiles=1812 wall_ms=109.021902084
METHOD_PROFILE graph=indochina-2004 method=b32_fast layer=2 phase=csr_prefetch sampled_thread_ms=25.151014328 sampled_tiles=1812 wall_ms=109.021902084
METHOD_PROFILE graph=indochina-2004 method=b32_fast layer=2 phase=feature_gather_decode sampled_thread_ms=28.8519859314 sampled_tiles=1812 wall_ms=109.021902084
METHOD_PROFILE graph=indochina-2004 method=b32_fast layer=2 phase=fp32_neighbor_reduction sampled_thread_ms=24.2896080017 sampled_tiles=1812 wall_ms=109.021902084
METHOD_PROFILE graph=indochina-2004 method=b32_fast layer=2 phase=partial_bf16_conversion sampled_thread_ms=0.48041343689 sampled_tiles=1812 wall_ms=109.021902084
METHOD_PROFILE graph=indochina-2004 method=b32_fast layer=2 phase=tile_load sampled_thread_ms=2.66337394714 sampled_tiles=1812 wall_ms=109.021902084
METHOD_PROFILE graph=indochina-2004 method=b32_fast layer=2 phase=tile_compute sampled_thread_ms=6.22367858887 sampled_tiles=1812 wall_ms=109.021902084
METHOD_PROFILE graph=indochina-2004 method=b32_fast layer=2 phase=tile_store sampled_thread_ms=0.358581542969 sampled_tiles=1812 wall_ms=109.021902084
METHOD_PROFILE graph=indochina-2004 method=b32_fast layer=2 phase=output_scatter sampled_thread_ms=0.263214111328 sampled_tiles=1812 wall_ms=109.021902084
METHOD_PROFILE graph=indochina-2004 method=b32_fast layer=2 phase=thread_amx_setup sampled_thread_ms=0.0460147857666 sampled_tiles=1812 wall_ms=109.021902084
METHOD_STAGE graph=indochina-2004 method=b32_accurate repeat=0 layer1_ms=112.80798912 relu_ms=13.2899284363 interlayer_conversion_ms=14.3301486969 layer2_ms=101.248979568 total_ms=241.677045822
METHOD_STAGE graph=indochina-2004 method=b32_accurate repeat=1 layer1_ms=111.108064651 relu_ms=12.3269557953 interlayer_conversion_ms=14.2531394958 layer2_ms=102.536916733 total_ms=240.225076675
METHOD_STAGE graph=indochina-2004 method=b32_accurate repeat=2 layer1_ms=112.46919632 relu_ms=13.1139755249 interlayer_conversion_ms=14.1408443451 layer2_ms=99.9369621277 total_ms=239.660978317
METHOD_PROFILE graph=indochina-2004 method=b32_accurate layer=1 phase=output_zero sampled_thread_ms=0 sampled_tiles=1812 wall_ms=132.891893387
METHOD_PROFILE graph=indochina-2004 method=b32_accurate layer=1 phase=row_schedule sampled_thread_ms=0.388860702515 sampled_tiles=1812 wall_ms=132.891893387
METHOD_PROFILE graph=indochina-2004 method=b32_accurate layer=1 phase=partial_zero sampled_thread_ms=0.713109970093 sampled_tiles=1812 wall_ms=132.891893387
METHOD_PROFILE graph=indochina-2004 method=b32_accurate layer=1 phase=csr_prefetch sampled_thread_ms=26.2854099274 sampled_tiles=1812 wall_ms=132.891893387
METHOD_PROFILE graph=indochina-2004 method=b32_accurate layer=1 phase=feature_gather_decode sampled_thread_ms=29.9990177155 sampled_tiles=1812 wall_ms=132.891893387
METHOD_PROFILE graph=indochina-2004 method=b32_accurate layer=1 phase=fp32_neighbor_reduction sampled_thread_ms=24.8804092407 sampled_tiles=1812 wall_ms=132.891893387
METHOD_PROFILE graph=indochina-2004 method=b32_accurate layer=1 phase=partial_bf16_conversion sampled_thread_ms=0.761032104492 sampled_tiles=1812 wall_ms=132.891893387
METHOD_PROFILE graph=indochina-2004 method=b32_accurate layer=1 phase=tile_load sampled_thread_ms=4.96697425842 sampled_tiles=1812 wall_ms=132.891893387
METHOD_PROFILE graph=indochina-2004 method=b32_accurate layer=1 phase=tile_compute sampled_thread_ms=8.27479362488 sampled_tiles=1812 wall_ms=132.891893387
METHOD_PROFILE graph=indochina-2004 method=b32_accurate layer=1 phase=tile_store sampled_thread_ms=0.282764434814 sampled_tiles=1812 wall_ms=132.891893387
METHOD_PROFILE graph=indochina-2004 method=b32_accurate layer=1 phase=output_scatter sampled_thread_ms=1.54757499695 sampled_tiles=1812 wall_ms=132.891893387
METHOD_PROFILE graph=indochina-2004 method=b32_accurate layer=1 phase=thread_amx_setup sampled_thread_ms=0.0391006469727 sampled_tiles=1812 wall_ms=132.891893387
METHOD_PROFILE graph=indochina-2004 method=b32_accurate layer=2 phase=output_zero sampled_thread_ms=0 sampled_tiles=1812 wall_ms=120.423078537
METHOD_PROFILE graph=indochina-2004 method=b32_accurate layer=2 phase=row_schedule sampled_thread_ms=0.368118286133 sampled_tiles=1812 wall_ms=120.423078537
METHOD_PROFILE graph=indochina-2004 method=b32_accurate layer=2 phase=partial_zero sampled_thread_ms=0.695943832397 sampled_tiles=1812 wall_ms=120.423078537
METHOD_PROFILE graph=indochina-2004 method=b32_accurate layer=2 phase=csr_prefetch sampled_thread_ms=25.857925415 sampled_tiles=1812 wall_ms=120.423078537
METHOD_PROFILE graph=indochina-2004 method=b32_accurate layer=2 phase=feature_gather_decode sampled_thread_ms=29.7772884369 sampled_tiles=1812 wall_ms=120.423078537
METHOD_PROFILE graph=indochina-2004 method=b32_accurate layer=2 phase=fp32_neighbor_reduction sampled_thread_ms=24.8289108276 sampled_tiles=1812 wall_ms=120.423078537
METHOD_PROFILE graph=indochina-2004 method=b32_accurate layer=2 phase=partial_bf16_conversion sampled_thread_ms=0.80132484436 sampled_tiles=1812 wall_ms=120.423078537
METHOD_PROFILE graph=indochina-2004 method=b32_accurate layer=2 phase=tile_load sampled_thread_ms=4.78887557983 sampled_tiles=1812 wall_ms=120.423078537
METHOD_PROFILE graph=indochina-2004 method=b32_accurate layer=2 phase=tile_compute sampled_thread_ms=7.70735740662 sampled_tiles=1812 wall_ms=120.423078537
METHOD_PROFILE graph=indochina-2004 method=b32_accurate layer=2 phase=tile_store sampled_thread_ms=0.314712524414 sampled_tiles=1812 wall_ms=120.423078537
METHOD_PROFILE graph=indochina-2004 method=b32_accurate layer=2 phase=output_scatter sampled_thread_ms=0.303268432617 sampled_tiles=1812 wall_ms=120.423078537
METHOD_PROFILE graph=indochina-2004 method=b32_accurate layer=2 phase=thread_amx_setup sampled_thread_ms=0.0426769256592 sampled_tiles=1812 wall_ms=120.423078537
METHOD_STAGE graph=indochina-2004 method=b64_fast repeat=0 layer1_ms=98.522901535 relu_ms=12.3710632324 interlayer_conversion_ms=14.2140388489 layer2_ms=89.0338420868 total_ms=214.141845703
METHOD_STAGE graph=indochina-2004 method=b64_fast repeat=1 layer1_ms=100.395917892 relu_ms=12.3960971832 interlayer_conversion_ms=14.4019126892 layer2_ms=89.7791385651 total_ms=216.97306633
METHOD_STAGE graph=indochina-2004 method=b64_fast repeat=2 layer1_ms=101.261138916 relu_ms=12.9668712616 interlayer_conversion_ms=14.1000747681 layer2_ms=88.4578227997 total_ms=216.785907745
METHOD_PROFILE graph=indochina-2004 method=b64_fast layer=1 phase=output_zero sampled_thread_ms=0 sampled_tiles=1812 wall_ms=121.968984604
METHOD_PROFILE graph=indochina-2004 method=b64_fast layer=1 phase=row_schedule sampled_thread_ms=0.458955764771 sampled_tiles=1812 wall_ms=121.968984604
METHOD_PROFILE graph=indochina-2004 method=b64_fast layer=1 phase=partial_zero sampled_thread_ms=0.527620315552 sampled_tiles=1812 wall_ms=121.968984604
METHOD_PROFILE graph=indochina-2004 method=b64_fast layer=1 phase=csr_prefetch sampled_thread_ms=24.7495174408 sampled_tiles=1812 wall_ms=121.968984604
METHOD_PROFILE graph=indochina-2004 method=b64_fast layer=1 phase=feature_gather_decode sampled_thread_ms=28.427362442 sampled_tiles=1812 wall_ms=121.968984604
METHOD_PROFILE graph=indochina-2004 method=b64_fast layer=1 phase=fp32_neighbor_reduction sampled_thread_ms=23.4272480011 sampled_tiles=1812 wall_ms=121.968984604
METHOD_PROFILE graph=indochina-2004 method=b64_fast layer=1 phase=partial_bf16_conversion sampled_thread_ms=0.386953353882 sampled_tiles=1812 wall_ms=121.968984604
METHOD_PROFILE graph=indochina-2004 method=b64_fast layer=1 phase=tile_load sampled_thread_ms=2.33149528503 sampled_tiles=1812 wall_ms=121.968984604
METHOD_PROFILE graph=indochina-2004 method=b64_fast layer=1 phase=tile_compute sampled_thread_ms=5.1097869873 sampled_tiles=1812 wall_ms=121.968984604
METHOD_PROFILE graph=indochina-2004 method=b64_fast layer=1 phase=tile_store sampled_thread_ms=0.263929367065 sampled_tiles=1812 wall_ms=121.968984604
METHOD_PROFILE graph=indochina-2004 method=b64_fast layer=1 phase=output_scatter sampled_thread_ms=1.61027908325 sampled_tiles=1812 wall_ms=121.968984604
METHOD_PROFILE graph=indochina-2004 method=b64_fast layer=1 phase=thread_amx_setup sampled_thread_ms=0.0529289245605 sampled_tiles=1812 wall_ms=121.968984604
METHOD_PROFILE graph=indochina-2004 method=b64_fast layer=2 phase=output_zero sampled_thread_ms=0 sampled_tiles=1812 wall_ms=109.46893692
METHOD_PROFILE graph=indochina-2004 method=b64_fast layer=2 phase=row_schedule sampled_thread_ms=0.346660614014 sampled_tiles=1812 wall_ms=109.46893692
METHOD_PROFILE graph=indochina-2004 method=b64_fast layer=2 phase=partial_zero sampled_thread_ms=0.58650970459 sampled_tiles=1812 wall_ms=109.46893692
METHOD_PROFILE graph=indochina-2004 method=b64_fast layer=2 phase=csr_prefetch sampled_thread_ms=24.6982574463 sampled_tiles=1812 wall_ms=109.46893692
METHOD_PROFILE graph=indochina-2004 method=b64_fast layer=2 phase=feature_gather_decode sampled_thread_ms=28.6331176758 sampled_tiles=1812 wall_ms=109.46893692
METHOD_PROFILE graph=indochina-2004 method=b64_fast layer=2 phase=fp32_neighbor_reduction sampled_thread_ms=23.2419967651 sampled_tiles=1812 wall_ms=109.46893692
METHOD_PROFILE graph=indochina-2004 method=b64_fast layer=2 phase=partial_bf16_conversion sampled_thread_ms=0.397443771362 sampled_tiles=1812 wall_ms=109.46893692
METHOD_PROFILE graph=indochina-2004 method=b64_fast layer=2 phase=tile_load sampled_thread_ms=2.06708908081 sampled_tiles=1812 wall_ms=109.46893692
METHOD_PROFILE graph=indochina-2004 method=b64_fast layer=2 phase=tile_compute sampled_thread_ms=4.97436523438 sampled_tiles=1812 wall_ms=109.46893692
METHOD_PROFILE graph=indochina-2004 method=b64_fast layer=2 phase=tile_store sampled_thread_ms=0.320196151733 sampled_tiles=1812 wall_ms=109.46893692
METHOD_PROFILE graph=indochina-2004 method=b64_fast layer=2 phase=output_scatter sampled_thread_ms=0.256538391113 sampled_tiles=1812 wall_ms=109.46893692
METHOD_PROFILE graph=indochina-2004 method=b64_fast layer=2 phase=thread_amx_setup sampled_thread_ms=0.0410079956055 sampled_tiles=1812 wall_ms=109.46893692
METHOD_STAGE graph=indochina-2004 method=b64_accurate repeat=0 layer1_ms=104.510068893 relu_ms=12.7189159393 interlayer_conversion_ms=14.1730308533 layer2_ms=94.9230194092 total_ms=226.325035095
METHOD_STAGE graph=indochina-2004 method=b64_accurate repeat=1 layer1_ms=104.220151901 relu_ms=12.3817920685 interlayer_conversion_ms=14.0991210938 layer2_ms=95.2529907227 total_ms=225.954055786
METHOD_STAGE graph=indochina-2004 method=b64_accurate repeat=2 layer1_ms=104.336023331 relu_ms=13.1230354309 interlayer_conversion_ms=14.0869617462 layer2_ms=95.9379673004 total_ms=227.483987808
METHOD_PROFILE graph=indochina-2004 method=b64_accurate layer=1 phase=output_zero sampled_thread_ms=0 sampled_tiles=1812 wall_ms=125.982999802
METHOD_PROFILE graph=indochina-2004 method=b64_accurate layer=1 phase=row_schedule sampled_thread_ms=0.3821849823 sampled_tiles=1812 wall_ms=125.982999802
METHOD_PROFILE graph=indochina-2004 method=b64_accurate layer=1 phase=partial_zero sampled_thread_ms=0.58650970459 sampled_tiles=1812 wall_ms=125.982999802
METHOD_PROFILE graph=indochina-2004 method=b64_accurate layer=1 phase=csr_prefetch sampled_thread_ms=25.8440971375 sampled_tiles=1812 wall_ms=125.982999802
METHOD_PROFILE graph=indochina-2004 method=b64_accurate layer=1 phase=feature_gather_decode sampled_thread_ms=29.8845767975 sampled_tiles=1812 wall_ms=125.982999802
METHOD_PROFILE graph=indochina-2004 method=b64_accurate layer=1 phase=fp32_neighbor_reduction sampled_thread_ms=24.5640277863 sampled_tiles=1812 wall_ms=125.982999802
METHOD_PROFILE graph=indochina-2004 method=b64_accurate layer=1 phase=partial_bf16_conversion sampled_thread_ms=0.543117523193 sampled_tiles=1812 wall_ms=125.982999802
METHOD_PROFILE graph=indochina-2004 method=b64_accurate layer=1 phase=tile_load sampled_thread_ms=3.85785102844 sampled_tiles=1812 wall_ms=125.982999802
METHOD_PROFILE graph=indochina-2004 method=b64_accurate layer=1 phase=tile_compute sampled_thread_ms=6.46305084229 sampled_tiles=1812 wall_ms=125.982999802
METHOD_PROFILE graph=indochina-2004 method=b64_accurate layer=1 phase=tile_store sampled_thread_ms=0.220537185669 sampled_tiles=1812 wall_ms=125.982999802
METHOD_PROFILE graph=indochina-2004 method=b64_accurate layer=1 phase=output_scatter sampled_thread_ms=1.49250030518 sampled_tiles=1812 wall_ms=125.982999802
METHOD_PROFILE graph=indochina-2004 method=b64_accurate layer=1 phase=thread_amx_setup sampled_thread_ms=0.0410079956055 sampled_tiles=1812 wall_ms=125.982999802
METHOD_PROFILE graph=indochina-2004 method=b64_accurate layer=2 phase=output_zero sampled_thread_ms=0.000953674316406 sampled_tiles=1812 wall_ms=107.109069824
METHOD_PROFILE graph=indochina-2004 method=b64_accurate layer=2 phase=row_schedule sampled_thread_ms=0.397682189941 sampled_tiles=1812 wall_ms=107.109069824
METHOD_PROFILE graph=indochina-2004 method=b64_accurate layer=2 phase=partial_zero sampled_thread_ms=0.682830810547 sampled_tiles=1812 wall_ms=107.109069824
METHOD_PROFILE graph=indochina-2004 method=b64_accurate layer=2 phase=csr_prefetch sampled_thread_ms=25.6161689758 sampled_tiles=1812 wall_ms=107.109069824
METHOD_PROFILE graph=indochina-2004 method=b64_accurate layer=2 phase=feature_gather_decode sampled_thread_ms=29.3543338776 sampled_tiles=1812 wall_ms=107.109069824
METHOD_PROFILE graph=indochina-2004 method=b64_accurate layer=2 phase=fp32_neighbor_reduction sampled_thread_ms=24.3272781372 sampled_tiles=1812 wall_ms=107.109069824
METHOD_PROFILE graph=indochina-2004 method=b64_accurate layer=2 phase=partial_bf16_conversion sampled_thread_ms=0.585556030273 sampled_tiles=1812 wall_ms=107.109069824
METHOD_PROFILE graph=indochina-2004 method=b64_accurate layer=2 phase=tile_load sampled_thread_ms=3.71313095093 sampled_tiles=1812 wall_ms=107.109069824
METHOD_PROFILE graph=indochina-2004 method=b64_accurate layer=2 phase=tile_compute sampled_thread_ms=6.37173652649 sampled_tiles=1812 wall_ms=107.109069824
METHOD_PROFILE graph=indochina-2004 method=b64_accurate layer=2 phase=tile_store sampled_thread_ms=0.247716903687 sampled_tiles=1812 wall_ms=107.109069824
METHOD_PROFILE graph=indochina-2004 method=b64_accurate layer=2 phase=output_scatter sampled_thread_ms=0.307559967041 sampled_tiles=1812 wall_ms=107.109069824
METHOD_PROFILE graph=indochina-2004 method=b64_accurate layer=2 phase=thread_amx_setup sampled_thread_ms=0.0371932983398 sampled_tiles=1812 wall_ms=107.109069824
METHOD_STAGE graph=indochina-2004 method=bfull_fast repeat=0 layer1_ms=94.9819087982 relu_ms=12.3929977417 interlayer_conversion_ms=14.2872333527 layer2_ms=86.9278907776 total_ms=208.59003067
METHOD_STAGE graph=indochina-2004 method=bfull_fast repeat=1 layer1_ms=96.6360569 relu_ms=12.4549865723 interlayer_conversion_ms=14.4340991974 layer2_ms=85.9949588776 total_ms=209.520101547
METHOD_STAGE graph=indochina-2004 method=bfull_fast repeat=2 layer1_ms=96.6911315918 relu_ms=12.4559402466 interlayer_conversion_ms=14.1539573669 layer2_ms=86.4360332489 total_ms=209.737062454
METHOD_PROFILE graph=indochina-2004 method=bfull_fast layer=1 phase=output_zero sampled_thread_ms=0 sampled_tiles=1812 wall_ms=113.141059875
METHOD_PROFILE graph=indochina-2004 method=bfull_fast layer=1 phase=row_schedule sampled_thread_ms=0.396251678467 sampled_tiles=1812 wall_ms=113.141059875
METHOD_PROFILE graph=indochina-2004 method=bfull_fast layer=1 phase=partial_zero sampled_thread_ms=0.460624694824 sampled_tiles=1812 wall_ms=113.141059875
METHOD_PROFILE graph=indochina-2004 method=bfull_fast layer=1 phase=csr_prefetch sampled_thread_ms=24.4011878967 sampled_tiles=1812 wall_ms=113.141059875
METHOD_PROFILE graph=indochina-2004 method=bfull_fast layer=1 phase=feature_gather_decode sampled_thread_ms=28.6178588867 sampled_tiles=1812 wall_ms=113.141059875
METHOD_PROFILE graph=indochina-2004 method=bfull_fast layer=1 phase=fp32_neighbor_reduction sampled_thread_ms=23.1554508209 sampled_tiles=1812 wall_ms=113.141059875
METHOD_PROFILE graph=indochina-2004 method=bfull_fast layer=1 phase=partial_bf16_conversion sampled_thread_ms=0.361680984497 sampled_tiles=1812 wall_ms=113.141059875
METHOD_PROFILE graph=indochina-2004 method=bfull_fast layer=1 phase=tile_load sampled_thread_ms=1.80768966675 sampled_tiles=1812 wall_ms=113.141059875
METHOD_PROFILE graph=indochina-2004 method=bfull_fast layer=1 phase=tile_compute sampled_thread_ms=4.57668304443 sampled_tiles=1812 wall_ms=113.141059875
METHOD_PROFILE graph=indochina-2004 method=bfull_fast layer=1 phase=tile_store sampled_thread_ms=0.231266021729 sampled_tiles=1812 wall_ms=113.141059875
METHOD_PROFILE graph=indochina-2004 method=bfull_fast layer=1 phase=output_scatter sampled_thread_ms=1.56569480896 sampled_tiles=1812 wall_ms=113.141059875
METHOD_PROFILE graph=indochina-2004 method=bfull_fast layer=1 phase=thread_amx_setup sampled_thread_ms=0.0486373901367 sampled_tiles=1812 wall_ms=113.141059875
METHOD_PROFILE graph=indochina-2004 method=bfull_fast layer=2 phase=output_zero sampled_thread_ms=0.000953674316406 sampled_tiles=1812 wall_ms=106.823921204
METHOD_PROFILE graph=indochina-2004 method=bfull_fast layer=2 phase=row_schedule sampled_thread_ms=0.33712387085 sampled_tiles=1812 wall_ms=106.823921204
METHOD_PROFILE graph=indochina-2004 method=bfull_fast layer=2 phase=partial_zero sampled_thread_ms=0.556230545044 sampled_tiles=1812 wall_ms=106.823921204
METHOD_PROFILE graph=indochina-2004 method=bfull_fast layer=2 phase=csr_prefetch sampled_thread_ms=24.7414112091 sampled_tiles=1812 wall_ms=106.823921204
METHOD_PROFILE graph=indochina-2004 method=bfull_fast layer=2 phase=feature_gather_decode sampled_thread_ms=28.1319618225 sampled_tiles=1812 wall_ms=106.823921204
METHOD_PROFILE graph=indochina-2004 method=bfull_fast layer=2 phase=fp32_neighbor_reduction sampled_thread_ms=22.8703022003 sampled_tiles=1812 wall_ms=106.823921204
METHOD_PROFILE graph=indochina-2004 method=bfull_fast layer=2 phase=partial_bf16_conversion sampled_thread_ms=0.292539596558 sampled_tiles=1812 wall_ms=106.823921204
METHOD_PROFILE graph=indochina-2004 method=bfull_fast layer=2 phase=tile_load sampled_thread_ms=1.7352104187 sampled_tiles=1812 wall_ms=106.823921204
METHOD_PROFILE graph=indochina-2004 method=bfull_fast layer=2 phase=tile_compute sampled_thread_ms=4.34827804565 sampled_tiles=1812 wall_ms=106.823921204
METHOD_PROFILE graph=indochina-2004 method=bfull_fast layer=2 phase=tile_store sampled_thread_ms=0.269651412964 sampled_tiles=1812 wall_ms=106.823921204
METHOD_PROFILE graph=indochina-2004 method=bfull_fast layer=2 phase=output_scatter sampled_thread_ms=0.274181365967 sampled_tiles=1812 wall_ms=106.823921204
METHOD_PROFILE graph=indochina-2004 method=bfull_fast layer=2 phase=thread_amx_setup sampled_thread_ms=0.0431537628174 sampled_tiles=1812 wall_ms=106.823921204
METHOD_STAGE graph=indochina-2004 method=bfull_accurate repeat=0 layer1_ms=99.9548435211 relu_ms=12.8600597382 interlayer_conversion_ms=14.2810344696 layer2_ms=89.035987854 total_ms=216.131925583
METHOD_STAGE graph=indochina-2004 method=bfull_accurate repeat=1 layer1_ms=100.576877594 relu_ms=12.5110149384 interlayer_conversion_ms=14.1220092773 layer2_ms=90.0681018829 total_ms=217.278003693
METHOD_STAGE graph=indochina-2004 method=bfull_accurate repeat=2 layer1_ms=100.995063782 relu_ms=12.4039649963 interlayer_conversion_ms=14.6450996399 layer2_ms=89.2469882965 total_ms=217.291116714
METHOD_PROFILE graph=indochina-2004 method=bfull_accurate layer=1 phase=output_zero sampled_thread_ms=0 sampled_tiles=1812 wall_ms=119.314908981
METHOD_PROFILE graph=indochina-2004 method=bfull_accurate layer=1 phase=row_schedule sampled_thread_ms=0.385284423828 sampled_tiles=1812 wall_ms=119.314908981
METHOD_PROFILE graph=indochina-2004 method=bfull_accurate layer=1 phase=partial_zero sampled_thread_ms=0.555276870728 sampled_tiles=1812 wall_ms=119.314908981
METHOD_PROFILE graph=indochina-2004 method=bfull_accurate layer=1 phase=csr_prefetch sampled_thread_ms=25.1309871674 sampled_tiles=1812 wall_ms=119.314908981
METHOD_PROFILE graph=indochina-2004 method=bfull_accurate layer=1 phase=feature_gather_decode sampled_thread_ms=29.0760993958 sampled_tiles=1812 wall_ms=119.314908981
METHOD_PROFILE graph=indochina-2004 method=bfull_accurate layer=1 phase=fp32_neighbor_reduction sampled_thread_ms=23.7767696381 sampled_tiles=1812 wall_ms=119.314908981
METHOD_PROFILE graph=indochina-2004 method=bfull_accurate layer=1 phase=partial_bf16_conversion sampled_thread_ms=0.436305999756 sampled_tiles=1812 wall_ms=119.314908981
METHOD_PROFILE graph=indochina-2004 method=bfull_accurate layer=1 phase=tile_load sampled_thread_ms=3.21078300476 sampled_tiles=1812 wall_ms=119.314908981
METHOD_PROFILE graph=indochina-2004 method=bfull_accurate layer=1 phase=tile_compute sampled_thread_ms=6.03795051575 sampled_tiles=1812 wall_ms=119.314908981
METHOD_PROFILE graph=indochina-2004 method=bfull_accurate layer=1 phase=tile_store sampled_thread_ms=0.204563140869 sampled_tiles=1812 wall_ms=119.314908981
METHOD_PROFILE graph=indochina-2004 method=bfull_accurate layer=1 phase=output_scatter sampled_thread_ms=1.53112411499 sampled_tiles=1812 wall_ms=119.314908981
METHOD_PROFILE graph=indochina-2004 method=bfull_accurate layer=1 phase=thread_amx_setup sampled_thread_ms=0.0457763671875 sampled_tiles=1812 wall_ms=119.314908981
METHOD_PROFILE graph=indochina-2004 method=bfull_accurate layer=2 phase=output_zero sampled_thread_ms=0 sampled_tiles=1812 wall_ms=108.434915543
METHOD_PROFILE graph=indochina-2004 method=bfull_accurate layer=2 phase=row_schedule sampled_thread_ms=0.389099121094 sampled_tiles=1812 wall_ms=108.434915543
METHOD_PROFILE graph=indochina-2004 method=bfull_accurate layer=2 phase=partial_zero sampled_thread_ms=0.569105148315 sampled_tiles=1812 wall_ms=108.434915543
METHOD_PROFILE graph=indochina-2004 method=bfull_accurate layer=2 phase=csr_prefetch sampled_thread_ms=25.1760482788 sampled_tiles=1812 wall_ms=108.434915543
METHOD_PROFILE graph=indochina-2004 method=bfull_accurate layer=2 phase=feature_gather_decode sampled_thread_ms=28.9447307587 sampled_tiles=1812 wall_ms=108.434915543
METHOD_PROFILE graph=indochina-2004 method=bfull_accurate layer=2 phase=fp32_neighbor_reduction sampled_thread_ms=23.9527225494 sampled_tiles=1812 wall_ms=108.434915543
METHOD_PROFILE graph=indochina-2004 method=bfull_accurate layer=2 phase=partial_bf16_conversion sampled_thread_ms=0.462770462036 sampled_tiles=1812 wall_ms=108.434915543
METHOD_PROFILE graph=indochina-2004 method=bfull_accurate layer=2 phase=tile_load sampled_thread_ms=3.3164024353 sampled_tiles=1812 wall_ms=108.434915543
METHOD_PROFILE graph=indochina-2004 method=bfull_accurate layer=2 phase=tile_compute sampled_thread_ms=5.28812408447 sampled_tiles=1812 wall_ms=108.434915543
METHOD_PROFILE graph=indochina-2004 method=bfull_accurate layer=2 phase=tile_store sampled_thread_ms=0.219106674194 sampled_tiles=1812 wall_ms=108.434915543
METHOD_PROFILE graph=indochina-2004 method=bfull_accurate layer=2 phase=output_scatter sampled_thread_ms=0.291585922241 sampled_tiles=1812 wall_ms=108.434915543
METHOD_PROFILE graph=indochina-2004 method=bfull_accurate layer=2 phase=thread_amx_setup sampled_thread_ms=0.0541210174561 sampled_tiles=1812 wall_ms=108.434915543
METHOD_COMPLETE graph=indochina-2004 methods=15 checks=60 pass=1 max_rss_kib=41039348
