CONFIG N=169343 E=2484941 Din=128 C=40 threads=16 check_runs=1 warmups=1 repeats=3 degree_sort_ms=16.830309 seed=11 untrained=true LR_policy=fp32 panel=64 tile_rows=16 attention_independent=true master_abs_gate=.003 performance=EXPLORATORY task_accuracy=UNVERIFIED
STATIC layer=1 weight_and_bLR_prepare_ms=1.495573 heads_workspace_bytes=283556224 full_Z_bytes=0 edge_score_bytes=0 alpha_bytes=0 optimized_U_bytes=1048576 local_V_bytes=262144
STATIC layer=2 weight_and_bLR_prepare_ms=0.275012 heads_workspace_bytes=328349824 full_Z_bytes=0 edge_score_bytes=0 alpha_bytes=0 optimized_U_bytes=2097152 local_V_bytes=262144
STATIC layer=3 weight_and_bLR_prepare_ms=0.070109 heads_workspace_bytes=122516784 full_Z_bytes=0 edge_score_bytes=0 alpha_bytes=0 optimized_U_bytes=0 local_V_bytes=0
CHECK path=B0_FP32 layer=1 reference=B0_FP32_own_output_3layer max_abs_error=0 mean_abs_error=0 relative_L2_error=0 finite=1 original_abs_003_gate=PASS task_accuracy=UNVERIFIED
CHECK path=B0_FP32 layer=2 reference=B0_FP32_own_output_3layer max_abs_error=0 mean_abs_error=0 relative_L2_error=0 finite=1 original_abs_003_gate=PASS task_accuracy=UNVERIFIED
CHECK path=B0_FP32 layer=3 reference=B0_FP32_own_output_3layer max_abs_error=0 mean_abs_error=0 relative_L2_error=0 finite=1 original_abs_003_gate=PASS task_accuracy=UNVERIFIED
CHECK path=B0_BF16 layer=1 reference=B0_FP32_own_output_3layer max_abs_error=0.00294017791748 mean_abs_error=0.000310601022267 relative_L2_error=0.00190785210806 finite=1 original_abs_003_gate=PASS task_accuracy=UNVERIFIED
CHECK path=B0_BF16 layer=2 reference=B0_FP32_own_output_3layer max_abs_error=0.00309580564499 mean_abs_error=0.00039252464584 relative_L2_error=0.00253741964854 finite=1 original_abs_003_gate=FAIL task_accuracy=UNVERIFIED
CHECK path=B0_BF16 layer=3 reference=B0_FP32_own_output_3layer max_abs_error=0.00333481281996 mean_abs_error=0.000497330746597 relative_L2_error=0.00310539759334 finite=1 original_abs_003_gate=FAIL task_accuracy=UNVERIFIED
CHECK path=B1_TFS_PREMAX layer=1 reference=B0_FP32_own_output_3layer max_abs_error=0.00283050537109 mean_abs_error=0.000324652559823 relative_L2_error=0.00200285454356 finite=1 original_abs_003_gate=PASS task_accuracy=UNVERIFIED
CHECK path=B1_TFS_PREMAX layer=2 reference=B0_FP32_own_output_3layer max_abs_error=0.00316774845123 mean_abs_error=0.000403762014627 relative_L2_error=0.00261417664794 finite=1 original_abs_003_gate=FAIL task_accuracy=UNVERIFIED
CHECK path=B1_TFS_PREMAX layer=3 reference=B0_FP32_own_output_3layer max_abs_error=0.00358102470636 mean_abs_error=0.000507655094412 relative_L2_error=0.00317628988381 finite=1 original_abs_003_gate=FAIL task_accuracy=UNVERIFIED
CHECK path=ICPP_TFS_PAIR_B32 layer=1 reference=B0_FP32_own_output_3layer max_abs_error=0.00283050537109 mean_abs_error=0.000324651427297 relative_L2_error=0.00200284778633 finite=1 original_abs_003_gate=PASS task_accuracy=UNVERIFIED
CHECK path=ICPP_TFS_PAIR_B32 layer=2 reference=B0_FP32_own_output_3layer max_abs_error=0.00316774845123 mean_abs_error=0.000403769447044 relative_L2_error=0.00261402987839 finite=1 original_abs_003_gate=FAIL task_accuracy=UNVERIFIED
CHECK path=ICPP_TFS_PAIR_B32 layer=3 reference=B0_FP32_own_output_3layer max_abs_error=0.00358102470636 mean_abs_error=0.0005077876489 relative_L2_error=0.00317680528182 finite=1 original_abs_003_gate=FAIL task_accuracy=UNVERIFIED
CHECK path=ICPP_TFS_BLOCK_B32 layer=1 reference=B0_FP32_own_output_3layer max_abs_error=0.00367766618729 mean_abs_error=0.000402974093225 relative_L2_error=0.00250756083629 finite=1 original_abs_003_gate=FAIL task_accuracy=UNVERIFIED
CHECK path=ICPP_TFS_BLOCK_B32 layer=2 reference=B0_FP32_own_output_3layer max_abs_error=0.00409214198589 mean_abs_error=0.000468028123412 relative_L2_error=0.00304282338821 finite=1 original_abs_003_gate=FAIL task_accuracy=UNVERIFIED
CHECK path=ICPP_TFS_BLOCK_B32 layer=3 reference=B0_FP32_own_output_3layer max_abs_error=0.00414323806763 mean_abs_error=0.000570826538759 relative_L2_error=0.00353990122698 finite=1 original_abs_003_gate=FAIL task_accuracy=UNVERIFIED
CHECK path=HEADS_AVX_B16 layer=1 reference=B0_FP32_own_output_3layer max_abs_error=0.00367766618729 mean_abs_error=0.000396111277051 relative_L2_error=0.00246728515161 finite=1 original_abs_003_gate=FAIL task_accuracy=UNVERIFIED
CHECK path=HEADS_AVX_B16 layer=2 reference=B0_FP32_own_output_3layer max_abs_error=0.00409214198589 mean_abs_error=0.000462063830941 relative_L2_error=0.00300578274439 finite=1 original_abs_003_gate=FAIL task_accuracy=UNVERIFIED
CHECK path=HEADS_AVX_B16 layer=3 reference=B0_FP32_own_output_3layer max_abs_error=0.00414323806763 mean_abs_error=0.000565700240396 relative_L2_error=0.00351092055201 finite=1 original_abs_003_gate=FAIL task_accuracy=UNVERIFIED
CHECK path=HEADS_AVX_B32 layer=1 reference=B0_FP32_own_output_3layer max_abs_error=0.00367766618729 mean_abs_error=0.000402974093225 relative_L2_error=0.00250756083629 finite=1 original_abs_003_gate=FAIL task_accuracy=UNVERIFIED
CHECK path=HEADS_AVX_B32 layer=2 reference=B0_FP32_own_output_3layer max_abs_error=0.00409214198589 mean_abs_error=0.000468028123412 relative_L2_error=0.00304282338821 finite=1 original_abs_003_gate=FAIL task_accuracy=UNVERIFIED
CHECK path=HEADS_AVX_B32 layer=3 reference=B0_FP32_own_output_3layer max_abs_error=0.00414323806763 mean_abs_error=0.000570826538759 relative_L2_error=0.00353990122698 finite=1 original_abs_003_gate=FAIL task_accuracy=UNVERIFIED
CHECK path=HEADS_AMX_HILO_B16 layer=1 reference=B0_FP32_own_output_3layer max_abs_error=0.00367766618729 mean_abs_error=0.000396111951319 relative_L2_error=0.00246728688116 finite=1 original_abs_003_gate=FAIL task_accuracy=UNVERIFIED
CHECK path=HEADS_AMX_HILO_B16 layer=2 reference=B0_FP32_own_output_3layer max_abs_error=0.00409214198589 mean_abs_error=0.000462056173352 relative_L2_error=0.00300575404759 finite=1 original_abs_003_gate=FAIL task_accuracy=UNVERIFIED
CHECK path=HEADS_AMX_HILO_B16 layer=3 reference=B0_FP32_own_output_3layer max_abs_error=0.00412493944168 mean_abs_error=0.000565664339478 relative_L2_error=0.00351058044257 finite=1 original_abs_003_gate=FAIL task_accuracy=UNVERIFIED
CHECK path=HEADS_AMX_HILO_B32 layer=1 reference=B0_FP32_own_output_3layer max_abs_error=0.00367766618729 mean_abs_error=0.000402975630571 relative_L2_error=0.00250756784611 finite=1 original_abs_003_gate=FAIL task_accuracy=UNVERIFIED
CHECK path=HEADS_AMX_HILO_B32 layer=2 reference=B0_FP32_own_output_3layer max_abs_error=0.00409214198589 mean_abs_error=0.000468033553129 relative_L2_error=0.00304287429274 finite=1 original_abs_003_gate=FAIL task_accuracy=UNVERIFIED
CHECK path=HEADS_AMX_HILO_B32 layer=3 reference=B0_FP32_own_output_3layer max_abs_error=0.00412493944168 mean_abs_error=0.000570825470637 relative_L2_error=0.00354022627733 finite=1 original_abs_003_gate=FAIL task_accuracy=UNVERIFIED
CHECK path=HEADS_AMX_PRELOAD_B16 layer=1 reference=B0_FP32_own_output_3layer max_abs_error=0.00367766618729 mean_abs_error=0.000396111951319 relative_L2_error=0.00246728688116 finite=1 original_abs_003_gate=FAIL task_accuracy=UNVERIFIED
CHECK path=HEADS_AMX_PRELOAD_B16 layer=2 reference=B0_FP32_own_output_3layer max_abs_error=0.00409214198589 mean_abs_error=0.000462056173352 relative_L2_error=0.00300575404759 finite=1 original_abs_003_gate=FAIL task_accuracy=UNVERIFIED
CHECK path=HEADS_AMX_PRELOAD_B16 layer=3 reference=B0_FP32_own_output_3layer max_abs_error=0.00412493944168 mean_abs_error=0.000565664339478 relative_L2_error=0.00351058044257 finite=1 original_abs_003_gate=FAIL task_accuracy=UNVERIFIED
CHECK path=HEADS_AMX_PRELOAD_B32 layer=1 reference=B0_FP32_own_output_3layer max_abs_error=0.00367766618729 mean_abs_error=0.000402975630571 relative_L2_error=0.00250756784611 finite=1 original_abs_003_gate=FAIL task_accuracy=UNVERIFIED
CHECK path=HEADS_AMX_PRELOAD_B32 layer=2 reference=B0_FP32_own_output_3layer max_abs_error=0.00409214198589 mean_abs_error=0.000468033553129 relative_L2_error=0.00304287429274 finite=1 original_abs_003_gate=FAIL task_accuracy=UNVERIFIED
CHECK path=HEADS_AMX_PRELOAD_B32 layer=3 reference=B0_FP32_own_output_3layer max_abs_error=0.00412493944168 mean_abs_error=0.000570825470637 relative_L2_error=0.00354022627733 finite=1 original_abs_003_gate=FAIL task_accuracy=UNVERIFIED
CHECK path=HYBRID_T16_B32 layer=1 reference=B0_FP32_own_output_3layer max_abs_error=0.00367766618729 mean_abs_error=0.000402974956004 relative_L2_error=0.0025075653956 finite=1 original_abs_003_gate=FAIL task_accuracy=UNVERIFIED
CHECK path=HYBRID_T16_B32 layer=2 reference=B0_FP32_own_output_3layer max_abs_error=0.00409214198589 mean_abs_error=0.000468031771371 relative_L2_error=0.00304284939684 finite=1 original_abs_003_gate=FAIL task_accuracy=UNVERIFIED
CHECK path=HYBRID_T16_B32 layer=3 reference=B0_FP32_own_output_3layer max_abs_error=0.00414323806763 mean_abs_error=0.000570817679284 relative_L2_error=0.00354014047562 finite=1 original_abs_003_gate=FAIL task_accuracy=UNVERIFIED
CHECK path=HYBRID_T24_B32 layer=1 reference=B0_FP32_own_output_3layer max_abs_error=0.00367766618729 mean_abs_error=0.000402974686003 relative_L2_error=0.00250756559565 finite=1 original_abs_003_gate=FAIL task_accuracy=UNVERIFIED
CHECK path=HYBRID_T24_B32 layer=2 reference=B0_FP32_own_output_3layer max_abs_error=0.00409214198589 mean_abs_error=0.000468028386966 relative_L2_error=0.00304282547546 finite=1 original_abs_003_gate=FAIL task_accuracy=UNVERIFIED
CHECK path=HYBRID_T24_B32 layer=3 reference=B0_FP32_own_output_3layer max_abs_error=0.00414323806763 mean_abs_error=0.000570847764235 relative_L2_error=0.00354018904589 finite=1 original_abs_003_gate=FAIL task_accuracy=UNVERIFIED
CHECK path=HYBRID_T32_B32 layer=1 reference=B0_FP32_own_output_3layer max_abs_error=0.00367766618729 mean_abs_error=0.00040297404795 relative_L2_error=0.00250756160233 finite=1 original_abs_003_gate=FAIL task_accuracy=UNVERIFIED
CHECK path=HYBRID_T32_B32 layer=2 reference=B0_FP32_own_output_3layer max_abs_error=0.00409214198589 mean_abs_error=0.000468027892378 relative_L2_error=0.00304282414097 finite=1 original_abs_003_gate=FAIL task_accuracy=UNVERIFIED
CHECK path=HYBRID_T32_B32 layer=3 reference=B0_FP32_own_output_3layer max_abs_error=0.00414323806763 mean_abs_error=0.000570964541877 relative_L2_error=0.00354078065344 finite=1 original_abs_003_gate=FAIL task_accuracy=UNVERIFIED
{"path":"B0_FP32","rep":0,"layer":1,"e2e_ms":75.407283,"layer_ms":31.450673,"projection_ms":5.271338,"conversion_ms":3.7e-05,"lr_ms":1.424027,"max_prescan_ms":0.660903,"kernel_ms":20.951541,"normalization_ms":1.476648,"activation_ms":1.665679,"block":0}
{"path":"B0_FP32","rep":0,"layer":2,"e2e_ms":75.407283,"layer_ms":36.181432,"projection_ms":10.12674,"conversion_ms":3e-05,"lr_ms":1.341807,"max_prescan_ms":0.679064,"kernel_ms":20.892152,"normalization_ms":1.479411,"activation_ms":1.661688,"block":0}
{"path":"B0_FP32","rep":0,"layer":3,"e2e_ms":75.407283,"layer_ms":7.772995,"projection_ms":3.002829,"conversion_ms":2.2e-05,"lr_ms":0.233658,"max_prescan_ms":0.422294,"kernel_ms":3.882863,"normalization_ms":0.230752,"activation_ms":2.8e-05,"block":0}
{"path":"B0_BF16","rep":0,"layer":1,"e2e_ms":68.922875,"layer_ms":30.42121,"projection_ms":3.818982,"conversion_ms":0.60859,"lr_ms":1.407661,"max_prescan_ms":0.628649,"kernel_ms":20.808065,"normalization_ms":1.497742,"activation_ms":1.650542,"block":0}
{"path":"B0_BF16","rep":0,"layer":2,"e2e_ms":68.922875,"layer_ms":31.424671,"projection_ms":4.150073,"conversion_ms":1.287591,"lr_ms":1.349453,"max_prescan_ms":0.672552,"kernel_ms":20.7982,"normalization_ms":1.488936,"activation_ms":1.677485,"block":0}
{"path":"B0_BF16","rep":0,"layer":3,"e2e_ms":68.922875,"layer_ms":7.07477,"projection_ms":0.993088,"conversion_ms":1.277039,"lr_ms":0.217307,"max_prescan_ms":0.409957,"kernel_ms":3.943875,"normalization_ms":0.232952,"activation_ms":4.2e-05,"block":0}
{"path":"B1_TFS_PREMAX","rep":0,"layer":1,"e2e_ms":419.699778,"layer_ms":128.521446,"projection_ms":0,"conversion_ms":0.608606,"lr_ms":0.979354,"max_prescan_ms":0.740161,"kernel_ms":123.048317,"normalization_ms":1.493031,"activation_ms":1.651618,"block":0}
{"path":"B1_TFS_PREMAX","rep":0,"layer":2,"e2e_ms":419.699778,"layer_ms":261.44733,"projection_ms":0,"conversion_ms":1.314416,"lr_ms":1.67329,"max_prescan_ms":0.769316,"kernel_ms":254.565088,"normalization_ms":1.477611,"activation_ms":1.647183,"block":0}
{"path":"B1_TFS_PREMAX","rep":0,"layer":3,"e2e_ms":419.699778,"layer_ms":29.727999,"projection_ms":0,"conversion_ms":1.291176,"lr_ms":1.575401,"max_prescan_ms":0.381138,"kernel_ms":26.239335,"normalization_ms":0.240059,"activation_ms":0.00014,"block":0}
{"path":"ICPP_TFS_PAIR_B32","rep":0,"layer":1,"e2e_ms":354.115148,"layer_ms":109.980893,"projection_ms":0,"conversion_ms":0.60093,"lr_ms":0.991263,"max_prescan_ms":0,"kernel_ms":105.327501,"normalization_ms":1.43596,"activation_ms":1.624645,"block":32}
{"path":"ICPP_TFS_PAIR_B32","rep":0,"layer":2,"e2e_ms":354.115148,"layer_ms":213.20791,"projection_ms":0,"conversion_ms":1.298995,"lr_ms":1.650838,"max_prescan_ms":0,"kernel_ms":207.162574,"normalization_ms":1.463613,"activation_ms":1.631509,"block":32}
{"path":"ICPP_TFS_PAIR_B32","rep":0,"layer":3,"e2e_ms":354.115148,"layer_ms":30.919017,"projection_ms":0,"conversion_ms":1.278869,"lr_ms":1.553251,"max_prescan_ms":0,"kernel_ms":27.824464,"normalization_ms":0.261918,"activation_ms":0.000125,"block":32}
{"path":"ICPP_TFS_BLOCK_B32","rep":0,"layer":1,"e2e_ms":304.694354,"layer_ms":97.100996,"projection_ms":0,"conversion_ms":0.626074,"lr_ms":0.951795,"max_prescan_ms":0,"kernel_ms":92.42752,"normalization_ms":1.461716,"activation_ms":1.63342,"block":32}
{"path":"ICPP_TFS_BLOCK_B32","rep":0,"layer":2,"e2e_ms":304.694354,"layer_ms":183.44204,"projection_ms":0,"conversion_ms":1.275854,"lr_ms":1.662318,"max_prescan_ms":0,"kernel_ms":177.454865,"normalization_ms":1.43549,"activation_ms":1.6129,"block":32}
{"path":"ICPP_TFS_BLOCK_B32","rep":0,"layer":3,"e2e_ms":304.694354,"layer_ms":24.144759,"projection_ms":0,"conversion_ms":1.27622,"lr_ms":1.542004,"max_prescan_ms":0,"kernel_ms":21.074619,"normalization_ms":0.251208,"activation_ms":0.000124,"block":32}
{"path":"HEADS_AVX_B16","rep":0,"layer":1,"e2e_ms":132.369566,"layer_ms":39.713361,"projection_ms":0,"conversion_ms":0.681685,"lr_ms":0.9837,"max_prescan_ms":0,"kernel_ms":34.892097,"normalization_ms":1.498896,"activation_ms":1.656153,"block":16}
{"path":"HEADS_AVX_B16","rep":0,"layer":2,"e2e_ms":132.369566,"layer_ms":68.110454,"projection_ms":0,"conversion_ms":1.291918,"lr_ms":1.659404,"max_prescan_ms":0,"kernel_ms":62.029153,"normalization_ms":1.478348,"activation_ms":1.651264,"block":16}
{"path":"HEADS_AVX_B16","rep":0,"layer":3,"e2e_ms":132.369566,"layer_ms":24.537848,"projection_ms":0,"conversion_ms":1.407212,"lr_ms":1.549402,"max_prescan_ms":0,"kernel_ms":21.338432,"normalization_ms":0.241962,"activation_ms":0.000188,"block":16}
{"path":"HEADS_AVX_B32","rep":0,"layer":1,"e2e_ms":117.114469,"layer_ms":33.288644,"projection_ms":0,"conversion_ms":0.603008,"lr_ms":0.965844,"max_prescan_ms":0,"kernel_ms":28.573461,"normalization_ms":1.495213,"activation_ms":1.650588,"block":32}
{"path":"HEADS_AVX_B32","rep":0,"layer":2,"e2e_ms":117.114469,"layer_ms":60.014495,"projection_ms":0,"conversion_ms":1.29192,"lr_ms":1.672899,"max_prescan_ms":0,"kernel_ms":53.914026,"normalization_ms":1.484338,"activation_ms":1.650279,"block":32}
{"path":"HEADS_AVX_B32","rep":0,"layer":3,"e2e_ms":117.114469,"layer_ms":23.804049,"projection_ms":0,"conversion_ms":1.424253,"lr_ms":1.558626,"max_prescan_ms":0,"kernel_ms":20.577224,"normalization_ms":0.243251,"activation_ms":0.000138,"block":32}
{"path":"HEADS_AMX_HILO_B16","rep":0,"layer":1,"e2e_ms":161.077883,"layer_ms":48.322262,"projection_ms":0,"conversion_ms":0.614212,"lr_ms":0.964587,"max_prescan_ms":0,"kernel_ms":43.180751,"normalization_ms":1.880948,"activation_ms":1.681006,"block":16}
{"path":"HEADS_AMX_HILO_B16","rep":0,"layer":2,"e2e_ms":161.077883,"layer_ms":88.228813,"projection_ms":0,"conversion_ms":1.274354,"lr_ms":1.664248,"max_prescan_ms":0,"kernel_ms":82.158053,"normalization_ms":1.471684,"activation_ms":1.659772,"block":16}
{"path":"HEADS_AMX_HILO_B16","rep":0,"layer":3,"e2e_ms":161.077883,"layer_ms":24.519917,"projection_ms":0,"conversion_ms":1.394895,"lr_ms":1.558061,"max_prescan_ms":0,"kernel_ms":21.322633,"normalization_ms":0.243971,"activation_ms":0.000153,"block":16}
{"path":"HEADS_AMX_HILO_B32","rep":0,"layer":1,"e2e_ms":133.592182,"layer_ms":40.023087,"projection_ms":0,"conversion_ms":0.600105,"lr_ms":0.983528,"max_prescan_ms":0,"kernel_ms":35.275998,"normalization_ms":1.489666,"activation_ms":1.673191,"block":32}
{"path":"HEADS_AMX_HILO_B32","rep":0,"layer":2,"e2e_ms":133.592182,"layer_ms":68.383389,"projection_ms":0,"conversion_ms":1.292641,"lr_ms":1.673756,"max_prescan_ms":0,"kernel_ms":62.27593,"normalization_ms":1.478655,"activation_ms":1.661488,"block":32}
{"path":"HEADS_AMX_HILO_B32","rep":0,"layer":3,"e2e_ms":133.592182,"layer_ms":25.177891,"projection_ms":0,"conversion_ms":1.394625,"lr_ms":1.557297,"max_prescan_ms":0,"kernel_ms":21.983676,"normalization_ms":0.241611,"activation_ms":0.000139,"block":32}
{"path":"HEADS_AMX_PRELOAD_B16","rep":0,"layer":1,"e2e_ms":161.044776,"layer_ms":53.99225,"projection_ms":0,"conversion_ms":0.602867,"lr_ms":0.966177,"max_prescan_ms":0,"kernel_ms":49.263977,"normalization_ms":1.495999,"activation_ms":1.662262,"block":16}
{"path":"HEADS_AMX_PRELOAD_B16","rep":0,"layer":2,"e2e_ms":161.044776,"layer_ms":82.446264,"projection_ms":0,"conversion_ms":1.281916,"lr_ms":1.664505,"max_prescan_ms":0,"kernel_ms":76.359112,"normalization_ms":1.478006,"activation_ms":1.66224,"block":16}
{"path":"HEADS_AMX_PRELOAD_B16","rep":0,"layer":3,"e2e_ms":161.044776,"layer_ms":24.598812,"projection_ms":0,"conversion_ms":1.390785,"lr_ms":1.56932,"max_prescan_ms":0,"kernel_ms":21.396025,"normalization_ms":0.241915,"activation_ms":0.000157,"block":16}
{"path":"HEADS_AMX_PRELOAD_B32","rep":0,"layer":1,"e2e_ms":130.765184,"layer_ms":40.944856,"projection_ms":0,"conversion_ms":0.596292,"lr_ms":0.958741,"max_prescan_ms":0,"kernel_ms":36.232238,"normalization_ms":1.489154,"activation_ms":1.668035,"block":32}
{"path":"HEADS_AMX_PRELOAD_B32","rep":0,"layer":2,"e2e_ms":130.765184,"layer_ms":65.66896,"projection_ms":0,"conversion_ms":1.302057,"lr_ms":1.671541,"max_prescan_ms":0,"kernel_ms":59.563766,"normalization_ms":1.481984,"activation_ms":1.649331,"block":32}
{"path":"HEADS_AMX_PRELOAD_B32","rep":0,"layer":3,"e2e_ms":130.765184,"layer_ms":24.144005,"projection_ms":0,"conversion_ms":1.408262,"lr_ms":1.550093,"max_prescan_ms":0,"kernel_ms":20.943207,"normalization_ms":0.241785,"activation_ms":7.6e-05,"block":32}
{"path":"HYBRID_T16_B32","rep":0,"layer":1,"e2e_ms":120.607976,"layer_ms":36.020001,"projection_ms":0,"conversion_ms":0.610293,"lr_ms":0.971462,"max_prescan_ms":0,"kernel_ms":30.934132,"normalization_ms":1.841334,"activation_ms":1.66206,"block":32}
{"path":"HYBRID_T16_B32","rep":0,"layer":2,"e2e_ms":120.607976,"layer_ms":60.24821,"projection_ms":0,"conversion_ms":1.283269,"lr_ms":1.663341,"max_prescan_ms":0,"kernel_ms":54.147476,"normalization_ms":1.48046,"activation_ms":1.673219,"block":32}
{"path":"HYBRID_T16_B32","rep":0,"layer":3,"e2e_ms":120.607976,"layer_ms":24.332961,"projection_ms":0,"conversion_ms":1.398568,"lr_ms":1.562187,"max_prescan_ms":0,"kernel_ms":21.132,"normalization_ms":0.239426,"activation_ms":2.6e-05,"block":32}
{"path":"HYBRID_T24_B32","rep":0,"layer":1,"e2e_ms":120.486794,"layer_ms":35.349688,"projection_ms":0,"conversion_ms":0.6006,"lr_ms":0.968236,"max_prescan_ms":0,"kernel_ms":30.605859,"normalization_ms":1.508236,"activation_ms":1.666163,"block":32}
{"path":"HYBRID_T24_B32","rep":0,"layer":2,"e2e_ms":120.486794,"layer_ms":59.897243,"projection_ms":0,"conversion_ms":1.303585,"lr_ms":1.668168,"max_prescan_ms":0,"kernel_ms":53.797825,"normalization_ms":1.481594,"activation_ms":1.645513,"block":32}
{"path":"HYBRID_T24_B32","rep":0,"layer":3,"e2e_ms":120.486794,"layer_ms":25.234644,"projection_ms":0,"conversion_ms":1.403954,"lr_ms":1.557571,"max_prescan_ms":0,"kernel_ms":22.026146,"normalization_ms":0.246205,"activation_ms":2.7e-05,"block":32}
{"path":"HYBRID_T32_B32","rep":0,"layer":1,"e2e_ms":121.796365,"layer_ms":35.190415,"projection_ms":0,"conversion_ms":0.601088,"lr_ms":0.976568,"max_prescan_ms":0,"kernel_ms":30.437487,"normalization_ms":1.495172,"activation_ms":1.679349,"block":32}
{"path":"HYBRID_T32_B32","rep":0,"layer":2,"e2e_ms":121.796365,"layer_ms":62.030111,"projection_ms":0,"conversion_ms":1.283891,"lr_ms":1.665273,"max_prescan_ms":0,"kernel_ms":55.942085,"normalization_ms":1.480931,"activation_ms":1.657264,"block":32}
{"path":"HYBRID_T32_B32","rep":0,"layer":3,"e2e_ms":121.796365,"layer_ms":24.569536,"projection_ms":0,"conversion_ms":1.400583,"lr_ms":1.559717,"max_prescan_ms":0,"kernel_ms":21.3675,"normalization_ms":0.241205,"activation_ms":2.6e-05,"block":32}
{"path":"HYBRID_T32_B32","rep":1,"layer":1,"e2e_ms":121.246646,"layer_ms":35.307853,"projection_ms":0,"conversion_ms":0.594742,"lr_ms":0.972467,"max_prescan_ms":0,"kernel_ms":30.577867,"normalization_ms":1.483038,"activation_ms":1.678835,"block":32}
{"path":"HYBRID_T32_B32","rep":1,"layer":2,"e2e_ms":121.246646,"layer_ms":60.839117,"projection_ms":0,"conversion_ms":1.290231,"lr_ms":1.676685,"max_prescan_ms":0,"kernel_ms":54.718459,"normalization_ms":1.477223,"activation_ms":1.675926,"block":32}
{"path":"HYBRID_T32_B32","rep":1,"layer":3,"e2e_ms":121.246646,"layer_ms":25.092335,"projection_ms":0,"conversion_ms":1.388602,"lr_ms":1.567601,"max_prescan_ms":0,"kernel_ms":21.892979,"normalization_ms":0.242597,"activation_ms":4.1e-05,"block":32}
{"path":"HYBRID_T24_B32","rep":1,"layer":1,"e2e_ms":120.711372,"layer_ms":35.533186,"projection_ms":0,"conversion_ms":0.609261,"lr_ms":0.97032,"max_prescan_ms":0,"kernel_ms":30.445771,"normalization_ms":1.838284,"activation_ms":1.669026,"block":32}
{"path":"HYBRID_T24_B32","rep":1,"layer":2,"e2e_ms":120.711372,"layer_ms":60.127019,"projection_ms":0,"conversion_ms":1.274472,"lr_ms":1.657487,"max_prescan_ms":0,"kernel_ms":53.667449,"normalization_ms":1.852377,"activation_ms":1.674791,"block":32}
{"path":"HYBRID_T24_B32","rep":1,"layer":3,"e2e_ms":120.711372,"layer_ms":25.046712,"projection_ms":0,"conversion_ms":1.394782,"lr_ms":1.557488,"max_prescan_ms":0,"kernel_ms":21.85307,"normalization_ms":0.240842,"activation_ms":2.8e-05,"block":32}
{"path":"HYBRID_T16_B32","rep":1,"layer":1,"e2e_ms":119.796756,"layer_ms":35.018665,"projection_ms":0,"conversion_ms":0.604443,"lr_ms":0.95837,"max_prescan_ms":0,"kernel_ms":30.296178,"normalization_ms":1.495434,"activation_ms":1.663695,"block":32}
{"path":"HYBRID_T16_B32","rep":1,"layer":2,"e2e_ms":119.796756,"layer_ms":60.290717,"projection_ms":0,"conversion_ms":1.289269,"lr_ms":1.671483,"max_prescan_ms":0,"kernel_ms":54.177893,"normalization_ms":1.490033,"activation_ms":1.66122,"block":32}
{"path":"HYBRID_T16_B32","rep":1,"layer":3,"e2e_ms":119.796756,"layer_ms":24.482139,"projection_ms":0,"conversion_ms":1.408693,"lr_ms":1.561905,"max_prescan_ms":0,"kernel_ms":21.265497,"normalization_ms":0.24489,"activation_ms":2.8e-05,"block":32}
{"path":"HEADS_AMX_PRELOAD_B32","rep":1,"layer":1,"e2e_ms":135.717852,"layer_ms":42.430027,"projection_ms":0,"conversion_ms":0.594623,"lr_ms":0.964652,"max_prescan_ms":0,"kernel_ms":37.710915,"normalization_ms":1.500657,"activation_ms":1.658496,"block":32}
{"path":"HEADS_AMX_PRELOAD_B32","rep":1,"layer":2,"e2e_ms":135.717852,"layer_ms":68.373379,"projection_ms":0,"conversion_ms":1.294776,"lr_ms":1.670663,"max_prescan_ms":0,"kernel_ms":62.263205,"normalization_ms":1.472593,"activation_ms":1.671346,"block":32}
{"path":"HEADS_AMX_PRELOAD_B32","rep":1,"layer":3,"e2e_ms":135.717852,"layer_ms":24.906324,"projection_ms":0,"conversion_ms":1.397895,"lr_ms":1.558344,"max_prescan_ms":0,"kernel_ms":21.699874,"normalization_ms":0.249161,"activation_ms":5e-05,"block":32}
{"path":"HEADS_AMX_PRELOAD_B16","rep":1,"layer":1,"e2e_ms":160.898106,"layer_ms":52.278879,"projection_ms":0,"conversion_ms":0.596676,"lr_ms":0.960676,"max_prescan_ms":0,"kernel_ms":47.563819,"normalization_ms":1.489232,"activation_ms":1.667565,"block":16}
{"path":"HEADS_AMX_PRELOAD_B16","rep":1,"layer":2,"e2e_ms":160.898106,"layer_ms":84.129681,"projection_ms":0,"conversion_ms":1.286867,"lr_ms":1.673699,"max_prescan_ms":0,"kernel_ms":78.027498,"normalization_ms":1.470291,"activation_ms":1.670708,"block":16}
{"path":"HEADS_AMX_PRELOAD_B16","rep":1,"layer":3,"e2e_ms":160.898106,"layer_ms":24.483403,"projection_ms":0,"conversion_ms":1.454947,"lr_ms":1.552199,"max_prescan_ms":0,"kernel_ms":21.232256,"normalization_ms":0.24335,"activation_ms":4.2e-05,"block":16}
{"path":"HEADS_AMX_HILO_B32","rep":1,"layer":1,"e2e_ms":133.876944,"layer_ms":39.24655,"projection_ms":0,"conversion_ms":0.593762,"lr_ms":0.972467,"max_prescan_ms":0,"kernel_ms":34.145783,"normalization_ms":1.864339,"activation_ms":1.669408,"block":32}
{"path":"HEADS_AMX_HILO_B32","rep":1,"layer":2,"e2e_ms":133.876944,"layer_ms":70.358436,"projection_ms":0,"conversion_ms":1.284654,"lr_ms":1.682293,"max_prescan_ms":0,"kernel_ms":64.247112,"normalization_ms":1.486892,"activation_ms":1.656788,"block":32}
{"path":"HEADS_AMX_HILO_B32","rep":1,"layer":3,"e2e_ms":133.876944,"layer_ms":24.263195,"projection_ms":0,"conversion_ms":1.396441,"lr_ms":1.556455,"max_prescan_ms":0,"kernel_ms":21.061882,"normalization_ms":0.247504,"activation_ms":0.000147,"block":32}
{"path":"HEADS_AMX_HILO_B16","rep":1,"layer":1,"e2e_ms":161.343277,"layer_ms":46.366179,"projection_ms":0,"conversion_ms":0.598601,"lr_ms":0.970382,"max_prescan_ms":0,"kernel_ms":41.292079,"normalization_ms":1.839128,"activation_ms":1.66526,"block":16}
{"path":"HEADS_AMX_HILO_B16","rep":1,"layer":2,"e2e_ms":161.343277,"layer_ms":89.474221,"projection_ms":0,"conversion_ms":1.273892,"lr_ms":1.666497,"max_prescan_ms":0,"kernel_ms":83.380301,"normalization_ms":1.484864,"activation_ms":1.667885,"block":16}
{"path":"HEADS_AMX_HILO_B16","rep":1,"layer":3,"e2e_ms":161.343277,"layer_ms":25.496476,"projection_ms":0,"conversion_ms":1.383886,"lr_ms":1.57249,"max_prescan_ms":0,"kernel_ms":22.29804,"normalization_ms":0.241724,"activation_ms":2.9e-05,"block":16}
{"path":"HEADS_AVX_B32","rep":1,"layer":1,"e2e_ms":121.898282,"layer_ms":35.244956,"projection_ms":0,"conversion_ms":0.611588,"lr_ms":0.963825,"max_prescan_ms":0,"kernel_ms":30.511631,"normalization_ms":1.495013,"activation_ms":1.662311,"block":32}
{"path":"HEADS_AVX_B32","rep":1,"layer":2,"e2e_ms":121.898282,"layer_ms":62.698726,"projection_ms":0,"conversion_ms":1.296758,"lr_ms":1.666173,"max_prescan_ms":0,"kernel_ms":56.559379,"normalization_ms":1.513105,"activation_ms":1.662741,"block":32}
{"path":"HEADS_AVX_B32","rep":1,"layer":3,"e2e_ms":121.898282,"layer_ms":23.948218,"projection_ms":0,"conversion_ms":1.406194,"lr_ms":1.563184,"max_prescan_ms":0,"kernel_ms":20.739614,"normalization_ms":0.238438,"activation_ms":3.7e-05,"block":32}
{"path":"HEADS_AVX_B16","rep":1,"layer":1,"e2e_ms":136.730449,"layer_ms":40.297751,"projection_ms":0,"conversion_ms":0.600563,"lr_ms":0.978623,"max_prescan_ms":0,"kernel_ms":35.542083,"normalization_ms":1.491981,"activation_ms":1.683881,"block":16}
{"path":"HEADS_AVX_B16","rep":1,"layer":2,"e2e_ms":136.730449,"layer_ms":71.713157,"projection_ms":0,"conversion_ms":1.297029,"lr_ms":1.677908,"max_prescan_ms":0,"kernel_ms":65.583503,"normalization_ms":1.494689,"activation_ms":1.659586,"block":16}
{"path":"HEADS_AVX_B16","rep":1,"layer":3,"e2e_ms":136.730449,"layer_ms":24.713532,"projection_ms":0,"conversion_ms":1.399904,"lr_ms":1.566078,"max_prescan_ms":0,"kernel_ms":21.508256,"normalization_ms":0.23856,"activation_ms":2.8e-05,"block":16}
{"path":"ICPP_TFS_BLOCK_B32","rep":1,"layer":1,"e2e_ms":307.616053,"layer_ms":97.496924,"projection_ms":0,"conversion_ms":0.613392,"lr_ms":0.963702,"max_prescan_ms":0,"kernel_ms":92.812841,"normalization_ms":1.455162,"activation_ms":1.650871,"block":32}
{"path":"ICPP_TFS_BLOCK_B32","rep":1,"layer":2,"e2e_ms":307.616053,"layer_ms":185.290207,"projection_ms":0,"conversion_ms":1.275677,"lr_ms":1.658576,"max_prescan_ms":0,"kernel_ms":179.28152,"normalization_ms":1.436105,"activation_ms":1.637937,"block":32}
{"path":"ICPP_TFS_BLOCK_B32","rep":1,"layer":3,"e2e_ms":307.616053,"layer_ms":24.823096,"projection_ms":0,"conversion_ms":1.26901,"lr_ms":1.554024,"max_prescan_ms":0,"kernel_ms":21.744927,"normalization_ms":0.254292,"activation_ms":0.000279,"block":32}
{"path":"ICPP_TFS_PAIR_B32","rep":1,"layer":1,"e2e_ms":358.898912,"layer_ms":112.062461,"projection_ms":0,"conversion_ms":0.711607,"lr_ms":0.986703,"max_prescan_ms":0,"kernel_ms":107.302308,"normalization_ms":1.4301,"activation_ms":1.631032,"block":32}
{"path":"ICPP_TFS_PAIR_B32","rep":1,"layer":2,"e2e_ms":358.898912,"layer_ms":216.735867,"projection_ms":0,"conversion_ms":1.27004,"lr_ms":1.634543,"max_prescan_ms":0,"kernel_ms":210.773789,"normalization_ms":1.431214,"activation_ms":1.625555,"block":32}
{"path":"ICPP_TFS_PAIR_B32","rep":1,"layer":3,"e2e_ms":358.898912,"layer_ms":30.094296,"projection_ms":0,"conversion_ms":1.264766,"lr_ms":1.534306,"max_prescan_ms":0,"kernel_ms":27.04441,"normalization_ms":0.249978,"activation_ms":2.6e-05,"block":32}
{"path":"B1_TFS_PREMAX","rep":1,"layer":1,"e2e_ms":422.790659,"layer_ms":132.924788,"projection_ms":0,"conversion_ms":0.609703,"lr_ms":0.970913,"max_prescan_ms":0.708696,"kernel_ms":127.491652,"normalization_ms":1.473933,"activation_ms":1.669298,"block":0}
{"path":"B1_TFS_PREMAX","rep":1,"layer":2,"e2e_ms":422.790659,"layer_ms":260.383292,"projection_ms":0,"conversion_ms":1.292969,"lr_ms":1.681622,"max_prescan_ms":0.776363,"kernel_ms":253.496993,"normalization_ms":1.489584,"activation_ms":1.644985,"block":0}
{"path":"B1_TFS_PREMAX","rep":1,"layer":3,"e2e_ms":422.790659,"layer_ms":29.479363,"projection_ms":0,"conversion_ms":1.280911,"lr_ms":1.572782,"max_prescan_ms":0.39024,"kernel_ms":25.986992,"normalization_ms":0.247512,"activation_ms":2.9e-05,"block":0}
{"path":"B0_BF16","rep":1,"layer":1,"e2e_ms":68.982312,"layer_ms":30.468427,"projection_ms":3.865212,"conversion_ms":0.601798,"lr_ms":1.393662,"max_prescan_ms":0.634503,"kernel_ms":20.822514,"normalization_ms":1.499057,"activation_ms":1.651284,"block":0}
{"path":"B0_BF16","rep":1,"layer":2,"e2e_ms":68.982312,"layer_ms":31.393477,"projection_ms":4.125703,"conversion_ms":1.300052,"lr_ms":1.35761,"max_prescan_ms":0.666923,"kernel_ms":20.796075,"normalization_ms":1.473337,"activation_ms":1.673277,"block":0}
{"path":"B0_BF16","rep":1,"layer":3,"e2e_ms":68.982312,"layer_ms":7.118198,"projection_ms":1.027204,"conversion_ms":1.288205,"lr_ms":0.217392,"max_prescan_ms":0.41014,"kernel_ms":3.954659,"normalization_ms":0.220142,"activation_ms":5e-05,"block":0}
{"path":"B0_FP32","rep":1,"layer":1,"e2e_ms":75.245325,"layer_ms":31.346077,"projection_ms":5.228034,"conversion_ms":3.5e-05,"lr_ms":1.420769,"max_prescan_ms":0.642731,"kernel_ms":20.902739,"normalization_ms":1.490534,"activation_ms":1.660471,"block":0}
{"path":"B0_FP32","rep":1,"layer":2,"e2e_ms":75.245325,"layer_ms":36.143396,"projection_ms":10.126377,"conversion_ms":3e-05,"lr_ms":1.350513,"max_prescan_ms":0.668162,"kernel_ms":20.841896,"normalization_ms":1.497334,"activation_ms":1.658409,"block":0}
{"path":"B0_FP32","rep":1,"layer":3,"e2e_ms":75.245325,"layer_ms":7.75417,"projection_ms":2.99616,"conversion_ms":2.2e-05,"lr_ms":0.242997,"max_prescan_ms":0.40706,"kernel_ms":3.884081,"normalization_ms":0.223198,"activation_ms":3.1e-05,"block":0}
{"path":"B0_FP32","rep":2,"layer":1,"e2e_ms":75.306572,"layer_ms":31.381505,"projection_ms":5.207,"conversion_ms":1.9e-05,"lr_ms":1.432485,"max_prescan_ms":0.652902,"kernel_ms":20.931096,"normalization_ms":1.48892,"activation_ms":1.668651,"block":0}
{"path":"B0_FP32","rep":2,"layer":2,"e2e_ms":75.306572,"layer_ms":36.191945,"projection_ms":10.136395,"conversion_ms":2.3e-05,"lr_ms":1.37399,"max_prescan_ms":0.678066,"kernel_ms":20.85553,"normalization_ms":1.486619,"activation_ms":1.660452,"block":0}
{"path":"B0_FP32","rep":2,"layer":3,"e2e_ms":75.306572,"layer_ms":7.731522,"projection_ms":2.989972,"conversion_ms":2.3e-05,"lr_ms":0.234346,"max_prescan_ms":0.402981,"kernel_ms":3.880815,"normalization_ms":0.222919,"activation_ms":2.9e-05,"block":0}
{"path":"B0_BF16","rep":2,"layer":1,"e2e_ms":68.888654,"layer_ms":30.381241,"projection_ms":3.773313,"conversion_ms":0.603687,"lr_ms":1.408153,"max_prescan_ms":0.64285,"kernel_ms":20.795577,"normalization_ms":1.485972,"activation_ms":1.670927,"block":0}
{"path":"B0_BF16","rep":2,"layer":2,"e2e_ms":68.888654,"layer_ms":31.358501,"projection_ms":4.115319,"conversion_ms":1.286664,"lr_ms":1.361608,"max_prescan_ms":0.652785,"kernel_ms":20.799535,"normalization_ms":1.48978,"activation_ms":1.652439,"block":0}
{"path":"B0_BF16","rep":2,"layer":3,"e2e_ms":68.888654,"layer_ms":7.147004,"projection_ms":1.04907,"conversion_ms":1.292954,"lr_ms":0.220195,"max_prescan_ms":0.40066,"kernel_ms":3.952989,"normalization_ms":0.230797,"activation_ms":2.1e-05,"block":0}
{"path":"B1_TFS_PREMAX","rep":2,"layer":1,"e2e_ms":425.515112,"layer_ms":132.963159,"projection_ms":0,"conversion_ms":0.606389,"lr_ms":0.968205,"max_prescan_ms":0.722567,"kernel_ms":127.516828,"normalization_ms":1.489174,"activation_ms":1.659375,"block":0}
{"path":"B1_TFS_PREMAX","rep":2,"layer":2,"e2e_ms":425.515112,"layer_ms":261.484422,"projection_ms":0,"conversion_ms":1.290394,"lr_ms":1.660871,"max_prescan_ms":0.771326,"kernel_ms":254.644462,"normalization_ms":1.470106,"activation_ms":1.646909,"block":0}
{"path":"B1_TFS_PREMAX","rep":2,"layer":3,"e2e_ms":425.515112,"layer_ms":31.064623,"projection_ms":0,"conversion_ms":1.283453,"lr_ms":1.581998,"max_prescan_ms":0.379112,"kernel_ms":27.575999,"normalization_ms":0.243673,"activation_ms":9.2e-05,"block":0}
{"path":"ICPP_TFS_PAIR_B32","rep":2,"layer":1,"e2e_ms":351.117348,"layer_ms":111.542437,"projection_ms":0,"conversion_ms":0.610775,"lr_ms":1.002769,"max_prescan_ms":0,"kernel_ms":106.867483,"normalization_ms":1.436037,"activation_ms":1.624867,"block":32}
{"path":"ICPP_TFS_PAIR_B32","rep":2,"layer":2,"e2e_ms":351.117348,"layer_ms":209.702259,"projection_ms":0,"conversion_ms":1.275026,"lr_ms":1.634559,"max_prescan_ms":0,"kernel_ms":203.726574,"normalization_ms":1.449548,"activation_ms":1.616113,"block":32}
{"path":"ICPP_TFS_PAIR_B32","rep":2,"layer":3,"e2e_ms":351.117348,"layer_ms":29.865807,"projection_ms":0,"conversion_ms":1.287288,"lr_ms":1.562002,"max_prescan_ms":0,"kernel_ms":26.756352,"normalization_ms":0.259831,"activation_ms":3e-05,"block":32}
{"path":"ICPP_TFS_BLOCK_B32","rep":2,"layer":1,"e2e_ms":306.066409,"layer_ms":97.061359,"projection_ms":0,"conversion_ms":0.627617,"lr_ms":0.9663,"max_prescan_ms":0,"kernel_ms":92.382624,"normalization_ms":1.44867,"activation_ms":1.63479,"block":32}
{"path":"ICPP_TFS_BLOCK_B32","rep":2,"layer":2,"e2e_ms":306.066409,"layer_ms":184.134156,"projection_ms":0,"conversion_ms":1.273441,"lr_ms":1.656187,"max_prescan_ms":0,"kernel_ms":178.144206,"normalization_ms":1.434703,"activation_ms":1.625208,"block":32}
{"path":"ICPP_TFS_BLOCK_B32","rep":2,"layer":3,"e2e_ms":306.066409,"layer_ms":24.863992,"projection_ms":0,"conversion_ms":1.271094,"lr_ms":1.546992,"max_prescan_ms":0,"kernel_ms":21.79745,"normalization_ms":0.247766,"activation_ms":3.8e-05,"block":32}
{"path":"HEADS_AVX_B16","rep":2,"layer":1,"e2e_ms":134.068515,"layer_ms":39.312228,"projection_ms":0,"conversion_ms":0.682042,"lr_ms":0.981057,"max_prescan_ms":0,"kernel_ms":34.501124,"normalization_ms":1.486145,"activation_ms":1.660627,"block":16}
{"path":"HEADS_AVX_B16","rep":2,"layer":2,"e2e_ms":134.068515,"layer_ms":70.191002,"projection_ms":0,"conversion_ms":1.286149,"lr_ms":1.665887,"max_prescan_ms":0,"kernel_ms":64.07943,"normalization_ms":1.490566,"activation_ms":1.668587,"block":16}
{"path":"HEADS_AVX_B16","rep":2,"layer":3,"e2e_ms":134.068515,"layer_ms":24.557076,"projection_ms":0,"conversion_ms":1.421828,"lr_ms":1.560243,"max_prescan_ms":0,"kernel_ms":21.329635,"normalization_ms":0.24488,"activation_ms":3.5e-05,"block":16}
{"path":"HEADS_AVX_B32","rep":2,"layer":1,"e2e_ms":118.023495,"layer_ms":34.77724,"projection_ms":0,"conversion_ms":0.599751,"lr_ms":0.970081,"max_prescan_ms":0,"kernel_ms":30.032439,"normalization_ms":1.495597,"activation_ms":1.678506,"block":32}
{"path":"HEADS_AVX_B32","rep":2,"layer":2,"e2e_ms":118.023495,"layer_ms":59.036456,"projection_ms":0,"conversion_ms":1.27644,"lr_ms":1.668516,"max_prescan_ms":0,"kernel_ms":52.945203,"normalization_ms":1.477268,"activation_ms":1.668213,"block":32}
{"path":"HEADS_AVX_B32","rep":2,"layer":3,"e2e_ms":118.023495,"layer_ms":24.202593,"projection_ms":0,"conversion_ms":1.397487,"lr_ms":1.558867,"max_prescan_ms":0,"kernel_ms":21.002142,"normalization_ms":0.242916,"activation_ms":3.6e-05,"block":32}
{"path":"HEADS_AMX_HILO_B16","rep":2,"layer":1,"e2e_ms":160.25471,"layer_ms":48.562604,"projection_ms":0,"conversion_ms":0.604269,"lr_ms":0.976459,"max_prescan_ms":0,"kernel_ms":43.801805,"normalization_ms":1.501411,"activation_ms":1.677908,"block":16}
{"path":"HEADS_AMX_HILO_B16","rep":2,"layer":2,"e2e_ms":160.25471,"layer_ms":86.81636,"projection_ms":0,"conversion_ms":1.287184,"lr_ms":1.679443,"max_prescan_ms":0,"kernel_ms":80.702743,"normalization_ms":1.489787,"activation_ms":1.656504,"block":16}
{"path":"HEADS_AMX_HILO_B16","rep":2,"layer":3,"e2e_ms":160.25471,"layer_ms":24.868673,"projection_ms":0,"conversion_ms":1.394912,"lr_ms":1.552879,"max_prescan_ms":0,"kernel_ms":21.676541,"normalization_ms":0.243746,"activation_ms":6.4e-05,"block":16}
{"path":"HEADS_AMX_HILO_B32","rep":2,"layer":1,"e2e_ms":131.622342,"layer_ms":39.159609,"projection_ms":0,"conversion_ms":0.608506,"lr_ms":0.979413,"max_prescan_ms":0,"kernel_ms":34.049337,"normalization_ms":1.844152,"activation_ms":1.677437,"block":32}
{"path":"HEADS_AMX_HILO_B32","rep":2,"layer":2,"e2e_ms":131.622342,"layer_ms":69.456057,"projection_ms":0,"conversion_ms":1.29441,"lr_ms":1.686369,"max_prescan_ms":0,"kernel_ms":63.327801,"normalization_ms":1.480087,"activation_ms":1.666774,"block":32}
{"path":"HEADS_AMX_HILO_B32","rep":2,"layer":3,"e2e_ms":131.622342,"layer_ms":22.999311,"projection_ms":0,"conversion_ms":1.393646,"lr_ms":1.55915,"max_prescan_ms":0,"kernel_ms":19.807672,"normalization_ms":0.238369,"activation_ms":2.5e-05,"block":32}
{"path":"HEADS_AMX_PRELOAD_B16","rep":2,"layer":1,"e2e_ms":163.019172,"layer_ms":53.699754,"projection_ms":0,"conversion_ms":0.603596,"lr_ms":0.972936,"max_prescan_ms":0,"kernel_ms":48.931842,"normalization_ms":1.515393,"activation_ms":1.675493,"block":16}
{"path":"HEADS_AMX_PRELOAD_B16","rep":2,"layer":2,"e2e_ms":163.019172,"layer_ms":85.154937,"projection_ms":0,"conversion_ms":1.289991,"lr_ms":1.666172,"max_prescan_ms":0,"kernel_ms":79.049241,"normalization_ms":1.478128,"activation_ms":1.670941,"block":16}
{"path":"HEADS_AMX_PRELOAD_B16","rep":2,"layer":3,"e2e_ms":163.019172,"layer_ms":24.156925,"projection_ms":0,"conversion_ms":1.403379,"lr_ms":1.559501,"max_prescan_ms":0,"kernel_ms":20.951744,"normalization_ms":0.241388,"activation_ms":0.000137,"block":16}
{"path":"HEADS_AMX_PRELOAD_B32","rep":2,"layer":1,"e2e_ms":133.124358,"layer_ms":42.422174,"projection_ms":0,"conversion_ms":0.60287,"lr_ms":0.966639,"max_prescan_ms":0,"kernel_ms":37.68913,"normalization_ms":1.492813,"activation_ms":1.670108,"block":32}
{"path":"HEADS_AMX_PRELOAD_B32","rep":2,"layer":2,"e2e_ms":133.124358,"layer_ms":66.521677,"projection_ms":0,"conversion_ms":1.288015,"lr_ms":1.66485,"max_prescan_ms":0,"kernel_ms":60.409458,"normalization_ms":1.495129,"activation_ms":1.663816,"block":32}
{"path":"HEADS_AMX_PRELOAD_B32","rep":2,"layer":3,"e2e_ms":133.124358,"layer_ms":24.17357,"projection_ms":0,"conversion_ms":1.403647,"lr_ms":1.566612,"max_prescan_ms":0,"kernel_ms":20.961368,"normalization_ms":0.241449,"activation_ms":0.000154,"block":32}
{"path":"HYBRID_T16_B32","rep":2,"layer":1,"e2e_ms":122.342073,"layer_ms":36.136257,"projection_ms":0,"conversion_ms":0.597478,"lr_ms":0.988208,"max_prescan_ms":0,"kernel_ms":31.020012,"normalization_ms":1.859051,"activation_ms":1.671026,"block":32}
{"path":"HYBRID_T16_B32","rep":2,"layer":2,"e2e_ms":122.342073,"layer_ms":61.610958,"projection_ms":0,"conversion_ms":1.291306,"lr_ms":1.677178,"max_prescan_ms":0,"kernel_ms":55.493622,"normalization_ms":1.494026,"activation_ms":1.65431,"block":32}
{"path":"HYBRID_T16_B32","rep":2,"layer":3,"e2e_ms":122.342073,"layer_ms":24.587281,"projection_ms":0,"conversion_ms":1.397981,"lr_ms":1.561979,"max_prescan_ms":0,"kernel_ms":21.387892,"normalization_ms":0.238789,"activation_ms":2.8e-05,"block":32}
{"path":"HYBRID_T24_B32","rep":2,"layer":1,"e2e_ms":120.033693,"layer_ms":34.925198,"projection_ms":0,"conversion_ms":0.609591,"lr_ms":0.963681,"max_prescan_ms":0,"kernel_ms":30.208115,"normalization_ms":1.476487,"activation_ms":1.666833,"block":32}
{"path":"HYBRID_T24_B32","rep":2,"layer":2,"e2e_ms":120.033693,"layer_ms":59.80896,"projection_ms":0,"conversion_ms":1.266314,"lr_ms":1.676672,"max_prescan_ms":0,"kernel_ms":53.71539,"normalization_ms":1.478567,"activation_ms":1.671545,"block":32}
{"path":"HYBRID_T24_B32","rep":2,"layer":3,"e2e_ms":120.033693,"layer_ms":25.294294,"projection_ms":0,"conversion_ms":1.396406,"lr_ms":1.571838,"max_prescan_ms":0,"kernel_ms":22.08133,"normalization_ms":0.244166,"activation_ms":7.9e-05,"block":32}
{"path":"HYBRID_T32_B32","rep":2,"layer":1,"e2e_ms":120.581428,"layer_ms":35.028511,"projection_ms":0,"conversion_ms":0.61111,"lr_ms":0.973554,"max_prescan_ms":0,"kernel_ms":30.281945,"normalization_ms":1.494866,"activation_ms":1.666541,"block":32}
{"path":"HYBRID_T32_B32","rep":2,"layer":2,"e2e_ms":120.581428,"layer_ms":60.870173,"projection_ms":0,"conversion_ms":1.299225,"lr_ms":1.663873,"max_prescan_ms":0,"kernel_ms":54.282575,"normalization_ms":1.922434,"activation_ms":1.701693,"block":32}
{"path":"HYBRID_T32_B32","rep":2,"layer":3,"e2e_ms":120.581428,"layer_ms":24.675865,"projection_ms":0,"conversion_ms":1.401742,"lr_ms":1.558799,"max_prescan_ms":0,"kernel_ms":21.47018,"normalization_ms":0.244241,"activation_ms":2.6e-05,"block":32}
CHECK path=HEADS_AVX_B16 layer=2 reference=FP32_same_input_same_contracted_LR_no_ELU max_abs_error=0.00321514904499 mean_abs_error=0.000380668715601 relative_L2_error=0.00227538299324 finite=1 original_abs_003_gate=FAIL task_accuracy=UNVERIFIED
CHECK path=HEADS_AVX_B32 layer=2 reference=FP32_same_input_same_contracted_LR_no_ELU max_abs_error=0.00321514904499 mean_abs_error=0.000388065995958 relative_L2_error=0.00231560304851 finite=1 original_abs_003_gate=FAIL task_accuracy=UNVERIFIED
CHECK path=HEADS_AMX_HILO_B16 layer=2 reference=FP32_same_input_same_contracted_LR_no_ELU max_abs_error=0.00321514904499 mean_abs_error=0.00038066853386 relative_L2_error=0.00227538141887 finite=1 original_abs_003_gate=FAIL task_accuracy=UNVERIFIED
CHECK path=HEADS_AMX_HILO_B32 layer=2 reference=FP32_same_input_same_contracted_LR_no_ELU max_abs_error=0.00321514904499 mean_abs_error=0.000388065552891 relative_L2_error=0.00231560148928 finite=1 original_abs_003_gate=FAIL task_accuracy=UNVERIFIED
CHECK path=HEADS_AMX_PRELOAD_B16 layer=2 reference=FP32_same_input_same_contracted_LR_no_ELU max_abs_error=0.00321514904499 mean_abs_error=0.00038066853386 relative_L2_error=0.00227538141887 finite=1 original_abs_003_gate=FAIL task_accuracy=UNVERIFIED
CHECK path=HEADS_AMX_PRELOAD_B32 layer=2 reference=FP32_same_input_same_contracted_LR_no_ELU max_abs_error=0.00321514904499 mean_abs_error=0.000388065552891 relative_L2_error=0.00231560148928 finite=1 original_abs_003_gate=FAIL task_accuracy=UNVERIFIED
CHECK path=HYBRID_T16_B32 layer=2 reference=FP32_same_input_same_contracted_LR_no_ELU max_abs_error=0.00321514904499 mean_abs_error=0.000388065674769 relative_L2_error=0.00231560181911 finite=1 original_abs_003_gate=FAIL task_accuracy=UNVERIFIED
CHECK path=HYBRID_T24_B32 layer=2 reference=FP32_same_input_same_contracted_LR_no_ELU max_abs_error=0.00321514904499 mean_abs_error=0.000388065797574 relative_L2_error=0.00231560240185 finite=1 original_abs_003_gate=FAIL task_accuracy=UNVERIFIED
CHECK path=HYBRID_T32_B32 layer=2 reference=FP32_same_input_same_contracted_LR_no_ELU max_abs_error=0.00321514904499 mean_abs_error=0.000388066040633 relative_L2_error=0.00231560320778 finite=1 original_abs_003_gate=FAIL task_accuracy=UNVERIFIED
PROFILE_IDENTITY path=HEADS_AVX_B16 layer=1 bit_fingerprint_equal=1
PROFILE path=HEADS_AVX_B16 layer=1 optimized=1 layer_wall_ms=41.173061 kernel_wall_ms=36.434272 sampled_head_tiles=664 worker_times_are_sampled_sums=true source_index_worker_ms=0.037311 score_worker_ms=0.517648 block_max_worker_ms=0.257736 exp_den_worker_ms=0.101172 H_pack_worker_ms=0 P_pack_worker_ms=0 PH_load_worker_ms=0 PH_compute_worker_ms=1.470172 PH_store_scatter_worker_ms=0 UB_convert_worker_ms=0.162682 UW_load_worker_ms=0.37661 UW_compute_worker_ms=0.546405 V_store_worker_ms=0.053101 V_reload_worker_ms=0.031654 row_rescale_worker_ms=0.039914 transition_worker_ms=0.042571 output_write_worker_ms=0.265282 scheduling_worker_ms=0.169606 tile_config_worker_ms=0.046265 fallback_gather_worker_ms=0 fallback_UB_convert_worker_ms=0 fallback_AMX_load_compute_worker_ms=0 baseline_rescale_store_worker_ms=0 baseline_rescale_vector_worker_ms=0.039914 baseline_rescale_reload_worker_ms=0 fallback_final_store_worker_ms=0 instruction_span_timers_have_overhead=true
ONLINE_STATS path=HEADS_AVX_B16 layer=1 block=16 heads=8 D=128 d=32 edges=2484941 blocks=2040112 max_updates_including_initial=1509298 rescales=154554 rescale_per_block=0.0757576054648 P50=0 P90=0 P95=0.333333333333 P99=0.5 rescaled_feature_elements=4945728 rescale_events=34791 spill_bytes=0 reload_bytes=0 UW_calls=1058432 UW_physical_FMA=8670674944 head_tiles=84672 projection_groups=132304
HEAD_WORK path=HEADS_AVX_B16 layer=1 optimized=1 PH_calls=0 PH_physical_FMA=2544579584 PH_useful_FMA=2544579584 raw_H_bytes=636144896 packed_H_bytes=0 UB_scatter_bytes=1044537344 head_switch_store_bytes=270958592 head_switch_reload_bytes=97550336 sparse_width_amplification=4 traffic_is_logical_not_DRAM=true no_full_Z_U_e_alpha=true bounded_V_in_local_memory=true
PROFILE_IDENTITY path=HEADS_AVX_B16 layer=2 bit_fingerprint_equal=1
PROFILE path=HEADS_AVX_B16 layer=2 optimized=1 layer_wall_ms=73.321394 kernel_wall_ms=67.269617 sampled_head_tiles=664 worker_times_are_sampled_sums=true source_index_worker_ms=0.038376 score_worker_ms=0.614907 block_max_worker_ms=0.270757 exp_den_worker_ms=0.067192 H_pack_worker_ms=0 P_pack_worker_ms=0 PH_load_worker_ms=0 PH_compute_worker_ms=3.055428 PH_store_scatter_worker_ms=0 UB_convert_worker_ms=0.371955 UW_load_worker_ms=0.748575 UW_compute_worker_ms=0.738369 V_store_worker_ms=0.059531 V_reload_worker_ms=0.031723 row_rescale_worker_ms=0.039482 transition_worker_ms=0.04347 output_write_worker_ms=0.259524 scheduling_worker_ms=0.164105 tile_config_worker_ms=0.040898 fallback_gather_worker_ms=0 fallback_UB_convert_worker_ms=0 fallback_AMX_load_compute_worker_ms=0 baseline_rescale_store_worker_ms=0 baseline_rescale_vector_worker_ms=0.039482 baseline_rescale_reload_worker_ms=0 fallback_final_store_worker_ms=0 instruction_span_timers_have_overhead=true
ONLINE_STATS path=HEADS_AVX_B16 layer=2 block=16 heads=8 D=256 d=32 edges=2484941 blocks=2040112 max_updates_including_initial=1515362 rescales=160618 rescale_per_block=0.0787299912946 P50=0 P90=0 P95=0.4 P99=0.5 rescaled_feature_elements=5139776 rescale_events=35333 spill_bytes=0 reload_bytes=0 UW_calls=2116864 UW_physical_FMA=17341349888 head_tiles=84672 projection_groups=132304
HEAD_WORK path=HEADS_AVX_B16 layer=2 optimized=1 PH_calls=0 PH_physical_FMA=5089159168 PH_useful_FMA=5089159168 raw_H_bytes=1272289792 packed_H_bytes=0 UB_scatter_bytes=2089074688 head_switch_store_bytes=270958592 head_switch_reload_bytes=97550336 sparse_width_amplification=8 traffic_is_logical_not_DRAM=true no_full_Z_U_e_alpha=true bounded_V_in_local_memory=true
PROFILE_IDENTITY path=HEADS_AVX_B16 layer=3 bit_fingerprint_equal=1
PROFILE path=HEADS_AVX_B16 layer=3 optimized=0 layer_wall_ms=26.0519 kernel_wall_ms=22.917821 sampled_head_tiles=83 worker_times_are_sampled_sums=true source_index_worker_ms=0 score_worker_ms=0.165622 block_max_worker_ms=0.039413 exp_den_worker_ms=0.01206 H_pack_worker_ms=0 P_pack_worker_ms=0 PH_load_worker_ms=0 PH_compute_worker_ms=0 PH_store_scatter_worker_ms=0 UB_convert_worker_ms=0 UW_load_worker_ms=0 UW_compute_worker_ms=0 V_store_worker_ms=0 V_reload_worker_ms=0 row_rescale_worker_ms=0 transition_worker_ms=0 output_write_worker_ms=0.09872 scheduling_worker_ms=0.11159 tile_config_worker_ms=0.043171 fallback_gather_worker_ms=1.244611 fallback_UB_convert_worker_ms=0.053455 fallback_AMX_load_compute_worker_ms=0.15471 baseline_rescale_store_worker_ms=0.00359 baseline_rescale_vector_worker_ms=0.007195 baseline_rescale_reload_worker_ms=0.002527 fallback_final_store_worker_ms=0.008203 instruction_span_timers_have_overhead=true
ONLINE_STATS path=HEADS_AVX_B16 layer=3 block=16 heads=1 D=256 d=40 edges=2484941 blocks=255014 max_updates_including_initial=189541 rescales=20198 rescale_per_block=0.0792034947101 P50=0 P90=0 P95=0.4 P99=0.5 rescaled_feature_elements=807920 rescale_events=4442 spill_bytes=13645824 reload_bytes=13645824 UW_calls=396912 UW_physical_FMA=3251503104 head_tiles=10584 projection_groups=16538
HEAD_WORK path=HEADS_AVX_B16 layer=3 optimized=0 PH_calls=0 PH_physical_FMA=0 PH_useful_FMA=0 raw_H_bytes=0 packed_H_bytes=0 UB_scatter_bytes=0 head_switch_store_bytes=0 head_switch_reload_bytes=0 sparse_width_amplification=6.4 traffic_is_logical_not_DRAM=true no_full_Z_U_e_alpha=true bounded_V_in_local_memory=true
PROFILE_IDENTITY path=HEADS_AVX_B32 layer=1 bit_fingerprint_equal=1
PROFILE path=HEADS_AVX_B32 layer=1 optimized=1 layer_wall_ms=37.265438 kernel_wall_ms=32.49604 sampled_head_tiles=664 worker_times_are_sampled_sums=true source_index_worker_ms=0.035969 score_worker_ms=0.5333 block_max_worker_ms=0.231428 exp_den_worker_ms=0.058863 H_pack_worker_ms=0 P_pack_worker_ms=0 PH_load_worker_ms=0 PH_compute_worker_ms=1.407197 PH_store_scatter_worker_ms=0 UB_convert_worker_ms=0.122881 UW_load_worker_ms=0.294409 UW_compute_worker_ms=0.416089 V_store_worker_ms=0.04428 V_reload_worker_ms=0.01941 row_rescale_worker_ms=0.011204 transition_worker_ms=0.034903 output_write_worker_ms=0.2682 scheduling_worker_ms=0.173648 tile_config_worker_ms=0.052244 fallback_gather_worker_ms=0 fallback_UB_convert_worker_ms=0 fallback_AMX_load_compute_worker_ms=0 baseline_rescale_store_worker_ms=0 baseline_rescale_vector_worker_ms=0.011204 baseline_rescale_reload_worker_ms=0 fallback_final_store_worker_ms=0 instruction_span_timers_have_overhead=true
ONLINE_STATS path=HEADS_AVX_B32 layer=1 block=32 heads=8 D=128 d=32 edges=2484941 blocks=1580688 max_updates_including_initial=1400775 rescales=46031 rescale_per_block=0.0291208638264 P50=0 P90=0 P95=0 P99=0.5 rescaled_feature_elements=1472992 rescale_events=11188 spill_bytes=0 reload_bytes=0 UW_calls=809664 UW_physical_FMA=6632767488 head_tiles=84672 projection_groups=101208
HEAD_WORK path=HEADS_AVX_B32 layer=1 optimized=1 PH_calls=0 PH_physical_FMA=2544579584 PH_useful_FMA=2544579584 raw_H_bytes=636144896 packed_H_bytes=0 UB_scatter_bytes=809312256 head_switch_store_bytes=207273984 head_switch_reload_bytes=33865728 sparse_width_amplification=4 traffic_is_logical_not_DRAM=true no_full_Z_U_e_alpha=true bounded_V_in_local_memory=true
PROFILE_IDENTITY path=HEADS_AVX_B32 layer=2 bit_fingerprint_equal=1
PROFILE path=HEADS_AVX_B32 layer=2 optimized=1 layer_wall_ms=63.585629 kernel_wall_ms=57.511095 sampled_head_tiles=664 worker_times_are_sampled_sums=true source_index_worker_ms=0.036715 score_worker_ms=0.63276 block_max_worker_ms=0.234026 exp_den_worker_ms=0.060082 H_pack_worker_ms=0 P_pack_worker_ms=0 PH_load_worker_ms=0 PH_compute_worker_ms=2.859685 PH_store_scatter_worker_ms=0 UB_convert_worker_ms=0.294326 UW_load_worker_ms=0.585391 UW_compute_worker_ms=0.566804 V_store_worker_ms=0.058125 V_reload_worker_ms=0.019602 row_rescale_worker_ms=0.010723 transition_worker_ms=0.036838 output_write_worker_ms=0.261347 scheduling_worker_ms=0.159738 tile_config_worker_ms=0.042659 fallback_gather_worker_ms=0 fallback_UB_convert_worker_ms=0 fallback_AMX_load_compute_worker_ms=0 baseline_rescale_store_worker_ms=0 baseline_rescale_vector_worker_ms=0.010723 baseline_rescale_reload_worker_ms=0 fallback_final_store_worker_ms=0 instruction_span_timers_have_overhead=true
ONLINE_STATS path=HEADS_AVX_B32 layer=2 block=32 heads=8 D=256 d=32 edges=2484941 blocks=1580688 max_updates_including_initial=1403434 rescales=48690 rescale_per_block=0.0308030427257 P50=0 P90=0 P95=0 P99=0.5 rescaled_feature_elements=1558080 rescale_events=11374 spill_bytes=0 reload_bytes=0 UW_calls=1619328 UW_physical_FMA=13265534976 head_tiles=84672 projection_groups=101208
HEAD_WORK path=HEADS_AVX_B32 layer=2 optimized=1 PH_calls=0 PH_physical_FMA=5089159168 PH_useful_FMA=5089159168 raw_H_bytes=1272289792 packed_H_bytes=0 UB_scatter_bytes=1618624512 head_switch_store_bytes=207273984 head_switch_reload_bytes=33865728 sparse_width_amplification=8 traffic_is_logical_not_DRAM=true no_full_Z_U_e_alpha=true bounded_V_in_local_memory=true
PROFILE_IDENTITY path=HEADS_AVX_B32 layer=3 bit_fingerprint_equal=1
PROFILE path=HEADS_AVX_B32 layer=3 optimized=0 layer_wall_ms=25.795373 kernel_wall_ms=22.642725 sampled_head_tiles=83 worker_times_are_sampled_sums=true source_index_worker_ms=0 score_worker_ms=0.164546 block_max_worker_ms=0.035591 exp_den_worker_ms=0.011581 H_pack_worker_ms=0 P_pack_worker_ms=0 PH_load_worker_ms=0 PH_compute_worker_ms=0 PH_store_scatter_worker_ms=0 UB_convert_worker_ms=0 UW_load_worker_ms=0 UW_compute_worker_ms=0 V_store_worker_ms=0 V_reload_worker_ms=0 row_rescale_worker_ms=0 transition_worker_ms=0 output_write_worker_ms=0.09779 scheduling_worker_ms=0.084664 tile_config_worker_ms=0.040996 fallback_gather_worker_ms=1.261184 fallback_UB_convert_worker_ms=0.042352 fallback_AMX_load_compute_worker_ms=0.133777 baseline_rescale_store_worker_ms=0.001071 baseline_rescale_vector_worker_ms=0.001928 baseline_rescale_reload_worker_ms=0.001077 fallback_final_store_worker_ms=0.008142 instruction_span_timers_have_overhead=true
ONLINE_STATS path=HEADS_AVX_B32 layer=3 block=32 heads=1 D=256 d=40 edges=2484941 blocks=197586 max_updates_including_initial=175526 rescales=6183 rescale_per_block=0.0312927029243 P50=0 P90=0 P95=0 P99=0.5 rescaled_feature_elements=247320 rescale_events=1430 spill_bytes=4392960 reload_bytes=4392960 UW_calls=303624 UW_physical_FMA=2487287808 head_tiles=10584 projection_groups=12651
HEAD_WORK path=HEADS_AVX_B32 layer=3 optimized=0 PH_calls=0 PH_physical_FMA=0 PH_useful_FMA=0 raw_H_bytes=0 packed_H_bytes=0 UB_scatter_bytes=0 head_switch_store_bytes=0 head_switch_reload_bytes=0 sparse_width_amplification=6.4 traffic_is_logical_not_DRAM=true no_full_Z_U_e_alpha=true bounded_V_in_local_memory=true
PROFILE_IDENTITY path=HEADS_AMX_HILO_B16 layer=1 bit_fingerprint_equal=1
PROFILE path=HEADS_AMX_HILO_B16 layer=1 optimized=1 layer_wall_ms=51.291219 kernel_wall_ms=46.569251 sampled_head_tiles=664 worker_times_are_sampled_sums=true source_index_worker_ms=0.037132 score_worker_ms=0.541451 block_max_worker_ms=0.257588 exp_den_worker_ms=0.066627 H_pack_worker_ms=1.092767 P_pack_worker_ms=0.271678 PH_load_worker_ms=1.046155 PH_compute_worker_ms=1.402718 PH_store_scatter_worker_ms=0.436029 UB_convert_worker_ms=0.160649 UW_load_worker_ms=0.37404 UW_compute_worker_ms=0.429254 V_store_worker_ms=0.053375 V_reload_worker_ms=0.032047 row_rescale_worker_ms=0.040345 transition_worker_ms=0.019933 output_write_worker_ms=0.254195 scheduling_worker_ms=0.166848 tile_config_worker_ms=0.043615 fallback_gather_worker_ms=0 fallback_UB_convert_worker_ms=0 fallback_AMX_load_compute_worker_ms=0 baseline_rescale_store_worker_ms=0 baseline_rescale_vector_worker_ms=0.040345 baseline_rescale_reload_worker_ms=0 fallback_final_store_worker_ms=0 instruction_span_timers_have_overhead=true
ONLINE_STATS path=HEADS_AMX_HILO_B16 layer=1 block=16 heads=8 D=128 d=32 edges=2484941 blocks=2040112 max_updates_including_initial=1509298 rescales=154554 rescale_per_block=0.0757576054648 P50=0 P90=0 P95=0.333333333333 P99=0.5 rescaled_feature_elements=4945728 rescale_events=34791 spill_bytes=0 reload_bytes=0 UW_calls=1058432 UW_physical_FMA=8670674944 head_tiles=84672 projection_groups=132304
HEAD_WORK path=HEADS_AMX_HILO_B16 layer=1 optimized=1 PH_calls=4080224 PH_physical_FMA=16712597504 PH_useful_FMA=2544579584 raw_H_bytes=636144896 packed_H_bytes=2089074688 UB_scatter_bytes=1044537344 head_switch_store_bytes=270958592 head_switch_reload_bytes=97550336 sparse_width_amplification=4 traffic_is_logical_not_DRAM=true no_full_Z_U_e_alpha=true bounded_V_in_local_memory=true
PROFILE_IDENTITY path=HEADS_AMX_HILO_B16 layer=2 bit_fingerprint_equal=1
PROFILE path=HEADS_AMX_HILO_B16 layer=2 optimized=1 layer_wall_ms=89.487691 kernel_wall_ms=83.431891 sampled_head_tiles=664 worker_times_are_sampled_sums=true source_index_worker_ms=0.039182 score_worker_ms=0.69746 block_max_worker_ms=0.279913 exp_den_worker_ms=0.076962 H_pack_worker_ms=3.109676 P_pack_worker_ms=0.235639 PH_load_worker_ms=2.059263 PH_compute_worker_ms=2.210192 PH_store_scatter_worker_ms=0.889405 UB_convert_worker_ms=0.381115 UW_load_worker_ms=0.716947 UW_compute_worker_ms=0.617424 V_store_worker_ms=0.05817 V_reload_worker_ms=0.032262 row_rescale_worker_ms=0.041352 transition_worker_ms=0.021987 output_write_worker_ms=0.243111 scheduling_worker_ms=0.172497 tile_config_worker_ms=0.036827 fallback_gather_worker_ms=0 fallback_UB_convert_worker_ms=0 fallback_AMX_load_compute_worker_ms=0 baseline_rescale_store_worker_ms=0 baseline_rescale_vector_worker_ms=0.041352 baseline_rescale_reload_worker_ms=0 fallback_final_store_worker_ms=0 instruction_span_timers_have_overhead=true
ONLINE_STATS path=HEADS_AMX_HILO_B16 layer=2 block=16 heads=8 D=256 d=32 edges=2484941 blocks=2040112 max_updates_including_initial=1515365 rescales=160621 rescale_per_block=0.0787314618021 P50=0 P90=0 P95=0.4 P99=0.5 rescaled_feature_elements=5139872 rescale_events=35332 spill_bytes=0 reload_bytes=0 UW_calls=2116864 UW_physical_FMA=17341349888 head_tiles=84672 projection_groups=132304
HEAD_WORK path=HEADS_AMX_HILO_B16 layer=2 optimized=1 PH_calls=8160448 PH_physical_FMA=33425195008 PH_useful_FMA=5089159168 raw_H_bytes=1272289792 packed_H_bytes=4178149376 UB_scatter_bytes=2089074688 head_switch_store_bytes=270958592 head_switch_reload_bytes=97550336 sparse_width_amplification=8 traffic_is_logical_not_DRAM=true no_full_Z_U_e_alpha=true bounded_V_in_local_memory=true
PROFILE_IDENTITY path=HEADS_AMX_HILO_B16 layer=3 bit_fingerprint_equal=1
PROFILE path=HEADS_AMX_HILO_B16 layer=3 optimized=0 layer_wall_ms=25.385948 kernel_wall_ms=22.238365 sampled_head_tiles=83 worker_times_are_sampled_sums=true source_index_worker_ms=0 score_worker_ms=0.162774 block_max_worker_ms=0.039809 exp_den_worker_ms=0.012509 H_pack_worker_ms=0 P_pack_worker_ms=0 PH_load_worker_ms=0 PH_compute_worker_ms=0 PH_store_scatter_worker_ms=0 UB_convert_worker_ms=0 UW_load_worker_ms=0 UW_compute_worker_ms=0 V_store_worker_ms=0 V_reload_worker_ms=0 row_rescale_worker_ms=0 transition_worker_ms=0 output_write_worker_ms=0.097486 scheduling_worker_ms=0.096028 tile_config_worker_ms=0.040117 fallback_gather_worker_ms=1.191599 fallback_UB_convert_worker_ms=0.052222 fallback_AMX_load_compute_worker_ms=0.149955 baseline_rescale_store_worker_ms=0.003661 baseline_rescale_vector_worker_ms=0.006195 baseline_rescale_reload_worker_ms=0.008716 fallback_final_store_worker_ms=0.008561 instruction_span_timers_have_overhead=true
ONLINE_STATS path=HEADS_AMX_HILO_B16 layer=3 block=16 heads=1 D=256 d=40 edges=2484941 blocks=255014 max_updates_including_initial=189548 rescales=20205 rescale_per_block=0.0792309441835 P50=0 P90=0 P95=0.4 P99=0.5 rescaled_feature_elements=808200 rescale_events=4443 spill_bytes=13648896 reload_bytes=13648896 UW_calls=396912 UW_physical_FMA=3251503104 head_tiles=10584 projection_groups=16538
HEAD_WORK path=HEADS_AMX_HILO_B16 layer=3 optimized=0 PH_calls=0 PH_physical_FMA=0 PH_useful_FMA=0 raw_H_bytes=0 packed_H_bytes=0 UB_scatter_bytes=0 head_switch_store_bytes=0 head_switch_reload_bytes=0 sparse_width_amplification=6.4 traffic_is_logical_not_DRAM=true no_full_Z_U_e_alpha=true bounded_V_in_local_memory=true
PROFILE_IDENTITY path=HEADS_AMX_HILO_B32 layer=1 bit_fingerprint_equal=1
PROFILE path=HEADS_AMX_HILO_B32 layer=1 optimized=1 layer_wall_ms=40.268951 kernel_wall_ms=35.517848 sampled_head_tiles=664 worker_times_are_sampled_sums=true source_index_worker_ms=0.035196 score_worker_ms=0.549648 block_max_worker_ms=0.228835 exp_den_worker_ms=0.058594 H_pack_worker_ms=0.994297 P_pack_worker_ms=0.205432 PH_load_worker_ms=0.815927 PH_compute_worker_ms=1.112307 PH_store_scatter_worker_ms=0.344861 UB_convert_worker_ms=0.128456 UW_load_worker_ms=0.301334 UW_compute_worker_ms=0.3469 V_store_worker_ms=0.043983 V_reload_worker_ms=0.019239 row_rescale_worker_ms=0.011653 transition_worker_ms=0.017532 output_write_worker_ms=0.260036 scheduling_worker_ms=0.18412 tile_config_worker_ms=0.036979 fallback_gather_worker_ms=0 fallback_UB_convert_worker_ms=0 fallback_AMX_load_compute_worker_ms=0 baseline_rescale_store_worker_ms=0 baseline_rescale_vector_worker_ms=0.011653 baseline_rescale_reload_worker_ms=0 fallback_final_store_worker_ms=0 instruction_span_timers_have_overhead=true
ONLINE_STATS path=HEADS_AMX_HILO_B32 layer=1 block=32 heads=8 D=128 d=32 edges=2484941 blocks=1580688 max_updates_including_initial=1400775 rescales=46031 rescale_per_block=0.0291208638264 P50=0 P90=0 P95=0 P99=0.5 rescaled_feature_elements=1472992 rescale_events=11188 spill_bytes=0 reload_bytes=0 UW_calls=809664 UW_physical_FMA=6632767488 head_tiles=84672 projection_groups=101208
HEAD_WORK path=HEADS_AMX_HILO_B32 layer=1 optimized=1 PH_calls=3161376 PH_physical_FMA=12948996096 PH_useful_FMA=2544579584 raw_H_bytes=636144896 packed_H_bytes=1618624512 UB_scatter_bytes=809312256 head_switch_store_bytes=207273984 head_switch_reload_bytes=33865728 sparse_width_amplification=4 traffic_is_logical_not_DRAM=true no_full_Z_U_e_alpha=true bounded_V_in_local_memory=true
PROFILE_IDENTITY path=HEADS_AMX_HILO_B32 layer=2 bit_fingerprint_equal=1
PROFILE path=HEADS_AMX_HILO_B32 layer=2 optimized=1 layer_wall_ms=72.760568 kernel_wall_ms=66.705662 sampled_head_tiles=664 worker_times_are_sampled_sums=true source_index_worker_ms=0.044763 score_worker_ms=0.709992 block_max_worker_ms=0.259819 exp_den_worker_ms=0.067749 H_pack_worker_ms=2.620551 P_pack_worker_ms=0.202759 PH_load_worker_ms=1.624203 PH_compute_worker_ms=1.823413 PH_store_scatter_worker_ms=0.70294 UB_convert_worker_ms=0.295668 UW_load_worker_ms=0.560551 UW_compute_worker_ms=0.483956 V_store_worker_ms=0.047966 V_reload_worker_ms=0.019187 row_rescale_worker_ms=0.011495 transition_worker_ms=0.018257 output_write_worker_ms=0.242424 scheduling_worker_ms=0.170404 tile_config_worker_ms=0.044338 fallback_gather_worker_ms=0 fallback_UB_convert_worker_ms=0 fallback_AMX_load_compute_worker_ms=0 baseline_rescale_store_worker_ms=0 baseline_rescale_vector_worker_ms=0.011495 baseline_rescale_reload_worker_ms=0 fallback_final_store_worker_ms=0 instruction_span_timers_have_overhead=true
ONLINE_STATS path=HEADS_AMX_HILO_B32 layer=2 block=32 heads=8 D=256 d=32 edges=2484941 blocks=1580688 max_updates_including_initial=1403435 rescales=48691 rescale_per_block=0.0308036753616 P50=0 P90=0 P95=0 P99=0.5 rescaled_feature_elements=1558112 rescale_events=11374 spill_bytes=0 reload_bytes=0 UW_calls=1619328 UW_physical_FMA=13265534976 head_tiles=84672 projection_groups=101208
HEAD_WORK path=HEADS_AMX_HILO_B32 layer=2 optimized=1 PH_calls=6322752 PH_physical_FMA=25897992192 PH_useful_FMA=5089159168 raw_H_bytes=1272289792 packed_H_bytes=3237249024 UB_scatter_bytes=1618624512 head_switch_store_bytes=207273984 head_switch_reload_bytes=33865728 sparse_width_amplification=8 traffic_is_logical_not_DRAM=true no_full_Z_U_e_alpha=true bounded_V_in_local_memory=true
PROFILE_IDENTITY path=HEADS_AMX_HILO_B32 layer=3 bit_fingerprint_equal=1
PROFILE path=HEADS_AMX_HILO_B32 layer=3 optimized=0 layer_wall_ms=25.072075 kernel_wall_ms=21.930547 sampled_head_tiles=83 worker_times_are_sampled_sums=true source_index_worker_ms=0 score_worker_ms=0.167406 block_max_worker_ms=0.035835 exp_den_worker_ms=0.01178 H_pack_worker_ms=0 P_pack_worker_ms=0 PH_load_worker_ms=0 PH_compute_worker_ms=0 PH_store_scatter_worker_ms=0 UB_convert_worker_ms=0 UW_load_worker_ms=0 UW_compute_worker_ms=0 V_store_worker_ms=0 V_reload_worker_ms=0 row_rescale_worker_ms=0 transition_worker_ms=0 output_write_worker_ms=0.094378 scheduling_worker_ms=0.085548 tile_config_worker_ms=0.039016 fallback_gather_worker_ms=1.255368 fallback_UB_convert_worker_ms=0.042827 fallback_AMX_load_compute_worker_ms=0.130589 baseline_rescale_store_worker_ms=0.001093 baseline_rescale_vector_worker_ms=0.001989 baseline_rescale_reload_worker_ms=0.00097 fallback_final_store_worker_ms=0.008108 instruction_span_timers_have_overhead=true
ONLINE_STATS path=HEADS_AMX_HILO_B32 layer=3 block=32 heads=1 D=256 d=40 edges=2484941 blocks=197586 max_updates_including_initial=175524 rescales=6181 rescale_per_block=0.0312825807496 P50=0 P90=0 P95=0 P99=0.5 rescaled_feature_elements=247240 rescale_events=1430 spill_bytes=4392960 reload_bytes=4392960 UW_calls=303624 UW_physical_FMA=2487287808 head_tiles=10584 projection_groups=12651
HEAD_WORK path=HEADS_AMX_HILO_B32 layer=3 optimized=0 PH_calls=0 PH_physical_FMA=0 PH_useful_FMA=0 raw_H_bytes=0 packed_H_bytes=0 UB_scatter_bytes=0 head_switch_store_bytes=0 head_switch_reload_bytes=0 sparse_width_amplification=6.4 traffic_is_logical_not_DRAM=true no_full_Z_U_e_alpha=true bounded_V_in_local_memory=true
PROFILE_IDENTITY path=HEADS_AMX_PRELOAD_B16 layer=1 bit_fingerprint_equal=1
PROFILE path=HEADS_AMX_PRELOAD_B16 layer=1 optimized=1 layer_wall_ms=51.316819 kernel_wall_ms=46.587275 sampled_head_tiles=664 worker_times_are_sampled_sums=true source_index_worker_ms=0.037137 score_worker_ms=0.574091 block_max_worker_ms=0.257607 exp_den_worker_ms=0.065717 H_pack_worker_ms=1.107874 P_pack_worker_ms=0.386553 PH_load_worker_ms=0.989866 PH_compute_worker_ms=1.435519 PH_store_scatter_worker_ms=0.445646 UB_convert_worker_ms=0.169633 UW_load_worker_ms=0.377762 UW_compute_worker_ms=0.429748 V_store_worker_ms=0.052524 V_reload_worker_ms=0.03117 row_rescale_worker_ms=0.03865 transition_worker_ms=0.019688 output_write_worker_ms=0.258897 scheduling_worker_ms=0.169345 tile_config_worker_ms=0.038359 fallback_gather_worker_ms=0 fallback_UB_convert_worker_ms=0 fallback_AMX_load_compute_worker_ms=0 baseline_rescale_store_worker_ms=0 baseline_rescale_vector_worker_ms=0.03865 baseline_rescale_reload_worker_ms=0 fallback_final_store_worker_ms=0 instruction_span_timers_have_overhead=true
ONLINE_STATS path=HEADS_AMX_PRELOAD_B16 layer=1 block=16 heads=8 D=128 d=32 edges=2484941 blocks=2040112 max_updates_including_initial=1509298 rescales=154554 rescale_per_block=0.0757576054648 P50=0 P90=0 P95=0.333333333333 P99=0.5 rescaled_feature_elements=4945728 rescale_events=34791 spill_bytes=0 reload_bytes=0 UW_calls=1058432 UW_physical_FMA=8670674944 head_tiles=84672 projection_groups=132304
HEAD_WORK path=HEADS_AMX_PRELOAD_B16 layer=1 optimized=1 PH_calls=4080224 PH_physical_FMA=16712597504 PH_useful_FMA=2544579584 raw_H_bytes=636144896 packed_H_bytes=2089074688 UB_scatter_bytes=1044537344 head_switch_store_bytes=270958592 head_switch_reload_bytes=97550336 sparse_width_amplification=4 traffic_is_logical_not_DRAM=true no_full_Z_U_e_alpha=true bounded_V_in_local_memory=true
PROFILE_IDENTITY path=HEADS_AMX_PRELOAD_B16 layer=2 bit_fingerprint_equal=1
PROFILE path=HEADS_AMX_PRELOAD_B16 layer=2 optimized=1 layer_wall_ms=83.978933 kernel_wall_ms=77.926076 sampled_head_tiles=664 worker_times_are_sampled_sums=true source_index_worker_ms=0.03828 score_worker_ms=0.689794 block_max_worker_ms=0.288307 exp_den_worker_ms=0.074672 H_pack_worker_ms=2.655894 P_pack_worker_ms=0.24023 PH_load_worker_ms=1.376483 PH_compute_worker_ms=2.308759 PH_store_scatter_worker_ms=0.917392 UB_convert_worker_ms=0.370241 UW_load_worker_ms=0.715998 UW_compute_worker_ms=0.601435 V_store_worker_ms=0.05855 V_reload_worker_ms=0.032763 row_rescale_worker_ms=0.041747 transition_worker_ms=0.017901 output_write_worker_ms=0.246307 scheduling_worker_ms=0.162622 tile_config_worker_ms=0.041199 fallback_gather_worker_ms=0 fallback_UB_convert_worker_ms=0 fallback_AMX_load_compute_worker_ms=0 baseline_rescale_store_worker_ms=0 baseline_rescale_vector_worker_ms=0.041747 baseline_rescale_reload_worker_ms=0 fallback_final_store_worker_ms=0 instruction_span_timers_have_overhead=true
ONLINE_STATS path=HEADS_AMX_PRELOAD_B16 layer=2 block=16 heads=8 D=256 d=32 edges=2484941 blocks=2040112 max_updates_including_initial=1515365 rescales=160621 rescale_per_block=0.0787314618021 P50=0 P90=0 P95=0.4 P99=0.5 rescaled_feature_elements=5139872 rescale_events=35332 spill_bytes=0 reload_bytes=0 UW_calls=2116864 UW_physical_FMA=17341349888 head_tiles=84672 projection_groups=132304
HEAD_WORK path=HEADS_AMX_PRELOAD_B16 layer=2 optimized=1 PH_calls=8160448 PH_physical_FMA=33425195008 PH_useful_FMA=5089159168 raw_H_bytes=1272289792 packed_H_bytes=4178149376 UB_scatter_bytes=2089074688 head_switch_store_bytes=270958592 head_switch_reload_bytes=97550336 sparse_width_amplification=8 traffic_is_logical_not_DRAM=true no_full_Z_U_e_alpha=true bounded_V_in_local_memory=true
PROFILE_IDENTITY path=HEADS_AMX_PRELOAD_B16 layer=3 bit_fingerprint_equal=1
PROFILE path=HEADS_AMX_PRELOAD_B16 layer=3 optimized=0 layer_wall_ms=25.48659 kernel_wall_ms=22.337924 sampled_head_tiles=83 worker_times_are_sampled_sums=true source_index_worker_ms=0 score_worker_ms=0.163849 block_max_worker_ms=0.041031 exp_den_worker_ms=0.011388 H_pack_worker_ms=0 P_pack_worker_ms=0 PH_load_worker_ms=0 PH_compute_worker_ms=0 PH_store_scatter_worker_ms=0 UB_convert_worker_ms=0 UW_load_worker_ms=0 UW_compute_worker_ms=0 V_store_worker_ms=0 V_reload_worker_ms=0 row_rescale_worker_ms=0 transition_worker_ms=0 output_write_worker_ms=0.09463 scheduling_worker_ms=0.100233 tile_config_worker_ms=0.038941 fallback_gather_worker_ms=1.208199 fallback_UB_convert_worker_ms=0.067075 fallback_AMX_load_compute_worker_ms=0.145003 baseline_rescale_store_worker_ms=0.00342 baseline_rescale_vector_worker_ms=0.006323 baseline_rescale_reload_worker_ms=0.00302 fallback_final_store_worker_ms=0.00828 instruction_span_timers_have_overhead=true
ONLINE_STATS path=HEADS_AMX_PRELOAD_B16 layer=3 block=16 heads=1 D=256 d=40 edges=2484941 blocks=255014 max_updates_including_initial=189548 rescales=20205 rescale_per_block=0.0792309441835 P50=0 P90=0 P95=0.4 P99=0.5 rescaled_feature_elements=808200 rescale_events=4443 spill_bytes=13648896 reload_bytes=13648896 UW_calls=396912 UW_physical_FMA=3251503104 head_tiles=10584 projection_groups=16538
HEAD_WORK path=HEADS_AMX_PRELOAD_B16 layer=3 optimized=0 PH_calls=0 PH_physical_FMA=0 PH_useful_FMA=0 raw_H_bytes=0 packed_H_bytes=0 UB_scatter_bytes=0 head_switch_store_bytes=0 head_switch_reload_bytes=0 sparse_width_amplification=6.4 traffic_is_logical_not_DRAM=true no_full_Z_U_e_alpha=true bounded_V_in_local_memory=true
PROFILE_IDENTITY path=HEADS_AMX_PRELOAD_B32 layer=1 bit_fingerprint_equal=1
PROFILE path=HEADS_AMX_PRELOAD_B32 layer=1 optimized=1 layer_wall_ms=41.674001 kernel_wall_ms=36.934911 sampled_head_tiles=664 worker_times_are_sampled_sums=true source_index_worker_ms=0.036337 score_worker_ms=0.5512 block_max_worker_ms=0.232305 exp_den_worker_ms=0.056232 H_pack_worker_ms=0.994729 P_pack_worker_ms=0.26387 PH_load_worker_ms=0.750009 PH_compute_worker_ms=1.132086 PH_store_scatter_worker_ms=0.355231 UB_convert_worker_ms=0.129055 UW_load_worker_ms=0.293819 UW_compute_worker_ms=0.335161 V_store_worker_ms=0.044745 V_reload_worker_ms=0.018991 row_rescale_worker_ms=0.011711 transition_worker_ms=0.012842 output_write_worker_ms=0.253939 scheduling_worker_ms=0.175145 tile_config_worker_ms=0.039311 fallback_gather_worker_ms=0 fallback_UB_convert_worker_ms=0 fallback_AMX_load_compute_worker_ms=0 baseline_rescale_store_worker_ms=0 baseline_rescale_vector_worker_ms=0.011711 baseline_rescale_reload_worker_ms=0 fallback_final_store_worker_ms=0 instruction_span_timers_have_overhead=true
ONLINE_STATS path=HEADS_AMX_PRELOAD_B32 layer=1 block=32 heads=8 D=128 d=32 edges=2484941 blocks=1580688 max_updates_including_initial=1400775 rescales=46031 rescale_per_block=0.0291208638264 P50=0 P90=0 P95=0 P99=0.5 rescaled_feature_elements=1472992 rescale_events=11188 spill_bytes=0 reload_bytes=0 UW_calls=809664 UW_physical_FMA=6632767488 head_tiles=84672 projection_groups=101208
HEAD_WORK path=HEADS_AMX_PRELOAD_B32 layer=1 optimized=1 PH_calls=3161376 PH_physical_FMA=12948996096 PH_useful_FMA=2544579584 raw_H_bytes=636144896 packed_H_bytes=1618624512 UB_scatter_bytes=809312256 head_switch_store_bytes=207273984 head_switch_reload_bytes=33865728 sparse_width_amplification=4 traffic_is_logical_not_DRAM=true no_full_Z_U_e_alpha=true bounded_V_in_local_memory=true
PROFILE_IDENTITY path=HEADS_AMX_PRELOAD_B32 layer=2 bit_fingerprint_equal=1
PROFILE path=HEADS_AMX_PRELOAD_B32 layer=2 optimized=1 layer_wall_ms=68.16838 kernel_wall_ms=62.110869 sampled_head_tiles=664 worker_times_are_sampled_sums=true source_index_worker_ms=0.038479 score_worker_ms=0.711772 block_max_worker_ms=0.25773 exp_den_worker_ms=0.067233 H_pack_worker_ms=2.340688 P_pack_worker_ms=0.204628 PH_load_worker_ms=1.092338 PH_compute_worker_ms=1.870493 PH_store_scatter_worker_ms=0.743666 UB_convert_worker_ms=0.294619 UW_load_worker_ms=0.568782 UW_compute_worker_ms=0.492935 V_store_worker_ms=0.048694 V_reload_worker_ms=0.019313 row_rescale_worker_ms=0.012167 transition_worker_ms=0.014662 output_write_worker_ms=0.246789 scheduling_worker_ms=0.167499 tile_config_worker_ms=0.044128 fallback_gather_worker_ms=0 fallback_UB_convert_worker_ms=0 fallback_AMX_load_compute_worker_ms=0 baseline_rescale_store_worker_ms=0 baseline_rescale_vector_worker_ms=0.012167 baseline_rescale_reload_worker_ms=0 fallback_final_store_worker_ms=0 instruction_span_timers_have_overhead=true
ONLINE_STATS path=HEADS_AMX_PRELOAD_B32 layer=2 block=32 heads=8 D=256 d=32 edges=2484941 blocks=1580688 max_updates_including_initial=1403435 rescales=48691 rescale_per_block=0.0308036753616 P50=0 P90=0 P95=0 P99=0.5 rescaled_feature_elements=1558112 rescale_events=11374 spill_bytes=0 reload_bytes=0 UW_calls=1619328 UW_physical_FMA=13265534976 head_tiles=84672 projection_groups=101208
HEAD_WORK path=HEADS_AMX_PRELOAD_B32 layer=2 optimized=1 PH_calls=6322752 PH_physical_FMA=25897992192 PH_useful_FMA=5089159168 raw_H_bytes=1272289792 packed_H_bytes=3237249024 UB_scatter_bytes=1618624512 head_switch_store_bytes=207273984 head_switch_reload_bytes=33865728 sparse_width_amplification=8 traffic_is_logical_not_DRAM=true no_full_Z_U_e_alpha=true bounded_V_in_local_memory=true
PROFILE_IDENTITY path=HEADS_AMX_PRELOAD_B32 layer=3 bit_fingerprint_equal=1
PROFILE path=HEADS_AMX_PRELOAD_B32 layer=3 optimized=0 layer_wall_ms=23.571387 kernel_wall_ms=20.423552 sampled_head_tiles=83 worker_times_are_sampled_sums=true source_index_worker_ms=0 score_worker_ms=0.170516 block_max_worker_ms=0.034318 exp_den_worker_ms=0.010094 H_pack_worker_ms=0 P_pack_worker_ms=0 PH_load_worker_ms=0 PH_compute_worker_ms=0 PH_store_scatter_worker_ms=0 UB_convert_worker_ms=0 UW_load_worker_ms=0 UW_compute_worker_ms=0 V_store_worker_ms=0 V_reload_worker_ms=0 row_rescale_worker_ms=0 transition_worker_ms=0 output_write_worker_ms=0.096656 scheduling_worker_ms=0.086842 tile_config_worker_ms=0.041917 fallback_gather_worker_ms=1.259541 fallback_UB_convert_worker_ms=0.045539 fallback_AMX_load_compute_worker_ms=0.135955 baseline_rescale_store_worker_ms=0.000936 baseline_rescale_vector_worker_ms=0.00183 baseline_rescale_reload_worker_ms=0.001024 fallback_final_store_worker_ms=0.008261 instruction_span_timers_have_overhead=true
ONLINE_STATS path=HEADS_AMX_PRELOAD_B32 layer=3 block=32 heads=1 D=256 d=40 edges=2484941 blocks=197586 max_updates_including_initial=175524 rescales=6181 rescale_per_block=0.0312825807496 P50=0 P90=0 P95=0 P99=0.5 rescaled_feature_elements=247240 rescale_events=1430 spill_bytes=4392960 reload_bytes=4392960 UW_calls=303624 UW_physical_FMA=2487287808 head_tiles=10584 projection_groups=12651
HEAD_WORK path=HEADS_AMX_PRELOAD_B32 layer=3 optimized=0 PH_calls=0 PH_physical_FMA=0 PH_useful_FMA=0 raw_H_bytes=0 packed_H_bytes=0 UB_scatter_bytes=0 head_switch_store_bytes=0 head_switch_reload_bytes=0 sparse_width_amplification=6.4 traffic_is_logical_not_DRAM=true no_full_Z_U_e_alpha=true bounded_V_in_local_memory=true
PROFILE_IDENTITY path=HYBRID_T16_B32 layer=1 bit_fingerprint_equal=1
HYBRID_MIX path=HYBRID_T16_B32 layer=1 threshold=16 avx_rowblocks=136796 amx_rowblocks=60790 avx_edges=859636 AMX_P_tile_load_bytes=62248960 physical_to_useful_PH_FMA=1.91159307203
PROFILE path=HYBRID_T16_B32 layer=1 optimized=1 layer_wall_ms=37.556012 kernel_wall_ms=32.848653 sampled_head_tiles=664 worker_times_are_sampled_sums=true source_index_worker_ms=0.081317 score_worker_ms=0.534554 block_max_worker_ms=0.233279 exp_den_worker_ms=0.058504 H_pack_worker_ms=0.3997 P_pack_worker_ms=0.069681 PH_load_worker_ms=0.186496 PH_compute_worker_ms=1.061932 PH_store_scatter_worker_ms=0.096271 UB_convert_worker_ms=0.127916 UW_load_worker_ms=0.304922 UW_compute_worker_ms=0.405048 V_store_worker_ms=0.044142 V_reload_worker_ms=0.018939 row_rescale_worker_ms=0.010992 transition_worker_ms=0.045958 output_write_worker_ms=0.27152 scheduling_worker_ms=0.172172 tile_config_worker_ms=0.041211 fallback_gather_worker_ms=0 fallback_UB_convert_worker_ms=0 fallback_AMX_load_compute_worker_ms=0 baseline_rescale_store_worker_ms=0 baseline_rescale_vector_worker_ms=0.010992 baseline_rescale_reload_worker_ms=0 fallback_final_store_worker_ms=0 instruction_span_timers_have_overhead=true
ONLINE_STATS path=HYBRID_T16_B32 layer=1 block=32 heads=8 D=128 d=32 edges=2484941 blocks=1580688 max_updates_including_initial=1400775 rescales=46031 rescale_per_block=0.0291208638264 P50=0 P90=0 P95=0 P99=0.5 rescaled_feature_elements=1472992 rescale_events=11188 spill_bytes=0 reload_bytes=0 UW_calls=809664 UW_physical_FMA=6632767488 head_tiles=84672 projection_groups=101208
HEAD_WORK path=HYBRID_T16_B32 layer=1 optimized=1 PH_calls=972640 PH_physical_FMA=4864200704 PH_useful_FMA=2544579584 raw_H_bytes=636144896 packed_H_bytes=497991680 UB_scatter_bytes=809312256 head_switch_store_bytes=207273984 head_switch_reload_bytes=33865728 sparse_width_amplification=4 traffic_is_logical_not_DRAM=true no_full_Z_U_e_alpha=true bounded_V_in_local_memory=true
PROFILE_IDENTITY path=HYBRID_T16_B32 layer=2 bit_fingerprint_equal=1
HYBRID_MIX path=HYBRID_T16_B32 layer=2 threshold=16 avx_rowblocks=136796 amx_rowblocks=60790 avx_edges=859636 AMX_P_tile_load_bytes=62248960 physical_to_useful_PH_FMA=1.91159307203
PROFILE path=HYBRID_T16_B32 layer=2 optimized=1 layer_wall_ms=62.260771 kernel_wall_ms=56.185762 sampled_head_tiles=664 worker_times_are_sampled_sums=true source_index_worker_ms=0.041992 score_worker_ms=0.676007 block_max_worker_ms=0.242957 exp_den_worker_ms=0.061943 H_pack_worker_ms=0.879945 P_pack_worker_ms=0.075411 PH_load_worker_ms=0.276477 PH_compute_worker_ms=1.981398 PH_store_scatter_worker_ms=0.196934 UB_convert_worker_ms=0.299694 UW_load_worker_ms=0.584832 UW_compute_worker_ms=0.553199 V_store_worker_ms=0.047445 V_reload_worker_ms=0.019508 row_rescale_worker_ms=0.011252 transition_worker_ms=0.052046 output_write_worker_ms=0.258249 scheduling_worker_ms=0.171948 tile_config_worker_ms=0.033728 fallback_gather_worker_ms=0 fallback_UB_convert_worker_ms=0 fallback_AMX_load_compute_worker_ms=0 baseline_rescale_store_worker_ms=0 baseline_rescale_vector_worker_ms=0.011252 baseline_rescale_reload_worker_ms=0 fallback_final_store_worker_ms=0 instruction_span_timers_have_overhead=true
ONLINE_STATS path=HYBRID_T16_B32 layer=2 block=32 heads=8 D=256 d=32 edges=2484941 blocks=1580688 max_updates_including_initial=1403434 rescales=48690 rescale_per_block=0.0308030427257 P50=0 P90=0 P95=0 P99=0.5 rescaled_feature_elements=1558080 rescale_events=11374 spill_bytes=0 reload_bytes=0 UW_calls=1619328 UW_physical_FMA=13265534976 head_tiles=84672 projection_groups=101208
HEAD_WORK path=HYBRID_T16_B32 layer=2 optimized=1 PH_calls=1945280 PH_physical_FMA=9728401408 PH_useful_FMA=5089159168 raw_H_bytes=1272289792 packed_H_bytes=995983360 UB_scatter_bytes=1618624512 head_switch_store_bytes=207273984 head_switch_reload_bytes=33865728 sparse_width_amplification=8 traffic_is_logical_not_DRAM=true no_full_Z_U_e_alpha=true bounded_V_in_local_memory=true
PROFILE_IDENTITY path=HYBRID_T16_B32 layer=3 bit_fingerprint_equal=1
PROFILE path=HYBRID_T16_B32 layer=3 optimized=0 layer_wall_ms=25.771499 kernel_wall_ms=22.62703 sampled_head_tiles=83 worker_times_are_sampled_sums=true source_index_worker_ms=0 score_worker_ms=0.171119 block_max_worker_ms=0.033908 exp_den_worker_ms=0.010635 H_pack_worker_ms=0 P_pack_worker_ms=0 PH_load_worker_ms=0 PH_compute_worker_ms=0 PH_store_scatter_worker_ms=0 UB_convert_worker_ms=0 UW_load_worker_ms=0 UW_compute_worker_ms=0 V_store_worker_ms=0 V_reload_worker_ms=0 row_rescale_worker_ms=0 transition_worker_ms=0 output_write_worker_ms=0.097023 scheduling_worker_ms=0.080002 tile_config_worker_ms=0.042212 fallback_gather_worker_ms=1.261917 fallback_UB_convert_worker_ms=0.044254 fallback_AMX_load_compute_worker_ms=0.136112 baseline_rescale_store_worker_ms=0.000969 baseline_rescale_vector_worker_ms=0.001786 baseline_rescale_reload_worker_ms=0.001006 fallback_final_store_worker_ms=0.008277 instruction_span_timers_have_overhead=true
ONLINE_STATS path=HYBRID_T16_B32 layer=3 block=32 heads=1 D=256 d=40 edges=2484941 blocks=197586 max_updates_including_initial=175525 rescales=6182 rescale_per_block=0.031287641837 P50=0 P90=0 P95=0 P99=0.5 rescaled_feature_elements=247280 rescale_events=1430 spill_bytes=4392960 reload_bytes=4392960 UW_calls=303624 UW_physical_FMA=2487287808 head_tiles=10584 projection_groups=12651
HEAD_WORK path=HYBRID_T16_B32 layer=3 optimized=0 PH_calls=0 PH_physical_FMA=0 PH_useful_FMA=0 raw_H_bytes=0 packed_H_bytes=0 UB_scatter_bytes=0 head_switch_store_bytes=0 head_switch_reload_bytes=0 sparse_width_amplification=6.4 traffic_is_logical_not_DRAM=true no_full_Z_U_e_alpha=true bounded_V_in_local_memory=true
PROFILE_IDENTITY path=HYBRID_T24_B32 layer=1 bit_fingerprint_equal=1
HYBRID_MIX path=HYBRID_T24_B32 layer=1 threshold=24 avx_rowblocks=157453 amx_rowblocks=40133 avx_edges=1253631 AMX_P_tile_load_bytes=41096192 physical_to_useful_PH_FMA=1.53812223308
PROFILE path=HYBRID_T24_B32 layer=1 optimized=1 layer_wall_ms=37.20338 kernel_wall_ms=32.464089 sampled_head_tiles=664 worker_times_are_sampled_sums=true source_index_worker_ms=0.037643 score_worker_ms=0.547239 block_max_worker_ms=0.231697 exp_den_worker_ms=0.056389 H_pack_worker_ms=0.265125 P_pack_worker_ms=0.042334 PH_load_worker_ms=0.110408 PH_compute_worker_ms=1.173592 PH_store_scatter_worker_ms=0.056019 UB_convert_worker_ms=0.130914 UW_load_worker_ms=0.303504 UW_compute_worker_ms=0.421849 V_store_worker_ms=0.044875 V_reload_worker_ms=0.019773 row_rescale_worker_ms=0.011283 transition_worker_ms=0.04738 output_write_worker_ms=0.274966 scheduling_worker_ms=0.169948 tile_config_worker_ms=0.041484 fallback_gather_worker_ms=0 fallback_UB_convert_worker_ms=0 fallback_AMX_load_compute_worker_ms=0 baseline_rescale_store_worker_ms=0 baseline_rescale_vector_worker_ms=0.011283 baseline_rescale_reload_worker_ms=0 fallback_final_store_worker_ms=0 instruction_span_timers_have_overhead=true
ONLINE_STATS path=HYBRID_T24_B32 layer=1 block=32 heads=8 D=128 d=32 edges=2484941 blocks=1580688 max_updates_including_initial=1400775 rescales=46031 rescale_per_block=0.0291208638264 P50=0 P90=0 P95=0 P99=0.5 rescaled_feature_elements=1472992 rescale_events=11188 spill_bytes=0 reload_bytes=0 UW_calls=809664 UW_physical_FMA=6632767488 head_tiles=84672 projection_groups=101208
HEAD_WORK path=HYBRID_T24_B32 layer=1 optimized=1 PH_calls=642128 PH_physical_FMA=3913874432 PH_useful_FMA=2544579584 raw_H_bytes=636144896 packed_H_bytes=328769536 UB_scatter_bytes=809312256 head_switch_store_bytes=207273984 head_switch_reload_bytes=33865728 sparse_width_amplification=4 traffic_is_logical_not_DRAM=true no_full_Z_U_e_alpha=true bounded_V_in_local_memory=true
PROFILE_IDENTITY path=HYBRID_T24_B32 layer=2 bit_fingerprint_equal=1
HYBRID_MIX path=HYBRID_T24_B32 layer=2 threshold=24 avx_rowblocks=157453 amx_rowblocks=40133 avx_edges=1253631 AMX_P_tile_load_bytes=41096192 physical_to_useful_PH_FMA=1.53812223308
PROFILE path=HYBRID_T24_B32 layer=2 optimized=1 layer_wall_ms=61.184315 kernel_wall_ms=55.065619 sampled_head_tiles=664 worker_times_are_sampled_sums=true source_index_worker_ms=0.03712 score_worker_ms=0.66232 block_max_worker_ms=0.237789 exp_den_worker_ms=0.064516 H_pack_worker_ms=0.552411 P_pack_worker_ms=0.045087 PH_load_worker_ms=0.160357 PH_compute_worker_ms=2.260621 PH_store_scatter_worker_ms=0.112742 UB_convert_worker_ms=0.300018 UW_load_worker_ms=0.585583 UW_compute_worker_ms=0.56869 V_store_worker_ms=0.048461 V_reload_worker_ms=0.019214 row_rescale_worker_ms=0.011427 transition_worker_ms=0.052071 output_write_worker_ms=0.258798 scheduling_worker_ms=0.167454 tile_config_worker_ms=0.037047 fallback_gather_worker_ms=0 fallback_UB_convert_worker_ms=0 fallback_AMX_load_compute_worker_ms=0 baseline_rescale_store_worker_ms=0 baseline_rescale_vector_worker_ms=0.011427 baseline_rescale_reload_worker_ms=0 fallback_final_store_worker_ms=0 instruction_span_timers_have_overhead=true
ONLINE_STATS path=HYBRID_T24_B32 layer=2 block=32 heads=8 D=256 d=32 edges=2484941 blocks=1580688 max_updates_including_initial=1403434 rescales=48690 rescale_per_block=0.0308030427257 P50=0 P90=0 P95=0 P99=0.5 rescaled_feature_elements=1558080 rescale_events=11374 spill_bytes=0 reload_bytes=0 UW_calls=1619328 UW_physical_FMA=13265534976 head_tiles=84672 projection_groups=101208
HEAD_WORK path=HYBRID_T24_B32 layer=2 optimized=1 PH_calls=1284256 PH_physical_FMA=7827748864 PH_useful_FMA=5089159168 raw_H_bytes=1272289792 packed_H_bytes=657539072 UB_scatter_bytes=1618624512 head_switch_store_bytes=207273984 head_switch_reload_bytes=33865728 sparse_width_amplification=8 traffic_is_logical_not_DRAM=true no_full_Z_U_e_alpha=true bounded_V_in_local_memory=true
PROFILE_IDENTITY path=HYBRID_T24_B32 layer=3 bit_fingerprint_equal=1
PROFILE path=HYBRID_T24_B32 layer=3 optimized=0 layer_wall_ms=24.965337 kernel_wall_ms=21.820395 sampled_head_tiles=83 worker_times_are_sampled_sums=true source_index_worker_ms=0 score_worker_ms=0.167085 block_max_worker_ms=0.036219 exp_den_worker_ms=0.010658 H_pack_worker_ms=0 P_pack_worker_ms=0 PH_load_worker_ms=0 PH_compute_worker_ms=0 PH_store_scatter_worker_ms=0 UB_convert_worker_ms=0 UW_load_worker_ms=0 UW_compute_worker_ms=0 V_store_worker_ms=0 V_reload_worker_ms=0 row_rescale_worker_ms=0 transition_worker_ms=0 output_write_worker_ms=0.101254 scheduling_worker_ms=0.087311 tile_config_worker_ms=0.042121 fallback_gather_worker_ms=1.255357 fallback_UB_convert_worker_ms=0.044486 fallback_AMX_load_compute_worker_ms=0.119744 baseline_rescale_store_worker_ms=0.001002 baseline_rescale_vector_worker_ms=0.00194 baseline_rescale_reload_worker_ms=0.000975 fallback_final_store_worker_ms=0.008578 instruction_span_timers_have_overhead=true
ONLINE_STATS path=HYBRID_T24_B32 layer=3 block=32 heads=1 D=256 d=40 edges=2484941 blocks=197586 max_updates_including_initial=175524 rescales=6181 rescale_per_block=0.0312825807496 P50=0 P90=0 P95=0 P99=0.5 rescaled_feature_elements=247240 rescale_events=1430 spill_bytes=4392960 reload_bytes=4392960 UW_calls=303624 UW_physical_FMA=2487287808 head_tiles=10584 projection_groups=12651
HEAD_WORK path=HYBRID_T24_B32 layer=3 optimized=0 PH_calls=0 PH_physical_FMA=0 PH_useful_FMA=0 raw_H_bytes=0 packed_H_bytes=0 UB_scatter_bytes=0 head_switch_store_bytes=0 head_switch_reload_bytes=0 sparse_width_amplification=6.4 traffic_is_logical_not_DRAM=true no_full_Z_U_e_alpha=true bounded_V_in_local_memory=true
PROFILE_IDENTITY path=HYBRID_T32_B32 layer=1 bit_fingerprint_equal=1
HYBRID_MIX path=HYBRID_T32_B32 layer=1 threshold=32 avx_rowblocks=168348 amx_rowblocks=29238 avx_edges=1549325 AMX_P_tile_load_bytes=29939712 physical_to_useful_PH_FMA=1.37651437197
PROFILE path=HYBRID_T32_B32 layer=1 optimized=1 layer_wall_ms=37.851945 kernel_wall_ms=33.124606 sampled_head_tiles=664 worker_times_are_sampled_sums=true source_index_worker_ms=0.037817 score_worker_ms=0.533749 block_max_worker_ms=0.226067 exp_den_worker_ms=0.056212 H_pack_worker_ms=0.191374 P_pack_worker_ms=0.030111 PH_load_worker_ms=0.071002 PH_compute_worker_ms=1.249396 PH_store_scatter_worker_ms=0.039564 UB_convert_worker_ms=0.134119 UW_load_worker_ms=0.308702 UW_compute_worker_ms=0.415791 V_store_worker_ms=0.044716 V_reload_worker_ms=0.01981 row_rescale_worker_ms=0.010768 transition_worker_ms=0.045102 output_write_worker_ms=0.269993 scheduling_worker_ms=0.166577 tile_config_worker_ms=0.033948 fallback_gather_worker_ms=0 fallback_UB_convert_worker_ms=0 fallback_AMX_load_compute_worker_ms=0 baseline_rescale_store_worker_ms=0 baseline_rescale_vector_worker_ms=0.010768 baseline_rescale_reload_worker_ms=0 fallback_final_store_worker_ms=0 instruction_span_timers_have_overhead=true
ONLINE_STATS path=HYBRID_T32_B32 layer=1 block=32 heads=8 D=128 d=32 edges=2484941 blocks=1580688 max_updates_including_initial=1400775 rescales=46031 rescale_per_block=0.0291208638264 P50=0 P90=0 P95=0 P99=0.5 rescaled_feature_elements=1472992 rescale_events=11188 spill_bytes=0 reload_bytes=0 UW_calls=809664 UW_physical_FMA=6632767488 head_tiles=84672 projection_groups=101208
HEAD_WORK path=HYBRID_T32_B32 layer=1 optimized=1 PH_calls=467808 PH_physical_FMA=3502650368 PH_useful_FMA=2544579584 raw_H_bytes=636144896 packed_H_bytes=239517696 UB_scatter_bytes=809312256 head_switch_store_bytes=207273984 head_switch_reload_bytes=33865728 sparse_width_amplification=4 traffic_is_logical_not_DRAM=true no_full_Z_U_e_alpha=true bounded_V_in_local_memory=true
PROFILE_IDENTITY path=HYBRID_T32_B32 layer=2 bit_fingerprint_equal=1
HYBRID_MIX path=HYBRID_T32_B32 layer=2 threshold=32 avx_rowblocks=168348 amx_rowblocks=29238 avx_edges=1549325 AMX_P_tile_load_bytes=29939712 physical_to_useful_PH_FMA=1.37651437197
PROFILE path=HYBRID_T32_B32 layer=2 optimized=1 layer_wall_ms=63.34294 kernel_wall_ms=57.273176 sampled_head_tiles=664 worker_times_are_sampled_sums=true source_index_worker_ms=0.037171 score_worker_ms=0.649054 block_max_worker_ms=0.240003 exp_den_worker_ms=0.061998 H_pack_worker_ms=0.376831 P_pack_worker_ms=0.039466 PH_load_worker_ms=0.100886 PH_compute_worker_ms=2.484695 PH_store_scatter_worker_ms=0.079388 UB_convert_worker_ms=0.298719 UW_load_worker_ms=0.596147 UW_compute_worker_ms=0.567512 V_store_worker_ms=0.047324 V_reload_worker_ms=0.019061 row_rescale_worker_ms=0.012139 transition_worker_ms=0.045377 output_write_worker_ms=0.273272 scheduling_worker_ms=0.165122 tile_config_worker_ms=0.037504 fallback_gather_worker_ms=0 fallback_UB_convert_worker_ms=0 fallback_AMX_load_compute_worker_ms=0 baseline_rescale_store_worker_ms=0 baseline_rescale_vector_worker_ms=0.012139 baseline_rescale_reload_worker_ms=0 fallback_final_store_worker_ms=0 instruction_span_timers_have_overhead=true
ONLINE_STATS path=HYBRID_T32_B32 layer=2 block=32 heads=8 D=256 d=32 edges=2484941 blocks=1580688 max_updates_including_initial=1403434 rescales=48690 rescale_per_block=0.0308030427257 P50=0 P90=0 P95=0 P99=0.5 rescaled_feature_elements=1558080 rescale_events=11374 spill_bytes=0 reload_bytes=0 UW_calls=1619328 UW_physical_FMA=13265534976 head_tiles=84672 projection_groups=101208
HEAD_WORK path=HYBRID_T32_B32 layer=2 optimized=1 PH_calls=935616 PH_physical_FMA=7005300736 PH_useful_FMA=5089159168 raw_H_bytes=1272289792 packed_H_bytes=479035392 UB_scatter_bytes=1618624512 head_switch_store_bytes=207273984 head_switch_reload_bytes=33865728 sparse_width_amplification=8 traffic_is_logical_not_DRAM=true no_full_Z_U_e_alpha=true bounded_V_in_local_memory=true
PROFILE_IDENTITY path=HYBRID_T32_B32 layer=3 bit_fingerprint_equal=1
PROFILE path=HYBRID_T32_B32 layer=3 optimized=0 layer_wall_ms=25.921861 kernel_wall_ms=22.767689 sampled_head_tiles=83 worker_times_are_sampled_sums=true source_index_worker_ms=0 score_worker_ms=0.170697 block_max_worker_ms=0.035923 exp_den_worker_ms=0.010935 H_pack_worker_ms=0 P_pack_worker_ms=0 PH_load_worker_ms=0 PH_compute_worker_ms=0 PH_store_scatter_worker_ms=0 UB_convert_worker_ms=0 UW_load_worker_ms=0 UW_compute_worker_ms=0 V_store_worker_ms=0 V_reload_worker_ms=0 row_rescale_worker_ms=0 transition_worker_ms=0 output_write_worker_ms=0.098114 scheduling_worker_ms=0.083385 tile_config_worker_ms=0.042115 fallback_gather_worker_ms=1.260745 fallback_UB_convert_worker_ms=0.045047 fallback_AMX_load_compute_worker_ms=0.126642 baseline_rescale_store_worker_ms=0.001133 baseline_rescale_vector_worker_ms=0.001746 baseline_rescale_reload_worker_ms=0.001065 fallback_final_store_worker_ms=0.008382 instruction_span_timers_have_overhead=true
ONLINE_STATS path=HYBRID_T32_B32 layer=3 block=32 heads=1 D=256 d=40 edges=2484941 blocks=197586 max_updates_including_initial=175523 rescales=6180 rescale_per_block=0.0312775196623 P50=0 P90=0 P95=0 P99=0.5 rescaled_feature_elements=247200 rescale_events=1430 spill_bytes=4392960 reload_bytes=4392960 UW_calls=303624 UW_physical_FMA=2487287808 head_tiles=10584 projection_groups=12651
HEAD_WORK path=HYBRID_T32_B32 layer=3 optimized=0 PH_calls=0 PH_physical_FMA=0 PH_useful_FMA=0 raw_H_bytes=0 packed_H_bytes=0 UB_scatter_bytes=0 head_switch_store_bytes=0 head_switch_reload_bytes=0 sparse_width_amplification=6.4 traffic_is_logical_not_DRAM=true no_full_Z_U_e_alpha=true bounded_V_in_local_memory=true
ICPP_HYBRID_COMPLETE old_and_preload_smoke_plus_mixed_oracle=true
ICPP_HEADS_COMPLETE architecture=DegreeSort_TR16_sharedH_PH_AMX_UW_fusion no_global_U_Z_e_alpha=true PH_coefficients=FP32_or_BF16_high_plus_low normalization_FP32=true independent_heads=true bounded_V_in_local_memory=true source_width_amplification_retained=true master_gate=SEE_PER_LAYER_ERRORS performance=EXPLORATORY task_accuracy=UNVERIFIED
