CONFIG N=2449029 E=126167053 Din=100 C=47 threads=16 check_runs=1 warmups=1 repeats=3 degree_sort_ms=328.034788 seed=11 untrained=true LR_policy=fp32 panel=64 tile_rows=16 attention_independent=true master_abs_gate=.003 performance=EXPLORATORY task_accuracy=UNVERIFIED
STATIC layer=1 weight_and_bLR_prepare_ms=1.704924 heads_workspace_bytes=3939808104 full_Z_bytes=0 edge_score_bytes=0 alpha_bytes=0 optimized_U_bytes=1048576 local_V_bytes=262144
STATIC layer=2 weight_and_bLR_prepare_ms=0.29305 heads_workspace_bytes=4705346944 full_Z_bytes=0 edge_score_bytes=0 alpha_bytes=0 optimized_U_bytes=2097152 local_V_bytes=262144
STATIC layer=3 weight_and_bLR_prepare_ms=0.077686 heads_workspace_bytes=1832463516 full_Z_bytes=0 edge_score_bytes=0 alpha_bytes=0 optimized_U_bytes=0 local_V_bytes=0
CHECK path=B0_FP32 layer=1 reference=B0_FP32_own_output_3layer max_abs_error=0 mean_abs_error=0 relative_L2_error=0 finite=1 original_abs_003_gate=PASS task_accuracy=UNVERIFIED
CHECK path=B0_FP32 layer=2 reference=B0_FP32_own_output_3layer max_abs_error=0 mean_abs_error=0 relative_L2_error=0 finite=1 original_abs_003_gate=PASS task_accuracy=UNVERIFIED
CHECK path=B0_FP32 layer=3 reference=B0_FP32_own_output_3layer max_abs_error=0 mean_abs_error=0 relative_L2_error=0 finite=1 original_abs_003_gate=PASS task_accuracy=UNVERIFIED
CHECK path=B0_BF16 layer=1 reference=B0_FP32_own_output_3layer max_abs_error=14.9706115723 mean_abs_error=0.00119692686635 relative_L2_error=0.00353063576973 finite=1 original_abs_003_gate=FAIL task_accuracy=UNVERIFIED
CHECK path=B0_BF16 layer=2 reference=B0_FP32_own_output_3layer max_abs_error=35.8837661743 mean_abs_error=0.00723928537782 relative_L2_error=0.011932822175 finite=1 original_abs_003_gate=FAIL task_accuracy=UNVERIFIED
CHECK path=B0_BF16 layer=3 reference=B0_FP32_own_output_3layer max_abs_error=25.1209583282 mean_abs_error=0.016643214169 relative_L2_error=0.0253783411542 finite=1 original_abs_003_gate=FAIL task_accuracy=UNVERIFIED
CHECK path=B1_TFS_PREMAX layer=1 reference=B0_FP32_own_output_3layer max_abs_error=1.22430419922 mean_abs_error=0.000970540471734 relative_L2_error=0.00227497348632 finite=1 original_abs_003_gate=FAIL task_accuracy=UNVERIFIED
CHECK path=B1_TFS_PREMAX layer=2 reference=B0_FP32_own_output_3layer max_abs_error=25.7524185181 mean_abs_error=0.00527628179888 relative_L2_error=0.00586198824051 finite=1 original_abs_003_gate=FAIL task_accuracy=UNVERIFIED
CHECK path=B1_TFS_PREMAX layer=3 reference=B0_FP32_own_output_3layer max_abs_error=6.08370304108 mean_abs_error=0.0135726650523 relative_L2_error=0.0150830626942 finite=1 original_abs_003_gate=FAIL task_accuracy=UNVERIFIED
CHECK path=ICPP_TFS_PAIR_B32 layer=1 reference=B0_FP32_own_output_3layer max_abs_error=1.22430419922 mean_abs_error=0.000969079499589 relative_L2_error=0.00226808801184 finite=1 original_abs_003_gate=FAIL task_accuracy=UNVERIFIED
CHECK path=ICPP_TFS_PAIR_B32 layer=2 reference=B0_FP32_own_output_3layer max_abs_error=25.6116943359 mean_abs_error=0.00526787531363 relative_L2_error=0.00585282620417 finite=1 original_abs_003_gate=FAIL task_accuracy=UNVERIFIED
CHECK path=ICPP_TFS_PAIR_B32 layer=3 reference=B0_FP32_own_output_3layer max_abs_error=6.01900291443 mean_abs_error=0.0135793652594 relative_L2_error=0.015091784138 finite=1 original_abs_003_gate=FAIL task_accuracy=UNVERIFIED
CHECK path=ICPP_TFS_BLOCK_B32 layer=1 reference=B0_FP32_own_output_3layer max_abs_error=1.22430419922 mean_abs_error=0.00112307183555 relative_L2_error=0.00237683791508 finite=1 original_abs_003_gate=FAIL task_accuracy=UNVERIFIED
CHECK path=ICPP_TFS_BLOCK_B32 layer=2 reference=B0_FP32_own_output_3layer max_abs_error=26.5632553101 mean_abs_error=0.00557445176782 relative_L2_error=0.00599228985626 finite=1 original_abs_003_gate=FAIL task_accuracy=UNVERIFIED
CHECK path=ICPP_TFS_BLOCK_B32 layer=3 reference=B0_FP32_own_output_3layer max_abs_error=6.04270648956 mean_abs_error=0.013937158962 relative_L2_error=0.0151267222112 finite=1 original_abs_003_gate=FAIL task_accuracy=UNVERIFIED
CHECK path=HEADS_AVX_B16 layer=1 reference=B0_FP32_own_output_3layer max_abs_error=1.22430419922 mean_abs_error=0.00109550909833 relative_L2_error=0.00234437236367 finite=1 original_abs_003_gate=FAIL task_accuracy=UNVERIFIED
CHECK path=HEADS_AVX_B16 layer=2 reference=B0_FP32_own_output_3layer max_abs_error=25.9700012207 mean_abs_error=0.00550684020661 relative_L2_error=0.00594869560261 finite=1 original_abs_003_gate=FAIL task_accuracy=UNVERIFIED
CHECK path=HEADS_AVX_B16 layer=3 reference=B0_FP32_own_output_3layer max_abs_error=6.17544651031 mean_abs_error=0.0139367281983 relative_L2_error=0.0152522564879 finite=1 original_abs_003_gate=FAIL task_accuracy=UNVERIFIED
CHECK path=HEADS_AVX_B32 layer=1 reference=B0_FP32_own_output_3layer max_abs_error=1.22430419922 mean_abs_error=0.00112307183555 relative_L2_error=0.00237683791508 finite=1 original_abs_003_gate=FAIL task_accuracy=UNVERIFIED
CHECK path=HEADS_AVX_B32 layer=2 reference=B0_FP32_own_output_3layer max_abs_error=26.5632553101 mean_abs_error=0.00557445176782 relative_L2_error=0.00599228985626 finite=1 original_abs_003_gate=FAIL task_accuracy=UNVERIFIED
CHECK path=HEADS_AVX_B32 layer=3 reference=B0_FP32_own_output_3layer max_abs_error=6.04270648956 mean_abs_error=0.013937158962 relative_L2_error=0.0151267222112 finite=1 original_abs_003_gate=FAIL task_accuracy=UNVERIFIED
CHECK path=HEADS_AMX_HILO_B16 layer=1 reference=B0_FP32_own_output_3layer max_abs_error=1.22430419922 mean_abs_error=0.00109550999671 relative_L2_error=0.00234436961049 finite=1 original_abs_003_gate=FAIL task_accuracy=UNVERIFIED
CHECK path=HEADS_AMX_HILO_B16 layer=2 reference=B0_FP32_own_output_3layer max_abs_error=25.9700012207 mean_abs_error=0.00550685473762 relative_L2_error=0.00594877778443 finite=1 original_abs_003_gate=FAIL task_accuracy=UNVERIFIED
CHECK path=HEADS_AMX_HILO_B16 layer=3 reference=B0_FP32_own_output_3layer max_abs_error=6.17698764801 mean_abs_error=0.0139367233956 relative_L2_error=0.0152524196006 finite=1 original_abs_003_gate=FAIL task_accuracy=UNVERIFIED
CHECK path=HEADS_AMX_HILO_B32 layer=1 reference=B0_FP32_own_output_3layer max_abs_error=1.22430419922 mean_abs_error=0.00112307320073 relative_L2_error=0.0023768413373 finite=1 original_abs_003_gate=FAIL task_accuracy=UNVERIFIED
CHECK path=HEADS_AMX_HILO_B32 layer=2 reference=B0_FP32_own_output_3layer max_abs_error=26.5632553101 mean_abs_error=0.00557452984133 relative_L2_error=0.00599229493369 finite=1 original_abs_003_gate=FAIL task_accuracy=UNVERIFIED
CHECK path=HEADS_AMX_HILO_B32 layer=3 reference=B0_FP32_own_output_3layer max_abs_error=6.04773712158 mean_abs_error=0.0139367453552 relative_L2_error=0.0151268067135 finite=1 original_abs_003_gate=FAIL task_accuracy=UNVERIFIED
CHECK path=HEADS_AMX_PRELOAD_B16 layer=1 reference=B0_FP32_own_output_3layer max_abs_error=1.22430419922 mean_abs_error=0.00109550999671 relative_L2_error=0.00234436961049 finite=1 original_abs_003_gate=FAIL task_accuracy=UNVERIFIED
CHECK path=HEADS_AMX_PRELOAD_B16 layer=2 reference=B0_FP32_own_output_3layer max_abs_error=25.9700012207 mean_abs_error=0.00550685473762 relative_L2_error=0.00594877778443 finite=1 original_abs_003_gate=FAIL task_accuracy=UNVERIFIED
CHECK path=HEADS_AMX_PRELOAD_B16 layer=3 reference=B0_FP32_own_output_3layer max_abs_error=6.17698764801 mean_abs_error=0.0139367233956 relative_L2_error=0.0152524196006 finite=1 original_abs_003_gate=FAIL task_accuracy=UNVERIFIED
CHECK path=HEADS_AMX_PRELOAD_B32 layer=1 reference=B0_FP32_own_output_3layer max_abs_error=1.22430419922 mean_abs_error=0.00112307320073 relative_L2_error=0.0023768413373 finite=1 original_abs_003_gate=FAIL task_accuracy=UNVERIFIED
CHECK path=HEADS_AMX_PRELOAD_B32 layer=2 reference=B0_FP32_own_output_3layer max_abs_error=26.5632553101 mean_abs_error=0.00557452984133 relative_L2_error=0.00599229493369 finite=1 original_abs_003_gate=FAIL task_accuracy=UNVERIFIED
CHECK path=HEADS_AMX_PRELOAD_B32 layer=3 reference=B0_FP32_own_output_3layer max_abs_error=6.04773712158 mean_abs_error=0.0139367453552 relative_L2_error=0.0151268067135 finite=1 original_abs_003_gate=FAIL task_accuracy=UNVERIFIED
CHECK path=HYBRID_T16_B32 layer=1 reference=B0_FP32_own_output_3layer max_abs_error=1.22430419922 mean_abs_error=0.0011230727669 relative_L2_error=0.00237684422387 finite=1 original_abs_003_gate=FAIL task_accuracy=UNVERIFIED
CHECK path=HYBRID_T16_B32 layer=2 reference=B0_FP32_own_output_3layer max_abs_error=26.5632553101 mean_abs_error=0.00557453588738 relative_L2_error=0.00599230947635 finite=1 original_abs_003_gate=FAIL task_accuracy=UNVERIFIED
CHECK path=HYBRID_T16_B32 layer=3 reference=B0_FP32_own_output_3layer max_abs_error=6.04776668549 mean_abs_error=0.0139365293404 relative_L2_error=0.0151266325711 finite=1 original_abs_003_gate=FAIL task_accuracy=UNVERIFIED
CHECK path=HYBRID_T24_B32 layer=1 reference=B0_FP32_own_output_3layer max_abs_error=1.22430419922 mean_abs_error=0.00112307290677 relative_L2_error=0.0023768437966 finite=1 original_abs_003_gate=FAIL task_accuracy=UNVERIFIED
CHECK path=HYBRID_T24_B32 layer=2 reference=B0_FP32_own_output_3layer max_abs_error=26.5632553101 mean_abs_error=0.00557454361166 relative_L2_error=0.0059923243416 finite=1 original_abs_003_gate=FAIL task_accuracy=UNVERIFIED
CHECK path=HYBRID_T24_B32 layer=3 reference=B0_FP32_own_output_3layer max_abs_error=6.04801464081 mean_abs_error=0.0139364150819 relative_L2_error=0.0151266202424 finite=1 original_abs_003_gate=FAIL task_accuracy=UNVERIFIED
CHECK path=HYBRID_T32_B32 layer=1 reference=B0_FP32_own_output_3layer max_abs_error=1.22430419922 mean_abs_error=0.00112307273231 relative_L2_error=0.00237684147515 finite=1 original_abs_003_gate=FAIL task_accuracy=UNVERIFIED
CHECK path=HYBRID_T32_B32 layer=2 reference=B0_FP32_own_output_3layer max_abs_error=26.5632553101 mean_abs_error=0.00557454376462 relative_L2_error=0.0059923196606 finite=1 original_abs_003_gate=FAIL task_accuracy=UNVERIFIED
CHECK path=HYBRID_T32_B32 layer=3 reference=B0_FP32_own_output_3layer max_abs_error=6.04848384857 mean_abs_error=0.0139369599877 relative_L2_error=0.0151273725637 finite=1 original_abs_003_gate=FAIL task_accuracy=UNVERIFIED
{"path":"B0_FP32","rep":0,"layer":1,"e2e_ms":3859.031135,"layer_ms":1629.498715,"projection_ms":67.607114,"conversion_ms":2.8e-05,"lr_ms":21.432968,"max_prescan_ms":40.89674,"kernel_ms":1451.756846,"normalization_ms":22.762245,"activation_ms":25.042309,"block":0}
{"path":"B0_FP32","rep":0,"layer":2,"e2e_ms":3859.031135,"layer_ms":1705.60918,"projection_ms":147.477873,"conversion_ms":2.9e-05,"lr_ms":20.163699,"max_prescan_ms":41.118413,"kernel_ms":1449.618751,"normalization_ms":22.464616,"activation_ms":24.765068,"block":0}
{"path":"B0_FP32","rep":0,"layer":3,"e2e_ms":3859.031135,"layer_ms":523.919323,"projection_ms":68.769541,"conversion_ms":2.1e-05,"lr_ms":3.89176,"max_prescan_ms":25.747713,"kernel_ms":421.498491,"normalization_ms":4.011223,"activation_ms":2.8e-05,"block":0}
{"path":"B0_BF16","rep":0,"layer":1,"e2e_ms":3754.816918,"layer_ms":1623.428228,"projection_ms":53.173526,"conversion_ms":12.115545,"lr_ms":19.553657,"max_prescan_ms":40.8937,"kernel_ms":1449.924862,"normalization_ms":22.744121,"activation_ms":25.022395,"block":0}
{"path":"B0_BF16","rep":0,"layer":2,"e2e_ms":3754.816918,"layer_ms":1637.101737,"projection_ms":61.005553,"conversion_ms":23.430478,"lr_ms":19.927952,"max_prescan_ms":41.09968,"kernel_ms":1444.318125,"normalization_ms":22.457005,"activation_ms":24.862456,"block":0}
{"path":"B0_BF16","rep":0,"layer":3,"e2e_ms":3754.816918,"layer_ms":494.284866,"projection_ms":14.590071,"conversion_ms":24.927703,"lr_ms":3.657179,"max_prescan_ms":25.826742,"kernel_ms":421.28298,"normalization_ms":3.999682,"activation_ms":4.1e-05,"block":0}
{"path":"B1_TFS_PREMAX","rep":0,"layer":1,"e2e_ms":15257.854483,"layer_ms":4825.571421,"projection_ms":0,"conversion_ms":13.500623,"lr_ms":12.903246,"max_prescan_ms":40.894874,"kernel_ms":4710.900645,"normalization_ms":22.749581,"activation_ms":24.622149,"block":0}
{"path":"B1_TFS_PREMAX","rep":0,"layer":2,"e2e_ms":15257.854483,"layer_ms":9114.450602,"projection_ms":0,"conversion_ms":22.494012,"lr_ms":25.413563,"max_prescan_ms":40.946348,"kernel_ms":8978.227753,"normalization_ms":22.47282,"activation_ms":24.895748,"block":0}
{"path":"B1_TFS_PREMAX","rep":0,"layer":3,"e2e_ms":15257.854483,"layer_ms":1317.828541,"projection_ms":0,"conversion_ms":23.068111,"lr_ms":23.164483,"max_prescan_ms":25.931309,"kernel_ms":1241.468406,"normalization_ms":4.195547,"activation_ms":0.000107,"block":0}
{"path":"ICPP_TFS_PAIR_B32","rep":0,"layer":1,"e2e_ms":10679.874407,"layer_ms":3025.178926,"projection_ms":0,"conversion_ms":11.555575,"lr_ms":13.266483,"max_prescan_ms":0,"kernel_ms":2953.817402,"normalization_ms":22.008868,"activation_ms":24.53004,"block":32}
{"path":"ICPP_TFS_PAIR_B32","rep":0,"layer":2,"e2e_ms":10679.874407,"layer_ms":6363.973163,"projection_ms":0,"conversion_ms":24.324806,"lr_ms":25.287526,"max_prescan_ms":0,"kernel_ms":6266.642278,"normalization_ms":22.779669,"activation_ms":24.938068,"block":32}
{"path":"ICPP_TFS_PAIR_B32","rep":0,"layer":3,"e2e_ms":10679.874407,"layer_ms":1290.713656,"projection_ms":0,"conversion_ms":22.856484,"lr_ms":23.448245,"max_prescan_ms":0,"kernel_ms":1240.351356,"normalization_ms":4.057054,"activation_ms":4e-05,"block":32}
{"path":"ICPP_TFS_BLOCK_B32","rep":0,"layer":1,"e2e_ms":13993.626981,"layer_ms":4103.03125,"projection_ms":0,"conversion_ms":11.230241,"lr_ms":13.073249,"max_prescan_ms":0,"kernel_ms":4032.96467,"normalization_ms":21.79922,"activation_ms":23.963436,"block":32}
{"path":"ICPP_TFS_BLOCK_B32","rep":0,"layer":2,"e2e_ms":13993.626981,"layer_ms":8743.698954,"projection_ms":0,"conversion_ms":21.942076,"lr_ms":24.836475,"max_prescan_ms":0,"kernel_ms":8649.681297,"normalization_ms":22.588579,"activation_ms":24.649848,"block":32}
{"path":"ICPP_TFS_BLOCK_B32","rep":0,"layer":3,"e2e_ms":13993.626981,"layer_ms":1146.888761,"projection_ms":0,"conversion_ms":23.722677,"lr_ms":22.842338,"max_prescan_ms":0,"kernel_ms":1096.077644,"normalization_ms":4.245337,"activation_ms":2.6e-05,"block":32}
{"path":"HEADS_AVX_B16","rep":0,"layer":1,"e2e_ms":4776.871975,"layer_ms":1344.377017,"projection_ms":0,"conversion_ms":12.671684,"lr_ms":12.630684,"max_prescan_ms":0,"kernel_ms":1272.271576,"normalization_ms":22.17048,"activation_ms":24.632072,"block":16}
{"path":"HEADS_AVX_B16","rep":0,"layer":2,"e2e_ms":4776.871975,"layer_ms":2448.560525,"projection_ms":0,"conversion_ms":22.847175,"lr_ms":26.157474,"max_prescan_ms":0,"kernel_ms":2349.425838,"normalization_ms":23.350057,"activation_ms":26.779607,"block":16}
{"path":"HEADS_AVX_B16","rep":0,"layer":3,"e2e_ms":4776.871975,"layer_ms":983.923639,"projection_ms":0,"conversion_ms":22.514054,"lr_ms":22.373686,"max_prescan_ms":0,"kernel_ms":935.019021,"normalization_ms":4.016175,"activation_ms":2.8e-05,"block":16}
{"path":"HEADS_AVX_B32","rep":0,"layer":1,"e2e_ms":4406.934925,"layer_ms":1215.925174,"projection_ms":0,"conversion_ms":8.822913,"lr_ms":12.006928,"max_prescan_ms":0,"kernel_ms":1148.305405,"normalization_ms":22.151846,"activation_ms":24.637678,"block":32}
{"path":"HEADS_AVX_B32","rep":0,"layer":2,"e2e_ms":4406.934925,"layer_ms":2065.195924,"projection_ms":0,"conversion_ms":19.113118,"lr_ms":24.909785,"max_prescan_ms":0,"kernel_ms":1971.037184,"normalization_ms":23.346478,"activation_ms":26.788901,"block":32}
{"path":"HEADS_AVX_B32","rep":0,"layer":3,"e2e_ms":4406.934925,"layer_ms":1125.80657,"projection_ms":0,"conversion_ms":18.939298,"lr_ms":22.318641,"max_prescan_ms":0,"kernel_ms":1080.552006,"normalization_ms":3.995981,"activation_ms":2.8e-05,"block":32}
{"path":"HEADS_AMX_HILO_B16","rep":0,"layer":1,"e2e_ms":4940.675691,"layer_ms":1382.07245,"projection_ms":0,"conversion_ms":8.816623,"lr_ms":11.996811,"max_prescan_ms":0,"kernel_ms":1314.557973,"normalization_ms":22.153815,"activation_ms":24.546778,"block":16}
{"path":"HEADS_AMX_HILO_B16","rep":0,"layer":2,"e2e_ms":4940.675691,"layer_ms":2586.554216,"projection_ms":0,"conversion_ms":19.023301,"lr_ms":24.981907,"max_prescan_ms":0,"kernel_ms":2492.462559,"normalization_ms":23.353028,"activation_ms":26.732857,"block":16}
{"path":"HEADS_AMX_HILO_B16","rep":0,"layer":3,"e2e_ms":4940.675691,"layer_ms":972.042297,"projection_ms":0,"conversion_ms":18.886019,"lr_ms":22.37287,"max_prescan_ms":0,"kernel_ms":926.78758,"normalization_ms":3.994933,"activation_ms":2.6e-05,"block":16}
{"path":"HEADS_AMX_HILO_B32","rep":0,"layer":1,"e2e_ms":4074.06107,"layer_ms":1073.754982,"projection_ms":0,"conversion_ms":8.807404,"lr_ms":11.995714,"max_prescan_ms":0,"kernel_ms":1006.232015,"normalization_ms":22.159996,"activation_ms":24.559133,"block":32}
{"path":"HEADS_AMX_HILO_B32","rep":0,"layer":2,"e2e_ms":4074.06107,"layer_ms":1893.131695,"projection_ms":0,"conversion_ms":19.045827,"lr_ms":24.948364,"max_prescan_ms":0,"kernel_ms":1799.002247,"normalization_ms":23.337571,"activation_ms":26.796527,"block":32}
{"path":"HEADS_AMX_HILO_B32","rep":0,"layer":3,"e2e_ms":4074.06107,"layer_ms":1107.166491,"projection_ms":0,"conversion_ms":18.947049,"lr_ms":22.316825,"max_prescan_ms":0,"kernel_ms":1061.916504,"normalization_ms":3.985274,"activation_ms":2.6e-05,"block":32}
{"path":"HEADS_AMX_PRELOAD_B16","rep":0,"layer":1,"e2e_ms":4873.758126,"layer_ms":1523.963334,"projection_ms":0,"conversion_ms":8.811768,"lr_ms":12.010453,"max_prescan_ms":0,"kernel_ms":1456.452544,"normalization_ms":22.139452,"activation_ms":24.54872,"block":16}
{"path":"HEADS_AMX_PRELOAD_B16","rep":0,"layer":2,"e2e_ms":4873.758126,"layer_ms":2355.332186,"projection_ms":0,"conversion_ms":19.02556,"lr_ms":24.942808,"max_prescan_ms":0,"kernel_ms":2261.143699,"normalization_ms":23.303429,"activation_ms":26.916188,"block":16}
{"path":"HEADS_AMX_PRELOAD_B16","rep":0,"layer":3,"e2e_ms":4873.758126,"layer_ms":994.452621,"projection_ms":0,"conversion_ms":18.776624,"lr_ms":22.343214,"max_prescan_ms":0,"kernel_ms":949.328376,"normalization_ms":4.003788,"activation_ms":2.7e-05,"block":16}
{"path":"HEADS_AMX_PRELOAD_B32","rep":0,"layer":1,"e2e_ms":4070.691917,"layer_ms":1127.0857,"projection_ms":0,"conversion_ms":8.813123,"lr_ms":11.941687,"max_prescan_ms":0,"kernel_ms":1059.594615,"normalization_ms":22.164192,"activation_ms":24.571706,"block":32}
{"path":"HEADS_AMX_PRELOAD_B32","rep":0,"layer":2,"e2e_ms":4070.691917,"layer_ms":1838.073691,"projection_ms":0,"conversion_ms":19.007657,"lr_ms":24.979321,"max_prescan_ms":0,"kernel_ms":1743.961671,"normalization_ms":23.344365,"activation_ms":26.780342,"block":32}
{"path":"HEADS_AMX_PRELOAD_B32","rep":0,"layer":3,"e2e_ms":4070.691917,"layer_ms":1105.522623,"projection_ms":0,"conversion_ms":18.904789,"lr_ms":22.270208,"max_prescan_ms":0,"kernel_ms":1060.35347,"normalization_ms":3.993543,"activation_ms":0.000153,"block":32}
{"path":"HYBRID_T16_B32","rep":0,"layer":1,"e2e_ms":3952.473648,"layer_ms":1059.454174,"projection_ms":0,"conversion_ms":8.838903,"lr_ms":12.010428,"max_prescan_ms":0,"kernel_ms":991.8686,"normalization_ms":22.139017,"activation_ms":24.596787,"block":32}
{"path":"HYBRID_T16_B32","rep":0,"layer":2,"e2e_ms":3952.473648,"layer_ms":1787.177506,"projection_ms":0,"conversion_ms":19.021332,"lr_ms":25.00014,"max_prescan_ms":0,"kernel_ms":1692.873024,"normalization_ms":23.279005,"activation_ms":27.003613,"block":32}
{"path":"HYBRID_T16_B32","rep":0,"layer":3,"e2e_ms":3952.473648,"layer_ms":1105.834184,"projection_ms":0,"conversion_ms":18.738035,"lr_ms":22.235063,"max_prescan_ms":0,"kernel_ms":1060.861213,"normalization_ms":3.999274,"activation_ms":0.000106,"block":32}
{"path":"HYBRID_T24_B32","rep":0,"layer":1,"e2e_ms":3949.81729,"layer_ms":1056.132274,"projection_ms":0,"conversion_ms":8.777969,"lr_ms":11.969665,"max_prescan_ms":0,"kernel_ms":986.477186,"normalization_ms":24.335099,"activation_ms":24.571987,"block":32}
{"path":"HYBRID_T24_B32","rep":0,"layer":2,"e2e_ms":3949.81729,"layer_ms":1787.391108,"projection_ms":0,"conversion_ms":18.983771,"lr_ms":24.919601,"max_prescan_ms":0,"kernel_ms":1691.520956,"normalization_ms":25.234714,"activation_ms":26.731679,"block":32}
{"path":"HYBRID_T24_B32","rep":0,"layer":3,"e2e_ms":3949.81729,"layer_ms":1106.288209,"projection_ms":0,"conversion_ms":18.66938,"lr_ms":22.363414,"max_prescan_ms":0,"kernel_ms":1061.242256,"normalization_ms":4.012595,"activation_ms":2.8e-05,"block":32}
{"path":"HYBRID_T32_B32","rep":0,"layer":1,"e2e_ms":3975.853994,"layer_ms":1061.610829,"projection_ms":0,"conversion_ms":8.808539,"lr_ms":12.001615,"max_prescan_ms":0,"kernel_ms":994.035956,"normalization_ms":22.165234,"activation_ms":24.598982,"block":32}
{"path":"HYBRID_T32_B32","rep":0,"layer":2,"e2e_ms":3975.853994,"layer_ms":1808.103028,"projection_ms":0,"conversion_ms":19.013604,"lr_ms":24.973392,"max_prescan_ms":0,"kernel_ms":1713.440749,"normalization_ms":23.681794,"activation_ms":26.993106,"block":32}
{"path":"HYBRID_T32_B32","rep":0,"layer":3,"e2e_ms":3975.853994,"layer_ms":1106.134447,"projection_ms":0,"conversion_ms":18.718383,"lr_ms":22.277657,"max_prescan_ms":0,"kernel_ms":1061.132902,"normalization_ms":4.004813,"activation_ms":2.9e-05,"block":32}
{"path":"HYBRID_T32_B32","rep":1,"layer":1,"e2e_ms":4034.366087,"layer_ms":1061.743301,"projection_ms":0,"conversion_ms":8.817928,"lr_ms":11.985455,"max_prescan_ms":0,"kernel_ms":994.19425,"normalization_ms":22.17006,"activation_ms":24.575217,"block":32}
{"path":"HYBRID_T32_B32","rep":1,"layer":2,"e2e_ms":4034.366087,"layer_ms":1845.347007,"projection_ms":0,"conversion_ms":19.091367,"lr_ms":24.975079,"max_prescan_ms":0,"kernel_ms":1750.845833,"normalization_ms":23.387033,"activation_ms":27.047156,"block":32}
{"path":"HYBRID_T32_B32","rep":1,"layer":3,"e2e_ms":4034.366087,"layer_ms":1127.268897,"projection_ms":0,"conversion_ms":18.74748,"lr_ms":22.387703,"max_prescan_ms":0,"kernel_ms":1082.122914,"normalization_ms":4.010144,"activation_ms":0.000107,"block":32}
{"path":"HYBRID_T24_B32","rep":1,"layer":1,"e2e_ms":4004.281201,"layer_ms":1057.958339,"projection_ms":0,"conversion_ms":8.805882,"lr_ms":12.023988,"max_prescan_ms":0,"kernel_ms":989.297407,"normalization_ms":23.274402,"activation_ms":24.556246,"block":32}
{"path":"HYBRID_T24_B32","rep":1,"layer":2,"e2e_ms":4004.281201,"layer_ms":1811.357302,"projection_ms":0,"conversion_ms":18.997235,"lr_ms":24.980592,"max_prescan_ms":0,"kernel_ms":1716.965837,"normalization_ms":23.378808,"activation_ms":27.034311,"block":32}
{"path":"HYBRID_T24_B32","rep":1,"layer":3,"e2e_ms":4004.281201,"layer_ms":1134.959603,"projection_ms":0,"conversion_ms":18.879578,"lr_ms":22.367104,"max_prescan_ms":0,"kernel_ms":1089.717691,"normalization_ms":3.994436,"activation_ms":2.6e-05,"block":32}
{"path":"HYBRID_T16_B32","rep":1,"layer":1,"e2e_ms":3925.38774,"layer_ms":1053.963717,"projection_ms":0,"conversion_ms":8.8242,"lr_ms":12.004735,"max_prescan_ms":0,"kernel_ms":986.440472,"normalization_ms":22.150066,"activation_ms":24.543738,"block":32}
{"path":"HYBRID_T16_B32","rep":1,"layer":2,"e2e_ms":3925.38774,"layer_ms":1765.227731,"projection_ms":0,"conversion_ms":19.092726,"lr_ms":25.0037,"max_prescan_ms":0,"kernel_ms":1671.061893,"normalization_ms":23.358926,"activation_ms":26.709987,"block":32}
{"path":"HYBRID_T16_B32","rep":1,"layer":3,"e2e_ms":3925.38774,"layer_ms":1106.189894,"projection_ms":0,"conversion_ms":18.714825,"lr_ms":22.368056,"max_prescan_ms":0,"kernel_ms":1061.109954,"normalization_ms":3.996315,"activation_ms":0.000129,"block":32}
{"path":"HEADS_AMX_PRELOAD_B32","rep":1,"layer":1,"e2e_ms":4074.179096,"layer_ms":1127.631175,"projection_ms":0,"conversion_ms":8.791792,"lr_ms":11.954265,"max_prescan_ms":0,"kernel_ms":1060.196697,"normalization_ms":22.13626,"activation_ms":24.551871,"block":32}
{"path":"HEADS_AMX_PRELOAD_B32","rep":1,"layer":2,"e2e_ms":4074.179096,"layer_ms":1839.774201,"projection_ms":0,"conversion_ms":19.031865,"lr_ms":25.000232,"max_prescan_ms":0,"kernel_ms":1745.765051,"normalization_ms":23.267164,"activation_ms":26.709283,"block":32}
{"path":"HEADS_AMX_PRELOAD_B32","rep":1,"layer":3,"e2e_ms":4074.179096,"layer_ms":1106.765263,"projection_ms":0,"conversion_ms":18.948211,"lr_ms":22.382927,"max_prescan_ms":0,"kernel_ms":1061.439813,"normalization_ms":3.993737,"activation_ms":2.8e-05,"block":32}
{"path":"HEADS_AMX_PRELOAD_B16","rep":1,"layer":1,"e2e_ms":4785.214365,"layer_ms":1502.223168,"projection_ms":0,"conversion_ms":8.802049,"lr_ms":12.041785,"max_prescan_ms":0,"kernel_ms":1434.691915,"normalization_ms":22.123399,"activation_ms":24.56363,"block":16}
{"path":"HEADS_AMX_PRELOAD_B16","rep":1,"layer":2,"e2e_ms":4785.214365,"layer_ms":2307.422706,"projection_ms":0,"conversion_ms":19.036933,"lr_ms":24.957162,"max_prescan_ms":0,"kernel_ms":2213.294813,"normalization_ms":23.426532,"activation_ms":26.706745,"block":16}
{"path":"HEADS_AMX_PRELOAD_B16","rep":1,"layer":3,"e2e_ms":4785.214365,"layer_ms":975.56083,"projection_ms":0,"conversion_ms":18.897922,"lr_ms":22.311275,"max_prescan_ms":0,"kernel_ms":930.351786,"normalization_ms":3.999062,"activation_ms":0.000118,"block":16}
{"path":"HEADS_AMX_HILO_B32","rep":1,"layer":1,"e2e_ms":4066.196023,"layer_ms":1050.472532,"projection_ms":0,"conversion_ms":8.798635,"lr_ms":12.017992,"max_prescan_ms":0,"kernel_ms":982.979155,"normalization_ms":22.150734,"activation_ms":24.525728,"block":32}
{"path":"HEADS_AMX_HILO_B32","rep":1,"layer":2,"e2e_ms":4066.196023,"layer_ms":1908.423164,"projection_ms":0,"conversion_ms":19.001946,"lr_ms":24.989977,"max_prescan_ms":0,"kernel_ms":1814.4235,"normalization_ms":23.286337,"activation_ms":26.720916,"block":32}
{"path":"HEADS_AMX_HILO_B32","rep":1,"layer":3,"e2e_ms":4066.196023,"layer_ms":1107.290725,"projection_ms":0,"conversion_ms":18.961888,"lr_ms":22.294414,"max_prescan_ms":0,"kernel_ms":1062.031367,"normalization_ms":4.002481,"activation_ms":2.8e-05,"block":32}
{"path":"HEADS_AMX_HILO_B16","rep":1,"layer":1,"e2e_ms":4919.5674,"layer_ms":1373.020866,"projection_ms":0,"conversion_ms":8.807141,"lr_ms":12.015038,"max_prescan_ms":0,"kernel_ms":1305.439497,"normalization_ms":22.167434,"activation_ms":24.591265,"block":16}
{"path":"HEADS_AMX_HILO_B16","rep":1,"layer":2,"e2e_ms":4919.5674,"layer_ms":2552.602601,"projection_ms":0,"conversion_ms":19.058597,"lr_ms":24.955422,"max_prescan_ms":0,"kernel_ms":2458.545837,"normalization_ms":23.306905,"activation_ms":26.735259,"block":16}
{"path":"HEADS_AMX_HILO_B16","rep":1,"layer":3,"e2e_ms":4919.5674,"layer_ms":993.936514,"projection_ms":0,"conversion_ms":18.799289,"lr_ms":22.256948,"max_prescan_ms":0,"kernel_ms":948.883966,"normalization_ms":3.995634,"activation_ms":2.7e-05,"block":16}
{"path":"HEADS_AVX_B32","rep":1,"layer":1,"e2e_ms":4427.571072,"layer_ms":1236.799888,"projection_ms":0,"conversion_ms":8.804524,"lr_ms":11.972189,"max_prescan_ms":0,"kernel_ms":1169.23887,"normalization_ms":22.152215,"activation_ms":24.631731,"block":32}
{"path":"HEADS_AVX_B32","rep":1,"layer":2,"e2e_ms":4427.571072,"layer_ms":2064.786142,"projection_ms":0,"conversion_ms":19.046417,"lr_ms":24.951515,"max_prescan_ms":0,"kernel_ms":1970.677758,"normalization_ms":23.348861,"activation_ms":26.761205,"block":32}
{"path":"HEADS_AVX_B32","rep":1,"layer":3,"e2e_ms":4427.571072,"layer_ms":1125.97867,"projection_ms":0,"conversion_ms":18.826547,"lr_ms":22.28695,"max_prescan_ms":0,"kernel_ms":1080.865602,"normalization_ms":3.99868,"activation_ms":2.8e-05,"block":32}
{"path":"HEADS_AVX_B16","rep":1,"layer":1,"e2e_ms":4751.900832,"layer_ms":1317.882206,"projection_ms":0,"conversion_ms":8.803526,"lr_ms":11.96074,"max_prescan_ms":0,"kernel_ms":1250.347568,"normalization_ms":22.133505,"activation_ms":24.636496,"block":16}
{"path":"HEADS_AVX_B16","rep":1,"layer":2,"e2e_ms":4751.900832,"layer_ms":2439.666703,"projection_ms":0,"conversion_ms":19.014337,"lr_ms":24.905754,"max_prescan_ms":0,"kernel_ms":2345.250989,"normalization_ms":23.739293,"activation_ms":26.755881,"block":16}
{"path":"HEADS_AVX_B16","rep":1,"layer":3,"e2e_ms":4751.900832,"layer_ms":994.345579,"projection_ms":0,"conversion_ms":18.941229,"lr_ms":22.287362,"max_prescan_ms":0,"kernel_ms":949.125914,"normalization_ms":3.990338,"activation_ms":3e-05,"block":16}
{"path":"ICPP_TFS_BLOCK_B32","rep":1,"layer":1,"e2e_ms":13999.845712,"layer_ms":4082.26621,"projection_ms":0,"conversion_ms":9.919167,"lr_ms":12.04798,"max_prescan_ms":0,"kernel_ms":4014.48516,"normalization_ms":21.835118,"activation_ms":23.978094,"block":32}
{"path":"ICPP_TFS_BLOCK_B32","rep":1,"layer":2,"e2e_ms":13999.845712,"layer_ms":8798.200144,"projection_ms":0,"conversion_ms":19.167807,"lr_ms":24.186177,"max_prescan_ms":0,"kernel_ms":8707.583617,"normalization_ms":22.608166,"activation_ms":24.65385,"block":32}
{"path":"ICPP_TFS_BLOCK_B32","rep":1,"layer":3,"e2e_ms":13999.845712,"layer_ms":1119.371014,"projection_ms":0,"conversion_ms":19.996492,"lr_ms":22.911123,"max_prescan_ms":0,"kernel_ms":1072.253203,"normalization_ms":4.209687,"activation_ms":2.7e-05,"block":32}
{"path":"ICPP_TFS_PAIR_B32","rep":1,"layer":1,"e2e_ms":10670.500915,"layer_ms":3006.668875,"projection_ms":0,"conversion_ms":10.42164,"lr_ms":12.417244,"max_prescan_ms":0,"kernel_ms":2937.230722,"normalization_ms":22.028176,"activation_ms":24.570679,"block":32}
{"path":"ICPP_TFS_PAIR_B32","rep":1,"layer":2,"e2e_ms":10670.500915,"layer_ms":6369.681674,"projection_ms":0,"conversion_ms":21.170516,"lr_ms":24.869483,"max_prescan_ms":0,"kernel_ms":6275.871364,"normalization_ms":22.820005,"activation_ms":24.949745,"block":32}
{"path":"ICPP_TFS_PAIR_B32","rep":1,"layer":3,"e2e_ms":10670.500915,"layer_ms":1294.142413,"projection_ms":0,"conversion_ms":20.59924,"lr_ms":23.486479,"max_prescan_ms":0,"kernel_ms":1246.067278,"normalization_ms":3.988824,"activation_ms":3.7e-05,"block":32}
{"path":"B1_TFS_PREMAX","rep":1,"layer":1,"e2e_ms":15142.278334,"layer_ms":4804.706886,"projection_ms":0,"conversion_ms":11.080546,"lr_ms":12.347934,"max_prescan_ms":40.889196,"kernel_ms":4693.116534,"normalization_ms":22.675573,"activation_ms":24.596603,"block":0}
{"path":"B1_TFS_PREMAX","rep":1,"layer":2,"e2e_ms":15142.278334,"layer_ms":9049.134951,"projection_ms":0,"conversion_ms":20.855779,"lr_ms":25.171475,"max_prescan_ms":40.968435,"kernel_ms":8914.850021,"normalization_ms":22.420574,"activation_ms":24.868242,"block":0}
{"path":"B1_TFS_PREMAX","rep":1,"layer":3,"e2e_ms":15142.278334,"layer_ms":1288.432045,"projection_ms":0,"conversion_ms":21.605478,"lr_ms":23.163771,"max_prescan_ms":26.040935,"kernel_ms":1213.424975,"normalization_ms":4.196113,"activation_ms":0.000323,"block":0}
{"path":"B0_BF16","rep":1,"layer":1,"e2e_ms":3776.287566,"layer_ms":1630.165551,"projection_ms":59.378503,"conversion_ms":11.420484,"lr_ms":19.65591,"max_prescan_ms":40.924705,"kernel_ms":1451.023493,"normalization_ms":22.740035,"activation_ms":25.021917,"block":0}
{"path":"B0_BF16","rep":1,"layer":2,"e2e_ms":3776.287566,"layer_ms":1650.503619,"projection_ms":65.838024,"conversion_ms":23.48446,"lr_ms":19.942965,"max_prescan_ms":41.14083,"kernel_ms":1452.831457,"normalization_ms":22.520903,"activation_ms":24.744331,"block":0}
{"path":"B0_BF16","rep":1,"layer":3,"e2e_ms":3776.287566,"layer_ms":495.615893,"projection_ms":15.676366,"conversion_ms":24.895338,"lr_ms":3.707391,"max_prescan_ms":25.79862,"kernel_ms":421.540606,"normalization_ms":3.996958,"activation_ms":0.000121,"block":0}
{"path":"B0_FP32","rep":1,"layer":1,"e2e_ms":3845.853025,"layer_ms":1618.973704,"projection_ms":62.916693,"conversion_ms":3.6e-05,"lr_ms":21.239471,"max_prescan_ms":40.856299,"kernel_ms":1446.230574,"normalization_ms":22.7299,"activation_ms":25.000055,"block":0}
{"path":"B0_FP32","rep":1,"layer":2,"e2e_ms":3845.853025,"layer_ms":1703.779373,"projection_ms":144.821117,"conversion_ms":3e-05,"lr_ms":20.014196,"max_prescan_ms":41.066672,"kernel_ms":1450.578052,"normalization_ms":22.555634,"activation_ms":24.742546,"block":0}
{"path":"B0_FP32","rep":1,"layer":3,"e2e_ms":3845.853025,"layer_ms":523.097302,"projection_ms":68.606057,"conversion_ms":2.6e-05,"lr_ms":3.829361,"max_prescan_ms":25.725258,"kernel_ms":420.920865,"normalization_ms":4.014719,"activation_ms":0.000116,"block":0}
{"path":"B0_FP32","rep":2,"layer":1,"e2e_ms":3846.178926,"layer_ms":1618.993778,"projection_ms":62.647576,"conversion_ms":2.6e-05,"lr_ms":21.238394,"max_prescan_ms":40.891319,"kernel_ms":1446.56918,"normalization_ms":22.646425,"activation_ms":25.00017,"block":0}
{"path":"B0_FP32","rep":2,"layer":2,"e2e_ms":3846.178926,"layer_ms":1704.174404,"projection_ms":144.768287,"conversion_ms":2.1e-05,"lr_ms":19.983535,"max_prescan_ms":41.030091,"kernel_ms":1450.966473,"normalization_ms":22.646669,"activation_ms":24.778774,"block":0}
{"path":"B0_FP32","rep":2,"layer":3,"e2e_ms":3846.178926,"layer_ms":523.008116,"projection_ms":68.544449,"conversion_ms":2.1e-05,"lr_ms":3.843293,"max_prescan_ms":25.719948,"kernel_ms":420.884817,"normalization_ms":4.014779,"activation_ms":3.6e-05,"block":0}
{"path":"B0_BF16","rep":2,"layer":1,"e2e_ms":3748.320686,"layer_ms":1618.568973,"projection_ms":52.672078,"conversion_ms":10.092634,"lr_ms":19.55421,"max_prescan_ms":40.897543,"kernel_ms":1447.676093,"normalization_ms":22.710759,"activation_ms":24.965132,"block":0}
{"path":"B0_BF16","rep":2,"layer":2,"e2e_ms":3748.320686,"layer_ms":1640.794628,"projection_ms":61.262557,"conversion_ms":20.113553,"lr_ms":19.883331,"max_prescan_ms":41.073011,"kernel_ms":1451.143878,"normalization_ms":22.587369,"activation_ms":24.730562,"block":0}
{"path":"B0_BF16","rep":2,"layer":3,"e2e_ms":3748.320686,"layer_ms":488.954819,"projection_ms":14.620902,"conversion_ms":19.63404,"lr_ms":3.725127,"max_prescan_ms":25.80423,"kernel_ms":421.167506,"normalization_ms":4.002503,"activation_ms":3.7e-05,"block":0}
{"path":"B1_TFS_PREMAX","rep":2,"layer":1,"e2e_ms":15227.614356,"layer_ms":4830.81443,"projection_ms":0,"conversion_ms":11.39085,"lr_ms":12.313906,"max_prescan_ms":40.902074,"kernel_ms":4718.942076,"normalization_ms":22.671576,"activation_ms":24.593643,"block":0}
{"path":"B1_TFS_PREMAX","rep":2,"layer":2,"e2e_ms":15227.614356,"layer_ms":9112.252305,"projection_ms":0,"conversion_ms":19.655669,"lr_ms":24.9141,"max_prescan_ms":40.907738,"kernel_ms":8979.453469,"normalization_ms":22.441482,"activation_ms":24.879557,"block":0}
{"path":"B1_TFS_PREMAX","rep":2,"layer":3,"e2e_ms":15227.614356,"layer_ms":1284.543617,"projection_ms":0,"conversion_ms":19.980568,"lr_ms":23.171277,"max_prescan_ms":25.968949,"kernel_ms":1211.200564,"normalization_ms":4.221737,"activation_ms":0.000114,"block":0}
{"path":"ICPP_TFS_PAIR_B32","rep":2,"layer":1,"e2e_ms":10690.41734,"layer_ms":3037.211979,"projection_ms":0,"conversion_ms":10.237503,"lr_ms":12.844238,"max_prescan_ms":0,"kernel_ms":2967.701107,"normalization_ms":21.951639,"activation_ms":24.47701,"block":32}
{"path":"ICPP_TFS_PAIR_B32","rep":2,"layer":2,"e2e_ms":10690.41734,"layer_ms":6357.793174,"projection_ms":0,"conversion_ms":22.030328,"lr_ms":25.033669,"max_prescan_ms":0,"kernel_ms":6263.129815,"normalization_ms":22.74902,"activation_ms":24.849958,"block":32}
{"path":"ICPP_TFS_PAIR_B32","rep":2,"layer":3,"e2e_ms":10690.41734,"layer_ms":1295.401967,"projection_ms":0,"conversion_ms":20.869021,"lr_ms":23.458806,"max_prescan_ms":0,"kernel_ms":1247.087629,"normalization_ms":3.986009,"activation_ms":2.8e-05,"block":32}
{"path":"ICPP_TFS_BLOCK_B32","rep":2,"layer":1,"e2e_ms":13954.419503,"layer_ms":4097.039456,"projection_ms":0,"conversion_ms":11.176922,"lr_ms":12.944498,"max_prescan_ms":0,"kernel_ms":4027.039539,"normalization_ms":21.847893,"activation_ms":24.030205,"block":32}
{"path":"ICPP_TFS_BLOCK_B32","rep":2,"layer":2,"e2e_ms":13954.419503,"layer_ms":8736.708153,"projection_ms":0,"conversion_ms":21.387072,"lr_ms":24.751256,"max_prescan_ms":0,"kernel_ms":8643.307396,"normalization_ms":22.619256,"activation_ms":24.64274,"block":32}
{"path":"ICPP_TFS_BLOCK_B32","rep":2,"layer":3,"e2e_ms":13954.419503,"layer_ms":1120.664508,"projection_ms":0,"conversion_ms":22.622475,"lr_ms":22.937576,"max_prescan_ms":0,"kernel_ms":1070.899329,"normalization_ms":4.204439,"activation_ms":2.6e-05,"block":32}
{"path":"HEADS_AVX_B16","rep":2,"layer":1,"e2e_ms":4774.571861,"layer_ms":1339.801219,"projection_ms":0,"conversion_ms":12.576415,"lr_ms":12.635243,"max_prescan_ms":0,"kernel_ms":1267.741216,"normalization_ms":22.16808,"activation_ms":24.679731,"block":16}
{"path":"HEADS_AVX_B16","rep":2,"layer":2,"e2e_ms":4774.571861,"layer_ms":2454.149942,"projection_ms":0,"conversion_ms":23.051685,"lr_ms":26.173185,"max_prescan_ms":0,"kernel_ms":2354.44352,"normalization_ms":23.746465,"activation_ms":26.734598,"block":16}
{"path":"HEADS_AVX_B16","rep":2,"layer":3,"e2e_ms":4774.571861,"layer_ms":980.610038,"projection_ms":0,"conversion_ms":22.62705,"lr_ms":22.330725,"max_prescan_ms":0,"kernel_ms":931.655878,"normalization_ms":3.995625,"activation_ms":0.000106,"block":16}
{"path":"HEADS_AVX_B32","rep":2,"layer":1,"e2e_ms":4433.876979,"layer_ms":1207.700251,"projection_ms":0,"conversion_ms":8.81721,"lr_ms":11.979281,"max_prescan_ms":0,"kernel_ms":1140.143607,"normalization_ms":22.150944,"activation_ms":24.608622,"block":32}
{"path":"HEADS_AVX_B32","rep":2,"layer":2,"e2e_ms":4433.876979,"layer_ms":2102.636214,"projection_ms":0,"conversion_ms":19.050068,"lr_ms":24.938646,"max_prescan_ms":0,"kernel_ms":2008.449018,"normalization_ms":23.393796,"activation_ms":26.804172,"block":32}
{"path":"HEADS_AVX_B32","rep":2,"layer":3,"e2e_ms":4433.876979,"layer_ms":1123.530486,"projection_ms":0,"conversion_ms":18.813893,"lr_ms":22.308459,"max_prescan_ms":0,"kernel_ms":1078.408795,"normalization_ms":3.998607,"activation_ms":3.5e-05,"block":32}
{"path":"HEADS_AMX_HILO_B16","rep":2,"layer":1,"e2e_ms":4907.173036,"layer_ms":1349.617818,"projection_ms":0,"conversion_ms":8.793487,"lr_ms":11.970635,"max_prescan_ms":0,"kernel_ms":1282.115142,"normalization_ms":22.154403,"activation_ms":24.583673,"block":16}
{"path":"HEADS_AMX_HILO_B16","rep":2,"layer":2,"e2e_ms":4907.173036,"layer_ms":2583.174238,"projection_ms":0,"conversion_ms":19.021005,"lr_ms":24.90206,"max_prescan_ms":0,"kernel_ms":2489.198039,"normalization_ms":23.333424,"activation_ms":26.719239,"block":16}
{"path":"HEADS_AMX_HILO_B16","rep":2,"layer":3,"e2e_ms":4907.173036,"layer_ms":974.373155,"projection_ms":0,"conversion_ms":18.897897,"lr_ms":22.322572,"max_prescan_ms":0,"kernel_ms":929.160716,"normalization_ms":3.991146,"activation_ms":0.000104,"block":16}
{"path":"HEADS_AMX_HILO_B32","rep":2,"layer":1,"e2e_ms":4064.148387,"layer_ms":1067.501467,"projection_ms":0,"conversion_ms":8.822245,"lr_ms":11.960813,"max_prescan_ms":0,"kernel_ms":994.422784,"normalization_ms":27.715977,"activation_ms":24.579158,"block":32}
{"path":"HEADS_AMX_HILO_B32","rep":2,"layer":2,"e2e_ms":4064.148387,"layer_ms":1889.598495,"projection_ms":0,"conversion_ms":19.058142,"lr_ms":24.987729,"max_prescan_ms":0,"kernel_ms":1795.435567,"normalization_ms":23.328974,"activation_ms":26.787699,"block":32}
{"path":"HEADS_AMX_HILO_B32","rep":2,"layer":3,"e2e_ms":4064.148387,"layer_ms":1107.04191,"projection_ms":0,"conversion_ms":18.846618,"lr_ms":22.29387,"max_prescan_ms":0,"kernel_ms":1061.90302,"normalization_ms":3.997339,"activation_ms":0.000298,"block":32}
{"path":"HEADS_AMX_PRELOAD_B16","rep":2,"layer":1,"e2e_ms":4792.995528,"layer_ms":1503.163852,"projection_ms":0,"conversion_ms":8.807532,"lr_ms":11.959482,"max_prescan_ms":0,"kernel_ms":1435.674737,"normalization_ms":22.149779,"activation_ms":24.571433,"block":16}
{"path":"HEADS_AMX_PRELOAD_B16","rep":2,"layer":2,"e2e_ms":4792.995528,"layer_ms":2311.043581,"projection_ms":0,"conversion_ms":19.02106,"lr_ms":24.921192,"max_prescan_ms":0,"kernel_ms":2217.012132,"normalization_ms":23.390791,"activation_ms":26.697918,"block":16}
{"path":"HEADS_AMX_PRELOAD_B16","rep":2,"layer":3,"e2e_ms":4792.995528,"layer_ms":978.778595,"projection_ms":0,"conversion_ms":18.695849,"lr_ms":22.278985,"max_prescan_ms":0,"kernel_ms":933.754279,"normalization_ms":4.048877,"activation_ms":3e-05,"block":16}
{"path":"HEADS_AMX_PRELOAD_B32","rep":2,"layer":1,"e2e_ms":4037.241661,"layer_ms":1133.881735,"projection_ms":0,"conversion_ms":8.811621,"lr_ms":11.972842,"max_prescan_ms":0,"kernel_ms":1066.408443,"normalization_ms":22.158955,"activation_ms":24.529576,"block":32}
{"path":"HEADS_AMX_PRELOAD_B32","rep":2,"layer":2,"e2e_ms":4037.241661,"layer_ms":1798.765619,"projection_ms":0,"conversion_ms":19.031699,"lr_ms":24.928337,"max_prescan_ms":0,"kernel_ms":1704.80937,"normalization_ms":23.27225,"activation_ms":26.723608,"block":32}
{"path":"HEADS_AMX_PRELOAD_B32","rep":2,"layer":3,"e2e_ms":4037.241661,"layer_ms":1104.586984,"projection_ms":0,"conversion_ms":18.81741,"lr_ms":22.316328,"max_prescan_ms":0,"kernel_ms":1059.451303,"normalization_ms":4.001308,"activation_ms":3e-05,"block":32}
{"path":"HYBRID_T16_B32","rep":2,"layer":1,"e2e_ms":3942.22182,"layer_ms":1058.87613,"projection_ms":0,"conversion_ms":8.786487,"lr_ms":12.074649,"max_prescan_ms":0,"kernel_ms":985.675048,"normalization_ms":27.766667,"activation_ms":24.572881,"block":32}
{"path":"HYBRID_T16_B32","rep":2,"layer":2,"e2e_ms":3942.22182,"layer_ms":1764.153645,"projection_ms":0,"conversion_ms":19.006574,"lr_ms":25.009406,"max_prescan_ms":0,"kernel_ms":1669.973543,"normalization_ms":23.395648,"activation_ms":26.76744,"block":32}
{"path":"HYBRID_T16_B32","rep":2,"layer":3,"e2e_ms":3942.22182,"layer_ms":1119.184771,"projection_ms":0,"conversion_ms":19.040695,"lr_ms":22.376174,"max_prescan_ms":0,"kernel_ms":1073.76069,"normalization_ms":4.006581,"activation_ms":2.6e-05,"block":32}
{"path":"HYBRID_T24_B32","rep":2,"layer":1,"e2e_ms":3964.33031,"layer_ms":1068.955706,"projection_ms":0,"conversion_ms":8.832806,"lr_ms":11.95105,"max_prescan_ms":0,"kernel_ms":995.790794,"normalization_ms":27.877518,"activation_ms":24.50318,"block":32}
{"path":"HYBRID_T24_B32","rep":2,"layer":2,"e2e_ms":3964.33031,"layer_ms":1789.404234,"projection_ms":0,"conversion_ms":19.054359,"lr_ms":25.007657,"max_prescan_ms":0,"kernel_ms":1695.227792,"normalization_ms":23.356946,"activation_ms":26.757095,"block":32}
{"path":"HYBRID_T24_B32","rep":2,"layer":3,"e2e_ms":3964.33031,"layer_ms":1105.964313,"projection_ms":0,"conversion_ms":18.956318,"lr_ms":22.271586,"max_prescan_ms":0,"kernel_ms":1060.738433,"normalization_ms":3.997398,"activation_ms":0.000103,"block":32}
{"path":"HYBRID_T32_B32","rep":2,"layer":1,"e2e_ms":3999.664593,"layer_ms":1060.45799,"projection_ms":0,"conversion_ms":8.829591,"lr_ms":11.994066,"max_prescan_ms":0,"kernel_ms":992.879534,"normalization_ms":22.203886,"activation_ms":24.550541,"block":32}
{"path":"HYBRID_T32_B32","rep":2,"layer":2,"e2e_ms":3999.664593,"layer_ms":1833.1364,"projection_ms":0,"conversion_ms":19.027279,"lr_ms":25.010145,"max_prescan_ms":0,"kernel_ms":1739.080295,"normalization_ms":23.300193,"activation_ms":26.718045,"block":32}
{"path":"HYBRID_T32_B32","rep":2,"layer":3,"e2e_ms":3999.664593,"layer_ms":1106.064566,"projection_ms":0,"conversion_ms":18.699772,"lr_ms":22.309569,"max_prescan_ms":0,"kernel_ms":1061.059535,"normalization_ms":3.995013,"activation_ms":2.6e-05,"block":32}
CHECK path=HEADS_AVX_B16 layer=2 reference=FP32_same_input_same_contracted_LR_no_ELU max_abs_error=1.20500659943 mean_abs_error=0.00521389804125 relative_L2_error=0.00246762590932 finite=1 original_abs_003_gate=FAIL task_accuracy=UNVERIFIED
CHECK path=HEADS_AVX_B32 layer=2 reference=FP32_same_input_same_contracted_LR_no_ELU max_abs_error=1.20500659943 mean_abs_error=0.00533872992641 relative_L2_error=0.00251973802182 finite=1 original_abs_003_gate=FAIL task_accuracy=UNVERIFIED
CHECK path=HEADS_AMX_HILO_B16 layer=2 reference=FP32_same_input_same_contracted_LR_no_ELU max_abs_error=1.20500659943 mean_abs_error=0.00521390014084 relative_L2_error=0.00246761731743 finite=1 original_abs_003_gate=FAIL task_accuracy=UNVERIFIED
CHECK path=HEADS_AMX_HILO_B32 layer=2 reference=FP32_same_input_same_contracted_LR_no_ELU max_abs_error=1.20500659943 mean_abs_error=0.00533872682204 relative_L2_error=0.00251972365101 finite=1 original_abs_003_gate=FAIL task_accuracy=UNVERIFIED
CHECK path=HEADS_AMX_PRELOAD_B16 layer=2 reference=FP32_same_input_same_contracted_LR_no_ELU max_abs_error=1.20500659943 mean_abs_error=0.00521390014084 relative_L2_error=0.00246761731743 finite=1 original_abs_003_gate=FAIL task_accuracy=UNVERIFIED
CHECK path=HEADS_AMX_PRELOAD_B32 layer=2 reference=FP32_same_input_same_contracted_LR_no_ELU max_abs_error=1.20500659943 mean_abs_error=0.00533872682204 relative_L2_error=0.00251972365101 finite=1 original_abs_003_gate=FAIL task_accuracy=UNVERIFIED
CHECK path=HYBRID_T16_B32 layer=2 reference=FP32_same_input_same_contracted_LR_no_ELU max_abs_error=1.20500659943 mean_abs_error=0.00533872645262 relative_L2_error=0.00251972542838 finite=1 original_abs_003_gate=FAIL task_accuracy=UNVERIFIED
CHECK path=HYBRID_T24_B32 layer=2 reference=FP32_same_input_same_contracted_LR_no_ELU max_abs_error=1.20500659943 mean_abs_error=0.00533872878484 relative_L2_error=0.00251972974545 finite=1 original_abs_003_gate=FAIL task_accuracy=UNVERIFIED
CHECK path=HYBRID_T32_B32 layer=2 reference=FP32_same_input_same_contracted_LR_no_ELU max_abs_error=1.20500659943 mean_abs_error=0.00533872730487 relative_L2_error=0.00251973214519 finite=1 original_abs_003_gate=FAIL task_accuracy=UNVERIFIED
PROFILE_IDENTITY path=HEADS_AVX_B16 layer=1 bit_fingerprint_equal=1
PROFILE path=HEADS_AVX_B16 layer=1 optimized=1 layer_wall_ms=1357.624845 kernel_wall_ms=1289.810938 sampled_head_tiles=9568 worker_times_are_sampled_sums=true source_index_worker_ms=1.4955 score_worker_ms=43.32176 block_max_worker_ms=13.561877 exp_den_worker_ms=3.104067 H_pack_worker_ms=0 P_pack_worker_ms=0 PH_load_worker_ms=0 PH_compute_worker_ms=113.448296 PH_store_scatter_worker_ms=0 UB_convert_worker_ms=6.796611 UW_load_worker_ms=13.460878 UW_compute_worker_ms=20.33319 V_store_worker_ms=1.75757 V_reload_worker_ms=1.812243 row_rescale_worker_ms=3.00672 transition_worker_ms=3.34904 output_write_worker_ms=4.142002 scheduling_worker_ms=2.499102 tile_config_worker_ms=0.042872 fallback_gather_worker_ms=0 fallback_UB_convert_worker_ms=0 fallback_AMX_load_compute_worker_ms=0 baseline_rescale_store_worker_ms=0 baseline_rescale_vector_worker_ms=3.00672 baseline_rescale_reload_worker_ms=0 fallback_final_store_worker_ms=0 instruction_span_timers_have_overhead=true
ONLINE_STATS path=HEADS_AVX_B16 layer=1 block=16 heads=8 D=100 d=32 edges=126167053 blocks=73164920 max_updates_including_initial=31066144 rescales=11473912 rescale_per_block=0.156822586562 P50=0 P90=0.4 P95=0.5 P99=0.666666666667 rescaled_feature_elements=367165184 rescale_events=2820436 spill_bytes=0 reload_bytes=0 UW_calls=36654720 UW_physical_FMA=300275466240 head_tiles=1224520 projection_groups=4581840
HEAD_WORK path=HEADS_AVX_B16 layer=1 optimized=1 PH_calls=0 PH_physical_FMA=113045679488 PH_useful_FMA=100933642400 raw_H_bytes=25233410600 packed_H_bytes=0 UB_scatter_bytes=32777884160 head_switch_store_bytes=9383608320 head_switch_reload_bytes=6875791360 sparse_width_amplification=3.125 traffic_is_logical_not_DRAM=true no_full_Z_U_e_alpha=true bounded_V_in_local_memory=true
PROFILE_IDENTITY path=HEADS_AVX_B16 layer=2 bit_fingerprint_equal=1
PROFILE path=HEADS_AVX_B16 layer=2 optimized=1 layer_wall_ms=2465.726205 kernel_wall_ms=2371.311492 sampled_head_tiles=9568 worker_times_are_sampled_sums=true source_index_worker_ms=1.607119 score_worker_ms=46.373913 block_max_worker_ms=13.659027 exp_den_worker_ms=3.466968 H_pack_worker_ms=0 P_pack_worker_ms=0 PH_load_worker_ms=0 PH_compute_worker_ms=233.206722 PH_store_scatter_worker_ms=0 UB_convert_worker_ms=13.156025 UW_load_worker_ms=27.124919 UW_compute_worker_ms=28.56763 V_store_worker_ms=1.971079 V_reload_worker_ms=1.81379 row_rescale_worker_ms=2.6739 transition_worker_ms=1.208773 output_write_worker_ms=4.853048 scheduling_worker_ms=2.564662 tile_config_worker_ms=0.045205 fallback_gather_worker_ms=0 fallback_UB_convert_worker_ms=0 fallback_AMX_load_compute_worker_ms=0 baseline_rescale_store_worker_ms=0 baseline_rescale_vector_worker_ms=2.6739 baseline_rescale_reload_worker_ms=0 fallback_final_store_worker_ms=0 instruction_span_timers_have_overhead=true
ONLINE_STATS path=HEADS_AVX_B16 layer=2 block=16 heads=8 D=256 d=32 edges=126167053 blocks=73164920 max_updates_including_initial=28995162 rescales=9402930 rescale_per_block=0.12851691767 P50=0 P90=0.333333333333 P95=0.5 P99=0.6 rescaled_feature_elements=300893760 rescale_events=2621278 spill_bytes=0 reload_bytes=0 UW_calls=73309440 UW_physical_FMA=600550932480 head_tiles=1224520 projection_groups=4581840
HEAD_WORK path=HEADS_AVX_B16 layer=2 optimized=1 PH_calls=0 PH_physical_FMA=258390124544 PH_useful_FMA=258390124544 raw_H_bytes=64597531136 packed_H_bytes=0 UB_scatter_bytes=74920878080 head_switch_store_bytes=9383608320 head_switch_reload_bytes=6875791360 sparse_width_amplification=8 traffic_is_logical_not_DRAM=true no_full_Z_U_e_alpha=true bounded_V_in_local_memory=true
PROFILE_IDENTITY path=HEADS_AVX_B16 layer=3 bit_fingerprint_equal=1
PROFILE path=HEADS_AVX_B16 layer=3 optimized=0 layer_wall_ms=1012.183119 kernel_wall_ms=966.929291 sampled_head_tiles=1196 worker_times_are_sampled_sums=true source_index_worker_ms=0 score_worker_ms=15.303612 block_max_worker_ms=1.906429 exp_den_worker_ms=0.439436 H_pack_worker_ms=0 P_pack_worker_ms=0 PH_load_worker_ms=0 PH_compute_worker_ms=0 PH_store_scatter_worker_ms=0 UB_convert_worker_ms=0 UW_load_worker_ms=0 UW_compute_worker_ms=0 V_store_worker_ms=0 V_reload_worker_ms=0 row_rescale_worker_ms=0 transition_worker_ms=0 output_write_worker_ms=1.90483 scheduling_worker_ms=2.959306 tile_config_worker_ms=0.04318 fallback_gather_worker_ms=97.644422 fallback_UB_convert_worker_ms=1.783121 fallback_AMX_load_compute_worker_ms=3.96774 baseline_rescale_store_worker_ms=0.300431 baseline_rescale_vector_worker_ms=0.491253 baseline_rescale_reload_worker_ms=0.193736 fallback_final_store_worker_ms=0.130933 instruction_span_timers_have_overhead=true
ONLINE_STATS path=HEADS_AVX_B16 layer=3 block=16 heads=1 D=256 d=47 edges=126167053 blocks=9145615 max_updates_including_initial=4066207 rescales=1617178 rescale_per_block=0.176825505994 P50=0 P90=0.5 P95=0.5 P99=0.666666666667 rescaled_feature_elements=76007366 rescale_events=359298 spill_bytes=1103763456 reload_bytes=1103763456 UW_calls=13745520 UW_physical_FMA=112603299840 head_tiles=153065 projection_groups=572730
HEAD_WORK path=HEADS_AVX_B16 layer=3 optimized=0 PH_calls=0 PH_physical_FMA=0 PH_useful_FMA=0 raw_H_bytes=0 packed_H_bytes=0 UB_scatter_bytes=0 head_switch_store_bytes=0 head_switch_reload_bytes=0 sparse_width_amplification=5.44680851064 traffic_is_logical_not_DRAM=true no_full_Z_U_e_alpha=true bounded_V_in_local_memory=true
PROFILE_IDENTITY path=HEADS_AVX_B32 layer=1 bit_fingerprint_equal=1
PROFILE path=HEADS_AVX_B32 layer=1 optimized=1 layer_wall_ms=1241.398949 kernel_wall_ms=1173.780611 sampled_head_tiles=9568 worker_times_are_sampled_sums=true source_index_worker_ms=1.348392 score_worker_ms=44.204336 block_max_worker_ms=12.040786 exp_den_worker_ms=2.458183 H_pack_worker_ms=0 P_pack_worker_ms=0 PH_load_worker_ms=0 PH_compute_worker_ms=110.399862 PH_store_scatter_worker_ms=0 UB_convert_worker_ms=3.968243 UW_load_worker_ms=7.804427 UW_compute_worker_ms=12.71416 V_store_worker_ms=1.096002 V_reload_worker_ms=0.888914 row_rescale_worker_ms=1.469704 transition_worker_ms=2.09353 output_write_worker_ms=4.137529 scheduling_worker_ms=2.48538 tile_config_worker_ms=0.039941 fallback_gather_worker_ms=0 fallback_UB_convert_worker_ms=0 fallback_AMX_load_compute_worker_ms=0 baseline_rescale_store_worker_ms=0 baseline_rescale_vector_worker_ms=1.469704 baseline_rescale_reload_worker_ms=0 fallback_final_store_worker_ms=0 instruction_span_timers_have_overhead=true
ONLINE_STATS path=HEADS_AVX_B32 layer=1 block=32 heads=8 D=100 d=32 edges=126167053 blocks=42882792 max_updates_including_initial=25358082 rescales=5765850 rescale_per_block=0.134456030755 P50=0 P90=0.333333333333 P95=0.5 P99=0.666666666667 rescaled_feature_elements=184507200 rescale_events=1282420 spill_bytes=0 reload_bytes=0 UW_calls=21477376 UW_physical_FMA=175942664192 head_tiles=1224520 projection_groups=2684672
HEAD_WORK path=HEADS_AVX_B32 layer=1 optimized=1 PH_calls=0 PH_physical_FMA=113045679488 PH_useful_FMA=100933642400 raw_H_bytes=25233410600 packed_H_bytes=0 UB_scatter_bytes=19211490816 head_switch_store_bytes=5498208256 head_switch_reload_bytes=2990391296 sparse_width_amplification=3.125 traffic_is_logical_not_DRAM=true no_full_Z_U_e_alpha=true bounded_V_in_local_memory=true
PROFILE_IDENTITY path=HEADS_AVX_B32 layer=2 bit_fingerprint_equal=1
PROFILE path=HEADS_AVX_B32 layer=2 optimized=1 layer_wall_ms=2081.985212 kernel_wall_ms=1987.547624 sampled_head_tiles=9568 worker_times_are_sampled_sums=true source_index_worker_ms=1.515001 score_worker_ms=48.041836 block_max_worker_ms=12.143071 exp_den_worker_ms=2.977822 H_pack_worker_ms=0 P_pack_worker_ms=0 PH_load_worker_ms=0 PH_compute_worker_ms=201.683634 PH_store_scatter_worker_ms=0 UB_convert_worker_ms=7.64159 UW_load_worker_ms=15.859501 UW_compute_worker_ms=16.492794 V_store_worker_ms=1.221927 V_reload_worker_ms=0.931694 row_rescale_worker_ms=1.308591 transition_worker_ms=0.893297 output_write_worker_ms=4.817112 scheduling_worker_ms=2.520793 tile_config_worker_ms=0.044199 fallback_gather_worker_ms=0 fallback_UB_convert_worker_ms=0 fallback_AMX_load_compute_worker_ms=0 baseline_rescale_store_worker_ms=0 baseline_rescale_vector_worker_ms=1.308591 baseline_rescale_reload_worker_ms=0 fallback_final_store_worker_ms=0 instruction_span_timers_have_overhead=true
ONLINE_STATS path=HEADS_AVX_B32 layer=2 block=32 heads=8 D=256 d=32 edges=126167053 blocks=42882792 max_updates_including_initial=24071146 rescales=4478914 rescale_per_block=0.1044454848 P50=0 P90=0.333333333333 P95=0.5 P99=0.5 rescaled_feature_elements=143325248 rescale_events=1203060 spill_bytes=0 reload_bytes=0 UW_calls=42954752 UW_physical_FMA=351885328384 head_tiles=1224520 projection_groups=2684672
HEAD_WORK path=HEADS_AVX_B32 layer=2 optimized=1 PH_calls=0 PH_physical_FMA=258390124544 PH_useful_FMA=258390124544 raw_H_bytes=64597531136 packed_H_bytes=0 UB_scatter_bytes=43911979008 head_switch_store_bytes=5498208256 head_switch_reload_bytes=2990391296 sparse_width_amplification=8 traffic_is_logical_not_DRAM=true no_full_Z_U_e_alpha=true bounded_V_in_local_memory=true
PROFILE_IDENTITY path=HEADS_AVX_B32 layer=3 bit_fingerprint_equal=1
PROFILE path=HEADS_AVX_B32 layer=3 optimized=0 layer_wall_ms=1143.774414 kernel_wall_ms=1098.6002 sampled_head_tiles=1196 worker_times_are_sampled_sums=true source_index_worker_ms=0 score_worker_ms=15.327373 block_max_worker_ms=1.684238 exp_den_worker_ms=0.370562 H_pack_worker_ms=0 P_pack_worker_ms=0 PH_load_worker_ms=0 PH_compute_worker_ms=0 PH_store_scatter_worker_ms=0 UB_convert_worker_ms=0 UW_load_worker_ms=0 UW_compute_worker_ms=0 V_store_worker_ms=0 V_reload_worker_ms=0 row_rescale_worker_ms=0 transition_worker_ms=0 output_write_worker_ms=1.901532 scheduling_worker_ms=1.834544 tile_config_worker_ms=0.050323 fallback_gather_worker_ms=115.758851 fallback_UB_convert_worker_ms=1.125523 fallback_AMX_load_compute_worker_ms=2.944847 baseline_rescale_store_worker_ms=0.145636 baseline_rescale_vector_worker_ms=0.242868 baseline_rescale_reload_worker_ms=0.09831 fallback_final_store_worker_ms=0.131409 instruction_span_timers_have_overhead=true
ONLINE_STATS path=HEADS_AVX_B32 layer=3 block=32 heads=1 D=256 d=47 edges=126167053 blocks=5360349 max_updates_including_initial=3253789 rescales=804760 rescale_per_block=0.150132015658 P50=0 P90=0.4 P95=0.5 P99=0.666666666667 rescaled_feature_elements=37823720 rescale_events=162176 spill_bytes=498204672 reload_bytes=498204672 UW_calls=8054016 UW_physical_FMA=65978499072 head_tiles=153065 projection_groups=335584
HEAD_WORK path=HEADS_AVX_B32 layer=3 optimized=0 PH_calls=0 PH_physical_FMA=0 PH_useful_FMA=0 raw_H_bytes=0 packed_H_bytes=0 UB_scatter_bytes=0 head_switch_store_bytes=0 head_switch_reload_bytes=0 sparse_width_amplification=5.44680851064 traffic_is_logical_not_DRAM=true no_full_Z_U_e_alpha=true bounded_V_in_local_memory=true
PROFILE_IDENTITY path=HEADS_AMX_HILO_B16 layer=1 bit_fingerprint_equal=1
PROFILE path=HEADS_AMX_HILO_B16 layer=1 optimized=1 layer_wall_ms=1399.422035 kernel_wall_ms=1331.849887 sampled_head_tiles=9568 worker_times_are_sampled_sums=true source_index_worker_ms=1.505593 score_worker_ms=43.703701 block_max_worker_ms=13.440008 exp_den_worker_ms=2.850049 H_pack_worker_ms=76.097181 P_pack_worker_ms=8.755821 PH_load_worker_ms=37.634 PH_compute_worker_ms=53.360361 PH_store_scatter_worker_ms=16.256934 UB_convert_worker_ms=6.972885 UW_load_worker_ms=13.58617 UW_compute_worker_ms=16.483497 V_store_worker_ms=1.756665 V_reload_worker_ms=1.857014 row_rescale_worker_ms=3.13049 transition_worker_ms=0.518517 output_write_worker_ms=4.083618 scheduling_worker_ms=2.619602 tile_config_worker_ms=0.036853 fallback_gather_worker_ms=0 fallback_UB_convert_worker_ms=0 fallback_AMX_load_compute_worker_ms=0 baseline_rescale_store_worker_ms=0 baseline_rescale_vector_worker_ms=3.13049 baseline_rescale_reload_worker_ms=0 fallback_final_store_worker_ms=0 instruction_span_timers_have_overhead=true
ONLINE_STATS path=HEADS_AMX_HILO_B16 layer=1 block=16 heads=8 D=100 d=32 edges=126167053 blocks=73164920 max_updates_including_initial=31066144 rescales=11473912 rescale_per_block=0.156822586562 P50=0 P90=0.4 P95=0.5 P99=0.666666666667 rescaled_feature_elements=367165184 rescale_events=2820436 spill_bytes=0 reload_bytes=0 UW_calls=36654720 UW_physical_FMA=300275466240 head_tiles=1224520 projection_groups=4581840
HEAD_WORK path=HEADS_AMX_HILO_B16 layer=1 optimized=1 PH_calls=146329840 PH_physical_FMA=599367024640 PH_useful_FMA=100933642400 raw_H_bytes=25233410600 packed_H_bytes=74920878080 UB_scatter_bytes=37460439040 head_switch_store_bytes=9383608320 head_switch_reload_bytes=6875791360 sparse_width_amplification=3.125 traffic_is_logical_not_DRAM=true no_full_Z_U_e_alpha=true bounded_V_in_local_memory=true
PROFILE_IDENTITY path=HEADS_AMX_HILO_B16 layer=2 bit_fingerprint_equal=1
PROFILE path=HEADS_AMX_HILO_B16 layer=2 optimized=1 layer_wall_ms=2572.47315 kernel_wall_ms=2478.272085 sampled_head_tiles=9568 worker_times_are_sampled_sums=true source_index_worker_ms=1.617759 score_worker_ms=47.264158 block_max_worker_ms=13.761538 exp_den_worker_ms=3.595119 H_pack_worker_ms=181.933362 P_pack_worker_ms=10.033814 PH_load_worker_ms=83.756213 PH_compute_worker_ms=91.169681 PH_store_scatter_worker_ms=33.097584 UB_convert_worker_ms=13.720455 UW_load_worker_ms=27.161995 UW_compute_worker_ms=23.04684 V_store_worker_ms=2.054171 V_reload_worker_ms=2.05164 row_rescale_worker_ms=2.87833 transition_worker_ms=0.715473 output_write_worker_ms=4.476755 scheduling_worker_ms=2.741151 tile_config_worker_ms=0.04485 fallback_gather_worker_ms=0 fallback_UB_convert_worker_ms=0 fallback_AMX_load_compute_worker_ms=0 baseline_rescale_store_worker_ms=0 baseline_rescale_vector_worker_ms=2.87833 baseline_rescale_reload_worker_ms=0 fallback_final_store_worker_ms=0 instruction_span_timers_have_overhead=true
ONLINE_STATS path=HEADS_AMX_HILO_B16 layer=2 block=16 heads=8 D=256 d=32 edges=126167053 blocks=73164920 max_updates_including_initial=28995119 rescales=9402887 rescale_per_block=0.128516329957 P50=0 P90=0.333333333333 P95=0.5 P99=0.6 rescaled_feature_elements=300892384 rescale_events=2621272 spill_bytes=0 reload_bytes=0 UW_calls=73309440 UW_physical_FMA=600550932480 head_tiles=1224520 projection_groups=4581840
HEAD_WORK path=HEADS_AMX_HILO_B16 layer=2 optimized=1 PH_calls=292659680 PH_physical_FMA=1198734049280 PH_useful_FMA=258390124544 raw_H_bytes=64597531136 packed_H_bytes=149841756160 UB_scatter_bytes=74920878080 head_switch_store_bytes=9383608320 head_switch_reload_bytes=6875791360 sparse_width_amplification=8 traffic_is_logical_not_DRAM=true no_full_Z_U_e_alpha=true bounded_V_in_local_memory=true
PROFILE_IDENTITY path=HEADS_AMX_HILO_B16 layer=3 bit_fingerprint_equal=1
PROFILE path=HEADS_AMX_HILO_B16 layer=3 optimized=0 layer_wall_ms=1003.448245 kernel_wall_ms=958.227184 sampled_head_tiles=1196 worker_times_are_sampled_sums=true source_index_worker_ms=0 score_worker_ms=15.342711 block_max_worker_ms=1.924216 exp_den_worker_ms=0.444318 H_pack_worker_ms=0 P_pack_worker_ms=0 PH_load_worker_ms=0 PH_compute_worker_ms=0 PH_store_scatter_worker_ms=0 UB_convert_worker_ms=0 UW_load_worker_ms=0 UW_compute_worker_ms=0 V_store_worker_ms=0 V_reload_worker_ms=0 row_rescale_worker_ms=0 transition_worker_ms=0 output_write_worker_ms=1.873108 scheduling_worker_ms=2.823635 tile_config_worker_ms=0.041777 fallback_gather_worker_ms=97.562158 fallback_UB_convert_worker_ms=1.793828 fallback_AMX_load_compute_worker_ms=4.024798 baseline_rescale_store_worker_ms=0.305017 baseline_rescale_vector_worker_ms=0.494528 baseline_rescale_reload_worker_ms=0.193267 fallback_final_store_worker_ms=0.131585 instruction_span_timers_have_overhead=true
ONLINE_STATS path=HEADS_AMX_HILO_B16 layer=3 block=16 heads=1 D=256 d=47 edges=126167053 blocks=9145615 max_updates_including_initial=4066387 rescales=1617358 rescale_per_block=0.176845187557 P50=0 P90=0.5 P95=0.5 P99=0.666666666667 rescaled_feature_elements=76015826 rescale_events=359293 spill_bytes=1103748096 reload_bytes=1103748096 UW_calls=13745520 UW_physical_FMA=112603299840 head_tiles=153065 projection_groups=572730
HEAD_WORK path=HEADS_AMX_HILO_B16 layer=3 optimized=0 PH_calls=0 PH_physical_FMA=0 PH_useful_FMA=0 raw_H_bytes=0 packed_H_bytes=0 UB_scatter_bytes=0 head_switch_store_bytes=0 head_switch_reload_bytes=0 sparse_width_amplification=5.44680851064 traffic_is_logical_not_DRAM=true no_full_Z_U_e_alpha=true bounded_V_in_local_memory=true
PROFILE_IDENTITY path=HEADS_AMX_HILO_B32 layer=1 bit_fingerprint_equal=1
PROFILE path=HEADS_AMX_HILO_B32 layer=1 optimized=1 layer_wall_ms=1088.153219 kernel_wall_ms=1020.554279 sampled_head_tiles=9568 worker_times_are_sampled_sums=true source_index_worker_ms=1.39987 score_worker_ms=45.011409 block_max_worker_ms=12.040359 exp_den_worker_ms=2.466638 H_pack_worker_ms=65.025714 P_pack_worker_ms=6.304603 PH_load_worker_ms=22.914581 PH_compute_worker_ms=35.136471 PH_store_scatter_worker_ms=9.743574 UB_convert_worker_ms=4.155172 UW_load_worker_ms=8.027879 UW_compute_worker_ms=9.72657 V_store_worker_ms=1.111353 V_reload_worker_ms=0.921016 row_rescale_worker_ms=1.557774 transition_worker_ms=0.355008 output_write_worker_ms=4.101854 scheduling_worker_ms=2.691 tile_config_worker_ms=0.039272 fallback_gather_worker_ms=0 fallback_UB_convert_worker_ms=0 fallback_AMX_load_compute_worker_ms=0 baseline_rescale_store_worker_ms=0 baseline_rescale_vector_worker_ms=1.557774 baseline_rescale_reload_worker_ms=0 fallback_final_store_worker_ms=0 instruction_span_timers_have_overhead=true
ONLINE_STATS path=HEADS_AMX_HILO_B32 layer=1 block=32 heads=8 D=100 d=32 edges=126167053 blocks=42882792 max_updates_including_initial=25358082 rescales=5765850 rescale_per_block=0.134456030755 P50=0 P90=0.333333333333 P95=0.5 P99=0.666666666667 rescaled_feature_elements=184507200 rescale_events=1282420 spill_bytes=0 reload_bytes=0 UW_calls=21477376 UW_physical_FMA=175942664192 head_tiles=1224520 projection_groups=2684672
HEAD_WORK path=HEADS_AMX_HILO_B32 layer=1 optimized=1 PH_calls=85765584 PH_physical_FMA=351295832064 PH_useful_FMA=100933642400 raw_H_bytes=25233410600 packed_H_bytes=43911979008 UB_scatter_bytes=21955989504 head_switch_store_bytes=5498208256 head_switch_reload_bytes=2990391296 sparse_width_amplification=3.125 traffic_is_logical_not_DRAM=true no_full_Z_U_e_alpha=true bounded_V_in_local_memory=true
PROFILE_IDENTITY path=HEADS_AMX_HILO_B32 layer=2 bit_fingerprint_equal=1
PROFILE path=HEADS_AMX_HILO_B32 layer=2 optimized=1 layer_wall_ms=1937.34172 kernel_wall_ms=1843.046266 sampled_head_tiles=9568 worker_times_are_sampled_sums=true source_index_worker_ms=1.495497 score_worker_ms=48.681558 block_max_worker_ms=12.219104 exp_den_worker_ms=3.086046 H_pack_worker_ms=137.908434 P_pack_worker_ms=8.084427 PH_load_worker_ms=47.817597 PH_compute_worker_ms=54.1155 PH_store_scatter_worker_ms=19.561988 UB_convert_worker_ms=7.940141 UW_load_worker_ms=15.942096 UW_compute_worker_ms=13.554546 V_store_worker_ms=1.247097 V_reload_worker_ms=1.012362 row_rescale_worker_ms=1.406887 transition_worker_ms=0.49515 output_write_worker_ms=4.494501 scheduling_worker_ms=2.753739 tile_config_worker_ms=0.047653 fallback_gather_worker_ms=0 fallback_UB_convert_worker_ms=0 fallback_AMX_load_compute_worker_ms=0 baseline_rescale_store_worker_ms=0 baseline_rescale_vector_worker_ms=1.406887 baseline_rescale_reload_worker_ms=0 fallback_final_store_worker_ms=0 instruction_span_timers_have_overhead=true
ONLINE_STATS path=HEADS_AMX_HILO_B32 layer=2 block=32 heads=8 D=256 d=32 edges=126167053 blocks=42882792 max_updates_including_initial=24071097 rescales=4478865 rescale_per_block=0.10444434215 P50=0 P90=0.333333333333 P95=0.5 P99=0.5 rescaled_feature_elements=143323680 rescale_events=1203065 spill_bytes=0 reload_bytes=0 UW_calls=42954752 UW_physical_FMA=351885328384 head_tiles=1224520 projection_groups=2684672
HEAD_WORK path=HEADS_AMX_HILO_B32 layer=2 optimized=1 PH_calls=171531168 PH_physical_FMA=702591664128 PH_useful_FMA=258390124544 raw_H_bytes=64597531136 packed_H_bytes=87823958016 UB_scatter_bytes=43911979008 head_switch_store_bytes=5498208256 head_switch_reload_bytes=2990391296 sparse_width_amplification=8 traffic_is_logical_not_DRAM=true no_full_Z_U_e_alpha=true bounded_V_in_local_memory=true
PROFILE_IDENTITY path=HEADS_AMX_HILO_B32 layer=3 bit_fingerprint_equal=1
PROFILE path=HEADS_AMX_HILO_B32 layer=3 optimized=0 layer_wall_ms=1134.259086 kernel_wall_ms=1088.992176 sampled_head_tiles=1196 worker_times_are_sampled_sums=true source_index_worker_ms=0 score_worker_ms=15.40118 block_max_worker_ms=1.674434 exp_den_worker_ms=0.372285 H_pack_worker_ms=0 P_pack_worker_ms=0 PH_load_worker_ms=0 PH_compute_worker_ms=0 PH_store_scatter_worker_ms=0 UB_convert_worker_ms=0 UW_load_worker_ms=0 UW_compute_worker_ms=0 V_store_worker_ms=0 V_reload_worker_ms=0 row_rescale_worker_ms=0 transition_worker_ms=0 output_write_worker_ms=1.892797 scheduling_worker_ms=1.843018 tile_config_worker_ms=0.042624 fallback_gather_worker_ms=115.755532 fallback_UB_convert_worker_ms=1.114863 fallback_AMX_load_compute_worker_ms=2.912119 baseline_rescale_store_worker_ms=0.14471 baseline_rescale_vector_worker_ms=0.237934 baseline_rescale_reload_worker_ms=0.096012 fallback_final_store_worker_ms=0.129364 instruction_span_timers_have_overhead=true
ONLINE_STATS path=HEADS_AMX_HILO_B32 layer=3 block=32 heads=1 D=256 d=47 edges=126167053 blocks=5360349 max_updates_including_initial=3253708 rescales=804679 rescale_per_block=0.150116904702 P50=0 P90=0.4 P95=0.5 P99=0.666666666667 rescaled_feature_elements=37819913 rescale_events=162170 spill_bytes=498186240 reload_bytes=498186240 UW_calls=8054016 UW_physical_FMA=65978499072 head_tiles=153065 projection_groups=335584
HEAD_WORK path=HEADS_AMX_HILO_B32 layer=3 optimized=0 PH_calls=0 PH_physical_FMA=0 PH_useful_FMA=0 raw_H_bytes=0 packed_H_bytes=0 UB_scatter_bytes=0 head_switch_store_bytes=0 head_switch_reload_bytes=0 sparse_width_amplification=5.44680851064 traffic_is_logical_not_DRAM=true no_full_Z_U_e_alpha=true bounded_V_in_local_memory=true
PROFILE_IDENTITY path=HEADS_AMX_PRELOAD_B16 layer=1 bit_fingerprint_equal=1
PROFILE path=HEADS_AMX_PRELOAD_B16 layer=1 optimized=1 layer_wall_ms=1458.764286 kernel_wall_ms=1391.146951 sampled_head_tiles=9568 worker_times_are_sampled_sums=true source_index_worker_ms=1.40222 score_worker_ms=43.982469 block_max_worker_ms=13.44851 exp_den_worker_ms=2.85633 H_pack_worker_ms=82.906563 P_pack_worker_ms=8.75392 PH_load_worker_ms=30.62182 PH_compute_worker_ms=59.022428 PH_store_scatter_worker_ms=16.852184 UB_convert_worker_ms=6.840902 UW_load_worker_ms=13.426884 UW_compute_worker_ms=16.465006 V_store_worker_ms=1.734572 V_reload_worker_ms=1.846736 row_rescale_worker_ms=3.055585 transition_worker_ms=0.474611 output_write_worker_ms=4.071943 scheduling_worker_ms=2.589836 tile_config_worker_ms=0.040349 fallback_gather_worker_ms=0 fallback_UB_convert_worker_ms=0 fallback_AMX_load_compute_worker_ms=0 baseline_rescale_store_worker_ms=0 baseline_rescale_vector_worker_ms=3.055585 baseline_rescale_reload_worker_ms=0 fallback_final_store_worker_ms=0 instruction_span_timers_have_overhead=true
ONLINE_STATS path=HEADS_AMX_PRELOAD_B16 layer=1 block=16 heads=8 D=100 d=32 edges=126167053 blocks=73164920 max_updates_including_initial=31066144 rescales=11473912 rescale_per_block=0.156822586562 P50=0 P90=0.4 P95=0.5 P99=0.666666666667 rescaled_feature_elements=367165184 rescale_events=2820436 spill_bytes=0 reload_bytes=0 UW_calls=36654720 UW_physical_FMA=300275466240 head_tiles=1224520 projection_groups=4581840
HEAD_WORK path=HEADS_AMX_PRELOAD_B16 layer=1 optimized=1 PH_calls=146329840 PH_physical_FMA=599367024640 PH_useful_FMA=100933642400 raw_H_bytes=25233410600 packed_H_bytes=74920878080 UB_scatter_bytes=37460439040 head_switch_store_bytes=9383608320 head_switch_reload_bytes=6875791360 sparse_width_amplification=3.125 traffic_is_logical_not_DRAM=true no_full_Z_U_e_alpha=true bounded_V_in_local_memory=true
PROFILE_IDENTITY path=HEADS_AMX_PRELOAD_B16 layer=2 bit_fingerprint_equal=1
PROFILE path=HEADS_AMX_PRELOAD_B16 layer=2 optimized=1 layer_wall_ms=2357.122588 kernel_wall_ms=2262.787988 sampled_head_tiles=9568 worker_times_are_sampled_sums=true source_index_worker_ms=1.500347 score_worker_ms=47.073696 block_max_worker_ms=13.697224 exp_den_worker_ms=3.437739 H_pack_worker_ms=150.218925 P_pack_worker_ms=9.764956 PH_load_worker_ms=53.587142 PH_compute_worker_ms=92.032614 PH_store_scatter_worker_ms=34.33558 UB_convert_worker_ms=13.255347 UW_load_worker_ms=27.247111 UW_compute_worker_ms=22.992477 V_store_worker_ms=2.046692 V_reload_worker_ms=2.013703 row_rescale_worker_ms=2.822636 transition_worker_ms=0.526111 output_write_worker_ms=4.5863 scheduling_worker_ms=2.760512 tile_config_worker_ms=0.042097 fallback_gather_worker_ms=0 fallback_UB_convert_worker_ms=0 fallback_AMX_load_compute_worker_ms=0 baseline_rescale_store_worker_ms=0 baseline_rescale_vector_worker_ms=2.822636 baseline_rescale_reload_worker_ms=0 fallback_final_store_worker_ms=0 instruction_span_timers_have_overhead=true
ONLINE_STATS path=HEADS_AMX_PRELOAD_B16 layer=2 block=16 heads=8 D=256 d=32 edges=126167053 blocks=73164920 max_updates_including_initial=28995119 rescales=9402887 rescale_per_block=0.128516329957 P50=0 P90=0.333333333333 P95=0.5 P99=0.6 rescaled_feature_elements=300892384 rescale_events=2621272 spill_bytes=0 reload_bytes=0 UW_calls=73309440 UW_physical_FMA=600550932480 head_tiles=1224520 projection_groups=4581840
HEAD_WORK path=HEADS_AMX_PRELOAD_B16 layer=2 optimized=1 PH_calls=292659680 PH_physical_FMA=1198734049280 PH_useful_FMA=258390124544 raw_H_bytes=64597531136 packed_H_bytes=149841756160 UB_scatter_bytes=74920878080 head_switch_store_bytes=9383608320 head_switch_reload_bytes=6875791360 sparse_width_amplification=8 traffic_is_logical_not_DRAM=true no_full_Z_U_e_alpha=true bounded_V_in_local_memory=true
PROFILE_IDENTITY path=HEADS_AMX_PRELOAD_B16 layer=3 bit_fingerprint_equal=1
PROFILE path=HEADS_AMX_PRELOAD_B16 layer=3 optimized=0 layer_wall_ms=994.837801 kernel_wall_ms=949.599709 sampled_head_tiles=1196 worker_times_are_sampled_sums=true source_index_worker_ms=0 score_worker_ms=15.317213 block_max_worker_ms=1.901259 exp_den_worker_ms=0.446743 H_pack_worker_ms=0 P_pack_worker_ms=0 PH_load_worker_ms=0 PH_compute_worker_ms=0 PH_store_scatter_worker_ms=0 UB_convert_worker_ms=0 UW_load_worker_ms=0 UW_compute_worker_ms=0 V_store_worker_ms=0 V_reload_worker_ms=0 row_rescale_worker_ms=0 transition_worker_ms=0 output_write_worker_ms=1.874171 scheduling_worker_ms=2.791796 tile_config_worker_ms=0.041002 fallback_gather_worker_ms=97.177549 fallback_UB_convert_worker_ms=1.775153 fallback_AMX_load_compute_worker_ms=3.991635 baseline_rescale_store_worker_ms=0.312085 baseline_rescale_vector_worker_ms=0.489138 baseline_rescale_reload_worker_ms=0.193443 fallback_final_store_worker_ms=0.130783 instruction_span_timers_have_overhead=true
ONLINE_STATS path=HEADS_AMX_PRELOAD_B16 layer=3 block=16 heads=1 D=256 d=47 edges=126167053 blocks=9145615 max_updates_including_initial=4066387 rescales=1617358 rescale_per_block=0.176845187557 P50=0 P90=0.5 P95=0.5 P99=0.666666666667 rescaled_feature_elements=76015826 rescale_events=359293 spill_bytes=1103748096 reload_bytes=1103748096 UW_calls=13745520 UW_physical_FMA=112603299840 head_tiles=153065 projection_groups=572730
HEAD_WORK path=HEADS_AMX_PRELOAD_B16 layer=3 optimized=0 PH_calls=0 PH_physical_FMA=0 PH_useful_FMA=0 raw_H_bytes=0 packed_H_bytes=0 UB_scatter_bytes=0 head_switch_store_bytes=0 head_switch_reload_bytes=0 sparse_width_amplification=5.44680851064 traffic_is_logical_not_DRAM=true no_full_Z_U_e_alpha=true bounded_V_in_local_memory=true
PROFILE_IDENTITY path=HEADS_AMX_PRELOAD_B32 layer=1 bit_fingerprint_equal=1
PROFILE path=HEADS_AMX_PRELOAD_B32 layer=1 optimized=1 layer_wall_ms=1128.438837 kernel_wall_ms=1060.883179 sampled_head_tiles=9568 worker_times_are_sampled_sums=true source_index_worker_ms=1.382671 score_worker_ms=44.978543 block_max_worker_ms=12.0111 exp_den_worker_ms=2.437954 H_pack_worker_ms=68.336792 P_pack_worker_ms=6.536199 PH_load_worker_ms=18.450501 PH_compute_worker_ms=39.909145 PH_store_scatter_worker_ms=10.045622 UB_convert_worker_ms=4.056366 UW_load_worker_ms=7.976774 UW_compute_worker_ms=9.706899 V_store_worker_ms=1.081406 V_reload_worker_ms=0.914379 row_rescale_worker_ms=1.526019 transition_worker_ms=0.320129 output_write_worker_ms=4.1005 scheduling_worker_ms=2.678318 tile_config_worker_ms=0.035057 fallback_gather_worker_ms=0 fallback_UB_convert_worker_ms=0 fallback_AMX_load_compute_worker_ms=0 baseline_rescale_store_worker_ms=0 baseline_rescale_vector_worker_ms=1.526019 baseline_rescale_reload_worker_ms=0 fallback_final_store_worker_ms=0 instruction_span_timers_have_overhead=true
ONLINE_STATS path=HEADS_AMX_PRELOAD_B32 layer=1 block=32 heads=8 D=100 d=32 edges=126167053 blocks=42882792 max_updates_including_initial=25358082 rescales=5765850 rescale_per_block=0.134456030755 P50=0 P90=0.333333333333 P95=0.5 P99=0.666666666667 rescaled_feature_elements=184507200 rescale_events=1282420 spill_bytes=0 reload_bytes=0 UW_calls=21477376 UW_physical_FMA=175942664192 head_tiles=1224520 projection_groups=2684672
HEAD_WORK path=HEADS_AMX_PRELOAD_B32 layer=1 optimized=1 PH_calls=85765584 PH_physical_FMA=351295832064 PH_useful_FMA=100933642400 raw_H_bytes=25233410600 packed_H_bytes=43911979008 UB_scatter_bytes=21955989504 head_switch_store_bytes=5498208256 head_switch_reload_bytes=2990391296 sparse_width_amplification=3.125 traffic_is_logical_not_DRAM=true no_full_Z_U_e_alpha=true bounded_V_in_local_memory=true
PROFILE_IDENTITY path=HEADS_AMX_PRELOAD_B32 layer=2 bit_fingerprint_equal=1
PROFILE path=HEADS_AMX_PRELOAD_B32 layer=2 optimized=1 layer_wall_ms=1852.112303 kernel_wall_ms=1757.899179 sampled_head_tiles=9568 worker_times_are_sampled_sums=true source_index_worker_ms=1.476203 score_worker_ms=48.652391 block_max_worker_ms=12.233883 exp_den_worker_ms=2.943272 H_pack_worker_ms=125.487155 P_pack_worker_ms=8.4101 PH_load_worker_ms=31.572381 PH_compute_worker_ms=52.525853 PH_store_scatter_worker_ms=20.265601 UB_convert_worker_ms=7.764245 UW_load_worker_ms=15.91059 UW_compute_worker_ms=13.537689 V_store_worker_ms=1.25659 V_reload_worker_ms=1.012805 row_rescale_worker_ms=1.360948 transition_worker_ms=0.354796 output_write_worker_ms=4.536631 scheduling_worker_ms=2.733951 tile_config_worker_ms=0.038682 fallback_gather_worker_ms=0 fallback_UB_convert_worker_ms=0 fallback_AMX_load_compute_worker_ms=0 baseline_rescale_store_worker_ms=0 baseline_rescale_vector_worker_ms=1.360948 baseline_rescale_reload_worker_ms=0 fallback_final_store_worker_ms=0 instruction_span_timers_have_overhead=true
ONLINE_STATS path=HEADS_AMX_PRELOAD_B32 layer=2 block=32 heads=8 D=256 d=32 edges=126167053 blocks=42882792 max_updates_including_initial=24071097 rescales=4478865 rescale_per_block=0.10444434215 P50=0 P90=0.333333333333 P95=0.5 P99=0.5 rescaled_feature_elements=143323680 rescale_events=1203065 spill_bytes=0 reload_bytes=0 UW_calls=42954752 UW_physical_FMA=351885328384 head_tiles=1224520 projection_groups=2684672
HEAD_WORK path=HEADS_AMX_PRELOAD_B32 layer=2 optimized=1 PH_calls=171531168 PH_physical_FMA=702591664128 PH_useful_FMA=258390124544 raw_H_bytes=64597531136 packed_H_bytes=87823958016 UB_scatter_bytes=43911979008 head_switch_store_bytes=5498208256 head_switch_reload_bytes=2990391296 sparse_width_amplification=8 traffic_is_logical_not_DRAM=true no_full_Z_U_e_alpha=true bounded_V_in_local_memory=true
PROFILE_IDENTITY path=HEADS_AMX_PRELOAD_B32 layer=3 bit_fingerprint_equal=1
PROFILE path=HEADS_AMX_PRELOAD_B32 layer=3 optimized=0 layer_wall_ms=1130.570926 kernel_wall_ms=1085.206716 sampled_head_tiles=1196 worker_times_are_sampled_sums=true source_index_worker_ms=0 score_worker_ms=15.440143 block_max_worker_ms=1.678066 exp_den_worker_ms=0.374509 H_pack_worker_ms=0 P_pack_worker_ms=0 PH_load_worker_ms=0 PH_compute_worker_ms=0 PH_store_scatter_worker_ms=0 UB_convert_worker_ms=0 UW_load_worker_ms=0 UW_compute_worker_ms=0 V_store_worker_ms=0 V_reload_worker_ms=0 row_rescale_worker_ms=0 transition_worker_ms=0 output_write_worker_ms=1.885164 scheduling_worker_ms=1.839409 tile_config_worker_ms=0.039431 fallback_gather_worker_ms=115.838586 fallback_UB_convert_worker_ms=1.129184 fallback_AMX_load_compute_worker_ms=3.109808 baseline_rescale_store_worker_ms=0.149368 baseline_rescale_vector_worker_ms=0.241702 baseline_rescale_reload_worker_ms=0.098584 fallback_final_store_worker_ms=0.132604 instruction_span_timers_have_overhead=true
ONLINE_STATS path=HEADS_AMX_PRELOAD_B32 layer=3 block=32 heads=1 D=256 d=47 edges=126167053 blocks=5360349 max_updates_including_initial=3253708 rescales=804679 rescale_per_block=0.150116904702 P50=0 P90=0.4 P95=0.5 P99=0.666666666667 rescaled_feature_elements=37819913 rescale_events=162170 spill_bytes=498186240 reload_bytes=498186240 UW_calls=8054016 UW_physical_FMA=65978499072 head_tiles=153065 projection_groups=335584
HEAD_WORK path=HEADS_AMX_PRELOAD_B32 layer=3 optimized=0 PH_calls=0 PH_physical_FMA=0 PH_useful_FMA=0 raw_H_bytes=0 packed_H_bytes=0 UB_scatter_bytes=0 head_switch_store_bytes=0 head_switch_reload_bytes=0 sparse_width_amplification=5.44680851064 traffic_is_logical_not_DRAM=true no_full_Z_U_e_alpha=true bounded_V_in_local_memory=true
PROFILE_IDENTITY path=HYBRID_T16_B32 layer=1 bit_fingerprint_equal=1
HYBRID_MIX path=HYBRID_T16_B32 layer=1 threshold=16 avx_rowblocks=1505008 amx_rowblocks=3855341 avx_edges=10971275 AMX_P_tile_load_bytes=3947869184 physical_to_useful_PH_FMA=2.60065805548
PROFILE path=HYBRID_T16_B32 layer=1 optimized=1 layer_wall_ms=1116.036309 kernel_wall_ms=1048.476659 sampled_head_tiles=9568 worker_times_are_sampled_sums=true source_index_worker_ms=1.492418 score_worker_ms=44.930213 block_max_worker_ms=11.99949 exp_den_worker_ms=2.445572 H_pack_worker_ms=59.342433 P_pack_worker_ms=5.240216 PH_load_worker_ms=13.71665 PH_compute_worker_ms=45.760906 PH_store_scatter_worker_ms=7.167894 UB_convert_worker_ms=4.234531 UW_load_worker_ms=8.025844 UW_compute_worker_ms=10.329688 V_store_worker_ms=1.132166 V_reload_worker_ms=0.941892 row_rescale_worker_ms=1.556495 transition_worker_ms=1.285372 output_write_worker_ms=4.144864 scheduling_worker_ms=2.665036 tile_config_worker_ms=0.032757 fallback_gather_worker_ms=0 fallback_UB_convert_worker_ms=0 fallback_AMX_load_compute_worker_ms=0 baseline_rescale_store_worker_ms=0 baseline_rescale_vector_worker_ms=1.556495 baseline_rescale_reload_worker_ms=0 fallback_final_store_worker_ms=0 instruction_span_timers_have_overhead=true
ONLINE_STATS path=HYBRID_T16_B32 layer=1 block=32 heads=8 D=100 d=32 edges=126167053 blocks=42882792 max_updates_including_initial=25358082 rescales=5765850 rescale_per_block=0.134456030755 P50=0 P90=0.333333333333 P95=0.5 P99=0.666666666667 rescaled_feature_elements=184507200 rescale_events=1282420 spill_bytes=0 reload_bytes=0 UW_calls=21477376 UW_physical_FMA=175942664192 head_tiles=1224520 projection_groups=2684672
HEAD_WORK path=HYBRID_T16_B32 layer=1 optimized=1 PH_calls=61685456 PH_physical_FMA=262493890176 PH_useful_FMA=100933642400 raw_H_bytes=25233410600 packed_H_bytes=31582953472 UB_scatter_bytes=21185425408 head_switch_store_bytes=5498208256 head_switch_reload_bytes=2990391296 sparse_width_amplification=3.125 traffic_is_logical_not_DRAM=true no_full_Z_U_e_alpha=true bounded_V_in_local_memory=true
PROFILE_IDENTITY path=HYBRID_T16_B32 layer=2 bit_fingerprint_equal=1
HYBRID_MIX path=HYBRID_T16_B32 layer=2 threshold=16 avx_rowblocks=1505008 amx_rowblocks=3855341 avx_edges=10971275 AMX_P_tile_load_bytes=3947869184 physical_to_useful_PH_FMA=2.04263389587
PROFILE path=HYBRID_T16_B32 layer=2 optimized=1 layer_wall_ms=1805.62532 kernel_wall_ms=1711.354883 sampled_head_tiles=9568 worker_times_are_sampled_sums=true source_index_worker_ms=1.450138 score_worker_ms=48.494689 block_max_worker_ms=12.182818 exp_den_worker_ms=2.977883 H_pack_worker_ms=106.886274 P_pack_worker_ms=6.560847 PH_load_worker_ms=21.702426 PH_compute_worker_ms=62.407132 PH_store_scatter_worker_ms=14.394344 UB_convert_worker_ms=7.769444 UW_load_worker_ms=16.13381 UW_compute_worker_ms=14.229441 V_store_worker_ms=1.243547 V_reload_worker_ms=1.004473 row_rescale_worker_ms=1.359107 transition_worker_ms=0.988123 output_write_worker_ms=4.730254 scheduling_worker_ms=2.728941 tile_config_worker_ms=0.037102 fallback_gather_worker_ms=0 fallback_UB_convert_worker_ms=0 fallback_AMX_load_compute_worker_ms=0 baseline_rescale_store_worker_ms=0 baseline_rescale_vector_worker_ms=1.359107 baseline_rescale_reload_worker_ms=0 fallback_final_store_worker_ms=0 instruction_span_timers_have_overhead=true
ONLINE_STATS path=HYBRID_T16_B32 layer=2 block=32 heads=8 D=256 d=32 edges=126167053 blocks=42882792 max_updates_including_initial=24071094 rescales=4478862 rescale_per_block=0.104444272192 P50=0 P90=0.333333333333 P95=0.5 P99=0.5 rescaled_feature_elements=143323584 rescale_events=1203064 spill_bytes=0 reload_bytes=0 UW_calls=42954752 UW_physical_FMA=351885328384 head_tiles=1224520 projection_groups=2684672
HEAD_WORK path=HYBRID_T16_B32 layer=2 optimized=1 PH_calls=123370912 PH_physical_FMA=527796426752 PH_useful_FMA=258390124544 raw_H_bytes=64597531136 packed_H_bytes=63165906944 UB_scatter_bytes=43911979008 head_switch_store_bytes=5498208256 head_switch_reload_bytes=2990391296 sparse_width_amplification=8 traffic_is_logical_not_DRAM=true no_full_Z_U_e_alpha=true bounded_V_in_local_memory=true
PROFILE_IDENTITY path=HYBRID_T16_B32 layer=3 bit_fingerprint_equal=1
PROFILE path=HYBRID_T16_B32 layer=3 optimized=0 layer_wall_ms=1145.375459 kernel_wall_ms=1100.282948 sampled_head_tiles=1196 worker_times_are_sampled_sums=true source_index_worker_ms=0 score_worker_ms=15.413728 block_max_worker_ms=1.682805 exp_den_worker_ms=0.373551 H_pack_worker_ms=0 P_pack_worker_ms=0 PH_load_worker_ms=0 PH_compute_worker_ms=0 PH_store_scatter_worker_ms=0 UB_convert_worker_ms=0 UW_load_worker_ms=0 UW_compute_worker_ms=0 V_store_worker_ms=0 V_reload_worker_ms=0 row_rescale_worker_ms=0 transition_worker_ms=0 output_write_worker_ms=1.880383 scheduling_worker_ms=1.825814 tile_config_worker_ms=0.039913 fallback_gather_worker_ms=115.980306 fallback_UB_convert_worker_ms=1.101634 fallback_AMX_load_compute_worker_ms=3.098487 baseline_rescale_store_worker_ms=0.14782 baseline_rescale_vector_worker_ms=0.24829 baseline_rescale_reload_worker_ms=0.09747 fallback_final_store_worker_ms=0.13075 instruction_span_timers_have_overhead=true
ONLINE_STATS path=HYBRID_T16_B32 layer=3 block=32 heads=1 D=256 d=47 edges=126167053 blocks=5360349 max_updates_including_initial=3253753 rescales=804724 rescale_per_block=0.150125299677 P50=0 P90=0.4 P95=0.5 P99=0.666666666667 rescaled_feature_elements=37822028 rescale_events=162175 spill_bytes=498201600 reload_bytes=498201600 UW_calls=8054016 UW_physical_FMA=65978499072 head_tiles=153065 projection_groups=335584
HEAD_WORK path=HYBRID_T16_B32 layer=3 optimized=0 PH_calls=0 PH_physical_FMA=0 PH_useful_FMA=0 raw_H_bytes=0 packed_H_bytes=0 UB_scatter_bytes=0 head_switch_store_bytes=0 head_switch_reload_bytes=0 sparse_width_amplification=5.44680851064 traffic_is_logical_not_DRAM=true no_full_Z_U_e_alpha=true bounded_V_in_local_memory=true
PROFILE_IDENTITY path=HYBRID_T24_B32 layer=1 bit_fingerprint_equal=1
HYBRID_MIX path=HYBRID_T24_B32 layer=1 threshold=24 avx_rowblocks=2004131 amx_rowblocks=3356218 avx_edges=20619240 AMX_P_tile_load_bytes=3436767232 physical_to_useful_PH_FMA=2.36222468761
PROFILE path=HYBRID_T24_B32 layer=1 optimized=1 layer_wall_ms=1107.538169 kernel_wall_ms=1039.88999 sampled_head_tiles=9568 worker_times_are_sampled_sums=true source_index_worker_ms=1.334506 score_worker_ms=44.933665 block_max_worker_ms=12.077735 exp_den_worker_ms=2.465219 H_pack_worker_ms=53.094216 P_pack_worker_ms=4.452092 PH_load_worker_ms=11.684433 PH_compute_worker_ms=46.525896 PH_store_scatter_worker_ms=6.227142 UB_convert_worker_ms=4.263501 UW_load_worker_ms=8.023506 UW_compute_worker_ms=10.408975 V_store_worker_ms=1.128362 V_reload_worker_ms=0.93636 row_rescale_worker_ms=1.549227 transition_worker_ms=1.458336 output_write_worker_ms=4.124911 scheduling_worker_ms=2.674136 tile_config_worker_ms=0.030132 fallback_gather_worker_ms=0 fallback_UB_convert_worker_ms=0 fallback_AMX_load_compute_worker_ms=0 baseline_rescale_store_worker_ms=0 baseline_rescale_vector_worker_ms=1.549227 baseline_rescale_reload_worker_ms=0 fallback_final_store_worker_ms=0 instruction_span_timers_have_overhead=true
ONLINE_STATS path=HYBRID_T24_B32 layer=1 block=32 heads=8 D=100 d=32 edges=126167053 blocks=42882792 max_updates_including_initial=25358082 rescales=5765850 rescale_per_block=0.134456030755 P50=0 P90=0.333333333333 P95=0.5 P99=0.666666666667 rescaled_feature_elements=184507200 rescale_events=1282420 spill_bytes=0 reload_bytes=0 UW_calls=21477376 UW_physical_FMA=175942664192 head_tiles=1224520 projection_groups=2684672
HEAD_WORK path=HYBRID_T24_B32 layer=1 optimized=1 PH_calls=53699488 PH_physical_FMA=238427941888 PH_useful_FMA=100933642400 raw_H_bytes=25233410600 packed_H_bytes=27494137856 UB_scatter_bytes=20929874432 head_switch_store_bytes=5498208256 head_switch_reload_bytes=2990391296 sparse_width_amplification=3.125 traffic_is_logical_not_DRAM=true no_full_Z_U_e_alpha=true bounded_V_in_local_memory=true
PROFILE_IDENTITY path=HYBRID_T24_B32 layer=2 bit_fingerprint_equal=1
HYBRID_MIX path=HYBRID_T24_B32 layer=2 threshold=24 avx_rowblocks=2004131 amx_rowblocks=3356218 avx_edges=20619240 AMX_P_tile_load_bytes=3436767232 physical_to_useful_PH_FMA=1.86591654796
PROFILE path=HYBRID_T24_B32 layer=2 optimized=1 layer_wall_ms=1824.320244 kernel_wall_ms=1730.006464 sampled_head_tiles=9568 worker_times_are_sampled_sums=true source_index_worker_ms=1.430401 score_worker_ms=48.434716 block_max_worker_ms=12.231897 exp_den_worker_ms=2.999863 H_pack_worker_ms=96.131231 P_pack_worker_ms=5.714285 PH_load_worker_ms=18.678504 PH_compute_worker_ms=74.563323 PH_store_scatter_worker_ms=12.528738 UB_convert_worker_ms=7.753372 UW_load_worker_ms=16.184456 UW_compute_worker_ms=14.583244 V_store_worker_ms=1.249873 V_reload_worker_ms=1.001012 row_rescale_worker_ms=1.35138 transition_worker_ms=1.031869 output_write_worker_ms=4.801333 scheduling_worker_ms=2.689562 tile_config_worker_ms=0.038343 fallback_gather_worker_ms=0 fallback_UB_convert_worker_ms=0 fallback_AMX_load_compute_worker_ms=0 baseline_rescale_store_worker_ms=0 baseline_rescale_vector_worker_ms=1.35138 baseline_rescale_reload_worker_ms=0 fallback_final_store_worker_ms=0 instruction_span_timers_have_overhead=true
ONLINE_STATS path=HYBRID_T24_B32 layer=2 block=32 heads=8 D=256 d=32 edges=126167053 blocks=42882792 max_updates_including_initial=24071116 rescales=4478884 rescale_per_block=0.104444785218 P50=0 P90=0.333333333333 P95=0.5 P99=0.5 rescaled_feature_elements=143324288 rescale_events=1203064 spill_bytes=0 reload_bytes=0 UW_calls=42954752 UW_physical_FMA=351885328384 head_tiles=1224520 projection_groups=2684672
HEAD_WORK path=HYBRID_T24_B32 layer=2 optimized=1 PH_calls=107398976 PH_physical_FMA=482134409216 PH_useful_FMA=258390124544 raw_H_bytes=64597531136 packed_H_bytes=54988275712 UB_scatter_bytes=43911979008 head_switch_store_bytes=5498208256 head_switch_reload_bytes=2990391296 sparse_width_amplification=8 traffic_is_logical_not_DRAM=true no_full_Z_U_e_alpha=true bounded_V_in_local_memory=true
PROFILE_IDENTITY path=HYBRID_T24_B32 layer=3 bit_fingerprint_equal=1
PROFILE path=HYBRID_T24_B32 layer=3 optimized=0 layer_wall_ms=1133.780491 kernel_wall_ms=1088.49138 sampled_head_tiles=1196 worker_times_are_sampled_sums=true source_index_worker_ms=0 score_worker_ms=15.429937 block_max_worker_ms=1.688191 exp_den_worker_ms=0.369351 H_pack_worker_ms=0 P_pack_worker_ms=0 PH_load_worker_ms=0 PH_compute_worker_ms=0 PH_store_scatter_worker_ms=0 UB_convert_worker_ms=0 UW_load_worker_ms=0 UW_compute_worker_ms=0 V_store_worker_ms=0 V_reload_worker_ms=0 row_rescale_worker_ms=0 transition_worker_ms=0 output_write_worker_ms=1.857405 scheduling_worker_ms=1.862997 tile_config_worker_ms=0.038131 fallback_gather_worker_ms=116.139904 fallback_UB_convert_worker_ms=1.117789 fallback_AMX_load_compute_worker_ms=3.047588 baseline_rescale_store_worker_ms=0.145672 baseline_rescale_vector_worker_ms=0.24233 baseline_rescale_reload_worker_ms=0.095531 fallback_final_store_worker_ms=0.13079 instruction_span_timers_have_overhead=true
ONLINE_STATS path=HYBRID_T24_B32 layer=3 block=32 heads=1 D=256 d=47 edges=126167053 blocks=5360349 max_updates_including_initial=3253755 rescales=804726 rescale_per_block=0.150125672787 P50=0 P90=0.4 P95=0.5 P99=0.666666666667 rescaled_feature_elements=37822122 rescale_events=162183 spill_bytes=498226176 reload_bytes=498226176 UW_calls=8054016 UW_physical_FMA=65978499072 head_tiles=153065 projection_groups=335584
HEAD_WORK path=HYBRID_T24_B32 layer=3 optimized=0 PH_calls=0 PH_physical_FMA=0 PH_useful_FMA=0 raw_H_bytes=0 packed_H_bytes=0 UB_scatter_bytes=0 head_switch_store_bytes=0 head_switch_reload_bytes=0 sparse_width_amplification=5.44680851064 traffic_is_logical_not_DRAM=true no_full_Z_U_e_alpha=true bounded_V_in_local_memory=true
PROFILE_IDENTITY path=HYBRID_T32_B32 layer=1 bit_fingerprint_equal=1
HYBRID_MIX path=HYBRID_T32_B32 layer=1 threshold=32 avx_rowblocks=2403996 amx_rowblocks=2956353 avx_edges=31563757 AMX_P_tile_load_bytes=3027305472 physical_to_useful_PH_FMA=2.19974897567
PROFILE path=HYBRID_T32_B32 layer=1 optimized=1 layer_wall_ms=1128.424465 kernel_wall_ms=1060.824276 sampled_head_tiles=9568 worker_times_are_sampled_sums=true source_index_worker_ms=1.335843 score_worker_ms=44.874215 block_max_worker_ms=11.9883 exp_den_worker_ms=2.453946 H_pack_worker_ms=47.04775 P_pack_worker_ms=3.868421 PH_load_worker_ms=10.059326 PH_compute_worker_ms=51.706014 PH_store_scatter_worker_ms=5.464078 UB_convert_worker_ms=4.236751 UW_load_worker_ms=8.003848 UW_compute_worker_ms=10.623917 V_store_worker_ms=1.136752 V_reload_worker_ms=0.93786 row_rescale_worker_ms=1.538866 transition_worker_ms=1.598805 output_write_worker_ms=4.148775 scheduling_worker_ms=2.659412 tile_config_worker_ms=0.037536 fallback_gather_worker_ms=0 fallback_UB_convert_worker_ms=0 fallback_AMX_load_compute_worker_ms=0 baseline_rescale_store_worker_ms=0 baseline_rescale_vector_worker_ms=1.538866 baseline_rescale_reload_worker_ms=0 fallback_final_store_worker_ms=0 instruction_span_timers_have_overhead=true
ONLINE_STATS path=HYBRID_T32_B32 layer=1 block=32 heads=8 D=100 d=32 edges=126167053 blocks=42882792 max_updates_including_initial=25358082 rescales=5765850 rescale_per_block=0.134456030755 P50=0 P90=0.333333333333 P95=0.5 P99=0.666666666667 rescaled_feature_elements=184507200 rescale_events=1282420 spill_bytes=0 reload_bytes=0 UW_calls=21477376 UW_physical_FMA=175942664192 head_tiles=1224520 projection_groups=2684672
HEAD_WORK path=HYBRID_T32_B32 layer=1 optimized=1 PH_calls=47301648 PH_physical_FMA=222028676480 PH_useful_FMA=100933642400 raw_H_bytes=25233410600 packed_H_bytes=24218443776 UB_scatter_bytes=20725143552 head_switch_store_bytes=5498208256 head_switch_reload_bytes=2990391296 sparse_width_amplification=3.125 traffic_is_logical_not_DRAM=true no_full_Z_U_e_alpha=true bounded_V_in_local_memory=true
PROFILE_IDENTITY path=HYBRID_T32_B32 layer=2 bit_fingerprint_equal=1
HYBRID_MIX path=HYBRID_T32_B32 layer=2 threshold=32 avx_rowblocks=2403996 amx_rowblocks=2956353 avx_edges=31563757 AMX_P_tile_load_bytes=3027305472 physical_to_useful_PH_FMA=1.74982567755
PROFILE path=HYBRID_T32_B32 layer=2 optimized=1 layer_wall_ms=1839.832333 kernel_wall_ms=1745.436994 sampled_head_tiles=9568 worker_times_are_sampled_sums=true source_index_worker_ms=1.440573 score_worker_ms=48.351004 block_max_worker_ms=12.249316 exp_den_worker_ms=3.003057 H_pack_worker_ms=85.087053 P_pack_worker_ms=4.643042 PH_load_worker_ms=16.096046 PH_compute_worker_ms=86.794145 PH_store_scatter_worker_ms=11.032046 UB_convert_worker_ms=7.730248 UW_load_worker_ms=16.108211 UW_compute_worker_ms=14.895852 V_store_worker_ms=1.247495 V_reload_worker_ms=0.990896 row_rescale_worker_ms=1.344968 transition_worker_ms=1.065199 output_write_worker_ms=4.808768 scheduling_worker_ms=2.693253 tile_config_worker_ms=0.03911 fallback_gather_worker_ms=0 fallback_UB_convert_worker_ms=0 fallback_AMX_load_compute_worker_ms=0 baseline_rescale_store_worker_ms=0 baseline_rescale_vector_worker_ms=1.344968 baseline_rescale_reload_worker_ms=0 fallback_final_store_worker_ms=0 instruction_span_timers_have_overhead=true
ONLINE_STATS path=HYBRID_T32_B32 layer=2 block=32 heads=8 D=256 d=32 edges=126167053 blocks=42882792 max_updates_including_initial=24071138 rescales=4478906 rescale_per_block=0.104445298245 P50=0 P90=0.333333333333 P95=0.5 P99=0.5 rescaled_feature_elements=143324992 rescale_events=1203066 spill_bytes=0 reload_bytes=0 UW_calls=42954752 UW_physical_FMA=351885328384 head_tiles=1224520 projection_groups=2684672
HEAD_WORK path=HYBRID_T32_B32 layer=2 optimized=1 PH_calls=94603296 PH_physical_FMA=452137674752 PH_useful_FMA=258390124544 raw_H_bytes=64597531136 packed_H_bytes=48436887552 UB_scatter_bytes=43911979008 head_switch_store_bytes=5498208256 head_switch_reload_bytes=2990391296 sparse_width_amplification=8 traffic_is_logical_not_DRAM=true no_full_Z_U_e_alpha=true bounded_V_in_local_memory=true
PROFILE_IDENTITY path=HYBRID_T32_B32 layer=3 bit_fingerprint_equal=1
PROFILE path=HYBRID_T32_B32 layer=3 optimized=0 layer_wall_ms=1131.821749 kernel_wall_ms=1086.643247 sampled_head_tiles=1196 worker_times_are_sampled_sums=true source_index_worker_ms=0 score_worker_ms=15.427128 block_max_worker_ms=1.679939 exp_den_worker_ms=0.366368 H_pack_worker_ms=0 P_pack_worker_ms=0 PH_load_worker_ms=0 PH_compute_worker_ms=0 PH_store_scatter_worker_ms=0 UB_convert_worker_ms=0 UW_load_worker_ms=0 UW_compute_worker_ms=0 V_store_worker_ms=0 V_reload_worker_ms=0 row_rescale_worker_ms=0 transition_worker_ms=0 output_write_worker_ms=1.885261 scheduling_worker_ms=1.85773 tile_config_worker_ms=0.045489 fallback_gather_worker_ms=115.858179 fallback_UB_convert_worker_ms=1.131983 fallback_AMX_load_compute_worker_ms=3.083493 baseline_rescale_store_worker_ms=0.142431 baseline_rescale_vector_worker_ms=0.238664 baseline_rescale_reload_worker_ms=0.097134 fallback_final_store_worker_ms=0.130706 instruction_span_timers_have_overhead=true
ONLINE_STATS path=HYBRID_T32_B32 layer=3 block=32 heads=1 D=256 d=47 edges=126167053 blocks=5360349 max_updates_including_initial=3253735 rescales=804706 rescale_per_block=0.150121941687 P50=0 P90=0.4 P95=0.5 P99=0.666666666667 rescaled_feature_elements=37821182 rescale_events=162175 spill_bytes=498201600 reload_bytes=498201600 UW_calls=8054016 UW_physical_FMA=65978499072 head_tiles=153065 projection_groups=335584
HEAD_WORK path=HYBRID_T32_B32 layer=3 optimized=0 PH_calls=0 PH_physical_FMA=0 PH_useful_FMA=0 raw_H_bytes=0 packed_H_bytes=0 UB_scatter_bytes=0 head_switch_store_bytes=0 head_switch_reload_bytes=0 sparse_width_amplification=5.44680851064 traffic_is_logical_not_DRAM=true no_full_Z_U_e_alpha=true bounded_V_in_local_memory=true
ICPP_HYBRID_COMPLETE old_and_preload_smoke_plus_mixed_oracle=true
ICPP_HEADS_COMPLETE architecture=DegreeSort_TR16_sharedH_PH_AMX_UW_fusion no_global_U_Z_e_alpha=true PH_coefficients=FP32_or_BF16_high_plus_low normalization_FP32=true independent_heads=true bounded_V_in_local_memory=true source_width_amplification_retained=true master_gate=SEE_PER_LAYER_ERRORS performance=EXPLORATORY task_accuracy=UNVERIFIED
