CORRECT graph=regular-n137-q130 method=mkl_bf16_inputs boundary=kernel_sample reference=fp64_bf16_inputs rel_l2=2.21006401e-07 max_abs=6.55241311e-05 max_norm=4.64522403e-07 pass=1
CONFIG graph=regular-n137-q130 N=137 E=17810 threads=8 R=64 D=128 F=128 repeats=1 warmups=1
CORRECT graph=regular-n137-q130 method=mkl_fp32 boundary=kernel_full reference=mkl_bf16_inputs rel_l2=0.00514079892 max_abs=0.738731384 max_norm=0.00523711342 pass=1
CORRECT graph=regular-n137-q130 method=mkl_fp32 boundary=kernel_full reference=mkl_fp32 rel_l2=0 max_abs=0 max_norm=0 pass=1
CORRECT graph=regular-n137-q130 method=mkl_fp32 boundary=kernel_sample reference=fp64_bf16_inputs rel_l2=0.00514487897 max_abs=0.738745801 max_norm=0.00523721519 pass=1
CORRECT graph=regular-n137-q130 method=mkl_bf16_inputs boundary=kernel_full reference=mkl_bf16_inputs rel_l2=0 max_abs=0 max_norm=0 pass=1
CORRECT graph=regular-n137-q130 method=mkl_bf16_inputs boundary=kernel_full reference=mkl_fp32 rel_l2=0.00511734691 max_abs=0.738731384 max_norm=0.00521985359 pass=1
CORRECT graph=regular-n137-q130 method=mkl_bf16_inputs boundary=kernel_sample reference=fp64_bf16_inputs rel_l2=2.21006401e-07 max_abs=6.55241311e-05 max_norm=4.64522403e-07 pass=1
CORRECT graph=regular-n137-q130 method=original boundary=kernel_full reference=mkl_bf16_inputs rel_l2=4.63514599e-07 max_abs=0.000133514404 max_norm=9.46528189e-07 pass=1
CORRECT graph=regular-n137-q130 method=original boundary=kernel_full reference=mkl_fp32 rel_l2=0.00511739046 max_abs=0.738761902 max_norm=0.00522006923 pass=1
CORRECT graph=regular-n137-q130 method=original boundary=kernel_sample reference=fp64_bf16_inputs rel_l2=4.0799703e-07 max_abs=0.000114943832 max_norm=8.14875135e-07 pass=1
CORRECT graph=regular-n137-q130 method=original_nozero boundary=kernel_full reference=mkl_bf16_inputs rel_l2=4.63514599e-07 max_abs=0.000133514404 max_norm=9.46528189e-07 pass=1
CORRECT graph=regular-n137-q130 method=original_nozero boundary=kernel_full reference=mkl_fp32 rel_l2=0.00511739046 max_abs=0.738761902 max_norm=0.00522006923 pass=1
CORRECT graph=regular-n137-q130 method=original_nozero boundary=kernel_sample reference=fp64_bf16_inputs rel_l2=4.0799703e-07 max_abs=0.000114943832 max_norm=8.14875135e-07 pass=1
CORRECT graph=regular-n137-q130 method=original_nozero boundary=nozero_identity reference=unchanged_original rel_l2=0 max_abs=0 max_norm=0 pass=1
CORRECT graph=regular-n137-q130 method=shared_b1_fast_nozero boundary=kernel_full reference=mkl_bf16_inputs rel_l2=4.63514599e-07 max_abs=0.000133514404 max_norm=9.46528189e-07 pass=1
CORRECT graph=regular-n137-q130 method=shared_b1_fast_nozero boundary=kernel_full reference=mkl_fp32 rel_l2=0.00511739046 max_abs=0.738761902 max_norm=0.00522006923 pass=1
CORRECT graph=regular-n137-q130 method=shared_b1_fast_nozero boundary=kernel_sample reference=fp64_bf16_inputs rel_l2=4.0799703e-07 max_abs=0.000114943832 max_norm=8.14875135e-07 pass=1
CORRECT graph=regular-n137-q130 method=shared_b1_fast_nozero boundary=b1_identity reference=unchanged_original rel_l2=0 max_abs=0 max_norm=0 pass=1
CORRECT graph=regular-n137-q130 method=shared_b1_accurate_nozero boundary=kernel_full reference=mkl_bf16_inputs rel_l2=4.63514599e-07 max_abs=0.000133514404 max_norm=9.46528189e-07 pass=1
CORRECT graph=regular-n137-q130 method=shared_b1_accurate_nozero boundary=kernel_full reference=mkl_fp32 rel_l2=0.00511739046 max_abs=0.738761902 max_norm=0.00522006923 pass=1
CORRECT graph=regular-n137-q130 method=shared_b1_accurate_nozero boundary=kernel_sample reference=fp64_bf16_inputs rel_l2=4.0799703e-07 max_abs=0.000114943832 max_norm=8.14875135e-07 pass=1
CORRECT graph=regular-n137-q130 method=shared_b2_fast_nozero boundary=kernel_full reference=mkl_bf16_inputs rel_l2=0.00236070515 max_abs=0.406845093 max_norm=0.0028842607 pass=1
CORRECT graph=regular-n137-q130 method=shared_b2_fast_nozero boundary=kernel_full reference=mkl_fp32 rel_l2=0.00682091849 max_abs=1.00500488 max_norm=0.00710133407 pass=1
CORRECT graph=regular-n137-q130 method=shared_b2_fast_nozero boundary=kernel_sample reference=fp64_bf16_inputs rel_l2=0.00237935854 max_abs=0.406838741 max_norm=0.00288421543 pass=1
CORRECT graph=regular-n137-q130 method=shared_b2_accurate_nozero boundary=kernel_full reference=mkl_bf16_inputs rel_l2=4.76660779e-07 max_abs=0.000144958496 max_norm=1.02765918e-06 pass=1
CORRECT graph=regular-n137-q130 method=shared_b2_accurate_nozero boundary=kernel_full reference=mkl_fp32 rel_l2=0.00511735301 max_abs=0.738792419 max_norm=0.00522028486 pass=1
CORRECT graph=regular-n137-q130 method=shared_b2_accurate_nozero boundary=kernel_sample reference=fp64_bf16_inputs rel_l2=4.25955801e-07 max_abs=0.000133451074 max_norm=9.46079143e-07 pass=1
CORRECT graph=regular-n137-q130 method=shared_b4_fast_nozero boundary=kernel_full reference=mkl_bf16_inputs rel_l2=0.00298452921 max_abs=0.491027832 max_norm=0.00348106024 pass=1
CORRECT graph=regular-n137-q130 method=shared_b4_fast_nozero boundary=kernel_full reference=mkl_fp32 rel_l2=0.00752181528 max_abs=1.07892609 max_norm=0.00762365905 pass=1
CORRECT graph=regular-n137-q130 method=shared_b4_fast_nozero boundary=kernel_sample reference=fp64_bf16_inputs rel_l2=0.00298417892 max_abs=0.491031665 max_norm=0.00348108713 pass=1
CORRECT graph=regular-n137-q130 method=shared_b4_accurate_nozero boundary=kernel_full reference=mkl_bf16_inputs rel_l2=3.73787632e-07 max_abs=0.000129699707 max_norm=9.19484526e-07 pass=1
CORRECT graph=regular-n137-q130 method=shared_b4_accurate_nozero boundary=kernel_full reference=mkl_fp32 rel_l2=0.00511735687 max_abs=0.738769531 max_norm=0.00522012313 pass=1
CORRECT graph=regular-n137-q130 method=shared_b4_accurate_nozero boundary=kernel_sample reference=fp64_bf16_inputs rel_l2=3.00634806e-07 max_abs=0.000118076801 max_norm=8.37085797e-07 pass=1
CORRECT graph=regular-n137-q130 method=shared_b8_fast_nozero boundary=kernel_full reference=mkl_bf16_inputs rel_l2=0.0031643305 max_abs=0.48891449 max_norm=0.00346607805 pass=1
CORRECT graph=regular-n137-q130 method=shared_b8_fast_nozero boundary=kernel_full reference=mkl_fp32 rel_l2=0.0077351433 max_abs=1.04945374 max_norm=0.00741540831 pass=1
CORRECT graph=regular-n137-q130 method=shared_b8_fast_nozero boundary=kernel_sample reference=fp64_bf16_inputs rel_l2=0.0031929827 max_abs=0.488903005 max_norm=0.00346599634 pass=1
CORRECT graph=regular-n137-q130 method=shared_b8_accurate_nozero boundary=kernel_full reference=mkl_bf16_inputs rel_l2=6.60928445e-07 max_abs=0.000171661377 max_norm=1.21696481e-06 pass=1
CORRECT graph=regular-n137-q130 method=shared_b8_accurate_nozero boundary=kernel_full reference=mkl_fp32 rel_l2=0.00511739464 max_abs=0.738708496 max_norm=0.00521969186 pass=1
CORRECT graph=regular-n137-q130 method=shared_b8_accurate_nozero boundary=kernel_sample reference=fp64_bf16_inputs rel_l2=5.71710861e-07 max_abs=0.000137709081 max_norm=9.76265572e-07 pass=1
CORRECT graph=regular-n137-q130 method=replay_b8_fast_nozero boundary=kernel_full reference=mkl_bf16_inputs rel_l2=0.0031643305 max_abs=0.48891449 max_norm=0.00346607805 pass=1
CORRECT graph=regular-n137-q130 method=replay_b8_fast_nozero boundary=kernel_full reference=mkl_fp32 rel_l2=0.0077351433 max_abs=1.04945374 max_norm=0.00741540831 pass=1
CORRECT graph=regular-n137-q130 method=replay_b8_fast_nozero boundary=kernel_sample reference=fp64_bf16_inputs rel_l2=0.0031929827 max_abs=0.488903005 max_norm=0.00346599634 pass=1
CORRECT graph=regular-n137-q130 method=shared_b16_fast_nozero boundary=kernel_full reference=mkl_bf16_inputs rel_l2=0.00330546302 max_abs=0.596748352 max_norm=0.0042305483 pass=1
CORRECT graph=regular-n137-q130 method=shared_b16_fast_nozero boundary=kernel_full reference=mkl_fp32 rel_l2=0.00788761763 max_abs=1.17771149 max_norm=0.0083216737 pass=1
CORRECT graph=regular-n137-q130 method=shared_b16_fast_nozero boundary=kernel_sample reference=fp64_bf16_inputs rel_l2=0.00332165919 max_abs=0.535092022 max_norm=0.00379344568 pass=1
CORRECT graph=regular-n137-q130 method=shared_b16_accurate_nozero boundary=kernel_full reference=mkl_bf16_inputs rel_l2=1.98981149e-06 max_abs=0.000371932983 max_norm=2.6367571e-06 pass=1
CORRECT graph=regular-n137-q130 method=shared_b16_accurate_nozero boundary=kernel_full reference=mkl_fp32 rel_l2=0.0051176617 max_abs=0.73878479 max_norm=0.00522023095 pass=1
CORRECT graph=regular-n137-q130 method=shared_b16_accurate_nozero boundary=kernel_sample reference=fp64_bf16_inputs rel_l2=2.01518497e-06 max_abs=0.000373646617 max_norm=2.6489054e-06 pass=1
CORRECT graph=regular-n137-q130 method=shared_b32_fast_nozero boundary=kernel_full reference=mkl_bf16_inputs rel_l2=0.00329683946 max_abs=0.533706665 max_norm=0.00378362474 pass=1
CORRECT graph=regular-n137-q130 method=shared_b32_fast_nozero boundary=kernel_full reference=mkl_fp32 rel_l2=0.00785998168 max_abs=1.10211182 max_norm=0.00778748872 pass=1
CORRECT graph=regular-n137-q130 method=shared_b32_fast_nozero boundary=kernel_sample reference=fp64_bf16_inputs rel_l2=0.00327658449 max_abs=0.533718448 max_norm=0.00378370796 pass=1
CORRECT graph=regular-n137-q130 method=shared_b32_accurate_nozero boundary=kernel_full reference=mkl_bf16_inputs rel_l2=4.16461217e-06 max_abs=0.000789642334 max_norm=5.59803814e-06 pass=1
CORRECT graph=regular-n137-q130 method=shared_b32_accurate_nozero boundary=kernel_full reference=mkl_fp32 rel_l2=0.00511860801 max_abs=0.738487244 max_norm=0.0052181285 pass=1
CORRECT graph=regular-n137-q130 method=shared_b32_accurate_nozero boundary=kernel_sample reference=fp64_bf16_inputs rel_l2=4.07956647e-06 max_abs=0.000659450889 max_norm=4.67506713e-06 pass=1
CORRECT graph=regular-n137-q130 method=replay_b32_fast_nozero boundary=kernel_full reference=mkl_bf16_inputs rel_l2=0.00329683946 max_abs=0.533706665 max_norm=0.00378362474 pass=1
CORRECT graph=regular-n137-q130 method=replay_b32_fast_nozero boundary=kernel_full reference=mkl_fp32 rel_l2=0.00785998168 max_abs=1.10211182 max_norm=0.00778748872 pass=1
CORRECT graph=regular-n137-q130 method=replay_b32_fast_nozero boundary=kernel_sample reference=fp64_bf16_inputs rel_l2=0.00327658449 max_abs=0.533718448 max_norm=0.00378370796 pass=1
CORRECT graph=regular-n137-q130 method=shared_b64_fast_nozero boundary=kernel_full reference=mkl_bf16_inputs rel_l2=0.00340549819 max_abs=0.637046814 max_norm=0.00451623756 pass=1
CORRECT graph=regular-n137-q130 method=shared_b64_fast_nozero boundary=kernel_full reference=mkl_fp32 rel_l2=0.00795887663 max_abs=1.13929749 max_norm=0.00805024153 pass=1
CORRECT graph=regular-n137-q130 method=shared_b64_fast_nozero boundary=kernel_sample reference=fp64_bf16_inputs rel_l2=0.00342274956 max_abs=0.637060251 max_norm=0.00451633244 pass=1
CORRECT graph=regular-n137-q130 method=shared_b64_accurate_nozero boundary=kernel_full reference=mkl_bf16_inputs rel_l2=6.45554993e-06 max_abs=0.00128173828 max_norm=9.08667061e-06 pass=1
CORRECT graph=regular-n137-q130 method=shared_b64_accurate_nozero boundary=kernel_full reference=mkl_fp32 rel_l2=0.00512009528 max_abs=0.739212036 max_norm=0.00522324986 pass=1
CORRECT graph=regular-n137-q130 method=shared_b64_accurate_nozero boundary=kernel_sample reference=fp64_bf16_inputs rel_l2=6.4724145e-06 max_abs=0.00129898265 max_norm=9.20892093e-06 pass=1
CORRECT graph=regular-n137-q130 method=shared_bfull_fast_nozero boundary=kernel_full reference=mkl_bf16_inputs rel_l2=0.00346316698 max_abs=0.562843323 max_norm=0.00399018423 pass=1
CORRECT graph=regular-n137-q130 method=shared_bfull_fast_nozero boundary=kernel_full reference=mkl_fp32 rel_l2=0.00798367101 max_abs=1.09187317 max_norm=0.00771514275 pass=1
CORRECT graph=regular-n137-q130 method=shared_bfull_fast_nozero boundary=kernel_sample reference=fp64_bf16_inputs rel_l2=0.00345952135 max_abs=0.538979288 max_norm=0.0038210038 pass=1
CORRECT graph=regular-n137-q130 method=shared_bfull_accurate_nozero boundary=kernel_full reference=mkl_bf16_inputs rel_l2=8.38699346e-06 max_abs=0.00144195557 max_norm=1.02225044e-05 pass=1
CORRECT graph=regular-n137-q130 method=shared_bfull_accurate_nozero boundary=kernel_full reference=mkl_fp32 rel_l2=0.00512090649 max_abs=0.739234924 max_norm=0.00522341159 pass=1
CORRECT graph=regular-n137-q130 method=shared_bfull_accurate_nozero boundary=kernel_sample reference=fp64_bf16_inputs rel_l2=8.40734097e-06 max_abs=0.00143403187 max_norm=1.01663299e-05 pass=1
CORRECT graph=regular-n137-q130 method=replay_bfull_fast_nozero boundary=kernel_full reference=mkl_bf16_inputs rel_l2=0.00346316698 max_abs=0.562843323 max_norm=0.00399018423 pass=1
CORRECT graph=regular-n137-q130 method=replay_bfull_fast_nozero boundary=kernel_full reference=mkl_fp32 rel_l2=0.00798367101 max_abs=1.09187317 max_norm=0.00771514275 pass=1
CORRECT graph=regular-n137-q130 method=replay_bfull_fast_nozero boundary=kernel_sample reference=fp64_bf16_inputs rel_l2=0.00345952135 max_abs=0.538979288 max_norm=0.0038210038 pass=1
TIME graph=regular-n137-q130 method=mkl_bf16_inputs kernel rep=0 ms=0.041962
TIME graph=regular-n137-q130 method=original kernel rep=0 ms=0.220060
TIME graph=regular-n137-q130 method=original_nozero kernel rep=0 ms=0.205994
TIME graph=regular-n137-q130 method=shared_b1_fast_nozero kernel rep=0 ms=0.432014
TIME graph=regular-n137-q130 method=shared_b1_accurate_nozero kernel rep=0 ms=0.805140
TIME graph=regular-n137-q130 method=shared_b2_fast_nozero kernel rep=0 ms=0.293970
TIME graph=regular-n137-q130 method=shared_b2_accurate_nozero kernel rep=0 ms=0.396967
TIME graph=regular-n137-q130 method=shared_b4_fast_nozero kernel rep=0 ms=0.184774
TIME graph=regular-n137-q130 method=shared_b4_accurate_nozero kernel rep=0 ms=0.238180
TIME graph=regular-n137-q130 method=shared_b8_fast_nozero kernel rep=0 ms=0.118971
TIME graph=regular-n137-q130 method=shared_b8_accurate_nozero kernel rep=0 ms=0.144005
TIME graph=regular-n137-q130 method=replay_b8_fast_nozero kernel rep=0 ms=0.169992
TIME graph=regular-n137-q130 method=shared_b16_fast_nozero kernel rep=0 ms=0.087023
TIME graph=regular-n137-q130 method=shared_b16_accurate_nozero kernel rep=0 ms=0.099897
TIME graph=regular-n137-q130 method=shared_b32_fast_nozero kernel rep=0 ms=0.068903
TIME graph=regular-n137-q130 method=shared_b32_accurate_nozero kernel rep=0 ms=0.160933
TIME graph=regular-n137-q130 method=replay_b32_fast_nozero kernel rep=0 ms=0.215054
TIME graph=regular-n137-q130 method=shared_b64_fast_nozero kernel rep=0 ms=0.079155
TIME graph=regular-n137-q130 method=shared_b64_accurate_nozero kernel rep=0 ms=0.086784
TIME graph=regular-n137-q130 method=shared_bfull_fast_nozero kernel rep=0 ms=0.069141
TIME graph=regular-n137-q130 method=shared_bfull_accurate_nozero kernel rep=0 ms=0.067949
TIME graph=regular-n137-q130 method=replay_bfull_fast_nozero kernel rep=0 ms=0.123024
TIME graph=regular-n137-q130 method=mkl_fp32 kernel rep=0 ms=0.036001
CORRECT graph=regular-n137-q130 method=original boundary=instrumented_kernel reference=unchanged_original rel_l2=0 max_abs=0 max_norm=0 pass=1
CORRECT graph=regular-n137-q130 method=original_nozero boundary=instrumented_kernel reference=unchanged_original rel_l2=0 max_abs=0 max_norm=0 pass=1
CORRECT graph=regular-n137-q130 method=shared_b1_fast_nozero boundary=instrumented_kernel reference=mkl_bf16_inputs rel_l2=4.63514599e-07 max_abs=0.000133514404 max_norm=9.46528189e-07 pass=1
CORRECT graph=regular-n137-q130 method=shared_b1_accurate_nozero boundary=instrumented_kernel reference=mkl_bf16_inputs rel_l2=4.63514599e-07 max_abs=0.000133514404 max_norm=9.46528189e-07 pass=1
CORRECT graph=regular-n137-q130 method=shared_b2_fast_nozero boundary=instrumented_kernel reference=mkl_bf16_inputs rel_l2=0.00236070515 max_abs=0.406845093 max_norm=0.0028842607 pass=1
CORRECT graph=regular-n137-q130 method=shared_b2_accurate_nozero boundary=instrumented_kernel reference=mkl_bf16_inputs rel_l2=4.76660779e-07 max_abs=0.000144958496 max_norm=1.02765918e-06 pass=1
CORRECT graph=regular-n137-q130 method=shared_b4_fast_nozero boundary=instrumented_kernel reference=mkl_bf16_inputs rel_l2=0.00298452921 max_abs=0.491027832 max_norm=0.00348106024 pass=1
CORRECT graph=regular-n137-q130 method=shared_b4_accurate_nozero boundary=instrumented_kernel reference=mkl_bf16_inputs rel_l2=3.73787632e-07 max_abs=0.000129699707 max_norm=9.19484526e-07 pass=1
CORRECT graph=regular-n137-q130 method=shared_b8_fast_nozero boundary=instrumented_kernel reference=mkl_bf16_inputs rel_l2=0.0031643305 max_abs=0.48891449 max_norm=0.00346607805 pass=1
CORRECT graph=regular-n137-q130 method=shared_b8_accurate_nozero boundary=instrumented_kernel reference=mkl_bf16_inputs rel_l2=6.60928445e-07 max_abs=0.000171661377 max_norm=1.21696481e-06 pass=1
CORRECT graph=regular-n137-q130 method=replay_b8_fast_nozero boundary=instrumented_kernel reference=mkl_bf16_inputs rel_l2=0.0031643305 max_abs=0.48891449 max_norm=0.00346607805 pass=1
CORRECT graph=regular-n137-q130 method=shared_b16_fast_nozero boundary=instrumented_kernel reference=mkl_bf16_inputs rel_l2=0.00330546302 max_abs=0.596748352 max_norm=0.0042305483 pass=1
CORRECT graph=regular-n137-q130 method=shared_b16_accurate_nozero boundary=instrumented_kernel reference=mkl_bf16_inputs rel_l2=1.98981149e-06 max_abs=0.000371932983 max_norm=2.6367571e-06 pass=1
CORRECT graph=regular-n137-q130 method=shared_b32_fast_nozero boundary=instrumented_kernel reference=mkl_bf16_inputs rel_l2=0.00329683946 max_abs=0.533706665 max_norm=0.00378362474 pass=1
CORRECT graph=regular-n137-q130 method=shared_b32_accurate_nozero boundary=instrumented_kernel reference=mkl_bf16_inputs rel_l2=4.16461217e-06 max_abs=0.000789642334 max_norm=5.59803814e-06 pass=1
CORRECT graph=regular-n137-q130 method=replay_b32_fast_nozero boundary=instrumented_kernel reference=mkl_bf16_inputs rel_l2=0.00329683946 max_abs=0.533706665 max_norm=0.00378362474 pass=1
CORRECT graph=regular-n137-q130 method=shared_b64_fast_nozero boundary=instrumented_kernel reference=mkl_bf16_inputs rel_l2=0.00340549819 max_abs=0.637046814 max_norm=0.00451623756 pass=1
CORRECT graph=regular-n137-q130 method=shared_b64_accurate_nozero boundary=instrumented_kernel reference=mkl_bf16_inputs rel_l2=6.45554993e-06 max_abs=0.00128173828 max_norm=9.08667061e-06 pass=1
CORRECT graph=regular-n137-q130 method=shared_bfull_fast_nozero boundary=instrumented_kernel reference=mkl_bf16_inputs rel_l2=0.00346316698 max_abs=0.562843323 max_norm=0.00399018423 pass=1
CORRECT graph=regular-n137-q130 method=shared_bfull_accurate_nozero boundary=instrumented_kernel reference=mkl_bf16_inputs rel_l2=8.38699346e-06 max_abs=0.00144195557 max_norm=1.02225044e-05 pass=1
CORRECT graph=regular-n137-q130 method=replay_bfull_fast_nozero boundary=instrumented_kernel reference=mkl_bf16_inputs rel_l2=0.00346316698 max_abs=0.562843323 max_norm=0.00399018423 pass=1
CORRECT graph=regular-n137-q130 method=mkl_fp32 boundary=two_layer_e2e reference=mkl_bf16_inputs rel_l2=0.0105213221 max_abs=615.34375 max_norm=0.00967005023 pass=1
CORRECT graph=regular-n137-q130 method=mkl_fp32 boundary=two_layer_e2e reference=mkl_fp32 rel_l2=0 max_abs=0 max_norm=0 pass=1
CORRECT graph=regular-n137-q130 method=mkl_bf16_inputs boundary=two_layer_e2e reference=mkl_bf16_inputs rel_l2=0 max_abs=0 max_norm=0 pass=1
CORRECT graph=regular-n137-q130 method=mkl_bf16_inputs boundary=two_layer_e2e reference=mkl_fp32 rel_l2=0.0104165316 max_abs=615.34375 max_norm=0.00958509455 pass=1
CORRECT graph=regular-n137-q130 method=original boundary=two_layer_e2e reference=mkl_bf16_inputs rel_l2=6.10816861e-06 max_abs=0.30078125 max_norm=4.72673981e-06 pass=1
CORRECT graph=regular-n137-q130 method=original boundary=two_layer_e2e reference=mkl_fp32 rel_l2=0.0104176143 max_abs=615.578125 max_norm=0.00958874536 pass=1
CORRECT graph=regular-n137-q130 method=original_nozero boundary=two_layer_e2e reference=mkl_bf16_inputs rel_l2=6.10816861e-06 max_abs=0.30078125 max_norm=4.72673981e-06 pass=1
CORRECT graph=regular-n137-q130 method=original_nozero boundary=two_layer_e2e reference=mkl_fp32 rel_l2=0.0104176143 max_abs=615.578125 max_norm=0.00958874536 pass=1
CORRECT graph=regular-n137-q130 method=shared_b1_fast_nozero boundary=two_layer_e2e reference=mkl_bf16_inputs rel_l2=6.10816861e-06 max_abs=0.30078125 max_norm=4.72673981e-06 pass=1
CORRECT graph=regular-n137-q130 method=shared_b1_fast_nozero boundary=two_layer_e2e reference=mkl_fp32 rel_l2=0.0104176143 max_abs=615.578125 max_norm=0.00958874536 pass=1
CORRECT graph=regular-n137-q130 method=shared_b1_accurate_nozero boundary=two_layer_e2e reference=mkl_bf16_inputs rel_l2=6.10816861e-06 max_abs=0.30078125 max_norm=4.72673981e-06 pass=1
CORRECT graph=regular-n137-q130 method=shared_b1_accurate_nozero boundary=two_layer_e2e reference=mkl_fp32 rel_l2=0.0104176143 max_abs=615.578125 max_norm=0.00958874536 pass=1
CORRECT graph=regular-n137-q130 method=shared_b2_fast_nozero boundary=two_layer_e2e reference=mkl_bf16_inputs rel_l2=0.00331116566 max_abs=239.023438 max_norm=0.00375622349 pass=1
CORRECT graph=regular-n137-q130 method=shared_b2_fast_nozero boundary=two_layer_e2e reference=mkl_fp32 rel_l2=0.0135366612 max_abs=841.34375 max_norm=0.0131054543 pass=1
CORRECT graph=regular-n137-q130 method=shared_b2_accurate_nozero boundary=two_layer_e2e reference=mkl_bf16_inputs rel_l2=6.0839118e-06 max_abs=0.2890625 max_norm=4.54258111e-06 pass=1
CORRECT graph=regular-n137-q130 method=shared_b2_accurate_nozero boundary=two_layer_e2e reference=mkl_fp32 rel_l2=0.0104175895 max_abs=615.570312 max_norm=0.00958862367 pass=1
CORRECT graph=regular-n137-q130 method=shared_b4_fast_nozero boundary=two_layer_e2e reference=mkl_bf16_inputs rel_l2=0.00472118804 max_abs=307.441406 max_norm=0.00483140333 pass=1
CORRECT graph=regular-n137-q130 method=shared_b4_fast_nozero boundary=two_layer_e2e reference=mkl_fp32 rel_l2=0.0149140853 max_abs=900.324219 max_norm=0.014024182 pass=1
CORRECT graph=regular-n137-q130 method=shared_b4_accurate_nozero boundary=two_layer_e2e reference=mkl_bf16_inputs rel_l2=3.16767385e-07 max_abs=0.0625 max_norm=9.821797e-07 pass=1
CORRECT graph=regular-n137-q130 method=shared_b4_accurate_nozero boundary=two_layer_e2e reference=mkl_fp32 rel_l2=0.0104165297 max_abs=615.359375 max_norm=0.00958533794 pass=1
CORRECT graph=regular-n137-q130 method=shared_b8_fast_nozero boundary=two_layer_e2e reference=mkl_bf16_inputs rel_l2=0.00516244655 max_abs=343.570312 max_norm=0.00539916458 pass=1
CORRECT graph=regular-n137-q130 method=shared_b8_fast_nozero boundary=two_layer_e2e reference=mkl_fp32 rel_l2=0.0153573928 max_abs=931.074219 max_norm=0.014503169 pass=1
CORRECT graph=regular-n137-q130 method=shared_b8_accurate_nozero boundary=two_layer_e2e reference=mkl_bf16_inputs rel_l2=6.08096862e-06 max_abs=0.28125 max_norm=4.41980865e-06 pass=1
CORRECT graph=regular-n137-q130 method=shared_b8_accurate_nozero boundary=two_layer_e2e reference=mkl_fp32 rel_l2=0.0104175806 max_abs=615.59375 max_norm=0.00958898875 pass=1
CORRECT graph=regular-n137-q130 method=replay_b8_fast_nozero boundary=two_layer_e2e reference=mkl_bf16_inputs rel_l2=0.00516244655 max_abs=343.570312 max_norm=0.00539916458 pass=1
CORRECT graph=regular-n137-q130 method=replay_b8_fast_nozero boundary=two_layer_e2e reference=mkl_fp32 rel_l2=0.0153573928 max_abs=931.074219 max_norm=0.014503169 pass=1
CORRECT graph=regular-n137-q130 method=shared_b16_fast_nozero boundary=two_layer_e2e reference=mkl_bf16_inputs rel_l2=0.00556495005 max_abs=384.765625 max_norm=0.00604654378 pass=1
CORRECT graph=regular-n137-q130 method=shared_b16_fast_nozero boundary=two_layer_e2e reference=mkl_fp32 rel_l2=0.0157454752 max_abs=971.695312 max_norm=0.0151359162 pass=1
CORRECT graph=regular-n137-q130 method=shared_b16_accurate_nozero boundary=two_layer_e2e reference=mkl_bf16_inputs rel_l2=5.13009715e-07 max_abs=0.04296875 max_norm=6.75248544e-07 pass=1
CORRECT graph=regular-n137-q130 method=shared_b16_accurate_nozero boundary=two_layer_e2e reference=mkl_fp32 rel_l2=0.010416534 max_abs=615.339844 max_norm=0.0095850337 pass=1
CORRECT graph=regular-n137-q130 method=shared_b32_fast_nozero boundary=two_layer_e2e reference=mkl_bf16_inputs rel_l2=0.00561689076 max_abs=390.011719 max_norm=0.00612898549 pass=1
CORRECT graph=regular-n137-q130 method=shared_b32_fast_nozero boundary=two_layer_e2e reference=mkl_fp32 rel_l2=0.0157904562 max_abs=983.011719 max_norm=0.0153121898 pass=1
CORRECT graph=regular-n137-q130 method=shared_b32_accurate_nozero boundary=two_layer_e2e reference=mkl_bf16_inputs rel_l2=4.33709576e-06 max_abs=0.269042969 max_norm=4.22797668e-06 pass=1
CORRECT graph=regular-n137-q130 method=shared_b32_accurate_nozero boundary=two_layer_e2e reference=mkl_fp32 rel_l2=0.0104166183 max_abs=615.371094 max_norm=0.00958552048 pass=1
CORRECT graph=regular-n137-q130 method=replay_b32_fast_nozero boundary=two_layer_e2e reference=mkl_bf16_inputs rel_l2=0.00561689076 max_abs=390.011719 max_norm=0.00612898549 pass=1
CORRECT graph=regular-n137-q130 method=replay_b32_fast_nozero boundary=two_layer_e2e reference=mkl_fp32 rel_l2=0.0157904562 max_abs=983.011719 max_norm=0.0153121898 pass=1
CORRECT graph=regular-n137-q130 method=shared_b64_fast_nozero boundary=two_layer_e2e reference=mkl_bf16_inputs rel_l2=0.00573649274 max_abs=405.777344 max_norm=0.00637674032 pass=1
CORRECT graph=regular-n137-q130 method=shared_b64_fast_nozero boundary=two_layer_e2e reference=mkl_fp32 rel_l2=0.0158573642 max_abs=1007.50391 max_norm=0.0156937 pass=1
CORRECT graph=regular-n137-q130 method=shared_b64_accurate_nozero boundary=two_layer_e2e reference=mkl_bf16_inputs rel_l2=9.74643753e-06 max_abs=0.74609375 max_norm=1.17247702e-05 pass=1
CORRECT graph=regular-n137-q130 method=shared_b64_accurate_nozero boundary=two_layer_e2e reference=mkl_fp32 rel_l2=0.010418818 max_abs=615.746094 max_norm=0.00959136178 pass=1
CORRECT graph=regular-n137-q130 method=shared_bfull_fast_nozero boundary=two_layer_e2e reference=mkl_bf16_inputs rel_l2=0.0059268854 max_abs=492.191406 max_norm=0.00773472652 pass=1
CORRECT graph=regular-n137-q130 method=shared_bfull_fast_nozero boundary=two_layer_e2e reference=mkl_fp32 rel_l2=0.0159461744 max_abs=1054.76172 max_norm=0.0164298261 pass=1
CORRECT graph=regular-n137-q130 method=shared_bfull_accurate_nozero boundary=two_layer_e2e reference=mkl_bf16_inputs rel_l2=1.29191839e-05 max_abs=0.900390625 max_norm=1.41495263e-05 pass=1
CORRECT graph=regular-n137-q130 method=shared_bfull_accurate_nozero boundary=two_layer_e2e reference=mkl_fp32 rel_l2=0.0104179615 max_abs=615.421875 max_norm=0.00958631149 pass=1
CORRECT graph=regular-n137-q130 method=replay_bfull_fast_nozero boundary=two_layer_e2e reference=mkl_bf16_inputs rel_l2=0.0059268854 max_abs=492.191406 max_norm=0.00773472652 pass=1
CORRECT graph=regular-n137-q130 method=replay_bfull_fast_nozero boundary=two_layer_e2e reference=mkl_fp32 rel_l2=0.0159461744 max_abs=1054.76172 max_norm=0.0164298261 pass=1
TIME graph=regular-n137-q130 method=mkl_bf16_inputs e2e rep=0 ms=0.076056 L1=0.041008 act_convert=0.007153 L2=0.027895
TIME graph=regular-n137-q130 method=original e2e rep=0 ms=0.357866 L1=0.173807 act_convert=0.009060 L2=0.174999
TIME graph=regular-n137-q130 method=original_nozero e2e rep=0 ms=0.357151 L1=0.169039 act_convert=0.010014 L2=0.178099
TIME graph=regular-n137-q130 method=shared_b1_fast_nozero e2e rep=0 ms=0.845909 L1=0.416040 act_convert=0.010014 L2=0.419855
TIME graph=regular-n137-q130 method=shared_b1_accurate_nozero e2e rep=0 ms=1.470804 L1=0.728846 act_convert=0.010014 L2=0.731945
TIME graph=regular-n137-q130 method=shared_b2_fast_nozero e2e rep=0 ms=0.595093 L1=0.293016 act_convert=0.009060 L2=0.293016
TIME graph=regular-n137-q130 method=shared_b2_accurate_nozero e2e rep=0 ms=0.928879 L1=0.490904 act_convert=0.010014 L2=0.427961
TIME graph=regular-n137-q130 method=shared_b4_fast_nozero e2e rep=0 ms=0.420094 L1=0.230074 act_convert=0.008106 L2=0.181913
TIME graph=regular-n137-q130 method=shared_b4_accurate_nozero e2e rep=0 ms=0.478983 L1=0.235796 act_convert=0.009060 L2=0.234127
TIME graph=regular-n137-q130 method=shared_b8_fast_nozero e2e rep=0 ms=0.257969 L1=0.130892 act_convert=0.009060 L2=0.118017
TIME graph=regular-n137-q130 method=shared_b8_accurate_nozero e2e rep=0 ms=0.298023 L1=0.146151 act_convert=0.008821 L2=0.143051
TIME graph=regular-n137-q130 method=replay_b8_fast_nozero e2e rep=0 ms=0.349045 L1=0.170946 act_convert=0.008106 L2=0.169992
TIME graph=regular-n137-q130 method=shared_b16_fast_nozero e2e rep=0 ms=0.192165 L1=0.086069 act_convert=0.011921 L2=0.094175
TIME graph=regular-n137-q130 method=shared_b16_accurate_nozero e2e rep=0 ms=0.204086 L1=0.097990 act_convert=0.009060 L2=0.097036
TIME graph=regular-n137-q130 method=shared_b32_fast_nozero e2e rep=0 ms=0.144958 L1=0.068903 act_convert=0.009060 L2=0.066996
TIME graph=regular-n137-q130 method=shared_b32_accurate_nozero e2e rep=0 ms=0.205040 L1=0.118971 act_convert=0.008106 L2=0.077963
TIME graph=regular-n137-q130 method=replay_b32_fast_nozero e2e rep=0 ms=0.238895 L1=0.114918 act_convert=0.010967 L2=0.113010
TIME graph=regular-n137-q130 method=shared_b64_fast_nozero e2e rep=0 ms=0.138044 L1=0.069141 act_convert=0.007868 L2=0.061035
TIME graph=regular-n137-q130 method=shared_b64_accurate_nozero e2e rep=0 ms=0.153065 L1=0.064850 act_convert=0.008106 L2=0.080109
TIME graph=regular-n137-q130 method=shared_bfull_fast_nozero e2e rep=0 ms=0.134945 L1=0.066996 act_convert=0.007868 L2=0.060081
TIME graph=regular-n137-q130 method=shared_bfull_accurate_nozero e2e rep=0 ms=0.140905 L1=0.066996 act_convert=0.009060 L2=0.064850
TIME graph=regular-n137-q130 method=replay_bfull_fast_nozero e2e rep=0 ms=0.262022 L1=0.129938 act_convert=0.010014 L2=0.122070
TIME graph=regular-n137-q130 method=mkl_fp32 e2e rep=0 ms=0.070095 L1=0.036955 act_convert=0.002146 L2=0.030994
COMPLETE graph=regular-n137-q130 status=PASS max_rss_kib=25812
