BOUNDARY PASS D=17 K=1 d=7 ref_max=5.96046e-08 amx_emulator_rel=7.95562e-08
BOUNDARY PASS D=17 K=1 d=32 ref_max=1.04308e-07 amx_emulator_rel=1.57942e-07
BOUNDARY PASS D=17 K=1 d=40 ref_max=1.19209e-07 amx_emulator_rel=1.39069e-07
BOUNDARY PASS D=17 K=1 d=47 ref_max=1.86265e-07 amx_emulator_rel=9.26437e-08
BOUNDARY PASS D=17 K=2 d=7 ref_max=5.96046e-08 amx_emulator_rel=7.7879e-08
BOUNDARY PASS D=17 K=2 d=32 ref_max=8.9407e-08 amx_emulator_rel=7.16775e-08
BOUNDARY PASS D=17 K=2 d=40 ref_max=1.41561e-07 amx_emulator_rel=1.25082e-07
BOUNDARY PASS D=17 K=2 d=47 ref_max=1.22935e-07 amx_emulator_rel=1.18227e-07
BOUNDARY PASS D=17 K=4 d=7 ref_max=7.45058e-08 amx_emulator_rel=8.51786e-08
BOUNDARY PASS D=17 K=4 d=32 ref_max=2.08616e-07 amx_emulator_rel=1.72113e-07
BOUNDARY PASS D=17 K=4 d=40 ref_max=9.68575e-08 amx_emulator_rel=1.20953e-07
BOUNDARY PASS D=17 K=4 d=47 ref_max=1.11759e-07 amx_emulator_rel=1.09812e-07
BOUNDARY PASS D=17 K=8 d=7 ref_max=5.96046e-08 amx_emulator_rel=1.08111e-07
BOUNDARY PASS D=17 K=8 d=32 ref_max=1.19209e-07 amx_emulator_rel=9.33987e-08
BOUNDARY PASS D=17 K=8 d=40 ref_max=2.5332e-07 amx_emulator_rel=1.32471e-07
BOUNDARY PASS D=17 K=8 d=47 ref_max=1.78814e-07 amx_emulator_rel=2.15668e-07
BOUNDARY PASS D=33 K=1 d=7 ref_max=5.21541e-08 amx_emulator_rel=2.10628e-07
BOUNDARY PASS D=33 K=1 d=32 ref_max=2.08616e-07 amx_emulator_rel=3.65713e-07
BOUNDARY PASS D=33 K=1 d=40 ref_max=2.68221e-07 amx_emulator_rel=2.86853e-07
BOUNDARY PASS D=33 K=1 d=47 ref_max=2.38419e-07 amx_emulator_rel=3.46484e-07
BOUNDARY PASS D=33 K=2 d=7 ref_max=1.63913e-07 amx_emulator_rel=2.48506e-07
BOUNDARY PASS D=33 K=2 d=32 ref_max=2.38419e-07 amx_emulator_rel=2.63946e-07
BOUNDARY PASS D=33 K=2 d=40 ref_max=2.38419e-07 amx_emulator_rel=3.1072e-07
BOUNDARY PASS D=33 K=2 d=47 ref_max=1.63913e-07 amx_emulator_rel=2.76954e-07
BOUNDARY PASS D=33 K=4 d=7 ref_max=2.08616e-07 amx_emulator_rel=1.97703e-07
BOUNDARY PASS D=33 K=4 d=32 ref_max=2.01166e-07 amx_emulator_rel=3.32757e-07
BOUNDARY PASS D=33 K=4 d=40 ref_max=4.76837e-07 amx_emulator_rel=4.73325e-07
BOUNDARY PASS D=33 K=4 d=47 ref_max=2.68221e-07 amx_emulator_rel=3.41031e-07
BOUNDARY PASS D=33 K=8 d=7 ref_max=2.08616e-07 amx_emulator_rel=2.82302e-07
BOUNDARY PASS D=33 K=8 d=32 ref_max=2.38419e-07 amx_emulator_rel=3.13317e-07
BOUNDARY PASS D=33 K=8 d=40 ref_max=3.27826e-07 amx_emulator_rel=3.77364e-07
BOUNDARY PASS D=33 K=8 d=47 ref_max=3.57628e-07 amx_emulator_rel=3.12888e-07
BOUNDARY PASS D=128 K=1 d=7 ref_max=4.91738e-07 amx_emulator_rel=3.2542e-07
BOUNDARY PASS D=128 K=1 d=32 ref_max=6.55651e-07 amx_emulator_rel=6.97583e-07
BOUNDARY PASS D=128 K=1 d=40 ref_max=7.15256e-07 amx_emulator_rel=8.06856e-07
BOUNDARY PASS D=128 K=1 d=47 ref_max=5.66244e-07 amx_emulator_rel=8.58118e-07
BOUNDARY PASS D=128 K=2 d=7 ref_max=4.76837e-07 amx_emulator_rel=5.94906e-07
BOUNDARY PASS D=128 K=2 d=32 ref_max=1.01328e-06 amx_emulator_rel=1.40124e-06
BOUNDARY PASS D=128 K=2 d=40 ref_max=6.55651e-07 amx_emulator_rel=1.045e-06
BOUNDARY PASS D=128 K=2 d=47 ref_max=1.43051e-06 amx_emulator_rel=1.36761e-06
BOUNDARY PASS D=128 K=4 d=7 ref_max=4.76837e-07 amx_emulator_rel=4.506e-07
BOUNDARY PASS D=128 K=4 d=32 ref_max=9.53674e-07 amx_emulator_rel=9.56781e-07
BOUNDARY PASS D=128 K=4 d=40 ref_max=8.34465e-07 amx_emulator_rel=1.45595e-06
BOUNDARY PASS D=128 K=4 d=47 ref_max=1.07288e-06 amx_emulator_rel=9.98919e-07
BOUNDARY PASS D=128 K=8 d=7 ref_max=7.15256e-07 amx_emulator_rel=8.02944e-07
BOUNDARY PASS D=128 K=8 d=32 ref_max=7.7486e-07 amx_emulator_rel=9.38507e-07
BOUNDARY PASS D=128 K=8 d=40 ref_max=1.3113e-06 amx_emulator_rel=1.39894e-06
BOUNDARY PASS D=128 K=8 d=47 ref_max=1.19209e-06 amx_emulator_rel=1.01672e-06
BOUNDARY PASS D=256 K=1 d=7 ref_max=1.13249e-06 amx_emulator_rel=2.49845e-06
BOUNDARY PASS D=256 K=1 d=32 ref_max=1.01328e-06 amx_emulator_rel=1.13099e-06
BOUNDARY PASS D=256 K=1 d=40 ref_max=1.66893e-06 amx_emulator_rel=1.22191e-06
BOUNDARY PASS D=256 K=1 d=47 ref_max=1.19209e-06 amx_emulator_rel=1.34748e-06
BOUNDARY PASS D=256 K=2 d=7 ref_max=8.71718e-07 amx_emulator_rel=1.13151e-06
BOUNDARY PASS D=256 K=2 d=32 ref_max=1.43051e-06 amx_emulator_rel=1.75925e-06
BOUNDARY PASS D=256 K=2 d=40 ref_max=2.38419e-06 amx_emulator_rel=1.64722e-06
BOUNDARY PASS D=256 K=2 d=47 ref_max=1.66893e-06 amx_emulator_rel=2.10911e-06
BOUNDARY PASS D=256 K=4 d=7 ref_max=1.3113e-06 amx_emulator_rel=2.16824e-06
BOUNDARY PASS D=256 K=4 d=32 ref_max=1.66893e-06 amx_emulator_rel=2.03556e-06
BOUNDARY PASS D=256 K=4 d=40 ref_max=2.26498e-06 amx_emulator_rel=2.10202e-06
BOUNDARY PASS D=256 K=4 d=47 ref_max=3.33786e-06 amx_emulator_rel=2.62888e-06
BOUNDARY PASS D=256 K=8 d=7 ref_max=1.51992e-06 amx_emulator_rel=1.41939e-06
BOUNDARY PASS D=256 K=8 d=32 ref_max=2.6226e-06 amx_emulator_rel=2.46092e-06
BOUNDARY PASS D=256 K=8 d=40 ref_max=2.14577e-06 amx_emulator_rel=2.18507e-06
BOUNDARY PASS D=256 K=8 d=47 ref_max=2.14577e-06 amx_emulator_rel=2.0738e-06
NEGATIVE PASS nonfinite_input
NEGATIVE PASS nonmonotone_CSR
NEGATIVE PASS out_of_range_source
NEGATIVE PASS wrong_parameter_size
NEGATIVE PASS error_size_mismatch
NEGATIVE PASS allocation_overflow
TESTS PASS boundary_cases=64 R0_FP64_oracle=true
