CONFIG N=169343 E=2484941 Din=128 C=40 threads=16 check_runs=1 warmups=1 repeats=3 degree_sort_ms=16.845621 seed=11 untrained=true LR_policy=fp32 panel=64 tile_rows=16 attention_independent=true master_abs_gate=.003 performance=EXPLORATORY task_accuracy=UNVERIFIED
PATH_SEMANTICS B0_BF16=standard_transform_first_all_layers HYBRID_T16_B32=TFS_DegreeSort_TR16_Online_PH_UW_all_layers_with_L3_original_block_fallback TFS_L12_B0_L3_MATCHED=TFS_hybrid_L1_L2_plus_standard_BF16_transform_first_L3_with_contracted_FP32_LR
STATIC layer=1 weight_and_bLR_prepare_ms=1.747874 heads_workspace_bytes=283556224 full_Z_bytes=0 edge_score_bytes=0 alpha_bytes=0 optimized_U_bytes=1048576 local_V_bytes=262144
STATIC layer=2 weight_and_bLR_prepare_ms=0.292729 heads_workspace_bytes=328349824 full_Z_bytes=0 edge_score_bytes=0 alpha_bytes=0 optimized_U_bytes=2097152 local_V_bytes=262144
STATIC layer=3 weight_and_bLR_prepare_ms=0.077999 heads_workspace_bytes=122516784 full_Z_bytes=0 edge_score_bytes=0 alpha_bytes=0 optimized_U_bytes=0 local_V_bytes=0
CHECK path=B0_BF16 layer=1 reference=B0_FP32_own_output_3layer max_abs_error=0.00294017791748 mean_abs_error=0.000310601022267 relative_L2_error=0.00190785210806 finite=1 original_abs_003_gate=PASS task_accuracy=UNVERIFIED
CHECK path=B0_BF16 layer=2 reference=B0_FP32_own_output_3layer max_abs_error=0.00309580564499 mean_abs_error=0.00039252464584 relative_L2_error=0.00253741964854 finite=1 original_abs_003_gate=FAIL task_accuracy=UNVERIFIED
CHECK path=B0_BF16 layer=3 reference=B0_FP32_own_output_3layer max_abs_error=0.00333481281996 mean_abs_error=0.000497330746597 relative_L2_error=0.00310539759334 finite=1 original_abs_003_gate=FAIL task_accuracy=UNVERIFIED
CHECK path=HYBRID_T16_B32 layer=1 reference=B0_FP32_own_output_3layer max_abs_error=0.00367766618729 mean_abs_error=0.000402974956004 relative_L2_error=0.0025075653956 finite=1 original_abs_003_gate=FAIL task_accuracy=UNVERIFIED
CHECK path=HYBRID_T16_B32 layer=2 reference=B0_FP32_own_output_3layer max_abs_error=0.00409214198589 mean_abs_error=0.000468031771371 relative_L2_error=0.00304284939684 finite=1 original_abs_003_gate=FAIL task_accuracy=UNVERIFIED
CHECK path=HYBRID_T16_B32 layer=3 reference=B0_FP32_own_output_3layer max_abs_error=0.00414323806763 mean_abs_error=0.000570817679284 relative_L2_error=0.00354014047562 finite=1 original_abs_003_gate=FAIL task_accuracy=UNVERIFIED
CHECK path=TFS_L12_B0_L3_MATCHED layer=1 reference=B0_FP32_own_output_3layer max_abs_error=0.00367766618729 mean_abs_error=0.000402974956004 relative_L2_error=0.0025075653956 finite=1 original_abs_003_gate=FAIL task_accuracy=UNVERIFIED
CHECK path=TFS_L12_B0_L3_MATCHED layer=2 reference=B0_FP32_own_output_3layer max_abs_error=0.00409214198589 mean_abs_error=0.000468031771371 relative_L2_error=0.00304284939684 finite=1 original_abs_003_gate=FAIL task_accuracy=UNVERIFIED
CHECK path=TFS_L12_B0_L3_MATCHED layer=3 reference=B0_FP32_own_output_3layer max_abs_error=0.00359213352203 mean_abs_error=0.000510107940741 relative_L2_error=0.00318383446822 finite=1 original_abs_003_gate=FAIL task_accuracy=UNVERIFIED
{"path":"B0_BF16","rep":0,"layer":1,"e2e_ms":68.317544,"layer_ms":29.828667,"projection_ms":4.071166,"conversion_ms":0.63863,"lr_ms":1.257105,"max_prescan_ms":0.643322,"kernel_ms":20.495822,"normalization_ms":1.280964,"activation_ms":1.441163,"block":0}
{"path":"B0_BF16","rep":0,"layer":2,"e2e_ms":68.317544,"layer_ms":31.148472,"projection_ms":4.56239,"conversion_ms":1.279908,"lr_ms":1.287473,"max_prescan_ms":0.719736,"kernel_ms":20.635175,"normalization_ms":1.236367,"activation_ms":1.426977,"block":0}
{"path":"B0_BF16","rep":0,"layer":3,"e2e_ms":68.317544,"layer_ms":7.338564,"projection_ms":1.032222,"conversion_ms":1.23365,"lr_ms":0.216896,"max_prescan_ms":0.417217,"kernel_ms":4.246306,"normalization_ms":0.1918,"activation_ms":2.9e-05,"block":0}
{"path":"HYBRID_T16_B32","rep":0,"layer":1,"e2e_ms":122.713668,"layer_ms":37.373121,"projection_ms":0,"conversion_ms":0.653843,"lr_ms":1.014851,"max_prescan_ms":0,"kernel_ms":33.058457,"normalization_ms":1.229772,"activation_ms":1.415515,"block":32}
{"path":"HYBRID_T16_B32","rep":0,"layer":2,"e2e_ms":122.713668,"layer_ms":61.147139,"projection_ms":0,"conversion_ms":1.254546,"lr_ms":1.427749,"max_prescan_ms":0,"kernel_ms":55.796249,"normalization_ms":1.241305,"activation_ms":1.42689,"block":32}
{"path":"HYBRID_T16_B32","rep":0,"layer":3,"e2e_ms":122.713668,"layer_ms":24.187715,"projection_ms":0,"conversion_ms":1.238346,"lr_ms":1.302927,"max_prescan_ms":0,"kernel_ms":21.444307,"normalization_ms":0.201551,"activation_ms":0.000155,"block":32}
{"path":"TFS_L12_B0_L3_MATCHED","rep":0,"layer":1,"e2e_ms":105.773026,"layer_ms":36.599628,"projection_ms":0,"conversion_ms":0.625511,"lr_ms":1.028549,"max_prescan_ms":0,"kernel_ms":32.285726,"normalization_ms":1.250222,"activation_ms":1.409208,"block":32}
{"path":"TFS_L12_B0_L3_MATCHED","rep":0,"layer":2,"e2e_ms":105.773026,"layer_ms":60.526562,"projection_ms":0,"conversion_ms":1.248843,"lr_ms":1.443332,"max_prescan_ms":0,"kernel_ms":55.191543,"normalization_ms":1.242147,"activation_ms":1.400178,"block":32}
{"path":"TFS_L12_B0_L3_MATCHED","rep":0,"layer":3,"e2e_ms":105.773026,"layer_ms":8.642804,"projection_ms":1.0243,"conversion_ms":1.247102,"lr_ms":1.359572,"max_prescan_ms":0.422466,"kernel_ms":4.394327,"normalization_ms":0.194462,"activation_ms":2.7e-05,"block":0}
{"path":"TFS_L12_B0_L3_MATCHED","rep":1,"layer":1,"e2e_ms":105.083747,"layer_ms":36.700438,"projection_ms":0,"conversion_ms":0.630749,"lr_ms":1.01644,"max_prescan_ms":0,"kernel_ms":32.398934,"normalization_ms":1.23179,"activation_ms":1.422178,"block":32}
{"path":"TFS_L12_B0_L3_MATCHED","rep":1,"layer":2,"e2e_ms":105.083747,"layer_ms":59.763796,"projection_ms":0,"conversion_ms":1.239906,"lr_ms":1.440144,"max_prescan_ms":0,"kernel_ms":54.43912,"normalization_ms":1.231477,"activation_ms":1.41265,"block":32}
{"path":"TFS_L12_B0_L3_MATCHED","rep":1,"layer":3,"e2e_ms":105.083747,"layer_ms":8.615851,"projection_ms":1.034264,"conversion_ms":1.247796,"lr_ms":1.323689,"max_prescan_ms":0.420591,"kernel_ms":4.391011,"normalization_ms":0.197976,"activation_ms":5.5e-05,"block":0}
{"path":"HYBRID_T16_B32","rep":1,"layer":1,"e2e_ms":118.40886,"layer_ms":38.250637,"projection_ms":0,"conversion_ms":1.333316,"lr_ms":1.018292,"max_prescan_ms":0,"kernel_ms":33.242071,"normalization_ms":1.246878,"activation_ms":1.409597,"block":32}
{"path":"HYBRID_T16_B32","rep":1,"layer":2,"e2e_ms":118.40886,"layer_ms":56.407237,"projection_ms":0,"conversion_ms":1.249337,"lr_ms":1.437715,"max_prescan_ms":0,"kernel_ms":51.069855,"normalization_ms":1.233703,"activation_ms":1.416141,"block":32}
{"path":"HYBRID_T16_B32","rep":1,"layer":3,"e2e_ms":118.40886,"layer_ms":23.745462,"projection_ms":0,"conversion_ms":1.239074,"lr_ms":1.31414,"max_prescan_ms":0,"kernel_ms":20.99287,"normalization_ms":0.198886,"activation_ms":0.000125,"block":32}
{"path":"B0_BF16","rep":1,"layer":1,"e2e_ms":68.463011,"layer_ms":29.976082,"projection_ms":4.198357,"conversion_ms":0.623899,"lr_ms":1.25692,"max_prescan_ms":0.660572,"kernel_ms":20.503826,"normalization_ms":1.291685,"activation_ms":1.440344,"block":0}
{"path":"B0_BF16","rep":1,"layer":2,"e2e_ms":68.463011,"layer_ms":31.101903,"projection_ms":4.49946,"conversion_ms":1.28768,"lr_ms":1.286314,"max_prescan_ms":0.703656,"kernel_ms":20.679538,"normalization_ms":1.2304,"activation_ms":1.414323,"block":0}
{"path":"B0_BF16","rep":1,"layer":3,"e2e_ms":68.463011,"layer_ms":7.382866,"projection_ms":1.034834,"conversion_ms":1.24562,"lr_ms":0.21887,"max_prescan_ms":0.420129,"kernel_ms":4.272981,"normalization_ms":0.190009,"activation_ms":4.1e-05,"block":0}
{"path":"B0_BF16","rep":2,"layer":1,"e2e_ms":68.193199,"layer_ms":29.808014,"projection_ms":4.080814,"conversion_ms":0.650814,"lr_ms":1.251729,"max_prescan_ms":0.626974,"kernel_ms":20.456645,"normalization_ms":1.28675,"activation_ms":1.453897,"block":0}
{"path":"B0_BF16","rep":2,"layer":2,"e2e_ms":68.193199,"layer_ms":31.047141,"projection_ms":4.483434,"conversion_ms":1.282748,"lr_ms":1.290977,"max_prescan_ms":0.720587,"kernel_ms":20.619899,"normalization_ms":1.220816,"activation_ms":1.42822,"block":0}
{"path":"B0_BF16","rep":2,"layer":3,"e2e_ms":68.193199,"layer_ms":7.336495,"projection_ms":1.026826,"conversion_ms":1.23287,"lr_ms":0.217862,"max_prescan_ms":0.420185,"kernel_ms":4.24868,"normalization_ms":0.189505,"activation_ms":2.9e-05,"block":0}
{"path":"HYBRID_T16_B32","rep":2,"layer":1,"e2e_ms":117.240306,"layer_ms":36.744834,"projection_ms":0,"conversion_ms":0.653926,"lr_ms":1.0195,"max_prescan_ms":0,"kernel_ms":32.394815,"normalization_ms":1.251156,"activation_ms":1.4248,"block":32}
{"path":"HYBRID_T16_B32","rep":2,"layer":2,"e2e_ms":117.240306,"layer_ms":57.729483,"projection_ms":0,"conversion_ms":1.249758,"lr_ms":1.451246,"max_prescan_ms":0,"kernel_ms":52.381706,"normalization_ms":1.225517,"activation_ms":1.420869,"block":32}
{"path":"HYBRID_T16_B32","rep":2,"layer":3,"e2e_ms":117.240306,"layer_ms":22.759247,"projection_ms":0,"conversion_ms":1.249585,"lr_ms":1.356883,"max_prescan_ms":0,"kernel_ms":19.944831,"normalization_ms":0.207243,"activation_ms":3.5e-05,"block":32}
{"path":"TFS_L12_B0_L3_MATCHED","rep":2,"layer":1,"e2e_ms":102.521411,"layer_ms":35.874242,"projection_ms":0,"conversion_ms":0.633975,"lr_ms":1.022963,"max_prescan_ms":0,"kernel_ms":31.557546,"normalization_ms":1.243664,"activation_ms":1.41551,"block":32}
{"path":"TFS_L12_B0_L3_MATCHED","rep":2,"layer":2,"e2e_ms":102.521411,"layer_ms":58.01083,"projection_ms":0,"conversion_ms":1.25738,"lr_ms":1.427636,"max_prescan_ms":0,"kernel_ms":52.674114,"normalization_ms":1.235297,"activation_ms":1.415911,"block":32}
{"path":"TFS_L12_B0_L3_MATCHED","rep":2,"layer":3,"e2e_ms":102.521411,"layer_ms":8.632228,"projection_ms":1.025459,"conversion_ms":1.247192,"lr_ms":1.337619,"max_prescan_ms":0.442082,"kernel_ms":4.385247,"normalization_ms":0.193912,"activation_ms":3.2e-05,"block":0}
CHECK path=HYBRID_T16_B32 layer=2 reference=FP32_same_input_same_contracted_LR_no_ELU max_abs_error=0.00321514904499 mean_abs_error=0.000388065674769 relative_L2_error=0.00231560181911 finite=1 original_abs_003_gate=FAIL task_accuracy=UNVERIFIED
CHECK path=TFS_L12_B0_L3_MATCHED layer=2 reference=FP32_same_input_same_contracted_LR_no_ELU max_abs_error=0.00321514904499 mean_abs_error=0.000388065674769 relative_L2_error=0.00231560181911 finite=1 original_abs_003_gate=FAIL task_accuracy=UNVERIFIED
CHECK path=TFS_L12_B0_L3_MATCHED layer=3 reference=same_input_full_TFS_L3 max_abs_error=0.00193884968758 mean_abs_error=0.0002521458543 relative_L2_error=0.00154570610019 finite=1 original_abs_003_gate=PASS task_accuracy=UNVERIFIED
PROFILE_IDENTITY path=HYBRID_T16_B32 layer=1 bit_fingerprint_equal=1
HYBRID_MIX path=HYBRID_T16_B32 layer=1 threshold=16 avx_rowblocks=136796 amx_rowblocks=60790 avx_edges=859636 AMX_P_tile_load_bytes=62248960 physical_to_useful_PH_FMA=1.91159307203
PROFILE path=HYBRID_T16_B32 layer=1 optimized=1 layer_wall_ms=38.999476 kernel_wall_ms=34.650546 sampled_head_tiles=664 worker_times_are_sampled_sums=true source_index_worker_ms=0.039013 score_worker_ms=0.552554 block_max_worker_ms=0.226986 exp_den_worker_ms=0.057556 H_pack_worker_ms=0.476717 P_pack_worker_ms=0.086489 PH_load_worker_ms=0.214147 PH_compute_worker_ms=1.066502 PH_store_scatter_worker_ms=0.097019 UB_convert_worker_ms=0.136212 UW_load_worker_ms=0.307684 UW_compute_worker_ms=0.394489 V_store_worker_ms=0.044502 V_reload_worker_ms=0.019951 row_rescale_worker_ms=0.010819 transition_worker_ms=0.050477 output_write_worker_ms=0.296323 scheduling_worker_ms=0.189735 tile_config_worker_ms=0.037551 fallback_gather_worker_ms=0 fallback_UB_convert_worker_ms=0 fallback_AMX_load_compute_worker_ms=0 baseline_rescale_store_worker_ms=0 baseline_rescale_vector_worker_ms=0.010819 baseline_rescale_reload_worker_ms=0 fallback_final_store_worker_ms=0 instruction_span_timers_have_overhead=true
ONLINE_STATS path=HYBRID_T16_B32 layer=1 block=32 heads=8 D=128 d=32 edges=2484941 blocks=1580688 max_updates_including_initial=1400775 rescales=46031 rescale_per_block=0.0291208638264 P50=0 P90=0 P95=0 P99=0.5 rescaled_feature_elements=1472992 rescale_events=11188 spill_bytes=0 reload_bytes=0 UW_calls=809664 UW_physical_FMA=6632767488 head_tiles=84672 projection_groups=101208
HEAD_WORK path=HYBRID_T16_B32 layer=1 optimized=1 PH_calls=972640 PH_physical_FMA=4864200704 PH_useful_FMA=2544579584 raw_H_bytes=636144896 packed_H_bytes=497991680 UB_scatter_bytes=809312256 head_switch_store_bytes=207273984 head_switch_reload_bytes=33865728 sparse_width_amplification=4 traffic_is_logical_not_DRAM=true no_full_Z_U_e_alpha=true bounded_V_in_local_memory=true
PROFILE_IDENTITY path=HYBRID_T16_B32 layer=2 bit_fingerprint_equal=1
HYBRID_MIX path=HYBRID_T16_B32 layer=2 threshold=16 avx_rowblocks=136796 amx_rowblocks=60790 avx_edges=859636 AMX_P_tile_load_bytes=62248960 physical_to_useful_PH_FMA=1.91159307203
PROFILE path=HYBRID_T16_B32 layer=2 optimized=1 layer_wall_ms=60.157341 kernel_wall_ms=54.843988 sampled_head_tiles=664 worker_times_are_sampled_sums=true source_index_worker_ms=0.03891 score_worker_ms=0.641499 block_max_worker_ms=0.250147 exp_den_worker_ms=0.062679 H_pack_worker_ms=0.924765 P_pack_worker_ms=0.079648 PH_load_worker_ms=0.306511 PH_compute_worker_ms=2.04854 PH_store_scatter_worker_ms=0.20305 UB_convert_worker_ms=0.30523 UW_load_worker_ms=0.594094 UW_compute_worker_ms=0.566095 V_store_worker_ms=0.049844 V_reload_worker_ms=0.019674 row_rescale_worker_ms=0.010475 transition_worker_ms=0.054491 output_write_worker_ms=0.276893 scheduling_worker_ms=0.18027 tile_config_worker_ms=0.042446 fallback_gather_worker_ms=0 fallback_UB_convert_worker_ms=0 fallback_AMX_load_compute_worker_ms=0 baseline_rescale_store_worker_ms=0 baseline_rescale_vector_worker_ms=0.010475 baseline_rescale_reload_worker_ms=0 fallback_final_store_worker_ms=0 instruction_span_timers_have_overhead=true
ONLINE_STATS path=HYBRID_T16_B32 layer=2 block=32 heads=8 D=256 d=32 edges=2484941 blocks=1580688 max_updates_including_initial=1403434 rescales=48690 rescale_per_block=0.0308030427257 P50=0 P90=0 P95=0 P99=0.5 rescaled_feature_elements=1558080 rescale_events=11374 spill_bytes=0 reload_bytes=0 UW_calls=1619328 UW_physical_FMA=13265534976 head_tiles=84672 projection_groups=101208
HEAD_WORK path=HYBRID_T16_B32 layer=2 optimized=1 PH_calls=1945280 PH_physical_FMA=9728401408 PH_useful_FMA=5089159168 raw_H_bytes=1272289792 packed_H_bytes=995983360 UB_scatter_bytes=1618624512 head_switch_store_bytes=207273984 head_switch_reload_bytes=33865728 sparse_width_amplification=8 traffic_is_logical_not_DRAM=true no_full_Z_U_e_alpha=true bounded_V_in_local_memory=true
PROFILE_IDENTITY path=HYBRID_T16_B32 layer=3 bit_fingerprint_equal=1
PROFILE path=HYBRID_T16_B32 layer=3 optimized=0 layer_wall_ms=23.834385 kernel_wall_ms=21.059639 sampled_head_tiles=83 worker_times_are_sampled_sums=true source_index_worker_ms=0 score_worker_ms=0.176187 block_max_worker_ms=0.035153 exp_den_worker_ms=0.01179 H_pack_worker_ms=0 P_pack_worker_ms=0 PH_load_worker_ms=0 PH_compute_worker_ms=0 PH_store_scatter_worker_ms=0 UB_convert_worker_ms=0 UW_load_worker_ms=0 UW_compute_worker_ms=0 V_store_worker_ms=0 V_reload_worker_ms=0 row_rescale_worker_ms=0 transition_worker_ms=0 output_write_worker_ms=0.10528 scheduling_worker_ms=0.110092 tile_config_worker_ms=0.047672 fallback_gather_worker_ms=1.236477 fallback_UB_convert_worker_ms=0.046905 fallback_AMX_load_compute_worker_ms=0.131051 baseline_rescale_store_worker_ms=0.000952 baseline_rescale_vector_worker_ms=0.001847 baseline_rescale_reload_worker_ms=0.000986 fallback_final_store_worker_ms=0.008045 instruction_span_timers_have_overhead=true
ONLINE_STATS path=HYBRID_T16_B32 layer=3 block=32 heads=1 D=256 d=40 edges=2484941 blocks=197586 max_updates_including_initial=175525 rescales=6182 rescale_per_block=0.031287641837 P50=0 P90=0 P95=0 P99=0.5 rescaled_feature_elements=247280 rescale_events=1430 spill_bytes=4392960 reload_bytes=4392960 UW_calls=303624 UW_physical_FMA=2487287808 head_tiles=10584 projection_groups=12651
HEAD_WORK path=HYBRID_T16_B32 layer=3 optimized=0 PH_calls=0 PH_physical_FMA=0 PH_useful_FMA=0 raw_H_bytes=0 packed_H_bytes=0 UB_scatter_bytes=0 head_switch_store_bytes=0 head_switch_reload_bytes=0 sparse_width_amplification=6.4 traffic_is_logical_not_DRAM=true no_full_Z_U_e_alpha=true bounded_V_in_local_memory=true
ICPP_ADAPTIVE_COMPLETE hybrid_smoke_and_same_input_L3_control=true
ICPP_HEADS_COMPLETE architecture=DegreeSort_TR16_sharedH_PH_AMX_UW_fusion_in_L1_L2_only_for_mixed_path no_global_U_Z_e_alpha_in_TFS_layers=true independent_heads=true source_width_amplification_retained=true master_gate=SEE_PER_LAYER_ERRORS performance=EXPLORATORY task_accuracy=UNVERIFIED
