CONFIG N=2449029 E=126167053 Din=100 C=47 threads=16 check_runs=1 warmups=1 repeats=3 degree_sort_ms=346.509003 seed=11 untrained=true LR_policy=fp32 panel=64 tile_rows=16 attention_independent=true master_abs_gate=.003 performance=EXPLORATORY task_accuracy=UNVERIFIED
PATH_SEMANTICS B0_BF16=standard_transform_first_all_layers HYBRID_T16_B32=TFS_DegreeSort_TR16_Online_PH_UW_all_layers_with_L3_original_block_fallback TFS_L12_B0_L3_MATCHED=TFS_hybrid_L1_L2_plus_standard_BF16_transform_first_L3_with_contracted_FP32_LR
STATIC layer=1 weight_and_bLR_prepare_ms=1.721919 heads_workspace_bytes=3939808104 full_Z_bytes=0 edge_score_bytes=0 alpha_bytes=0 optimized_U_bytes=1048576 local_V_bytes=262144
STATIC layer=2 weight_and_bLR_prepare_ms=0.310437 heads_workspace_bytes=4705346944 full_Z_bytes=0 edge_score_bytes=0 alpha_bytes=0 optimized_U_bytes=2097152 local_V_bytes=262144
STATIC layer=3 weight_and_bLR_prepare_ms=0.089608 heads_workspace_bytes=1832463516 full_Z_bytes=0 edge_score_bytes=0 alpha_bytes=0 optimized_U_bytes=0 local_V_bytes=0
CHECK path=B0_BF16 layer=1 reference=B0_FP32_own_output_3layer max_abs_error=14.9706115723 mean_abs_error=0.00119692686635 relative_L2_error=0.00353063576973 finite=1 original_abs_003_gate=FAIL task_accuracy=UNVERIFIED
CHECK path=B0_BF16 layer=2 reference=B0_FP32_own_output_3layer max_abs_error=35.8837661743 mean_abs_error=0.00723928537782 relative_L2_error=0.011932822175 finite=1 original_abs_003_gate=FAIL task_accuracy=UNVERIFIED
CHECK path=B0_BF16 layer=3 reference=B0_FP32_own_output_3layer max_abs_error=25.1209583282 mean_abs_error=0.016643214169 relative_L2_error=0.0253783411542 finite=1 original_abs_003_gate=FAIL task_accuracy=UNVERIFIED
CHECK path=HYBRID_T16_B32 layer=1 reference=B0_FP32_own_output_3layer max_abs_error=1.22430419922 mean_abs_error=0.0011230727669 relative_L2_error=0.00237684422387 finite=1 original_abs_003_gate=FAIL task_accuracy=UNVERIFIED
CHECK path=HYBRID_T16_B32 layer=2 reference=B0_FP32_own_output_3layer max_abs_error=26.5632553101 mean_abs_error=0.00557453588738 relative_L2_error=0.00599230947635 finite=1 original_abs_003_gate=FAIL task_accuracy=UNVERIFIED
CHECK path=HYBRID_T16_B32 layer=3 reference=B0_FP32_own_output_3layer max_abs_error=6.04776668549 mean_abs_error=0.0139365293404 relative_L2_error=0.0151266325711 finite=1 original_abs_003_gate=FAIL task_accuracy=UNVERIFIED
CHECK path=TFS_L12_B0_L3_MATCHED layer=1 reference=B0_FP32_own_output_3layer max_abs_error=1.22430419922 mean_abs_error=0.0011230727669 relative_L2_error=0.00237684422387 finite=1 original_abs_003_gate=FAIL task_accuracy=UNVERIFIED
CHECK path=TFS_L12_B0_L3_MATCHED layer=2 reference=B0_FP32_own_output_3layer max_abs_error=26.5632553101 mean_abs_error=0.00557453588738 relative_L2_error=0.00599230947635 finite=1 original_abs_003_gate=FAIL task_accuracy=UNVERIFIED
CHECK path=TFS_L12_B0_L3_MATCHED layer=3 reference=B0_FP32_own_output_3layer max_abs_error=6.04630470276 mean_abs_error=0.0136147638564 relative_L2_error=0.0150554117596 finite=1 original_abs_003_gate=FAIL task_accuracy=UNVERIFIED
{"path":"B0_BF16","rep":0,"layer":1,"e2e_ms":3847.163187,"layer_ms":1657.345338,"projection_ms":57.675966,"conversion_ms":8.411231,"lr_ms":18.461447,"max_prescan_ms":40.083086,"kernel_ms":1491.799255,"normalization_ms":19.243916,"activation_ms":21.670022,"block":0}
{"path":"B0_BF16","rep":0,"layer":2,"e2e_ms":3847.163187,"layer_ms":1686.829256,"projection_ms":65.657546,"conversion_ms":19.478309,"lr_ms":19.184524,"max_prescan_ms":39.776944,"kernel_ms":1502.168112,"normalization_ms":19.0279,"activation_ms":21.535385,"block":0}
{"path":"B0_BF16","rep":0,"layer":3,"e2e_ms":3847.163187,"layer_ms":502.986269,"projection_ms":15.502345,"conversion_ms":19.240223,"lr_ms":3.923112,"max_prescan_ms":32.03242,"kernel_ms":429.113874,"normalization_ms":3.173786,"activation_ms":3.6e-05,"block":0}
{"path":"HYBRID_T16_B32","rep":0,"layer":1,"e2e_ms":4081.443804,"layer_ms":1090.569717,"projection_ms":0,"conversion_ms":8.939082,"lr_ms":12.375678,"max_prescan_ms":0,"kernel_ms":1029.420701,"normalization_ms":18.303643,"activation_ms":21.529971,"block":32}
{"path":"HYBRID_T16_B32","rep":0,"layer":2,"e2e_ms":4081.443804,"layer_ms":1820.097383,"projection_ms":0,"conversion_ms":18.515984,"lr_ms":21.416631,"max_prescan_ms":0,"kernel_ms":1738.755302,"normalization_ms":18.944941,"activation_ms":22.464119,"block":32}
{"path":"HYBRID_T16_B32","rep":0,"layer":3,"e2e_ms":4081.443804,"layer_ms":1170.771525,"projection_ms":0,"conversion_ms":18.690184,"lr_ms":19.829798,"max_prescan_ms":0,"kernel_ms":1129.096216,"normalization_ms":3.154511,"activation_ms":2.6e-05,"block":32}
{"path":"TFS_L12_B0_L3_MATCHED","rep":0,"layer":1,"e2e_ms":3411.045965,"layer_ms":1090.880461,"projection_ms":0,"conversion_ms":7.71827,"lr_ms":12.292327,"max_prescan_ms":0,"kernel_ms":1031.247952,"normalization_ms":18.384251,"activation_ms":21.237246,"block":32}
{"path":"TFS_L12_B0_L3_MATCHED","rep":0,"layer":2,"e2e_ms":3411.045965,"layer_ms":1801.184954,"projection_ms":0,"conversion_ms":18.418816,"lr_ms":21.03479,"max_prescan_ms":0,"kernel_ms":1720.36094,"normalization_ms":18.900579,"activation_ms":22.469418,"block":32}
{"path":"TFS_L12_B0_L3_MATCHED","rep":0,"layer":3,"e2e_ms":3411.045965,"layer_ms":518.97592,"projection_ms":15.154257,"conversion_ms":18.627034,"lr_ms":20.493115,"max_prescan_ms":32.50792,"kernel_ms":429.022739,"normalization_ms":3.169809,"activation_ms":3.4e-05,"block":0}
{"path":"TFS_L12_B0_L3_MATCHED","rep":1,"layer":1,"e2e_ms":3431.652315,"layer_ms":1088.836998,"projection_ms":0,"conversion_ms":7.993128,"lr_ms":12.255778,"max_prescan_ms":0,"kernel_ms":1028.821928,"normalization_ms":18.329573,"activation_ms":21.436307,"block":32}
{"path":"TFS_L12_B0_L3_MATCHED","rep":1,"layer":2,"e2e_ms":3431.652315,"layer_ms":1825.457017,"projection_ms":0,"conversion_ms":18.419113,"lr_ms":21.294478,"max_prescan_ms":0,"kernel_ms":1744.39858,"normalization_ms":18.902395,"activation_ms":22.441959,"block":32}
{"path":"TFS_L12_B0_L3_MATCHED","rep":1,"layer":3,"e2e_ms":3431.652315,"layer_ms":517.355022,"projection_ms":14.966712,"conversion_ms":18.467169,"lr_ms":20.113336,"max_prescan_ms":31.869177,"kernel_ms":428.76072,"normalization_ms":3.177399,"activation_ms":2.5e-05,"block":0}
{"path":"HYBRID_T16_B32","rep":1,"layer":1,"e2e_ms":4032.908114,"layer_ms":1096.214084,"projection_ms":0,"conversion_ms":7.986771,"lr_ms":12.295737,"max_prescan_ms":0,"kernel_ms":1036.021457,"normalization_ms":18.326323,"activation_ms":21.583071,"block":32}
{"path":"HYBRID_T16_B32","rep":1,"layer":2,"e2e_ms":4032.908114,"layer_ms":1794.584079,"projection_ms":0,"conversion_ms":18.334473,"lr_ms":21.172605,"max_prescan_ms":0,"kernel_ms":1713.624201,"normalization_ms":18.854576,"activation_ms":22.597824,"block":32}
{"path":"HYBRID_T16_B32","rep":1,"layer":3,"e2e_ms":4032.908114,"layer_ms":1142.103761,"projection_ms":0,"conversion_ms":18.638696,"lr_ms":20.373872,"max_prescan_ms":0,"kernel_ms":1099.941121,"normalization_ms":3.1494,"activation_ms":2.4e-05,"block":32}
{"path":"B0_BF16","rep":1,"layer":1,"e2e_ms":3845.102705,"layer_ms":1658.242978,"projection_ms":57.909651,"conversion_ms":8.235517,"lr_ms":18.49047,"max_prescan_ms":40.044294,"kernel_ms":1492.173487,"normalization_ms":19.29036,"activation_ms":22.098585,"block":0}
{"path":"B0_BF16","rep":1,"layer":2,"e2e_ms":3845.102705,"layer_ms":1685.912755,"projection_ms":65.723556,"conversion_ms":19.409905,"lr_ms":18.625609,"max_prescan_ms":39.643198,"kernel_ms":1501.989077,"normalization_ms":18.984687,"activation_ms":21.536195,"block":0}
{"path":"B0_BF16","rep":1,"layer":3,"e2e_ms":3845.102705,"layer_ms":500.944129,"projection_ms":15.576621,"conversion_ms":19.190628,"lr_ms":3.921526,"max_prescan_ms":31.967369,"kernel_ms":427.11007,"normalization_ms":3.177267,"activation_ms":3.8e-05,"block":0}
{"path":"B0_BF16","rep":2,"layer":1,"e2e_ms":3844.654807,"layer_ms":1651.278148,"projection_ms":57.667239,"conversion_ms":8.952482,"lr_ms":18.354085,"max_prescan_ms":39.916283,"kernel_ms":1485.44938,"normalization_ms":19.248379,"activation_ms":21.689935,"block":0}
{"path":"B0_BF16","rep":2,"layer":2,"e2e_ms":3844.654807,"layer_ms":1689.866335,"projection_ms":66.186868,"conversion_ms":19.254994,"lr_ms":18.54904,"max_prescan_ms":39.548816,"kernel_ms":1505.74876,"normalization_ms":19.025261,"activation_ms":21.551869,"block":0}
{"path":"B0_BF16","rep":2,"layer":3,"e2e_ms":3844.654807,"layer_ms":503.508773,"projection_ms":15.611348,"conversion_ms":19.222913,"lr_ms":3.969194,"max_prescan_ms":32.620371,"kernel_ms":428.915423,"normalization_ms":3.168966,"activation_ms":2.5e-05,"block":0}
{"path":"HYBRID_T16_B32","rep":2,"layer":1,"e2e_ms":4029.49054,"layer_ms":1093.709006,"projection_ms":0,"conversion_ms":8.992537,"lr_ms":12.334846,"max_prescan_ms":0,"kernel_ms":1032.75078,"normalization_ms":18.382833,"activation_ms":21.247592,"block":32}
{"path":"HYBRID_T16_B32","rep":2,"layer":2,"e2e_ms":4029.49054,"layer_ms":1791.629822,"projection_ms":0,"conversion_ms":18.610535,"lr_ms":21.567826,"max_prescan_ms":0,"kernel_ms":1710.103594,"normalization_ms":18.86536,"activation_ms":22.481975,"block":32}
{"path":"HYBRID_T16_B32","rep":2,"layer":3,"e2e_ms":4029.49054,"layer_ms":1144.145306,"projection_ms":0,"conversion_ms":18.732848,"lr_ms":19.703181,"max_prescan_ms":0,"kernel_ms":1102.563841,"normalization_ms":3.144707,"activation_ms":3.4e-05,"block":32}
{"path":"TFS_L12_B0_L3_MATCHED","rep":2,"layer":1,"e2e_ms":3396.805978,"layer_ms":1084.02376,"projection_ms":0,"conversion_ms":7.709626,"lr_ms":12.232634,"max_prescan_ms":0,"kernel_ms":1024.440825,"normalization_ms":18.29334,"activation_ms":21.346741,"block":32}
{"path":"TFS_L12_B0_L3_MATCHED","rep":2,"layer":2,"e2e_ms":3396.805978,"layer_ms":1793.360352,"projection_ms":0,"conversion_ms":18.372868,"lr_ms":21.184456,"max_prescan_ms":0,"kernel_ms":1712.283283,"normalization_ms":18.91211,"activation_ms":22.607152,"block":32}
{"path":"TFS_L12_B0_L3_MATCHED","rep":2,"layer":3,"e2e_ms":3396.805978,"layer_ms":519.417838,"projection_ms":15.323761,"conversion_ms":18.869662,"lr_ms":20.299925,"max_prescan_ms":32.593263,"kernel_ms":429.162875,"normalization_ms":3.167441,"activation_ms":2.6e-05,"block":0}
CHECK path=HYBRID_T16_B32 layer=2 reference=FP32_same_input_same_contracted_LR_no_ELU max_abs_error=1.20500659943 mean_abs_error=0.00533872645262 relative_L2_error=0.00251972542838 finite=1 original_abs_003_gate=FAIL task_accuracy=UNVERIFIED
CHECK path=TFS_L12_B0_L3_MATCHED layer=2 reference=FP32_same_input_same_contracted_LR_no_ELU max_abs_error=1.20500659943 mean_abs_error=0.00533872645262 relative_L2_error=0.00251972542838 finite=1 original_abs_003_gate=FAIL task_accuracy=UNVERIFIED
CHECK path=TFS_L12_B0_L3_MATCHED layer=3 reference=same_input_full_TFS_L3 max_abs_error=0.448837280273 mean_abs_error=0.00216881072287 relative_L2_error=0.00128743728357 finite=1 original_abs_003_gate=FAIL task_accuracy=UNVERIFIED
PROFILE_IDENTITY path=HYBRID_T16_B32 layer=1 bit_fingerprint_equal=1
HYBRID_MIX path=HYBRID_T16_B32 layer=1 threshold=16 avx_rowblocks=1505008 amx_rowblocks=3855341 avx_edges=10971275 AMX_P_tile_load_bytes=3947869184 physical_to_useful_PH_FMA=2.60065805548
PROFILE path=HYBRID_T16_B32 layer=1 optimized=1 layer_wall_ms=1143.849185 kernel_wall_ms=1083.73099 sampled_head_tiles=9568 worker_times_are_sampled_sums=true source_index_worker_ms=1.358484 score_worker_ms=45.52931 block_max_worker_ms=11.952432 exp_den_worker_ms=2.464855 H_pack_worker_ms=63.304779 P_pack_worker_ms=5.371977 PH_load_worker_ms=14.875013 PH_compute_worker_ms=47.899204 PH_store_scatter_worker_ms=7.188826 UB_convert_worker_ms=4.540739 UW_load_worker_ms=8.248133 UW_compute_worker_ms=10.190024 V_store_worker_ms=1.159277 V_reload_worker_ms=0.967417 row_rescale_worker_ms=1.602037 transition_worker_ms=1.345736 output_write_worker_ms=4.48256 scheduling_worker_ms=2.912545 tile_config_worker_ms=0.051002 fallback_gather_worker_ms=0 fallback_UB_convert_worker_ms=0 fallback_AMX_load_compute_worker_ms=0 baseline_rescale_store_worker_ms=0 baseline_rescale_vector_worker_ms=1.602037 baseline_rescale_reload_worker_ms=0 fallback_final_store_worker_ms=0 instruction_span_timers_have_overhead=true
ONLINE_STATS path=HYBRID_T16_B32 layer=1 block=32 heads=8 D=100 d=32 edges=126167053 blocks=42882792 max_updates_including_initial=25358082 rescales=5765850 rescale_per_block=0.134456030755 P50=0 P90=0.333333333333 P95=0.5 P99=0.666666666667 rescaled_feature_elements=184507200 rescale_events=1282420 spill_bytes=0 reload_bytes=0 UW_calls=21477376 UW_physical_FMA=175942664192 head_tiles=1224520 projection_groups=2684672
HEAD_WORK path=HYBRID_T16_B32 layer=1 optimized=1 PH_calls=61685456 PH_physical_FMA=262493890176 PH_useful_FMA=100933642400 raw_H_bytes=25233410600 packed_H_bytes=31582953472 UB_scatter_bytes=21185425408 head_switch_store_bytes=5498208256 head_switch_reload_bytes=2990391296 sparse_width_amplification=3.125 traffic_is_logical_not_DRAM=true no_full_Z_U_e_alpha=true bounded_V_in_local_memory=true
PROFILE_IDENTITY path=HYBRID_T16_B32 layer=2 bit_fingerprint_equal=1
HYBRID_MIX path=HYBRID_T16_B32 layer=2 threshold=16 avx_rowblocks=1505008 amx_rowblocks=3855341 avx_edges=10971275 AMX_P_tile_load_bytes=3947869184 physical_to_useful_PH_FMA=2.04263389587
PROFILE path=HYBRID_T16_B32 layer=2 optimized=1 layer_wall_ms=1818.961325 kernel_wall_ms=1737.798 sampled_head_tiles=9568 worker_times_are_sampled_sums=true source_index_worker_ms=1.490922 score_worker_ms=48.786763 block_max_worker_ms=12.202396 exp_den_worker_ms=2.99127 H_pack_worker_ms=110.022981 P_pack_worker_ms=6.372254 PH_load_worker_ms=22.60122 PH_compute_worker_ms=62.621274 PH_store_scatter_worker_ms=14.539998 UB_convert_worker_ms=8.126359 UW_load_worker_ms=16.473371 UW_compute_worker_ms=14.202877 V_store_worker_ms=1.255178 V_reload_worker_ms=1.027778 row_rescale_worker_ms=1.353632 transition_worker_ms=1.041984 output_write_worker_ms=5.110623 scheduling_worker_ms=2.880908 tile_config_worker_ms=0.053917 fallback_gather_worker_ms=0 fallback_UB_convert_worker_ms=0 fallback_AMX_load_compute_worker_ms=0 baseline_rescale_store_worker_ms=0 baseline_rescale_vector_worker_ms=1.353632 baseline_rescale_reload_worker_ms=0 fallback_final_store_worker_ms=0 instruction_span_timers_have_overhead=true
ONLINE_STATS path=HYBRID_T16_B32 layer=2 block=32 heads=8 D=256 d=32 edges=126167053 blocks=42882792 max_updates_including_initial=24071094 rescales=4478862 rescale_per_block=0.104444272192 P50=0 P90=0.333333333333 P95=0.5 P99=0.5 rescaled_feature_elements=143323584 rescale_events=1203064 spill_bytes=0 reload_bytes=0 UW_calls=42954752 UW_physical_FMA=351885328384 head_tiles=1224520 projection_groups=2684672
HEAD_WORK path=HYBRID_T16_B32 layer=2 optimized=1 PH_calls=123370912 PH_physical_FMA=527796426752 PH_useful_FMA=258390124544 raw_H_bytes=64597531136 packed_H_bytes=63165906944 UB_scatter_bytes=43911979008 head_switch_store_bytes=5498208256 head_switch_reload_bytes=2990391296 sparse_width_amplification=8 traffic_is_logical_not_DRAM=true no_full_Z_U_e_alpha=true bounded_V_in_local_memory=true
PROFILE_IDENTITY path=HYBRID_T16_B32 layer=3 bit_fingerprint_equal=1
PROFILE path=HYBRID_T16_B32 layer=3 optimized=0 layer_wall_ms=1181.673761 kernel_wall_ms=1140.506669 sampled_head_tiles=1196 worker_times_are_sampled_sums=true source_index_worker_ms=0 score_worker_ms=15.848052 block_max_worker_ms=1.638387 exp_den_worker_ms=0.373075 H_pack_worker_ms=0 P_pack_worker_ms=0 PH_load_worker_ms=0 PH_compute_worker_ms=0 PH_store_scatter_worker_ms=0 UB_convert_worker_ms=0 UW_load_worker_ms=0 UW_compute_worker_ms=0 V_store_worker_ms=0 V_reload_worker_ms=0 row_rescale_worker_ms=0 transition_worker_ms=0 output_write_worker_ms=1.967316 scheduling_worker_ms=2.495675 tile_config_worker_ms=0.05254 fallback_gather_worker_ms=119.625803 fallback_UB_convert_worker_ms=1.197301 fallback_AMX_load_compute_worker_ms=3.128109 baseline_rescale_store_worker_ms=0.151366 baseline_rescale_vector_worker_ms=0.236774 baseline_rescale_reload_worker_ms=0.09914 fallback_final_store_worker_ms=0.125633 instruction_span_timers_have_overhead=true
ONLINE_STATS path=HYBRID_T16_B32 layer=3 block=32 heads=1 D=256 d=47 edges=126167053 blocks=5360349 max_updates_including_initial=3253753 rescales=804724 rescale_per_block=0.150125299677 P50=0 P90=0.4 P95=0.5 P99=0.666666666667 rescaled_feature_elements=37822028 rescale_events=162175 spill_bytes=498201600 reload_bytes=498201600 UW_calls=8054016 UW_physical_FMA=65978499072 head_tiles=153065 projection_groups=335584
HEAD_WORK path=HYBRID_T16_B32 layer=3 optimized=0 PH_calls=0 PH_physical_FMA=0 PH_useful_FMA=0 raw_H_bytes=0 packed_H_bytes=0 UB_scatter_bytes=0 head_switch_store_bytes=0 head_switch_reload_bytes=0 sparse_width_amplification=5.44680851064 traffic_is_logical_not_DRAM=true no_full_Z_U_e_alpha=true bounded_V_in_local_memory=true
ICPP_ADAPTIVE_COMPLETE hybrid_smoke_and_same_input_L3_control=true
ICPP_HEADS_COMPLETE architecture=DegreeSort_TR16_sharedH_PH_AMX_UW_fusion_in_L1_L2_only_for_mixed_path no_global_U_Z_e_alpha_in_TFS_layers=true independent_heads=true source_width_amplification_retained=true master_gate=SEE_PER_LAYER_ERRORS performance=EXPLORATORY task_accuracy=UNVERIFIED
