GRAPH_VALUES name=mycielskian19 checked=903194710 nonunit=0 implicit_ones=0
CORRECT graph=mycielskian19 method=mkl_bf16_inputs boundary=kernel_sample reference=fp64_bf16_inputs rel_l2=6.17825542e-07 max_abs=0.0171089619 max_norm=7.87193247e-07 pass=1
CONFIG graph=mycielskian19 N=393215 E=903194710 threads=32 R=64 D=128 F=128 repeats=10 warmups=1
CORRECT graph=mycielskian19 method=mkl_fp32 boundary=kernel_full reference=mkl_bf16_inputs rel_l2=0.00434895578 max_abs=60.0566406 max_norm=0.00276324096 pass=1
CORRECT graph=mycielskian19 method=mkl_fp32 boundary=kernel_full reference=mkl_fp32 rel_l2=0 max_abs=0 max_norm=0 pass=1
CORRECT graph=mycielskian19 method=mkl_fp32 boundary=kernel_sample reference=fp64_bf16_inputs rel_l2=0.0031088871 max_abs=60.0555129 max_norm=0.00276318893 pass=1
CORRECT graph=mycielskian19 method=mkl_bf16_inputs boundary=kernel_full reference=mkl_bf16_inputs rel_l2=0 max_abs=0 max_norm=0 pass=1
CORRECT graph=mycielskian19 method=mkl_bf16_inputs boundary=kernel_full reference=mkl_fp32 rel_l2=0.00433283084 max_abs=60.0566406 max_norm=0.0027556265 pass=1
CORRECT graph=mycielskian19 method=mkl_bf16_inputs boundary=kernel_sample reference=fp64_bf16_inputs rel_l2=6.17825542e-07 max_abs=0.0171089619 max_norm=7.87193247e-07 pass=1
CORRECT graph=mycielskian19 method=original boundary=kernel_full reference=mkl_bf16_inputs rel_l2=5.03731244e-06 max_abs=0.568359375 max_norm=2.61505454e-05 pass=1
CORRECT graph=mycielskian19 method=original boundary=kernel_full reference=mkl_fp32 rel_l2=0.00433286569 max_abs=59.9433594 max_norm=0.00275042873 pass=1
CORRECT graph=mycielskian19 method=original boundary=kernel_sample reference=fp64_bf16_inputs rel_l2=1.25077496e-05 max_abs=0.567304149 max_norm=2.61019925e-05 pass=1
CORRECT graph=mycielskian19 method=original_nozero boundary=kernel_full reference=mkl_bf16_inputs rel_l2=5.03731244e-06 max_abs=0.568359375 max_norm=2.61505454e-05 pass=1
CORRECT graph=mycielskian19 method=original_nozero boundary=kernel_full reference=mkl_fp32 rel_l2=0.00433286569 max_abs=59.9433594 max_norm=0.00275042873 pass=1
CORRECT graph=mycielskian19 method=original_nozero boundary=kernel_sample reference=fp64_bf16_inputs rel_l2=1.25077496e-05 max_abs=0.567304149 max_norm=2.61019925e-05 pass=1
CORRECT graph=mycielskian19 method=original_nozero boundary=nozero_identity reference=unchanged_original rel_l2=0 max_abs=0 max_norm=0 pass=1
CORRECT graph=mycielskian19 method=shared_b2_fast_nozero boundary=kernel_full reference=mkl_bf16_inputs rel_l2=0.00207189645 max_abs=39.5507812 max_norm=0.00181975445 pass=1
CORRECT graph=mycielskian19 method=shared_b2_fast_nozero boundary=kernel_full reference=mkl_fp32 rel_l2=0.0059704824 max_abs=99.03125 max_norm=0.00454392943 pass=1
CORRECT graph=mycielskian19 method=shared_b2_fast_nozero boundary=kernel_sample reference=fp64_bf16_inputs rel_l2=0.00170163282 max_abs=39.5512477 max_norm=0.00181977581 pass=1
CORRECT graph=mycielskian19 method=shared_b2_accurate_nozero boundary=kernel_full reference=mkl_bf16_inputs rel_l2=5.00603963e-06 max_abs=0.580078125 max_norm=2.66897319e-05 pass=1
CORRECT graph=mycielskian19 method=shared_b2_accurate_nozero boundary=kernel_full reference=mkl_fp32 rel_l2=0.00433281722 max_abs=59.7695312 max_norm=0.00274245283 pass=1
CORRECT graph=mycielskian19 method=shared_b2_accurate_nozero boundary=kernel_sample reference=fp64_bf16_inputs rel_l2=1.19791454e-05 max_abs=0.583851621 max_norm=2.68633512e-05 pass=1
CORRECT graph=mycielskian19 method=shared_b4_fast_nozero boundary=kernel_full reference=mkl_bf16_inputs rel_l2=0.00274610374 max_abs=51.4785156 max_norm=0.00236855644 pass=1
CORRECT graph=mycielskian19 method=shared_b4_fast_nozero boundary=kernel_full reference=mkl_fp32 rel_l2=0.0066401326 max_abs=110.710938 max_norm=0.0050798378 pass=1
CORRECT graph=mycielskian19 method=shared_b4_fast_nozero boundary=kernel_sample reference=fp64_bf16_inputs rel_l2=0.00246337245 max_abs=51.4774604 max_norm=0.00236850777 pass=1
CORRECT graph=mycielskian19 method=shared_b4_accurate_nozero boundary=kernel_full reference=mkl_bf16_inputs rel_l2=3.61284368e-06 max_abs=0.46875 max_norm=2.15674601e-05 pass=1
CORRECT graph=mycielskian19 method=shared_b4_accurate_nozero boundary=kernel_full reference=mkl_fp32 rel_l2=0.00433282683 max_abs=60.0742188 max_norm=0.00275643305 pass=1
CORRECT graph=mycielskian19 method=shared_b4_accurate_nozero boundary=kernel_sample reference=fp64_bf16_inputs rel_l2=9.10644135e-06 max_abs=0.4704445 max_norm=2.16454239e-05 pass=1
CORRECT graph=mycielskian19 method=shared_b8_fast_nozero boundary=kernel_full reference=mkl_bf16_inputs rel_l2=0.00294698547 max_abs=56.8730469 max_norm=0.00261676196 pass=1
CORRECT graph=mycielskian19 method=shared_b8_fast_nozero boundary=kernel_full reference=mkl_fp32 rel_l2=0.00685314389 max_abs=116.929688 max_norm=0.00536517764 pass=1
CORRECT graph=mycielskian19 method=shared_b8_fast_nozero boundary=kernel_sample reference=fp64_bf16_inputs rel_l2=0.00270083618 max_abs=56.8741746 max_norm=0.00261681371 pass=1
CORRECT graph=mycielskian19 method=shared_b8_accurate_nozero boundary=kernel_full reference=mkl_bf16_inputs rel_l2=2.57012188e-06 max_abs=0.275390625 max_norm=1.26708828e-05 pass=1
CORRECT graph=mycielskian19 method=shared_b8_accurate_nozero boundary=kernel_full reference=mkl_fp32 rel_l2=0.00433285831 max_abs=60.234375 max_norm=0.00276378163 pass=1
CORRECT graph=mycielskian19 method=shared_b8_accurate_nozero boundary=kernel_sample reference=fp64_bf16_inputs rel_l2=6.20492573e-06 max_abs=0.2775653 max_norm=1.27709402e-05 pass=1
CORRECT graph=mycielskian19 method=shared_b16_fast_nozero boundary=kernel_full reference=mkl_bf16_inputs rel_l2=0.00305090481 max_abs=67.5625 max_norm=0.00310858991 pass=1
CORRECT graph=mycielskian19 method=shared_b16_fast_nozero boundary=kernel_full reference=mkl_fp32 rel_l2=0.00695959559 max_abs=125.101562 max_norm=0.00574013427 pass=1
CORRECT graph=mycielskian19 method=shared_b16_fast_nozero boundary=kernel_sample reference=fp64_bf16_inputs rel_l2=0.00278973479 max_abs=67.5614448 max_norm=0.0031085412 pass=1
CORRECT graph=mycielskian19 method=shared_b16_accurate_nozero boundary=kernel_full reference=mkl_bf16_inputs rel_l2=2.30194924e-06 max_abs=0.25390625 max_norm=1.16823742e-05 pass=1
CORRECT graph=mycielskian19 method=shared_b16_accurate_nozero boundary=kernel_full reference=mkl_fp32 rel_l2=0.00433307459 max_abs=59.9960938 max_norm=0.00275284838 pass=1
CORRECT graph=mycielskian19 method=shared_b16_accurate_nozero boundary=kernel_sample reference=fp64_bf16_inputs rel_l2=4.48784327e-06 max_abs=0.256080925 max_norm=1.17824317e-05 pass=1
CORRECT graph=mycielskian19 method=shared_b32_fast_nozero boundary=kernel_full reference=mkl_bf16_inputs rel_l2=0.00306646547 max_abs=65.8359375 max_norm=0.00302914977 pass=1
CORRECT graph=mycielskian19 method=shared_b32_fast_nozero boundary=kernel_full reference=mkl_fp32 rel_l2=0.0069770751 max_abs=123.375 max_norm=0.00566091303 pass=1
CORRECT graph=mycielskian19 method=shared_b32_fast_nozero boundary=kernel_sample reference=fp64_bf16_inputs rel_l2=0.00282974055 max_abs=65.8348823 max_norm=0.00302910106 pass=1
CORRECT graph=mycielskian19 method=shared_b32_accurate_nozero boundary=kernel_full reference=mkl_bf16_inputs rel_l2=3.12127129e-06 max_abs=0.134765625 max_norm=6.20064478e-06 pass=1
CORRECT graph=mycielskian19 method=shared_b32_accurate_nozero boundary=kernel_full reference=mkl_fp32 rel_l2=0.00433378473 max_abs=60.1464844 max_norm=0.00275974887 pass=1
CORRECT graph=mycielskian19 method=shared_b32_accurate_nozero boundary=kernel_sample reference=fp64_bf16_inputs rel_l2=3.41945526e-06 max_abs=0.132035904 max_norm=6.07504839e-06 pass=1
CORRECT graph=mycielskian19 method=shared_b64_fast_nozero boundary=kernel_full reference=mkl_bf16_inputs rel_l2=0.00309400142 max_abs=63.9628906 max_norm=0.00294296979 pass=1
CORRECT graph=mycielskian19 method=shared_b64_fast_nozero boundary=kernel_full reference=mkl_fp32 rel_l2=0.0070037624 max_abs=122.824219 max_norm=0.0056356411 pass=1
CORRECT graph=mycielskian19 method=shared_b64_fast_nozero boundary=kernel_sample reference=fp64_bf16_inputs rel_l2=0.00284598634 max_abs=63.9588168 max_norm=0.0029427822 pass=1
CORRECT graph=mycielskian19 method=shared_b64_accurate_nozero boundary=kernel_full reference=mkl_bf16_inputs rel_l2=4.69781538e-06 max_abs=0.189453125 max_norm=8.71684845e-06 pass=1
CORRECT graph=mycielskian19 method=shared_b64_accurate_nozero boundary=kernel_full reference=mkl_fp32 rel_l2=0.00433511007 max_abs=60.1660156 max_norm=0.00276064504 pass=1
CORRECT graph=mycielskian19 method=shared_b64_accurate_nozero boundary=kernel_sample reference=fp64_bf16_inputs rel_l2=3.81602462e-06 max_abs=0.188397899 max_norm=8.66829646e-06 pass=1
CORRECT graph=mycielskian19 method=shared_bfull_fast_nozero boundary=kernel_full reference=mkl_bf16_inputs rel_l2=0.00329708937 max_abs=79.9277344 max_norm=0.00367752154 pass=1
CORRECT graph=mycielskian19 method=shared_bfull_fast_nozero boundary=kernel_full reference=mkl_fp32 rel_l2=0.00709582746 max_abs=137.466797 max_norm=0.00630749813 pass=1
CORRECT graph=mycielskian19 method=shared_bfull_fast_nozero boundary=kernel_sample reference=fp64_bf16_inputs rel_l2=0.0033796392 max_abs=79.9266791 max_norm=0.0036774728 pass=1
CORRECT graph=mycielskian19 method=shared_bfull_accurate_nozero boundary=kernel_full reference=mkl_bf16_inputs rel_l2=9.38007226e-06 max_abs=0.248046875 max_norm=1.1412781e-05 pass=1
CORRECT graph=mycielskian19 method=shared_bfull_accurate_nozero boundary=kernel_full reference=mkl_fp32 rel_l2=0.00433867025 max_abs=60.171875 max_norm=0.00276091389 pass=1
CORRECT graph=mycielskian19 method=shared_bfull_accurate_nozero boundary=kernel_sample reference=fp64_bf16_inputs rel_l2=9.92626754e-06 max_abs=0.243973076 max_norm=1.12253425e-05 pass=1
TIME graph=mycielskian19 method=mkl_bf16_inputs kernel rep=0 ms=1374.541044
TIME graph=mycielskian19 method=original kernel rep=0 ms=1004.411936
TIME graph=mycielskian19 method=original_nozero kernel rep=0 ms=941.259146
TIME graph=mycielskian19 method=shared_b2_fast_nozero kernel rep=0 ms=1275.850058
TIME graph=mycielskian19 method=shared_b2_accurate_nozero kernel rep=0 ms=1659.880877
TIME graph=mycielskian19 method=shared_b4_fast_nozero kernel rep=0 ms=843.235970
TIME graph=mycielskian19 method=shared_b4_accurate_nozero kernel rep=0 ms=1044.670105
TIME graph=mycielskian19 method=shared_b8_fast_nozero kernel rep=0 ms=673.959017
TIME graph=mycielskian19 method=shared_b8_accurate_nozero kernel rep=0 ms=756.438017
TIME graph=mycielskian19 method=shared_b16_fast_nozero kernel rep=0 ms=547.350168
TIME graph=mycielskian19 method=shared_b16_accurate_nozero kernel rep=0 ms=587.329865
TIME graph=mycielskian19 method=shared_b32_fast_nozero kernel rep=0 ms=532.045126
TIME graph=mycielskian19 method=shared_b32_accurate_nozero kernel rep=0 ms=546.268940
TIME graph=mycielskian19 method=shared_b64_fast_nozero kernel rep=0 ms=508.903980
TIME graph=mycielskian19 method=shared_b64_accurate_nozero kernel rep=0 ms=520.938158
TIME graph=mycielskian19 method=shared_bfull_fast_nozero kernel rep=0 ms=1074.964046
TIME graph=mycielskian19 method=shared_bfull_accurate_nozero kernel rep=0 ms=1023.169994
TIME graph=mycielskian19 method=mkl_fp32 kernel rep=0 ms=1421.445847
TIME graph=mycielskian19 method=original kernel rep=1 ms=993.682146
TIME graph=mycielskian19 method=original_nozero kernel rep=1 ms=948.457003
TIME graph=mycielskian19 method=shared_b2_fast_nozero kernel rep=1 ms=1318.144798
TIME graph=mycielskian19 method=shared_b2_accurate_nozero kernel rep=1 ms=1697.703123
TIME graph=mycielskian19 method=shared_b4_fast_nozero kernel rep=1 ms=796.051979
TIME graph=mycielskian19 method=shared_b4_accurate_nozero kernel rep=1 ms=1088.507891
TIME graph=mycielskian19 method=shared_b8_fast_nozero kernel rep=1 ms=643.622875
TIME graph=mycielskian19 method=shared_b8_accurate_nozero kernel rep=1 ms=734.733105
TIME graph=mycielskian19 method=shared_b16_fast_nozero kernel rep=1 ms=564.989805
TIME graph=mycielskian19 method=shared_b16_accurate_nozero kernel rep=1 ms=583.580971
TIME graph=mycielskian19 method=shared_b32_fast_nozero kernel rep=1 ms=502.324820
TIME graph=mycielskian19 method=shared_b32_accurate_nozero kernel rep=1 ms=528.582096
TIME graph=mycielskian19 method=shared_b64_fast_nozero kernel rep=1 ms=465.687990
TIME graph=mycielskian19 method=shared_b64_accurate_nozero kernel rep=1 ms=524.323940
TIME graph=mycielskian19 method=shared_bfull_fast_nozero kernel rep=1 ms=1041.329861
TIME graph=mycielskian19 method=shared_bfull_accurate_nozero kernel rep=1 ms=1036.162853
TIME graph=mycielskian19 method=mkl_fp32 kernel rep=1 ms=1418.402910
TIME graph=mycielskian19 method=mkl_bf16_inputs kernel rep=1 ms=1368.129015
TIME graph=mycielskian19 method=original_nozero kernel rep=2 ms=971.256018
TIME graph=mycielskian19 method=shared_b2_fast_nozero kernel rep=2 ms=1332.895041
TIME graph=mycielskian19 method=shared_b2_accurate_nozero kernel rep=2 ms=1758.631945
TIME graph=mycielskian19 method=shared_b4_fast_nozero kernel rep=2 ms=825.765133
TIME graph=mycielskian19 method=shared_b4_accurate_nozero kernel rep=2 ms=991.703033
TIME graph=mycielskian19 method=shared_b8_fast_nozero kernel rep=2 ms=609.380960
TIME graph=mycielskian19 method=shared_b8_accurate_nozero kernel rep=2 ms=796.010971
TIME graph=mycielskian19 method=shared_b16_fast_nozero kernel rep=2 ms=546.715975
TIME graph=mycielskian19 method=shared_b16_accurate_nozero kernel rep=2 ms=600.329161
TIME graph=mycielskian19 method=shared_b32_fast_nozero kernel rep=2 ms=524.737835
TIME graph=mycielskian19 method=shared_b32_accurate_nozero kernel rep=2 ms=499.625921
TIME graph=mycielskian19 method=shared_b64_fast_nozero kernel rep=2 ms=486.951113
TIME graph=mycielskian19 method=shared_b64_accurate_nozero kernel rep=2 ms=524.940968
TIME graph=mycielskian19 method=shared_bfull_fast_nozero kernel rep=2 ms=1008.245230
TIME graph=mycielskian19 method=shared_bfull_accurate_nozero kernel rep=2 ms=1032.025099
TIME graph=mycielskian19 method=mkl_fp32 kernel rep=2 ms=1419.945002
TIME graph=mycielskian19 method=mkl_bf16_inputs kernel rep=2 ms=1367.186069
TIME graph=mycielskian19 method=original kernel rep=2 ms=1020.019054
TIME graph=mycielskian19 method=shared_b2_fast_nozero kernel rep=3 ms=1258.412123
TIME graph=mycielskian19 method=shared_b2_accurate_nozero kernel rep=3 ms=1656.509876
TIME graph=mycielskian19 method=shared_b4_fast_nozero kernel rep=3 ms=795.187950
TIME graph=mycielskian19 method=shared_b4_accurate_nozero kernel rep=3 ms=1091.352940
TIME graph=mycielskian19 method=shared_b8_fast_nozero kernel rep=3 ms=677.560091
TIME graph=mycielskian19 method=shared_b8_accurate_nozero kernel rep=3 ms=762.707949
TIME graph=mycielskian19 method=shared_b16_fast_nozero kernel rep=3 ms=578.638792
TIME graph=mycielskian19 method=shared_b16_accurate_nozero kernel rep=3 ms=558.393955
TIME graph=mycielskian19 method=shared_b32_fast_nozero kernel rep=3 ms=517.842054
TIME graph=mycielskian19 method=shared_b32_accurate_nozero kernel rep=3 ms=534.715176
TIME graph=mycielskian19 method=shared_b64_fast_nozero kernel rep=3 ms=495.625019
TIME graph=mycielskian19 method=shared_b64_accurate_nozero kernel rep=3 ms=518.785000
TIME graph=mycielskian19 method=shared_bfull_fast_nozero kernel rep=3 ms=1014.289856
TIME graph=mycielskian19 method=shared_bfull_accurate_nozero kernel rep=3 ms=1028.551817
TIME graph=mycielskian19 method=mkl_fp32 kernel rep=3 ms=1420.839071
TIME graph=mycielskian19 method=mkl_bf16_inputs kernel rep=3 ms=1367.240906
TIME graph=mycielskian19 method=original kernel rep=3 ms=999.719858
TIME graph=mycielskian19 method=original_nozero kernel rep=3 ms=944.890022
TIME graph=mycielskian19 method=shared_b2_accurate_nozero kernel rep=4 ms=1765.056849
TIME graph=mycielskian19 method=shared_b4_fast_nozero kernel rep=4 ms=790.101051
TIME graph=mycielskian19 method=shared_b4_accurate_nozero kernel rep=4 ms=1016.547918
TIME graph=mycielskian19 method=shared_b8_fast_nozero kernel rep=4 ms=642.174006
TIME graph=mycielskian19 method=shared_b8_accurate_nozero kernel rep=4 ms=721.894026
TIME graph=mycielskian19 method=shared_b16_fast_nozero kernel rep=4 ms=573.044062
TIME graph=mycielskian19 method=shared_b16_accurate_nozero kernel rep=4 ms=596.109867
TIME graph=mycielskian19 method=shared_b32_fast_nozero kernel rep=4 ms=510.968924
TIME graph=mycielskian19 method=shared_b32_accurate_nozero kernel rep=4 ms=504.812956
TIME graph=mycielskian19 method=shared_b64_fast_nozero kernel rep=4 ms=525.710106
TIME graph=mycielskian19 method=shared_b64_accurate_nozero kernel rep=4 ms=509.154081
TIME graph=mycielskian19 method=shared_bfull_fast_nozero kernel rep=4 ms=1019.718885
TIME graph=mycielskian19 method=shared_bfull_accurate_nozero kernel rep=4 ms=1033.954859
TIME graph=mycielskian19 method=mkl_fp32 kernel rep=4 ms=1420.992136
TIME graph=mycielskian19 method=mkl_bf16_inputs kernel rep=4 ms=1367.655039
TIME graph=mycielskian19 method=original kernel rep=4 ms=966.128111
TIME graph=mycielskian19 method=original_nozero kernel rep=4 ms=924.769878
TIME graph=mycielskian19 method=shared_b2_fast_nozero kernel rep=4 ms=1292.905092
TIME graph=mycielskian19 method=shared_b4_fast_nozero kernel rep=5 ms=739.180803
TIME graph=mycielskian19 method=shared_b4_accurate_nozero kernel rep=5 ms=1087.920904
TIME graph=mycielskian19 method=shared_b8_fast_nozero kernel rep=5 ms=625.016928
TIME graph=mycielskian19 method=shared_b8_accurate_nozero kernel rep=5 ms=719.387054
TIME graph=mycielskian19 method=shared_b16_fast_nozero kernel rep=5 ms=572.918892
TIME graph=mycielskian19 method=shared_b16_accurate_nozero kernel rep=5 ms=531.982899
TIME graph=mycielskian19 method=shared_b32_fast_nozero kernel rep=5 ms=530.106783
TIME graph=mycielskian19 method=shared_b32_accurate_nozero kernel rep=5 ms=547.729969
TIME graph=mycielskian19 method=shared_b64_fast_nozero kernel rep=5 ms=486.609936
TIME graph=mycielskian19 method=shared_b64_accurate_nozero kernel rep=5 ms=512.403965
TIME graph=mycielskian19 method=shared_bfull_fast_nozero kernel rep=5 ms=1039.246082
TIME graph=mycielskian19 method=shared_bfull_accurate_nozero kernel rep=5 ms=1037.807941
TIME graph=mycielskian19 method=mkl_fp32 kernel rep=5 ms=1421.581984
TIME graph=mycielskian19 method=mkl_bf16_inputs kernel rep=5 ms=1369.362116
TIME graph=mycielskian19 method=original kernel rep=5 ms=947.034121
TIME graph=mycielskian19 method=original_nozero kernel rep=5 ms=957.285166
TIME graph=mycielskian19 method=shared_b2_fast_nozero kernel rep=5 ms=1331.288099
TIME graph=mycielskian19 method=shared_b2_accurate_nozero kernel rep=5 ms=1775.848866
TIME graph=mycielskian19 method=shared_b4_accurate_nozero kernel rep=6 ms=1002.634048
TIME graph=mycielskian19 method=shared_b8_fast_nozero kernel rep=6 ms=633.667946
TIME graph=mycielskian19 method=shared_b8_accurate_nozero kernel rep=6 ms=722.806931
TIME graph=mycielskian19 method=shared_b16_fast_nozero kernel rep=6 ms=576.386213
TIME graph=mycielskian19 method=shared_b16_accurate_nozero kernel rep=6 ms=584.783077
TIME graph=mycielskian19 method=shared_b32_fast_nozero kernel rep=6 ms=526.973963
TIME graph=mycielskian19 method=shared_b32_accurate_nozero kernel rep=6 ms=521.990061
TIME graph=mycielskian19 method=shared_b64_fast_nozero kernel rep=6 ms=500.279188
TIME graph=mycielskian19 method=shared_b64_accurate_nozero kernel rep=6 ms=503.377914
TIME graph=mycielskian19 method=shared_bfull_fast_nozero kernel rep=6 ms=1009.180069
TIME graph=mycielskian19 method=shared_bfull_accurate_nozero kernel rep=6 ms=1020.597935
TIME graph=mycielskian19 method=mkl_fp32 kernel rep=6 ms=1423.563957
TIME graph=mycielskian19 method=mkl_bf16_inputs kernel rep=6 ms=1368.142843
TIME graph=mycielskian19 method=original kernel rep=6 ms=931.883097
TIME graph=mycielskian19 method=original_nozero kernel rep=6 ms=949.388981
TIME graph=mycielskian19 method=shared_b2_fast_nozero kernel rep=6 ms=1326.784134
TIME graph=mycielskian19 method=shared_b2_accurate_nozero kernel rep=6 ms=1700.199842
TIME graph=mycielskian19 method=shared_b4_fast_nozero kernel rep=6 ms=819.885969
TIME graph=mycielskian19 method=shared_b8_fast_nozero kernel rep=7 ms=652.893066
TIME graph=mycielskian19 method=shared_b8_accurate_nozero kernel rep=7 ms=725.333929
TIME graph=mycielskian19 method=shared_b16_fast_nozero kernel rep=7 ms=529.267788
TIME graph=mycielskian19 method=shared_b16_accurate_nozero kernel rep=7 ms=598.009109
TIME graph=mycielskian19 method=shared_b32_fast_nozero kernel rep=7 ms=550.747156
TIME graph=mycielskian19 method=shared_b32_accurate_nozero kernel rep=7 ms=519.713879
TIME graph=mycielskian19 method=shared_b64_fast_nozero kernel rep=7 ms=482.886076
TIME graph=mycielskian19 method=shared_b64_accurate_nozero kernel rep=7 ms=534.840107
TIME graph=mycielskian19 method=shared_bfull_fast_nozero kernel rep=7 ms=1021.130085
TIME graph=mycielskian19 method=shared_bfull_accurate_nozero kernel rep=7 ms=1066.499949
TIME graph=mycielskian19 method=mkl_fp32 kernel rep=7 ms=1419.231892
TIME graph=mycielskian19 method=mkl_bf16_inputs kernel rep=7 ms=1368.147135
TIME graph=mycielskian19 method=original kernel rep=7 ms=971.853018
TIME graph=mycielskian19 method=original_nozero kernel rep=7 ms=916.412115
TIME graph=mycielskian19 method=shared_b2_fast_nozero kernel rep=7 ms=1268.043995
TIME graph=mycielskian19 method=shared_b2_accurate_nozero kernel rep=7 ms=1738.219023
TIME graph=mycielskian19 method=shared_b4_fast_nozero kernel rep=7 ms=856.467009
TIME graph=mycielskian19 method=shared_b4_accurate_nozero kernel rep=7 ms=1087.641001
TIME graph=mycielskian19 method=shared_b8_accurate_nozero kernel rep=8 ms=744.318962
TIME graph=mycielskian19 method=shared_b16_fast_nozero kernel rep=8 ms=595.628023
TIME graph=mycielskian19 method=shared_b16_accurate_nozero kernel rep=8 ms=551.939964
TIME graph=mycielskian19 method=shared_b32_fast_nozero kernel rep=8 ms=496.336937
TIME graph=mycielskian19 method=shared_b32_accurate_nozero kernel rep=8 ms=547.850132
TIME graph=mycielskian19 method=shared_b64_fast_nozero kernel rep=8 ms=518.800020
TIME graph=mycielskian19 method=shared_b64_accurate_nozero kernel rep=8 ms=500.221014
TIME graph=mycielskian19 method=shared_bfull_fast_nozero kernel rep=8 ms=1015.264988
TIME graph=mycielskian19 method=shared_bfull_accurate_nozero kernel rep=8 ms=1015.018940
TIME graph=mycielskian19 method=mkl_fp32 kernel rep=8 ms=1423.099041
TIME graph=mycielskian19 method=mkl_bf16_inputs kernel rep=8 ms=1368.884087
TIME graph=mycielskian19 method=original kernel rep=8 ms=983.437061
TIME graph=mycielskian19 method=original_nozero kernel rep=8 ms=909.518957
TIME graph=mycielskian19 method=shared_b2_fast_nozero kernel rep=8 ms=1270.670891
TIME graph=mycielskian19 method=shared_b2_accurate_nozero kernel rep=8 ms=1692.220926
TIME graph=mycielskian19 method=shared_b4_fast_nozero kernel rep=8 ms=806.914091
TIME graph=mycielskian19 method=shared_b4_accurate_nozero kernel rep=8 ms=1081.171989
TIME graph=mycielskian19 method=shared_b8_fast_nozero kernel rep=8 ms=618.042946
TIME graph=mycielskian19 method=shared_b16_fast_nozero kernel rep=9 ms=554.904938
TIME graph=mycielskian19 method=shared_b16_accurate_nozero kernel rep=9 ms=581.145048
TIME graph=mycielskian19 method=shared_b32_fast_nozero kernel rep=9 ms=520.776033
TIME graph=mycielskian19 method=shared_b32_accurate_nozero kernel rep=9 ms=562.766075
TIME graph=mycielskian19 method=shared_b64_fast_nozero kernel rep=9 ms=466.452837
TIME graph=mycielskian19 method=shared_b64_accurate_nozero kernel rep=9 ms=515.951157
TIME graph=mycielskian19 method=shared_bfull_fast_nozero kernel rep=9 ms=1051.100969
TIME graph=mycielskian19 method=shared_bfull_accurate_nozero kernel rep=9 ms=1021.947861
TIME graph=mycielskian19 method=mkl_fp32 kernel rep=9 ms=1423.341036
TIME graph=mycielskian19 method=mkl_bf16_inputs kernel rep=9 ms=1369.476080
TIME graph=mycielskian19 method=original kernel rep=9 ms=961.967945
TIME graph=mycielskian19 method=original_nozero kernel rep=9 ms=985.094070
TIME graph=mycielskian19 method=shared_b2_fast_nozero kernel rep=9 ms=1258.908987
TIME graph=mycielskian19 method=shared_b2_accurate_nozero kernel rep=9 ms=1655.007124
TIME graph=mycielskian19 method=shared_b4_fast_nozero kernel rep=9 ms=832.868099
TIME graph=mycielskian19 method=shared_b4_accurate_nozero kernel rep=9 ms=1051.403999
TIME graph=mycielskian19 method=shared_b8_fast_nozero kernel rep=9 ms=609.318018
TIME graph=mycielskian19 method=shared_b8_accurate_nozero kernel rep=9 ms=792.088985
CORRECT graph=mycielskian19 method=original boundary=instrumented_kernel reference=unchanged_original rel_l2=0 max_abs=0 max_norm=0 pass=1
CORRECT graph=mycielskian19 method=original_nozero boundary=instrumented_kernel reference=unchanged_original rel_l2=0 max_abs=0 max_norm=0 pass=1
CORRECT graph=mycielskian19 method=shared_b2_fast_nozero boundary=instrumented_kernel reference=mkl_bf16_inputs rel_l2=0.00207189645 max_abs=39.5507812 max_norm=0.00181975445 pass=1
CORRECT graph=mycielskian19 method=shared_b2_accurate_nozero boundary=instrumented_kernel reference=mkl_bf16_inputs rel_l2=5.00603963e-06 max_abs=0.580078125 max_norm=2.66897319e-05 pass=1
CORRECT graph=mycielskian19 method=shared_b4_fast_nozero boundary=instrumented_kernel reference=mkl_bf16_inputs rel_l2=0.00274610374 max_abs=51.4785156 max_norm=0.00236855644 pass=1
CORRECT graph=mycielskian19 method=shared_b4_accurate_nozero boundary=instrumented_kernel reference=mkl_bf16_inputs rel_l2=3.61284368e-06 max_abs=0.46875 max_norm=2.15674601e-05 pass=1
CORRECT graph=mycielskian19 method=shared_b8_fast_nozero boundary=instrumented_kernel reference=mkl_bf16_inputs rel_l2=0.00294698547 max_abs=56.8730469 max_norm=0.00261676196 pass=1
CORRECT graph=mycielskian19 method=shared_b8_accurate_nozero boundary=instrumented_kernel reference=mkl_bf16_inputs rel_l2=2.57012188e-06 max_abs=0.275390625 max_norm=1.26708828e-05 pass=1
CORRECT graph=mycielskian19 method=shared_b16_fast_nozero boundary=instrumented_kernel reference=mkl_bf16_inputs rel_l2=0.00305090481 max_abs=67.5625 max_norm=0.00310858991 pass=1
CORRECT graph=mycielskian19 method=shared_b16_accurate_nozero boundary=instrumented_kernel reference=mkl_bf16_inputs rel_l2=2.30194924e-06 max_abs=0.25390625 max_norm=1.16823742e-05 pass=1
CORRECT graph=mycielskian19 method=shared_b32_fast_nozero boundary=instrumented_kernel reference=mkl_bf16_inputs rel_l2=0.00306646547 max_abs=65.8359375 max_norm=0.00302914977 pass=1
CORRECT graph=mycielskian19 method=shared_b32_accurate_nozero boundary=instrumented_kernel reference=mkl_bf16_inputs rel_l2=3.12127129e-06 max_abs=0.134765625 max_norm=6.20064478e-06 pass=1
CORRECT graph=mycielskian19 method=shared_b64_fast_nozero boundary=instrumented_kernel reference=mkl_bf16_inputs rel_l2=0.00309400142 max_abs=63.9628906 max_norm=0.00294296979 pass=1
CORRECT graph=mycielskian19 method=shared_b64_accurate_nozero boundary=instrumented_kernel reference=mkl_bf16_inputs rel_l2=4.69781538e-06 max_abs=0.189453125 max_norm=8.71684845e-06 pass=1
CORRECT graph=mycielskian19 method=shared_bfull_fast_nozero boundary=instrumented_kernel reference=mkl_bf16_inputs rel_l2=0.00329708937 max_abs=79.9277344 max_norm=0.00367752154 pass=1
CORRECT graph=mycielskian19 method=shared_bfull_accurate_nozero boundary=instrumented_kernel reference=mkl_bf16_inputs rel_l2=9.38007226e-06 max_abs=0.248046875 max_norm=1.1412781e-05 pass=1
CORRECT graph=mycielskian19 method=mkl_fp32 boundary=two_layer_e2e reference=mkl_bf16_inputs rel_l2=0.00880214216 max_abs=2114144 max_norm=0.00973671864 pass=1
CORRECT graph=mycielskian19 method=mkl_fp32 boundary=two_layer_e2e reference=mkl_fp32 rel_l2=0 max_abs=0 max_norm=0 pass=1
CORRECT graph=mycielskian19 method=mkl_bf16_inputs boundary=two_layer_e2e reference=mkl_bf16_inputs rel_l2=0 max_abs=0 max_norm=0 pass=1
CORRECT graph=mycielskian19 method=mkl_bf16_inputs boundary=two_layer_e2e reference=mkl_fp32 rel_l2=0.00872737647 max_abs=2114144 max_norm=0.00964810351 pass=1
CORRECT graph=mycielskian19 method=original boundary=two_layer_e2e reference=mkl_bf16_inputs rel_l2=7.36029285e-06 max_abs=7296 max_norm=3.36018262e-05 pass=1
CORRECT graph=mycielskian19 method=original boundary=two_layer_e2e reference=mkl_fp32 rel_l2=0.0087271478 max_abs=2114480 max_norm=0.00964963688 pass=1
CORRECT graph=mycielskian19 method=original_nozero boundary=two_layer_e2e reference=mkl_bf16_inputs rel_l2=7.36029285e-06 max_abs=7296 max_norm=3.36018262e-05 pass=1
CORRECT graph=mycielskian19 method=original_nozero boundary=two_layer_e2e reference=mkl_fp32 rel_l2=0.0087271478 max_abs=2114480 max_norm=0.00964963688 pass=1
CORRECT graph=mycielskian19 method=shared_b2_fast_nozero boundary=two_layer_e2e reference=mkl_bf16_inputs rel_l2=0.00331352891 max_abs=722016 max_norm=0.0033252544 pass=1
CORRECT graph=mycielskian19 method=shared_b2_fast_nozero boundary=two_layer_e2e reference=mkl_fp32 rel_l2=0.0119355729 max_abs=2817984 max_norm=0.0128601464 pass=1
CORRECT graph=mycielskian19 method=shared_b2_accurate_nozero boundary=two_layer_e2e reference=mkl_bf16_inputs rel_l2=7.69943299e-05 max_abs=179920 max_norm=0.000828623981 pass=1
CORRECT graph=mycielskian19 method=shared_b2_accurate_nozero boundary=two_layer_e2e reference=mkl_fp32 rel_l2=0.00875027785 max_abs=2281616 max_norm=0.0104123784 pass=1
CORRECT graph=mycielskian19 method=shared_b4_fast_nozero boundary=two_layer_e2e reference=mkl_bf16_inputs rel_l2=0.0047881756 max_abs=1036512 max_norm=0.00477366996 pass=1
CORRECT graph=mycielskian19 method=shared_b4_fast_nozero boundary=two_layer_e2e reference=mkl_fp32 rel_l2=0.0133837964 max_abs=3136224 max_norm=0.0143124658 pass=1
CORRECT graph=mycielskian19 method=shared_b4_accurate_nozero boundary=two_layer_e2e reference=mkl_bf16_inputs rel_l2=3.96400843e-05 max_abs=146992 max_norm=0.000676973634 pass=1
CORRECT graph=mycielskian19 method=shared_b4_accurate_nozero boundary=two_layer_e2e reference=mkl_fp32 rel_l2=0.00873458305 max_abs=2241664 max_norm=0.0102300535 pass=1
CORRECT graph=mycielskian19 method=shared_b8_fast_nozero boundary=two_layer_e2e reference=mkl_bf16_inputs rel_l2=0.00529473663 max_abs=1147264 max_norm=0.00528373979 pass=1
CORRECT graph=mycielskian19 method=shared_b8_fast_nozero boundary=two_layer_e2e reference=mkl_fp32 rel_l2=0.0138831656 max_abs=3251936 max_norm=0.0148405289 pass=1
CORRECT graph=mycielskian19 method=shared_b8_accurate_nozero boundary=two_layer_e2e reference=mkl_bf16_inputs rel_l2=1.22613654e-05 max_abs=64752 max_norm=0.000298216207 pass=1
CORRECT graph=mycielskian19 method=shared_b8_accurate_nozero boundary=two_layer_e2e reference=mkl_fp32 rel_l2=0.00872863822 max_abs=2160384 max_norm=0.00985912428 pass=1
CORRECT graph=mycielskian19 method=shared_b16_fast_nozero boundary=two_layer_e2e reference=mkl_bf16_inputs rel_l2=0.00551396822 max_abs=1195632 max_norm=0.00550649926 pass=1
CORRECT graph=mycielskian19 method=shared_b16_fast_nozero boundary=two_layer_e2e reference=mkl_fp32 rel_l2=0.014100468 max_abs=3304496 max_norm=0.0150803916 pass=1
CORRECT graph=mycielskian19 method=shared_b16_accurate_nozero boundary=two_layer_e2e reference=mkl_bf16_inputs rel_l2=4.06170815e-06 max_abs=14976 max_norm=6.89721695e-05 pass=1
CORRECT graph=mycielskian19 method=shared_b16_accurate_nozero boundary=two_layer_e2e reference=mkl_fp32 rel_l2=0.00872836112 max_abs=2122224 max_norm=0.00968497738 pass=1
CORRECT graph=mycielskian19 method=shared_b32_fast_nozero boundary=two_layer_e2e reference=mkl_bf16_inputs rel_l2=0.00557106124 max_abs=1207440 max_norm=0.00556088117 pass=1
CORRECT graph=mycielskian19 method=shared_b32_fast_nozero boundary=two_layer_e2e reference=mkl_fp32 rel_l2=0.014156082 max_abs=3321248 max_norm=0.015156841 pass=1
CORRECT graph=mycielskian19 method=shared_b32_accurate_nozero boundary=two_layer_e2e reference=mkl_bf16_inputs rel_l2=4.72432604e-06 max_abs=2752 max_norm=1.2674373e-05 pass=1
CORRECT graph=mycielskian19 method=shared_b32_accurate_nozero boundary=two_layer_e2e reference=mkl_fp32 rel_l2=0.00873030659 max_abs=2114352 max_norm=0.00964905274 pass=1
CORRECT graph=mycielskian19 method=shared_b64_fast_nozero boundary=two_layer_e2e reference=mkl_bf16_inputs rel_l2=0.00561790297 max_abs=1213584 max_norm=0.00558917744 pass=1
CORRECT graph=mycielskian19 method=shared_b64_fast_nozero boundary=two_layer_e2e reference=mkl_fp32 rel_l2=0.0141990563 max_abs=3327728 max_norm=0.0151864131 pass=1
CORRECT graph=mycielskian19 method=shared_b64_accurate_nozero boundary=two_layer_e2e reference=mkl_bf16_inputs rel_l2=8.37766706e-06 max_abs=2624 max_norm=1.20848673e-05 pass=1
CORRECT graph=mycielskian19 method=shared_b64_accurate_nozero boundary=two_layer_e2e reference=mkl_fp32 rel_l2=0.00873433052 max_abs=2115392 max_norm=0.00965379888 pass=1
CORRECT graph=mycielskian19 method=shared_bfull_fast_nozero boundary=two_layer_e2e reference=mkl_bf16_inputs rel_l2=0.00586813633 max_abs=1385056 max_norm=0.00637889404 pass=1
CORRECT graph=mycielskian19 method=shared_bfull_fast_nozero boundary=two_layer_e2e reference=mkl_fp32 rel_l2=0.0142995532 max_abs=3386208 max_norm=0.0154532923 pass=1
CORRECT graph=mycielskian19 method=shared_bfull_accurate_nozero boundary=two_layer_e2e reference=mkl_bf16_inputs rel_l2=1.63473359e-05 max_abs=3744 max_norm=1.72430424e-05 pass=1
CORRECT graph=mycielskian19 method=shared_bfull_accurate_nozero boundary=two_layer_e2e reference=mkl_fp32 rel_l2=0.0087407298 max_abs=2117264 max_norm=0.00966234193 pass=1
TIME graph=mycielskian19 method=mkl_bf16_inputs e2e rep=0 ms=2743.195057 L1=1375.200033 act_convert=2.386093 L2=1365.608931
TIME graph=mycielskian19 method=original e2e rep=0 ms=1941.214085 L1=988.589048 act_convert=1.452923 L2=951.172113
TIME graph=mycielskian19 method=original_nozero e2e rep=0 ms=1885.632992 L1=931.389093 act_convert=1.437902 L2=952.805996
TIME graph=mycielskian19 method=shared_b2_fast_nozero e2e rep=0 ms=2568.977118 L1=1296.120167 act_convert=1.494884 L2=1271.362066
TIME graph=mycielskian19 method=shared_b2_accurate_nozero e2e rep=0 ms=3267.390013 L1=1603.246927 act_convert=1.478910 L2=1662.664175
TIME graph=mycielskian19 method=shared_b4_fast_nozero e2e rep=0 ms=1689.242840 L1=858.975887 act_convert=1.453161 L2=828.813791
TIME graph=mycielskian19 method=shared_b4_accurate_nozero e2e rep=0 ms=2116.965771 L1=1070.495844 act_convert=2.087116 L2=1044.382811
TIME graph=mycielskian19 method=shared_b8_fast_nozero e2e rep=0 ms=1262.723923 L1=631.237030 act_convert=2.079964 L2=629.406929
TIME graph=mycielskian19 method=shared_b8_accurate_nozero e2e rep=0 ms=1432.142019 L1=692.514181 act_convert=1.463890 L2=738.163948
TIME graph=mycielskian19 method=shared_b16_fast_nozero e2e rep=0 ms=1070.795059 L1=535.508156 act_convert=1.482964 L2=533.803940
TIME graph=mycielskian19 method=shared_b16_accurate_nozero e2e rep=0 ms=1200.778008 L1=620.287180 act_convert=1.456976 L2=579.033852
TIME graph=mycielskian19 method=shared_b32_fast_nozero e2e rep=0 ms=1052.648067 L1=536.970139 act_convert=1.460075 L2=514.217854
TIME graph=mycielskian19 method=shared_b32_accurate_nozero e2e rep=0 ms=1067.234039 L1=532.732964 act_convert=1.451969 L2=533.049107
TIME graph=mycielskian19 method=shared_b64_fast_nozero e2e rep=0 ms=970.609903 L1=495.307922 act_convert=1.471996 L2=473.829985
TIME graph=mycielskian19 method=shared_b64_accurate_nozero e2e rep=0 ms=1018.509150 L1=499.871969 act_convert=1.476049 L2=517.161131
TIME graph=mycielskian19 method=shared_bfull_fast_nozero e2e rep=0 ms=2050.272942 L1=1011.657953 act_convert=1.466036 L2=1037.148952
TIME graph=mycielskian19 method=shared_bfull_accurate_nozero e2e rep=0 ms=2025.758028 L1=1024.060011 act_convert=1.458883 L2=1000.239134
TIME graph=mycielskian19 method=mkl_fp32 e2e rep=0 ms=2810.016155 L1=1420.900106 act_convert=0.585079 L2=1388.530970
TIME graph=mycielskian19 method=original e2e rep=1 ms=1943.506002 L1=995.970011 act_convert=1.455069 L2=946.080923
TIME graph=mycielskian19 method=original_nozero e2e rep=1 ms=1846.343994 L1=894.981146 act_convert=1.487017 L2=949.875832
TIME graph=mycielskian19 method=shared_b2_fast_nozero e2e rep=1 ms=2590.348959 L1=1259.438992 act_convert=1.466990 L2=1329.442978
TIME graph=mycielskian19 method=shared_b2_accurate_nozero e2e rep=1 ms=3476.657867 L1=1707.587004 act_convert=1.471043 L2=1767.599821
TIME graph=mycielskian19 method=shared_b4_fast_nozero e2e rep=1 ms=1695.273161 L1=823.070049 act_convert=1.722097 L2=870.481014
TIME graph=mycielskian19 method=shared_b4_accurate_nozero e2e rep=1 ms=2034.596920 L1=1008.451939 act_convert=1.456022 L2=1024.688959
TIME graph=mycielskian19 method=shared_b8_fast_nozero e2e rep=1 ms=1254.052877 L1=634.157896 act_convert=1.454115 L2=618.440866
TIME graph=mycielskian19 method=shared_b8_accurate_nozero e2e rep=1 ms=1406.517982 L1=673.317909 act_convert=1.475096 L2=731.724977
TIME graph=mycielskian19 method=shared_b16_fast_nozero e2e rep=1 ms=1137.619972 L1=585.013151 act_convert=1.466990 L2=551.139832
TIME graph=mycielskian19 method=shared_b16_accurate_nozero e2e rep=1 ms=1173.417091 L1=559.374094 act_convert=1.481056 L2=612.561941
TIME graph=mycielskian19 method=shared_b32_fast_nozero e2e rep=1 ms=1031.779051 L1=517.759085 act_convert=1.455069 L2=512.564898
TIME graph=mycielskian19 method=shared_b32_accurate_nozero e2e rep=1 ms=1015.563965 L1=512.919903 act_convert=1.471996 L2=501.172066
TIME graph=mycielskian19 method=shared_b64_fast_nozero e2e rep=1 ms=1019.448996 L1=521.905899 act_convert=1.452923 L2=496.090174
TIME graph=mycielskian19 method=shared_b64_accurate_nozero e2e rep=1 ms=1004.249811 L1=513.092995 act_convert=1.452923 L2=489.703894
TIME graph=mycielskian19 method=shared_bfull_fast_nozero e2e rep=1 ms=2078.487873 L1=1033.655882 act_convert=1.475096 L2=1043.356895
TIME graph=mycielskian19 method=shared_bfull_accurate_nozero e2e rep=1 ms=2055.407047 L1=1027.327061 act_convert=1.503944 L2=1026.576042
TIME graph=mycielskian19 method=mkl_fp32 e2e rep=1 ms=2805.303812 L1=1417.670965 act_convert=0.689983 L2=1386.942863
TIME graph=mycielskian19 method=mkl_bf16_inputs e2e rep=1 ms=2733.222008 L1=1366.641045 act_convert=2.383947 L2=1364.197016
TIME graph=mycielskian19 method=original_nozero e2e rep=2 ms=1900.619984 L1=943.626881 act_convert=2.074003 L2=954.919100
TIME graph=mycielskian19 method=shared_b2_fast_nozero e2e rep=2 ms=2533.133984 L1=1280.272961 act_convert=2.103090 L2=1250.757933
TIME graph=mycielskian19 method=shared_b2_accurate_nozero e2e rep=2 ms=3351.264000 L1=1684.640884 act_convert=1.470089 L2=1665.153027
TIME graph=mycielskian19 method=shared_b4_fast_nozero e2e rep=2 ms=1704.768896 L1=854.140997 act_convert=2.077818 L2=848.550081
TIME graph=mycielskian19 method=shared_b4_accurate_nozero e2e rep=2 ms=2053.525925 L1=1066.702843 act_convert=1.451969 L2=985.371113
TIME graph=mycielskian19 method=shared_b8_fast_nozero e2e rep=2 ms=1329.293013 L1=684.912205 act_convert=1.460791 L2=642.920017
TIME graph=mycielskian19 method=shared_b8_accurate_nozero e2e rep=2 ms=1514.046907 L1=757.959843 act_convert=1.456976 L2=754.630089
TIME graph=mycielskian19 method=shared_b16_fast_nozero e2e rep=2 ms=1085.215092 L1=523.001909 act_convert=1.485109 L2=560.728073
TIME graph=mycielskian19 method=shared_b16_accurate_nozero e2e rep=2 ms=1176.201105 L1=564.720154 act_convert=1.456022 L2=610.024929
TIME graph=mycielskian19 method=shared_b32_fast_nozero e2e rep=2 ms=1050.276995 L1=539.226055 act_convert=1.453876 L2=509.597063
TIME graph=mycielskian19 method=shared_b32_accurate_nozero e2e rep=2 ms=1075.299025 L1=547.249079 act_convert=1.627922 L2=526.422024
TIME graph=mycielskian19 method=shared_b64_fast_nozero e2e rep=2 ms=996.531963 L1=481.548071 act_convert=1.461029 L2=513.522863
TIME graph=mycielskian19 method=shared_b64_accurate_nozero e2e rep=2 ms=994.915962 L1=496.515989 act_convert=1.480818 L2=496.919155
TIME graph=mycielskian19 method=shared_bfull_fast_nozero e2e rep=2 ms=2046.180964 L1=1019.281864 act_convert=1.454115 L2=1025.444984
TIME graph=mycielskian19 method=shared_bfull_accurate_nozero e2e rep=2 ms=2020.847082 L1=1017.199039 act_convert=1.477003 L2=1002.171040
TIME graph=mycielskian19 method=mkl_fp32 e2e rep=2 ms=2809.578180 L1=1421.997070 act_convert=0.676155 L2=1386.904955
TIME graph=mycielskian19 method=mkl_bf16_inputs e2e rep=2 ms=2732.541084 L1=1366.120100 act_convert=2.383947 L2=1364.037037
TIME graph=mycielskian19 method=original e2e rep=2 ms=1863.683939 L1=955.891132 act_convert=1.474857 L2=906.317949
TIME graph=mycielskian19 method=shared_b2_fast_nozero e2e rep=3 ms=2654.473066 L1=1314.263105 act_convert=1.721859 L2=1338.488102
TIME graph=mycielskian19 method=shared_b2_accurate_nozero e2e rep=3 ms=3259.020090 L1=1586.961985 act_convert=1.465082 L2=1670.593023
TIME graph=mycielskian19 method=shared_b4_fast_nozero e2e rep=3 ms=1672.724009 L1=803.059816 act_convert=1.443148 L2=868.221045
TIME graph=mycielskian19 method=shared_b4_accurate_nozero e2e rep=3 ms=1894.932032 L1=936.359882 act_convert=1.475096 L2=957.097054
TIME graph=mycielskian19 method=shared_b8_fast_nozero e2e rep=3 ms=1340.893030 L1=673.842192 act_convert=1.473904 L2=665.576935
TIME graph=mycielskian19 method=shared_b8_accurate_nozero e2e rep=3 ms=1469.851971 L1=773.245811 act_convert=1.451015 L2=695.155144
TIME graph=mycielskian19 method=shared_b16_fast_nozero e2e rep=3 ms=1139.003038 L1=586.188078 act_convert=1.442909 L2=551.372051
TIME graph=mycielskian19 method=shared_b16_accurate_nozero e2e rep=3 ms=1127.219200 L1=575.737000 act_convert=1.460075 L2=550.022125
TIME graph=mycielskian19 method=shared_b32_fast_nozero e2e rep=3 ms=1053.571939 L1=542.006016 act_convert=1.451969 L2=510.113955
TIME graph=mycielskian19 method=shared_b32_accurate_nozero e2e rep=3 ms=1070.878029 L1=531.518936 act_convert=1.451015 L2=537.908077
TIME graph=mycielskian19 method=shared_b64_fast_nozero e2e rep=3 ms=985.445023 L1=495.415926 act_convert=1.460075 L2=488.569021
TIME graph=mycielskian19 method=shared_b64_accurate_nozero e2e rep=3 ms=1026.076078 L1=512.679100 act_convert=1.448870 L2=511.948109
TIME graph=mycielskian19 method=shared_bfull_fast_nozero e2e rep=3 ms=2013.702154 L1=1013.265133 act_convert=1.477957 L2=998.959064
TIME graph=mycielskian19 method=shared_bfull_accurate_nozero e2e rep=3 ms=2021.950006 L1=1014.976025 act_convert=2.089024 L2=1004.884958
TIME graph=mycielskian19 method=mkl_fp32 e2e rep=3 ms=2809.505939 L1=1420.630932 act_convert=0.599146 L2=1388.275862
TIME graph=mycielskian19 method=mkl_bf16_inputs e2e rep=3 ms=2734.581947 L1=1367.416859 act_convert=2.377033 L2=1364.788055
TIME graph=mycielskian19 method=original e2e rep=3 ms=1828.510046 L1=926.018953 act_convert=1.469135 L2=901.021957
TIME graph=mycielskian19 method=original_nozero e2e rep=3 ms=1809.775114 L1=917.870998 act_convert=1.464128 L2=890.439987
TIME graph=mycielskian19 method=shared_b2_accurate_nozero e2e rep=4 ms=3392.069101 L1=1597.196102 act_convert=2.068043 L2=1792.804956
TIME graph=mycielskian19 method=shared_b4_fast_nozero e2e rep=4 ms=1658.083200 L1=831.003189 act_convert=1.457930 L2=825.622082
TIME graph=mycielskian19 method=shared_b4_accurate_nozero e2e rep=4 ms=1943.782806 L1=953.619957 act_convert=2.069950 L2=988.092899
TIME graph=mycielskian19 method=shared_b8_fast_nozero e2e rep=4 ms=1185.455084 L1=575.040102 act_convert=1.484871 L2=608.930111
TIME graph=mycielskian19 method=shared_b8_accurate_nozero e2e rep=4 ms=1435.257912 L1=728.554010 act_convert=1.461983 L2=705.241919
TIME graph=mycielskian19 method=shared_b16_fast_nozero e2e rep=4 ms=1050.423145 L1=525.602102 act_convert=1.471996 L2=523.349047
TIME graph=mycielskian19 method=shared_b16_accurate_nozero e2e rep=4 ms=1118.395090 L1=578.773975 act_convert=1.474142 L2=538.146973
TIME graph=mycielskian19 method=shared_b32_fast_nozero e2e rep=4 ms=1047.451973 L1=539.119005 act_convert=1.462936 L2=506.870031
TIME graph=mycielskian19 method=shared_b32_accurate_nozero e2e rep=4 ms=1065.048933 L1=539.905071 act_convert=1.458883 L2=523.684978
TIME graph=mycielskian19 method=shared_b64_fast_nozero e2e rep=4 ms=997.263908 L1=486.233950 act_convert=1.472950 L2=509.557009
TIME graph=mycielskian19 method=shared_b64_accurate_nozero e2e rep=4 ms=1026.664972 L1=495.769024 act_convert=1.461029 L2=529.434919
TIME graph=mycielskian19 method=shared_bfull_fast_nozero e2e rep=4 ms=2038.098097 L1=1012.943983 act_convert=1.479149 L2=1023.674965
TIME graph=mycielskian19 method=shared_bfull_accurate_nozero e2e rep=4 ms=2042.137861 L1=1009.282827 act_convert=1.461983 L2=1031.393051
TIME graph=mycielskian19 method=mkl_fp32 e2e rep=4 ms=2807.533026 L1=1418.688059 act_convert=0.597000 L2=1388.247967
TIME graph=mycielskian19 method=mkl_bf16_inputs e2e rep=4 ms=2734.848976 L1=1368.243933 act_convert=2.392054 L2=1364.212990
TIME graph=mycielskian19 method=original e2e rep=4 ms=1877.568007 L1=965.047836 act_convert=1.459122 L2=911.061049
TIME graph=mycielskian19 method=original_nozero e2e rep=4 ms=1893.970013 L1=946.503162 act_convert=1.459837 L2=946.007013
TIME graph=mycielskian19 method=shared_b2_fast_nozero e2e rep=4 ms=2401.492119 L1=1129.280090 act_convert=1.456976 L2=1270.755053
TIME graph=mycielskian19 method=shared_b4_fast_nozero e2e rep=5 ms=1618.216991 L1=809.013844 act_convert=2.078056 L2=807.125092
TIME graph=mycielskian19 method=shared_b4_accurate_nozero e2e rep=5 ms=2116.646051 L1=1073.945045 act_convert=1.465082 L2=1041.235924
TIME graph=mycielskian19 method=shared_b8_fast_nozero e2e rep=5 ms=1243.824005 L1=600.236893 act_convert=1.470089 L2=642.117023
TIME graph=mycielskian19 method=shared_b8_accurate_nozero e2e rep=5 ms=1433.658123 L1=708.761930 act_convert=1.468182 L2=723.428011
TIME graph=mycielskian19 method=shared_b16_fast_nozero e2e rep=5 ms=1153.825045 L1=574.271917 act_convert=1.446009 L2=578.107119
TIME graph=mycielskian19 method=shared_b16_accurate_nozero e2e rep=5 ms=1172.666788 L1=605.819941 act_convert=2.075911 L2=564.770937
TIME graph=mycielskian19 method=shared_b32_fast_nozero e2e rep=5 ms=983.340025 L1=495.224953 act_convert=2.068996 L2=486.046076
TIME graph=mycielskian19 method=shared_b32_accurate_nozero e2e rep=5 ms=1047.955036 L1=530.328035 act_convert=2.075911 L2=515.551090
TIME graph=mycielskian19 method=shared_b64_fast_nozero e2e rep=5 ms=976.644993 L1=510.620117 act_convert=2.070904 L2=463.953972
TIME graph=mycielskian19 method=shared_b64_accurate_nozero e2e rep=5 ms=999.135971 L1=498.629808 act_convert=2.076149 L2=498.430014
TIME graph=mycielskian19 method=shared_bfull_fast_nozero e2e rep=5 ms=2035.238028 L1=1047.540903 act_convert=2.074957 L2=985.622168
TIME graph=mycielskian19 method=shared_bfull_accurate_nozero e2e rep=5 ms=2031.802177 L1=1053.324223 act_convert=2.065897 L2=976.412058
TIME graph=mycielskian19 method=mkl_fp32 e2e rep=5 ms=2810.307980 L1=1424.269915 act_convert=0.580072 L2=1385.457993
TIME graph=mycielskian19 method=mkl_bf16_inputs e2e rep=5 ms=2731.411219 L1=1365.844011 act_convert=2.376080 L2=1363.191128
TIME graph=mycielskian19 method=original e2e rep=5 ms=1927.902937 L1=998.583794 act_convert=2.084017 L2=927.235126
TIME graph=mycielskian19 method=original_nozero e2e rep=5 ms=1826.046944 L1=982.110023 act_convert=2.071857 L2=841.865063
TIME graph=mycielskian19 method=shared_b2_fast_nozero e2e rep=5 ms=2621.327877 L1=1298.026085 act_convert=2.110958 L2=1321.190834
TIME graph=mycielskian19 method=shared_b2_accurate_nozero e2e rep=5 ms=3487.071037 L1=1702.796936 act_convert=1.480103 L2=1782.793999
TIME graph=mycielskian19 method=shared_b4_accurate_nozero e2e rep=6 ms=2133.119822 L1=1091.564894 act_convert=1.461983 L2=1040.092945
TIME graph=mycielskian19 method=shared_b8_fast_nozero e2e rep=6 ms=1290.802002 L1=653.940916 act_convert=1.445055 L2=635.416031
TIME graph=mycielskian19 method=shared_b8_accurate_nozero e2e rep=6 ms=1451.401949 L1=694.291830 act_convert=1.464128 L2=755.645990
TIME graph=mycielskian19 method=shared_b16_fast_nozero e2e rep=6 ms=1055.542946 L1=524.549961 act_convert=1.475096 L2=529.517889
TIME graph=mycielskian19 method=shared_b16_accurate_nozero e2e rep=6 ms=1187.994957 L1=599.599838 act_convert=1.453161 L2=586.941957
TIME graph=mycielskian19 method=shared_b32_fast_nozero e2e rep=6 ms=1049.163818 L1=525.985003 act_convert=1.466036 L2=521.712780
TIME graph=mycielskian19 method=shared_b32_accurate_nozero e2e rep=6 ms=1070.281982 L1=555.490971 act_convert=1.456976 L2=513.334036
TIME graph=mycielskian19 method=shared_b64_fast_nozero e2e rep=6 ms=962.092876 L1=485.739946 act_convert=1.485109 L2=474.867821
TIME graph=mycielskian19 method=shared_b64_accurate_nozero e2e rep=6 ms=967.149973 L1=494.127035 act_convert=1.466036 L2=471.556902
TIME graph=mycielskian19 method=shared_bfull_fast_nozero e2e rep=6 ms=2034.007072 L1=1048.592091 act_convert=1.475811 L2=983.939171
TIME graph=mycielskian19 method=shared_bfull_accurate_nozero e2e rep=6 ms=2051.421165 L1=1028.542995 act_convert=1.466990 L2=1021.411180
TIME graph=mycielskian19 method=mkl_fp32 e2e rep=6 ms=2804.691792 L1=1417.697906 act_convert=0.577927 L2=1386.415958
TIME graph=mycielskian19 method=mkl_bf16_inputs e2e rep=6 ms=2733.974934 L1=1366.846085 act_convert=2.375841 L2=1364.753008
TIME graph=mycielskian19 method=original e2e rep=6 ms=1856.446981 L1=943.079948 act_convert=1.451969 L2=911.915064
TIME graph=mycielskian19 method=original_nozero e2e rep=6 ms=1857.366085 L1=951.461077 act_convert=1.455069 L2=904.449940
TIME graph=mycielskian19 method=shared_b2_fast_nozero e2e rep=6 ms=2418.118000 L1=1255.542040 act_convert=1.446962 L2=1161.128998
TIME graph=mycielskian19 method=shared_b2_accurate_nozero e2e rep=6 ms=3425.263166 L1=1673.936129 act_convert=1.468897 L2=1749.858141
TIME graph=mycielskian19 method=shared_b4_fast_nozero e2e rep=6 ms=1728.385925 L1=849.964857 act_convert=2.077103 L2=876.343966
TIME graph=mycielskian19 method=shared_b8_fast_nozero e2e rep=7 ms=1313.972950 L1=681.715012 act_convert=1.451015 L2=630.806923
TIME graph=mycielskian19 method=shared_b8_accurate_nozero e2e rep=7 ms=1432.986021 L1=758.826971 act_convert=1.458168 L2=672.700882
TIME graph=mycielskian19 method=shared_b16_fast_nozero e2e rep=7 ms=1087.496996 L1=553.900003 act_convert=1.451015 L2=532.145977
TIME graph=mycielskian19 method=shared_b16_accurate_nozero e2e rep=7 ms=1189.743996 L1=593.415976 act_convert=1.463890 L2=594.864130
TIME graph=mycielskian19 method=shared_b32_fast_nozero e2e rep=7 ms=1053.406000 L1=548.218012 act_convert=1.464128 L2=503.723860
TIME graph=mycielskian19 method=shared_b32_accurate_nozero e2e rep=7 ms=1047.910213 L1=520.582199 act_convert=1.484871 L2=525.843143
TIME graph=mycielskian19 method=shared_b64_fast_nozero e2e rep=7 ms=975.578070 L1=510.704994 act_convert=1.470089 L2=463.402987
TIME graph=mycielskian19 method=shared_b64_accurate_nozero e2e rep=7 ms=995.856047 L1=507.848978 act_convert=1.467943 L2=486.539125
TIME graph=mycielskian19 method=shared_bfull_fast_nozero e2e rep=7 ms=2004.889965 L1=1010.766029 act_convert=1.469851 L2=992.654085
TIME graph=mycielskian19 method=shared_bfull_accurate_nozero e2e rep=7 ms=2059.503794 L1=1037.225008 act_convert=1.455784 L2=1020.823002
TIME graph=mycielskian19 method=mkl_fp32 e2e rep=7 ms=2805.542946 L1=1418.721914 act_convert=0.594139 L2=1386.226892
TIME graph=mycielskian19 method=mkl_bf16_inputs e2e rep=7 ms=2733.002186 L1=1365.882158 act_convert=2.369881 L2=1364.750147
TIME graph=mycielskian19 method=original e2e rep=7 ms=1854.129076 L1=930.963993 act_convert=1.466990 L2=921.698093
TIME graph=mycielskian19 method=original_nozero e2e rep=7 ms=1909.883976 L1=964.939117 act_convert=1.567841 L2=943.377018
TIME graph=mycielskian19 method=shared_b2_fast_nozero e2e rep=7 ms=2552.479029 L1=1221.267939 act_convert=1.463175 L2=1329.747915
TIME graph=mycielskian19 method=shared_b2_accurate_nozero e2e rep=7 ms=3217.352867 L1=1517.884970 act_convert=1.457930 L2=1698.009968
TIME graph=mycielskian19 method=shared_b4_fast_nozero e2e rep=7 ms=1659.129858 L1=802.120924 act_convert=2.083063 L2=854.925871
TIME graph=mycielskian19 method=shared_b4_accurate_nozero e2e rep=7 ms=1997.752905 L1=1051.131964 act_convert=1.469135 L2=945.151806
TIME graph=mycielskian19 method=shared_b8_accurate_nozero e2e rep=8 ms=1466.538191 L1=752.457142 act_convert=1.459837 L2=712.621212
TIME graph=mycielskian19 method=shared_b16_fast_nozero e2e rep=8 ms=1155.290127 L1=580.008984 act_convert=1.456022 L2=573.825121
TIME graph=mycielskian19 method=shared_b16_accurate_nozero e2e rep=8 ms=1198.302984 L1=619.895935 act_convert=1.438141 L2=576.968908
TIME graph=mycielskian19 method=shared_b32_fast_nozero e2e rep=8 ms=1047.988892 L1=525.675058 act_convert=1.458883 L2=520.854950
TIME graph=mycielskian19 method=shared_b32_accurate_nozero e2e rep=8 ms=1085.533857 L1=550.668955 act_convert=1.451015 L2=533.413887
TIME graph=mycielskian19 method=shared_b64_fast_nozero e2e rep=8 ms=939.968109 L1=465.445042 act_convert=1.554012 L2=472.969055
TIME graph=mycielskian19 method=shared_b64_accurate_nozero e2e rep=8 ms=1024.005890 L1=507.606983 act_convert=1.464844 L2=514.934063
TIME graph=mycielskian19 method=shared_bfull_fast_nozero e2e rep=8 ms=2050.393105 L1=1026.046038 act_convert=1.478910 L2=1022.868156
TIME graph=mycielskian19 method=shared_bfull_accurate_nozero e2e rep=8 ms=2011.874914 L1=1022.658110 act_convert=1.462936 L2=987.753868
TIME graph=mycielskian19 method=mkl_fp32 e2e rep=8 ms=2808.917046 L1=1422.159910 act_convert=0.745058 L2=1386.012077
TIME graph=mycielskian19 method=mkl_bf16_inputs e2e rep=8 ms=2735.453129 L1=1368.098021 act_convert=2.393007 L2=1364.962101
TIME graph=mycielskian19 method=original e2e rep=8 ms=1964.266777 L1=988.472939 act_convert=1.471043 L2=974.322796
TIME graph=mycielskian19 method=original_nozero e2e rep=8 ms=1855.557919 L1=943.614960 act_convert=1.446962 L2=910.495996
TIME graph=mycielskian19 method=shared_b2_fast_nozero e2e rep=8 ms=2459.878922 L1=1243.232012 act_convert=1.455784 L2=1215.191126
TIME graph=mycielskian19 method=shared_b2_accurate_nozero e2e rep=8 ms=3497.623920 L1=1796.206951 act_convert=1.487017 L2=1699.929953
TIME graph=mycielskian19 method=shared_b4_fast_nozero e2e rep=8 ms=1578.987122 L1=759.680986 act_convert=1.466036 L2=817.840099
TIME graph=mycielskian19 method=shared_b4_accurate_nozero e2e rep=8 ms=2045.216084 L1=1045.212984 act_convert=1.459122 L2=998.543978
TIME graph=mycielskian19 method=shared_b8_fast_nozero e2e rep=8 ms=1300.192118 L1=660.921097 act_convert=1.456022 L2=637.814999
TIME graph=mycielskian19 method=shared_b16_fast_nozero e2e rep=9 ms=1127.316952 L1=584.238052 act_convert=1.466990 L2=541.611910
TIME graph=mycielskian19 method=shared_b16_accurate_nozero e2e rep=9 ms=1139.886141 L1=608.646154 act_convert=1.446962 L2=529.793024
TIME graph=mycielskian19 method=shared_b32_fast_nozero e2e rep=9 ms=1052.200079 L1=519.114971 act_convert=1.461983 L2=531.623125
TIME graph=mycielskian19 method=shared_b32_accurate_nozero e2e rep=9 ms=1060.516119 L1=542.092085 act_convert=1.458883 L2=516.965151
TIME graph=mycielskian19 method=shared_b64_fast_nozero e2e rep=9 ms=997.779131 L1=500.921011 act_convert=1.487017 L2=495.371103
TIME graph=mycielskian19 method=shared_b64_accurate_nozero e2e rep=9 ms=965.234995 L1=508.300066 act_convert=1.470089 L2=455.464840
TIME graph=mycielskian19 method=shared_bfull_fast_nozero e2e rep=9 ms=2051.031113 L1=1028.259993 act_convert=1.537085 L2=1021.234035
TIME graph=mycielskian19 method=shared_bfull_accurate_nozero e2e rep=9 ms=2043.447018 L1=1039.132833 act_convert=1.470089 L2=1002.844095
TIME graph=mycielskian19 method=mkl_fp32 e2e rep=9 ms=2805.425167 L1=1419.064999 act_convert=0.697136 L2=1385.663033
TIME graph=mycielskian19 method=mkl_bf16_inputs e2e rep=9 ms=2733.057976 L1=1366.446018 act_convert=2.370834 L2=1364.241123
TIME graph=mycielskian19 method=original e2e rep=9 ms=1974.951982 L1=1016.242981 act_convert=1.480103 L2=957.228899
TIME graph=mycielskian19 method=original_nozero e2e rep=9 ms=1883.220911 L1=945.764065 act_convert=1.472950 L2=935.983896
TIME graph=mycielskian19 method=shared_b2_fast_nozero e2e rep=9 ms=2533.054829 L1=1274.391890 act_convert=1.477003 L2=1257.185936
TIME graph=mycielskian19 method=shared_b2_accurate_nozero e2e rep=9 ms=3349.704981 L1=1647.744894 act_convert=1.476049 L2=1700.484037
TIME graph=mycielskian19 method=shared_b4_fast_nozero e2e rep=9 ms=1639.399052 L1=828.491926 act_convert=1.479149 L2=809.427977
TIME graph=mycielskian19 method=shared_b4_accurate_nozero e2e rep=9 ms=2116.281986 L1=1050.515890 act_convert=1.460075 L2=1064.306021
TIME graph=mycielskian19 method=shared_b8_fast_nozero e2e rep=9 ms=1263.873100 L1=647.616148 act_convert=1.458883 L2=614.798069
TIME graph=mycielskian19 method=shared_b8_accurate_nozero e2e rep=9 ms=1482.909918 L1=729.212046 act_convert=1.479864 L2=752.218008
COMPLETE graph=mycielskian19 status=PASS max_rss_kib=19447820
