GRAPH_VALUES name=ogbn-products checked=123718152 nonunit=0 implicit_ones=0
CORRECT graph=ogbn-products method=mkl_bf16_inputs boundary=kernel_sample reference=fp64_bf16_inputs rel_l2=2.19812161e-07 max_abs=0.000807121396 max_norm=4.34936164e-07 pass=1
CONFIG graph=ogbn-products N=2449029 E=123718152 threads=32 R=64 D=128 F=128 repeats=10 warmups=1
CORRECT graph=ogbn-products method=mkl_fp32 boundary=kernel_full reference=mkl_bf16_inputs rel_l2=0.0052822686 max_abs=6.95568848 max_norm=0.00374823536 pass=1
CORRECT graph=ogbn-products method=mkl_fp32 boundary=kernel_full reference=mkl_fp32 rel_l2=0 max_abs=0 max_norm=0 pass=1
CORRECT graph=ogbn-products method=mkl_fp32 boundary=kernel_sample reference=fp64_bf16_inputs rel_l2=0.00457266296 max_abs=6.95519946 max_norm=0.00374797123 pass=1
CORRECT graph=ogbn-products method=mkl_bf16_inputs boundary=kernel_full reference=mkl_bf16_inputs rel_l2=0 max_abs=0 max_norm=0 pass=1
CORRECT graph=ogbn-products method=mkl_bf16_inputs boundary=kernel_full reference=mkl_fp32 rel_l2=0.00525698686 max_abs=6.95568848 max_norm=0.00373760701 pass=1
CORRECT graph=ogbn-products method=mkl_bf16_inputs boundary=kernel_sample reference=fp64_bf16_inputs rel_l2=2.19812161e-07 max_abs=0.000807121396 max_norm=4.34936164e-07 pass=1
CORRECT graph=ogbn-products method=original boundary=kernel_full reference=mkl_bf16_inputs rel_l2=5.96492277e-07 max_abs=0.0122070312 max_norm=6.57804419e-06 pass=1
CORRECT graph=ogbn-products method=original boundary=kernel_full reference=mkl_fp32 rel_l2=0.00525698682 max_abs=6.95703125 max_norm=0.00373832855 pass=1
CORRECT graph=ogbn-products method=original boundary=kernel_sample reference=fp64_bf16_inputs rel_l2=3.0429506e-06 max_abs=0.012564458 max_norm=6.77065082e-06 pass=1
CORRECT graph=ogbn-products method=original_nozero boundary=kernel_full reference=mkl_bf16_inputs rel_l2=5.96492277e-07 max_abs=0.0122070312 max_norm=6.57804419e-06 pass=1
CORRECT graph=ogbn-products method=original_nozero boundary=kernel_full reference=mkl_fp32 rel_l2=0.00525698682 max_abs=6.95703125 max_norm=0.00373832855 pass=1
CORRECT graph=ogbn-products method=original_nozero boundary=kernel_sample reference=fp64_bf16_inputs rel_l2=3.0429506e-06 max_abs=0.012564458 max_norm=6.77065082e-06 pass=1
CORRECT graph=ogbn-products method=original_nozero boundary=nozero_identity reference=unchanged_original rel_l2=0 max_abs=0 max_norm=0 pass=1
CORRECT graph=ogbn-products method=shared_b2_fast_nozero boundary=kernel_full reference=mkl_bf16_inputs rel_l2=0.00236709516 max_abs=3.83227539 max_norm=0.00206511119 pass=1
CORRECT graph=ogbn-products method=shared_b2_fast_nozero boundary=kernel_full reference=mkl_fp32 rel_l2=0.00704335615 max_abs=9.78710938 max_norm=0.00525905793 pass=1
CORRECT graph=ogbn-products method=shared_b2_fast_nozero boundary=kernel_sample reference=fp64_bf16_inputs rel_l2=0.00214815665 max_abs=3.83257657 max_norm=0.00206527316 pass=1
CORRECT graph=ogbn-products method=shared_b2_accurate_nozero boundary=kernel_full reference=mkl_bf16_inputs rel_l2=5.98198681e-07 max_abs=0.00903320312 max_norm=4.8677527e-06 pass=1
CORRECT graph=ogbn-products method=shared_b2_accurate_nozero boundary=kernel_full reference=mkl_fp32 rel_l2=0.00525698665 max_abs=6.95361328 max_norm=0.00373649192 pass=1
CORRECT graph=ogbn-products method=shared_b2_accurate_nozero boundary=kernel_sample reference=fp64_bf16_inputs rel_l2=3.03685608e-06 max_abs=0.00900367647 max_norm=4.85184078e-06 pass=1
CORRECT graph=ogbn-products method=shared_b4_fast_nozero boundary=kernel_full reference=mkl_bf16_inputs rel_l2=0.00296910547 max_abs=4.8939209 max_norm=0.00263720369 pass=1
CORRECT graph=ogbn-products method=shared_b4_fast_nozero boundary=kernel_full reference=mkl_fp32 rel_l2=0.00768799912 max_abs=11.3381348 max_norm=0.00609249425 pass=1
CORRECT graph=ogbn-products method=shared_b4_fast_nozero boundary=kernel_sample reference=fp64_bf16_inputs rel_l2=0.00282242145 max_abs=4.89366349 max_norm=0.00263706456 pass=1
CORRECT graph=ogbn-products method=shared_b4_accurate_nozero boundary=kernel_full reference=mkl_bf16_inputs rel_l2=4.49174607e-07 max_abs=0.0141601562 max_norm=7.63053126e-06 pass=1
CORRECT graph=ogbn-products method=shared_b4_accurate_nozero boundary=kernel_full reference=mkl_fp32 rel_l2=0.00525698715 max_abs=6.95336914 max_norm=0.00373636073 pass=1
CORRECT graph=ogbn-products method=shared_b4_accurate_nozero boundary=kernel_sample reference=fp64_bf16_inputs rel_l2=2.17415251e-06 max_abs=0.0139027461 max_norm=7.49181858e-06 pass=1
CORRECT graph=ogbn-products method=shared_b8_fast_nozero boundary=kernel_full reference=mkl_bf16_inputs rel_l2=0.00315028196 max_abs=6.19067383 max_norm=0.00333598933 pass=1
CORRECT graph=ogbn-products method=shared_b8_fast_nozero boundary=kernel_full reference=mkl_fp32 rel_l2=0.00790554076 max_abs=12.560791 max_norm=0.00674948292 pass=1
CORRECT graph=ogbn-products method=shared_b8_fast_nozero boundary=kernel_sample reference=fp64_bf16_inputs rel_l2=0.00298113972 max_abs=6.19000141 max_norm=0.00333562644 pass=1
CORRECT graph=ogbn-products method=shared_b8_accurate_nozero boundary=kernel_full reference=mkl_bf16_inputs rel_l2=6.73597808e-07 max_abs=0.00598144531 max_norm=3.22324165e-06 pass=1
CORRECT graph=ogbn-products method=shared_b8_accurate_nozero boundary=kernel_full reference=mkl_fp32 rel_l2=0.00525700865 max_abs=6.95593262 max_norm=0.0037377382 pass=1
CORRECT graph=ogbn-products method=shared_b8_accurate_nozero boundary=kernel_sample reference=fp64_bf16_inputs rel_l2=1.63824807e-06 max_abs=0.0057240352 max_norm=3.08452969e-06 pass=1
CORRECT graph=ogbn-products method=shared_b16_fast_nozero boundary=kernel_full reference=mkl_bf16_inputs rel_l2=0.00325144581 max_abs=4.78283691 max_norm=0.00257734349 pass=1
CORRECT graph=ogbn-products method=shared_b16_fast_nozero boundary=kernel_full reference=mkl_fp32 rel_l2=0.00801584643 max_abs=11.1529541 max_norm=0.00599298827 pass=1
CORRECT graph=ogbn-products method=shared_b16_fast_nozero boundary=kernel_sample reference=fp64_bf16_inputs rel_l2=0.00311021407 max_abs=4.78216449 max_norm=0.00257698072 pass=1
CORRECT graph=ogbn-products method=shared_b16_accurate_nozero boundary=kernel_full reference=mkl_bf16_inputs rel_l2=1.84076247e-06 max_abs=0.00366210938 max_norm=1.97341326e-06 pass=1
CORRECT graph=ogbn-products method=shared_b16_accurate_nozero boundary=kernel_full reference=mkl_fp32 rel_l2=0.00525722745 max_abs=6.95544434 max_norm=0.00373747583 pass=1
CORRECT graph=ogbn-products method=shared_b16_accurate_nozero boundary=kernel_sample reference=fp64_bf16_inputs rel_l2=1.92225283e-06 max_abs=0.00359304249 max_norm=1.93619464e-06 pass=1
CORRECT graph=ogbn-products method=shared_b32_fast_nozero boundary=kernel_full reference=mkl_bf16_inputs rel_l2=0.0032680137 max_abs=5.15539551 max_norm=0.0027781054 pass=1
CORRECT graph=ogbn-products method=shared_b32_fast_nozero boundary=kernel_full reference=mkl_fp32 rel_l2=0.00803697004 max_abs=11.5041504 max_norm=0.00618170197 pass=1
CORRECT graph=ogbn-products method=shared_b32_fast_nozero boundary=kernel_sample reference=fp64_bf16_inputs rel_l2=0.00313723043 max_abs=5.1551381 max_norm=0.00277796624 pass=1
CORRECT graph=ogbn-products method=shared_b32_accurate_nozero boundary=kernel_full reference=mkl_bf16_inputs rel_l2=3.44104027e-06 max_abs=0.00610351562 max_norm=3.28902209e-06 pass=1
CORRECT graph=ogbn-products method=shared_b32_accurate_nozero boundary=kernel_full reference=mkl_fp32 rel_l2=0.00525786081 max_abs=6.95507812 max_norm=0.00373727904 pass=1
CORRECT graph=ogbn-products method=shared_b32_accurate_nozero boundary=kernel_sample reference=fp64_bf16_inputs rel_l2=3.19193763e-06 max_abs=0.00669500977 max_norm=3.60776196e-06 pass=1
CORRECT graph=ogbn-products method=shared_b64_fast_nozero boundary=kernel_full reference=mkl_bf16_inputs rel_l2=0.00328951978 max_abs=5.85009766 max_norm=0.0031524619 pass=1
CORRECT graph=ogbn-products method=shared_b64_fast_nozero boundary=kernel_full reference=mkl_fp32 rel_l2=0.00805864058 max_abs=11.1270752 max_norm=0.00597908236 pass=1
CORRECT graph=ogbn-products method=shared_b64_fast_nozero boundary=kernel_sample reference=fp64_bf16_inputs rel_l2=0.00318153065 max_abs=5.85039884 max_norm=0.00315262368 pass=1
CORRECT graph=ogbn-products method=shared_b64_accurate_nozero boundary=kernel_full reference=mkl_bf16_inputs rel_l2=5.09262278e-06 max_abs=0.00842285156 max_norm=4.53885049e-06 pass=1
CORRECT graph=ogbn-products method=shared_b64_accurate_nozero boundary=kernel_full reference=mkl_fp32 rel_l2=0.0052588971 max_abs=6.95910645 max_norm=0.00373944364 pass=1
CORRECT graph=ogbn-products method=shared_b64_accurate_nozero boundary=kernel_sample reference=fp64_bf16_inputs rel_l2=4.99609648e-06 max_abs=0.00901434571 max_norm=4.85759015e-06 pass=1
CORRECT graph=ogbn-products method=shared_bfull_fast_nozero boundary=kernel_full reference=mkl_bf16_inputs rel_l2=0.00329576413 max_abs=7.79174805 max_norm=0.0041987656 pass=1
CORRECT graph=ogbn-products method=shared_bfull_fast_nozero boundary=kernel_full reference=mkl_fp32 rel_l2=0.00806202488 max_abs=14.1405029 max_norm=0.00759833381 pass=1
CORRECT graph=ogbn-products method=shared_bfull_fast_nozero boundary=kernel_sample reference=fp64_bf16_inputs rel_l2=0.00338825825 max_abs=7.79149064 max_norm=0.00419862621 pass=1
CORRECT graph=ogbn-products method=shared_bfull_accurate_nozero boundary=kernel_full reference=mkl_bf16_inputs rel_l2=6.62373577e-06 max_abs=0.0220947266 max_norm=1.190626e-05 pass=1
CORRECT graph=ogbn-products method=shared_bfull_accurate_nozero boundary=kernel_full reference=mkl_fp32 rel_l2=0.00526013381 max_abs=6.96911621 max_norm=0.00374482234 pass=1
CORRECT graph=ogbn-products method=shared_bfull_accurate_nozero boundary=kernel_sample reference=fp64_bf16_inputs rel_l2=9.95588226e-06 max_abs=0.0223959088 max_norm=1.20685571e-05 pass=1
TIME graph=ogbn-products method=mkl_bf16_inputs kernel rep=0 ms=227.647066
TIME graph=ogbn-products method=original kernel rep=0 ms=258.348942
TIME graph=ogbn-products method=original_nozero kernel rep=0 ms=146.763086
TIME graph=ogbn-products method=shared_b2_fast_nozero kernel rep=0 ms=264.365911
TIME graph=ogbn-products method=shared_b2_accurate_nozero kernel rep=0 ms=316.315889
TIME graph=ogbn-products method=shared_b4_fast_nozero kernel rep=0 ms=200.287104
TIME graph=ogbn-products method=shared_b4_accurate_nozero kernel rep=0 ms=230.720997
TIME graph=ogbn-products method=shared_b8_fast_nozero kernel rep=0 ms=177.264929
TIME graph=ogbn-products method=shared_b8_accurate_nozero kernel rep=0 ms=188.935995
TIME graph=ogbn-products method=shared_b16_fast_nozero kernel rep=0 ms=153.432846
TIME graph=ogbn-products method=shared_b16_accurate_nozero kernel rep=0 ms=161.004066
TIME graph=ogbn-products method=shared_b32_fast_nozero kernel rep=0 ms=141.657114
TIME graph=ogbn-products method=shared_b32_accurate_nozero kernel rep=0 ms=147.614956
TIME graph=ogbn-products method=shared_b64_fast_nozero kernel rep=0 ms=135.696173
TIME graph=ogbn-products method=shared_b64_accurate_nozero kernel rep=0 ms=143.374920
TIME graph=ogbn-products method=shared_bfull_fast_nozero kernel rep=0 ms=131.624937
TIME graph=ogbn-products method=shared_bfull_accurate_nozero kernel rep=0 ms=137.891054
TIME graph=ogbn-products method=mkl_fp32 kernel rep=0 ms=229.229927
TIME graph=ogbn-products method=original kernel rep=1 ms=265.414953
TIME graph=ogbn-products method=original_nozero kernel rep=1 ms=150.614977
TIME graph=ogbn-products method=shared_b2_fast_nozero kernel rep=1 ms=259.591103
TIME graph=ogbn-products method=shared_b2_accurate_nozero kernel rep=1 ms=306.139946
TIME graph=ogbn-products method=shared_b4_fast_nozero kernel rep=1 ms=206.395864
TIME graph=ogbn-products method=shared_b4_accurate_nozero kernel rep=1 ms=229.592085
TIME graph=ogbn-products method=shared_b8_fast_nozero kernel rep=1 ms=171.072006
TIME graph=ogbn-products method=shared_b8_accurate_nozero kernel rep=1 ms=185.649872
TIME graph=ogbn-products method=shared_b16_fast_nozero kernel rep=1 ms=159.306049
TIME graph=ogbn-products method=shared_b16_accurate_nozero kernel rep=1 ms=163.004160
TIME graph=ogbn-products method=shared_b32_fast_nozero kernel rep=1 ms=137.194872
TIME graph=ogbn-products method=shared_b32_accurate_nozero kernel rep=1 ms=151.201010
TIME graph=ogbn-products method=shared_b64_fast_nozero kernel rep=1 ms=137.465954
TIME graph=ogbn-products method=shared_b64_accurate_nozero kernel rep=1 ms=139.676809
TIME graph=ogbn-products method=shared_bfull_fast_nozero kernel rep=1 ms=137.330055
TIME graph=ogbn-products method=shared_bfull_accurate_nozero kernel rep=1 ms=136.296988
TIME graph=ogbn-products method=mkl_fp32 kernel rep=1 ms=229.591131
TIME graph=ogbn-products method=mkl_bf16_inputs kernel rep=1 ms=227.587938
TIME graph=ogbn-products method=original_nozero kernel rep=2 ms=153.426886
TIME graph=ogbn-products method=shared_b2_fast_nozero kernel rep=2 ms=256.492138
TIME graph=ogbn-products method=shared_b2_accurate_nozero kernel rep=2 ms=320.769072
TIME graph=ogbn-products method=shared_b4_fast_nozero kernel rep=2 ms=203.457117
TIME graph=ogbn-products method=shared_b4_accurate_nozero kernel rep=2 ms=230.082035
TIME graph=ogbn-products method=shared_b8_fast_nozero kernel rep=2 ms=171.205044
TIME graph=ogbn-products method=shared_b8_accurate_nozero kernel rep=2 ms=187.245846
TIME graph=ogbn-products method=shared_b16_fast_nozero kernel rep=2 ms=153.280020
TIME graph=ogbn-products method=shared_b16_accurate_nozero kernel rep=2 ms=164.625883
TIME graph=ogbn-products method=shared_b32_fast_nozero kernel rep=2 ms=138.689995
TIME graph=ogbn-products method=shared_b32_accurate_nozero kernel rep=2 ms=151.528120
TIME graph=ogbn-products method=shared_b64_fast_nozero kernel rep=2 ms=135.807991
TIME graph=ogbn-products method=shared_b64_accurate_nozero kernel rep=2 ms=144.879103
TIME graph=ogbn-products method=shared_bfull_fast_nozero kernel rep=2 ms=135.652065
TIME graph=ogbn-products method=shared_bfull_accurate_nozero kernel rep=2 ms=135.394096
TIME graph=ogbn-products method=mkl_fp32 kernel rep=2 ms=229.444981
TIME graph=ogbn-products method=mkl_bf16_inputs kernel rep=2 ms=227.710962
TIME graph=ogbn-products method=original kernel rep=2 ms=254.793167
TIME graph=ogbn-products method=shared_b2_fast_nozero kernel rep=3 ms=257.349014
TIME graph=ogbn-products method=shared_b2_accurate_nozero kernel rep=3 ms=306.302071
TIME graph=ogbn-products method=shared_b4_fast_nozero kernel rep=3 ms=202.178955
TIME graph=ogbn-products method=shared_b4_accurate_nozero kernel rep=3 ms=226.976871
TIME graph=ogbn-products method=shared_b8_fast_nozero kernel rep=3 ms=168.902874
TIME graph=ogbn-products method=shared_b8_accurate_nozero kernel rep=3 ms=181.123018
TIME graph=ogbn-products method=shared_b16_fast_nozero kernel rep=3 ms=158.499956
TIME graph=ogbn-products method=shared_b16_accurate_nozero kernel rep=3 ms=158.910036
TIME graph=ogbn-products method=shared_b32_fast_nozero kernel rep=3 ms=137.339115
TIME graph=ogbn-products method=shared_b32_accurate_nozero kernel rep=3 ms=151.952982
TIME graph=ogbn-products method=shared_b64_fast_nozero kernel rep=3 ms=133.419991
TIME graph=ogbn-products method=shared_b64_accurate_nozero kernel rep=3 ms=142.527103
TIME graph=ogbn-products method=shared_bfull_fast_nozero kernel rep=3 ms=132.077932
TIME graph=ogbn-products method=shared_bfull_accurate_nozero kernel rep=3 ms=134.877920
TIME graph=ogbn-products method=mkl_fp32 kernel rep=3 ms=229.713917
TIME graph=ogbn-products method=mkl_bf16_inputs kernel rep=3 ms=227.581978
TIME graph=ogbn-products method=original kernel rep=3 ms=255.769968
TIME graph=ogbn-products method=original_nozero kernel rep=3 ms=147.747993
TIME graph=ogbn-products method=shared_b2_accurate_nozero kernel rep=4 ms=309.168816
TIME graph=ogbn-products method=shared_b4_fast_nozero kernel rep=4 ms=199.890137
TIME graph=ogbn-products method=shared_b4_accurate_nozero kernel rep=4 ms=224.905014
TIME graph=ogbn-products method=shared_b8_fast_nozero kernel rep=4 ms=171.045065
TIME graph=ogbn-products method=shared_b8_accurate_nozero kernel rep=4 ms=179.019928
TIME graph=ogbn-products method=shared_b16_fast_nozero kernel rep=4 ms=156.163931
TIME graph=ogbn-products method=shared_b16_accurate_nozero kernel rep=4 ms=159.566164
TIME graph=ogbn-products method=shared_b32_fast_nozero kernel rep=4 ms=141.423941
TIME graph=ogbn-products method=shared_b32_accurate_nozero kernel rep=4 ms=150.620937
TIME graph=ogbn-products method=shared_b64_fast_nozero kernel rep=4 ms=136.106968
TIME graph=ogbn-products method=shared_b64_accurate_nozero kernel rep=4 ms=138.386965
TIME graph=ogbn-products method=shared_bfull_fast_nozero kernel rep=4 ms=133.424044
TIME graph=ogbn-products method=shared_bfull_accurate_nozero kernel rep=4 ms=140.381098
TIME graph=ogbn-products method=mkl_fp32 kernel rep=4 ms=228.793144
TIME graph=ogbn-products method=mkl_bf16_inputs kernel rep=4 ms=228.068829
TIME graph=ogbn-products method=original kernel rep=4 ms=262.087822
TIME graph=ogbn-products method=original_nozero kernel rep=4 ms=148.545980
TIME graph=ogbn-products method=shared_b2_fast_nozero kernel rep=4 ms=266.034126
TIME graph=ogbn-products method=shared_b4_fast_nozero kernel rep=5 ms=200.738907
TIME graph=ogbn-products method=shared_b4_accurate_nozero kernel rep=5 ms=224.977970
TIME graph=ogbn-products method=shared_b8_fast_nozero kernel rep=5 ms=168.997049
TIME graph=ogbn-products method=shared_b8_accurate_nozero kernel rep=5 ms=186.863184
TIME graph=ogbn-products method=shared_b16_fast_nozero kernel rep=5 ms=153.757811
TIME graph=ogbn-products method=shared_b16_accurate_nozero kernel rep=5 ms=163.675070
TIME graph=ogbn-products method=shared_b32_fast_nozero kernel rep=5 ms=136.871099
TIME graph=ogbn-products method=shared_b32_accurate_nozero kernel rep=5 ms=147.832155
TIME graph=ogbn-products method=shared_b64_fast_nozero kernel rep=5 ms=137.949944
TIME graph=ogbn-products method=shared_b64_accurate_nozero kernel rep=5 ms=140.072107
TIME graph=ogbn-products method=shared_bfull_fast_nozero kernel rep=5 ms=136.502028
TIME graph=ogbn-products method=shared_bfull_accurate_nozero kernel rep=5 ms=136.007071
TIME graph=ogbn-products method=mkl_fp32 kernel rep=5 ms=229.357958
TIME graph=ogbn-products method=mkl_bf16_inputs kernel rep=5 ms=227.735043
TIME graph=ogbn-products method=original kernel rep=5 ms=260.174990
TIME graph=ogbn-products method=original_nozero kernel rep=5 ms=152.431011
TIME graph=ogbn-products method=shared_b2_fast_nozero kernel rep=5 ms=261.802912
TIME graph=ogbn-products method=shared_b2_accurate_nozero kernel rep=5 ms=311.886072
TIME graph=ogbn-products method=shared_b4_accurate_nozero kernel rep=6 ms=225.199938
TIME graph=ogbn-products method=shared_b8_fast_nozero kernel rep=6 ms=173.788071
TIME graph=ogbn-products method=shared_b8_accurate_nozero kernel rep=6 ms=183.772802
TIME graph=ogbn-products method=shared_b16_fast_nozero kernel rep=6 ms=152.465105
TIME graph=ogbn-products method=shared_b16_accurate_nozero kernel rep=6 ms=167.042017
TIME graph=ogbn-products method=shared_b32_fast_nozero kernel rep=6 ms=137.086868
TIME graph=ogbn-products method=shared_b32_accurate_nozero kernel rep=6 ms=152.354956
TIME graph=ogbn-products method=shared_b64_fast_nozero kernel rep=6 ms=137.298107
TIME graph=ogbn-products method=shared_b64_accurate_nozero kernel rep=6 ms=141.855955
TIME graph=ogbn-products method=shared_bfull_fast_nozero kernel rep=6 ms=132.515907
TIME graph=ogbn-products method=shared_bfull_accurate_nozero kernel rep=6 ms=140.431881
TIME graph=ogbn-products method=mkl_fp32 kernel rep=6 ms=228.754997
TIME graph=ogbn-products method=mkl_bf16_inputs kernel rep=6 ms=228.147984
TIME graph=ogbn-products method=original kernel rep=6 ms=251.853943
TIME graph=ogbn-products method=original_nozero kernel rep=6 ms=156.951189
TIME graph=ogbn-products method=shared_b2_fast_nozero kernel rep=6 ms=267.277956
TIME graph=ogbn-products method=shared_b2_accurate_nozero kernel rep=6 ms=305.037022
TIME graph=ogbn-products method=shared_b4_fast_nozero kernel rep=6 ms=203.977108
TIME graph=ogbn-products method=shared_b8_fast_nozero kernel rep=7 ms=174.569130
TIME graph=ogbn-products method=shared_b8_accurate_nozero kernel rep=7 ms=183.307886
TIME graph=ogbn-products method=shared_b16_fast_nozero kernel rep=7 ms=152.420044
TIME graph=ogbn-products method=shared_b16_accurate_nozero kernel rep=7 ms=160.330057
TIME graph=ogbn-products method=shared_b32_fast_nozero kernel rep=7 ms=141.578913
TIME graph=ogbn-products method=shared_b32_accurate_nozero kernel rep=7 ms=153.717041
TIME graph=ogbn-products method=shared_b64_fast_nozero kernel rep=7 ms=133.101940
TIME graph=ogbn-products method=shared_b64_accurate_nozero kernel rep=7 ms=141.349077
TIME graph=ogbn-products method=shared_bfull_fast_nozero kernel rep=7 ms=132.072210
TIME graph=ogbn-products method=shared_bfull_accurate_nozero kernel rep=7 ms=136.965990
TIME graph=ogbn-products method=mkl_fp32 kernel rep=7 ms=229.419947
TIME graph=ogbn-products method=mkl_bf16_inputs kernel rep=7 ms=228.092909
TIME graph=ogbn-products method=original kernel rep=7 ms=254.480124
TIME graph=ogbn-products method=original_nozero kernel rep=7 ms=156.745195
TIME graph=ogbn-products method=shared_b2_fast_nozero kernel rep=7 ms=269.659996
TIME graph=ogbn-products method=shared_b2_accurate_nozero kernel rep=7 ms=322.836161
TIME graph=ogbn-products method=shared_b4_fast_nozero kernel rep=7 ms=200.800896
TIME graph=ogbn-products method=shared_b4_accurate_nozero kernel rep=7 ms=233.029842
TIME graph=ogbn-products method=shared_b8_accurate_nozero kernel rep=8 ms=183.920145
TIME graph=ogbn-products method=shared_b16_fast_nozero kernel rep=8 ms=152.863979
TIME graph=ogbn-products method=shared_b16_accurate_nozero kernel rep=8 ms=159.191847
TIME graph=ogbn-products method=shared_b32_fast_nozero kernel rep=8 ms=141.076803
TIME graph=ogbn-products method=shared_b32_accurate_nozero kernel rep=8 ms=147.843122
TIME graph=ogbn-products method=shared_b64_fast_nozero kernel rep=8 ms=133.995056
TIME graph=ogbn-products method=shared_b64_accurate_nozero kernel rep=8 ms=139.579058
TIME graph=ogbn-products method=shared_bfull_fast_nozero kernel rep=8 ms=135.220051
TIME graph=ogbn-products method=shared_bfull_accurate_nozero kernel rep=8 ms=138.284922
TIME graph=ogbn-products method=mkl_fp32 kernel rep=8 ms=229.145050
TIME graph=ogbn-products method=mkl_bf16_inputs kernel rep=8 ms=227.778912
TIME graph=ogbn-products method=original kernel rep=8 ms=254.289865
TIME graph=ogbn-products method=original_nozero kernel rep=8 ms=148.586988
TIME graph=ogbn-products method=shared_b2_fast_nozero kernel rep=8 ms=263.310909
TIME graph=ogbn-products method=shared_b2_accurate_nozero kernel rep=8 ms=316.689968
TIME graph=ogbn-products method=shared_b4_fast_nozero kernel rep=8 ms=203.033209
TIME graph=ogbn-products method=shared_b4_accurate_nozero kernel rep=8 ms=230.772972
TIME graph=ogbn-products method=shared_b8_fast_nozero kernel rep=8 ms=174.094915
TIME graph=ogbn-products method=shared_b16_fast_nozero kernel rep=9 ms=159.118891
TIME graph=ogbn-products method=shared_b16_accurate_nozero kernel rep=9 ms=162.787914
TIME graph=ogbn-products method=shared_b32_fast_nozero kernel rep=9 ms=142.224073
TIME graph=ogbn-products method=shared_b32_accurate_nozero kernel rep=9 ms=152.338982
TIME graph=ogbn-products method=shared_b64_fast_nozero kernel rep=9 ms=134.679079
TIME graph=ogbn-products method=shared_b64_accurate_nozero kernel rep=9 ms=142.095804
TIME graph=ogbn-products method=shared_bfull_fast_nozero kernel rep=9 ms=133.848906
TIME graph=ogbn-products method=shared_bfull_accurate_nozero kernel rep=9 ms=134.904861
TIME graph=ogbn-products method=mkl_fp32 kernel rep=9 ms=229.501963
TIME graph=ogbn-products method=mkl_bf16_inputs kernel rep=9 ms=227.793932
TIME graph=ogbn-products method=original kernel rep=9 ms=256.865978
TIME graph=ogbn-products method=original_nozero kernel rep=9 ms=150.949001
TIME graph=ogbn-products method=shared_b2_fast_nozero kernel rep=9 ms=257.198095
TIME graph=ogbn-products method=shared_b2_accurate_nozero kernel rep=9 ms=316.616058
TIME graph=ogbn-products method=shared_b4_fast_nozero kernel rep=9 ms=199.623823
TIME graph=ogbn-products method=shared_b4_accurate_nozero kernel rep=9 ms=232.743025
TIME graph=ogbn-products method=shared_b8_fast_nozero kernel rep=9 ms=170.184851
TIME graph=ogbn-products method=shared_b8_accurate_nozero kernel rep=9 ms=179.609060
CORRECT graph=ogbn-products method=original boundary=instrumented_kernel reference=unchanged_original rel_l2=0 max_abs=0 max_norm=0 pass=1
CORRECT graph=ogbn-products method=original_nozero boundary=instrumented_kernel reference=unchanged_original rel_l2=0 max_abs=0 max_norm=0 pass=1
CORRECT graph=ogbn-products method=shared_b2_fast_nozero boundary=instrumented_kernel reference=mkl_bf16_inputs rel_l2=0.00236709516 max_abs=3.83227539 max_norm=0.00206511119 pass=1
CORRECT graph=ogbn-products method=shared_b2_accurate_nozero boundary=instrumented_kernel reference=mkl_bf16_inputs rel_l2=5.98198681e-07 max_abs=0.00903320312 max_norm=4.8677527e-06 pass=1
CORRECT graph=ogbn-products method=shared_b4_fast_nozero boundary=instrumented_kernel reference=mkl_bf16_inputs rel_l2=0.00296910547 max_abs=4.8939209 max_norm=0.00263720369 pass=1
CORRECT graph=ogbn-products method=shared_b4_accurate_nozero boundary=instrumented_kernel reference=mkl_bf16_inputs rel_l2=4.49174607e-07 max_abs=0.0141601562 max_norm=7.63053126e-06 pass=1
CORRECT graph=ogbn-products method=shared_b8_fast_nozero boundary=instrumented_kernel reference=mkl_bf16_inputs rel_l2=0.00315028196 max_abs=6.19067383 max_norm=0.00333598933 pass=1
CORRECT graph=ogbn-products method=shared_b8_accurate_nozero boundary=instrumented_kernel reference=mkl_bf16_inputs rel_l2=6.73597808e-07 max_abs=0.00598144531 max_norm=3.22324165e-06 pass=1
CORRECT graph=ogbn-products method=shared_b16_fast_nozero boundary=instrumented_kernel reference=mkl_bf16_inputs rel_l2=0.00325144581 max_abs=4.78283691 max_norm=0.00257734349 pass=1
CORRECT graph=ogbn-products method=shared_b16_accurate_nozero boundary=instrumented_kernel reference=mkl_bf16_inputs rel_l2=1.84076247e-06 max_abs=0.00366210938 max_norm=1.97341326e-06 pass=1
CORRECT graph=ogbn-products method=shared_b32_fast_nozero boundary=instrumented_kernel reference=mkl_bf16_inputs rel_l2=0.0032680137 max_abs=5.15539551 max_norm=0.0027781054 pass=1
CORRECT graph=ogbn-products method=shared_b32_accurate_nozero boundary=instrumented_kernel reference=mkl_bf16_inputs rel_l2=3.44104027e-06 max_abs=0.00610351562 max_norm=3.28902209e-06 pass=1
CORRECT graph=ogbn-products method=shared_b64_fast_nozero boundary=instrumented_kernel reference=mkl_bf16_inputs rel_l2=0.00328951978 max_abs=5.85009766 max_norm=0.0031524619 pass=1
CORRECT graph=ogbn-products method=shared_b64_accurate_nozero boundary=instrumented_kernel reference=mkl_bf16_inputs rel_l2=5.09262278e-06 max_abs=0.00842285156 max_norm=4.53885049e-06 pass=1
CORRECT graph=ogbn-products method=shared_bfull_fast_nozero boundary=instrumented_kernel reference=mkl_bf16_inputs rel_l2=0.00329576413 max_abs=7.79174805 max_norm=0.0041987656 pass=1
CORRECT graph=ogbn-products method=shared_bfull_accurate_nozero boundary=instrumented_kernel reference=mkl_bf16_inputs rel_l2=6.62373577e-06 max_abs=0.0220947266 max_norm=1.190626e-05 pass=1
CORRECT graph=ogbn-products method=mkl_fp32 boundary=two_layer_e2e reference=mkl_bf16_inputs rel_l2=0.00999947259 max_abs=58238 max_norm=0.0110122369 pass=1
CORRECT graph=ogbn-products method=mkl_fp32 boundary=two_layer_e2e reference=mkl_fp32 rel_l2=0 max_abs=0 max_norm=0 pass=1
CORRECT graph=ogbn-products method=mkl_bf16_inputs boundary=two_layer_e2e reference=mkl_bf16_inputs rel_l2=0 max_abs=0 max_norm=0 pass=1
CORRECT graph=ogbn-products method=mkl_bf16_inputs boundary=two_layer_e2e reference=mkl_fp32 rel_l2=0.00990221854 max_abs=58238 max_norm=0.0108922884 pass=1
CORRECT graph=ogbn-products method=original boundary=two_layer_e2e reference=mkl_bf16_inputs rel_l2=9.52361087e-06 max_abs=30.75 max_norm=5.81452461e-06 pass=1
CORRECT graph=ogbn-products method=original boundary=two_layer_e2e reference=mkl_fp32 rel_l2=0.00990227726 max_abs=58226 max_norm=0.0108900441 pass=1
CORRECT graph=ogbn-products method=original_nozero boundary=two_layer_e2e reference=mkl_bf16_inputs rel_l2=9.52361087e-06 max_abs=30.75 max_norm=5.81452461e-06 pass=1
CORRECT graph=ogbn-products method=original_nozero boundary=two_layer_e2e reference=mkl_fp32 rel_l2=0.00990227726 max_abs=58226 max_norm=0.0108900441 pass=1
CORRECT graph=ogbn-products method=shared_b2_fast_nozero boundary=two_layer_e2e reference=mkl_bf16_inputs rel_l2=0.00308281945 max_abs=14704 max_norm=0.00278038276 pass=1
CORRECT graph=ogbn-products method=shared_b2_fast_nozero boundary=two_layer_e2e reference=mkl_fp32 rel_l2=0.0128660214 max_abs=72942 max_norm=0.0136423864 pass=1
CORRECT graph=ogbn-products method=shared_b2_accurate_nozero boundary=two_layer_e2e reference=mkl_bf16_inputs rel_l2=8.59629231e-06 max_abs=66 max_norm=1.24799553e-05 pass=1
CORRECT graph=ogbn-products method=shared_b2_accurate_nozero boundary=two_layer_e2e reference=mkl_fp32 rel_l2=0.00990232652 max_abs=58271.5 max_norm=0.0108985539 pass=1
CORRECT graph=ogbn-products method=shared_b4_fast_nozero boundary=two_layer_e2e reference=mkl_bf16_inputs rel_l2=0.00465653394 max_abs=23358.5 max_norm=0.00441686416 pass=1
CORRECT graph=ogbn-products method=shared_b4_fast_nozero boundary=two_layer_e2e reference=mkl_fp32 rel_l2=0.0144290384 max_abs=81596.5 max_norm=0.0152610428 pass=1
CORRECT graph=ogbn-products method=shared_b4_accurate_nozero boundary=two_layer_e2e reference=mkl_bf16_inputs rel_l2=6.00428951e-06 max_abs=27.5 max_norm=5.19998136e-06 pass=1
CORRECT graph=ogbn-products method=shared_b4_accurate_nozero boundary=two_layer_e2e reference=mkl_fp32 rel_l2=0.00990225776 max_abs=58237.5 max_norm=0.0108921949 pass=1
CORRECT graph=ogbn-products method=shared_b8_fast_nozero boundary=two_layer_e2e reference=mkl_bf16_inputs rel_l2=0.00530594822 max_abs=27454 max_norm=0.00519128321 pass=1
CORRECT graph=ogbn-products method=shared_b8_fast_nozero boundary=two_layer_e2e reference=mkl_fp32 rel_l2=0.0150690601 max_abs=85692 max_norm=0.0160270267 pass=1
CORRECT graph=ogbn-products method=shared_b8_accurate_nozero boundary=two_layer_e2e reference=mkl_bf16_inputs rel_l2=7.57159522e-06 max_abs=18.75 max_norm=3.54544183e-06 pass=1
CORRECT graph=ogbn-products method=shared_b8_accurate_nozero boundary=two_layer_e2e reference=mkl_fp32 rel_l2=0.00990250983 max_abs=58242 max_norm=0.0108930365 pass=1
CORRECT graph=ogbn-products method=shared_b16_fast_nozero boundary=two_layer_e2e reference=mkl_bf16_inputs rel_l2=0.00555682722 max_abs=28910 max_norm=0.00546659858 pass=1
CORRECT graph=ogbn-products method=shared_b16_fast_nozero boundary=two_layer_e2e reference=mkl_fp32 rel_l2=0.0153098586 max_abs=87148 max_norm=0.0162993432 pass=1
CORRECT graph=ogbn-products method=shared_b16_accurate_nozero boundary=two_layer_e2e reference=mkl_bf16_inputs rel_l2=1.11457347e-05 max_abs=23 max_norm=4.34907532e-06 pass=1
CORRECT graph=ogbn-products method=shared_b16_accurate_nozero boundary=two_layer_e2e reference=mkl_fp32 rel_l2=0.009903301 max_abs=58243.5 max_norm=0.0108933171 pass=1
CORRECT graph=ogbn-products method=shared_b32_fast_nozero boundary=two_layer_e2e reference=mkl_bf16_inputs rel_l2=0.00563027412 max_abs=29502.5 max_norm=0.00557863454 pass=1
CORRECT graph=ogbn-products method=shared_b32_fast_nozero boundary=two_layer_e2e reference=mkl_fp32 rel_l2=0.0153690433 max_abs=87740.5 max_norm=0.0164101589 pass=1
CORRECT graph=ogbn-products method=shared_b32_accurate_nozero boundary=two_layer_e2e reference=mkl_bf16_inputs rel_l2=1.55147595e-05 max_abs=24 max_norm=4.53816555e-06 pass=1
CORRECT graph=ogbn-products method=shared_b32_accurate_nozero boundary=two_layer_e2e reference=mkl_fp32 rel_l2=0.00990565446 max_abs=58253.5 max_norm=0.0108951874 pass=1
CORRECT graph=ogbn-products method=shared_b64_fast_nozero boundary=two_layer_e2e reference=mkl_bf16_inputs rel_l2=0.00570388793 max_abs=29785.5 max_norm=0.00563214708 pass=1
CORRECT graph=ogbn-products method=shared_b64_fast_nozero boundary=two_layer_e2e reference=mkl_fp32 rel_l2=0.0154202014 max_abs=88023.5 max_norm=0.0164630885 pass=1
CORRECT graph=ogbn-products method=shared_b64_accurate_nozero boundary=two_layer_e2e reference=mkl_bf16_inputs rel_l2=2.12798826e-05 max_abs=46 max_norm=8.69815063e-06 pass=1
CORRECT graph=ogbn-products method=shared_b64_accurate_nozero boundary=two_layer_e2e reference=mkl_fp32 rel_l2=0.00990936496 max_abs=58280.5 max_norm=0.0109002372 pass=1
CORRECT graph=ogbn-products method=shared_bfull_fast_nozero boundary=two_layer_e2e reference=mkl_bf16_inputs rel_l2=0.00585877219 max_abs=30863.5 max_norm=0.00583598635 pass=1
CORRECT graph=ogbn-products method=shared_bfull_fast_nozero boundary=two_layer_e2e reference=mkl_fp32 rel_l2=0.0154774708 max_abs=82967.5 max_norm=0.0155174618 pass=1
CORRECT graph=ogbn-products method=shared_bfull_accurate_nozero boundary=two_layer_e2e reference=mkl_bf16_inputs rel_l2=2.83207103e-05 max_abs=69.25 max_norm=1.30944985e-05 pass=1
CORRECT graph=ogbn-products method=shared_bfull_accurate_nozero boundary=two_layer_e2e reference=mkl_fp32 rel_l2=0.00991305141 max_abs=58295.5 max_norm=0.0109030427 pass=1
TIME graph=ogbn-products method=mkl_bf16_inputs e2e rep=0 ms=468.981981 L1=227.710009 act_convert=13.202906 L2=228.069067
TIME graph=ogbn-products method=original e2e rep=0 ms=520.487070 L1=256.901026 act_convert=12.367964 L2=251.218081
TIME graph=ogbn-products method=original_nozero e2e rep=0 ms=317.400932 L1=153.717041 act_convert=13.405085 L2=150.278807
TIME graph=ogbn-products method=shared_b2_fast_nozero e2e rep=0 ms=545.108080 L1=267.632961 act_convert=12.928963 L2=264.546156
TIME graph=ogbn-products method=shared_b2_accurate_nozero e2e rep=0 ms=639.105082 L1=306.383133 act_convert=8.986950 L2=323.734999
TIME graph=ogbn-products method=shared_b4_fast_nozero e2e rep=0 ms=412.718058 L1=202.301979 act_convert=8.924961 L2=201.491117
TIME graph=ogbn-products method=shared_b4_accurate_nozero e2e rep=0 ms=471.299887 L1=225.857019 act_convert=9.007931 L2=236.434937
TIME graph=ogbn-products method=shared_b8_fast_nozero e2e rep=0 ms=355.590105 L1=171.245098 act_convert=8.973837 L2=175.371170
TIME graph=ogbn-products method=shared_b8_accurate_nozero e2e rep=0 ms=386.804104 L1=187.725067 act_convert=8.980989 L2=190.098047
TIME graph=ogbn-products method=shared_b16_fast_nozero e2e rep=0 ms=326.120853 L1=160.497904 act_convert=8.971930 L2=156.651020
TIME graph=ogbn-products method=shared_b16_accurate_nozero e2e rep=0 ms=340.839863 L1=165.433884 act_convert=8.964062 L2=166.441917
TIME graph=ogbn-products method=shared_b32_fast_nozero e2e rep=0 ms=287.471771 L1=137.897968 act_convert=8.904934 L2=140.668869
TIME graph=ogbn-products method=shared_b32_accurate_nozero e2e rep=0 ms=309.634924 L1=149.829865 act_convert=8.980989 L2=150.824070
TIME graph=ogbn-products method=shared_b64_fast_nozero e2e rep=0 ms=283.658981 L1=134.948015 act_convert=8.886099 L2=139.824867
TIME graph=ogbn-products method=shared_b64_accurate_nozero e2e rep=0 ms=292.420864 L1=143.483877 act_convert=8.902073 L2=140.034914
TIME graph=ogbn-products method=shared_bfull_fast_nozero e2e rep=0 ms=283.385038 L1=137.718201 act_convert=8.928776 L2=136.738062
TIME graph=ogbn-products method=shared_bfull_accurate_nozero e2e rep=0 ms=290.673018 L1=141.667128 act_convert=8.894920 L2=140.110970
TIME graph=ogbn-products method=mkl_fp32 e2e rep=0 ms=462.877989 L1=229.928017 act_convert=4.055023 L2=228.894949
TIME graph=ogbn-products method=original e2e rep=1 ms=507.210970 L1=251.582146 act_convert=8.992910 L2=246.635914
TIME graph=ogbn-products method=original_nozero e2e rep=1 ms=316.977024 L1=153.033972 act_convert=8.908987 L2=155.034065
TIME graph=ogbn-products method=shared_b2_fast_nozero e2e rep=1 ms=544.921160 L1=263.605118 act_convert=11.492968 L2=269.823074
TIME graph=ogbn-products method=shared_b2_accurate_nozero e2e rep=1 ms=639.714956 L1=313.776016 act_convert=8.960962 L2=316.977978
TIME graph=ogbn-products method=shared_b4_fast_nozero e2e rep=1 ms=424.740076 L1=206.444025 act_convert=12.961864 L2=205.334187
TIME graph=ogbn-products method=shared_b4_accurate_nozero e2e rep=1 ms=477.998018 L1=237.869024 act_convert=8.972883 L2=231.156111
TIME graph=ogbn-products method=shared_b8_fast_nozero e2e rep=1 ms=354.339838 L1=170.275927 act_convert=8.901119 L2=175.162792
TIME graph=ogbn-products method=shared_b8_accurate_nozero e2e rep=1 ms=384.665012 L1=186.985970 act_convert=8.958101 L2=188.720942
TIME graph=ogbn-products method=shared_b16_fast_nozero e2e rep=1 ms=325.272083 L1=158.196926 act_convert=8.970022 L2=158.105135
TIME graph=ogbn-products method=shared_b16_accurate_nozero e2e rep=1 ms=342.574120 L1=167.371035 act_convert=8.989096 L2=166.213989
TIME graph=ogbn-products method=shared_b32_fast_nozero e2e rep=1 ms=287.475109 L1=138.109922 act_convert=8.895159 L2=140.470028
TIME graph=ogbn-products method=shared_b32_accurate_nozero e2e rep=1 ms=311.219931 L1=148.083925 act_convert=8.938074 L2=154.197931
TIME graph=ogbn-products method=shared_b64_fast_nozero e2e rep=1 ms=285.690069 L1=138.247967 act_convert=8.917093 L2=138.525009
TIME graph=ogbn-products method=shared_b64_accurate_nozero e2e rep=1 ms=292.876005 L1=143.525124 act_convert=9.370089 L2=139.980793
TIME graph=ogbn-products method=shared_bfull_fast_nozero e2e rep=1 ms=275.210142 L1=133.934975 act_convert=8.903980 L2=132.371187
TIME graph=ogbn-products method=shared_bfull_accurate_nozero e2e rep=1 ms=286.855936 L1=141.231775 act_convert=8.974075 L2=136.650085
TIME graph=ogbn-products method=mkl_fp32 e2e rep=1 ms=462.338209 L1=229.484081 act_convert=4.019976 L2=228.834152
TIME graph=ogbn-products method=mkl_bf16_inputs e2e rep=1 ms=468.852997 L1=227.659941 act_convert=13.226986 L2=227.966070
TIME graph=ogbn-products method=original_nozero e2e rep=2 ms=319.906950 L1=158.752918 act_convert=8.938074 L2=152.215958
TIME graph=ogbn-products method=shared_b2_fast_nozero e2e rep=2 ms=526.526928 L1=256.917000 act_convert=8.975029 L2=260.634899
TIME graph=ogbn-products method=shared_b2_accurate_nozero e2e rep=2 ms=633.548975 L1=306.653023 act_convert=8.903027 L2=317.992926
TIME graph=ogbn-products method=shared_b4_fast_nozero e2e rep=2 ms=411.831141 L1=201.845169 act_convert=8.925915 L2=201.060057
TIME graph=ogbn-products method=shared_b4_accurate_nozero e2e rep=2 ms=465.283155 L1=226.265192 act_convert=9.102821 L2=229.915142
TIME graph=ogbn-products method=shared_b8_fast_nozero e2e rep=2 ms=359.525919 L1=174.197912 act_convert=8.940935 L2=176.387072
TIME graph=ogbn-products method=shared_b8_accurate_nozero e2e rep=2 ms=378.592968 L1=185.292959 act_convert=8.980989 L2=184.319019
TIME graph=ogbn-products method=shared_b16_fast_nozero e2e rep=2 ms=318.622828 L1=154.942989 act_convert=8.931875 L2=154.747963
TIME graph=ogbn-products method=shared_b16_accurate_nozero e2e rep=2 ms=337.234020 L1=161.319017 act_convert=8.964062 L2=166.950941
TIME graph=ogbn-products method=shared_b32_fast_nozero e2e rep=2 ms=287.561893 L1=140.540838 act_convert=8.913994 L2=138.107061
TIME graph=ogbn-products method=shared_b32_accurate_nozero e2e rep=2 ms=314.085007 L1=153.124094 act_convert=8.975983 L2=151.984930
TIME graph=ogbn-products method=shared_b64_fast_nozero e2e rep=2 ms=284.309149 L1=134.464979 act_convert=8.919954 L2=140.924215
TIME graph=ogbn-products method=shared_b64_accurate_nozero e2e rep=2 ms=291.658163 L1=143.210173 act_convert=8.910894 L2=139.537096
TIME graph=ogbn-products method=shared_bfull_fast_nozero e2e rep=2 ms=274.761915 L1=132.220984 act_convert=8.904934 L2=133.635998
TIME graph=ogbn-products method=shared_bfull_accurate_nozero e2e rep=2 ms=288.437843 L1=139.997005 act_convert=8.997917 L2=139.442921
TIME graph=ogbn-products method=mkl_fp32 e2e rep=2 ms=462.480783 L1=229.179859 act_convert=4.045010 L2=229.255915
TIME graph=ogbn-products method=mkl_bf16_inputs e2e rep=2 ms=468.391895 L1=227.118015 act_convert=13.220072 L2=228.053808
TIME graph=ogbn-products method=original e2e rep=2 ms=514.491081 L1=257.020950 act_convert=8.939981 L2=248.530149
TIME graph=ogbn-products method=shared_b2_fast_nozero e2e rep=3 ms=529.196978 L1=255.686998 act_convert=8.924007 L2=264.585972
TIME graph=ogbn-products method=shared_b2_accurate_nozero e2e rep=3 ms=642.215014 L1=316.779852 act_convert=8.977175 L2=316.457987
TIME graph=ogbn-products method=shared_b4_fast_nozero e2e rep=3 ms=413.777113 L1=204.332113 act_convert=8.950949 L2=200.494051
TIME graph=ogbn-products method=shared_b4_accurate_nozero e2e rep=3 ms=469.244003 L1=228.596926 act_convert=9.252071 L2=231.395006
TIME graph=ogbn-products method=shared_b8_fast_nozero e2e rep=3 ms=353.362083 L1=173.831224 act_convert=8.971930 L2=170.558929
TIME graph=ogbn-products method=shared_b8_accurate_nozero e2e rep=3 ms=384.516001 L1=187.886000 act_convert=8.957863 L2=187.672138
TIME graph=ogbn-products method=shared_b16_fast_nozero e2e rep=3 ms=324.149847 L1=160.794973 act_convert=8.888006 L2=154.466867
TIME graph=ogbn-products method=shared_b16_accurate_nozero e2e rep=3 ms=331.938982 L1=160.507917 act_convert=8.962154 L2=162.468910
TIME graph=ogbn-products method=shared_b32_fast_nozero e2e rep=3 ms=288.094044 L1=138.442993 act_convert=8.895159 L2=140.755892
TIME graph=ogbn-products method=shared_b32_accurate_nozero e2e rep=3 ms=310.526133 L1=150.066137 act_convert=8.975983 L2=151.484013
TIME graph=ogbn-products method=shared_b64_fast_nozero e2e rep=3 ms=277.978182 L1=134.698153 act_convert=8.904934 L2=134.375095
TIME graph=ogbn-products method=shared_b64_accurate_nozero e2e rep=3 ms=294.999123 L1=140.716076 act_convert=8.914948 L2=145.368099
TIME graph=ogbn-products method=shared_bfull_fast_nozero e2e rep=3 ms=274.051905 L1=132.230043 act_convert=8.900881 L2=132.920980
TIME graph=ogbn-products method=shared_bfull_accurate_nozero e2e rep=3 ms=283.993959 L1=137.727976 act_convert=8.919954 L2=137.346029
TIME graph=ogbn-products method=mkl_fp32 e2e rep=3 ms=462.403059 L1=229.457140 act_convert=4.007816 L2=228.938103
TIME graph=ogbn-products method=mkl_bf16_inputs e2e rep=3 ms=469.258070 L1=227.953911 act_convert=13.215065 L2=228.089094
TIME graph=ogbn-products method=original e2e rep=3 ms=521.285057 L1=256.863117 act_convert=12.893915 L2=251.528025
TIME graph=ogbn-products method=original_nozero e2e rep=3 ms=323.473930 L1=153.225899 act_convert=12.860060 L2=157.387972
TIME graph=ogbn-products method=shared_b2_accurate_nozero e2e rep=4 ms=632.164001 L1=317.116976 act_convert=8.975029 L2=306.071997
TIME graph=ogbn-products method=shared_b4_fast_nozero e2e rep=4 ms=419.451952 L1=205.168962 act_convert=8.985043 L2=205.297947
TIME graph=ogbn-products method=shared_b4_accurate_nozero e2e rep=4 ms=466.756821 L1=232.054949 act_convert=8.897066 L2=225.804806
TIME graph=ogbn-products method=shared_b8_fast_nozero e2e rep=4 ms=364.802122 L1=177.957058 act_convert=8.933067 L2=177.911997
TIME graph=ogbn-products method=shared_b8_accurate_nozero e2e rep=4 ms=379.073858 L1=188.089848 act_convert=8.958101 L2=182.025909
TIME graph=ogbn-products method=shared_b16_fast_nozero e2e rep=4 ms=320.269108 L1=158.016205 act_convert=8.926868 L2=153.326035
TIME graph=ogbn-products method=shared_b16_accurate_nozero e2e rep=4 ms=340.051174 L1=167.530060 act_convert=8.981943 L2=163.539171
TIME graph=ogbn-products method=shared_b32_fast_nozero e2e rep=4 ms=290.868998 L1=137.692928 act_convert=8.887053 L2=144.289017
TIME graph=ogbn-products method=shared_b32_accurate_nozero e2e rep=4 ms=309.539080 L1=149.183035 act_convert=9.024858 L2=151.331186
TIME graph=ogbn-products method=shared_b64_fast_nozero e2e rep=4 ms=285.559177 L1=138.121128 act_convert=8.921862 L2=138.516188
TIME graph=ogbn-products method=shared_b64_accurate_nozero e2e rep=4 ms=294.850111 L1=141.669989 act_convert=8.910179 L2=144.269943
TIME graph=ogbn-products method=shared_bfull_fast_nozero e2e rep=4 ms=281.100988 L1=136.363983 act_convert=8.919001 L2=135.818005
TIME graph=ogbn-products method=shared_bfull_accurate_nozero e2e rep=4 ms=282.447100 L1=135.443926 act_convert=8.908033 L2=138.095140
TIME graph=ogbn-products method=mkl_fp32 e2e rep=4 ms=462.816954 L1=229.738951 act_convert=4.061937 L2=229.016066
TIME graph=ogbn-products method=mkl_bf16_inputs e2e rep=4 ms=468.693018 L1=227.277040 act_convert=13.221979 L2=228.193998
TIME graph=ogbn-products method=original e2e rep=4 ms=521.642923 L1=261.327028 act_convert=8.949995 L2=251.365900
TIME graph=ogbn-products method=original_nozero e2e rep=4 ms=323.774099 L1=157.136917 act_convert=8.906126 L2=157.731056
TIME graph=ogbn-products method=shared_b2_fast_nozero e2e rep=4 ms=540.617943 L1=262.079000 act_convert=8.965969 L2=269.572973
TIME graph=ogbn-products method=shared_b4_fast_nozero e2e rep=5 ms=409.917116 L1=200.653076 act_convert=8.983135 L2=200.280905
TIME graph=ogbn-products method=shared_b4_accurate_nozero e2e rep=5 ms=476.743937 L1=231.019974 act_convert=8.899927 L2=236.824036
TIME graph=ogbn-products method=shared_b8_fast_nozero e2e rep=5 ms=359.162092 L1=176.016092 act_convert=8.971930 L2=174.174070
TIME graph=ogbn-products method=shared_b8_accurate_nozero e2e rep=5 ms=387.412786 L1=189.630985 act_convert=8.898973 L2=188.882828
TIME graph=ogbn-products method=shared_b16_fast_nozero e2e rep=5 ms=328.094006 L1=158.731937 act_convert=8.898020 L2=160.464048
TIME graph=ogbn-products method=shared_b16_accurate_nozero e2e rep=5 ms=340.529919 L1=164.422989 act_convert=8.996964 L2=167.109966
TIME graph=ogbn-products method=shared_b32_fast_nozero e2e rep=5 ms=290.721893 L1=137.899876 act_convert=8.904934 L2=143.917084
TIME graph=ogbn-products method=shared_b32_accurate_nozero e2e rep=5 ms=311.392069 L1=151.749134 act_convert=8.974075 L2=150.668859
TIME graph=ogbn-products method=shared_b64_fast_nozero e2e rep=5 ms=281.030893 L1=138.049841 act_convert=9.000063 L2=133.980989
TIME graph=ogbn-products method=shared_b64_accurate_nozero e2e rep=5 ms=294.739962 L1=142.769098 act_convert=8.929014 L2=143.041849
TIME graph=ogbn-products method=shared_bfull_fast_nozero e2e rep=5 ms=278.319120 L1=136.922121 act_convert=8.919001 L2=132.477999
TIME graph=ogbn-products method=shared_bfull_accurate_nozero e2e rep=5 ms=283.436060 L1=137.236118 act_convert=8.927822 L2=137.272120
TIME graph=ogbn-products method=mkl_fp32 e2e rep=5 ms=462.761879 L1=229.933977 act_convert=4.025936 L2=228.801966
TIME graph=ogbn-products method=mkl_bf16_inputs e2e rep=5 ms=468.902826 L1=227.095842 act_convert=13.278961 L2=228.528023
TIME graph=ogbn-products method=original e2e rep=5 ms=515.061140 L1=255.680084 act_convert=8.959055 L2=250.422001
TIME graph=ogbn-products method=original_nozero e2e rep=5 ms=320.734024 L1=153.163910 act_convert=9.401083 L2=158.169031
TIME graph=ogbn-products method=shared_b2_fast_nozero e2e rep=5 ms=524.544954 L1=257.283926 act_convert=8.952141 L2=258.308887
TIME graph=ogbn-products method=shared_b2_accurate_nozero e2e rep=5 ms=634.165049 L1=310.758114 act_convert=9.317875 L2=314.089060
TIME graph=ogbn-products method=shared_b4_accurate_nozero e2e rep=6 ms=467.793941 L1=232.542038 act_convert=8.961916 L2=226.289988
TIME graph=ogbn-products method=shared_b8_fast_nozero e2e rep=6 ms=354.207039 L1=174.092054 act_convert=8.993864 L2=171.121120
TIME graph=ogbn-products method=shared_b8_accurate_nozero e2e rep=6 ms=377.871990 L1=188.138962 act_convert=8.976936 L2=180.756092
TIME graph=ogbn-products method=shared_b16_fast_nozero e2e rep=6 ms=323.105097 L1=158.663988 act_convert=8.870125 L2=155.570984
TIME graph=ogbn-products method=shared_b16_accurate_nozero e2e rep=6 ms=339.401007 L1=163.933039 act_convert=8.957863 L2=166.510105
TIME graph=ogbn-products method=shared_b32_fast_nozero e2e rep=6 ms=288.712025 L1=138.585091 act_convert=8.927107 L2=141.199827
TIME graph=ogbn-products method=shared_b32_accurate_nozero e2e rep=6 ms=309.761047 L1=150.264025 act_convert=8.965015 L2=150.532007
TIME graph=ogbn-products method=shared_b64_fast_nozero e2e rep=6 ms=283.849001 L1=137.441874 act_convert=8.908033 L2=137.499094
TIME graph=ogbn-products method=shared_b64_accurate_nozero e2e rep=6 ms=294.359922 L1=145.517111 act_convert=8.923769 L2=139.919043
TIME graph=ogbn-products method=shared_bfull_fast_nozero e2e rep=6 ms=282.593966 L1=138.376951 act_convert=8.973837 L2=135.243177
TIME graph=ogbn-products method=shared_bfull_accurate_nozero e2e rep=6 ms=280.777931 L1=136.178017 act_convert=8.914948 L2=135.684967
TIME graph=ogbn-products method=mkl_fp32 e2e rep=6 ms=462.876081 L1=229.659081 act_convert=4.024982 L2=229.192019
TIME graph=ogbn-products method=mkl_bf16_inputs e2e rep=6 ms=468.703985 L1=227.502108 act_convert=13.205051 L2=227.996826
TIME graph=ogbn-products method=original e2e rep=6 ms=519.073009 L1=259.686947 act_convert=8.938074 L2=250.447989
TIME graph=ogbn-products method=original_nozero e2e rep=6 ms=321.319103 L1=153.227091 act_convert=8.913040 L2=159.178972
TIME graph=ogbn-products method=shared_b2_fast_nozero e2e rep=6 ms=537.585974 L1=263.121128 act_convert=8.994818 L2=265.470028
TIME graph=ogbn-products method=shared_b2_accurate_nozero e2e rep=6 ms=625.526905 L1=306.765079 act_convert=8.975029 L2=309.786797
TIME graph=ogbn-products method=shared_b4_fast_nozero e2e rep=6 ms=424.780130 L1=206.768036 act_convert=8.971930 L2=209.040165
TIME graph=ogbn-products method=shared_b8_fast_nozero e2e rep=7 ms=362.140179 L1=176.007986 act_convert=12.910128 L2=173.222065
TIME graph=ogbn-products method=shared_b8_accurate_nozero e2e rep=7 ms=382.844925 L1=188.156128 act_convert=8.974791 L2=185.714006
TIME graph=ogbn-products method=shared_b16_fast_nozero e2e rep=7 ms=324.166059 L1=158.338070 act_convert=8.914948 L2=156.913042
TIME graph=ogbn-products method=shared_b16_accurate_nozero e2e rep=7 ms=329.833031 L1=160.009861 act_convert=9.011030 L2=160.812140
TIME graph=ogbn-products method=shared_b32_fast_nozero e2e rep=7 ms=288.679123 L1=138.117075 act_convert=8.909941 L2=141.652107
TIME graph=ogbn-products method=shared_b32_accurate_nozero e2e rep=7 ms=311.836004 L1=151.982069 act_convert=9.001017 L2=150.852919
TIME graph=ogbn-products method=shared_b64_fast_nozero e2e rep=7 ms=280.925989 L1=134.053946 act_convert=8.888960 L2=137.983084
TIME graph=ogbn-products method=shared_b64_accurate_nozero e2e rep=7 ms=295.706034 L1=145.513058 act_convert=8.971930 L2=141.221046
TIME graph=ogbn-products method=shared_bfull_fast_nozero e2e rep=7 ms=273.481131 L1=132.117033 act_convert=8.903980 L2=132.460117
TIME graph=ogbn-products method=shared_bfull_accurate_nozero e2e rep=7 ms=284.098864 L1=139.504910 act_convert=8.943081 L2=135.650873
TIME graph=ogbn-products method=mkl_fp32 e2e rep=7 ms=462.354183 L1=229.478121 act_convert=4.086018 L2=228.790045
TIME graph=ogbn-products method=mkl_bf16_inputs e2e rep=7 ms=468.677998 L1=226.949930 act_convert=13.225079 L2=228.502989
TIME graph=ogbn-products method=original e2e rep=7 ms=511.162043 L1=255.198002 act_convert=9.012938 L2=246.951103
TIME graph=ogbn-products method=original_nozero e2e rep=7 ms=315.551996 L1=154.073954 act_convert=8.925200 L2=152.552843
TIME graph=ogbn-products method=shared_b2_fast_nozero e2e rep=7 ms=541.035891 L1=270.422935 act_convert=8.986950 L2=261.626005
TIME graph=ogbn-products method=shared_b2_accurate_nozero e2e rep=7 ms=656.527996 L1=324.814081 act_convert=8.950949 L2=322.762966
TIME graph=ogbn-products method=shared_b4_fast_nozero e2e rep=7 ms=421.492100 L1=205.632210 act_convert=8.920908 L2=206.938982
TIME graph=ogbn-products method=shared_b4_accurate_nozero e2e rep=7 ms=474.845886 L1=234.438896 act_convert=8.991003 L2=231.415987
TIME graph=ogbn-products method=shared_b8_accurate_nozero e2e rep=8 ms=383.725882 L1=186.815977 act_convert=8.968830 L2=187.941074
TIME graph=ogbn-products method=shared_b16_fast_nozero e2e rep=8 ms=319.166899 L1=153.660059 act_convert=8.900881 L2=156.605959
TIME graph=ogbn-products method=shared_b16_accurate_nozero e2e rep=8 ms=330.865860 L1=161.628008 act_convert=8.936882 L2=160.300970
TIME graph=ogbn-products method=shared_b32_fast_nozero e2e rep=8 ms=292.025089 L1=141.745090 act_convert=8.928061 L2=141.351938
TIME graph=ogbn-products method=shared_b32_accurate_nozero e2e rep=8 ms=308.144093 L1=149.058104 act_convert=8.962870 L2=150.123119
TIME graph=ogbn-products method=shared_b64_fast_nozero e2e rep=8 ms=287.423849 L1=138.881922 act_convert=8.898973 L2=139.642954
TIME graph=ogbn-products method=shared_b64_accurate_nozero e2e rep=8 ms=291.695833 L1=141.135931 act_convert=8.912086 L2=141.647816
TIME graph=ogbn-products method=shared_bfull_fast_nozero e2e rep=8 ms=279.720068 L1=138.924122 act_convert=8.908987 L2=131.886959
TIME graph=ogbn-products method=shared_bfull_accurate_nozero e2e rep=8 ms=286.998034 L1=139.537096 act_convert=8.904934 L2=138.556004
TIME graph=ogbn-products method=mkl_fp32 e2e rep=8 ms=462.877035 L1=229.933977 act_convert=4.032135 L2=228.910923
TIME graph=ogbn-products method=mkl_bf16_inputs e2e rep=8 ms=468.266010 L1=226.982117 act_convert=13.239861 L2=228.044033
TIME graph=ogbn-products method=original e2e rep=8 ms=506.355047 L1=247.380972 act_convert=8.951187 L2=250.022888
TIME graph=ogbn-products method=original_nozero e2e rep=8 ms=313.559055 L1=150.156975 act_convert=9.588003 L2=153.814077
TIME graph=ogbn-products method=shared_b2_fast_nozero e2e rep=8 ms=524.349928 L1=260.396957 act_convert=9.063005 L2=254.889965
TIME graph=ogbn-products method=shared_b2_accurate_nozero e2e rep=8 ms=642.414808 L1=324.673891 act_convert=8.980036 L2=308.760881
TIME graph=ogbn-products method=shared_b4_fast_nozero e2e rep=8 ms=419.778109 L1=199.916124 act_convert=9.017944 L2=210.844040
TIME graph=ogbn-products method=shared_b4_accurate_nozero e2e rep=8 ms=465.037823 L1=228.914976 act_convert=8.903980 L2=227.218866
TIME graph=ogbn-products method=shared_b8_fast_nozero e2e rep=8 ms=357.596874 L1=172.884941 act_convert=8.975983 L2=175.735950
TIME graph=ogbn-products method=shared_b16_fast_nozero e2e rep=9 ms=319.704056 L1=156.228065 act_convert=8.945942 L2=154.530048
TIME graph=ogbn-products method=shared_b16_accurate_nozero e2e rep=9 ms=329.952955 L1=160.577059 act_convert=8.906841 L2=160.469055
TIME graph=ogbn-products method=shared_b32_fast_nozero e2e rep=9 ms=285.773993 L1=138.112068 act_convert=8.905888 L2=138.756037
TIME graph=ogbn-products method=shared_b32_accurate_nozero e2e rep=9 ms=309.551001 L1=153.460979 act_convert=8.964062 L2=147.125959
TIME graph=ogbn-products method=shared_b64_fast_nozero e2e rep=9 ms=279.047012 L1=135.571957 act_convert=8.931875 L2=134.543180
TIME graph=ogbn-products method=shared_b64_accurate_nozero e2e rep=9 ms=291.652918 L1=141.914845 act_convert=8.904934 L2=140.833139
TIME graph=ogbn-products method=shared_bfull_fast_nozero e2e rep=9 ms=280.040979 L1=138.383150 act_convert=8.904934 L2=132.752895
TIME graph=ogbn-products method=shared_bfull_accurate_nozero e2e rep=9 ms=285.567045 L1=137.495995 act_convert=8.988142 L2=139.082909
TIME graph=ogbn-products method=mkl_fp32 e2e rep=9 ms=462.157011 L1=229.270935 act_convert=3.998995 L2=228.887081
TIME graph=ogbn-products method=mkl_bf16_inputs e2e rep=9 ms=469.186068 L1=227.903128 act_convert=13.270855 L2=228.012085
TIME graph=ogbn-products method=original e2e rep=9 ms=521.672010 L1=259.278059 act_convert=8.908033 L2=253.485918
TIME graph=ogbn-products method=original_nozero e2e rep=9 ms=321.734905 L1=156.563044 act_convert=8.896828 L2=156.275034
TIME graph=ogbn-products method=shared_b2_fast_nozero e2e rep=9 ms=531.620979 L1=258.610964 act_convert=8.967161 L2=264.042854
TIME graph=ogbn-products method=shared_b2_accurate_nozero e2e rep=9 ms=627.589941 L1=312.765121 act_convert=8.965015 L2=305.859804
TIME graph=ogbn-products method=shared_b4_fast_nozero e2e rep=9 ms=414.057016 L1=200.888157 act_convert=9.124994 L2=204.043865
TIME graph=ogbn-products method=shared_b4_accurate_nozero e2e rep=9 ms=477.842093 L1=235.758066 act_convert=8.965015 L2=233.119011
TIME graph=ogbn-products method=shared_b8_fast_nozero e2e rep=9 ms=360.854864 L1=175.139904 act_convert=8.977175 L2=176.737785
TIME graph=ogbn-products method=shared_b8_accurate_nozero e2e rep=9 ms=377.339840 L1=182.825804 act_convert=9.009123 L2=185.504913
COMPLETE graph=ogbn-products status=PASS max_rss_kib=13514468
