GRAPH_VALUES name=indochina-2004 checked=194109311 nonunit=0 implicit_ones=0
CORRECT graph=indochina-2004 method=mkl_bf16_inputs boundary=kernel_sample reference=fp64_bf16_inputs rel_l2=1.83859099e-07 max_abs=0.00033306703 max_norm=2.46884624e-07 pass=1
CONFIG graph=indochina-2004 N=7414866 E=194109311 threads=32 R=64 D=128 F=128 repeats=10 warmups=1
CORRECT graph=indochina-2004 method=mkl_fp32 boundary=kernel_full reference=mkl_bf16_inputs rel_l2=0.00517992468 max_abs=7.20788574 max_norm=0.00528112674 pass=1
CORRECT graph=indochina-2004 method=mkl_fp32 boundary=kernel_full reference=mkl_fp32 rel_l2=0 max_abs=0 max_norm=0 pass=1
CORRECT graph=indochina-2004 method=mkl_fp32 boundary=kernel_sample reference=fp64_bf16_inputs rel_l2=0.00495939386 max_abs=7.16507221 max_norm=0.00531108156 pass=1
CORRECT graph=indochina-2004 method=mkl_bf16_inputs boundary=kernel_full reference=mkl_bf16_inputs rel_l2=0 max_abs=0 max_norm=0 pass=1
CORRECT graph=indochina-2004 method=mkl_bf16_inputs boundary=kernel_full reference=mkl_fp32 rel_l2=0.00515563514 max_abs=7.20788574 max_norm=0.00525338295 pass=1
CORRECT graph=indochina-2004 method=mkl_bf16_inputs boundary=kernel_sample reference=fp64_bf16_inputs rel_l2=1.83859099e-07 max_abs=0.00033306703 max_norm=2.46884624e-07 pass=1
CORRECT graph=indochina-2004 method=original boundary=kernel_full reference=mkl_bf16_inputs rel_l2=1.70137594e-06 max_abs=0.00805664062 max_norm=5.90299871e-06 pass=1
CORRECT graph=indochina-2004 method=original boundary=kernel_full reference=mkl_fp32 rel_l2=0.00515578692 max_abs=7.2154541 max_norm=0.00525889906 pass=1
CORRECT graph=indochina-2004 method=original boundary=kernel_sample reference=fp64_bf16_inputs rel_l2=2.92805439e-06 max_abs=0.00643658265 max_norm=4.77109155e-06 pass=1
CORRECT graph=indochina-2004 method=original_nozero boundary=kernel_full reference=mkl_bf16_inputs rel_l2=1.70137594e-06 max_abs=0.00805664062 max_norm=5.90299871e-06 pass=1
CORRECT graph=indochina-2004 method=original_nozero boundary=kernel_full reference=mkl_fp32 rel_l2=0.00515578692 max_abs=7.2154541 max_norm=0.00525889906 pass=1
CORRECT graph=indochina-2004 method=original_nozero boundary=kernel_sample reference=fp64_bf16_inputs rel_l2=2.92805439e-06 max_abs=0.00643658265 max_norm=4.77109155e-06 pass=1
CORRECT graph=indochina-2004 method=original_nozero boundary=nozero_identity reference=unchanged_original rel_l2=0 max_abs=0 max_norm=0 pass=1
CORRECT graph=indochina-2004 method=shared_b2_fast_nozero boundary=kernel_full reference=mkl_bf16_inputs rel_l2=0.00231701764 max_abs=3.34008789 max_norm=0.00244724016 pass=1
CORRECT graph=indochina-2004 method=shared_b2_fast_nozero boundary=kernel_full reference=mkl_fp32 rel_l2=0.00693570922 max_abs=10.4996338 max_norm=0.0076525349 pass=1
CORRECT graph=indochina-2004 method=shared_b2_fast_nozero boundary=kernel_sample reference=fp64_bf16_inputs rel_l2=0.00233865757 max_abs=2.80538678 max_norm=0.0020794819 pass=1
CORRECT graph=indochina-2004 method=shared_b2_accurate_nozero boundary=kernel_full reference=mkl_bf16_inputs rel_l2=1.52324985e-06 max_abs=0.00695800781 max_norm=5.09804434e-06 pass=1
CORRECT graph=indochina-2004 method=shared_b2_accurate_nozero boundary=kernel_full reference=mkl_fp32 rel_l2=0.00515570883 max_abs=7.21484375 max_norm=0.00525845422 pass=1
CORRECT graph=indochina-2004 method=shared_b2_accurate_nozero boundary=kernel_sample reference=fp64_bf16_inputs rel_l2=2.1849518e-06 max_abs=0.00352444872 max_norm=2.61248374e-06 pass=1
CORRECT graph=indochina-2004 method=shared_b4_fast_nozero boundary=kernel_full reference=mkl_bf16_inputs rel_l2=0.00292838834 max_abs=3.6920166 max_norm=0.00270509388 pass=1
CORRECT graph=indochina-2004 method=shared_b4_fast_nozero boundary=kernel_full reference=mkl_fp32 rel_l2=0.00759698771 max_abs=10.8740234 max_norm=0.0079254044 pass=1
CORRECT graph=indochina-2004 method=shared_b4_fast_nozero boundary=kernel_sample reference=fp64_bf16_inputs rel_l2=0.00298919938 max_abs=3.59029889 max_norm=0.00266129491 pass=1
CORRECT graph=indochina-2004 method=shared_b4_accurate_nozero boundary=kernel_full reference=mkl_bf16_inputs rel_l2=1.14416748e-06 max_abs=0.00427246094 max_norm=3.1303781e-06 pass=1
CORRECT graph=indochina-2004 method=shared_b4_accurate_nozero boundary=kernel_full reference=mkl_fp32 rel_l2=0.00515564673 max_abs=7.21032715 max_norm=0.00525516234 pass=1
CORRECT graph=indochina-2004 method=shared_b4_accurate_nozero boundary=kernel_sample reference=fp64_bf16_inputs rel_l2=1.89647968e-06 max_abs=0.00308641791 max_norm=2.28779513e-06 pass=1
CORRECT graph=indochina-2004 method=shared_b8_fast_nozero boundary=kernel_full reference=mkl_bf16_inputs rel_l2=0.00313411744 max_abs=4.8762207 max_norm=0.00357274525 pass=1
CORRECT graph=indochina-2004 method=shared_b8_fast_nozero boundary=kernel_full reference=mkl_fp32 rel_l2=0.00784374761 max_abs=12.0699463 max_norm=0.00879703874 pass=1
CORRECT graph=indochina-2004 method=shared_b8_fast_nozero boundary=kernel_sample reference=fp64_bf16_inputs rel_l2=0.00310380478 max_abs=3.66158795 max_norm=0.00271413765 pass=1
CORRECT graph=indochina-2004 method=shared_b8_accurate_nozero boundary=kernel_full reference=mkl_bf16_inputs rel_l2=9.76027732e-07 max_abs=0.00439453125 max_norm=3.21981748e-06 pass=1
CORRECT graph=indochina-2004 method=shared_b8_accurate_nozero boundary=kernel_full reference=mkl_fp32 rel_l2=0.00515562425 max_abs=7.20690918 max_norm=0.0052526712 pass=1
CORRECT graph=indochina-2004 method=shared_b8_accurate_nozero boundary=kernel_sample reference=fp64_bf16_inputs rel_l2=1.33794253e-06 max_abs=0.00285580382 max_norm=2.11685334e-06 pass=1
CORRECT graph=indochina-2004 method=shared_b16_fast_nozero boundary=kernel_full reference=mkl_bf16_inputs rel_l2=0.00317629373 max_abs=4.98095703 max_norm=0.00364948423 pass=1
CORRECT graph=indochina-2004 method=shared_b16_fast_nozero boundary=kernel_full reference=mkl_fp32 rel_l2=0.0078643866 max_abs=10.8006592 max_norm=0.00787193372 pass=1
CORRECT graph=indochina-2004 method=shared_b16_fast_nozero boundary=kernel_sample reference=fp64_bf16_inputs rel_l2=0.00296416195 max_abs=4.02619693 max_norm=0.00298440262 pass=1
CORRECT graph=indochina-2004 method=shared_b16_accurate_nozero boundary=kernel_full reference=mkl_bf16_inputs rel_l2=1.79121349e-06 max_abs=0.00354003906 max_norm=2.59374186e-06 pass=1
CORRECT graph=indochina-2004 method=shared_b16_accurate_nozero boundary=kernel_full reference=mkl_fp32 rel_l2=0.00515583596 max_abs=7.20947266 max_norm=0.00525453956 pass=1
CORRECT graph=indochina-2004 method=shared_b16_accurate_nozero boundary=kernel_sample reference=fp64_bf16_inputs rel_l2=1.77005236e-06 max_abs=0.00200139359 max_norm=1.48352512e-06 pass=1
CORRECT graph=indochina-2004 method=shared_b32_fast_nozero boundary=kernel_full reference=mkl_bf16_inputs rel_l2=0.00312622227 max_abs=4.34570312 max_norm=0.00318404173 pass=1
CORRECT graph=indochina-2004 method=shared_b32_fast_nozero boundary=kernel_full reference=mkl_fp32 rel_l2=0.00783200962 max_abs=11.505249 max_norm=0.00838546576 pass=1
CORRECT graph=indochina-2004 method=shared_b32_fast_nozero boundary=kernel_sample reference=fp64_bf16_inputs rel_l2=0.00284670772 max_abs=3.13093326 max_norm=0.00232079195 pass=1
CORRECT graph=indochina-2004 method=shared_b32_accurate_nozero boundary=kernel_full reference=mkl_bf16_inputs rel_l2=3.22649881e-06 max_abs=0.00537109375 max_norm=3.93533247e-06 pass=1
CORRECT graph=indochina-2004 method=shared_b32_accurate_nozero boundary=kernel_full reference=mkl_fp32 rel_l2=0.00515664233 max_abs=7.20727539 max_norm=0.00525293811 pass=1
CORRECT graph=indochina-2004 method=shared_b32_accurate_nozero boundary=kernel_sample reference=fp64_bf16_inputs rel_l2=3.11958819e-06 max_abs=0.00332857296 max_norm=2.4672916e-06 pass=1
CORRECT graph=indochina-2004 method=shared_b64_fast_nozero boundary=kernel_full reference=mkl_bf16_inputs rel_l2=0.00321149459 max_abs=4.59228516 max_norm=0.00336470926 pass=1
CORRECT graph=indochina-2004 method=shared_b64_fast_nozero boundary=kernel_full reference=mkl_fp32 rel_l2=0.00789154768 max_abs=11.7606201 max_norm=0.00857158999 pass=1
CORRECT graph=indochina-2004 method=shared_b64_fast_nozero boundary=kernel_sample reference=fp64_bf16_inputs rel_l2=0.00303855527 max_abs=3.93941998 max_norm=0.00292007955 pass=1
CORRECT graph=indochina-2004 method=shared_b64_accurate_nozero boundary=kernel_full reference=mkl_bf16_inputs rel_l2=4.42499909e-06 max_abs=0.00720214844 max_norm=5.27692309e-06 pass=1
CORRECT graph=indochina-2004 method=shared_b64_accurate_nozero boundary=kernel_full reference=mkl_fp32 rel_l2=0.00515725175 max_abs=7.20861816 max_norm=0.00525391677 pass=1
CORRECT graph=indochina-2004 method=shared_b64_accurate_nozero boundary=kernel_sample reference=fp64_bf16_inputs rel_l2=4.22451539e-06 max_abs=0.00442456454 max_norm=3.27969104e-06 pass=1
CORRECT graph=indochina-2004 method=shared_bfull_fast_nozero boundary=kernel_full reference=mkl_bf16_inputs rel_l2=0.0033044864 max_abs=5.82666016 max_norm=0.00426912022 pass=1
CORRECT graph=indochina-2004 method=shared_bfull_fast_nozero boundary=kernel_full reference=mkl_fp32 rel_l2=0.00798097184 max_abs=12.8239746 max_norm=0.00934660343 pass=1
CORRECT graph=indochina-2004 method=shared_bfull_fast_nozero boundary=kernel_sample reference=fp64_bf16_inputs rel_l2=0.00356481382 max_abs=4.31661725 max_norm=0.00319967554 pass=1
CORRECT graph=indochina-2004 method=shared_bfull_accurate_nozero boundary=kernel_full reference=mkl_bf16_inputs rel_l2=6.95090159e-06 max_abs=0.0164794922 max_norm=1.20743155e-05 pass=1
CORRECT graph=indochina-2004 method=shared_bfull_accurate_nozero boundary=kernel_full reference=mkl_fp32 rel_l2=0.00515903696 max_abs=7.21582031 max_norm=0.00525916597 pass=1
CORRECT graph=indochina-2004 method=shared_bfull_accurate_nozero boundary=kernel_sample reference=fp64_bf16_inputs rel_l2=7.95373717e-06 max_abs=0.00961041078 max_norm=7.12367915e-06 pass=1
TIME graph=indochina-2004 method=mkl_bf16_inputs kernel rep=0 ms=249.156952
TIME graph=indochina-2004 method=original kernel rep=0 ms=463.611126
TIME graph=indochina-2004 method=original_nozero kernel rep=0 ms=164.577007
TIME graph=indochina-2004 method=shared_b2_fast_nozero kernel rep=0 ms=252.184153
TIME graph=indochina-2004 method=shared_b2_accurate_nozero kernel rep=0 ms=324.000835
TIME graph=indochina-2004 method=shared_b4_fast_nozero kernel rep=0 ms=171.532154
TIME graph=indochina-2004 method=shared_b4_accurate_nozero kernel rep=0 ms=210.878134
TIME graph=indochina-2004 method=shared_b8_fast_nozero kernel rep=0 ms=130.136013
TIME graph=indochina-2004 method=shared_b8_accurate_nozero kernel rep=0 ms=153.451920
TIME graph=indochina-2004 method=shared_b16_fast_nozero kernel rep=0 ms=107.274055
TIME graph=indochina-2004 method=shared_b16_accurate_nozero kernel rep=0 ms=121.253014
TIME graph=indochina-2004 method=shared_b32_fast_nozero kernel rep=0 ms=97.486019
TIME graph=indochina-2004 method=shared_b32_accurate_nozero kernel rep=0 ms=104.399920
TIME graph=indochina-2004 method=shared_b64_fast_nozero kernel rep=0 ms=91.220856
TIME graph=indochina-2004 method=shared_b64_accurate_nozero kernel rep=0 ms=98.031044
TIME graph=indochina-2004 method=shared_bfull_fast_nozero kernel rep=0 ms=87.893009
TIME graph=indochina-2004 method=shared_bfull_accurate_nozero kernel rep=0 ms=95.113039
TIME graph=indochina-2004 method=mkl_fp32 kernel rep=0 ms=364.213943
TIME graph=indochina-2004 method=original kernel rep=1 ms=463.062048
TIME graph=indochina-2004 method=original_nozero kernel rep=1 ms=162.734985
TIME graph=indochina-2004 method=shared_b2_fast_nozero kernel rep=1 ms=253.592968
TIME graph=indochina-2004 method=shared_b2_accurate_nozero kernel rep=1 ms=333.031893
TIME graph=indochina-2004 method=shared_b4_fast_nozero kernel rep=1 ms=170.090199
TIME graph=indochina-2004 method=shared_b4_accurate_nozero kernel rep=1 ms=210.500956
TIME graph=indochina-2004 method=shared_b8_fast_nozero kernel rep=1 ms=130.584955
TIME graph=indochina-2004 method=shared_b8_accurate_nozero kernel rep=1 ms=150.964022
TIME graph=indochina-2004 method=shared_b16_fast_nozero kernel rep=1 ms=106.498957
TIME graph=indochina-2004 method=shared_b16_accurate_nozero kernel rep=1 ms=120.793104
TIME graph=indochina-2004 method=shared_b32_fast_nozero kernel rep=1 ms=97.518921
TIME graph=indochina-2004 method=shared_b32_accurate_nozero kernel rep=1 ms=104.410172
TIME graph=indochina-2004 method=shared_b64_fast_nozero kernel rep=1 ms=91.475010
TIME graph=indochina-2004 method=shared_b64_accurate_nozero kernel rep=1 ms=98.839998
TIME graph=indochina-2004 method=shared_bfull_fast_nozero kernel rep=1 ms=89.630842
TIME graph=indochina-2004 method=shared_bfull_accurate_nozero kernel rep=1 ms=92.872143
TIME graph=indochina-2004 method=mkl_fp32 kernel rep=1 ms=370.209932
TIME graph=indochina-2004 method=mkl_bf16_inputs kernel rep=1 ms=242.398977
TIME graph=indochina-2004 method=original_nozero kernel rep=2 ms=166.167974
TIME graph=indochina-2004 method=shared_b2_fast_nozero kernel rep=2 ms=252.520084
TIME graph=indochina-2004 method=shared_b2_accurate_nozero kernel rep=2 ms=329.087019
TIME graph=indochina-2004 method=shared_b4_fast_nozero kernel rep=2 ms=170.176983
TIME graph=indochina-2004 method=shared_b4_accurate_nozero kernel rep=2 ms=210.596085
TIME graph=indochina-2004 method=shared_b8_fast_nozero kernel rep=2 ms=129.750013
TIME graph=indochina-2004 method=shared_b8_accurate_nozero kernel rep=2 ms=152.115822
TIME graph=indochina-2004 method=shared_b16_fast_nozero kernel rep=2 ms=107.141972
TIME graph=indochina-2004 method=shared_b16_accurate_nozero kernel rep=2 ms=120.522022
TIME graph=indochina-2004 method=shared_b32_fast_nozero kernel rep=2 ms=97.754002
TIME graph=indochina-2004 method=shared_b32_accurate_nozero kernel rep=2 ms=105.034828
TIME graph=indochina-2004 method=shared_b64_fast_nozero kernel rep=2 ms=92.231035
TIME graph=indochina-2004 method=shared_b64_accurate_nozero kernel rep=2 ms=97.691059
TIME graph=indochina-2004 method=shared_bfull_fast_nozero kernel rep=2 ms=88.665009
TIME graph=indochina-2004 method=shared_bfull_accurate_nozero kernel rep=2 ms=93.450069
TIME graph=indochina-2004 method=mkl_fp32 kernel rep=2 ms=366.626978
TIME graph=indochina-2004 method=mkl_bf16_inputs kernel rep=2 ms=242.709875
TIME graph=indochina-2004 method=original kernel rep=2 ms=463.657141
TIME graph=indochina-2004 method=shared_b2_fast_nozero kernel rep=3 ms=250.425100
TIME graph=indochina-2004 method=shared_b2_accurate_nozero kernel rep=3 ms=328.466892
TIME graph=indochina-2004 method=shared_b4_fast_nozero kernel rep=3 ms=170.967102
TIME graph=indochina-2004 method=shared_b4_accurate_nozero kernel rep=3 ms=208.744049
TIME graph=indochina-2004 method=shared_b8_fast_nozero kernel rep=3 ms=128.979206
TIME graph=indochina-2004 method=shared_b8_accurate_nozero kernel rep=3 ms=151.993036
TIME graph=indochina-2004 method=shared_b16_fast_nozero kernel rep=3 ms=107.215881
TIME graph=indochina-2004 method=shared_b16_accurate_nozero kernel rep=3 ms=120.127916
TIME graph=indochina-2004 method=shared_b32_fast_nozero kernel rep=3 ms=98.159075
TIME graph=indochina-2004 method=shared_b32_accurate_nozero kernel rep=3 ms=105.048180
TIME graph=indochina-2004 method=shared_b64_fast_nozero kernel rep=3 ms=90.924025
TIME graph=indochina-2004 method=shared_b64_accurate_nozero kernel rep=3 ms=98.189116
TIME graph=indochina-2004 method=shared_bfull_fast_nozero kernel rep=3 ms=89.898109
TIME graph=indochina-2004 method=shared_bfull_accurate_nozero kernel rep=3 ms=92.349052
TIME graph=indochina-2004 method=mkl_fp32 kernel rep=3 ms=370.264053
TIME graph=indochina-2004 method=mkl_bf16_inputs kernel rep=3 ms=242.241144
TIME graph=indochina-2004 method=original kernel rep=3 ms=462.716818
TIME graph=indochina-2004 method=original_nozero kernel rep=3 ms=163.449049
TIME graph=indochina-2004 method=shared_b2_accurate_nozero kernel rep=4 ms=328.137875
TIME graph=indochina-2004 method=shared_b4_fast_nozero kernel rep=4 ms=167.946100
TIME graph=indochina-2004 method=shared_b4_accurate_nozero kernel rep=4 ms=211.225033
TIME graph=indochina-2004 method=shared_b8_fast_nozero kernel rep=4 ms=129.565954
TIME graph=indochina-2004 method=shared_b8_accurate_nozero kernel rep=4 ms=150.449038
TIME graph=indochina-2004 method=shared_b16_fast_nozero kernel rep=4 ms=107.163906
TIME graph=indochina-2004 method=shared_b16_accurate_nozero kernel rep=4 ms=120.347023
TIME graph=indochina-2004 method=shared_b32_fast_nozero kernel rep=4 ms=97.769976
TIME graph=indochina-2004 method=shared_b32_accurate_nozero kernel rep=4 ms=105.224133
TIME graph=indochina-2004 method=shared_b64_fast_nozero kernel rep=4 ms=90.790033
TIME graph=indochina-2004 method=shared_b64_accurate_nozero kernel rep=4 ms=100.035906
TIME graph=indochina-2004 method=shared_bfull_fast_nozero kernel rep=4 ms=86.913824
TIME graph=indochina-2004 method=shared_bfull_accurate_nozero kernel rep=4 ms=93.883991
TIME graph=indochina-2004 method=mkl_fp32 kernel rep=4 ms=369.709969
TIME graph=indochina-2004 method=mkl_bf16_inputs kernel rep=4 ms=240.998983
TIME graph=indochina-2004 method=original kernel rep=4 ms=462.520123
TIME graph=indochina-2004 method=original_nozero kernel rep=4 ms=164.910078
TIME graph=indochina-2004 method=shared_b2_fast_nozero kernel rep=4 ms=256.714106
TIME graph=indochina-2004 method=shared_b4_fast_nozero kernel rep=5 ms=172.201872
TIME graph=indochina-2004 method=shared_b4_accurate_nozero kernel rep=5 ms=210.273981
TIME graph=indochina-2004 method=shared_b8_fast_nozero kernel rep=5 ms=129.668951
TIME graph=indochina-2004 method=shared_b8_accurate_nozero kernel rep=5 ms=151.890039
TIME graph=indochina-2004 method=shared_b16_fast_nozero kernel rep=5 ms=106.825113
TIME graph=indochina-2004 method=shared_b16_accurate_nozero kernel rep=5 ms=119.947910
TIME graph=indochina-2004 method=shared_b32_fast_nozero kernel rep=5 ms=98.142147
TIME graph=indochina-2004 method=shared_b32_accurate_nozero kernel rep=5 ms=104.790926
TIME graph=indochina-2004 method=shared_b64_fast_nozero kernel rep=5 ms=91.250896
TIME graph=indochina-2004 method=shared_b64_accurate_nozero kernel rep=5 ms=99.987030
TIME graph=indochina-2004 method=shared_bfull_fast_nozero kernel rep=5 ms=86.950064
TIME graph=indochina-2004 method=shared_bfull_accurate_nozero kernel rep=5 ms=94.086885
TIME graph=indochina-2004 method=mkl_fp32 kernel rep=5 ms=368.921995
TIME graph=indochina-2004 method=mkl_bf16_inputs kernel rep=5 ms=238.914013
TIME graph=indochina-2004 method=original kernel rep=5 ms=464.592934
TIME graph=indochina-2004 method=original_nozero kernel rep=5 ms=164.479017
TIME graph=indochina-2004 method=shared_b2_fast_nozero kernel rep=5 ms=251.513958
TIME graph=indochina-2004 method=shared_b2_accurate_nozero kernel rep=5 ms=335.690975
TIME graph=indochina-2004 method=shared_b4_accurate_nozero kernel rep=6 ms=210.357189
TIME graph=indochina-2004 method=shared_b8_fast_nozero kernel rep=6 ms=129.141092
TIME graph=indochina-2004 method=shared_b8_accurate_nozero kernel rep=6 ms=150.539160
TIME graph=indochina-2004 method=shared_b16_fast_nozero kernel rep=6 ms=107.274055
TIME graph=indochina-2004 method=shared_b16_accurate_nozero kernel rep=6 ms=121.273994
TIME graph=indochina-2004 method=shared_b32_fast_nozero kernel rep=6 ms=96.709013
TIME graph=indochina-2004 method=shared_b32_accurate_nozero kernel rep=6 ms=104.570150
TIME graph=indochina-2004 method=shared_b64_fast_nozero kernel rep=6 ms=91.135979
TIME graph=indochina-2004 method=shared_b64_accurate_nozero kernel rep=6 ms=99.136114
TIME graph=indochina-2004 method=shared_bfull_fast_nozero kernel rep=6 ms=87.597132
TIME graph=indochina-2004 method=shared_bfull_accurate_nozero kernel rep=6 ms=91.863155
TIME graph=indochina-2004 method=mkl_fp32 kernel rep=6 ms=371.160030
TIME graph=indochina-2004 method=mkl_bf16_inputs kernel rep=6 ms=242.770195
TIME graph=indochina-2004 method=original kernel rep=6 ms=462.767839
TIME graph=indochina-2004 method=original_nozero kernel rep=6 ms=162.432909
TIME graph=indochina-2004 method=shared_b2_fast_nozero kernel rep=6 ms=254.129171
TIME graph=indochina-2004 method=shared_b2_accurate_nozero kernel rep=6 ms=335.120916
TIME graph=indochina-2004 method=shared_b4_fast_nozero kernel rep=6 ms=171.371937
TIME graph=indochina-2004 method=shared_b8_fast_nozero kernel rep=7 ms=128.786802
TIME graph=indochina-2004 method=shared_b8_accurate_nozero kernel rep=7 ms=150.764942
TIME graph=indochina-2004 method=shared_b16_fast_nozero kernel rep=7 ms=107.925892
TIME graph=indochina-2004 method=shared_b16_accurate_nozero kernel rep=7 ms=120.754957
TIME graph=indochina-2004 method=shared_b32_fast_nozero kernel rep=7 ms=98.701954
TIME graph=indochina-2004 method=shared_b32_accurate_nozero kernel rep=7 ms=104.457140
TIME graph=indochina-2004 method=shared_b64_fast_nozero kernel rep=7 ms=90.965033
TIME graph=indochina-2004 method=shared_b64_accurate_nozero kernel rep=7 ms=98.351955
TIME graph=indochina-2004 method=shared_bfull_fast_nozero kernel rep=7 ms=88.962078
TIME graph=indochina-2004 method=shared_bfull_accurate_nozero kernel rep=7 ms=93.185186
TIME graph=indochina-2004 method=mkl_fp32 kernel rep=7 ms=466.614962
TIME graph=indochina-2004 method=mkl_bf16_inputs kernel rep=7 ms=239.485979
TIME graph=indochina-2004 method=original kernel rep=7 ms=462.659836
TIME graph=indochina-2004 method=original_nozero kernel rep=7 ms=161.789894
TIME graph=indochina-2004 method=shared_b2_fast_nozero kernel rep=7 ms=253.893852
TIME graph=indochina-2004 method=shared_b2_accurate_nozero kernel rep=7 ms=333.114147
TIME graph=indochina-2004 method=shared_b4_fast_nozero kernel rep=7 ms=171.865940
TIME graph=indochina-2004 method=shared_b4_accurate_nozero kernel rep=7 ms=210.752010
TIME graph=indochina-2004 method=shared_b8_accurate_nozero kernel rep=8 ms=150.311947
TIME graph=indochina-2004 method=shared_b16_fast_nozero kernel rep=8 ms=107.808828
TIME graph=indochina-2004 method=shared_b16_accurate_nozero kernel rep=8 ms=120.191813
TIME graph=indochina-2004 method=shared_b32_fast_nozero kernel rep=8 ms=97.394943
TIME graph=indochina-2004 method=shared_b32_accurate_nozero kernel rep=8 ms=104.901075
TIME graph=indochina-2004 method=shared_b64_fast_nozero kernel rep=8 ms=91.506004
TIME graph=indochina-2004 method=shared_b64_accurate_nozero kernel rep=8 ms=99.442005
TIME graph=indochina-2004 method=shared_bfull_fast_nozero kernel rep=8 ms=86.633921
TIME graph=indochina-2004 method=shared_bfull_accurate_nozero kernel rep=8 ms=94.105959
TIME graph=indochina-2004 method=mkl_fp32 kernel rep=8 ms=369.891882
TIME graph=indochina-2004 method=mkl_bf16_inputs kernel rep=8 ms=241.991997
TIME graph=indochina-2004 method=original kernel rep=8 ms=462.466955
TIME graph=indochina-2004 method=original_nozero kernel rep=8 ms=163.704872
TIME graph=indochina-2004 method=shared_b2_fast_nozero kernel rep=8 ms=255.001068
TIME graph=indochina-2004 method=shared_b2_accurate_nozero kernel rep=8 ms=325.865030
TIME graph=indochina-2004 method=shared_b4_fast_nozero kernel rep=8 ms=169.688940
TIME graph=indochina-2004 method=shared_b4_accurate_nozero kernel rep=8 ms=212.160110
TIME graph=indochina-2004 method=shared_b8_fast_nozero kernel rep=8 ms=129.162073
TIME graph=indochina-2004 method=shared_b16_fast_nozero kernel rep=9 ms=105.715036
TIME graph=indochina-2004 method=shared_b16_accurate_nozero kernel rep=9 ms=121.605158
TIME graph=indochina-2004 method=shared_b32_fast_nozero kernel rep=9 ms=97.090006
TIME graph=indochina-2004 method=shared_b32_accurate_nozero kernel rep=9 ms=106.705904
TIME graph=indochina-2004 method=shared_b64_fast_nozero kernel rep=9 ms=91.009140
TIME graph=indochina-2004 method=shared_b64_accurate_nozero kernel rep=9 ms=99.636078
TIME graph=indochina-2004 method=shared_bfull_fast_nozero kernel rep=9 ms=87.202072
TIME graph=indochina-2004 method=shared_bfull_accurate_nozero kernel rep=9 ms=94.365120
TIME graph=indochina-2004 method=mkl_fp32 kernel rep=9 ms=368.100882
TIME graph=indochina-2004 method=mkl_bf16_inputs kernel rep=9 ms=241.912842
TIME graph=indochina-2004 method=original kernel rep=9 ms=462.297916
TIME graph=indochina-2004 method=original_nozero kernel rep=9 ms=163.918018
TIME graph=indochina-2004 method=shared_b2_fast_nozero kernel rep=9 ms=247.451067
TIME graph=indochina-2004 method=shared_b2_accurate_nozero kernel rep=9 ms=331.036091
TIME graph=indochina-2004 method=shared_b4_fast_nozero kernel rep=9 ms=173.282862
TIME graph=indochina-2004 method=shared_b4_accurate_nozero kernel rep=9 ms=212.302923
TIME graph=indochina-2004 method=shared_b8_fast_nozero kernel rep=9 ms=128.964901
TIME graph=indochina-2004 method=shared_b8_accurate_nozero kernel rep=9 ms=151.607990
CORRECT graph=indochina-2004 method=original boundary=instrumented_kernel reference=unchanged_original rel_l2=0 max_abs=0 max_norm=0 pass=1
CORRECT graph=indochina-2004 method=original_nozero boundary=instrumented_kernel reference=unchanged_original rel_l2=0 max_abs=0 max_norm=0 pass=1
CORRECT graph=indochina-2004 method=shared_b2_fast_nozero boundary=instrumented_kernel reference=mkl_bf16_inputs rel_l2=0.00231701764 max_abs=3.34008789 max_norm=0.00244724016 pass=1
CORRECT graph=indochina-2004 method=shared_b2_accurate_nozero boundary=instrumented_kernel reference=mkl_bf16_inputs rel_l2=1.52324985e-06 max_abs=0.00695800781 max_norm=5.09804434e-06 pass=1
CORRECT graph=indochina-2004 method=shared_b4_fast_nozero boundary=instrumented_kernel reference=mkl_bf16_inputs rel_l2=0.00292838834 max_abs=3.6920166 max_norm=0.00270509388 pass=1
CORRECT graph=indochina-2004 method=shared_b4_accurate_nozero boundary=instrumented_kernel reference=mkl_bf16_inputs rel_l2=1.14416748e-06 max_abs=0.00427246094 max_norm=3.1303781e-06 pass=1
CORRECT graph=indochina-2004 method=shared_b8_fast_nozero boundary=instrumented_kernel reference=mkl_bf16_inputs rel_l2=0.00313411744 max_abs=4.8762207 max_norm=0.00357274525 pass=1
CORRECT graph=indochina-2004 method=shared_b8_accurate_nozero boundary=instrumented_kernel reference=mkl_bf16_inputs rel_l2=9.76027732e-07 max_abs=0.00439453125 max_norm=3.21981748e-06 pass=1
CORRECT graph=indochina-2004 method=shared_b16_fast_nozero boundary=instrumented_kernel reference=mkl_bf16_inputs rel_l2=0.00317629373 max_abs=4.98095703 max_norm=0.00364948423 pass=1
CORRECT graph=indochina-2004 method=shared_b16_accurate_nozero boundary=instrumented_kernel reference=mkl_bf16_inputs rel_l2=1.79121349e-06 max_abs=0.00354003906 max_norm=2.59374186e-06 pass=1
CORRECT graph=indochina-2004 method=shared_b32_fast_nozero boundary=instrumented_kernel reference=mkl_bf16_inputs rel_l2=0.00312622227 max_abs=4.34570312 max_norm=0.00318404173 pass=1
CORRECT graph=indochina-2004 method=shared_b32_accurate_nozero boundary=instrumented_kernel reference=mkl_bf16_inputs rel_l2=3.22649881e-06 max_abs=0.00537109375 max_norm=3.93533247e-06 pass=1
CORRECT graph=indochina-2004 method=shared_b64_fast_nozero boundary=instrumented_kernel reference=mkl_bf16_inputs rel_l2=0.00321149459 max_abs=4.59228516 max_norm=0.00336470926 pass=1
CORRECT graph=indochina-2004 method=shared_b64_accurate_nozero boundary=instrumented_kernel reference=mkl_bf16_inputs rel_l2=4.42499909e-06 max_abs=0.00720214844 max_norm=5.27692309e-06 pass=1
CORRECT graph=indochina-2004 method=shared_bfull_fast_nozero boundary=instrumented_kernel reference=mkl_bf16_inputs rel_l2=0.0033044864 max_abs=5.82666016 max_norm=0.00426912022 pass=1
CORRECT graph=indochina-2004 method=shared_bfull_accurate_nozero boundary=instrumented_kernel reference=mkl_bf16_inputs rel_l2=6.95090159e-06 max_abs=0.0164794922 max_norm=1.20743155e-05 pass=1
CORRECT graph=indochina-2004 method=mkl_fp32 boundary=two_layer_e2e reference=mkl_bf16_inputs rel_l2=0.0102320416 max_abs=450828 max_norm=0.0100031161 pass=1
CORRECT graph=indochina-2004 method=mkl_fp32 boundary=two_layer_e2e reference=mkl_fp32 rel_l2=0 max_abs=0 max_norm=0 pass=1
CORRECT graph=indochina-2004 method=mkl_bf16_inputs boundary=two_layer_e2e reference=mkl_bf16_inputs rel_l2=0 max_abs=0 max_norm=0 pass=1
CORRECT graph=indochina-2004 method=mkl_bf16_inputs boundary=two_layer_e2e reference=mkl_fp32 rel_l2=0.0101323312 max_abs=450828 max_norm=0.00990404482 pass=1
CORRECT graph=indochina-2004 method=original boundary=two_layer_e2e reference=mkl_bf16_inputs rel_l2=2.386488e-05 max_abs=2204 max_norm=4.89030583e-05 pass=1
CORRECT graph=indochina-2004 method=original boundary=two_layer_e2e reference=mkl_fp32 rel_l2=0.010129658 max_abs=448856 max_norm=0.0098607228 pass=1
CORRECT graph=indochina-2004 method=original_nozero boundary=two_layer_e2e reference=mkl_bf16_inputs rel_l2=2.386488e-05 max_abs=2204 max_norm=4.89030583e-05 pass=1
CORRECT graph=indochina-2004 method=original_nozero boundary=two_layer_e2e reference=mkl_fp32 rel_l2=0.010129658 max_abs=448856 max_norm=0.0098607228 pass=1
CORRECT graph=indochina-2004 method=shared_b2_fast_nozero boundary=two_layer_e2e reference=mkl_bf16_inputs rel_l2=0.00241176233 max_abs=121544 max_norm=0.00269685722 pass=1
CORRECT graph=indochina-2004 method=shared_b2_fast_nozero boundary=two_layer_e2e reference=mkl_fp32 rel_l2=0.0122262938 max_abs=572312 max_norm=0.0125728741 pass=1
CORRECT graph=indochina-2004 method=shared_b2_accurate_nozero boundary=two_layer_e2e reference=mkl_bf16_inputs rel_l2=1.55837728e-05 max_abs=708 max_norm=1.57093309e-05 pass=1
CORRECT graph=indochina-2004 method=shared_b2_accurate_nozero boundary=two_layer_e2e reference=mkl_fp32 rel_l2=0.010131658 max_abs=450416 max_norm=0.00989499377 pass=1
CORRECT graph=indochina-2004 method=shared_b4_fast_nozero boundary=two_layer_e2e reference=mkl_bf16_inputs rel_l2=0.00367804764 max_abs=161768 max_norm=0.00358936022 pass=1
CORRECT graph=indochina-2004 method=shared_b4_fast_nozero boundary=two_layer_e2e reference=mkl_fp32 rel_l2=0.013550102 max_abs=612536 max_norm=0.0134565377 pass=1
CORRECT graph=indochina-2004 method=shared_b4_accurate_nozero boundary=two_layer_e2e reference=mkl_bf16_inputs rel_l2=5.28659281e-06 max_abs=276 max_norm=6.12397644e-06 pass=1
CORRECT graph=indochina-2004 method=shared_b4_accurate_nozero boundary=two_layer_e2e reference=mkl_fp32 rel_l2=0.0101329438 max_abs=450888 max_norm=0.00990536293 pass=1
CORRECT graph=indochina-2004 method=shared_b8_fast_nozero boundary=two_layer_e2e reference=mkl_bf16_inputs rel_l2=0.00466373723 max_abs=207960 max_norm=0.00461428312 pass=1
CORRECT graph=indochina-2004 method=shared_b8_fast_nozero boundary=two_layer_e2e reference=mkl_fp32 rel_l2=0.0145827446 max_abs=658660 max_norm=0.0144698159 pass=1
CORRECT graph=indochina-2004 method=shared_b8_accurate_nozero boundary=two_layer_e2e reference=mkl_bf16_inputs rel_l2=2.42913522e-05 max_abs=746 max_norm=1.6552487e-05 pass=1
CORRECT graph=indochina-2004 method=shared_b8_accurate_nozero boundary=two_layer_e2e reference=mkl_fp32 rel_l2=0.0101344894 max_abs=450360 max_norm=0.00989376353 pass=1
CORRECT graph=indochina-2004 method=shared_b16_fast_nozero boundary=two_layer_e2e reference=mkl_bf16_inputs rel_l2=0.0052987241 max_abs=233120 max_norm=0.00517254126 pass=1
CORRECT graph=indochina-2004 method=shared_b16_fast_nozero boundary=two_layer_e2e reference=mkl_fp32 rel_l2=0.0151929438 max_abs=683888 max_norm=0.0150240389 pass=1
CORRECT graph=indochina-2004 method=shared_b16_accurate_nozero boundary=two_layer_e2e reference=mkl_bf16_inputs rel_l2=2.41032727e-05 max_abs=759 max_norm=1.68409352e-05 pass=1
CORRECT graph=indochina-2004 method=shared_b16_accurate_nozero boundary=two_layer_e2e reference=mkl_fp32 rel_l2=0.0101341472 max_abs=450416 max_norm=0.00989499377 pass=1
CORRECT graph=indochina-2004 method=shared_b32_fast_nozero boundary=two_layer_e2e reference=mkl_bf16_inputs rel_l2=0.00517313933 max_abs=231528 max_norm=0.00513721746 pass=1
CORRECT graph=indochina-2004 method=shared_b32_fast_nozero boundary=two_layer_e2e reference=mkl_fp32 rel_l2=0.0150754216 max_abs=682356 max_norm=0.014990383 pass=1
CORRECT graph=indochina-2004 method=shared_b32_accurate_nozero boundary=two_layer_e2e reference=mkl_bf16_inputs rel_l2=2.08711442e-05 max_abs=724.375 max_norm=1.60726646e-05 pass=1
CORRECT graph=indochina-2004 method=shared_b32_accurate_nozero boundary=two_layer_e2e reference=mkl_fp32 rel_l2=0.0101349662 max_abs=450472 max_norm=0.00989622401 pass=1
CORRECT graph=indochina-2004 method=shared_b64_fast_nozero boundary=two_layer_e2e reference=mkl_bf16_inputs rel_l2=0.00549586929 max_abs=241772 max_norm=0.00536451461 pass=1
CORRECT graph=indochina-2004 method=shared_b64_fast_nozero boundary=two_layer_e2e reference=mkl_fp32 rel_l2=0.0153549812 max_abs=691972 max_norm=0.0152016328 pass=1
CORRECT graph=indochina-2004 method=shared_b64_accurate_nozero boundary=two_layer_e2e reference=mkl_bf16_inputs rel_l2=1.8711084e-05 max_abs=566.625 max_norm=1.25724571e-05 pass=1
CORRECT graph=indochina-2004 method=shared_b64_accurate_nozero boundary=two_layer_e2e reference=mkl_fp32 rel_l2=0.0101364897 max_abs=450632 max_norm=0.00989973898 pass=1
CORRECT graph=indochina-2004 method=shared_bfull_fast_nozero boundary=two_layer_e2e reference=mkl_bf16_inputs rel_l2=0.00637455581 max_abs=315208 max_norm=0.00699393611 pass=1
CORRECT graph=indochina-2004 method=shared_bfull_fast_nozero boundary=two_layer_e2e reference=mkl_fp32 rel_l2=0.0160748262 max_abs=760088 max_norm=0.0166980436 pass=1
CORRECT graph=indochina-2004 method=shared_bfull_accurate_nozero boundary=two_layer_e2e reference=mkl_bf16_inputs rel_l2=2.73558715e-05 max_abs=1032 max_norm=2.28983467e-05 pass=1
CORRECT graph=indochina-2004 method=shared_bfull_accurate_nozero boundary=two_layer_e2e reference=mkl_fp32 rel_l2=0.0101448063 max_abs=451640 max_norm=0.00992188329 pass=1
TIME graph=indochina-2004 method=mkl_bf16_inputs e2e rep=0 ms=654.518127 L1=245.800018 act_convert=42.207003 L2=366.511106
TIME graph=indochina-2004 method=original e2e rep=0 ms=951.478004 L1=463.318110 act_convert=27.097940 L2=461.061954
TIME graph=indochina-2004 method=original_nozero e2e rep=0 ms=354.584932 L1=163.266897 act_convert=27.025223 L2=164.292812
TIME graph=indochina-2004 method=shared_b2_fast_nozero e2e rep=0 ms=535.414934 L1=254.226923 act_convert=26.974916 L2=254.213095
TIME graph=indochina-2004 method=shared_b2_accurate_nozero e2e rep=0 ms=695.646048 L1=330.100060 act_convert=26.954889 L2=338.591099
TIME graph=indochina-2004 method=shared_b4_fast_nozero e2e rep=0 ms=370.285988 L1=169.687986 act_convert=26.985884 L2=173.612118
TIME graph=indochina-2004 method=shared_b4_accurate_nozero e2e rep=0 ms=451.660156 L1=213.746071 act_convert=26.929140 L2=210.984945
TIME graph=indochina-2004 method=shared_b8_fast_nozero e2e rep=0 ms=288.576841 L1=129.822969 act_convert=27.000904 L2=131.752968
TIME graph=indochina-2004 method=shared_b8_accurate_nozero e2e rep=0 ms=333.194971 L1=151.851177 act_convert=27.001858 L2=154.341936
TIME graph=indochina-2004 method=shared_b16_fast_nozero e2e rep=0 ms=246.268988 L1=108.809948 act_convert=27.008057 L2=110.450983
TIME graph=indochina-2004 method=shared_b16_accurate_nozero e2e rep=0 ms=270.720005 L1=121.367931 act_convert=26.974916 L2=122.377157
TIME graph=indochina-2004 method=shared_b32_fast_nozero e2e rep=0 ms=224.173069 L1=97.468138 act_convert=26.789904 L2=99.915028
TIME graph=indochina-2004 method=shared_b32_accurate_nozero e2e rep=0 ms=240.407944 L1=108.207941 act_convert=27.232885 L2=104.967117
TIME graph=indochina-2004 method=shared_b64_fast_nozero e2e rep=0 ms=214.201927 L1=91.913939 act_convert=26.789904 L2=95.498085
TIME graph=indochina-2004 method=shared_b64_accurate_nozero e2e rep=0 ms=224.378824 L1=99.997997 act_convert=27.176857 L2=97.203970
TIME graph=indochina-2004 method=shared_bfull_fast_nozero e2e rep=0 ms=207.006931 L1=88.526011 act_convert=27.059793 L2=91.421127
TIME graph=indochina-2004 method=shared_bfull_accurate_nozero e2e rep=0 ms=217.306137 L1=97.728968 act_convert=26.885033 L2=92.692137
TIME graph=indochina-2004 method=mkl_fp32 e2e rep=0 ms=614.979982 L1=369.923830 act_convert=13.252020 L2=231.804132
TIME graph=indochina-2004 method=original e2e rep=1 ms=953.634977 L1=462.570906 act_convert=27.018070 L2=464.046001
TIME graph=indochina-2004 method=original_nozero e2e rep=1 ms=353.547812 L1=162.528992 act_convert=27.023792 L2=163.995028
TIME graph=indochina-2004 method=shared_b2_fast_nozero e2e rep=1 ms=533.432961 L1=252.198935 act_convert=26.923180 L2=254.310846
TIME graph=indochina-2004 method=shared_b2_accurate_nozero e2e rep=1 ms=690.681219 L1=331.795216 act_convert=26.971817 L2=331.914186
TIME graph=indochina-2004 method=shared_b4_fast_nozero e2e rep=1 ms=373.031139 L1=172.218084 act_convert=27.283907 L2=173.529148
TIME graph=indochina-2004 method=shared_b4_accurate_nozero e2e rep=1 ms=455.858946 L1=215.535879 act_convert=26.884079 L2=213.438988
TIME graph=indochina-2004 method=shared_b8_fast_nozero e2e rep=1 ms=290.634871 L1=129.791975 act_convert=26.885033 L2=133.957863
TIME graph=indochina-2004 method=shared_b8_accurate_nozero e2e rep=1 ms=333.555937 L1=152.882099 act_convert=26.947975 L2=153.725863
TIME graph=indochina-2004 method=shared_b16_fast_nozero e2e rep=1 ms=248.606920 L1=108.665943 act_convert=26.971102 L2=112.969875
TIME graph=indochina-2004 method=shared_b16_accurate_nozero e2e rep=1 ms=267.749071 L1=121.143103 act_convert=26.991844 L2=119.614124
TIME graph=indochina-2004 method=shared_b32_fast_nozero e2e rep=1 ms=226.378918 L1=98.512888 act_convert=26.965141 L2=100.900888
TIME graph=indochina-2004 method=shared_b32_accurate_nozero e2e rep=1 ms=237.832785 L1=104.182959 act_convert=27.267933 L2=106.381893
TIME graph=indochina-2004 method=shared_b64_fast_nozero e2e rep=1 ms=212.264061 L1=91.588974 act_convert=27.014017 L2=93.661070
TIME graph=indochina-2004 method=shared_b64_accurate_nozero e2e rep=1 ms=227.643013 L1=99.926949 act_convert=26.954174 L2=100.761890
TIME graph=indochina-2004 method=shared_bfull_fast_nozero e2e rep=1 ms=203.847170 L1=87.687969 act_convert=27.368069 L2=88.791132
TIME graph=indochina-2004 method=shared_bfull_accurate_nozero e2e rep=1 ms=217.157841 L1=93.981981 act_convert=27.300835 L2=95.875025
TIME graph=indochina-2004 method=mkl_fp32 e2e rep=1 ms=618.349075 L1=372.215986 act_convert=13.110161 L2=233.022928
TIME graph=indochina-2004 method=mkl_bf16_inputs e2e rep=1 ms=646.949768 L1=241.635799 act_convert=42.945147 L2=362.368822
TIME graph=indochina-2004 method=original_nozero e2e rep=2 ms=354.969978 L1=164.932013 act_convert=27.048111 L2=162.989855
TIME graph=indochina-2004 method=shared_b2_fast_nozero e2e rep=2 ms=546.251059 L1=252.745152 act_convert=39.134026 L2=254.371881
TIME graph=indochina-2004 method=shared_b2_accurate_nozero e2e rep=2 ms=686.549902 L1=329.149961 act_convert=26.926994 L2=330.472946
TIME graph=indochina-2004 method=shared_b4_fast_nozero e2e rep=2 ms=370.507956 L1=171.257019 act_convert=26.951075 L2=172.299862
TIME graph=indochina-2004 method=shared_b4_accurate_nozero e2e rep=2 ms=448.619127 L1=209.695101 act_convert=26.896000 L2=212.028027
TIME graph=indochina-2004 method=shared_b8_fast_nozero e2e rep=2 ms=288.640022 L1=129.298210 act_convert=26.985884 L2=132.355928
TIME graph=indochina-2004 method=shared_b8_accurate_nozero e2e rep=2 ms=333.976030 L1=152.528048 act_convert=26.889086 L2=154.558897
TIME graph=indochina-2004 method=shared_b16_fast_nozero e2e rep=2 ms=245.923042 L1=107.058048 act_convert=26.939869 L2=111.925125
TIME graph=indochina-2004 method=shared_b16_accurate_nozero e2e rep=2 ms=269.412041 L1=121.046066 act_convert=27.148008 L2=121.217966
TIME graph=indochina-2004 method=shared_b32_fast_nozero e2e rep=2 ms=224.920034 L1=98.418951 act_convert=26.889086 L2=99.611998
TIME graph=indochina-2004 method=shared_b32_accurate_nozero e2e rep=2 ms=238.744020 L1=106.623173 act_convert=26.940823 L2=105.180025
TIME graph=indochina-2004 method=shared_b64_fast_nozero e2e rep=2 ms=212.783098 L1=91.293097 act_convert=26.991844 L2=94.498158
TIME graph=indochina-2004 method=shared_b64_accurate_nozero e2e rep=2 ms=228.107929 L1=102.165937 act_convert=26.886940 L2=99.055052
TIME graph=indochina-2004 method=shared_bfull_fast_nozero e2e rep=2 ms=204.709053 L1=87.193966 act_convert=27.250051 L2=90.265036
TIME graph=indochina-2004 method=shared_bfull_accurate_nozero e2e rep=2 ms=217.266798 L1=94.669819 act_convert=27.008057 L2=95.588923
TIME graph=indochina-2004 method=mkl_fp32 e2e rep=2 ms=606.946945 L1=362.123013 act_convert=12.667894 L2=232.156038
TIME graph=indochina-2004 method=mkl_bf16_inputs e2e rep=2 ms=653.419971 L1=241.124153 act_convert=42.404890 L2=369.890928
TIME graph=indochina-2004 method=original e2e rep=2 ms=954.699993 L1=463.582993 act_convert=27.323008 L2=463.793993
TIME graph=indochina-2004 method=shared_b2_fast_nozero e2e rep=3 ms=538.814068 L1=256.263971 act_convert=26.937008 L2=255.613089
TIME graph=indochina-2004 method=shared_b2_accurate_nozero e2e rep=3 ms=694.068909 L1=331.930876 act_convert=29.258966 L2=332.879066
TIME graph=indochina-2004 method=shared_b4_fast_nozero e2e rep=3 ms=369.539976 L1=171.477079 act_convert=27.042866 L2=171.020031
TIME graph=indochina-2004 method=shared_b4_accurate_nozero e2e rep=3 ms=451.520920 L1=212.529898 act_convert=26.936054 L2=212.054968
TIME graph=indochina-2004 method=shared_b8_fast_nozero e2e rep=3 ms=291.056871 L1=130.491972 act_convert=27.428865 L2=133.136034
TIME graph=indochina-2004 method=shared_b8_accurate_nozero e2e rep=3 ms=335.242033 L1=152.366161 act_convert=27.079821 L2=155.796051
TIME graph=indochina-2004 method=shared_b16_fast_nozero e2e rep=3 ms=244.842052 L1=107.177019 act_convert=27.034044 L2=110.630989
TIME graph=indochina-2004 method=shared_b16_accurate_nozero e2e rep=3 ms=271.952152 L1=121.057034 act_convert=26.930094 L2=123.965025
TIME graph=indochina-2004 method=shared_b32_fast_nozero e2e rep=3 ms=222.769022 L1=96.332073 act_convert=27.153969 L2=99.282980
TIME graph=indochina-2004 method=shared_b32_accurate_nozero e2e rep=3 ms=239.614964 L1=104.981899 act_convert=27.280092 L2=107.352972
TIME graph=indochina-2004 method=shared_b64_fast_nozero e2e rep=3 ms=213.950872 L1=93.362808 act_convert=27.320147 L2=93.267918
TIME graph=indochina-2004 method=shared_b64_accurate_nozero e2e rep=3 ms=225.664139 L1=98.093987 act_convert=26.873112 L2=100.697041
TIME graph=indochina-2004 method=shared_bfull_fast_nozero e2e rep=3 ms=205.394030 L1=89.752913 act_convert=27.178049 L2=88.463068
TIME graph=indochina-2004 method=shared_bfull_accurate_nozero e2e rep=3 ms=217.669010 L1=94.980001 act_convert=26.868820 L2=95.820189
TIME graph=indochina-2004 method=mkl_fp32 e2e rep=3 ms=609.843016 L1=363.672018 act_convert=12.781858 L2=233.389139
TIME graph=indochina-2004 method=mkl_bf16_inputs e2e rep=3 ms=652.956009 L1=242.877960 act_convert=43.584108 L2=366.493940
TIME graph=indochina-2004 method=original e2e rep=3 ms=954.037189 L1=463.629007 act_convert=27.072191 L2=463.335991
TIME graph=indochina-2004 method=original_nozero e2e rep=3 ms=352.905989 L1=161.916971 act_convert=26.993990 L2=163.995028
TIME graph=indochina-2004 method=shared_b2_accurate_nozero e2e rep=4 ms=693.646908 L1=331.990004 act_convert=26.885033 L2=334.771872
TIME graph=indochina-2004 method=shared_b4_fast_nozero e2e rep=4 ms=371.345997 L1=171.233892 act_convert=26.894093 L2=173.218012
TIME graph=indochina-2004 method=shared_b4_accurate_nozero e2e rep=4 ms=452.051878 L1=212.945938 act_convert=26.978970 L2=212.126970
TIME graph=indochina-2004 method=shared_b8_fast_nozero e2e rep=4 ms=289.445877 L1=129.158974 act_convert=27.003050 L2=133.283854
TIME graph=indochina-2004 method=shared_b8_accurate_nozero e2e rep=4 ms=331.137180 L1=151.281118 act_convert=26.951075 L2=152.904987
TIME graph=indochina-2004 method=shared_b16_fast_nozero e2e rep=4 ms=246.078014 L1=108.168125 act_convert=26.994944 L2=110.914946
TIME graph=indochina-2004 method=shared_b16_accurate_nozero e2e rep=4 ms=268.792152 L1=120.373011 act_convert=26.951075 L2=121.468067
TIME graph=indochina-2004 method=shared_b32_fast_nozero e2e rep=4 ms=224.483967 L1=98.298788 act_convert=26.939154 L2=99.246025
TIME graph=indochina-2004 method=shared_b32_accurate_nozero e2e rep=4 ms=239.750862 L1=105.771780 act_convert=26.901007 L2=107.078075
TIME graph=indochina-2004 method=shared_b64_fast_nozero e2e rep=4 ms=211.422920 L1=91.674089 act_convert=27.023792 L2=92.725039
TIME graph=indochina-2004 method=shared_b64_accurate_nozero e2e rep=4 ms=225.600004 L1=99.425077 act_convert=27.462006 L2=98.712921
TIME graph=indochina-2004 method=shared_bfull_fast_nozero e2e rep=4 ms=207.461119 L1=89.041948 act_convert=27.101994 L2=91.317177
TIME graph=indochina-2004 method=shared_bfull_accurate_nozero e2e rep=4 ms=216.836929 L1=94.538927 act_convert=26.961088 L2=95.336914
TIME graph=indochina-2004 method=mkl_fp32 e2e rep=4 ms=608.064890 L1=365.695000 act_convert=13.139963 L2=229.229927
TIME graph=indochina-2004 method=mkl_bf16_inputs e2e rep=4 ms=651.932001 L1=241.955996 act_convert=43.730974 L2=366.245031
TIME graph=indochina-2004 method=original e2e rep=4 ms=958.369017 L1=468.055964 act_convert=27.078152 L2=463.234901
TIME graph=indochina-2004 method=original_nozero e2e rep=4 ms=354.558945 L1=161.768913 act_convert=26.916027 L2=165.874004
TIME graph=indochina-2004 method=shared_b2_fast_nozero e2e rep=4 ms=533.202887 L1=252.964973 act_convert=27.005911 L2=253.232002
TIME graph=indochina-2004 method=shared_b4_fast_nozero e2e rep=5 ms=366.497993 L1=169.589996 act_convert=26.939154 L2=169.968843
TIME graph=indochina-2004 method=shared_b4_accurate_nozero e2e rep=5 ms=448.897123 L1=212.452173 act_convert=26.854992 L2=209.589958
TIME graph=indochina-2004 method=shared_b8_fast_nozero e2e rep=5 ms=291.972876 L1=130.914927 act_convert=26.937008 L2=134.120941
TIME graph=indochina-2004 method=shared_b8_accurate_nozero e2e rep=5 ms=332.371950 L1=152.406931 act_convert=26.935101 L2=153.029919
TIME graph=indochina-2004 method=shared_b16_fast_nozero e2e rep=5 ms=245.270014 L1=107.989073 act_convert=26.920080 L2=110.360861
TIME graph=indochina-2004 method=shared_b16_accurate_nozero e2e rep=5 ms=267.540932 L1=120.805979 act_convert=27.034998 L2=119.699955
TIME graph=indochina-2004 method=shared_b32_fast_nozero e2e rep=5 ms=225.241899 L1=98.793030 act_convert=26.900053 L2=99.548817
TIME graph=indochina-2004 method=shared_b32_accurate_nozero e2e rep=5 ms=238.471031 L1=105.563164 act_convert=27.221918 L2=105.685949
TIME graph=indochina-2004 method=shared_b64_fast_nozero e2e rep=5 ms=212.868929 L1=91.647863 act_convert=26.813984 L2=94.407082
TIME graph=indochina-2004 method=shared_b64_accurate_nozero e2e rep=5 ms=226.904869 L1=101.366997 act_convert=26.960850 L2=98.577023
TIME graph=indochina-2004 method=shared_bfull_fast_nozero e2e rep=5 ms=203.641891 L1=86.632967 act_convert=27.206898 L2=89.802027
TIME graph=indochina-2004 method=shared_bfull_accurate_nozero e2e rep=5 ms=216.627121 L1=96.629143 act_convert=27.004004 L2=92.993975
TIME graph=indochina-2004 method=mkl_fp32 e2e rep=5 ms=615.381956 L1=368.602037 act_convert=13.154984 L2=233.624935
TIME graph=indochina-2004 method=mkl_bf16_inputs e2e rep=5 ms=648.678064 L1=242.161989 act_convert=43.060064 L2=363.456011
TIME graph=indochina-2004 method=original e2e rep=5 ms=951.732159 L1=461.215019 act_convert=27.145147 L2=463.371992
TIME graph=indochina-2004 method=original_nozero e2e rep=5 ms=355.304003 L1=163.124084 act_convert=26.968002 L2=165.211916
TIME graph=indochina-2004 method=shared_b2_fast_nozero e2e rep=5 ms=532.747030 L1=252.484083 act_convert=26.927948 L2=253.334999
TIME graph=indochina-2004 method=shared_b2_accurate_nozero e2e rep=5 ms=691.447973 L1=332.340956 act_convert=26.864052 L2=332.242966
TIME graph=indochina-2004 method=shared_b4_accurate_nozero e2e rep=6 ms=453.023911 L1=215.340853 act_convert=26.957989 L2=210.725069
TIME graph=indochina-2004 method=shared_b8_fast_nozero e2e rep=6 ms=289.077044 L1=131.090879 act_convert=26.926994 L2=131.059170
TIME graph=indochina-2004 method=shared_b8_accurate_nozero e2e rep=6 ms=334.450960 L1=154.197931 act_convert=26.984930 L2=153.268099
TIME graph=indochina-2004 method=shared_b16_fast_nozero e2e rep=6 ms=244.611979 L1=107.695818 act_convert=26.976109 L2=109.940052
TIME graph=indochina-2004 method=shared_b16_accurate_nozero e2e rep=6 ms=268.564939 L1=120.896816 act_convert=26.992083 L2=120.676041
TIME graph=indochina-2004 method=shared_b32_fast_nozero e2e rep=6 ms=223.049879 L1=97.357988 act_convert=26.968002 L2=98.723888
TIME graph=indochina-2004 method=shared_b32_accurate_nozero e2e rep=6 ms=238.332033 L1=105.597973 act_convert=26.921988 L2=105.812073
TIME graph=indochina-2004 method=shared_b64_fast_nozero e2e rep=6 ms=212.605000 L1=92.463970 act_convert=26.993036 L2=93.147993
TIME graph=indochina-2004 method=shared_b64_accurate_nozero e2e rep=6 ms=224.427938 L1=97.856045 act_convert=27.034998 L2=99.536896
TIME graph=indochina-2004 method=shared_bfull_fast_nozero e2e rep=6 ms=206.264973 L1=88.226080 act_convert=27.213097 L2=90.825796
TIME graph=indochina-2004 method=shared_bfull_accurate_nozero e2e rep=6 ms=217.142105 L1=93.909979 act_convert=27.724981 L2=95.507145
TIME graph=indochina-2004 method=mkl_fp32 e2e rep=6 ms=612.340927 L1=368.251085 act_convert=12.853861 L2=231.235981
TIME graph=indochina-2004 method=mkl_bf16_inputs e2e rep=6 ms=650.193930 L1=241.256952 act_convert=43.414116 L2=365.522861
TIME graph=indochina-2004 method=original e2e rep=6 ms=952.548027 L1=464.200020 act_convert=27.076006 L2=461.272001
TIME graph=indochina-2004 method=original_nozero e2e rep=6 ms=355.365038 L1=164.628029 act_convert=27.004957 L2=163.732052
TIME graph=indochina-2004 method=shared_b2_fast_nozero e2e rep=6 ms=529.767990 L1=250.072956 act_convert=26.859999 L2=252.835035
TIME graph=indochina-2004 method=shared_b2_accurate_nozero e2e rep=6 ms=692.459106 L1=333.166122 act_convert=26.957989 L2=332.334995
TIME graph=indochina-2004 method=shared_b4_fast_nozero e2e rep=6 ms=369.542122 L1=171.211004 act_convert=27.102947 L2=171.228170
TIME graph=indochina-2004 method=shared_b8_fast_nozero e2e rep=7 ms=288.964033 L1=130.929947 act_convert=27.092934 L2=130.941153
TIME graph=indochina-2004 method=shared_b8_accurate_nozero e2e rep=7 ms=334.141016 L1=152.066946 act_convert=26.980877 L2=155.093193
TIME graph=indochina-2004 method=shared_b16_fast_nozero e2e rep=7 ms=245.881081 L1=107.325077 act_convert=27.112007 L2=111.443996
TIME graph=indochina-2004 method=shared_b16_accurate_nozero e2e rep=7 ms=269.929886 L1=121.543884 act_convert=27.090073 L2=121.295929
TIME graph=indochina-2004 method=shared_b32_fast_nozero e2e rep=7 ms=224.826097 L1=97.790956 act_convert=26.898146 L2=100.136995
TIME graph=indochina-2004 method=shared_b32_accurate_nozero e2e rep=7 ms=241.279125 L1=108.083010 act_convert=27.043104 L2=106.153011
TIME graph=indochina-2004 method=shared_b64_fast_nozero e2e rep=7 ms=212.794065 L1=91.310024 act_convert=26.914120 L2=94.569921
TIME graph=indochina-2004 method=shared_b64_accurate_nozero e2e rep=7 ms=227.638006 L1=100.121021 act_convert=26.854992 L2=100.661993
TIME graph=indochina-2004 method=shared_bfull_fast_nozero e2e rep=7 ms=205.919981 L1=89.040995 act_convert=27.415037 L2=89.463949
TIME graph=indochina-2004 method=shared_bfull_accurate_nozero e2e rep=7 ms=218.239069 L1=94.077110 act_convert=27.097940 L2=97.064018
TIME graph=indochina-2004 method=mkl_fp32 e2e rep=7 ms=614.900112 L1=369.079113 act_convert=12.753963 L2=233.067036
TIME graph=indochina-2004 method=mkl_bf16_inputs e2e rep=7 ms=649.178028 L1=242.979050 act_convert=43.447018 L2=362.751961
TIME graph=indochina-2004 method=original e2e rep=7 ms=954.292774 L1=464.537859 act_convert=27.271032 L2=462.483883
TIME graph=indochina-2004 method=original_nozero e2e rep=7 ms=364.495993 L1=161.808014 act_convert=39.535999 L2=163.151979
TIME graph=indochina-2004 method=shared_b2_fast_nozero e2e rep=7 ms=547.571898 L1=253.865957 act_convert=38.882971 L2=254.822969
TIME graph=indochina-2004 method=shared_b2_accurate_nozero e2e rep=7 ms=694.846869 L1=334.177017 act_convert=26.875019 L2=333.794832
TIME graph=indochina-2004 method=shared_b4_fast_nozero e2e rep=7 ms=371.623039 L1=170.929909 act_convert=26.943207 L2=173.749924
TIME graph=indochina-2004 method=shared_b4_accurate_nozero e2e rep=7 ms=451.380968 L1=211.369991 act_convert=26.869059 L2=213.141918
TIME graph=indochina-2004 method=shared_b8_accurate_nozero e2e rep=8 ms=333.471060 L1=152.614117 act_convert=26.932001 L2=153.924942
TIME graph=indochina-2004 method=shared_b16_fast_nozero e2e rep=8 ms=245.452881 L1=107.468843 act_convert=26.883125 L2=111.100912
TIME graph=indochina-2004 method=shared_b16_accurate_nozero e2e rep=8 ms=268.537045 L1=120.383024 act_convert=27.191877 L2=120.962143
TIME graph=indochina-2004 method=shared_b32_fast_nozero e2e rep=8 ms=224.901915 L1=97.811937 act_convert=26.998043 L2=100.091934
TIME graph=indochina-2004 method=shared_b32_accurate_nozero e2e rep=8 ms=239.003897 L1=106.396914 act_convert=27.117014 L2=105.489969
TIME graph=indochina-2004 method=shared_b64_fast_nozero e2e rep=8 ms=212.156057 L1=91.876030 act_convert=26.921988 L2=93.358040
TIME graph=indochina-2004 method=shared_b64_accurate_nozero e2e rep=8 ms=226.037979 L1=100.577116 act_convert=26.811838 L2=98.649025
TIME graph=indochina-2004 method=shared_bfull_fast_nozero e2e rep=8 ms=205.849886 L1=88.174820 act_convert=27.003050 L2=90.672016
TIME graph=indochina-2004 method=shared_bfull_accurate_nozero e2e rep=8 ms=218.598127 L1=94.470024 act_convert=26.878119 L2=97.249985
TIME graph=indochina-2004 method=mkl_fp32 e2e rep=8 ms=608.156919 L1=363.600969 act_convert=13.124943 L2=231.431007
TIME graph=indochina-2004 method=mkl_bf16_inputs e2e rep=8 ms=652.656078 L1=240.571022 act_convert=42.333126 L2=369.751930
TIME graph=indochina-2004 method=original e2e rep=8 ms=954.113007 L1=462.188005 act_convert=27.040958 L2=464.884043
TIME graph=indochina-2004 method=original_nozero e2e rep=8 ms=354.220867 L1=162.458897 act_convert=27.136087 L2=164.625883
TIME graph=indochina-2004 method=shared_b2_fast_nozero e2e rep=8 ms=533.785105 L1=253.920078 act_convert=26.932001 L2=252.933025
TIME graph=indochina-2004 method=shared_b2_accurate_nozero e2e rep=8 ms=690.579891 L1=332.810879 act_convert=26.931047 L2=330.837965
TIME graph=indochina-2004 method=shared_b4_fast_nozero e2e rep=8 ms=371.652126 L1=173.120022 act_convert=26.941061 L2=171.591043
TIME graph=indochina-2004 method=shared_b4_accurate_nozero e2e rep=8 ms=454.010010 L1=211.786032 act_convert=26.938915 L2=215.285063
TIME graph=indochina-2004 method=shared_b8_fast_nozero e2e rep=8 ms=291.388988 L1=130.613089 act_convert=27.108908 L2=133.666992
TIME graph=indochina-2004 method=shared_b16_fast_nozero e2e rep=9 ms=244.768858 L1=108.201027 act_convert=26.837826 L2=109.730005
TIME graph=indochina-2004 method=shared_b16_accurate_nozero e2e rep=9 ms=269.695997 L1=119.874954 act_convert=27.041912 L2=122.779131
TIME graph=indochina-2004 method=shared_b32_fast_nozero e2e rep=9 ms=225.718021 L1=98.235130 act_convert=27.237892 L2=100.244999
TIME graph=indochina-2004 method=shared_b32_accurate_nozero e2e rep=9 ms=240.337849 L1=105.036020 act_convert=27.216911 L2=108.084917
TIME graph=indochina-2004 method=shared_b64_fast_nozero e2e rep=9 ms=211.740971 L1=91.017962 act_convert=27.191877 L2=93.531132
TIME graph=indochina-2004 method=shared_b64_accurate_nozero e2e rep=9 ms=226.526976 L1=101.884127 act_convert=26.869059 L2=97.773790
TIME graph=indochina-2004 method=shared_bfull_fast_nozero e2e rep=9 ms=206.485033 L1=87.565184 act_convert=27.776957 L2=91.142893
TIME graph=indochina-2004 method=shared_bfull_accurate_nozero e2e rep=9 ms=217.628956 L1=97.383976 act_convert=26.847839 L2=93.397141
TIME graph=indochina-2004 method=mkl_fp32 e2e rep=9 ms=611.619949 L1=367.347002 act_convert=12.941837 L2=231.331110
TIME graph=indochina-2004 method=mkl_bf16_inputs e2e rep=9 ms=653.580904 L1=242.353916 act_convert=42.550087 L2=368.676901
TIME graph=indochina-2004 method=original e2e rep=9 ms=952.006102 L1=463.473082 act_convert=27.055979 L2=461.477041
TIME graph=indochina-2004 method=original_nozero e2e rep=9 ms=363.361120 L1=162.828207 act_convert=39.388895 L2=161.144018
TIME graph=indochina-2004 method=shared_b2_fast_nozero e2e rep=9 ms=545.425892 L1=253.509045 act_convert=39.433002 L2=252.483845
TIME graph=indochina-2004 method=shared_b2_accurate_nozero e2e rep=9 ms=693.022966 L1=334.534883 act_convert=26.848078 L2=331.640005
TIME graph=indochina-2004 method=shared_b4_fast_nozero e2e rep=9 ms=371.105909 L1=171.155930 act_convert=27.012110 L2=172.937870
TIME graph=indochina-2004 method=shared_b4_accurate_nozero e2e rep=9 ms=455.451965 L1=213.390112 act_convert=26.962996 L2=215.098858
TIME graph=indochina-2004 method=shared_b8_fast_nozero e2e rep=9 ms=291.438103 L1=129.513025 act_convert=27.040005 L2=134.885073
TIME graph=indochina-2004 method=shared_b8_accurate_nozero e2e rep=9 ms=332.270861 L1=150.922060 act_convert=26.829958 L2=154.518843
COMPLETE graph=indochina-2004 status=PASS max_rss_kib=37332464
