CORRECT graph=regular-n262144-q16 method=mkl_bf16_inputs boundary=kernel_sample reference=fp64_bf16_inputs rel_l2=1.76694663e-07 max_abs=2.36071646e-05 max_norm=3.46292118e-07 pass=1
CONFIG graph=regular-n262144-q16 N=262144 E=4194304 threads=32 R=64 D=128 F=128 repeats=5 warmups=1
CORRECT graph=regular-n262144-q16 method=mkl_fp32 boundary=kernel_full reference=mkl_bf16_inputs rel_l2=0.00531020316 max_abs=0.442153931 max_norm=0.00484612544 pass=1
CORRECT graph=regular-n262144-q16 method=mkl_fp32 boundary=kernel_full reference=mkl_fp32 rel_l2=0 max_abs=0 max_norm=0 pass=1
CORRECT graph=regular-n262144-q16 method=mkl_fp32 boundary=kernel_sample reference=fp64_bf16_inputs rel_l2=0.00529148703 max_abs=0.327534959 max_norm=0.00480459117 pass=1
CORRECT graph=regular-n262144-q16 method=mkl_bf16_inputs boundary=kernel_full reference=mkl_bf16_inputs rel_l2=0 max_abs=0 max_norm=0 pass=1
CORRECT graph=regular-n262144-q16 method=mkl_bf16_inputs boundary=kernel_full reference=mkl_fp32 rel_l2=0.00528456652 max_abs=0.442153931 max_norm=0.00482275377 pass=1
CORRECT graph=regular-n262144-q16 method=mkl_bf16_inputs boundary=kernel_sample reference=fp64_bf16_inputs rel_l2=1.76694663e-07 max_abs=2.36071646e-05 max_norm=3.46292118e-07 pass=1
CORRECT graph=regular-n262144-q16 method=original boundary=kernel_full reference=mkl_bf16_inputs rel_l2=2.31480324e-07 max_abs=4.95910645e-05 max_norm=5.43531342e-07 pass=1
CORRECT graph=regular-n262144-q16 method=original boundary=kernel_full reference=mkl_fp32 rel_l2=0.00528456656 max_abs=0.442153931 max_norm=0.00482275377 pass=1
CORRECT graph=regular-n262144-q16 method=original boundary=kernel_sample reference=fp64_bf16_inputs rel_l2=1.50733619e-07 max_abs=2.14129686e-05 max_norm=3.14105586e-07 pass=1
CORRECT graph=regular-n262144-q16 method=shared_b2_fast boundary=kernel_full reference=mkl_bf16_inputs rel_l2=0.00238921473 max_abs=0.206031799 max_norm=0.00225816367 pass=1
CORRECT graph=regular-n262144-q16 method=shared_b2_fast boundary=kernel_full reference=mkl_fp32 rel_l2=0.00709404331 max_abs=0.625572205 max_norm=0.00682337191 pass=1
CORRECT graph=regular-n262144-q16 method=shared_b2_fast boundary=kernel_sample reference=fp64_bf16_inputs rel_l2=0.00237912333 max_abs=0.137572225 max_norm=0.00201803893 pass=1
CORRECT graph=regular-n262144-q16 method=shared_b2_accurate boundary=kernel_full reference=mkl_bf16_inputs rel_l2=2.31660575e-07 max_abs=6.10351562e-05 max_norm=6.68961651e-07 pass=1
CORRECT graph=regular-n262144-q16 method=shared_b2_accurate boundary=kernel_full reference=mkl_fp32 rel_l2=0.00528456656 max_abs=0.44216156 max_norm=0.00482283699 pass=1
CORRECT graph=regular-n262144-q16 method=shared_b2_accurate boundary=kernel_sample reference=fp64_bf16_inputs rel_l2=1.5151151e-07 max_abs=2.21431255e-05 max_norm=3.24816215e-07 pass=1
CORRECT graph=regular-n262144-q16 method=shared_b4_fast boundary=kernel_full reference=mkl_bf16_inputs rel_l2=0.00299215182 max_abs=0.266830444 max_norm=0.0029245331 pass=1
CORRECT graph=regular-n262144-q16 method=shared_b4_fast boundary=kernel_full reference=mkl_fp32 rel_l2=0.00774213294 max_abs=0.708984375 max_norm=0.00773318257 pass=1
CORRECT graph=regular-n262144-q16 method=shared_b4_fast boundary=kernel_sample reference=fp64_bf16_inputs rel_l2=0.00298838184 max_abs=0.183027208 max_norm=0.00268481542 pass=1
CORRECT graph=regular-n262144-q16 method=shared_b4_accurate boundary=kernel_full reference=mkl_bf16_inputs rel_l2=2.08372402e-07 max_abs=4.57763672e-05 max_norm=5.01721238e-07 pass=1
CORRECT graph=regular-n262144-q16 method=shared_b4_accurate boundary=kernel_full reference=mkl_fp32 rel_l2=0.00528456658 max_abs=0.442146301 max_norm=0.00482267055 pass=1
CORRECT graph=regular-n262144-q16 method=shared_b4_accurate boundary=kernel_sample reference=fp64_bf16_inputs rel_l2=1.11379758e-07 max_abs=1.34855509e-05 max_norm=1.97818758e-07 pass=1
CORRECT graph=regular-n262144-q16 method=shared_b8_fast boundary=kernel_full reference=mkl_bf16_inputs rel_l2=0.00317338626 max_abs=0.27973938 max_norm=0.00306601849 pass=1
CORRECT graph=regular-n262144-q16 method=shared_b8_fast boundary=kernel_full reference=mkl_fp32 rel_l2=0.00796017187 max_abs=0.70476532 max_norm=0.00768716361 pass=1
CORRECT graph=regular-n262144-q16 method=shared_b8_fast boundary=kernel_sample reference=fp64_bf16_inputs rel_l2=0.00319713961 max_abs=0.209686108 max_norm=0.00307587327 pass=1
CORRECT graph=regular-n262144-q16 method=shared_b8_accurate boundary=kernel_full reference=mkl_bf16_inputs rel_l2=6.28210732e-07 max_abs=0.000166893005 max_norm=1.82919201e-06 pass=1
CORRECT graph=regular-n262144-q16 method=shared_b8_accurate boundary=kernel_full reference=mkl_fp32 rel_l2=0.00528458975 max_abs=0.442153931 max_norm=0.00482275377 pass=1
CORRECT graph=regular-n262144-q16 method=shared_b8_accurate boundary=kernel_sample reference=fp64_bf16_inputs rel_l2=7.09081905e-07 max_abs=6.2033534e-05 max_norm=9.09966286e-07 pass=1
CORRECT graph=regular-n262144-q16 method=replay_b8_fast boundary=kernel_full reference=mkl_bf16_inputs rel_l2=0.00317338626 max_abs=0.27973938 max_norm=0.00306601849 pass=1
CORRECT graph=regular-n262144-q16 method=replay_b8_fast boundary=kernel_full reference=mkl_fp32 rel_l2=0.00796017187 max_abs=0.70476532 max_norm=0.00768716361 pass=1
CORRECT graph=regular-n262144-q16 method=replay_b8_fast boundary=kernel_sample reference=fp64_bf16_inputs rel_l2=0.00319713961 max_abs=0.209686108 max_norm=0.00307587327 pass=1
CORRECT graph=regular-n262144-q16 method=shared_b16_fast boundary=kernel_full reference=mkl_bf16_inputs rel_l2=0.00327337216 max_abs=0.288131714 max_norm=0.00315800071 pass=1
CORRECT graph=regular-n262144-q16 method=shared_b16_fast boundary=kernel_full reference=mkl_fp32 rel_l2=0.00806897169 max_abs=0.691802979 max_norm=0.00754577805 pass=1
CORRECT graph=regular-n262144-q16 method=shared_b16_fast boundary=kernel_sample reference=fp64_bf16_inputs rel_l2=0.00327901683 max_abs=0.219362199 max_norm=0.00321781128 pass=1
CORRECT graph=regular-n262144-q16 method=shared_b16_accurate boundary=kernel_full reference=mkl_bf16_inputs rel_l2=1.91860523e-06 max_abs=0.000332832336 max_norm=3.6479315e-06 pass=1
CORRECT graph=regular-n262144-q16 method=shared_b16_accurate boundary=kernel_full reference=mkl_fp32 rel_l2=0.00528482842 max_abs=0.442153931 max_norm=0.00482275377 pass=1
CORRECT graph=regular-n262144-q16 method=shared_b16_accurate boundary=kernel_sample reference=fp64_bf16_inputs rel_l2=2.0847021e-06 max_abs=0.000159867108 max_norm=2.34508126e-06 pass=1
CORRECT graph=regular-n262144-q16 method=shared_b32_fast boundary=kernel_full reference=mkl_bf16_inputs rel_l2=0.00327337216 max_abs=0.288131714 max_norm=0.00315800071 pass=1
CORRECT graph=regular-n262144-q16 method=shared_b32_fast boundary=kernel_full reference=mkl_fp32 rel_l2=0.00806897169 max_abs=0.691802979 max_norm=0.00754577805 pass=1
CORRECT graph=regular-n262144-q16 method=shared_b32_fast boundary=kernel_sample reference=fp64_bf16_inputs rel_l2=0.00327901683 max_abs=0.219362199 max_norm=0.00321781128 pass=1
CORRECT graph=regular-n262144-q16 method=shared_b32_accurate boundary=kernel_full reference=mkl_bf16_inputs rel_l2=1.91860523e-06 max_abs=0.000332832336 max_norm=3.6479315e-06 pass=1
CORRECT graph=regular-n262144-q16 method=shared_b32_accurate boundary=kernel_full reference=mkl_fp32 rel_l2=0.00528482842 max_abs=0.442153931 max_norm=0.00482275377 pass=1
CORRECT graph=regular-n262144-q16 method=shared_b32_accurate boundary=kernel_sample reference=fp64_bf16_inputs rel_l2=2.0847021e-06 max_abs=0.000159867108 max_norm=2.34508126e-06 pass=1
CORRECT graph=regular-n262144-q16 method=replay_b32_fast boundary=kernel_full reference=mkl_bf16_inputs rel_l2=0.00327337216 max_abs=0.288131714 max_norm=0.00315800071 pass=1
CORRECT graph=regular-n262144-q16 method=replay_b32_fast boundary=kernel_full reference=mkl_fp32 rel_l2=0.00806897169 max_abs=0.691802979 max_norm=0.00754577805 pass=1
CORRECT graph=regular-n262144-q16 method=replay_b32_fast boundary=kernel_sample reference=fp64_bf16_inputs rel_l2=0.00327901683 max_abs=0.219362199 max_norm=0.00321781128 pass=1
CORRECT graph=regular-n262144-q16 method=shared_b64_fast boundary=kernel_full reference=mkl_bf16_inputs rel_l2=0.00327337216 max_abs=0.288131714 max_norm=0.00315800071 pass=1
CORRECT graph=regular-n262144-q16 method=shared_b64_fast boundary=kernel_full reference=mkl_fp32 rel_l2=0.00806897169 max_abs=0.691802979 max_norm=0.00754577805 pass=1
CORRECT graph=regular-n262144-q16 method=shared_b64_fast boundary=kernel_sample reference=fp64_bf16_inputs rel_l2=0.00327901683 max_abs=0.219362199 max_norm=0.00321781128 pass=1
CORRECT graph=regular-n262144-q16 method=shared_b64_accurate boundary=kernel_full reference=mkl_bf16_inputs rel_l2=1.91860523e-06 max_abs=0.000332832336 max_norm=3.6479315e-06 pass=1
CORRECT graph=regular-n262144-q16 method=shared_b64_accurate boundary=kernel_full reference=mkl_fp32 rel_l2=0.00528482842 max_abs=0.442153931 max_norm=0.00482275377 pass=1
CORRECT graph=regular-n262144-q16 method=shared_b64_accurate boundary=kernel_sample reference=fp64_bf16_inputs rel_l2=2.0847021e-06 max_abs=0.000159867108 max_norm=2.34508126e-06 pass=1
CORRECT graph=regular-n262144-q16 method=shared_bfull_fast boundary=kernel_full reference=mkl_bf16_inputs rel_l2=0.00327337216 max_abs=0.288131714 max_norm=0.00315800071 pass=1
CORRECT graph=regular-n262144-q16 method=shared_bfull_fast boundary=kernel_full reference=mkl_fp32 rel_l2=0.00806897169 max_abs=0.691802979 max_norm=0.00754577805 pass=1
CORRECT graph=regular-n262144-q16 method=shared_bfull_fast boundary=kernel_sample reference=fp64_bf16_inputs rel_l2=0.00327901683 max_abs=0.219362199 max_norm=0.00321781128 pass=1
CORRECT graph=regular-n262144-q16 method=shared_bfull_accurate boundary=kernel_full reference=mkl_bf16_inputs rel_l2=1.91860523e-06 max_abs=0.000332832336 max_norm=3.6479315e-06 pass=1
CORRECT graph=regular-n262144-q16 method=shared_bfull_accurate boundary=kernel_full reference=mkl_fp32 rel_l2=0.00528482842 max_abs=0.442153931 max_norm=0.00482275377 pass=1
CORRECT graph=regular-n262144-q16 method=shared_bfull_accurate boundary=kernel_sample reference=fp64_bf16_inputs rel_l2=2.0847021e-06 max_abs=0.000159867108 max_norm=2.34508126e-06 pass=1
CORRECT graph=regular-n262144-q16 method=replay_bfull_fast boundary=kernel_full reference=mkl_bf16_inputs rel_l2=0.00327337216 max_abs=0.288131714 max_norm=0.00315800071 pass=1
CORRECT graph=regular-n262144-q16 method=replay_bfull_fast boundary=kernel_full reference=mkl_fp32 rel_l2=0.00806897169 max_abs=0.691802979 max_norm=0.00754577805 pass=1
CORRECT graph=regular-n262144-q16 method=replay_bfull_fast boundary=kernel_sample reference=fp64_bf16_inputs rel_l2=0.00327901683 max_abs=0.219362199 max_norm=0.00321781128 pass=1
TIME graph=regular-n262144-q16 method=mkl_bf16_inputs kernel rep=0 ms=10.113955
TIME graph=regular-n262144-q16 method=original kernel rep=0 ms=17.618179
TIME graph=regular-n262144-q16 method=shared_b2_fast kernel rep=0 ms=17.107010
TIME graph=regular-n262144-q16 method=shared_b2_accurate kernel rep=0 ms=18.770933
TIME graph=regular-n262144-q16 method=shared_b4_fast kernel rep=0 ms=15.244007
TIME graph=regular-n262144-q16 method=shared_b4_accurate kernel rep=0 ms=16.036987
TIME graph=regular-n262144-q16 method=shared_b8_fast kernel rep=0 ms=14.338970
TIME graph=regular-n262144-q16 method=shared_b8_accurate kernel rep=0 ms=14.733076
TIME graph=regular-n262144-q16 method=replay_b8_fast kernel rep=0 ms=15.408993
TIME graph=regular-n262144-q16 method=shared_b16_fast kernel rep=0 ms=13.625860
TIME graph=regular-n262144-q16 method=shared_b16_accurate kernel rep=0 ms=14.091015
TIME graph=regular-n262144-q16 method=shared_b32_fast kernel rep=0 ms=13.855219
TIME graph=regular-n262144-q16 method=shared_b32_accurate kernel rep=0 ms=14.105797
TIME graph=regular-n262144-q16 method=replay_b32_fast kernel rep=0 ms=14.733076
TIME graph=regular-n262144-q16 method=shared_b64_fast kernel rep=0 ms=13.664007
TIME graph=regular-n262144-q16 method=shared_b64_accurate kernel rep=0 ms=14.123917
TIME graph=regular-n262144-q16 method=shared_bfull_fast kernel rep=0 ms=13.838053
TIME graph=regular-n262144-q16 method=shared_bfull_accurate kernel rep=0 ms=14.111042
TIME graph=regular-n262144-q16 method=replay_bfull_fast kernel rep=0 ms=14.727831
TIME graph=regular-n262144-q16 method=mkl_fp32 kernel rep=0 ms=10.149002
TIME graph=regular-n262144-q16 method=original kernel rep=1 ms=17.699003
TIME graph=regular-n262144-q16 method=shared_b2_fast kernel rep=1 ms=17.102957
TIME graph=regular-n262144-q16 method=shared_b2_accurate kernel rep=1 ms=18.742085
TIME graph=regular-n262144-q16 method=shared_b4_fast kernel rep=1 ms=15.273094
TIME graph=regular-n262144-q16 method=shared_b4_accurate kernel rep=1 ms=15.991926
TIME graph=regular-n262144-q16 method=shared_b8_fast kernel rep=1 ms=14.306068
TIME graph=regular-n262144-q16 method=shared_b8_accurate kernel rep=1 ms=14.788151
TIME graph=regular-n262144-q16 method=replay_b8_fast kernel rep=1 ms=15.340090
TIME graph=regular-n262144-q16 method=shared_b16_fast kernel rep=1 ms=13.689041
TIME graph=regular-n262144-q16 method=shared_b16_accurate kernel rep=1 ms=14.115095
TIME graph=regular-n262144-q16 method=shared_b32_fast kernel rep=1 ms=13.848066
TIME graph=regular-n262144-q16 method=shared_b32_accurate kernel rep=1 ms=14.105797
TIME graph=regular-n262144-q16 method=replay_b32_fast kernel rep=1 ms=14.752150
TIME graph=regular-n262144-q16 method=shared_b64_fast kernel rep=1 ms=13.643026
TIME graph=regular-n262144-q16 method=shared_b64_accurate kernel rep=1 ms=14.108896
TIME graph=regular-n262144-q16 method=shared_bfull_fast kernel rep=1 ms=13.823032
TIME graph=regular-n262144-q16 method=shared_bfull_accurate kernel rep=1 ms=14.097929
TIME graph=regular-n262144-q16 method=replay_bfull_fast kernel rep=1 ms=14.683962
TIME graph=regular-n262144-q16 method=mkl_fp32 kernel rep=1 ms=10.932922
TIME graph=regular-n262144-q16 method=mkl_bf16_inputs kernel rep=1 ms=9.172916
TIME graph=regular-n262144-q16 method=shared_b2_fast kernel rep=2 ms=19.811153
TIME graph=regular-n262144-q16 method=shared_b2_accurate kernel rep=2 ms=18.758059
TIME graph=regular-n262144-q16 method=shared_b4_fast kernel rep=2 ms=15.256882
TIME graph=regular-n262144-q16 method=shared_b4_accurate kernel rep=2 ms=16.017914
TIME graph=regular-n262144-q16 method=shared_b8_fast kernel rep=2 ms=14.802933
TIME graph=regular-n262144-q16 method=shared_b8_accurate kernel rep=2 ms=14.737129
TIME graph=regular-n262144-q16 method=replay_b8_fast kernel rep=2 ms=15.357971
TIME graph=regular-n262144-q16 method=shared_b16_fast kernel rep=2 ms=13.699055
TIME graph=regular-n262144-q16 method=shared_b16_accurate kernel rep=2 ms=14.106035
TIME graph=regular-n262144-q16 method=shared_b32_fast kernel rep=2 ms=13.813019
TIME graph=regular-n262144-q16 method=shared_b32_accurate kernel rep=2 ms=14.074087
TIME graph=regular-n262144-q16 method=replay_b32_fast kernel rep=2 ms=14.762878
TIME graph=regular-n262144-q16 method=shared_b64_fast kernel rep=2 ms=13.620138
TIME graph=regular-n262144-q16 method=shared_b64_accurate kernel rep=2 ms=14.070988
TIME graph=regular-n262144-q16 method=shared_bfull_fast kernel rep=2 ms=13.819933
TIME graph=regular-n262144-q16 method=shared_bfull_accurate kernel rep=2 ms=14.059067
TIME graph=regular-n262144-q16 method=replay_bfull_fast kernel rep=2 ms=14.708042
TIME graph=regular-n262144-q16 method=mkl_fp32 kernel rep=2 ms=10.061026
TIME graph=regular-n262144-q16 method=mkl_bf16_inputs kernel rep=2 ms=9.165049
TIME graph=regular-n262144-q16 method=original kernel rep=2 ms=17.560005
TIME graph=regular-n262144-q16 method=shared_b2_accurate kernel rep=3 ms=18.625021
TIME graph=regular-n262144-q16 method=shared_b4_fast kernel rep=3 ms=15.265942
TIME graph=regular-n262144-q16 method=shared_b4_accurate kernel rep=3 ms=16.024113
TIME graph=regular-n262144-q16 method=shared_b8_fast kernel rep=3 ms=14.305115
TIME graph=regular-n262144-q16 method=shared_b8_accurate kernel rep=3 ms=14.755011
TIME graph=regular-n262144-q16 method=replay_b8_fast kernel rep=3 ms=15.395880
TIME graph=regular-n262144-q16 method=shared_b16_fast kernel rep=3 ms=13.667107
TIME graph=regular-n262144-q16 method=shared_b16_accurate kernel rep=3 ms=14.087915
TIME graph=regular-n262144-q16 method=shared_b32_fast kernel rep=3 ms=13.812065
TIME graph=regular-n262144-q16 method=shared_b32_accurate kernel rep=3 ms=14.176130
TIME graph=regular-n262144-q16 method=replay_b32_fast kernel rep=3 ms=14.733076
TIME graph=regular-n262144-q16 method=shared_b64_fast kernel rep=3 ms=13.667822
TIME graph=regular-n262144-q16 method=shared_b64_accurate kernel rep=3 ms=14.132023
TIME graph=regular-n262144-q16 method=shared_bfull_fast kernel rep=3 ms=13.810873
TIME graph=regular-n262144-q16 method=shared_bfull_accurate kernel rep=3 ms=14.132023
TIME graph=regular-n262144-q16 method=replay_bfull_fast kernel rep=3 ms=14.765024
TIME graph=regular-n262144-q16 method=mkl_fp32 kernel rep=3 ms=11.034012
TIME graph=regular-n262144-q16 method=mkl_bf16_inputs kernel rep=3 ms=9.206057
TIME graph=regular-n262144-q16 method=original kernel rep=3 ms=17.413139
TIME graph=regular-n262144-q16 method=shared_b2_fast kernel rep=3 ms=16.916990
TIME graph=regular-n262144-q16 method=shared_b4_fast kernel rep=4 ms=15.272141
TIME graph=regular-n262144-q16 method=shared_b4_accurate kernel rep=4 ms=16.021013
TIME graph=regular-n262144-q16 method=shared_b8_fast kernel rep=4 ms=14.313936
TIME graph=regular-n262144-q16 method=shared_b8_accurate kernel rep=4 ms=14.740944
TIME graph=regular-n262144-q16 method=replay_b8_fast kernel rep=4 ms=15.358925
TIME graph=regular-n262144-q16 method=shared_b16_fast kernel rep=4 ms=13.678074
TIME graph=regular-n262144-q16 method=shared_b16_accurate kernel rep=4 ms=14.101982
TIME graph=regular-n262144-q16 method=shared_b32_fast kernel rep=4 ms=13.827801
TIME graph=regular-n262144-q16 method=shared_b32_accurate kernel rep=4 ms=14.062881
TIME graph=regular-n262144-q16 method=replay_b32_fast kernel rep=4 ms=14.752150
TIME graph=regular-n262144-q16 method=shared_b64_fast kernel rep=4 ms=13.628960
TIME graph=regular-n262144-q16 method=shared_b64_accurate kernel rep=4 ms=14.074087
TIME graph=regular-n262144-q16 method=shared_bfull_fast kernel rep=4 ms=13.868093
TIME graph=regular-n262144-q16 method=shared_bfull_accurate kernel rep=4 ms=14.110088
TIME graph=regular-n262144-q16 method=replay_bfull_fast kernel rep=4 ms=14.742851
TIME graph=regular-n262144-q16 method=mkl_fp32 kernel rep=4 ms=10.143042
TIME graph=regular-n262144-q16 method=mkl_bf16_inputs kernel rep=4 ms=9.216070
TIME graph=regular-n262144-q16 method=original kernel rep=4 ms=17.410994
TIME graph=regular-n262144-q16 method=shared_b2_fast kernel rep=4 ms=16.938925
TIME graph=regular-n262144-q16 method=shared_b2_accurate kernel rep=4 ms=18.794060
CORRECT graph=regular-n262144-q16 method=original boundary=instrumented_kernel reference=unchanged_original rel_l2=0 max_abs=0 max_norm=0 pass=1
CORRECT graph=regular-n262144-q16 method=shared_b2_fast boundary=instrumented_kernel reference=mkl_bf16_inputs rel_l2=0.00238921473 max_abs=0.206031799 max_norm=0.00225816367 pass=1
CORRECT graph=regular-n262144-q16 method=shared_b2_accurate boundary=instrumented_kernel reference=mkl_bf16_inputs rel_l2=2.31660575e-07 max_abs=6.10351562e-05 max_norm=6.68961651e-07 pass=1
CORRECT graph=regular-n262144-q16 method=shared_b4_fast boundary=instrumented_kernel reference=mkl_bf16_inputs rel_l2=0.00299215182 max_abs=0.266830444 max_norm=0.0029245331 pass=1
CORRECT graph=regular-n262144-q16 method=shared_b4_accurate boundary=instrumented_kernel reference=mkl_bf16_inputs rel_l2=2.08372402e-07 max_abs=4.57763672e-05 max_norm=5.01721238e-07 pass=1
CORRECT graph=regular-n262144-q16 method=shared_b8_fast boundary=instrumented_kernel reference=mkl_bf16_inputs rel_l2=0.00317338626 max_abs=0.27973938 max_norm=0.00306601849 pass=1
CORRECT graph=regular-n262144-q16 method=shared_b8_accurate boundary=instrumented_kernel reference=mkl_bf16_inputs rel_l2=6.28210732e-07 max_abs=0.000166893005 max_norm=1.82919201e-06 pass=1
CORRECT graph=regular-n262144-q16 method=replay_b8_fast boundary=instrumented_kernel reference=mkl_bf16_inputs rel_l2=0.00317338626 max_abs=0.27973938 max_norm=0.00306601849 pass=1
CORRECT graph=regular-n262144-q16 method=shared_b16_fast boundary=instrumented_kernel reference=mkl_bf16_inputs rel_l2=0.00327337216 max_abs=0.288131714 max_norm=0.00315800071 pass=1
CORRECT graph=regular-n262144-q16 method=shared_b16_accurate boundary=instrumented_kernel reference=mkl_bf16_inputs rel_l2=1.91860523e-06 max_abs=0.000332832336 max_norm=3.6479315e-06 pass=1
CORRECT graph=regular-n262144-q16 method=shared_b32_fast boundary=instrumented_kernel reference=mkl_bf16_inputs rel_l2=0.00327337216 max_abs=0.288131714 max_norm=0.00315800071 pass=1
CORRECT graph=regular-n262144-q16 method=shared_b32_accurate boundary=instrumented_kernel reference=mkl_bf16_inputs rel_l2=1.91860523e-06 max_abs=0.000332832336 max_norm=3.6479315e-06 pass=1
CORRECT graph=regular-n262144-q16 method=replay_b32_fast boundary=instrumented_kernel reference=mkl_bf16_inputs rel_l2=0.00327337216 max_abs=0.288131714 max_norm=0.00315800071 pass=1
CORRECT graph=regular-n262144-q16 method=shared_b64_fast boundary=instrumented_kernel reference=mkl_bf16_inputs rel_l2=0.00327337216 max_abs=0.288131714 max_norm=0.00315800071 pass=1
CORRECT graph=regular-n262144-q16 method=shared_b64_accurate boundary=instrumented_kernel reference=mkl_bf16_inputs rel_l2=1.91860523e-06 max_abs=0.000332832336 max_norm=3.6479315e-06 pass=1
CORRECT graph=regular-n262144-q16 method=shared_bfull_fast boundary=instrumented_kernel reference=mkl_bf16_inputs rel_l2=0.00327337216 max_abs=0.288131714 max_norm=0.00315800071 pass=1
CORRECT graph=regular-n262144-q16 method=shared_bfull_accurate boundary=instrumented_kernel reference=mkl_bf16_inputs rel_l2=1.91860523e-06 max_abs=0.000332832336 max_norm=3.6479315e-06 pass=1
CORRECT graph=regular-n262144-q16 method=replay_bfull_fast boundary=instrumented_kernel reference=mkl_bf16_inputs rel_l2=0.00327337216 max_abs=0.288131714 max_norm=0.00315800071 pass=1
CORRECT graph=regular-n262144-q16 method=mkl_fp32 boundary=two_layer_e2e reference=mkl_bf16_inputs rel_l2=0.0105811301 max_abs=30.8139648 max_norm=0.0108525271 pass=1
CORRECT graph=regular-n262144-q16 method=mkl_fp32 boundary=two_layer_e2e reference=mkl_fp32 rel_l2=0 max_abs=0 max_norm=0 pass=1
CORRECT graph=regular-n262144-q16 method=mkl_bf16_inputs boundary=two_layer_e2e reference=mkl_bf16_inputs rel_l2=0 max_abs=0 max_norm=0 pass=1
CORRECT graph=regular-n262144-q16 method=mkl_bf16_inputs boundary=two_layer_e2e reference=mkl_fp32 rel_l2=0.0104723351 max_abs=30.8139648 max_norm=0.0107382996 pass=1
CORRECT graph=regular-n262144-q16 method=original boundary=two_layer_e2e reference=mkl_bf16_inputs rel_l2=1.2912522e-05 max_abs=0.349197388 max_norm=0.000122985605 pass=1
CORRECT graph=regular-n262144-q16 method=original boundary=two_layer_e2e reference=mkl_fp32 rel_l2=0.0104723461 max_abs=30.8139648 max_norm=0.0107382996 pass=1
CORRECT graph=regular-n262144-q16 method=shared_b8_fast boundary=two_layer_e2e reference=mkl_bf16_inputs rel_l2=0.00552296801 max_abs=18.2287598 max_norm=0.00642007966 pass=1
CORRECT graph=regular-n262144-q16 method=shared_b8_fast boundary=two_layer_e2e reference=mkl_fp32 rel_l2=0.0156432484 max_abs=45.8564453 max_norm=0.0159804248 pass=1
CORRECT graph=regular-n262144-q16 method=shared_b32_fast boundary=two_layer_e2e reference=mkl_bf16_inputs rel_l2=0.00591471456 max_abs=18.5664062 max_norm=0.00653899709 pass=1
CORRECT graph=regular-n262144-q16 method=shared_b32_fast boundary=two_layer_e2e reference=mkl_fp32 rel_l2=0.0159724134 max_abs=48.2954102 max_norm=0.016830375 pass=1
CORRECT graph=regular-n262144-q16 method=shared_bfull_fast boundary=two_layer_e2e reference=mkl_bf16_inputs rel_l2=0.00591471456 max_abs=18.5664062 max_norm=0.00653899709 pass=1
CORRECT graph=regular-n262144-q16 method=shared_bfull_fast boundary=two_layer_e2e reference=mkl_fp32 rel_l2=0.0159724134 max_abs=48.2954102 max_norm=0.016830375 pass=1
CORRECT graph=regular-n262144-q16 method=shared_bfull_accurate boundary=two_layer_e2e reference=mkl_bf16_inputs rel_l2=3.00318252e-05 max_abs=0.436431885 max_norm=0.000153709166 pass=1
CORRECT graph=regular-n262144-q16 method=shared_bfull_accurate boundary=two_layer_e2e reference=mkl_fp32 rel_l2=0.0104730883 max_abs=30.8125 max_norm=0.0107377891 pass=1
CORRECT graph=regular-n262144-q16 method=replay_bfull_fast boundary=two_layer_e2e reference=mkl_bf16_inputs rel_l2=0.00591471456 max_abs=18.5664062 max_norm=0.00653899709 pass=1
CORRECT graph=regular-n262144-q16 method=replay_bfull_fast boundary=two_layer_e2e reference=mkl_fp32 rel_l2=0.0159724134 max_abs=48.2954102 max_norm=0.016830375 pass=1
TIME graph=regular-n262144-q16 method=mkl_bf16_inputs e2e rep=0 ms=21.609783 L1=10.288954 act_convert=2.393007 L2=8.927822
TIME graph=regular-n262144-q16 method=original e2e rep=0 ms=33.747911 L1=15.872955 act_convert=1.019955 L2=16.855001
TIME graph=regular-n262144-q16 method=shared_b8_fast e2e rep=0 ms=32.876015 L1=16.011000 act_convert=1.099110 L2=15.765905
TIME graph=regular-n262144-q16 method=shared_b32_fast e2e rep=0 ms=32.418013 L1=15.146971 act_convert=1.073837 L2=16.197205
TIME graph=regular-n262144-q16 method=shared_bfull_fast e2e rep=0 ms=32.014132 L1=15.655041 act_convert=1.092911 L2=15.266180
TIME graph=regular-n262144-q16 method=shared_bfull_accurate e2e rep=0 ms=32.907963 L1=15.434980 act_convert=1.106977 L2=16.366005
TIME graph=regular-n262144-q16 method=replay_bfull_fast e2e rep=0 ms=33.635855 L1=16.385794 act_convert=1.099110 L2=16.150951
TIME graph=regular-n262144-q16 method=mkl_fp32 e2e rep=0 ms=20.878077 L1=11.368990 act_convert=0.741005 L2=8.768082
TIME graph=regular-n262144-q16 method=original e2e rep=1 ms=35.014868 L1=16.999960 act_convert=1.018047 L2=16.996861
TIME graph=regular-n262144-q16 method=shared_b8_fast e2e rep=1 ms=32.824039 L1=15.950918 act_convert=1.101971 L2=15.771151
TIME graph=regular-n262144-q16 method=shared_b32_fast e2e rep=1 ms=31.601906 L1=15.213966 act_convert=1.070023 L2=15.317917
TIME graph=regular-n262144-q16 method=shared_bfull_fast e2e rep=1 ms=31.431913 L1=15.068054 act_convert=1.092911 L2=15.270948
TIME graph=regular-n262144-q16 method=shared_bfull_accurate e2e rep=1 ms=32.831192 L1=15.439034 act_convert=1.070976 L2=16.321182
TIME graph=regular-n262144-q16 method=replay_bfull_fast e2e rep=1 ms=33.650875 L1=16.423941 act_convert=1.098871 L2=16.128063
TIME graph=regular-n262144-q16 method=mkl_fp32 e2e rep=1 ms=20.672083 L1=11.073112 act_convert=0.720978 L2=8.877993
TIME graph=regular-n262144-q16 method=mkl_bf16_inputs e2e rep=1 ms=20.266056 L1=9.135008 act_convert=2.358913 L2=8.772135
TIME graph=regular-n262144-q16 method=shared_b8_fast e2e rep=2 ms=33.221006 L1=16.197920 act_convert=1.066923 L2=15.956163
TIME graph=regular-n262144-q16 method=shared_b32_fast e2e rep=2 ms=32.617092 L1=15.244961 act_convert=1.073122 L2=16.299009
TIME graph=regular-n262144-q16 method=shared_bfull_fast e2e rep=2 ms=31.875849 L1=15.494823 act_convert=1.099110 L2=15.281916
TIME graph=regular-n262144-q16 method=shared_bfull_accurate e2e rep=2 ms=32.006979 L1=15.393972 act_convert=1.101971 L2=15.511036
TIME graph=regular-n262144-q16 method=replay_bfull_fast e2e rep=2 ms=33.237934 L1=16.036987 act_convert=1.099110 L2=16.101837
TIME graph=regular-n262144-q16 method=mkl_fp32 e2e rep=2 ms=20.778894 L1=11.107922 act_convert=0.812054 L2=8.858919
TIME graph=regular-n262144-q16 method=mkl_bf16_inputs e2e rep=2 ms=20.408869 L1=9.117842 act_convert=2.400160 L2=8.890867
TIME graph=regular-n262144-q16 method=original e2e rep=2 ms=33.514023 L1=16.290903 act_convert=1.027107 L2=16.196012
TIME graph=regular-n262144-q16 method=shared_b32_fast e2e rep=3 ms=31.707048 L1=15.308142 act_convert=1.091003 L2=15.307903
TIME graph=regular-n262144-q16 method=shared_bfull_fast e2e rep=3 ms=32.433987 L1=15.109062 act_convert=1.065969 L2=16.258955
TIME graph=regular-n262144-q16 method=shared_bfull_accurate e2e rep=3 ms=32.182932 L1=15.657902 act_convert=1.085997 L2=15.439034
TIME graph=regular-n262144-q16 method=replay_bfull_fast e2e rep=3 ms=33.303976 L1=15.964031 act_convert=1.101971 L2=16.237974
TIME graph=regular-n262144-q16 method=mkl_fp32 e2e rep=3 ms=20.632029 L1=11.109829 act_convert=0.740051 L2=8.782148
TIME graph=regular-n262144-q16 method=mkl_bf16_inputs e2e rep=3 ms=20.132065 L1=9.067059 act_convert=2.413034 L2=8.651972
TIME graph=regular-n262144-q16 method=original e2e rep=3 ms=33.733130 L1=16.427994 act_convert=1.019001 L2=16.286135
TIME graph=regular-n262144-q16 method=shared_b8_fast e2e rep=3 ms=32.605886 L1=15.690088 act_convert=1.098871 L2=15.816927
TIME graph=regular-n262144-q16 method=shared_bfull_fast e2e rep=4 ms=32.347202 L1=15.160084 act_convert=1.075983 L2=16.111135
TIME graph=regular-n262144-q16 method=shared_bfull_accurate e2e rep=4 ms=33.113003 L1=15.686035 act_convert=1.096010 L2=16.330957
TIME graph=regular-n262144-q16 method=replay_bfull_fast e2e rep=4 ms=33.601046 L1=16.386986 act_convert=1.094103 L2=16.119957
TIME graph=regular-n262144-q16 method=mkl_fp32 e2e rep=4 ms=19.867897 L1=10.223866 act_convert=0.723124 L2=8.920908
TIME graph=regular-n262144-q16 method=mkl_bf16_inputs e2e rep=4 ms=20.272970 L1=9.119034 act_convert=2.474785 L2=8.679152
TIME graph=regular-n262144-q16 method=original e2e rep=4 ms=33.730030 L1=16.485929 act_convert=1.018047 L2=16.226053
TIME graph=regular-n262144-q16 method=shared_b8_fast e2e rep=4 ms=32.536983 L1=15.681028 act_convert=1.098871 L2=15.757084
TIME graph=regular-n262144-q16 method=shared_b32_fast e2e rep=4 ms=32.487154 L1=15.130043 act_convert=1.065969 L2=16.291142
COMPLETE graph=regular-n262144-q16 status=PASS max_rss_kib=1689552
