GCN E2E Inference Benchmark (2-layer, K=128)
TFS V3 (BF16 AMX) vs MKL (FP32 two-step)
Threads: 4

Loading: /home/huangjianqiang_group/hdacp1/data/wzh/GCN-extra/runs/source-smoke-10864752/fixtures/source_tail/source_tail.csrbin
Matrix: source_tail  N=37  NNZ=538  avg_deg=14.5

=== TFS V3 (BF16 AMX Fusion) ===
  run 0: 0.09 ms
  run 1: 0.08 ms
  run 2: 0.07 ms
  run 3: 0.11 ms
  run 4: 0.07 ms
  TFS V3 E2E BEST: 0.07 ms

=== MKL FP32 Two-Step ===
  run 0: 0.03 ms
  run 1: 0.03 ms
  run 2: 0.03 ms
  run 3: 0.03 ms
  run 4: 0.03 ms
  MKL E2E BEST: 0.03 ms

=== E2E Summary ===
  TFS V3:  0.07 ms
  MKL:     0.03 ms
  Speedup: 0.37×

=== Precision Analysis ===
Layer 1 (after ReLU):
  TFS_BF16 vs MKL_FP32: max_rel_err=0.005318  RMSE=6.100539e-02  max|diff|=3.599319e-01
Layer 2 (final output):
  TFS_BF16 vs MKL_FP32: max_rel_err=0.010888  RMSE=1.098385e+01  max|diff|=4.953076e+01

First 8 output values:
  TFS: 0.0000 0.0000 0.0000 0.0000 0.0000 0.0000 0.0000 0.0000 
  MKL: 0.0000 0.0000 0.0000 0.0000 0.0000 0.0000 0.0000 0.0000 
SOURCE_CONFIG graph=source_tail N=37 E=538 D=128 F=128 R=64 TR=16 repeats=5 warmups=1 mkl_max_threads=4 mkl_dynamic=1 policy=default_no_numactl
SOURCE_INPUT graph=source_tail H0=6494241182140633829 W1=7515093975424777444 W2=521590717466722379
SOURCE_CORRECT graph=source_tail method=original_nozero boundary=kernel reference=source_original_tfs max_abs=0 mean_abs=0 relative_l2=0 normalized_max=0 pass=1
SOURCE_CORRECT graph=source_tail method=original_nozero boundary=e2e reference=source_original_tfs max_abs=0 mean_abs=0 relative_l2=0 normalized_max=0 pass=1
SOURCE_CORRECT graph=source_tail method=original_nozero boundary=e2e reference=source_mkl_fp32 max_abs=49.5307617188 mean_abs=6.31630680325 relative_l2=0.0107949288701 normalized_max=0.0108880585136 pass=1
SOURCE_CORRECT graph=source_tail method=shared_b1_fast_nozero boundary=kernel reference=source_original_tfs max_abs=0 mean_abs=0 relative_l2=0 normalized_max=0 pass=1
SOURCE_CORRECT graph=source_tail method=shared_b1_fast_nozero boundary=e2e reference=source_original_tfs max_abs=0 mean_abs=0 relative_l2=0 normalized_max=0 pass=1
SOURCE_CORRECT graph=source_tail method=shared_b1_fast_nozero boundary=e2e reference=source_mkl_fp32 max_abs=49.5307617188 mean_abs=6.31630680325 relative_l2=0.0107949288701 normalized_max=0.0108880585136 pass=1
SOURCE_CORRECT graph=source_tail method=shared_b1_accurate_nozero boundary=kernel reference=source_original_tfs max_abs=0 mean_abs=0 relative_l2=0 normalized_max=0 pass=1
SOURCE_CORRECT graph=source_tail method=shared_b1_accurate_nozero boundary=e2e reference=source_original_tfs max_abs=0 mean_abs=0 relative_l2=0 normalized_max=0 pass=1
SOURCE_CORRECT graph=source_tail method=shared_b1_accurate_nozero boundary=e2e reference=source_mkl_fp32 max_abs=49.5307617188 mean_abs=6.31630680325 relative_l2=0.0107949288701 normalized_max=0.0108880585136 pass=1
SOURCE_CORRECT graph=source_tail method=shared_b2_fast_nozero boundary=kernel reference=source_original_tfs max_abs=0.174659729004 mean_abs=0.0224973425093 relative_l2=0.00233229261288 normalized_max=0.00259313621435 pass=1
SOURCE_CORRECT graph=source_tail method=shared_b2_fast_nozero boundary=e2e reference=source_original_tfs max_abs=13.5275878906 mean_abs=1.90072465023 relative_l2=0.00312832152984 normalized_max=0.00300642358598 pass=1
SOURCE_CORRECT graph=source_tail method=shared_b2_fast_nozero boundary=e2e reference=source_mkl_fp32 max_abs=60.2592773438 mean_abs=8.05776117676 relative_l2=0.0136955935624 normalized_max=0.0132464455409 pass=1
SOURCE_CORRECT graph=source_tail method=shared_b2_accurate_nozero boundary=kernel reference=source_original_tfs max_abs=4.19616699219e-05 mean_abs=2.01100310487e-06 relative_l2=2.74942701558e-07 normalized_max=6.22996076484e-07 pass=1
SOURCE_CORRECT graph=source_tail method=shared_b2_accurate_nozero boundary=e2e reference=source_original_tfs max_abs=0.002685546875 mean_abs=9.62221592262e-05 relative_l2=2.31942765751e-07 normalized_max=5.96846350697e-07 pass=1
SOURCE_CORRECT graph=source_tail method=shared_b2_accurate_nozero boundary=e2e reference=source_mkl_fp32 max_abs=49.5297851562 mean_abs=6.31630413444 relative_l2=0.0107949215165 normalized_max=0.0108878438415 pass=1
SOURCE_CORRECT graph=source_tail method=shared_b4_fast_nozero boundary=kernel reference=source_original_tfs max_abs=0.201416015625 mean_abs=0.0275423486616 relative_l2=0.00281496605753 normalized_max=0.00299038116712 pass=1
SOURCE_CORRECT graph=source_tail method=shared_b4_fast_nozero boundary=e2e reference=source_original_tfs max_abs=19.9279785156 mean_abs=2.60609656321 relative_l2=0.00442887517325 normalized_max=0.00442887121597 pass=1
SOURCE_CORRECT graph=source_tail method=shared_b4_fast_nozero boundary=e2e reference=source_mkl_fp32 max_abs=67.7026367188 mean_abs=8.77595340428 relative_l2=0.0150019693868 normalized_max=0.0148826758269 pass=1
SOURCE_CORRECT graph=source_tail method=shared_b4_accurate_nozero boundary=kernel reference=source_original_tfs max_abs=4.19616699219e-05 mean_abs=1.79442026451e-06 relative_l2=2.40704464845e-07 normalized_max=6.22996076484e-07 pass=1
SOURCE_CORRECT graph=source_tail method=shared_b4_accurate_nozero boundary=e2e reference=source_original_tfs max_abs=0.002685546875 mean_abs=0.000203927198576 relative_l2=3.90228561483e-07 normalized_max=5.96846350697e-07 pass=1
SOURCE_CORRECT graph=source_tail method=shared_b4_accurate_nozero boundary=e2e reference=source_mkl_fp32 max_abs=49.53125 mean_abs=6.31632893797 relative_l2=0.010794988084 normalized_max=0.0108881658496 pass=1
SOURCE_CORRECT graph=source_tail method=shared_b8_fast_nozero boundary=kernel reference=source_original_tfs max_abs=0.251892089844 mean_abs=0.0295918461162 relative_l2=0.00308625554132 normalized_max=0.00373978881113 pass=1
SOURCE_CORRECT graph=source_tail method=shared_b8_fast_nozero boundary=e2e reference=source_original_tfs max_abs=25.2138671875 mean_abs=3.07274169143 relative_l2=0.00522162023644 normalized_max=0.00560362761042 pass=1
SOURCE_CORRECT graph=source_tail method=shared_b8_fast_nozero boundary=e2e reference=source_mkl_fp32 max_abs=74.4375 mean_abs=9.22364476717 relative_l2=0.0157517862052 normalized_max=0.0163631615481 pass=1
SOURCE_CORRECT graph=source_tail method=shared_b8_accurate_nozero boundary=kernel reference=source_original_tfs max_abs=6.86645507812e-05 mean_abs=3.80922653209e-06 relative_l2=6.89174488532e-07 normalized_max=1.01944812516e-06 pass=1
SOURCE_CORRECT graph=source_tail method=shared_b8_accurate_nozero boundary=e2e reference=source_original_tfs max_abs=0.0629272460938 mean_abs=0.0109698789798 relative_l2=2.06243318259e-05 normalized_max=1.3985195172e-05 pass=1
SOURCE_CORRECT graph=source_tail method=shared_b8_accurate_nozero boundary=e2e reference=source_mkl_fp32 max_abs=49.56640625 mean_abs=6.31696960452 relative_l2=0.0107964982517 normalized_max=0.010895894043 pass=1
SOURCE_CORRECT graph=source_tail method=shared_b16_fast_nozero boundary=kernel reference=source_original_tfs max_abs=0.291938781738 mean_abs=0.0307515817694 relative_l2=0.00320597341925 normalized_max=0.00433435361212 pass=1
SOURCE_CORRECT graph=source_tail method=shared_b16_fast_nozero boundary=e2e reference=source_original_tfs max_abs=28.1518554688 mean_abs=3.3122885048 relative_l2=0.00559783989171 normalized_max=0.00625657751808 pass=1
SOURCE_CORRECT graph=source_tail method=shared_b16_fast_nozero boundary=e2e reference=source_mkl_fp32 max_abs=76.7944335938 mean_abs=9.46846755973 relative_l2=0.0161035388269 normalized_max=0.0168812725157 pass=1
SOURCE_CORRECT graph=source_tail method=shared_b16_accurate_nozero boundary=kernel reference=source_original_tfs max_abs=0.000217437744141 mean_abs=1.4411900633e-05 relative_l2=2.08666028229e-06 normalized_max=3.22825239633e-06 pass=1
SOURCE_CORRECT graph=source_tail method=shared_b16_accurate_nozero boundary=e2e reference=source_original_tfs max_abs=0.308288574219 mean_abs=0.0455911645062 relative_l2=8.43287146513e-05 normalized_max=6.85152481221e-05 pass=1
SOURCE_CORRECT graph=source_tail method=shared_b16_accurate_nozero boundary=e2e reference=source_mkl_fp32 max_abs=49.4624023438 mean_abs=6.32360784748 relative_l2=0.0108052680975 normalized_max=0.0108730314708 pass=1
SOURCE_CORRECT graph=source_tail method=shared_b32_fast_nozero boundary=kernel reference=source_original_tfs max_abs=0.241481781006 mean_abs=0.0299378824924 relative_l2=0.00311391236395 normalized_max=0.00358522914815 pass=1
SOURCE_CORRECT graph=source_tail method=shared_b32_fast_nozero boundary=e2e reference=source_original_tfs max_abs=29.166015625 mean_abs=3.22030028721 relative_l2=0.00550083669414 normalized_max=0.00648196840361 pass=1
SOURCE_CORRECT graph=source_tail method=shared_b32_fast_nozero boundary=e2e reference=source_mkl_fp32 max_abs=78.2612304688 mean_abs=9.31670985226 relative_l2=0.0159385816836 normalized_max=0.0172037099193 pass=1
SOURCE_CORRECT graph=source_tail method=shared_b32_accurate_nozero boundary=kernel reference=source_original_tfs max_abs=0.000343322753906 mean_abs=2.24129762501e-05 relative_l2=3.18741091312e-06 normalized_max=5.09724062578e-06 pass=1
SOURCE_CORRECT graph=source_tail method=shared_b32_accurate_nozero boundary=e2e reference=source_original_tfs max_abs=0.326782226562 mean_abs=0.0473800368255 relative_l2=8.66034870123e-05 normalized_max=7.2625349128e-05 pass=1
SOURCE_CORRECT graph=source_tail method=shared_b32_accurate_nozero boundary=e2e reference=source_mkl_fp32 max_abs=49.5166015625 mean_abs=6.32504174809 relative_l2=0.0108085203345 normalized_max=0.010884945769 pass=1
SOURCE_CORRECT graph=source_tail method=shared_b64_fast_nozero boundary=kernel reference=source_original_tfs max_abs=0.223552703857 mean_abs=0.0302450758959 relative_l2=0.00314448967057 normalized_max=0.00331903991547 pass=1
SOURCE_CORRECT graph=source_tail method=shared_b64_fast_nozero boundary=e2e reference=source_original_tfs max_abs=29.6171875 mean_abs=3.25010715063 relative_l2=0.00553253041926 normalized_max=0.00658223859052 pass=1
SOURCE_CORRECT graph=source_tail method=shared_b64_fast_nozero boundary=e2e reference=source_mkl_fp32 max_abs=76.6708984375 mean_abs=9.35379006594 relative_l2=0.0159866484616 normalized_max=0.0168541165027 pass=1
SOURCE_CORRECT graph=source_tail method=shared_b64_accurate_nozero boundary=kernel reference=source_original_tfs max_abs=0.000343322753906 mean_abs=2.53120418386e-05 relative_l2=3.5682324682e-06 normalized_max=5.09724062578e-06 pass=1
SOURCE_CORRECT graph=source_tail method=shared_b64_accurate_nozero boundary=e2e reference=source_original_tfs max_abs=0.1240234375 mean_abs=0.0151103278119 relative_l2=2.82537899512e-05 normalized_max=2.75634496504e-05 pass=1
SOURCE_CORRECT graph=source_tail method=shared_b64_accurate_nozero boundary=e2e reference=source_mkl_fp32 max_abs=49.6479492188 mean_abs=6.31678264559 relative_l2=0.0107985142217 normalized_max=0.0109138191583 pass=1
SOURCE_CORRECT graph=source_tail method=shared_bfull_fast_nozero boundary=kernel reference=source_original_tfs max_abs=0.223552703857 mean_abs=0.0302450758959 relative_l2=0.00314448967057 normalized_max=0.00331903991547 pass=1
SOURCE_CORRECT graph=source_tail method=shared_bfull_fast_nozero boundary=e2e reference=source_original_tfs max_abs=29.6171875 mean_abs=3.25010715063 relative_l2=0.00553253041926 normalized_max=0.00658223859052 pass=1
SOURCE_CORRECT graph=source_tail method=shared_bfull_fast_nozero boundary=e2e reference=source_mkl_fp32 max_abs=76.6708984375 mean_abs=9.35379006594 relative_l2=0.0159866484616 normalized_max=0.0168541165027 pass=1
SOURCE_CORRECT graph=source_tail method=shared_bfull_accurate_nozero boundary=kernel reference=source_original_tfs max_abs=0.000343322753906 mean_abs=2.53120418386e-05 relative_l2=3.5682324682e-06 normalized_max=5.09724062578e-06 pass=1
SOURCE_CORRECT graph=source_tail method=shared_bfull_accurate_nozero boundary=e2e reference=source_original_tfs max_abs=0.1240234375 mean_abs=0.0151103278119 relative_l2=2.82537899512e-05 normalized_max=2.75634496504e-05 pass=1
SOURCE_CORRECT graph=source_tail method=shared_bfull_accurate_nozero boundary=e2e reference=source_mkl_fp32 max_abs=49.6479492188 mean_abs=6.31678264559 relative_l2=0.0107985142217 normalized_max=0.0109138191583 pass=1
SOURCE_TIME graph=source_tail method=source_mkl_fp32 kind=kernel repeat=0 ms=0.00810623168945
SOURCE_TIME graph=source_tail method=source_mkl_fp32 kind=kernel repeat=1 ms=0.0259876251221
SOURCE_TIME graph=source_tail method=source_mkl_fp32 kind=kernel repeat=2 ms=0.00905990600586
SOURCE_TIME graph=source_tail method=source_mkl_fp32 kind=kernel repeat=3 ms=0.00905990600586
SOURCE_TIME graph=source_tail method=source_mkl_fp32 kind=kernel repeat=4 ms=0.00905990600586
SOURCE_TIME graph=source_tail method=source_original_tfs kind=kernel repeat=0 ms=0.0340938568115
SOURCE_TIME graph=source_tail method=source_original_tfs kind=kernel repeat=1 ms=0.0288486480713
SOURCE_TIME graph=source_tail method=source_original_tfs kind=kernel repeat=2 ms=0.0290870666504
SOURCE_TIME graph=source_tail method=source_original_tfs kind=kernel repeat=3 ms=0.0278949737549
SOURCE_TIME graph=source_tail method=source_original_tfs kind=kernel repeat=4 ms=0.0269412994385
SOURCE_TIME graph=source_tail method=original_nozero kind=kernel repeat=0 ms=0.0269412994385
SOURCE_TIME graph=source_tail method=original_nozero kind=kernel repeat=1 ms=0.0228881835938
SOURCE_TIME graph=source_tail method=original_nozero kind=kernel repeat=2 ms=0.0300407409668
SOURCE_TIME graph=source_tail method=original_nozero kind=kernel repeat=3 ms=0.0271797180176
SOURCE_TIME graph=source_tail method=original_nozero kind=kernel repeat=4 ms=0.0228881835938
SOURCE_TIME graph=source_tail method=original_nozero kind=e2e repeat=0 ms=0.0522136688232
SOURCE_TIME graph=source_tail method=original_nozero kind=e2e repeat=1 ms=0.0619888305664
SOURCE_TIME graph=source_tail method=original_nozero kind=e2e repeat=2 ms=0.0598430633545
SOURCE_TIME graph=source_tail method=original_nozero kind=e2e repeat=3 ms=0.0510215759277
SOURCE_TIME graph=source_tail method=original_nozero kind=e2e repeat=4 ms=0.0650882720947
SOURCE_STAGE graph=source_tail method=original_nozero repeat=0 layer1_ms=0.0259876251221 relu_ms=0.00190734863281 conversion_ms=0.000953674316406 layer2_ms=0.0309944152832 total_ms=0.0598430633545
SOURCE_STAGE graph=source_tail method=original_nozero repeat=1 layer1_ms=0.0259876251221 relu_ms=0.000953674316406 conversion_ms=0.00190734863281 layer2_ms=0.0219345092773 total_ms=0.0507831573486
SOURCE_STAGE graph=source_tail method=original_nozero repeat=2 layer1_ms=0.0259876251221 relu_ms=0.000953674316406 conversion_ms=0.000953674316406 layer2_ms=0.0300407409668 total_ms=0.0579357147217
SOURCE_TIME graph=source_tail method=shared_b1_fast_nozero kind=kernel repeat=0 ms=0.0619888305664
SOURCE_TIME graph=source_tail method=shared_b1_fast_nozero kind=kernel repeat=1 ms=0.06103515625
SOURCE_TIME graph=source_tail method=shared_b1_fast_nozero kind=kernel repeat=2 ms=0.0619888305664
SOURCE_TIME graph=source_tail method=shared_b1_fast_nozero kind=kernel repeat=3 ms=0.0591278076172
SOURCE_TIME graph=source_tail method=shared_b1_fast_nozero kind=kernel repeat=4 ms=0.0619888305664
SOURCE_TIME graph=source_tail method=shared_b1_fast_nozero kind=e2e repeat=0 ms=0.1220703125
SOURCE_TIME graph=source_tail method=shared_b1_fast_nozero kind=e2e repeat=1 ms=0.125169754028
SOURCE_TIME graph=source_tail method=shared_b1_fast_nozero kind=e2e repeat=2 ms=0.136137008667
SOURCE_TIME graph=source_tail method=shared_b1_fast_nozero kind=e2e repeat=3 ms=0.117063522339
SOURCE_TIME graph=source_tail method=shared_b1_fast_nozero kind=e2e repeat=4 ms=0.120878219604
SOURCE_STAGE graph=source_tail method=shared_b1_fast_nozero repeat=0 layer1_ms=0.06103515625 relu_ms=0.00214576721191 conversion_ms=0.000953674316406 layer2_ms=0.0970363616943 total_ms=0.161170959473
SOURCE_STAGE graph=source_tail method=shared_b1_fast_nozero repeat=1 layer1_ms=0.0600814819336 relu_ms=0.000953674316406 conversion_ms=0.000953674316406 layer2_ms=0.0679492950439 total_ms=0.12993812561
SOURCE_STAGE graph=source_tail method=shared_b1_fast_nozero repeat=2 layer1_ms=0.0588893890381 relu_ms=0.00214576721191 conversion_ms=0.00190734863281 layer2_ms=0.0569820404053 total_ms=0.119924545288
SOURCE_PROFILE graph=source_tail method=shared_b1_fast_nozero phase=output_zero sampled_thread_ms=0 sampled_tiles=2 profile_wall_ms=0.2760887146
SOURCE_PROFILE graph=source_tail method=shared_b1_fast_nozero phase=row_schedule sampled_thread_ms=0.000953674316406 sampled_tiles=2 profile_wall_ms=0.2760887146
SOURCE_PROFILE graph=source_tail method=shared_b1_fast_nozero phase=partial_zero sampled_thread_ms=0.00810623168945 sampled_tiles=2 profile_wall_ms=0.2760887146
SOURCE_PROFILE graph=source_tail method=shared_b1_fast_nozero phase=csr_prefetch sampled_thread_ms=0.00286102294922 sampled_tiles=2 profile_wall_ms=0.2760887146
SOURCE_PROFILE graph=source_tail method=shared_b1_fast_nozero phase=feature_gather_decode sampled_thread_ms=0.0107288360596 sampled_tiles=2 profile_wall_ms=0.2760887146
SOURCE_PROFILE graph=source_tail method=shared_b1_fast_nozero phase=fp32_neighbor_reduction sampled_thread_ms=0.023365020752 sampled_tiles=2 profile_wall_ms=0.2760887146
SOURCE_PROFILE graph=source_tail method=shared_b1_fast_nozero phase=partial_bf16_conversion sampled_thread_ms=0.0107288360596 sampled_tiles=2 profile_wall_ms=0.2760887146
SOURCE_PROFILE graph=source_tail method=shared_b1_fast_nozero phase=tile_load sampled_thread_ms=0.0309944152832 sampled_tiles=2 profile_wall_ms=0.2760887146
SOURCE_PROFILE graph=source_tail method=shared_b1_fast_nozero phase=tile_compute sampled_thread_ms=0.0481605529785 sampled_tiles=2 profile_wall_ms=0.2760887146
SOURCE_PROFILE graph=source_tail method=shared_b1_fast_nozero phase=tile_store sampled_thread_ms=0.00667572021484 sampled_tiles=2 profile_wall_ms=0.2760887146
SOURCE_PROFILE graph=source_tail method=shared_b1_fast_nozero phase=output_scatter sampled_thread_ms=0.000953674316406 sampled_tiles=2 profile_wall_ms=0.2760887146
SOURCE_PROFILE graph=source_tail method=shared_b1_fast_nozero phase=thread_amx_setup sampled_thread_ms=0.00190734863281 sampled_tiles=2 profile_wall_ms=0.2760887146
SOURCE_TIME graph=source_tail method=shared_b1_accurate_nozero kind=kernel repeat=0 ms=0.102996826172
SOURCE_TIME graph=source_tail method=shared_b1_accurate_nozero kind=kernel repeat=1 ms=0.108957290649
SOURCE_TIME graph=source_tail method=shared_b1_accurate_nozero kind=kernel repeat=2 ms=0.109910964966
SOURCE_TIME graph=source_tail method=shared_b1_accurate_nozero kind=kernel repeat=3 ms=0.102996826172
SOURCE_TIME graph=source_tail method=shared_b1_accurate_nozero kind=kernel repeat=4 ms=0.103950500488
SOURCE_TIME graph=source_tail method=shared_b1_accurate_nozero kind=e2e repeat=0 ms=0.221014022827
SOURCE_TIME graph=source_tail method=shared_b1_accurate_nozero kind=e2e repeat=1 ms=0.216007232666
SOURCE_TIME graph=source_tail method=shared_b1_accurate_nozero kind=e2e repeat=2 ms=0.211954116821
SOURCE_TIME graph=source_tail method=shared_b1_accurate_nozero kind=e2e repeat=3 ms=0.212907791138
SOURCE_TIME graph=source_tail method=shared_b1_accurate_nozero kind=e2e repeat=4 ms=0.226020812988
SOURCE_STAGE graph=source_tail method=shared_b1_accurate_nozero repeat=0 layer1_ms=0.104904174805 relu_ms=0.00214576721191 conversion_ms=0.000953674316406 layer2_ms=0.107049942017 total_ms=0.21505355835
SOURCE_STAGE graph=source_tail method=shared_b1_accurate_nozero repeat=1 layer1_ms=0.1060962677 relu_ms=0.000953674316406 conversion_ms=0.00190734863281 layer2_ms=0.110149383545 total_ms=0.219106674194
SOURCE_STAGE graph=source_tail method=shared_b1_accurate_nozero repeat=2 layer1_ms=0.104904174805 relu_ms=0.00214576721191 conversion_ms=0.000953674316406 layer2_ms=0.109910964966 total_ms=0.217914581299
SOURCE_PROFILE graph=source_tail method=shared_b1_accurate_nozero phase=output_zero sampled_thread_ms=0 sampled_tiles=2 profile_wall_ms=0.365018844604
SOURCE_PROFILE graph=source_tail method=shared_b1_accurate_nozero phase=row_schedule sampled_thread_ms=0 sampled_tiles=2 profile_wall_ms=0.365018844604
SOURCE_PROFILE graph=source_tail method=shared_b1_accurate_nozero phase=partial_zero sampled_thread_ms=0.00691413879395 sampled_tiles=2 profile_wall_ms=0.365018844604
SOURCE_PROFILE graph=source_tail method=shared_b1_accurate_nozero phase=csr_prefetch sampled_thread_ms=0.00500679016113 sampled_tiles=2 profile_wall_ms=0.365018844604
SOURCE_PROFILE graph=source_tail method=shared_b1_accurate_nozero phase=feature_gather_decode sampled_thread_ms=0.0109672546387 sampled_tiles=2 profile_wall_ms=0.365018844604
SOURCE_PROFILE graph=source_tail method=shared_b1_accurate_nozero phase=fp32_neighbor_reduction sampled_thread_ms=0.0162124633789 sampled_tiles=2 profile_wall_ms=0.365018844604
SOURCE_PROFILE graph=source_tail method=shared_b1_accurate_nozero phase=partial_bf16_conversion sampled_thread_ms=0.0109672546387 sampled_tiles=2 profile_wall_ms=0.365018844604
SOURCE_PROFILE graph=source_tail method=shared_b1_accurate_nozero phase=tile_load sampled_thread_ms=0.0522136688232 sampled_tiles=2 profile_wall_ms=0.365018844604
SOURCE_PROFILE graph=source_tail method=shared_b1_accurate_nozero phase=tile_compute sampled_thread_ms=0.0755786895752 sampled_tiles=2 profile_wall_ms=0.365018844604
SOURCE_PROFILE graph=source_tail method=shared_b1_accurate_nozero phase=tile_store sampled_thread_ms=0.00596046447754 sampled_tiles=2 profile_wall_ms=0.365018844604
SOURCE_PROFILE graph=source_tail method=shared_b1_accurate_nozero phase=output_scatter sampled_thread_ms=0.000953674316406 sampled_tiles=2 profile_wall_ms=0.365018844604
SOURCE_PROFILE graph=source_tail method=shared_b1_accurate_nozero phase=thread_amx_setup sampled_thread_ms=0 sampled_tiles=2 profile_wall_ms=0.365018844604
SOURCE_TIME graph=source_tail method=shared_b2_fast_nozero kind=kernel repeat=0 ms=0.0441074371338
SOURCE_TIME graph=source_tail method=shared_b2_fast_nozero kind=kernel repeat=1 ms=0.042200088501
SOURCE_TIME graph=source_tail method=shared_b2_fast_nozero kind=kernel repeat=2 ms=0.0460147857666
SOURCE_TIME graph=source_tail method=shared_b2_fast_nozero kind=kernel repeat=3 ms=0.0500679016113
SOURCE_TIME graph=source_tail method=shared_b2_fast_nozero kind=kernel repeat=4 ms=0.0400543212891
SOURCE_TIME graph=source_tail method=shared_b2_fast_nozero kind=e2e repeat=0 ms=0.0858306884766
SOURCE_TIME graph=source_tail method=shared_b2_fast_nozero kind=e2e repeat=1 ms=0.0820159912109
SOURCE_TIME graph=source_tail method=shared_b2_fast_nozero kind=e2e repeat=2 ms=0.0770092010498
SOURCE_TIME graph=source_tail method=shared_b2_fast_nozero kind=e2e repeat=3 ms=0.0860691070557
SOURCE_TIME graph=source_tail method=shared_b2_fast_nozero kind=e2e repeat=4 ms=0.0901222229004
SOURCE_STAGE graph=source_tail method=shared_b2_fast_nozero repeat=0 layer1_ms=0.0400543212891 relu_ms=0.000953674316406 conversion_ms=0.000953674316406 layer2_ms=0.0519752502441 total_ms=0.093936920166
SOURCE_STAGE graph=source_tail method=shared_b2_fast_nozero repeat=1 layer1_ms=0.03981590271 relu_ms=0.00214576721191 conversion_ms=0.000953674316406 layer2_ms=0.0479221343994 total_ms=0.0908374786377
SOURCE_STAGE graph=source_tail method=shared_b2_fast_nozero repeat=2 layer1_ms=0.0388622283936 relu_ms=0.00214576721191 conversion_ms=0.000953674316406 layer2_ms=0.0388622283936 total_ms=0.0808238983154
SOURCE_PROFILE graph=source_tail method=shared_b2_fast_nozero phase=output_zero sampled_thread_ms=0 sampled_tiles=2 profile_wall_ms=0.155925750732
SOURCE_PROFILE graph=source_tail method=shared_b2_fast_nozero phase=row_schedule sampled_thread_ms=0 sampled_tiles=2 profile_wall_ms=0.155925750732
SOURCE_PROFILE graph=source_tail method=shared_b2_fast_nozero phase=partial_zero sampled_thread_ms=0.000953674316406 sampled_tiles=2 profile_wall_ms=0.155925750732
SOURCE_PROFILE graph=source_tail method=shared_b2_fast_nozero phase=csr_prefetch sampled_thread_ms=0.00619888305664 sampled_tiles=2 profile_wall_ms=0.155925750732
SOURCE_PROFILE graph=source_tail method=shared_b2_fast_nozero phase=feature_gather_decode sampled_thread_ms=0.00500679016113 sampled_tiles=2 profile_wall_ms=0.155925750732
SOURCE_PROFILE graph=source_tail method=shared_b2_fast_nozero phase=fp32_neighbor_reduction sampled_thread_ms=0.0143051147461 sampled_tiles=2 profile_wall_ms=0.155925750732
SOURCE_PROFILE graph=source_tail method=shared_b2_fast_nozero phase=partial_bf16_conversion sampled_thread_ms=0.00572204589844 sampled_tiles=2 profile_wall_ms=0.155925750732
SOURCE_PROFILE graph=source_tail method=shared_b2_fast_nozero phase=tile_load sampled_thread_ms=0.0190734863281 sampled_tiles=2 profile_wall_ms=0.155925750732
SOURCE_PROFILE graph=source_tail method=shared_b2_fast_nozero phase=tile_compute sampled_thread_ms=0.0205039978027 sampled_tiles=2 profile_wall_ms=0.155925750732
SOURCE_PROFILE graph=source_tail method=shared_b2_fast_nozero phase=tile_store sampled_thread_ms=0.000953674316406 sampled_tiles=2 profile_wall_ms=0.155925750732
SOURCE_PROFILE graph=source_tail method=shared_b2_fast_nozero phase=output_scatter sampled_thread_ms=0.000953674316406 sampled_tiles=2 profile_wall_ms=0.155925750732
SOURCE_PROFILE graph=source_tail method=shared_b2_fast_nozero phase=thread_amx_setup sampled_thread_ms=0 sampled_tiles=2 profile_wall_ms=0.155925750732
SOURCE_TIME graph=source_tail method=shared_b2_accurate_nozero kind=kernel repeat=0 ms=0.0638961791992
SOURCE_TIME graph=source_tail method=shared_b2_accurate_nozero kind=kernel repeat=1 ms=0.0638961791992
SOURCE_TIME graph=source_tail method=shared_b2_accurate_nozero kind=kernel repeat=2 ms=0.0641345977783
SOURCE_TIME graph=source_tail method=shared_b2_accurate_nozero kind=kernel repeat=3 ms=0.0641345977783
SOURCE_TIME graph=source_tail method=shared_b2_accurate_nozero kind=kernel repeat=4 ms=0.0588893890381
SOURCE_TIME graph=source_tail method=shared_b2_accurate_nozero kind=e2e repeat=0 ms=0.121831893921
SOURCE_TIME graph=source_tail method=shared_b2_accurate_nozero kind=e2e repeat=1 ms=0.124931335449
SOURCE_TIME graph=source_tail method=shared_b2_accurate_nozero kind=e2e repeat=2 ms=0.121116638184
SOURCE_TIME graph=source_tail method=shared_b2_accurate_nozero kind=e2e repeat=3 ms=0.123977661133
SOURCE_TIME graph=source_tail method=shared_b2_accurate_nozero kind=e2e repeat=4 ms=0.119924545288
SOURCE_STAGE graph=source_tail method=shared_b2_accurate_nozero repeat=0 layer1_ms=0.0588893890381 relu_ms=0.00190734863281 conversion_ms=0.00119209289551 layer2_ms=0.0579357147217 total_ms=0.119924545288
SOURCE_STAGE graph=source_tail method=shared_b2_accurate_nozero repeat=1 layer1_ms=0.0591278076172 relu_ms=0.00190734863281 conversion_ms=0.000953674316406 layer2_ms=0.0581741333008 total_ms=0.120162963867
SOURCE_STAGE graph=source_tail method=shared_b2_accurate_nozero repeat=2 layer1_ms=0.0588893890381 relu_ms=0.00214576721191 conversion_ms=0.000953674316406 layer2_ms=0.0569820404053 total_ms=0.118970870972
SOURCE_PROFILE graph=source_tail method=shared_b2_accurate_nozero phase=output_zero sampled_thread_ms=0 sampled_tiles=2 profile_wall_ms=0.214099884033
SOURCE_PROFILE graph=source_tail method=shared_b2_accurate_nozero phase=row_schedule sampled_thread_ms=0 sampled_tiles=2 profile_wall_ms=0.214099884033
SOURCE_PROFILE graph=source_tail method=shared_b2_accurate_nozero phase=partial_zero sampled_thread_ms=0.00596046447754 sampled_tiles=2 profile_wall_ms=0.214099884033
SOURCE_PROFILE graph=source_tail method=shared_b2_accurate_nozero phase=csr_prefetch sampled_thread_ms=0.00500679016113 sampled_tiles=2 profile_wall_ms=0.214099884033
SOURCE_PROFILE graph=source_tail method=shared_b2_accurate_nozero phase=feature_gather_decode sampled_thread_ms=0.00572204589844 sampled_tiles=2 profile_wall_ms=0.214099884033
SOURCE_PROFILE graph=source_tail method=shared_b2_accurate_nozero phase=fp32_neighbor_reduction sampled_thread_ms=0.0209808349609 sampled_tiles=2 profile_wall_ms=0.214099884033
SOURCE_PROFILE graph=source_tail method=shared_b2_accurate_nozero phase=partial_bf16_conversion sampled_thread_ms=0.00596046447754 sampled_tiles=2 profile_wall_ms=0.214099884033
SOURCE_PROFILE graph=source_tail method=shared_b2_accurate_nozero phase=tile_load sampled_thread_ms=0.0274181365967 sampled_tiles=2 profile_wall_ms=0.214099884033
SOURCE_PROFILE graph=source_tail method=shared_b2_accurate_nozero phase=tile_compute sampled_thread_ms=0.037670135498 sampled_tiles=2 profile_wall_ms=0.214099884033
SOURCE_PROFILE graph=source_tail method=shared_b2_accurate_nozero phase=tile_store sampled_thread_ms=0.000953674316406 sampled_tiles=2 profile_wall_ms=0.214099884033
SOURCE_PROFILE graph=source_tail method=shared_b2_accurate_nozero phase=output_scatter sampled_thread_ms=0.000953674316406 sampled_tiles=2 profile_wall_ms=0.214099884033
SOURCE_PROFILE graph=source_tail method=shared_b2_accurate_nozero phase=thread_amx_setup sampled_thread_ms=0 sampled_tiles=2 profile_wall_ms=0.214099884033
SOURCE_TIME graph=source_tail method=shared_b4_fast_nozero kind=kernel repeat=0 ms=0.0290870666504
SOURCE_TIME graph=source_tail method=shared_b4_fast_nozero kind=kernel repeat=1 ms=0.0250339508057
SOURCE_TIME graph=source_tail method=shared_b4_fast_nozero kind=kernel repeat=2 ms=0.0228881835938
SOURCE_TIME graph=source_tail method=shared_b4_fast_nozero kind=kernel repeat=3 ms=0.0219345092773
SOURCE_TIME graph=source_tail method=shared_b4_fast_nozero kind=kernel repeat=4 ms=0.0300407409668
SOURCE_TIME graph=source_tail method=shared_b4_fast_nozero kind=e2e repeat=0 ms=0.0519752502441
SOURCE_TIME graph=source_tail method=shared_b4_fast_nozero kind=e2e repeat=1 ms=0.0569820404053
SOURCE_TIME graph=source_tail method=shared_b4_fast_nozero kind=e2e repeat=2 ms=0.0548362731934
SOURCE_TIME graph=source_tail method=shared_b4_fast_nozero kind=e2e repeat=3 ms=0.0510215759277
SOURCE_TIME graph=source_tail method=shared_b4_fast_nozero kind=e2e repeat=4 ms=0.0560283660889
SOURCE_STAGE graph=source_tail method=shared_b4_fast_nozero repeat=0 layer1_ms=0.0240802764893 relu_ms=0.00190734863281 conversion_ms=0.00119209289551 layer2_ms=0.0238418579102 total_ms=0.0510215759277
SOURCE_STAGE graph=source_tail method=shared_b4_fast_nozero repeat=1 layer1_ms=0.0238418579102 relu_ms=0.00214576721191 conversion_ms=0.000953674316406 layer2_ms=0.0238418579102 total_ms=0.0507831573486
SOURCE_STAGE graph=source_tail method=shared_b4_fast_nozero repeat=2 layer1_ms=0.0288486480713 relu_ms=0.000953674316406 conversion_ms=0.00214576721191 layer2_ms=0.0228881835938 total_ms=0.0548362731934
SOURCE_PROFILE graph=source_tail method=shared_b4_fast_nozero phase=output_zero sampled_thread_ms=0 sampled_tiles=2 profile_wall_ms=0.102996826172
SOURCE_PROFILE graph=source_tail method=shared_b4_fast_nozero phase=row_schedule sampled_thread_ms=0 sampled_tiles=2 profile_wall_ms=0.102996826172
SOURCE_PROFILE graph=source_tail method=shared_b4_fast_nozero phase=partial_zero sampled_thread_ms=0.00309944152832 sampled_tiles=2 profile_wall_ms=0.102996826172
SOURCE_PROFILE graph=source_tail method=shared_b4_fast_nozero phase=csr_prefetch sampled_thread_ms=0.00739097595215 sampled_tiles=2 profile_wall_ms=0.102996826172
SOURCE_PROFILE graph=source_tail method=shared_b4_fast_nozero phase=feature_gather_decode sampled_thread_ms=0.00596046447754 sampled_tiles=2 profile_wall_ms=0.102996826172
SOURCE_PROFILE graph=source_tail method=shared_b4_fast_nozero phase=fp32_neighbor_reduction sampled_thread_ms=0.00476837158203 sampled_tiles=2 profile_wall_ms=0.102996826172
SOURCE_PROFILE graph=source_tail method=shared_b4_fast_nozero phase=partial_bf16_conversion sampled_thread_ms=0.00476837158203 sampled_tiles=2 profile_wall_ms=0.102996826172
SOURCE_PROFILE graph=source_tail method=shared_b4_fast_nozero phase=tile_load sampled_thread_ms=0.00667572021484 sampled_tiles=2 profile_wall_ms=0.102996826172
SOURCE_PROFILE graph=source_tail method=shared_b4_fast_nozero phase=tile_compute sampled_thread_ms=0.011682510376 sampled_tiles=2 profile_wall_ms=0.102996826172
SOURCE_PROFILE graph=source_tail method=shared_b4_fast_nozero phase=tile_store sampled_thread_ms=0.000953674316406 sampled_tiles=2 profile_wall_ms=0.102996826172
SOURCE_PROFILE graph=source_tail method=shared_b4_fast_nozero phase=output_scatter sampled_thread_ms=0.00190734863281 sampled_tiles=2 profile_wall_ms=0.102996826172
SOURCE_PROFILE graph=source_tail method=shared_b4_fast_nozero phase=thread_amx_setup sampled_thread_ms=0 sampled_tiles=2 profile_wall_ms=0.102996826172
SOURCE_TIME graph=source_tail method=shared_b4_accurate_nozero kind=kernel repeat=0 ms=0.0319480895996
SOURCE_TIME graph=source_tail method=shared_b4_accurate_nozero kind=kernel repeat=1 ms=0.0319480895996
SOURCE_TIME graph=source_tail method=shared_b4_accurate_nozero kind=kernel repeat=2 ms=0.0369548797607
SOURCE_TIME graph=source_tail method=shared_b4_accurate_nozero kind=kernel repeat=3 ms=0.0400543212891
SOURCE_TIME graph=source_tail method=shared_b4_accurate_nozero kind=kernel repeat=4 ms=0.0360012054443
SOURCE_TIME graph=source_tail method=shared_b4_accurate_nozero kind=e2e repeat=0 ms=0.0729560852051
SOURCE_TIME graph=source_tail method=shared_b4_accurate_nozero kind=e2e repeat=1 ms=0.0710487365723
SOURCE_TIME graph=source_tail method=shared_b4_accurate_nozero kind=e2e repeat=2 ms=0.0708103179932
SOURCE_TIME graph=source_tail method=shared_b4_accurate_nozero kind=e2e repeat=3 ms=0.0801086425781
SOURCE_TIME graph=source_tail method=shared_b4_accurate_nozero kind=e2e repeat=4 ms=0.0729560852051
SOURCE_STAGE graph=source_tail method=shared_b4_accurate_nozero repeat=0 layer1_ms=0.0338554382324 relu_ms=0.00214576721191 conversion_ms=0.000953674316406 layer2_ms=0.032901763916 total_ms=0.0698566436768
SOURCE_STAGE graph=source_tail method=shared_b4_accurate_nozero repeat=1 layer1_ms=0.0381469726562 relu_ms=0.00190734863281 conversion_ms=0.000953674316406 layer2_ms=0.0331401824951 total_ms=0.0741481781006
SOURCE_STAGE graph=source_tail method=shared_b4_accurate_nozero repeat=2 layer1_ms=0.0350475311279 relu_ms=0.000953674316406 conversion_ms=0.00119209289551 layer2_ms=0.032901763916 total_ms=0.0700950622559
SOURCE_PROFILE graph=source_tail method=shared_b4_accurate_nozero phase=output_zero sampled_thread_ms=0 sampled_tiles=2 profile_wall_ms=0.131130218506
SOURCE_PROFILE graph=source_tail method=shared_b4_accurate_nozero phase=row_schedule sampled_thread_ms=0 sampled_tiles=2 profile_wall_ms=0.131130218506
SOURCE_PROFILE graph=source_tail method=shared_b4_accurate_nozero phase=partial_zero sampled_thread_ms=0.00286102294922 sampled_tiles=2 profile_wall_ms=0.131130218506
SOURCE_PROFILE graph=source_tail method=shared_b4_accurate_nozero phase=csr_prefetch sampled_thread_ms=0.00572204589844 sampled_tiles=2 profile_wall_ms=0.131130218506
SOURCE_PROFILE graph=source_tail method=shared_b4_accurate_nozero phase=feature_gather_decode sampled_thread_ms=0.00929832458496 sampled_tiles=2 profile_wall_ms=0.131130218506
SOURCE_PROFILE graph=source_tail method=shared_b4_accurate_nozero phase=fp32_neighbor_reduction sampled_thread_ms=0.00929832458496 sampled_tiles=2 profile_wall_ms=0.131130218506
SOURCE_PROFILE graph=source_tail method=shared_b4_accurate_nozero phase=partial_bf16_conversion sampled_thread_ms=0.00619888305664 sampled_tiles=2 profile_wall_ms=0.131130218506
SOURCE_PROFILE graph=source_tail method=shared_b4_accurate_nozero phase=tile_load sampled_thread_ms=0.0100135803223 sampled_tiles=2 profile_wall_ms=0.131130218506
SOURCE_PROFILE graph=source_tail method=shared_b4_accurate_nozero phase=tile_compute sampled_thread_ms=0.0159740447998 sampled_tiles=2 profile_wall_ms=0.131130218506
SOURCE_PROFILE graph=source_tail method=shared_b4_accurate_nozero phase=tile_store sampled_thread_ms=0.000953674316406 sampled_tiles=2 profile_wall_ms=0.131130218506
SOURCE_PROFILE graph=source_tail method=shared_b4_accurate_nozero phase=output_scatter sampled_thread_ms=0.000953674316406 sampled_tiles=2 profile_wall_ms=0.131130218506
SOURCE_PROFILE graph=source_tail method=shared_b4_accurate_nozero phase=thread_amx_setup sampled_thread_ms=0 sampled_tiles=2 profile_wall_ms=0.131130218506
SOURCE_TIME graph=source_tail method=shared_b8_fast_nozero kind=kernel repeat=0 ms=0.014066696167
SOURCE_TIME graph=source_tail method=shared_b8_fast_nozero kind=kernel repeat=1 ms=0.0147819519043
SOURCE_TIME graph=source_tail method=shared_b8_fast_nozero kind=kernel repeat=2 ms=0.0138282775879
SOURCE_TIME graph=source_tail method=shared_b8_fast_nozero kind=kernel repeat=3 ms=0.0138282775879
SOURCE_TIME graph=source_tail method=shared_b8_fast_nozero kind=kernel repeat=4 ms=0.0178813934326
SOURCE_TIME graph=source_tail method=shared_b8_fast_nozero kind=e2e repeat=0 ms=0.0350475311279
SOURCE_TIME graph=source_tail method=shared_b8_fast_nozero kind=e2e repeat=1 ms=0.0348091125488
SOURCE_TIME graph=source_tail method=shared_b8_fast_nozero kind=e2e repeat=2 ms=0.0410079956055
SOURCE_TIME graph=source_tail method=shared_b8_fast_nozero kind=e2e repeat=3 ms=0.0450611114502
SOURCE_TIME graph=source_tail method=shared_b8_fast_nozero kind=e2e repeat=4 ms=0.0360012054443
SOURCE_STAGE graph=source_tail method=shared_b8_fast_nozero repeat=0 layer1_ms=0.0159740447998 relu_ms=0.00190734863281 conversion_ms=0.00119209289551 layer2_ms=0.0169277191162 total_ms=0.0360012054443
SOURCE_STAGE graph=source_tail method=shared_b8_fast_nozero repeat=1 layer1_ms=0.0171661376953 relu_ms=0.000953674316406 conversion_ms=0.000953674316406 layer2_ms=0.0209808349609 total_ms=0.0400543212891
SOURCE_STAGE graph=source_tail method=shared_b8_fast_nozero repeat=2 layer1_ms=0.0171661376953 relu_ms=0.00190734863281 conversion_ms=0.000953674316406 layer2_ms=0.0181198120117 total_ms=0.0381469726562
SOURCE_PROFILE graph=source_tail method=shared_b8_fast_nozero phase=output_zero sampled_thread_ms=0 sampled_tiles=2 profile_wall_ms=0.0760555267334
SOURCE_PROFILE graph=source_tail method=shared_b8_fast_nozero phase=row_schedule sampled_thread_ms=0 sampled_tiles=2 profile_wall_ms=0.0760555267334
SOURCE_PROFILE graph=source_tail method=shared_b8_fast_nozero phase=partial_zero sampled_thread_ms=0.00333786010742 sampled_tiles=2 profile_wall_ms=0.0760555267334
SOURCE_PROFILE graph=source_tail method=shared_b8_fast_nozero phase=csr_prefetch sampled_thread_ms=0.00834465026855 sampled_tiles=2 profile_wall_ms=0.0760555267334
SOURCE_PROFILE graph=source_tail method=shared_b8_fast_nozero phase=feature_gather_decode sampled_thread_ms=0.00500679016113 sampled_tiles=2 profile_wall_ms=0.0760555267334
SOURCE_PROFILE graph=source_tail method=shared_b8_fast_nozero phase=fp32_neighbor_reduction sampled_thread_ms=0.00762939453125 sampled_tiles=2 profile_wall_ms=0.0760555267334
SOURCE_PROFILE graph=source_tail method=shared_b8_fast_nozero phase=partial_bf16_conversion sampled_thread_ms=0 sampled_tiles=2 profile_wall_ms=0.0760555267334
SOURCE_PROFILE graph=source_tail method=shared_b8_fast_nozero phase=tile_load sampled_thread_ms=0.00190734863281 sampled_tiles=2 profile_wall_ms=0.0760555267334
SOURCE_PROFILE graph=source_tail method=shared_b8_fast_nozero phase=tile_compute sampled_thread_ms=0.00715255737305 sampled_tiles=2 profile_wall_ms=0.0760555267334
SOURCE_PROFILE graph=source_tail method=shared_b8_fast_nozero phase=tile_store sampled_thread_ms=0.000953674316406 sampled_tiles=2 profile_wall_ms=0.0760555267334
SOURCE_PROFILE graph=source_tail method=shared_b8_fast_nozero phase=output_scatter sampled_thread_ms=0.000953674316406 sampled_tiles=2 profile_wall_ms=0.0760555267334
SOURCE_PROFILE graph=source_tail method=shared_b8_fast_nozero phase=thread_amx_setup sampled_thread_ms=0 sampled_tiles=2 profile_wall_ms=0.0760555267334
SOURCE_TIME graph=source_tail method=shared_b8_accurate_nozero kind=kernel repeat=0 ms=0.0221729278564
SOURCE_TIME graph=source_tail method=shared_b8_accurate_nozero kind=kernel repeat=1 ms=0.0209808349609
SOURCE_TIME graph=source_tail method=shared_b8_accurate_nozero kind=kernel repeat=2 ms=0.0250339508057
SOURCE_TIME graph=source_tail method=shared_b8_accurate_nozero kind=kernel repeat=3 ms=0.0190734863281
SOURCE_TIME graph=source_tail method=shared_b8_accurate_nozero kind=kernel repeat=4 ms=0.0190734863281
SOURCE_TIME graph=source_tail method=shared_b8_accurate_nozero kind=e2e repeat=0 ms=0.0510215759277
SOURCE_TIME graph=source_tail method=shared_b8_accurate_nozero kind=e2e repeat=1 ms=0.0441074371338
SOURCE_TIME graph=source_tail method=shared_b8_accurate_nozero kind=e2e repeat=2 ms=0.0510215759277
SOURCE_TIME graph=source_tail method=shared_b8_accurate_nozero kind=e2e repeat=3 ms=0.0498294830322
SOURCE_TIME graph=source_tail method=shared_b8_accurate_nozero kind=e2e repeat=4 ms=0.0510215759277
SOURCE_STAGE graph=source_tail method=shared_b8_accurate_nozero repeat=0 layer1_ms=0.0219345092773 relu_ms=0.00214576721191 conversion_ms=0.000953674316406 layer2_ms=0.0269412994385 total_ms=0.0519752502441
SOURCE_STAGE graph=source_tail method=shared_b8_accurate_nozero repeat=1 layer1_ms=0.0290870666504 relu_ms=0.00190734863281 conversion_ms=0.00119209289551 layer2_ms=0.0228881835938 total_ms=0.0550746917725
SOURCE_STAGE graph=source_tail method=shared_b8_accurate_nozero repeat=2 layer1_ms=0.0209808349609 relu_ms=0.00190734863281 conversion_ms=0.00190734863281 layer2_ms=0.0200271606445 total_ms=0.0448226928711
SOURCE_PROFILE graph=source_tail method=shared_b8_accurate_nozero phase=output_zero sampled_thread_ms=0 sampled_tiles=2 profile_wall_ms=0.0932216644287
SOURCE_PROFILE graph=source_tail method=shared_b8_accurate_nozero phase=row_schedule sampled_thread_ms=0 sampled_tiles=2 profile_wall_ms=0.0932216644287
SOURCE_PROFILE graph=source_tail method=shared_b8_accurate_nozero phase=partial_zero sampled_thread_ms=0.00286102294922 sampled_tiles=2 profile_wall_ms=0.0932216644287
SOURCE_PROFILE graph=source_tail method=shared_b8_accurate_nozero phase=csr_prefetch sampled_thread_ms=0.00786781311035 sampled_tiles=2 profile_wall_ms=0.0932216644287
SOURCE_PROFILE graph=source_tail method=shared_b8_accurate_nozero phase=feature_gather_decode sampled_thread_ms=0.0121593475342 sampled_tiles=2 profile_wall_ms=0.0932216644287
SOURCE_PROFILE graph=source_tail method=shared_b8_accurate_nozero phase=fp32_neighbor_reduction sampled_thread_ms=0.00286102294922 sampled_tiles=2 profile_wall_ms=0.0932216644287
SOURCE_PROFILE graph=source_tail method=shared_b8_accurate_nozero phase=partial_bf16_conversion sampled_thread_ms=0.00190734863281 sampled_tiles=2 profile_wall_ms=0.0932216644287
SOURCE_PROFILE graph=source_tail method=shared_b8_accurate_nozero phase=tile_load sampled_thread_ms=0.00619888305664 sampled_tiles=2 profile_wall_ms=0.0932216644287
SOURCE_PROFILE graph=source_tail method=shared_b8_accurate_nozero phase=tile_compute sampled_thread_ms=0.0109672546387 sampled_tiles=2 profile_wall_ms=0.0932216644287
SOURCE_PROFILE graph=source_tail method=shared_b8_accurate_nozero phase=tile_store sampled_thread_ms=0.000953674316406 sampled_tiles=2 profile_wall_ms=0.0932216644287
SOURCE_PROFILE graph=source_tail method=shared_b8_accurate_nozero phase=output_scatter sampled_thread_ms=0.00214576721191 sampled_tiles=2 profile_wall_ms=0.0932216644287
SOURCE_PROFILE graph=source_tail method=shared_b8_accurate_nozero phase=thread_amx_setup sampled_thread_ms=0 sampled_tiles=2 profile_wall_ms=0.0932216644287
SOURCE_TIME graph=source_tail method=shared_b16_fast_nozero kind=kernel repeat=0 ms=0.0138282775879
SOURCE_TIME graph=source_tail method=shared_b16_fast_nozero kind=kernel repeat=1 ms=0.0169277191162
SOURCE_TIME graph=source_tail method=shared_b16_fast_nozero kind=kernel repeat=2 ms=0.0109672546387
SOURCE_TIME graph=source_tail method=shared_b16_fast_nozero kind=kernel repeat=3 ms=0.0109672546387
SOURCE_TIME graph=source_tail method=shared_b16_fast_nozero kind=kernel repeat=4 ms=0.0100135803223
SOURCE_TIME graph=source_tail method=shared_b16_fast_nozero kind=e2e repeat=0 ms=0.0269412994385
SOURCE_TIME graph=source_tail method=shared_b16_fast_nozero kind=e2e repeat=1 ms=0.0278949737549
SOURCE_TIME graph=source_tail method=shared_b16_fast_nozero kind=e2e repeat=2 ms=0.0331401824951
SOURCE_TIME graph=source_tail method=shared_b16_fast_nozero kind=e2e repeat=3 ms=0.0338554382324
SOURCE_TIME graph=source_tail method=shared_b16_fast_nozero kind=e2e repeat=4 ms=0.0278949737549
SOURCE_STAGE graph=source_tail method=shared_b16_fast_nozero repeat=0 layer1_ms=0.0131130218506 relu_ms=0.00190734863281 conversion_ms=0.00119209289551 layer2_ms=0.0109672546387 total_ms=0.0271797180176
SOURCE_STAGE graph=source_tail method=shared_b16_fast_nozero repeat=1 layer1_ms=0.014066696167 relu_ms=0.000953674316406 conversion_ms=0.00190734863281 layer2_ms=0.0109672546387 total_ms=0.0278949737549
SOURCE_STAGE graph=source_tail method=shared_b16_fast_nozero repeat=2 layer1_ms=0.0128746032715 relu_ms=0.000953674316406 conversion_ms=0.00119209289551 layer2_ms=0.0150203704834 total_ms=0.0300407409668
SOURCE_PROFILE graph=source_tail method=shared_b16_fast_nozero phase=output_zero sampled_thread_ms=0 sampled_tiles=2 profile_wall_ms=0.0679492950439
SOURCE_PROFILE graph=source_tail method=shared_b16_fast_nozero phase=row_schedule sampled_thread_ms=0 sampled_tiles=2 profile_wall_ms=0.0679492950439
SOURCE_PROFILE graph=source_tail method=shared_b16_fast_nozero phase=partial_zero sampled_thread_ms=0.000953674316406 sampled_tiles=2 profile_wall_ms=0.0679492950439
SOURCE_PROFILE graph=source_tail method=shared_b16_fast_nozero phase=csr_prefetch sampled_thread_ms=0.00476837158203 sampled_tiles=2 profile_wall_ms=0.0679492950439
SOURCE_PROFILE graph=source_tail method=shared_b16_fast_nozero phase=feature_gather_decode sampled_thread_ms=0.00905990600586 sampled_tiles=2 profile_wall_ms=0.0679492950439
SOURCE_PROFILE graph=source_tail method=shared_b16_fast_nozero phase=fp32_neighbor_reduction sampled_thread_ms=0.0128746032715 sampled_tiles=2 profile_wall_ms=0.0679492950439
SOURCE_PROFILE graph=source_tail method=shared_b16_fast_nozero phase=partial_bf16_conversion sampled_thread_ms=0.000953674316406 sampled_tiles=2 profile_wall_ms=0.0679492950439
SOURCE_PROFILE graph=source_tail method=shared_b16_fast_nozero phase=tile_load sampled_thread_ms=0.00190734863281 sampled_tiles=2 profile_wall_ms=0.0679492950439
SOURCE_PROFILE graph=source_tail method=shared_b16_fast_nozero phase=tile_compute sampled_thread_ms=0.00500679016113 sampled_tiles=2 profile_wall_ms=0.0679492950439
SOURCE_PROFILE graph=source_tail method=shared_b16_fast_nozero phase=tile_store sampled_thread_ms=0 sampled_tiles=2 profile_wall_ms=0.0679492950439
SOURCE_PROFILE graph=source_tail method=shared_b16_fast_nozero phase=output_scatter sampled_thread_ms=0.000953674316406 sampled_tiles=2 profile_wall_ms=0.0679492950439
SOURCE_PROFILE graph=source_tail method=shared_b16_fast_nozero phase=thread_amx_setup sampled_thread_ms=0 sampled_tiles=2 profile_wall_ms=0.0679492950439
SOURCE_TIME graph=source_tail method=shared_b16_accurate_nozero kind=kernel repeat=0 ms=0.014066696167
SOURCE_TIME graph=source_tail method=shared_b16_accurate_nozero kind=kernel repeat=1 ms=0.0131130218506
SOURCE_TIME graph=source_tail method=shared_b16_accurate_nozero kind=kernel repeat=2 ms=0.014066696167
SOURCE_TIME graph=source_tail method=shared_b16_accurate_nozero kind=kernel repeat=3 ms=0.0131130218506
SOURCE_TIME graph=source_tail method=shared_b16_accurate_nozero kind=kernel repeat=4 ms=0.014066696167
SOURCE_TIME graph=source_tail method=shared_b16_accurate_nozero kind=e2e repeat=0 ms=0.0340938568115
SOURCE_TIME graph=source_tail method=shared_b16_accurate_nozero kind=e2e repeat=1 ms=0.0391006469727
SOURCE_TIME graph=source_tail method=shared_b16_accurate_nozero kind=e2e repeat=2 ms=0.0371932983398
SOURCE_TIME graph=source_tail method=shared_b16_accurate_nozero kind=e2e repeat=3 ms=0.0340938568115
SOURCE_TIME graph=source_tail method=shared_b16_accurate_nozero kind=e2e repeat=4 ms=0.0340938568115
SOURCE_STAGE graph=source_tail method=shared_b16_accurate_nozero repeat=0 layer1_ms=0.0171661376953 relu_ms=0.000953674316406 conversion_ms=0.00190734863281 layer2_ms=0.0181198120117 total_ms=0.0381469726562
SOURCE_STAGE graph=source_tail method=shared_b16_accurate_nozero repeat=1 layer1_ms=0.0159740447998 relu_ms=0.000953674316406 conversion_ms=0.00214576721191 layer2_ms=0.0169277191162 total_ms=0.0360012054443
SOURCE_STAGE graph=source_tail method=shared_b16_accurate_nozero repeat=2 layer1_ms=0.0159740447998 relu_ms=0.00119209289551 conversion_ms=0.000953674316406 layer2_ms=0.0150203704834 total_ms=0.0331401824951
SOURCE_PROFILE graph=source_tail method=shared_b16_accurate_nozero phase=output_zero sampled_thread_ms=0 sampled_tiles=2 profile_wall_ms=0.0760555267334
SOURCE_PROFILE graph=source_tail method=shared_b16_accurate_nozero phase=row_schedule sampled_thread_ms=0 sampled_tiles=2 profile_wall_ms=0.0760555267334
SOURCE_PROFILE graph=source_tail method=shared_b16_accurate_nozero phase=partial_zero sampled_thread_ms=0.00214576721191 sampled_tiles=2 profile_wall_ms=0.0760555267334
SOURCE_PROFILE graph=source_tail method=shared_b16_accurate_nozero phase=csr_prefetch sampled_thread_ms=0.00286102294922 sampled_tiles=2 profile_wall_ms=0.0760555267334
SOURCE_PROFILE graph=source_tail method=shared_b16_accurate_nozero phase=feature_gather_decode sampled_thread_ms=0.0169277191162 sampled_tiles=2 profile_wall_ms=0.0760555267334
SOURCE_PROFILE graph=source_tail method=shared_b16_accurate_nozero phase=fp32_neighbor_reduction sampled_thread_ms=0.00500679016113 sampled_tiles=2 profile_wall_ms=0.0760555267334
SOURCE_PROFILE graph=source_tail method=shared_b16_accurate_nozero phase=partial_bf16_conversion sampled_thread_ms=0.000953674316406 sampled_tiles=2 profile_wall_ms=0.0760555267334
SOURCE_PROFILE graph=source_tail method=shared_b16_accurate_nozero phase=tile_load sampled_thread_ms=0.00286102294922 sampled_tiles=2 profile_wall_ms=0.0760555267334
SOURCE_PROFILE graph=source_tail method=shared_b16_accurate_nozero phase=tile_compute sampled_thread_ms=0.00309944152832 sampled_tiles=2 profile_wall_ms=0.0760555267334
SOURCE_PROFILE graph=source_tail method=shared_b16_accurate_nozero phase=tile_store sampled_thread_ms=0 sampled_tiles=2 profile_wall_ms=0.0760555267334
SOURCE_PROFILE graph=source_tail method=shared_b16_accurate_nozero phase=output_scatter sampled_thread_ms=0 sampled_tiles=2 profile_wall_ms=0.0760555267334
SOURCE_PROFILE graph=source_tail method=shared_b16_accurate_nozero phase=thread_amx_setup sampled_thread_ms=0 sampled_tiles=2 profile_wall_ms=0.0760555267334
SOURCE_TIME graph=source_tail method=shared_b32_fast_nozero kind=kernel repeat=0 ms=0.0119209289551
SOURCE_TIME graph=source_tail method=shared_b32_fast_nozero kind=kernel repeat=1 ms=0.00905990600586
SOURCE_TIME graph=source_tail method=shared_b32_fast_nozero kind=kernel repeat=2 ms=0.0100135803223
SOURCE_TIME graph=source_tail method=shared_b32_fast_nozero kind=kernel repeat=3 ms=0.00905990600586
SOURCE_TIME graph=source_tail method=shared_b32_fast_nozero kind=kernel repeat=4 ms=0.00905990600586
SOURCE_TIME graph=source_tail method=shared_b32_fast_nozero kind=e2e repeat=0 ms=0.0309944152832
SOURCE_TIME graph=source_tail method=shared_b32_fast_nozero kind=e2e repeat=1 ms=0.028133392334
SOURCE_TIME graph=source_tail method=shared_b32_fast_nozero kind=e2e repeat=2 ms=0.0259876251221
SOURCE_TIME graph=source_tail method=shared_b32_fast_nozero kind=e2e repeat=3 ms=0.0319480895996
SOURCE_TIME graph=source_tail method=shared_b32_fast_nozero kind=e2e repeat=4 ms=0.0250339508057
SOURCE_STAGE graph=source_tail method=shared_b32_fast_nozero repeat=0 layer1_ms=0.0121593475342 relu_ms=0.00190734863281 conversion_ms=0.000953674316406 layer2_ms=0.0100135803223 total_ms=0.0250339508057
SOURCE_STAGE graph=source_tail method=shared_b32_fast_nozero repeat=1 layer1_ms=0.0128746032715 relu_ms=0.000953674316406 conversion_ms=0.000953674316406 layer2_ms=0.0112056732178 total_ms=0.0259876251221
SOURCE_STAGE graph=source_tail method=shared_b32_fast_nozero repeat=2 layer1_ms=0.0119209289551 relu_ms=0.000953674316406 conversion_ms=0.00214576721191 layer2_ms=0.0100135803223 total_ms=0.0250339508057
SOURCE_PROFILE graph=source_tail method=shared_b32_fast_nozero phase=output_zero sampled_thread_ms=0 sampled_tiles=2 profile_wall_ms=0.0648498535156
SOURCE_PROFILE graph=source_tail method=shared_b32_fast_nozero phase=row_schedule sampled_thread_ms=0 sampled_tiles=2 profile_wall_ms=0.0648498535156
SOURCE_PROFILE graph=source_tail method=shared_b32_fast_nozero phase=partial_zero sampled_thread_ms=0.00309944152832 sampled_tiles=2 profile_wall_ms=0.0648498535156
SOURCE_PROFILE graph=source_tail method=shared_b32_fast_nozero phase=csr_prefetch sampled_thread_ms=0.00381469726562 sampled_tiles=2 profile_wall_ms=0.0648498535156
SOURCE_PROFILE graph=source_tail method=shared_b32_fast_nozero phase=feature_gather_decode sampled_thread_ms=0.0100135803223 sampled_tiles=2 profile_wall_ms=0.0648498535156
SOURCE_PROFILE graph=source_tail method=shared_b32_fast_nozero phase=fp32_neighbor_reduction sampled_thread_ms=0.00500679016113 sampled_tiles=2 profile_wall_ms=0.0648498535156
SOURCE_PROFILE graph=source_tail method=shared_b32_fast_nozero phase=partial_bf16_conversion sampled_thread_ms=0.000953674316406 sampled_tiles=2 profile_wall_ms=0.0648498535156
SOURCE_PROFILE graph=source_tail method=shared_b32_fast_nozero phase=tile_load sampled_thread_ms=0.000953674316406 sampled_tiles=2 profile_wall_ms=0.0648498535156
SOURCE_PROFILE graph=source_tail method=shared_b32_fast_nozero phase=tile_compute sampled_thread_ms=0.00500679016113 sampled_tiles=2 profile_wall_ms=0.0648498535156
SOURCE_PROFILE graph=source_tail method=shared_b32_fast_nozero phase=tile_store sampled_thread_ms=0 sampled_tiles=2 profile_wall_ms=0.0648498535156
SOURCE_PROFILE graph=source_tail method=shared_b32_fast_nozero phase=output_scatter sampled_thread_ms=0.000953674316406 sampled_tiles=2 profile_wall_ms=0.0648498535156
SOURCE_PROFILE graph=source_tail method=shared_b32_fast_nozero phase=thread_amx_setup sampled_thread_ms=0.00286102294922 sampled_tiles=2 profile_wall_ms=0.0648498535156
SOURCE_TIME graph=source_tail method=shared_b32_accurate_nozero kind=kernel repeat=0 ms=0.014066696167
SOURCE_TIME graph=source_tail method=shared_b32_accurate_nozero kind=kernel repeat=1 ms=0.014066696167
SOURCE_TIME graph=source_tail method=shared_b32_accurate_nozero kind=kernel repeat=2 ms=0.0109672546387
SOURCE_TIME graph=source_tail method=shared_b32_accurate_nozero kind=kernel repeat=3 ms=0.0119209289551
SOURCE_TIME graph=source_tail method=shared_b32_accurate_nozero kind=kernel repeat=4 ms=0.0109672546387
SOURCE_TIME graph=source_tail method=shared_b32_accurate_nozero kind=e2e repeat=0 ms=0.0300407409668
SOURCE_TIME graph=source_tail method=shared_b32_accurate_nozero kind=e2e repeat=1 ms=0.0338554382324
SOURCE_TIME graph=source_tail method=shared_b32_accurate_nozero kind=e2e repeat=2 ms=0.0319480895996
SOURCE_TIME graph=source_tail method=shared_b32_accurate_nozero kind=e2e repeat=3 ms=0.0278949737549
SOURCE_TIME graph=source_tail method=shared_b32_accurate_nozero kind=e2e repeat=4 ms=0.0348091125488
SOURCE_STAGE graph=source_tail method=shared_b32_accurate_nozero repeat=0 layer1_ms=0.0128746032715 relu_ms=0.00214576721191 conversion_ms=0.000953674316406 layer2_ms=0.014066696167 total_ms=0.0300407409668
SOURCE_STAGE graph=source_tail method=shared_b32_accurate_nozero repeat=1 layer1_ms=0.0131130218506 relu_ms=0.00190734863281 conversion_ms=0.000953674316406 layer2_ms=0.0119209289551 total_ms=0.0278949737549
SOURCE_STAGE graph=source_tail method=shared_b32_accurate_nozero repeat=2 layer1_ms=0.0138282775879 relu_ms=0.00119209289551 conversion_ms=0.00190734863281 layer2_ms=0.0159740447998 total_ms=0.032901763916
SOURCE_PROFILE graph=source_tail method=shared_b32_accurate_nozero phase=output_zero sampled_thread_ms=0 sampled_tiles=2 profile_wall_ms=0.0691413879395
SOURCE_PROFILE graph=source_tail method=shared_b32_accurate_nozero phase=row_schedule sampled_thread_ms=0 sampled_tiles=2 profile_wall_ms=0.0691413879395
SOURCE_PROFILE graph=source_tail method=shared_b32_accurate_nozero phase=partial_zero sampled_thread_ms=0.00190734863281 sampled_tiles=2 profile_wall_ms=0.0691413879395
SOURCE_PROFILE graph=source_tail method=shared_b32_accurate_nozero phase=csr_prefetch sampled_thread_ms=0.00691413879395 sampled_tiles=2 profile_wall_ms=0.0691413879395
SOURCE_PROFILE graph=source_tail method=shared_b32_accurate_nozero phase=feature_gather_decode sampled_thread_ms=0.00786781311035 sampled_tiles=2 profile_wall_ms=0.0691413879395
SOURCE_PROFILE graph=source_tail method=shared_b32_accurate_nozero phase=fp32_neighbor_reduction sampled_thread_ms=0.00691413879395 sampled_tiles=2 profile_wall_ms=0.0691413879395
SOURCE_PROFILE graph=source_tail method=shared_b32_accurate_nozero phase=partial_bf16_conversion sampled_thread_ms=0.00309944152832 sampled_tiles=2 profile_wall_ms=0.0691413879395
SOURCE_PROFILE graph=source_tail method=shared_b32_accurate_nozero phase=tile_load sampled_thread_ms=0.00309944152832 sampled_tiles=2 profile_wall_ms=0.0691413879395
SOURCE_PROFILE graph=source_tail method=shared_b32_accurate_nozero phase=tile_compute sampled_thread_ms=0.00286102294922 sampled_tiles=2 profile_wall_ms=0.0691413879395
SOURCE_PROFILE graph=source_tail method=shared_b32_accurate_nozero phase=tile_store sampled_thread_ms=0 sampled_tiles=2 profile_wall_ms=0.0691413879395
SOURCE_PROFILE graph=source_tail method=shared_b32_accurate_nozero phase=output_scatter sampled_thread_ms=0 sampled_tiles=2 profile_wall_ms=0.0691413879395
SOURCE_PROFILE graph=source_tail method=shared_b32_accurate_nozero phase=thread_amx_setup sampled_thread_ms=0.00238418579102 sampled_tiles=2 profile_wall_ms=0.0691413879395
SOURCE_TIME graph=source_tail method=shared_b64_fast_nozero kind=kernel repeat=0 ms=0.00691413879395
SOURCE_TIME graph=source_tail method=shared_b64_fast_nozero kind=kernel repeat=1 ms=0.0150203704834
SOURCE_TIME graph=source_tail method=shared_b64_fast_nozero kind=kernel repeat=2 ms=0.0100135803223
SOURCE_TIME graph=source_tail method=shared_b64_fast_nozero kind=kernel repeat=3 ms=0.00786781311035
SOURCE_TIME graph=source_tail method=shared_b64_fast_nozero kind=kernel repeat=4 ms=0.00715255737305
SOURCE_TIME graph=source_tail method=shared_b64_fast_nozero kind=e2e repeat=0 ms=0.0209808349609
SOURCE_TIME graph=source_tail method=shared_b64_fast_nozero kind=e2e repeat=1 ms=0.02121925354
SOURCE_TIME graph=source_tail method=shared_b64_fast_nozero kind=e2e repeat=2 ms=0.0209808349609
SOURCE_TIME graph=source_tail method=shared_b64_fast_nozero kind=e2e repeat=3 ms=0.0209808349609
SOURCE_TIME graph=source_tail method=shared_b64_fast_nozero kind=e2e repeat=4 ms=0.0209808349609
SOURCE_STAGE graph=source_tail method=shared_b64_fast_nozero repeat=0 layer1_ms=0.0100135803223 relu_ms=0.000953674316406 conversion_ms=0.000953674316406 layer2_ms=0.0100135803223 total_ms=0.0219345092773
SOURCE_STAGE graph=source_tail method=shared_b64_fast_nozero repeat=1 layer1_ms=0.00905990600586 relu_ms=0.00190734863281 conversion_ms=0.00119209289551 layer2_ms=0.0109672546387 total_ms=0.0231266021729
SOURCE_STAGE graph=source_tail method=shared_b64_fast_nozero repeat=2 layer1_ms=0.0100135803223 relu_ms=0.000953674316406 conversion_ms=0.00214576721191 layer2_ms=0.0109672546387 total_ms=0.0240802764893
SOURCE_PROFILE graph=source_tail method=shared_b64_fast_nozero phase=output_zero sampled_thread_ms=0 sampled_tiles=2 profile_wall_ms=0.053882598877
SOURCE_PROFILE graph=source_tail method=shared_b64_fast_nozero phase=row_schedule sampled_thread_ms=0.000953674316406 sampled_tiles=2 profile_wall_ms=0.053882598877
SOURCE_PROFILE graph=source_tail method=shared_b64_fast_nozero phase=partial_zero sampled_thread_ms=0 sampled_tiles=2 profile_wall_ms=0.053882598877
SOURCE_PROFILE graph=source_tail method=shared_b64_fast_nozero phase=csr_prefetch sampled_thread_ms=0.0102519989014 sampled_tiles=2 profile_wall_ms=0.053882598877
SOURCE_PROFILE graph=source_tail method=shared_b64_fast_nozero phase=feature_gather_decode sampled_thread_ms=0.00405311584473 sampled_tiles=2 profile_wall_ms=0.053882598877
SOURCE_PROFILE graph=source_tail method=shared_b64_fast_nozero phase=fp32_neighbor_reduction sampled_thread_ms=0.00572204589844 sampled_tiles=2 profile_wall_ms=0.053882598877
SOURCE_PROFILE graph=source_tail method=shared_b64_fast_nozero phase=partial_bf16_conversion sampled_thread_ms=0 sampled_tiles=2 profile_wall_ms=0.053882598877
SOURCE_PROFILE graph=source_tail method=shared_b64_fast_nozero phase=tile_load sampled_thread_ms=0.000953674316406 sampled_tiles=2 profile_wall_ms=0.053882598877
SOURCE_PROFILE graph=source_tail method=shared_b64_fast_nozero phase=tile_compute sampled_thread_ms=0.00286102294922 sampled_tiles=2 profile_wall_ms=0.053882598877
SOURCE_PROFILE graph=source_tail method=shared_b64_fast_nozero phase=tile_store sampled_thread_ms=0 sampled_tiles=2 profile_wall_ms=0.053882598877
SOURCE_PROFILE graph=source_tail method=shared_b64_fast_nozero phase=output_scatter sampled_thread_ms=0.00119209289551 sampled_tiles=2 profile_wall_ms=0.053882598877
SOURCE_PROFILE graph=source_tail method=shared_b64_fast_nozero phase=thread_amx_setup sampled_thread_ms=0 sampled_tiles=2 profile_wall_ms=0.053882598877
SOURCE_TIME graph=source_tail method=shared_b64_accurate_nozero kind=kernel repeat=0 ms=0.00882148742676
SOURCE_TIME graph=source_tail method=shared_b64_accurate_nozero kind=kernel repeat=1 ms=0.0150203704834
SOURCE_TIME graph=source_tail method=shared_b64_accurate_nozero kind=kernel repeat=2 ms=0.0128746032715
SOURCE_TIME graph=source_tail method=shared_b64_accurate_nozero kind=kernel repeat=3 ms=0.0228881835938
SOURCE_TIME graph=source_tail method=shared_b64_accurate_nozero kind=kernel repeat=4 ms=0.0138282775879
SOURCE_TIME graph=source_tail method=shared_b64_accurate_nozero kind=e2e repeat=0 ms=0.0290870666504
SOURCE_TIME graph=source_tail method=shared_b64_accurate_nozero kind=e2e repeat=1 ms=0.0269412994385
SOURCE_TIME graph=source_tail method=shared_b64_accurate_nozero kind=e2e repeat=2 ms=0.0238418579102
SOURCE_TIME graph=source_tail method=shared_b64_accurate_nozero kind=e2e repeat=3 ms=0.0259876251221
SOURCE_TIME graph=source_tail method=shared_b64_accurate_nozero kind=e2e repeat=4 ms=0.0391006469727
SOURCE_STAGE graph=source_tail method=shared_b64_accurate_nozero repeat=0 layer1_ms=0.0131130218506 relu_ms=0.00190734863281 conversion_ms=0.000953674316406 layer2_ms=0.0181198120117 total_ms=0.0340938568115
SOURCE_STAGE graph=source_tail method=shared_b64_accurate_nozero repeat=1 layer1_ms=0.0131130218506 relu_ms=0.00190734863281 conversion_ms=0.000953674316406 layer2_ms=0.0121593475342 total_ms=0.028133392334
SOURCE_STAGE graph=source_tail method=shared_b64_accurate_nozero repeat=2 layer1_ms=0.0119209289551 relu_ms=0.00214576721191 conversion_ms=0.000953674316406 layer2_ms=0.0100135803223 total_ms=0.0250339508057
SOURCE_PROFILE graph=source_tail method=shared_b64_accurate_nozero phase=output_zero sampled_thread_ms=0 sampled_tiles=2 profile_wall_ms=0.0629425048828
SOURCE_PROFILE graph=source_tail method=shared_b64_accurate_nozero phase=row_schedule sampled_thread_ms=0 sampled_tiles=2 profile_wall_ms=0.0629425048828
SOURCE_PROFILE graph=source_tail method=shared_b64_accurate_nozero phase=partial_zero sampled_thread_ms=0.000953674316406 sampled_tiles=2 profile_wall_ms=0.0629425048828
SOURCE_PROFILE graph=source_tail method=shared_b64_accurate_nozero phase=csr_prefetch sampled_thread_ms=0.00715255737305 sampled_tiles=2 profile_wall_ms=0.0629425048828
SOURCE_PROFILE graph=source_tail method=shared_b64_accurate_nozero phase=feature_gather_decode sampled_thread_ms=0.00524520874023 sampled_tiles=2 profile_wall_ms=0.0629425048828
SOURCE_PROFILE graph=source_tail method=shared_b64_accurate_nozero phase=fp32_neighbor_reduction sampled_thread_ms=0.00786781311035 sampled_tiles=2 profile_wall_ms=0.0629425048828
SOURCE_PROFILE graph=source_tail method=shared_b64_accurate_nozero phase=partial_bf16_conversion sampled_thread_ms=0.000953674316406 sampled_tiles=2 profile_wall_ms=0.0629425048828
SOURCE_PROFILE graph=source_tail method=shared_b64_accurate_nozero phase=tile_load sampled_thread_ms=0.00119209289551 sampled_tiles=2 profile_wall_ms=0.0629425048828
SOURCE_PROFILE graph=source_tail method=shared_b64_accurate_nozero phase=tile_compute sampled_thread_ms=0.00190734863281 sampled_tiles=2 profile_wall_ms=0.0629425048828
SOURCE_PROFILE graph=source_tail method=shared_b64_accurate_nozero phase=tile_store sampled_thread_ms=0 sampled_tiles=2 profile_wall_ms=0.0629425048828
SOURCE_PROFILE graph=source_tail method=shared_b64_accurate_nozero phase=output_scatter sampled_thread_ms=0.00190734863281 sampled_tiles=2 profile_wall_ms=0.0629425048828
SOURCE_PROFILE graph=source_tail method=shared_b64_accurate_nozero phase=thread_amx_setup sampled_thread_ms=0 sampled_tiles=2 profile_wall_ms=0.0629425048828
SOURCE_TIME graph=source_tail method=shared_bfull_fast_nozero kind=kernel repeat=0 ms=0.014066696167
SOURCE_TIME graph=source_tail method=shared_bfull_fast_nozero kind=kernel repeat=1 ms=0.00810623168945
SOURCE_TIME graph=source_tail method=shared_bfull_fast_nozero kind=kernel repeat=2 ms=0.0100135803223
SOURCE_TIME graph=source_tail method=shared_bfull_fast_nozero kind=kernel repeat=3 ms=0.0109672546387
SOURCE_TIME graph=source_tail method=shared_bfull_fast_nozero kind=kernel repeat=4 ms=0.00715255737305
SOURCE_TIME graph=source_tail method=shared_bfull_fast_nozero kind=e2e repeat=0 ms=0.0209808349609
SOURCE_TIME graph=source_tail method=shared_bfull_fast_nozero kind=e2e repeat=1 ms=0.0209808349609
SOURCE_TIME graph=source_tail method=shared_bfull_fast_nozero kind=e2e repeat=2 ms=0.0209808349609
SOURCE_TIME graph=source_tail method=shared_bfull_fast_nozero kind=e2e repeat=3 ms=0.0231266021729
SOURCE_TIME graph=source_tail method=shared_bfull_fast_nozero kind=e2e repeat=4 ms=0.0240802764893
SOURCE_STAGE graph=source_tail method=shared_bfull_fast_nozero repeat=0 layer1_ms=0.00905990600586 relu_ms=0.00190734863281 conversion_ms=0.000953674316406 layer2_ms=0.00810623168945 total_ms=0.0200271606445
SOURCE_STAGE graph=source_tail method=shared_bfull_fast_nozero repeat=1 layer1_ms=0.0100135803223 relu_ms=0.000953674316406 conversion_ms=0.00119209289551 layer2_ms=0.0109672546387 total_ms=0.0231266021729
SOURCE_STAGE graph=source_tail method=shared_bfull_fast_nozero repeat=2 layer1_ms=0.0100135803223 relu_ms=0.000953674316406 conversion_ms=0.00214576721191 layer2_ms=0.0247955322266 total_ms=0.0379085540771
SOURCE_PROFILE graph=source_tail method=shared_bfull_fast_nozero phase=output_zero sampled_thread_ms=0 sampled_tiles=2 profile_wall_ms=0.0569820404053
SOURCE_PROFILE graph=source_tail method=shared_bfull_fast_nozero phase=row_schedule sampled_thread_ms=0 sampled_tiles=2 profile_wall_ms=0.0569820404053
SOURCE_PROFILE graph=source_tail method=shared_bfull_fast_nozero phase=partial_zero sampled_thread_ms=0.000953674316406 sampled_tiles=2 profile_wall_ms=0.0569820404053
SOURCE_PROFILE graph=source_tail method=shared_bfull_fast_nozero phase=csr_prefetch sampled_thread_ms=0.00667572021484 sampled_tiles=2 profile_wall_ms=0.0569820404053
SOURCE_PROFILE graph=source_tail method=shared_bfull_fast_nozero phase=feature_gather_decode sampled_thread_ms=0.00572204589844 sampled_tiles=2 profile_wall_ms=0.0569820404053
SOURCE_PROFILE graph=source_tail method=shared_bfull_fast_nozero phase=fp32_neighbor_reduction sampled_thread_ms=0.00739097595215 sampled_tiles=2 profile_wall_ms=0.0569820404053
SOURCE_PROFILE graph=source_tail method=shared_bfull_fast_nozero phase=partial_bf16_conversion sampled_thread_ms=0 sampled_tiles=2 profile_wall_ms=0.0569820404053
SOURCE_PROFILE graph=source_tail method=shared_bfull_fast_nozero phase=tile_load sampled_thread_ms=0.000953674316406 sampled_tiles=2 profile_wall_ms=0.0569820404053
SOURCE_PROFILE graph=source_tail method=shared_bfull_fast_nozero phase=tile_compute sampled_thread_ms=0.000953674316406 sampled_tiles=2 profile_wall_ms=0.0569820404053
SOURCE_PROFILE graph=source_tail method=shared_bfull_fast_nozero phase=tile_store sampled_thread_ms=0 sampled_tiles=2 profile_wall_ms=0.0569820404053
SOURCE_PROFILE graph=source_tail method=shared_bfull_fast_nozero phase=output_scatter sampled_thread_ms=0 sampled_tiles=2 profile_wall_ms=0.0569820404053
SOURCE_PROFILE graph=source_tail method=shared_bfull_fast_nozero phase=thread_amx_setup sampled_thread_ms=0 sampled_tiles=2 profile_wall_ms=0.0569820404053
SOURCE_TIME graph=source_tail method=shared_bfull_accurate_nozero kind=kernel repeat=0 ms=0.00905990600586
SOURCE_TIME graph=source_tail method=shared_bfull_accurate_nozero kind=kernel repeat=1 ms=0.00882148742676
SOURCE_TIME graph=source_tail method=shared_bfull_accurate_nozero kind=kernel repeat=2 ms=0.0159740447998
SOURCE_TIME graph=source_tail method=shared_bfull_accurate_nozero kind=kernel repeat=3 ms=0.0109672546387
SOURCE_TIME graph=source_tail method=shared_bfull_accurate_nozero kind=kernel repeat=4 ms=0.00905990600586
SOURCE_TIME graph=source_tail method=shared_bfull_accurate_nozero kind=e2e repeat=0 ms=0.0231266021729
SOURCE_TIME graph=source_tail method=shared_bfull_accurate_nozero kind=e2e repeat=1 ms=0.0331401824951
SOURCE_TIME graph=source_tail method=shared_bfull_accurate_nozero kind=e2e repeat=2 ms=0.0228881835938
SOURCE_TIME graph=source_tail method=shared_bfull_accurate_nozero kind=e2e repeat=3 ms=0.0278949737549
SOURCE_TIME graph=source_tail method=shared_bfull_accurate_nozero kind=e2e repeat=4 ms=0.0400543212891
SOURCE_STAGE graph=source_tail method=shared_bfull_accurate_nozero repeat=0 layer1_ms=0.0100135803223 relu_ms=0.00190734863281 conversion_ms=0.000953674316406 layer2_ms=0.0121593475342 total_ms=0.0250339508057
SOURCE_STAGE graph=source_tail method=shared_bfull_accurate_nozero repeat=1 layer1_ms=0.0150203704834 relu_ms=0.00190734863281 conversion_ms=0.000953674316406 layer2_ms=0.00905990600586 total_ms=0.0269412994385
SOURCE_STAGE graph=source_tail method=shared_bfull_accurate_nozero repeat=2 layer1_ms=0.0112056732178 relu_ms=0.000953674316406 conversion_ms=0.00190734863281 layer2_ms=0.00905990600586 total_ms=0.0231266021729
SOURCE_PROFILE graph=source_tail method=shared_bfull_accurate_nozero phase=output_zero sampled_thread_ms=0 sampled_tiles=2 profile_wall_ms=0.0579357147217
SOURCE_PROFILE graph=source_tail method=shared_bfull_accurate_nozero phase=row_schedule sampled_thread_ms=0 sampled_tiles=2 profile_wall_ms=0.0579357147217
SOURCE_PROFILE graph=source_tail method=shared_bfull_accurate_nozero phase=partial_zero sampled_thread_ms=0.00214576721191 sampled_tiles=2 profile_wall_ms=0.0579357147217
SOURCE_PROFILE graph=source_tail method=shared_bfull_accurate_nozero phase=csr_prefetch sampled_thread_ms=0.00834465026855 sampled_tiles=2 profile_wall_ms=0.0579357147217
SOURCE_PROFILE graph=source_tail method=shared_bfull_accurate_nozero phase=feature_gather_decode sampled_thread_ms=0.00810623168945 sampled_tiles=2 profile_wall_ms=0.0579357147217
SOURCE_PROFILE graph=source_tail method=shared_bfull_accurate_nozero phase=fp32_neighbor_reduction sampled_thread_ms=0.00572204589844 sampled_tiles=2 profile_wall_ms=0.0579357147217
SOURCE_PROFILE graph=source_tail method=shared_bfull_accurate_nozero phase=partial_bf16_conversion sampled_thread_ms=0 sampled_tiles=2 profile_wall_ms=0.0579357147217
SOURCE_PROFILE graph=source_tail method=shared_bfull_accurate_nozero phase=tile_load sampled_thread_ms=0.00286102294922 sampled_tiles=2 profile_wall_ms=0.0579357147217
SOURCE_PROFILE graph=source_tail method=shared_bfull_accurate_nozero phase=tile_compute sampled_thread_ms=0.00524520874023 sampled_tiles=2 profile_wall_ms=0.0579357147217
SOURCE_PROFILE graph=source_tail method=shared_bfull_accurate_nozero phase=tile_store sampled_thread_ms=0 sampled_tiles=2 profile_wall_ms=0.0579357147217
SOURCE_PROFILE graph=source_tail method=shared_bfull_accurate_nozero phase=output_scatter sampled_thread_ms=0.000953674316406 sampled_tiles=2 profile_wall_ms=0.0579357147217
SOURCE_PROFILE graph=source_tail method=shared_bfull_accurate_nozero phase=thread_amx_setup sampled_thread_ms=0 sampled_tiles=2 profile_wall_ms=0.0579357147217
SOURCE_COMPLETE graph=source_tail pass=1 max_rss_kib=26812
