GCN E2E Inference Benchmark (2-layer, K=128)
TFS V3 (BF16 AMX) vs MKL (FP32 two-step)
Threads: 32

Loading: /home/huangjianqiang_group/hdacp1/data/yx/TFS/data/soc-LiveJournal1/soc-LiveJournal1.csrbin
Matrix: soc-LiveJournal1  N=4847571  NNZ=68993773  avg_deg=14.2

=== TFS V3 (BF16 AMX Fusion) ===
  run 0: 594.27 ms
  run 1: 596.84 ms
  run 2: 599.47 ms
  run 3: 598.31 ms
  run 4: 794.12 ms
  TFS V3 E2E BEST: 594.27 ms

=== MKL FP32 Two-Step ===
  run 0: 680.31 ms
  run 1: 680.59 ms
  run 2: 680.34 ms
  run 3: 679.70 ms
  run 4: 680.36 ms
  MKL E2E BEST: 679.70 ms

=== E2E Summary ===
  TFS V3:  594.27 ms
  MKL:     679.70 ms
  Speedup: 1.14×

=== Precision Analysis ===
Layer 1 (after ReLU):
  TFS_BF16 vs MKL_FP32: max_rel_err=0.003739  RMSE=5.365903e-02  max|diff|=8.730347e+00
Layer 2 (final output):
  TFS_BF16 vs MKL_FP32: max_rel_err=0.010477  RMSE=4.746844e+01  max|diff|=4.807000e+04

First 8 output values:
  TFS: -1141.5358 -5977.8696 -4698.8813 -2085.1309 -153.0764 186.0052 -3180.5735 -4738.6758 
  MKL: -1152.3163 -6034.8618 -4747.9893 -2104.2339 -159.9024 190.5238 -3217.0579 -4786.0205 
SOURCE_CONFIG graph=soc-LiveJournal1 N=4847571 E=68993773 D=128 F=128 R=64 TR=16 repeats=5 warmups=1 mkl_max_threads=32 mkl_dynamic=1 policy=default_no_numactl
SOURCE_INPUT graph=soc-LiveJournal1 H0=9224847098984137746 W1=7515093975424777444 W2=521590717466722379
SOURCE_CORRECT graph=soc-LiveJournal1 method=original_nozero boundary=kernel reference=source_original_tfs max_abs=0 mean_abs=0 relative_l2=0 normalized_max=0 pass=1
SOURCE_CORRECT graph=soc-LiveJournal1 method=original_nozero boundary=e2e reference=source_original_tfs max_abs=0 mean_abs=0 relative_l2=0 normalized_max=0 pass=1
SOURCE_CORRECT graph=soc-LiveJournal1 method=original_nozero boundary=e2e reference=source_mkl_fp32 max_abs=48070 mean_abs=10.4046010939 relative_l2=0.0100054010812 normalized_max=0.0104767749928 pass=1
SOURCE_CORRECT graph=soc-LiveJournal1 method=shared_b2_fast_nozero boundary=kernel reference=source_original_tfs max_abs=4.95227050781 mean_abs=0.0180216921684 relative_l2=0.00234119919687 normalized_max=0.00212841014388 pass=1
SOURCE_CORRECT graph=soc-LiveJournal1 method=shared_b2_fast_nozero boundary=e2e reference=source_original_tfs max_abs=12993 mean_abs=3.24198422604 relative_l2=0.0030667341203 normalized_max=0.0028617845924 pass=1
SOURCE_CORRECT graph=soc-LiveJournal1 method=shared_b2_fast_nozero boundary=e2e reference=source_mkl_fp32 max_abs=61063 mean_abs=13.374905284 relative_l2=0.0129175558727 normalized_max=0.0133085773119 pass=1
SOURCE_CORRECT graph=soc-LiveJournal1 method=shared_b2_accurate_nozero boundary=kernel reference=source_original_tfs max_abs=0.0191650390625 mean_abs=1.88811626895e-06 relative_l2=5.59475736384e-07 normalized_max=8.23684075501e-06 pass=1
SOURCE_CORRECT graph=soc-LiveJournal1 method=shared_b2_accurate_nozero boundary=e2e reference=source_original_tfs max_abs=174 mean_abs=0.00441354226054 relative_l2=7.60358215865e-06 normalized_max=3.83245223641e-05 pass=1
SOURCE_CORRECT graph=soc-LiveJournal1 method=shared_b2_accurate_nozero boundary=e2e reference=source_mkl_fp32 max_abs=48189 mean_abs=10.4046586987 relative_l2=0.0100058626678 normalized_max=0.010502710841 pass=1
SOURCE_CORRECT graph=soc-LiveJournal1 method=shared_b4_fast_nozero boundary=kernel reference=source_original_tfs max_abs=5.53344726562 mean_abs=0.0224053115351 relative_l2=0.00292769661415 normalized_max=0.00237819102818 pass=1
SOURCE_CORRECT graph=soc-LiveJournal1 method=shared_b4_fast_nozero boundary=e2e reference=source_original_tfs max_abs=20628 mean_abs=4.77417353611 relative_l2=0.00458763963452 normalized_max=0.00454343820303 pass=1
SOURCE_CORRECT graph=soc-LiveJournal1 method=shared_b4_fast_nozero boundary=e2e reference=source_mkl_fp32 max_abs=68698 mean_abs=14.936404114 relative_l2=0.0144420412497 normalized_max=0.0149726126161 pass=1
SOURCE_CORRECT graph=soc-LiveJournal1 method=shared_b4_accurate_nozero boundary=kernel reference=source_original_tfs max_abs=0.015625 mean_abs=1.69562190065e-06 relative_l2=4.8387299978e-07 normalized_max=6.71538609325e-06 pass=1
SOURCE_CORRECT graph=soc-LiveJournal1 method=shared_b4_accurate_nozero boundary=e2e reference=source_original_tfs max_abs=39.25 mean_abs=0.00420151942702 relative_l2=7.21502288172e-06 normalized_max=8.64504311949e-06 pass=1
SOURCE_CORRECT graph=soc-LiveJournal1 method=shared_b4_accurate_nozero boundary=e2e reference=source_mkl_fp32 max_abs=48092.5 mean_abs=10.4046758169 relative_l2=0.010005607967 normalized_max=0.0104816788296 pass=1
SOURCE_CORRECT graph=soc-LiveJournal1 method=shared_b8_fast_nozero boundary=kernel reference=source_original_tfs max_abs=6.41796875 mean_abs=0.0236970636212 relative_l2=0.00310693662114 normalized_max=0.0027583448378 pass=1
SOURCE_CORRECT graph=soc-LiveJournal1 method=shared_b8_fast_nozero boundary=e2e reference=source_original_tfs max_abs=23832 mean_abs=5.44946227528 relative_l2=0.0052718104828 normalized_max=0.00524913802863 pass=1
SOURCE_CORRECT graph=soc-LiveJournal1 method=shared_b8_fast_nozero boundary=e2e reference=source_mkl_fp32 max_abs=71902 mean_abs=15.612913079 relative_l2=0.0151213916023 normalized_max=0.0156709189834 pass=1
SOURCE_CORRECT graph=soc-LiveJournal1 method=shared_b8_accurate_nozero boundary=kernel reference=source_original_tfs max_abs=0.0143432617188 mean_abs=2.63716016217e-06 relative_l2=7.05428420466e-07 normalized_max=6.16451457779e-06 pass=1
SOURCE_CORRECT graph=soc-LiveJournal1 method=shared_b8_accurate_nozero boundary=e2e reference=source_original_tfs max_abs=31.75 mean_abs=0.00571930680102 relative_l2=7.59106729856e-06 normalized_max=6.99312405207e-06 pass=1
SOURCE_CORRECT graph=soc-LiveJournal1 method=shared_b8_accurate_nozero boundary=e2e reference=source_mkl_fp32 max_abs=48058 mean_abs=10.4048385826 relative_l2=0.0100056295033 normalized_max=0.0104741596131 pass=1
SOURCE_CORRECT graph=soc-LiveJournal1 method=shared_b16_fast_nozero boundary=kernel reference=source_original_tfs max_abs=7.5146484375 mean_abs=0.0243214125626 relative_l2=0.00320363985244 normalized_max=0.00322968099922 pass=1
SOURCE_CORRECT graph=soc-LiveJournal1 method=shared_b16_fast_nozero boundary=e2e reference=source_original_tfs max_abs=25036 mean_abs=5.7353791992 relative_l2=0.00555811611081 normalized_max=0.00551432610292 pass=1
SOURCE_CORRECT graph=soc-LiveJournal1 method=shared_b16_fast_nozero boundary=e2e reference=source_mkl_fp32 max_abs=73106 mean_abs=15.8812826117 relative_l2=0.0153971204608 normalized_max=0.0159333287419 pass=1
SOURCE_CORRECT graph=soc-LiveJournal1 method=shared_b16_accurate_nozero boundary=kernel reference=source_original_tfs max_abs=0.0146484375 mean_abs=8.4330261422e-06 relative_l2=1.72908339088e-06 normalized_max=6.29567446243e-06 pass=1
SOURCE_CORRECT graph=soc-LiveJournal1 method=shared_b16_accurate_nozero boundary=e2e reference=source_original_tfs max_abs=35.5 mean_abs=0.0125423951968 relative_l2=1.11195702114e-05 normalized_max=7.81908358578e-06 pass=1
SOURCE_CORRECT graph=soc-LiveJournal1 method=shared_b16_accurate_nozero boundary=e2e reference=source_mkl_fp32 max_abs=48075.5 mean_abs=10.405481104 relative_l2=0.0100064908602 normalized_max=0.0104779737085 pass=1
SOURCE_CORRECT graph=soc-LiveJournal1 method=shared_b32_fast_nozero boundary=kernel reference=source_original_tfs max_abs=6.26721191406 mean_abs=0.0244318302082 relative_l2=0.00322094198921 normalized_max=0.00269355185479 pass=1
SOURCE_CORRECT graph=soc-LiveJournal1 method=shared_b32_fast_nozero boundary=e2e reference=source_original_tfs max_abs=25098 mean_abs=5.84203365507 relative_l2=0.00565587478659 normalized_max=0.00552798196721 pass=1
SOURCE_CORRECT graph=soc-LiveJournal1 method=shared_b32_fast_nozero boundary=e2e reference=source_mkl_fp32 max_abs=73168 mean_abs=15.9630169328 relative_l2=0.0154826263945 normalized_max=0.0159468415368 pass=1
SOURCE_CORRECT graph=soc-LiveJournal1 method=shared_b32_accurate_nozero boundary=kernel reference=source_original_tfs max_abs=0.018310546875 mean_abs=1.48483526766e-05 relative_l2=3.06607587526e-06 normalized_max=7.86959307803e-06 pass=1
SOURCE_CORRECT graph=soc-LiveJournal1 method=shared_b32_accurate_nozero boundary=e2e reference=source_original_tfs max_abs=35.5 mean_abs=0.021001229059 relative_l2=1.71448757506e-05 normalized_max=7.81908358578e-06 pass=1
SOURCE_CORRECT graph=soc-LiveJournal1 method=shared_b32_accurate_nozero boundary=e2e reference=source_mkl_fp32 max_abs=48078 mean_abs=10.4072928335 relative_l2=0.0100083835371 normalized_max=0.0104785185792 pass=1
SOURCE_CORRECT graph=soc-LiveJournal1 method=shared_b64_fast_nozero boundary=kernel reference=source_original_tfs max_abs=6.44287109375 mean_abs=0.0244987727338 relative_l2=0.00323585575574 normalized_max=0.00276904748439 pass=1
SOURCE_CORRECT graph=soc-LiveJournal1 method=shared_b64_fast_nozero boundary=e2e reference=source_original_tfs max_abs=25650 mean_abs=5.91146481266 relative_l2=0.00571259040755 normalized_max=0.00564956321057 pass=1
SOURCE_CORRECT graph=soc-LiveJournal1 method=shared_b64_fast_nozero boundary=e2e reference=source_mkl_fp32 max_abs=73720 mean_abs=16.0061909588 relative_l2=0.0155184455295 normalized_max=0.0160671490008 pass=1
SOURCE_CORRECT graph=soc-LiveJournal1 method=shared_b64_accurate_nozero boundary=kernel reference=source_original_tfs max_abs=0.019775390625 mean_abs=1.92471797808e-05 relative_l2=4.29442241239e-06 normalized_max=8.49916052427e-06 pass=1
SOURCE_CORRECT graph=soc-LiveJournal1 method=shared_b64_accurate_nozero boundary=e2e reference=source_original_tfs max_abs=53.5 mean_abs=0.0281621811556 relative_l2=2.33989743552e-05 normalized_max=1.17836893476e-05 pass=1
SOURCE_CORRECT graph=soc-LiveJournal1 method=shared_b64_accurate_nozero boundary=e2e reference=source_mkl_fp32 max_abs=48106 mean_abs=10.4097853065 relative_l2=0.0100118400688 normalized_max=0.0104846211317 pass=1
SOURCE_CORRECT graph=soc-LiveJournal1 method=shared_bfull_fast_nozero boundary=kernel reference=source_original_tfs max_abs=7.9365234375 mean_abs=0.0245026906471 relative_l2=0.00323954448119 normalized_max=0.00341099642374 pass=1
SOURCE_CORRECT graph=soc-LiveJournal1 method=shared_bfull_fast_nozero boundary=e2e reference=source_original_tfs max_abs=23714.5 mean_abs=5.98659947406 relative_l2=0.00588794429307 normalized_max=0.00522325796324 pass=1
SOURCE_CORRECT graph=soc-LiveJournal1 method=shared_bfull_fast_nozero boundary=e2e reference=source_mkl_fp32 max_abs=68653.5 mean_abs=16.0399730604 relative_l2=0.0155837432802 normalized_max=0.0149629139165 pass=1
SOURCE_CORRECT graph=soc-LiveJournal1 method=shared_bfull_accurate_nozero boundary=kernel reference=source_original_tfs max_abs=0.0235595703125 mean_abs=2.12894958322e-05 relative_l2=5.2152487564e-06 normalized_max=1.01255430937e-05 pass=1
SOURCE_CORRECT graph=soc-LiveJournal1 method=shared_bfull_accurate_nozero boundary=e2e reference=source_original_tfs max_abs=65.75 mean_abs=0.0337082991272 relative_l2=2.77753994732e-05 normalized_max=1.44818238244e-05 pass=1
SOURCE_CORRECT graph=soc-LiveJournal1 method=shared_bfull_accurate_nozero boundary=e2e reference=source_mkl_fp32 max_abs=48118 mean_abs=10.4119801491 relative_l2=0.0100159298286 normalized_max=0.0104872365114 pass=1
SOURCE_TIME graph=soc-LiveJournal1 method=source_mkl_fp32 kind=kernel repeat=0 ms=465.847969055
SOURCE_TIME graph=soc-LiveJournal1 method=source_mkl_fp32 kind=kernel repeat=1 ms=467.41604805
SOURCE_TIME graph=soc-LiveJournal1 method=source_mkl_fp32 kind=kernel repeat=2 ms=465.507030487
SOURCE_TIME graph=soc-LiveJournal1 method=source_mkl_fp32 kind=kernel repeat=3 ms=465.740919113
SOURCE_TIME graph=soc-LiveJournal1 method=source_mkl_fp32 kind=kernel repeat=4 ms=467.485904694
SOURCE_TIME graph=soc-LiveJournal1 method=source_original_tfs kind=kernel repeat=0 ms=353.603839874
SOURCE_TIME graph=soc-LiveJournal1 method=source_original_tfs kind=kernel repeat=1 ms=354.793071747
SOURCE_TIME graph=soc-LiveJournal1 method=source_original_tfs kind=kernel repeat=2 ms=354.609966278
SOURCE_TIME graph=soc-LiveJournal1 method=source_original_tfs kind=kernel repeat=3 ms=351.135015488
SOURCE_TIME graph=soc-LiveJournal1 method=source_original_tfs kind=kernel repeat=4 ms=349.259853363
SOURCE_TIME graph=soc-LiveJournal1 method=original_nozero kind=kernel repeat=0 ms=196.779966354
SOURCE_TIME graph=soc-LiveJournal1 method=original_nozero kind=kernel repeat=1 ms=196.478128433
SOURCE_TIME graph=soc-LiveJournal1 method=original_nozero kind=kernel repeat=2 ms=189.295053482
SOURCE_TIME graph=soc-LiveJournal1 method=original_nozero kind=kernel repeat=3 ms=195.968866348
SOURCE_TIME graph=soc-LiveJournal1 method=original_nozero kind=kernel repeat=4 ms=196.652889252
SOURCE_TIME graph=soc-LiveJournal1 method=original_nozero kind=e2e repeat=0 ms=439.585924149
SOURCE_TIME graph=soc-LiveJournal1 method=original_nozero kind=e2e repeat=1 ms=441.337108612
SOURCE_TIME graph=soc-LiveJournal1 method=original_nozero kind=e2e repeat=2 ms=428.099155426
SOURCE_TIME graph=soc-LiveJournal1 method=original_nozero kind=e2e repeat=3 ms=432.167053223
SOURCE_TIME graph=soc-LiveJournal1 method=original_nozero kind=e2e repeat=4 ms=439.514875412
SOURCE_STAGE graph=soc-LiveJournal1 method=original_nozero repeat=0 layer1_ms=196.269989014 relu_ms=91.5060043335 conversion_ms=33.4379673004 layer2_ms=120.974063873 total_ms=442.188024521
SOURCE_STAGE graph=soc-LiveJournal1 method=original_nozero repeat=1 layer1_ms=189.730167389 relu_ms=91.8350219727 conversion_ms=33.3409309387 layer2_ms=121.803045273 total_ms=436.709165573
SOURCE_STAGE graph=soc-LiveJournal1 method=original_nozero repeat=2 layer1_ms=193.738937378 relu_ms=91.521024704 conversion_ms=33.6430072784 layer2_ms=120.954990387 total_ms=439.857959747
SOURCE_TIME graph=soc-LiveJournal1 method=shared_b2_fast_nozero kind=kernel repeat=0 ms=295.490026474
SOURCE_TIME graph=soc-LiveJournal1 method=shared_b2_fast_nozero kind=kernel repeat=1 ms=291.110038757
SOURCE_TIME graph=soc-LiveJournal1 method=shared_b2_fast_nozero kind=kernel repeat=2 ms=288.334131241
SOURCE_TIME graph=soc-LiveJournal1 method=shared_b2_fast_nozero kind=kernel repeat=3 ms=287.401914597
SOURCE_TIME graph=soc-LiveJournal1 method=shared_b2_fast_nozero kind=kernel repeat=4 ms=284.521102905
SOURCE_TIME graph=soc-LiveJournal1 method=shared_b2_fast_nozero kind=e2e repeat=0 ms=583.976984024
SOURCE_TIME graph=soc-LiveJournal1 method=shared_b2_fast_nozero kind=e2e repeat=1 ms=602.055072784
SOURCE_TIME graph=soc-LiveJournal1 method=shared_b2_fast_nozero kind=e2e repeat=2 ms=589.275836945
SOURCE_TIME graph=soc-LiveJournal1 method=shared_b2_fast_nozero kind=e2e repeat=3 ms=589.632034302
SOURCE_TIME graph=soc-LiveJournal1 method=shared_b2_fast_nozero kind=e2e repeat=4 ms=599.70998764
SOURCE_STAGE graph=soc-LiveJournal1 method=shared_b2_fast_nozero repeat=0 layer1_ms=293.739795685 relu_ms=91.5679931641 conversion_ms=33.9150428772 layer2_ms=186.367034912 total_ms=605.589866638
SOURCE_STAGE graph=soc-LiveJournal1 method=shared_b2_fast_nozero repeat=1 layer1_ms=283.554077148 relu_ms=91.7820930481 conversion_ms=34.0278148651 layer2_ms=172.331094742 total_ms=581.695079803
SOURCE_STAGE graph=soc-LiveJournal1 method=shared_b2_fast_nozero repeat=2 layer1_ms=283.773899078 relu_ms=92.2501087189 conversion_ms=33.8079929352 layer2_ms=174.715042114 total_ms=584.547042847
SOURCE_PROFILE graph=soc-LiveJournal1 method=shared_b2_fast_nozero phase=output_zero sampled_thread_ms=0 sampled_tiles=1185 profile_wall_ms=324.155092239
SOURCE_PROFILE graph=soc-LiveJournal1 method=shared_b2_fast_nozero phase=row_schedule sampled_thread_ms=0.915765762329 sampled_tiles=1185 profile_wall_ms=324.155092239
SOURCE_PROFILE graph=soc-LiveJournal1 method=shared_b2_fast_nozero phase=partial_zero sampled_thread_ms=3.21340560913 sampled_tiles=1185 profile_wall_ms=324.155092239
SOURCE_PROFILE graph=soc-LiveJournal1 method=shared_b2_fast_nozero phase=csr_prefetch sampled_thread_ms=13.867855072 sampled_tiles=1185 profile_wall_ms=324.155092239
SOURCE_PROFILE graph=soc-LiveJournal1 method=shared_b2_fast_nozero phase=feature_gather_decode sampled_thread_ms=40.44008255 sampled_tiles=1185 profile_wall_ms=324.155092239
SOURCE_PROFILE graph=soc-LiveJournal1 method=shared_b2_fast_nozero phase=fp32_neighbor_reduction sampled_thread_ms=15.6478881836 sampled_tiles=1185 profile_wall_ms=324.155092239
SOURCE_PROFILE graph=soc-LiveJournal1 method=shared_b2_fast_nozero phase=partial_bf16_conversion sampled_thread_ms=2.80833244324 sampled_tiles=1185 profile_wall_ms=324.155092239
SOURCE_PROFILE graph=soc-LiveJournal1 method=shared_b2_fast_nozero phase=tile_load sampled_thread_ms=15.4285430908 sampled_tiles=1185 profile_wall_ms=324.155092239
SOURCE_PROFILE graph=soc-LiveJournal1 method=shared_b2_fast_nozero phase=tile_compute sampled_thread_ms=26.4360904694 sampled_tiles=1185 profile_wall_ms=324.155092239
SOURCE_PROFILE graph=soc-LiveJournal1 method=shared_b2_fast_nozero phase=tile_store sampled_thread_ms=2.02584266663 sampled_tiles=1185 profile_wall_ms=324.155092239
SOURCE_PROFILE graph=soc-LiveJournal1 method=shared_b2_fast_nozero phase=output_scatter sampled_thread_ms=5.06186485291 sampled_tiles=1185 profile_wall_ms=324.155092239
SOURCE_PROFILE graph=soc-LiveJournal1 method=shared_b2_fast_nozero phase=thread_amx_setup sampled_thread_ms=0.0228881835938 sampled_tiles=1185 profile_wall_ms=324.155092239
SOURCE_TIME graph=soc-LiveJournal1 method=shared_b2_accurate_nozero kind=kernel repeat=0 ms=309.75985527
SOURCE_TIME graph=soc-LiveJournal1 method=shared_b2_accurate_nozero kind=kernel repeat=1 ms=322.131872177
SOURCE_TIME graph=soc-LiveJournal1 method=shared_b2_accurate_nozero kind=kernel repeat=2 ms=328.78613472
SOURCE_TIME graph=soc-LiveJournal1 method=shared_b2_accurate_nozero kind=kernel repeat=3 ms=312.772989273
SOURCE_TIME graph=soc-LiveJournal1 method=shared_b2_accurate_nozero kind=kernel repeat=4 ms=325.481891632
SOURCE_TIME graph=soc-LiveJournal1 method=shared_b2_accurate_nozero kind=e2e repeat=0 ms=672.727823257
SOURCE_TIME graph=soc-LiveJournal1 method=shared_b2_accurate_nozero kind=e2e repeat=1 ms=669.257164001
SOURCE_TIME graph=soc-LiveJournal1 method=shared_b2_accurate_nozero kind=e2e repeat=2 ms=636.913061142
SOURCE_TIME graph=soc-LiveJournal1 method=shared_b2_accurate_nozero kind=e2e repeat=3 ms=659.89613533
SOURCE_TIME graph=soc-LiveJournal1 method=shared_b2_accurate_nozero kind=e2e repeat=4 ms=659.65795517
SOURCE_STAGE graph=soc-LiveJournal1 method=shared_b2_accurate_nozero repeat=0 layer1_ms=323.662042618 relu_ms=91.402053833 conversion_ms=33.9460372925 layer2_ms=200.226068497 total_ms=649.23620224
SOURCE_STAGE graph=soc-LiveJournal1 method=shared_b2_accurate_nozero repeat=1 layer1_ms=316.176891327 relu_ms=92.4940109253 conversion_ms=34.0781211853 layer2_ms=200.294017792 total_ms=643.043041229
SOURCE_STAGE graph=soc-LiveJournal1 method=shared_b2_accurate_nozero repeat=2 layer1_ms=315.92297554 relu_ms=90.1870727539 conversion_ms=33.8129997253 layer2_ms=208.604812622 total_ms=648.527860641
SOURCE_PROFILE graph=soc-LiveJournal1 method=shared_b2_accurate_nozero phase=output_zero sampled_thread_ms=0 sampled_tiles=1185 profile_wall_ms=364.526033401
SOURCE_PROFILE graph=soc-LiveJournal1 method=shared_b2_accurate_nozero phase=row_schedule sampled_thread_ms=0.755310058594 sampled_tiles=1185 profile_wall_ms=364.526033401
SOURCE_PROFILE graph=soc-LiveJournal1 method=shared_b2_accurate_nozero phase=partial_zero sampled_thread_ms=3.35836410522 sampled_tiles=1185 profile_wall_ms=364.526033401
SOURCE_PROFILE graph=soc-LiveJournal1 method=shared_b2_accurate_nozero phase=csr_prefetch sampled_thread_ms=13.8330459595 sampled_tiles=1185 profile_wall_ms=364.526033401
SOURCE_PROFILE graph=soc-LiveJournal1 method=shared_b2_accurate_nozero phase=feature_gather_decode sampled_thread_ms=39.235830307 sampled_tiles=1185 profile_wall_ms=364.526033401
SOURCE_PROFILE graph=soc-LiveJournal1 method=shared_b2_accurate_nozero phase=fp32_neighbor_reduction sampled_thread_ms=15.1755809784 sampled_tiles=1185 profile_wall_ms=364.526033401
SOURCE_PROFILE graph=soc-LiveJournal1 method=shared_b2_accurate_nozero phase=partial_bf16_conversion sampled_thread_ms=5.09810447693 sampled_tiles=1185 profile_wall_ms=364.526033401
SOURCE_PROFILE graph=soc-LiveJournal1 method=shared_b2_accurate_nozero phase=tile_load sampled_thread_ms=25.9749889374 sampled_tiles=1185 profile_wall_ms=364.526033401
SOURCE_PROFILE graph=soc-LiveJournal1 method=shared_b2_accurate_nozero phase=tile_compute sampled_thread_ms=33.6697101593 sampled_tiles=1185 profile_wall_ms=364.526033401
SOURCE_PROFILE graph=soc-LiveJournal1 method=shared_b2_accurate_nozero phase=tile_store sampled_thread_ms=1.7192363739 sampled_tiles=1185 profile_wall_ms=364.526033401
SOURCE_PROFILE graph=soc-LiveJournal1 method=shared_b2_accurate_nozero phase=output_scatter sampled_thread_ms=4.91309165955 sampled_tiles=1185 profile_wall_ms=364.526033401
SOURCE_PROFILE graph=soc-LiveJournal1 method=shared_b2_accurate_nozero phase=thread_amx_setup sampled_thread_ms=0.0197887420654 sampled_tiles=1185 profile_wall_ms=364.526033401
SOURCE_TIME graph=soc-LiveJournal1 method=shared_b4_fast_nozero kind=kernel repeat=0 ms=263.388872147
SOURCE_TIME graph=soc-LiveJournal1 method=shared_b4_fast_nozero kind=kernel repeat=1 ms=263.387918472
SOURCE_TIME graph=soc-LiveJournal1 method=shared_b4_fast_nozero kind=kernel repeat=2 ms=262.88485527
SOURCE_TIME graph=soc-LiveJournal1 method=shared_b4_fast_nozero kind=kernel repeat=3 ms=269.112110138
SOURCE_TIME graph=soc-LiveJournal1 method=shared_b4_fast_nozero kind=kernel repeat=4 ms=270.424842834
SOURCE_TIME graph=soc-LiveJournal1 method=shared_b4_fast_nozero kind=e2e repeat=0 ms=543.572187424
SOURCE_TIME graph=soc-LiveJournal1 method=shared_b4_fast_nozero kind=e2e repeat=1 ms=540.107965469
SOURCE_TIME graph=soc-LiveJournal1 method=shared_b4_fast_nozero kind=e2e repeat=2 ms=541.939973831
SOURCE_TIME graph=soc-LiveJournal1 method=shared_b4_fast_nozero kind=e2e repeat=3 ms=541.044950485
SOURCE_TIME graph=soc-LiveJournal1 method=shared_b4_fast_nozero kind=e2e repeat=4 ms=533.719778061
SOURCE_STAGE graph=soc-LiveJournal1 method=shared_b4_fast_nozero repeat=0 layer1_ms=264.799833298 relu_ms=90.3129577637 conversion_ms=33.6441993713 layer2_ms=147.790908813 total_ms=536.547899246
SOURCE_STAGE graph=soc-LiveJournal1 method=shared_b4_fast_nozero repeat=1 layer1_ms=269.053936005 relu_ms=89.8180007935 conversion_ms=33.9751243591 layer2_ms=151.030063629 total_ms=543.877124786
SOURCE_STAGE graph=soc-LiveJournal1 method=shared_b4_fast_nozero repeat=2 layer1_ms=270.87688446 relu_ms=91.2301540375 conversion_ms=33.686876297 layer2_ms=153.007984161 total_ms=548.801898956
SOURCE_PROFILE graph=soc-LiveJournal1 method=shared_b4_fast_nozero phase=output_zero sampled_thread_ms=0 sampled_tiles=1185 profile_wall_ms=273.748159409
SOURCE_PROFILE graph=soc-LiveJournal1 method=shared_b4_fast_nozero phase=row_schedule sampled_thread_ms=0.873804092407 sampled_tiles=1185 profile_wall_ms=273.748159409
SOURCE_PROFILE graph=soc-LiveJournal1 method=shared_b4_fast_nozero phase=partial_zero sampled_thread_ms=1.71208381653 sampled_tiles=1185 profile_wall_ms=273.748159409
SOURCE_PROFILE graph=soc-LiveJournal1 method=shared_b4_fast_nozero phase=csr_prefetch sampled_thread_ms=12.6464366913 sampled_tiles=1185 profile_wall_ms=273.748159409
SOURCE_PROFILE graph=soc-LiveJournal1 method=shared_b4_fast_nozero phase=feature_gather_decode sampled_thread_ms=32.8090190887 sampled_tiles=1185 profile_wall_ms=273.748159409
SOURCE_PROFILE graph=soc-LiveJournal1 method=shared_b4_fast_nozero phase=fp32_neighbor_reduction sampled_thread_ms=12.4363899231 sampled_tiles=1185 profile_wall_ms=273.748159409
SOURCE_PROFILE graph=soc-LiveJournal1 method=shared_b4_fast_nozero phase=partial_bf16_conversion sampled_thread_ms=1.54805183411 sampled_tiles=1185 profile_wall_ms=273.748159409
SOURCE_PROFILE graph=soc-LiveJournal1 method=shared_b4_fast_nozero phase=tile_load sampled_thread_ms=9.0959072113 sampled_tiles=1185 profile_wall_ms=273.748159409
SOURCE_PROFILE graph=soc-LiveJournal1 method=shared_b4_fast_nozero phase=tile_compute sampled_thread_ms=13.1714344025 sampled_tiles=1185 profile_wall_ms=273.748159409
SOURCE_PROFILE graph=soc-LiveJournal1 method=shared_b4_fast_nozero phase=tile_store sampled_thread_ms=1.07359886169 sampled_tiles=1185 profile_wall_ms=273.748159409
SOURCE_PROFILE graph=soc-LiveJournal1 method=shared_b4_fast_nozero phase=output_scatter sampled_thread_ms=4.84538078308 sampled_tiles=1185 profile_wall_ms=273.748159409
SOURCE_PROFILE graph=soc-LiveJournal1 method=shared_b4_fast_nozero phase=thread_amx_setup sampled_thread_ms=0.0216960906982 sampled_tiles=1185 profile_wall_ms=273.748159409
SOURCE_TIME graph=soc-LiveJournal1 method=shared_b4_accurate_nozero kind=kernel repeat=0 ms=274.508953094
SOURCE_TIME graph=soc-LiveJournal1 method=shared_b4_accurate_nozero kind=kernel repeat=1 ms=284.7468853
SOURCE_TIME graph=soc-LiveJournal1 method=shared_b4_accurate_nozero kind=kernel repeat=2 ms=282.392978668
SOURCE_TIME graph=soc-LiveJournal1 method=shared_b4_accurate_nozero kind=kernel repeat=3 ms=281.236886978
SOURCE_TIME graph=soc-LiveJournal1 method=shared_b4_accurate_nozero kind=kernel repeat=4 ms=275.79498291
SOURCE_TIME graph=soc-LiveJournal1 method=shared_b4_accurate_nozero kind=e2e repeat=0 ms=575.732946396
SOURCE_TIME graph=soc-LiveJournal1 method=shared_b4_accurate_nozero kind=e2e repeat=1 ms=562.875986099
SOURCE_TIME graph=soc-LiveJournal1 method=shared_b4_accurate_nozero kind=e2e repeat=2 ms=568.670034409
SOURCE_TIME graph=soc-LiveJournal1 method=shared_b4_accurate_nozero kind=e2e repeat=3 ms=578.246116638
SOURCE_TIME graph=soc-LiveJournal1 method=shared_b4_accurate_nozero kind=e2e repeat=4 ms=565.050840378
SOURCE_STAGE graph=soc-LiveJournal1 method=shared_b4_accurate_nozero repeat=0 layer1_ms=277.620077133 relu_ms=91.8529033661 conversion_ms=34.0411663055 layer2_ms=160.009860992 total_ms=563.524007797
SOURCE_STAGE graph=soc-LiveJournal1 method=shared_b4_accurate_nozero repeat=1 layer1_ms=284.725189209 relu_ms=91.6059017181 conversion_ms=33.7851047516 layer2_ms=160.007953644 total_ms=570.124149323
SOURCE_STAGE graph=soc-LiveJournal1 method=shared_b4_accurate_nozero repeat=2 layer1_ms=279.325008392 relu_ms=91.1059379578 conversion_ms=33.8521003723 layer2_ms=168.432950974 total_ms=572.715997696
SOURCE_PROFILE graph=soc-LiveJournal1 method=shared_b4_accurate_nozero phase=output_zero sampled_thread_ms=0 sampled_tiles=1185 profile_wall_ms=308.401107788
SOURCE_PROFILE graph=soc-LiveJournal1 method=shared_b4_accurate_nozero phase=row_schedule sampled_thread_ms=0.801801681519 sampled_tiles=1185 profile_wall_ms=308.401107788
SOURCE_PROFILE graph=soc-LiveJournal1 method=shared_b4_accurate_nozero phase=partial_zero sampled_thread_ms=1.80220603943 sampled_tiles=1185 profile_wall_ms=308.401107788
SOURCE_PROFILE graph=soc-LiveJournal1 method=shared_b4_accurate_nozero phase=csr_prefetch sampled_thread_ms=12.6664638519 sampled_tiles=1185 profile_wall_ms=308.401107788
SOURCE_PROFILE graph=soc-LiveJournal1 method=shared_b4_accurate_nozero phase=feature_gather_decode sampled_thread_ms=32.0422649384 sampled_tiles=1185 profile_wall_ms=308.401107788
SOURCE_PROFILE graph=soc-LiveJournal1 method=shared_b4_accurate_nozero phase=fp32_neighbor_reduction sampled_thread_ms=12.6142501831 sampled_tiles=1185 profile_wall_ms=308.401107788
SOURCE_PROFILE graph=soc-LiveJournal1 method=shared_b4_accurate_nozero phase=partial_bf16_conversion sampled_thread_ms=2.73752212524 sampled_tiles=1185 profile_wall_ms=308.401107788
SOURCE_PROFILE graph=soc-LiveJournal1 method=shared_b4_accurate_nozero phase=tile_load sampled_thread_ms=14.3477916718 sampled_tiles=1185 profile_wall_ms=308.401107788
SOURCE_PROFILE graph=soc-LiveJournal1 method=shared_b4_accurate_nozero phase=tile_compute sampled_thread_ms=18.6245441437 sampled_tiles=1185 profile_wall_ms=308.401107788
SOURCE_PROFILE graph=soc-LiveJournal1 method=shared_b4_accurate_nozero phase=tile_store sampled_thread_ms=0.877380371094 sampled_tiles=1185 profile_wall_ms=308.401107788
SOURCE_PROFILE graph=soc-LiveJournal1 method=shared_b4_accurate_nozero phase=output_scatter sampled_thread_ms=5.02967834473 sampled_tiles=1185 profile_wall_ms=308.401107788
SOURCE_PROFILE graph=soc-LiveJournal1 method=shared_b4_accurate_nozero phase=thread_amx_setup sampled_thread_ms=0.0193119049072 sampled_tiles=1185 profile_wall_ms=308.401107788
SOURCE_TIME graph=soc-LiveJournal1 method=shared_b8_fast_nozero kind=kernel repeat=0 ms=247.927188873
SOURCE_TIME graph=soc-LiveJournal1 method=shared_b8_fast_nozero kind=kernel repeat=1 ms=250.113010406
SOURCE_TIME graph=soc-LiveJournal1 method=shared_b8_fast_nozero kind=kernel repeat=2 ms=253.547906876
SOURCE_TIME graph=soc-LiveJournal1 method=shared_b8_fast_nozero kind=kernel repeat=3 ms=247.871160507
SOURCE_TIME graph=soc-LiveJournal1 method=shared_b8_fast_nozero kind=kernel repeat=4 ms=250.05698204
SOURCE_TIME graph=soc-LiveJournal1 method=shared_b8_fast_nozero kind=e2e repeat=0 ms=506.707906723
SOURCE_TIME graph=soc-LiveJournal1 method=shared_b8_fast_nozero kind=e2e repeat=1 ms=504.543066025
SOURCE_TIME graph=soc-LiveJournal1 method=shared_b8_fast_nozero kind=e2e repeat=2 ms=512.143135071
SOURCE_TIME graph=soc-LiveJournal1 method=shared_b8_fast_nozero kind=e2e repeat=3 ms=505.897045135
SOURCE_TIME graph=soc-LiveJournal1 method=shared_b8_fast_nozero kind=e2e repeat=4 ms=506.162166595
SOURCE_STAGE graph=soc-LiveJournal1 method=shared_b8_fast_nozero repeat=0 layer1_ms=252.907037735 relu_ms=90.6150341034 conversion_ms=33.7028503418 layer2_ms=134.417057037 total_ms=511.641979218
SOURCE_STAGE graph=soc-LiveJournal1 method=shared_b8_fast_nozero repeat=1 layer1_ms=253.126144409 relu_ms=90.5759334564 conversion_ms=33.7319374084 layer2_ms=130.367040634 total_ms=507.801055908
SOURCE_STAGE graph=soc-LiveJournal1 method=shared_b8_fast_nozero repeat=2 layer1_ms=250.435113907 relu_ms=92.2989845276 conversion_ms=33.7560176849 layer2_ms=132.919788361 total_ms=509.40990448
SOURCE_PROFILE graph=soc-LiveJournal1 method=shared_b8_fast_nozero phase=output_zero sampled_thread_ms=0 sampled_tiles=1185 profile_wall_ms=256.97183609
SOURCE_PROFILE graph=soc-LiveJournal1 method=shared_b8_fast_nozero phase=row_schedule sampled_thread_ms=0.881433486938 sampled_tiles=1185 profile_wall_ms=256.97183609
SOURCE_PROFILE graph=soc-LiveJournal1 method=shared_b8_fast_nozero phase=partial_zero sampled_thread_ms=0.976085662842 sampled_tiles=1185 profile_wall_ms=256.97183609
SOURCE_PROFILE graph=soc-LiveJournal1 method=shared_b8_fast_nozero phase=csr_prefetch sampled_thread_ms=12.1879577637 sampled_tiles=1185 profile_wall_ms=256.97183609
SOURCE_PROFILE graph=soc-LiveJournal1 method=shared_b8_fast_nozero phase=feature_gather_decode sampled_thread_ms=29.6800136566 sampled_tiles=1185 profile_wall_ms=256.97183609
SOURCE_PROFILE graph=soc-LiveJournal1 method=shared_b8_fast_nozero phase=fp32_neighbor_reduction sampled_thread_ms=10.7111930847 sampled_tiles=1185 profile_wall_ms=256.97183609
SOURCE_PROFILE graph=soc-LiveJournal1 method=shared_b8_fast_nozero phase=partial_bf16_conversion sampled_thread_ms=0.871896743774 sampled_tiles=1185 profile_wall_ms=256.97183609
SOURCE_PROFILE graph=soc-LiveJournal1 method=shared_b8_fast_nozero phase=tile_load sampled_thread_ms=5.36847114563 sampled_tiles=1185 profile_wall_ms=256.97183609
SOURCE_PROFILE graph=soc-LiveJournal1 method=shared_b8_fast_nozero phase=tile_compute sampled_thread_ms=6.97326660156 sampled_tiles=1185 profile_wall_ms=256.97183609
SOURCE_PROFILE graph=soc-LiveJournal1 method=shared_b8_fast_nozero phase=tile_store sampled_thread_ms=0.56529045105 sampled_tiles=1185 profile_wall_ms=256.97183609
SOURCE_PROFILE graph=soc-LiveJournal1 method=shared_b8_fast_nozero phase=output_scatter sampled_thread_ms=5.00774383545 sampled_tiles=1185 profile_wall_ms=256.97183609
SOURCE_PROFILE graph=soc-LiveJournal1 method=shared_b8_fast_nozero phase=thread_amx_setup sampled_thread_ms=0.0166893005371 sampled_tiles=1185 profile_wall_ms=256.97183609
SOURCE_TIME graph=soc-LiveJournal1 method=shared_b8_accurate_nozero kind=kernel repeat=0 ms=259.3729496
SOURCE_TIME graph=soc-LiveJournal1 method=shared_b8_accurate_nozero kind=kernel repeat=1 ms=256.365060806
SOURCE_TIME graph=soc-LiveJournal1 method=shared_b8_accurate_nozero kind=kernel repeat=2 ms=259.420871735
SOURCE_TIME graph=soc-LiveJournal1 method=shared_b8_accurate_nozero kind=kernel repeat=3 ms=257.203102112
SOURCE_TIME graph=soc-LiveJournal1 method=shared_b8_accurate_nozero kind=kernel repeat=4 ms=260.404109955
SOURCE_TIME graph=soc-LiveJournal1 method=shared_b8_accurate_nozero kind=e2e repeat=0 ms=524.392127991
SOURCE_TIME graph=soc-LiveJournal1 method=shared_b8_accurate_nozero kind=e2e repeat=1 ms=525.993108749
SOURCE_TIME graph=soc-LiveJournal1 method=shared_b8_accurate_nozero kind=e2e repeat=2 ms=527.062892914
SOURCE_TIME graph=soc-LiveJournal1 method=shared_b8_accurate_nozero kind=e2e repeat=3 ms=523.301124573
SOURCE_TIME graph=soc-LiveJournal1 method=shared_b8_accurate_nozero kind=e2e repeat=4 ms=527.801990509
SOURCE_STAGE graph=soc-LiveJournal1 method=shared_b8_accurate_nozero repeat=0 layer1_ms=261.405944824 relu_ms=91.2380218506 conversion_ms=33.5469245911 layer2_ms=141.101121902 total_ms=527.292013168
SOURCE_STAGE graph=soc-LiveJournal1 method=shared_b8_accurate_nozero repeat=1 layer1_ms=258.219957352 relu_ms=91.9270515442 conversion_ms=33.695936203 layer2_ms=138.489961624 total_ms=522.332906723
SOURCE_STAGE graph=soc-LiveJournal1 method=shared_b8_accurate_nozero repeat=2 layer1_ms=264.842987061 relu_ms=91.728925705 conversion_ms=33.8459014893 layer2_ms=142.993211746 total_ms=533.411026001
SOURCE_PROFILE graph=soc-LiveJournal1 method=shared_b8_accurate_nozero phase=output_zero sampled_thread_ms=0 sampled_tiles=1185 profile_wall_ms=284.247875214
SOURCE_PROFILE graph=soc-LiveJournal1 method=shared_b8_accurate_nozero phase=row_schedule sampled_thread_ms=0.846862792969 sampled_tiles=1185 profile_wall_ms=284.247875214
SOURCE_PROFILE graph=soc-LiveJournal1 method=shared_b8_accurate_nozero phase=partial_zero sampled_thread_ms=0.996112823486 sampled_tiles=1185 profile_wall_ms=284.247875214
SOURCE_PROFILE graph=soc-LiveJournal1 method=shared_b8_accurate_nozero phase=csr_prefetch sampled_thread_ms=12.4886035919 sampled_tiles=1185 profile_wall_ms=284.247875214
SOURCE_PROFILE graph=soc-LiveJournal1 method=shared_b8_accurate_nozero phase=feature_gather_decode sampled_thread_ms=29.2181968689 sampled_tiles=1185 profile_wall_ms=284.247875214
SOURCE_PROFILE graph=soc-LiveJournal1 method=shared_b8_accurate_nozero phase=fp32_neighbor_reduction sampled_thread_ms=10.942697525 sampled_tiles=1185 profile_wall_ms=284.247875214
SOURCE_PROFILE graph=soc-LiveJournal1 method=shared_b8_accurate_nozero phase=partial_bf16_conversion sampled_thread_ms=1.45697593689 sampled_tiles=1185 profile_wall_ms=284.247875214
SOURCE_PROFILE graph=soc-LiveJournal1 method=shared_b8_accurate_nozero phase=tile_load sampled_thread_ms=8.52298736572 sampled_tiles=1185 profile_wall_ms=284.247875214
SOURCE_PROFILE graph=soc-LiveJournal1 method=shared_b8_accurate_nozero phase=tile_compute sampled_thread_ms=10.5023384094 sampled_tiles=1185 profile_wall_ms=284.247875214
SOURCE_PROFILE graph=soc-LiveJournal1 method=shared_b8_accurate_nozero phase=tile_store sampled_thread_ms=0.486373901367 sampled_tiles=1185 profile_wall_ms=284.247875214
SOURCE_PROFILE graph=soc-LiveJournal1 method=shared_b8_accurate_nozero phase=output_scatter sampled_thread_ms=5.03158569336 sampled_tiles=1185 profile_wall_ms=284.247875214
SOURCE_PROFILE graph=soc-LiveJournal1 method=shared_b8_accurate_nozero phase=thread_amx_setup sampled_thread_ms=0.0238418579102 sampled_tiles=1185 profile_wall_ms=284.247875214
SOURCE_TIME graph=soc-LiveJournal1 method=shared_b16_fast_nozero kind=kernel repeat=0 ms=248.898029327
SOURCE_TIME graph=soc-LiveJournal1 method=shared_b16_fast_nozero kind=kernel repeat=1 ms=249.991178513
SOURCE_TIME graph=soc-LiveJournal1 method=shared_b16_fast_nozero kind=kernel repeat=2 ms=249.235868454
SOURCE_TIME graph=soc-LiveJournal1 method=shared_b16_fast_nozero kind=kernel repeat=3 ms=252.285003662
SOURCE_TIME graph=soc-LiveJournal1 method=shared_b16_fast_nozero kind=kernel repeat=4 ms=248.837947845
SOURCE_TIME graph=soc-LiveJournal1 method=shared_b16_fast_nozero kind=e2e repeat=0 ms=510.757923126
SOURCE_TIME graph=soc-LiveJournal1 method=shared_b16_fast_nozero kind=e2e repeat=1 ms=507.840871811
SOURCE_TIME graph=soc-LiveJournal1 method=shared_b16_fast_nozero kind=e2e repeat=2 ms=510.762929916
SOURCE_TIME graph=soc-LiveJournal1 method=shared_b16_fast_nozero kind=e2e repeat=3 ms=511.512994766
SOURCE_TIME graph=soc-LiveJournal1 method=shared_b16_fast_nozero kind=e2e repeat=4 ms=508.646011353
SOURCE_STAGE graph=soc-LiveJournal1 method=shared_b16_fast_nozero repeat=0 layer1_ms=250.2348423 relu_ms=90.2149677277 conversion_ms=33.8821411133 layer2_ms=131.731033325 total_ms=506.062984467
SOURCE_STAGE graph=soc-LiveJournal1 method=shared_b16_fast_nozero repeat=1 layer1_ms=249.45306778 relu_ms=90.7897949219 conversion_ms=33.7510108948 layer2_ms=134.308099747 total_ms=508.301973343
SOURCE_STAGE graph=soc-LiveJournal1 method=shared_b16_fast_nozero repeat=2 layer1_ms=249.855995178 relu_ms=90.9769535065 conversion_ms=33.9291095734 layer2_ms=132.439851761 total_ms=507.201910019
SOURCE_PROFILE graph=soc-LiveJournal1 method=shared_b16_fast_nozero phase=output_zero sampled_thread_ms=0 sampled_tiles=1185 profile_wall_ms=264.10484314
SOURCE_PROFILE graph=soc-LiveJournal1 method=shared_b16_fast_nozero phase=row_schedule sampled_thread_ms=0.908851623535 sampled_tiles=1185 profile_wall_ms=264.10484314
SOURCE_PROFILE graph=soc-LiveJournal1 method=shared_b16_fast_nozero phase=partial_zero sampled_thread_ms=0.624418258667 sampled_tiles=1185 profile_wall_ms=264.10484314
SOURCE_PROFILE graph=soc-LiveJournal1 method=shared_b16_fast_nozero phase=csr_prefetch sampled_thread_ms=11.8224620819 sampled_tiles=1185 profile_wall_ms=264.10484314
SOURCE_PROFILE graph=soc-LiveJournal1 method=shared_b16_fast_nozero phase=feature_gather_decode sampled_thread_ms=29.3028354645 sampled_tiles=1185 profile_wall_ms=264.10484314
SOURCE_PROFILE graph=soc-LiveJournal1 method=shared_b16_fast_nozero phase=fp32_neighbor_reduction sampled_thread_ms=9.54389572144 sampled_tiles=1185 profile_wall_ms=264.10484314
SOURCE_PROFILE graph=soc-LiveJournal1 method=shared_b16_fast_nozero phase=partial_bf16_conversion sampled_thread_ms=0.504732131958 sampled_tiles=1185 profile_wall_ms=264.10484314
SOURCE_PROFILE graph=soc-LiveJournal1 method=shared_b16_fast_nozero phase=tile_load sampled_thread_ms=3.51071357727 sampled_tiles=1185 profile_wall_ms=264.10484314
SOURCE_PROFILE graph=soc-LiveJournal1 method=shared_b16_fast_nozero phase=tile_compute sampled_thread_ms=4.07958030701 sampled_tiles=1185 profile_wall_ms=264.10484314
SOURCE_PROFILE graph=soc-LiveJournal1 method=shared_b16_fast_nozero phase=tile_store sampled_thread_ms=0.303268432617 sampled_tiles=1185 profile_wall_ms=264.10484314
SOURCE_PROFILE graph=soc-LiveJournal1 method=shared_b16_fast_nozero phase=output_scatter sampled_thread_ms=4.89139556885 sampled_tiles=1185 profile_wall_ms=264.10484314
SOURCE_PROFILE graph=soc-LiveJournal1 method=shared_b16_fast_nozero phase=thread_amx_setup sampled_thread_ms=0.0255107879639 sampled_tiles=1185 profile_wall_ms=264.10484314
SOURCE_TIME graph=soc-LiveJournal1 method=shared_b16_accurate_nozero kind=kernel repeat=0 ms=257.572889328
SOURCE_TIME graph=soc-LiveJournal1 method=shared_b16_accurate_nozero kind=kernel repeat=1 ms=262.588977814
SOURCE_TIME graph=soc-LiveJournal1 method=shared_b16_accurate_nozero kind=kernel repeat=2 ms=261.598110199
SOURCE_TIME graph=soc-LiveJournal1 method=shared_b16_accurate_nozero kind=kernel repeat=3 ms=257.152080536
SOURCE_TIME graph=soc-LiveJournal1 method=shared_b16_accurate_nozero kind=kernel repeat=4 ms=258.522033691
SOURCE_TIME graph=soc-LiveJournal1 method=shared_b16_accurate_nozero kind=e2e repeat=0 ms=523.435115814
SOURCE_TIME graph=soc-LiveJournal1 method=shared_b16_accurate_nozero kind=e2e repeat=1 ms=527.818202972
SOURCE_TIME graph=soc-LiveJournal1 method=shared_b16_accurate_nozero kind=e2e repeat=2 ms=522.979974747
SOURCE_TIME graph=soc-LiveJournal1 method=shared_b16_accurate_nozero kind=e2e repeat=3 ms=522.712945938
SOURCE_TIME graph=soc-LiveJournal1 method=shared_b16_accurate_nozero kind=e2e repeat=4 ms=524.114847183
SOURCE_STAGE graph=soc-LiveJournal1 method=shared_b16_accurate_nozero repeat=0 layer1_ms=261.867046356 relu_ms=89.5049571991 conversion_ms=33.6048603058 layer2_ms=140.860080719 total_ms=525.83694458
SOURCE_STAGE graph=soc-LiveJournal1 method=shared_b16_accurate_nozero repeat=1 layer1_ms=262.427091599 relu_ms=91.2699699402 conversion_ms=33.9269638062 layer2_ms=136.522054672 total_ms=524.146080017
SOURCE_STAGE graph=soc-LiveJournal1 method=shared_b16_accurate_nozero repeat=2 layer1_ms=260.942935944 relu_ms=91.7220115662 conversion_ms=33.8170528412 layer2_ms=135.996103287 total_ms=522.478103638
SOURCE_PROFILE graph=soc-LiveJournal1 method=shared_b16_accurate_nozero phase=output_zero sampled_thread_ms=0 sampled_tiles=1185 profile_wall_ms=274.517059326
SOURCE_PROFILE graph=soc-LiveJournal1 method=shared_b16_accurate_nozero phase=row_schedule sampled_thread_ms=0.787496566772 sampled_tiles=1185 profile_wall_ms=274.517059326
SOURCE_PROFILE graph=soc-LiveJournal1 method=shared_b16_accurate_nozero phase=partial_zero sampled_thread_ms=0.637054443359 sampled_tiles=1185 profile_wall_ms=274.517059326
SOURCE_PROFILE graph=soc-LiveJournal1 method=shared_b16_accurate_nozero phase=csr_prefetch sampled_thread_ms=11.9960308075 sampled_tiles=1185 profile_wall_ms=274.517059326
SOURCE_PROFILE graph=soc-LiveJournal1 method=shared_b16_accurate_nozero phase=feature_gather_decode sampled_thread_ms=29.376745224 sampled_tiles=1185 profile_wall_ms=274.517059326
SOURCE_PROFILE graph=soc-LiveJournal1 method=shared_b16_accurate_nozero phase=fp32_neighbor_reduction sampled_thread_ms=9.88817214966 sampled_tiles=1185 profile_wall_ms=274.517059326
SOURCE_PROFILE graph=soc-LiveJournal1 method=shared_b16_accurate_nozero phase=partial_bf16_conversion sampled_thread_ms=0.918388366699 sampled_tiles=1185 profile_wall_ms=274.517059326
SOURCE_PROFILE graph=soc-LiveJournal1 method=shared_b16_accurate_nozero phase=tile_load sampled_thread_ms=5.38396835327 sampled_tiles=1185 profile_wall_ms=274.517059326
SOURCE_PROFILE graph=soc-LiveJournal1 method=shared_b16_accurate_nozero phase=tile_compute sampled_thread_ms=6.14857673645 sampled_tiles=1185 profile_wall_ms=274.517059326
SOURCE_PROFILE graph=soc-LiveJournal1 method=shared_b16_accurate_nozero phase=tile_store sampled_thread_ms=0.280618667603 sampled_tiles=1185 profile_wall_ms=274.517059326
SOURCE_PROFILE graph=soc-LiveJournal1 method=shared_b16_accurate_nozero phase=output_scatter sampled_thread_ms=4.99892234802 sampled_tiles=1185 profile_wall_ms=274.517059326
SOURCE_PROFILE graph=soc-LiveJournal1 method=shared_b16_accurate_nozero phase=thread_amx_setup sampled_thread_ms=0.0181198120117 sampled_tiles=1185 profile_wall_ms=274.517059326
SOURCE_TIME graph=soc-LiveJournal1 method=shared_b32_fast_nozero kind=kernel repeat=0 ms=245.929002762
SOURCE_TIME graph=soc-LiveJournal1 method=shared_b32_fast_nozero kind=kernel repeat=1 ms=246.928930283
SOURCE_TIME graph=soc-LiveJournal1 method=shared_b32_fast_nozero kind=kernel repeat=2 ms=243.100166321
SOURCE_TIME graph=soc-LiveJournal1 method=shared_b32_fast_nozero kind=kernel repeat=3 ms=241.946935654
SOURCE_TIME graph=soc-LiveJournal1 method=shared_b32_fast_nozero kind=kernel repeat=4 ms=244.435071945
SOURCE_TIME graph=soc-LiveJournal1 method=shared_b32_fast_nozero kind=e2e repeat=0 ms=498.186826706
SOURCE_TIME graph=soc-LiveJournal1 method=shared_b32_fast_nozero kind=e2e repeat=1 ms=500.341176987
SOURCE_TIME graph=soc-LiveJournal1 method=shared_b32_fast_nozero kind=e2e repeat=2 ms=500.029087067
SOURCE_TIME graph=soc-LiveJournal1 method=shared_b32_fast_nozero kind=e2e repeat=3 ms=497.229099274
SOURCE_TIME graph=soc-LiveJournal1 method=shared_b32_fast_nozero kind=e2e repeat=4 ms=499.867916107
SOURCE_STAGE graph=soc-LiveJournal1 method=shared_b32_fast_nozero repeat=0 layer1_ms=243.481874466 relu_ms=91.432094574 conversion_ms=33.8819026947 layer2_ms=127.076148987 total_ms=495.872020721
SOURCE_STAGE graph=soc-LiveJournal1 method=shared_b32_fast_nozero repeat=1 layer1_ms=245.786905289 relu_ms=90.9459590912 conversion_ms=33.8110923767 layer2_ms=128.803014755 total_ms=499.346971512
SOURCE_STAGE graph=soc-LiveJournal1 method=shared_b32_fast_nozero repeat=2 layer1_ms=245.655059814 relu_ms=91.817855835 conversion_ms=33.9140892029 layer2_ms=127.496957779 total_ms=498.883962631
SOURCE_PROFILE graph=soc-LiveJournal1 method=shared_b32_fast_nozero phase=output_zero sampled_thread_ms=0 sampled_tiles=1185 profile_wall_ms=258.394002914
SOURCE_PROFILE graph=soc-LiveJournal1 method=shared_b32_fast_nozero phase=row_schedule sampled_thread_ms=0.983476638794 sampled_tiles=1185 profile_wall_ms=258.394002914
SOURCE_PROFILE graph=soc-LiveJournal1 method=shared_b32_fast_nozero phase=partial_zero sampled_thread_ms=0.43511390686 sampled_tiles=1185 profile_wall_ms=258.394002914
SOURCE_PROFILE graph=soc-LiveJournal1 method=shared_b32_fast_nozero phase=csr_prefetch sampled_thread_ms=11.6286277771 sampled_tiles=1185 profile_wall_ms=258.394002914
SOURCE_PROFILE graph=soc-LiveJournal1 method=shared_b32_fast_nozero phase=feature_gather_decode sampled_thread_ms=29.0274620056 sampled_tiles=1185 profile_wall_ms=258.394002914
SOURCE_PROFILE graph=soc-LiveJournal1 method=shared_b32_fast_nozero phase=fp32_neighbor_reduction sampled_thread_ms=9.16528701782 sampled_tiles=1185 profile_wall_ms=258.394002914
SOURCE_PROFILE graph=soc-LiveJournal1 method=shared_b32_fast_nozero phase=partial_bf16_conversion sampled_thread_ms=0.343322753906 sampled_tiles=1185 profile_wall_ms=258.394002914
SOURCE_PROFILE graph=soc-LiveJournal1 method=shared_b32_fast_nozero phase=tile_load sampled_thread_ms=2.65979766846 sampled_tiles=1185 profile_wall_ms=258.394002914
SOURCE_PROFILE graph=soc-LiveJournal1 method=shared_b32_fast_nozero phase=tile_compute sampled_thread_ms=2.97331809998 sampled_tiles=1185 profile_wall_ms=258.394002914
SOURCE_PROFILE graph=soc-LiveJournal1 method=shared_b32_fast_nozero phase=tile_store sampled_thread_ms=0.21767616272 sampled_tiles=1185 profile_wall_ms=258.394002914
SOURCE_PROFILE graph=soc-LiveJournal1 method=shared_b32_fast_nozero phase=output_scatter sampled_thread_ms=4.89783287048 sampled_tiles=1185 profile_wall_ms=258.394002914
SOURCE_PROFILE graph=soc-LiveJournal1 method=shared_b32_fast_nozero phase=thread_amx_setup sampled_thread_ms=0.0250339508057 sampled_tiles=1185 profile_wall_ms=258.394002914
SOURCE_TIME graph=soc-LiveJournal1 method=shared_b32_accurate_nozero kind=kernel repeat=0 ms=253.524065018
SOURCE_TIME graph=soc-LiveJournal1 method=shared_b32_accurate_nozero kind=kernel repeat=1 ms=251.332998276
SOURCE_TIME graph=soc-LiveJournal1 method=shared_b32_accurate_nozero kind=kernel repeat=2 ms=250.269889832
SOURCE_TIME graph=soc-LiveJournal1 method=shared_b32_accurate_nozero kind=kernel repeat=3 ms=250.508069992
SOURCE_TIME graph=soc-LiveJournal1 method=shared_b32_accurate_nozero kind=kernel repeat=4 ms=249.120950699
SOURCE_TIME graph=soc-LiveJournal1 method=shared_b32_accurate_nozero kind=e2e repeat=0 ms=516.170978546
SOURCE_TIME graph=soc-LiveJournal1 method=shared_b32_accurate_nozero kind=e2e repeat=1 ms=509.063005447
SOURCE_TIME graph=soc-LiveJournal1 method=shared_b32_accurate_nozero kind=e2e repeat=2 ms=516.315937042
SOURCE_TIME graph=soc-LiveJournal1 method=shared_b32_accurate_nozero kind=e2e repeat=3 ms=511.549949646
SOURCE_TIME graph=soc-LiveJournal1 method=shared_b32_accurate_nozero kind=e2e repeat=4 ms=506.142854691
SOURCE_STAGE graph=soc-LiveJournal1 method=shared_b32_accurate_nozero repeat=0 layer1_ms=251.008987427 relu_ms=90.4569625854 conversion_ms=33.7150096893 layer2_ms=136.919975281 total_ms=512.100934982
SOURCE_STAGE graph=soc-LiveJournal1 method=shared_b32_accurate_nozero repeat=1 layer1_ms=250.602006912 relu_ms=91.001033783 conversion_ms=33.8790416718 layer2_ms=135.111093521 total_ms=510.593175888
SOURCE_STAGE graph=soc-LiveJournal1 method=shared_b32_accurate_nozero repeat=2 layer1_ms=252.820968628 relu_ms=91.1099910736 conversion_ms=33.9539051056 layer2_ms=135.09106636 total_ms=512.975931168
SOURCE_PROFILE graph=soc-LiveJournal1 method=shared_b32_accurate_nozero phase=output_zero sampled_thread_ms=0 sampled_tiles=1185 profile_wall_ms=261.902093887
SOURCE_PROFILE graph=soc-LiveJournal1 method=shared_b32_accurate_nozero phase=row_schedule sampled_thread_ms=0.808000564575 sampled_tiles=1185 profile_wall_ms=261.902093887
SOURCE_PROFILE graph=soc-LiveJournal1 method=shared_b32_accurate_nozero phase=partial_zero sampled_thread_ms=0.480175018311 sampled_tiles=1185 profile_wall_ms=261.902093887
SOURCE_PROFILE graph=soc-LiveJournal1 method=shared_b32_accurate_nozero phase=csr_prefetch sampled_thread_ms=11.8231773376 sampled_tiles=1185 profile_wall_ms=261.902093887
SOURCE_PROFILE graph=soc-LiveJournal1 method=shared_b32_accurate_nozero phase=feature_gather_decode sampled_thread_ms=29.1690826416 sampled_tiles=1185 profile_wall_ms=261.902093887
SOURCE_PROFILE graph=soc-LiveJournal1 method=shared_b32_accurate_nozero phase=fp32_neighbor_reduction sampled_thread_ms=9.36222076416 sampled_tiles=1185 profile_wall_ms=261.902093887
SOURCE_PROFILE graph=soc-LiveJournal1 method=shared_b32_accurate_nozero phase=partial_bf16_conversion sampled_thread_ms=0.606536865234 sampled_tiles=1185 profile_wall_ms=261.902093887
SOURCE_PROFILE graph=soc-LiveJournal1 method=shared_b32_accurate_nozero phase=tile_load sampled_thread_ms=3.98659706116 sampled_tiles=1185 profile_wall_ms=261.902093887
SOURCE_PROFILE graph=soc-LiveJournal1 method=shared_b32_accurate_nozero phase=tile_compute sampled_thread_ms=4.12917137146 sampled_tiles=1185 profile_wall_ms=261.902093887
SOURCE_PROFILE graph=soc-LiveJournal1 method=shared_b32_accurate_nozero phase=tile_store sampled_thread_ms=0.192165374756 sampled_tiles=1185 profile_wall_ms=261.902093887
SOURCE_PROFILE graph=soc-LiveJournal1 method=shared_b32_accurate_nozero phase=output_scatter sampled_thread_ms=5.0413608551 sampled_tiles=1185 profile_wall_ms=261.902093887
SOURCE_PROFILE graph=soc-LiveJournal1 method=shared_b32_accurate_nozero phase=thread_amx_setup sampled_thread_ms=0.0166893005371 sampled_tiles=1185 profile_wall_ms=261.902093887
SOURCE_TIME graph=soc-LiveJournal1 method=shared_b64_fast_nozero kind=kernel repeat=0 ms=242.019176483
SOURCE_TIME graph=soc-LiveJournal1 method=shared_b64_fast_nozero kind=kernel repeat=1 ms=240.242004395
SOURCE_TIME graph=soc-LiveJournal1 method=shared_b64_fast_nozero kind=kernel repeat=2 ms=240.39721489
SOURCE_TIME graph=soc-LiveJournal1 method=shared_b64_fast_nozero kind=kernel repeat=3 ms=242.421865463
SOURCE_TIME graph=soc-LiveJournal1 method=shared_b64_fast_nozero kind=kernel repeat=4 ms=239.999055862
SOURCE_TIME graph=soc-LiveJournal1 method=shared_b64_fast_nozero kind=e2e repeat=0 ms=493.682861328
SOURCE_TIME graph=soc-LiveJournal1 method=shared_b64_fast_nozero kind=e2e repeat=1 ms=493.760108948
SOURCE_TIME graph=soc-LiveJournal1 method=shared_b64_fast_nozero kind=e2e repeat=2 ms=493.171215057
SOURCE_TIME graph=soc-LiveJournal1 method=shared_b64_fast_nozero kind=e2e repeat=3 ms=495.795965195
SOURCE_TIME graph=soc-LiveJournal1 method=shared_b64_fast_nozero kind=e2e repeat=4 ms=492.389917374
SOURCE_STAGE graph=soc-LiveJournal1 method=shared_b64_fast_nozero repeat=0 layer1_ms=241.375923157 relu_ms=93.0061340332 conversion_ms=33.7200164795 layer2_ms=126.713037491 total_ms=494.81511116
SOURCE_STAGE graph=soc-LiveJournal1 method=shared_b64_fast_nozero repeat=1 layer1_ms=240.777015686 relu_ms=90.1968479156 conversion_ms=34.1742038727 layer2_ms=126.94978714 total_ms=492.097854614
SOURCE_STAGE graph=soc-LiveJournal1 method=shared_b64_fast_nozero repeat=2 layer1_ms=241.393089294 relu_ms=90.3739929199 conversion_ms=33.9150428772 layer2_ms=127.343893051 total_ms=493.026018143
SOURCE_PROFILE graph=soc-LiveJournal1 method=shared_b64_fast_nozero phase=output_zero sampled_thread_ms=0 sampled_tiles=1185 profile_wall_ms=243.027925491
SOURCE_PROFILE graph=soc-LiveJournal1 method=shared_b64_fast_nozero phase=row_schedule sampled_thread_ms=0.949859619141 sampled_tiles=1185 profile_wall_ms=243.027925491
SOURCE_PROFILE graph=soc-LiveJournal1 method=shared_b64_fast_nozero phase=partial_zero sampled_thread_ms=0.352621078491 sampled_tiles=1185 profile_wall_ms=243.027925491
SOURCE_PROFILE graph=soc-LiveJournal1 method=shared_b64_fast_nozero phase=csr_prefetch sampled_thread_ms=11.7585659027 sampled_tiles=1185 profile_wall_ms=243.027925491
SOURCE_PROFILE graph=soc-LiveJournal1 method=shared_b64_fast_nozero phase=feature_gather_decode sampled_thread_ms=28.5880565643 sampled_tiles=1185 profile_wall_ms=243.027925491
SOURCE_PROFILE graph=soc-LiveJournal1 method=shared_b64_fast_nozero phase=fp32_neighbor_reduction sampled_thread_ms=8.95476341248 sampled_tiles=1185 profile_wall_ms=243.027925491
SOURCE_PROFILE graph=soc-LiveJournal1 method=shared_b64_fast_nozero phase=partial_bf16_conversion sampled_thread_ms=0.280857086182 sampled_tiles=1185 profile_wall_ms=243.027925491
SOURCE_PROFILE graph=soc-LiveJournal1 method=shared_b64_fast_nozero phase=tile_load sampled_thread_ms=2.35199928284 sampled_tiles=1185 profile_wall_ms=243.027925491
SOURCE_PROFILE graph=soc-LiveJournal1 method=shared_b64_fast_nozero phase=tile_compute sampled_thread_ms=2.2406578064 sampled_tiles=1185 profile_wall_ms=243.027925491
SOURCE_PROFILE graph=soc-LiveJournal1 method=shared_b64_fast_nozero phase=tile_store sampled_thread_ms=0.14066696167 sampled_tiles=1185 profile_wall_ms=243.027925491
SOURCE_PROFILE graph=soc-LiveJournal1 method=shared_b64_fast_nozero phase=output_scatter sampled_thread_ms=4.94623184204 sampled_tiles=1185 profile_wall_ms=243.027925491
SOURCE_PROFILE graph=soc-LiveJournal1 method=shared_b64_fast_nozero phase=thread_amx_setup sampled_thread_ms=0.0226497650146 sampled_tiles=1185 profile_wall_ms=243.027925491
SOURCE_TIME graph=soc-LiveJournal1 method=shared_b64_accurate_nozero kind=kernel repeat=0 ms=245.747089386
SOURCE_TIME graph=soc-LiveJournal1 method=shared_b64_accurate_nozero kind=kernel repeat=1 ms=245.424985886
SOURCE_TIME graph=soc-LiveJournal1 method=shared_b64_accurate_nozero kind=kernel repeat=2 ms=248.157978058
SOURCE_TIME graph=soc-LiveJournal1 method=shared_b64_accurate_nozero kind=kernel repeat=3 ms=247.575044632
SOURCE_TIME graph=soc-LiveJournal1 method=shared_b64_accurate_nozero kind=kernel repeat=4 ms=246.23298645
SOURCE_TIME graph=soc-LiveJournal1 method=shared_b64_accurate_nozero kind=e2e repeat=0 ms=504.173994064
SOURCE_TIME graph=soc-LiveJournal1 method=shared_b64_accurate_nozero kind=e2e repeat=1 ms=502.717971802
SOURCE_TIME graph=soc-LiveJournal1 method=shared_b64_accurate_nozero kind=e2e repeat=2 ms=500.945091248
SOURCE_TIME graph=soc-LiveJournal1 method=shared_b64_accurate_nozero kind=e2e repeat=3 ms=504.573106766
SOURCE_TIME graph=soc-LiveJournal1 method=shared_b64_accurate_nozero kind=e2e repeat=4 ms=502.79712677
SOURCE_STAGE graph=soc-LiveJournal1 method=shared_b64_accurate_nozero repeat=0 layer1_ms=248.884916306 relu_ms=90.9819602966 conversion_ms=33.7920188904 layer2_ms=131.052017212 total_ms=504.710912704
SOURCE_STAGE graph=soc-LiveJournal1 method=shared_b64_accurate_nozero repeat=1 layer1_ms=249.676942825 relu_ms=90.7421112061 conversion_ms=33.6511135101 layer2_ms=132.277965546 total_ms=506.348133087
SOURCE_STAGE graph=soc-LiveJournal1 method=shared_b64_accurate_nozero repeat=2 layer1_ms=247.229099274 relu_ms=91.2430286407 conversion_ms=33.9050292969 layer2_ms=129.154920578 total_ms=501.532077789
SOURCE_PROFILE graph=soc-LiveJournal1 method=shared_b64_accurate_nozero phase=output_zero sampled_thread_ms=0 sampled_tiles=1185 profile_wall_ms=259.674072266
SOURCE_PROFILE graph=soc-LiveJournal1 method=shared_b64_accurate_nozero phase=row_schedule sampled_thread_ms=0.836610794067 sampled_tiles=1185 profile_wall_ms=259.674072266
SOURCE_PROFILE graph=soc-LiveJournal1 method=shared_b64_accurate_nozero phase=partial_zero sampled_thread_ms=0.41389465332 sampled_tiles=1185 profile_wall_ms=259.674072266
SOURCE_PROFILE graph=soc-LiveJournal1 method=shared_b64_accurate_nozero phase=csr_prefetch sampled_thread_ms=11.9338035583 sampled_tiles=1185 profile_wall_ms=259.674072266
SOURCE_PROFILE graph=soc-LiveJournal1 method=shared_b64_accurate_nozero phase=feature_gather_decode sampled_thread_ms=28.5639762878 sampled_tiles=1185 profile_wall_ms=259.674072266
SOURCE_PROFILE graph=soc-LiveJournal1 method=shared_b64_accurate_nozero phase=fp32_neighbor_reduction sampled_thread_ms=9.04154777527 sampled_tiles=1185 profile_wall_ms=259.674072266
SOURCE_PROFILE graph=soc-LiveJournal1 method=shared_b64_accurate_nozero phase=partial_bf16_conversion sampled_thread_ms=0.480890274048 sampled_tiles=1185 profile_wall_ms=259.674072266
SOURCE_PROFILE graph=soc-LiveJournal1 method=shared_b64_accurate_nozero phase=tile_load sampled_thread_ms=3.07726860046 sampled_tiles=1185 profile_wall_ms=259.674072266
SOURCE_PROFILE graph=soc-LiveJournal1 method=shared_b64_accurate_nozero phase=tile_compute sampled_thread_ms=3.14855575562 sampled_tiles=1185 profile_wall_ms=259.674072266
SOURCE_PROFILE graph=soc-LiveJournal1 method=shared_b64_accurate_nozero phase=tile_store sampled_thread_ms=0.140905380249 sampled_tiles=1185 profile_wall_ms=259.674072266
SOURCE_PROFILE graph=soc-LiveJournal1 method=shared_b64_accurate_nozero phase=output_scatter sampled_thread_ms=4.77695465088 sampled_tiles=1185 profile_wall_ms=259.674072266
SOURCE_PROFILE graph=soc-LiveJournal1 method=shared_b64_accurate_nozero phase=thread_amx_setup sampled_thread_ms=0.0202655792236 sampled_tiles=1185 profile_wall_ms=259.674072266
SOURCE_TIME graph=soc-LiveJournal1 method=shared_bfull_fast_nozero kind=kernel repeat=0 ms=240.808010101
SOURCE_TIME graph=soc-LiveJournal1 method=shared_bfull_fast_nozero kind=kernel repeat=1 ms=239.728927612
SOURCE_TIME graph=soc-LiveJournal1 method=shared_bfull_fast_nozero kind=kernel repeat=2 ms=238.536834717
SOURCE_TIME graph=soc-LiveJournal1 method=shared_bfull_fast_nozero kind=kernel repeat=3 ms=242.168188095
SOURCE_TIME graph=soc-LiveJournal1 method=shared_bfull_fast_nozero kind=kernel repeat=4 ms=242.745876312
SOURCE_TIME graph=soc-LiveJournal1 method=shared_bfull_fast_nozero kind=e2e repeat=0 ms=492.902040482
SOURCE_TIME graph=soc-LiveJournal1 method=shared_bfull_fast_nozero kind=e2e repeat=1 ms=493.28994751
SOURCE_TIME graph=soc-LiveJournal1 method=shared_bfull_fast_nozero kind=e2e repeat=2 ms=493.525981903
SOURCE_TIME graph=soc-LiveJournal1 method=shared_bfull_fast_nozero kind=e2e repeat=3 ms=492.592811584
SOURCE_TIME graph=soc-LiveJournal1 method=shared_bfull_fast_nozero kind=e2e repeat=4 ms=496.662139893
SOURCE_STAGE graph=soc-LiveJournal1 method=shared_bfull_fast_nozero repeat=0 layer1_ms=242.616176605 relu_ms=91.267824173 conversion_ms=33.8921546936 layer2_ms=125.21982193 total_ms=492.995977402
SOURCE_STAGE graph=soc-LiveJournal1 method=shared_bfull_fast_nozero repeat=1 layer1_ms=239.338874817 relu_ms=91.3898944855 conversion_ms=33.919095993 layer2_ms=125.427007675 total_ms=490.074872971
SOURCE_STAGE graph=soc-LiveJournal1 method=shared_bfull_fast_nozero repeat=2 layer1_ms=240.888118744 relu_ms=90.2588367462 conversion_ms=33.928155899 layer2_ms=125.977039337 total_ms=491.052150726
SOURCE_PROFILE graph=soc-LiveJournal1 method=shared_bfull_fast_nozero phase=output_zero sampled_thread_ms=0 sampled_tiles=1185 profile_wall_ms=249.022006989
SOURCE_PROFILE graph=soc-LiveJournal1 method=shared_bfull_fast_nozero phase=row_schedule sampled_thread_ms=0.955820083618 sampled_tiles=1185 profile_wall_ms=249.022006989
SOURCE_PROFILE graph=soc-LiveJournal1 method=shared_bfull_fast_nozero phase=partial_zero sampled_thread_ms=0.271081924438 sampled_tiles=1185 profile_wall_ms=249.022006989
SOURCE_PROFILE graph=soc-LiveJournal1 method=shared_bfull_fast_nozero phase=csr_prefetch sampled_thread_ms=11.7681026459 sampled_tiles=1185 profile_wall_ms=249.022006989
SOURCE_PROFILE graph=soc-LiveJournal1 method=shared_bfull_fast_nozero phase=feature_gather_decode sampled_thread_ms=28.2685756683 sampled_tiles=1185 profile_wall_ms=249.022006989
SOURCE_PROFILE graph=soc-LiveJournal1 method=shared_bfull_fast_nozero phase=fp32_neighbor_reduction sampled_thread_ms=9.05418395996 sampled_tiles=1185 profile_wall_ms=249.022006989
SOURCE_PROFILE graph=soc-LiveJournal1 method=shared_bfull_fast_nozero phase=partial_bf16_conversion sampled_thread_ms=0.2121925354 sampled_tiles=1185 profile_wall_ms=249.022006989
SOURCE_PROFILE graph=soc-LiveJournal1 method=shared_bfull_fast_nozero phase=tile_load sampled_thread_ms=1.77478790283 sampled_tiles=1185 profile_wall_ms=249.022006989
SOURCE_PROFILE graph=soc-LiveJournal1 method=shared_bfull_fast_nozero phase=tile_compute sampled_thread_ms=1.713514328 sampled_tiles=1185 profile_wall_ms=249.022006989
SOURCE_PROFILE graph=soc-LiveJournal1 method=shared_bfull_fast_nozero phase=tile_store sampled_thread_ms=0.125408172607 sampled_tiles=1185 profile_wall_ms=249.022006989
SOURCE_PROFILE graph=soc-LiveJournal1 method=shared_bfull_fast_nozero phase=output_scatter sampled_thread_ms=4.92310523987 sampled_tiles=1185 profile_wall_ms=249.022006989
SOURCE_PROFILE graph=soc-LiveJournal1 method=shared_bfull_fast_nozero phase=thread_amx_setup sampled_thread_ms=0.0209808349609 sampled_tiles=1185 profile_wall_ms=249.022006989
SOURCE_TIME graph=soc-LiveJournal1 method=shared_bfull_accurate_nozero kind=kernel repeat=0 ms=247.756004333
SOURCE_TIME graph=soc-LiveJournal1 method=shared_bfull_accurate_nozero kind=kernel repeat=1 ms=247.286081314
SOURCE_TIME graph=soc-LiveJournal1 method=shared_bfull_accurate_nozero kind=kernel repeat=2 ms=246.653079987
SOURCE_TIME graph=soc-LiveJournal1 method=shared_bfull_accurate_nozero kind=kernel repeat=3 ms=245.781898499
SOURCE_TIME graph=soc-LiveJournal1 method=shared_bfull_accurate_nozero kind=kernel repeat=4 ms=246.261119843
SOURCE_TIME graph=soc-LiveJournal1 method=shared_bfull_accurate_nozero kind=e2e repeat=0 ms=498.321056366
SOURCE_TIME graph=soc-LiveJournal1 method=shared_bfull_accurate_nozero kind=e2e repeat=1 ms=498.133897781
SOURCE_TIME graph=soc-LiveJournal1 method=shared_bfull_accurate_nozero kind=e2e repeat=2 ms=499.778032303
SOURCE_TIME graph=soc-LiveJournal1 method=shared_bfull_accurate_nozero kind=e2e repeat=3 ms=506.367921829
SOURCE_TIME graph=soc-LiveJournal1 method=shared_bfull_accurate_nozero kind=e2e repeat=4 ms=501.177072525
SOURCE_STAGE graph=soc-LiveJournal1 method=shared_bfull_accurate_nozero repeat=0 layer1_ms=247.187852859 relu_ms=89.350938797 conversion_ms=33.8981151581 layer2_ms=131.470918655 total_ms=501.90782547
SOURCE_STAGE graph=soc-LiveJournal1 method=shared_bfull_accurate_nozero repeat=1 layer1_ms=244.579076767 relu_ms=90.2841091156 conversion_ms=34.0089797974 layer2_ms=131.016969681 total_ms=499.889135361
SOURCE_STAGE graph=soc-LiveJournal1 method=shared_bfull_accurate_nozero repeat=2 layer1_ms=248.214006424 relu_ms=91.5050506592 conversion_ms=33.9469909668 layer2_ms=132.827997208 total_ms=506.494045258
SOURCE_PROFILE graph=soc-LiveJournal1 method=shared_bfull_accurate_nozero phase=output_zero sampled_thread_ms=0 sampled_tiles=1185 profile_wall_ms=257.459878922
SOURCE_PROFILE graph=soc-LiveJournal1 method=shared_bfull_accurate_nozero phase=row_schedule sampled_thread_ms=0.747442245483 sampled_tiles=1185 profile_wall_ms=257.459878922
SOURCE_PROFILE graph=soc-LiveJournal1 method=shared_bfull_accurate_nozero phase=partial_zero sampled_thread_ms=0.280857086182 sampled_tiles=1185 profile_wall_ms=257.459878922
SOURCE_PROFILE graph=soc-LiveJournal1 method=shared_bfull_accurate_nozero phase=csr_prefetch sampled_thread_ms=11.7270946503 sampled_tiles=1185 profile_wall_ms=257.459878922
SOURCE_PROFILE graph=soc-LiveJournal1 method=shared_bfull_accurate_nozero phase=feature_gather_decode sampled_thread_ms=27.979850769 sampled_tiles=1185 profile_wall_ms=257.459878922
SOURCE_PROFILE graph=soc-LiveJournal1 method=shared_bfull_accurate_nozero phase=fp32_neighbor_reduction sampled_thread_ms=9.13071632385 sampled_tiles=1185 profile_wall_ms=257.459878922
SOURCE_PROFILE graph=soc-LiveJournal1 method=shared_bfull_accurate_nozero phase=partial_bf16_conversion sampled_thread_ms=0.401020050049 sampled_tiles=1185 profile_wall_ms=257.459878922
SOURCE_PROFILE graph=soc-LiveJournal1 method=shared_bfull_accurate_nozero phase=tile_load sampled_thread_ms=2.39324569702 sampled_tiles=1185 profile_wall_ms=257.459878922
SOURCE_PROFILE graph=soc-LiveJournal1 method=shared_bfull_accurate_nozero phase=tile_compute sampled_thread_ms=2.38800048828 sampled_tiles=1185 profile_wall_ms=257.459878922
SOURCE_PROFILE graph=soc-LiveJournal1 method=shared_bfull_accurate_nozero phase=tile_store sampled_thread_ms=0.0996589660645 sampled_tiles=1185 profile_wall_ms=257.459878922
SOURCE_PROFILE graph=soc-LiveJournal1 method=shared_bfull_accurate_nozero phase=output_scatter sampled_thread_ms=4.8520565033 sampled_tiles=1185 profile_wall_ms=257.459878922
SOURCE_PROFILE graph=soc-LiveJournal1 method=shared_bfull_accurate_nozero phase=thread_amx_setup sampled_thread_ms=0.0183582305908 sampled_tiles=1185 profile_wall_ms=257.459878922
SOURCE_COMPLETE graph=soc-LiveJournal1 pass=1 max_rss_kib=23286168
