GCN E2E v3 — Hybrid Pipeline (FP32 inter-layer + BF16 final)
Threads: 32

Loading: /home/huangjianqiang_group/hdacp1/data/yx/TFS/data/com-Youtube/com-Youtube.csrbin
Matrix: com-Youtube  N=1134890  NNZ=5975248  avg_deg=5.3

=== TFS V3 Hybrid Pipeline ===
  run 0: 47.33 ms
  run 1: 47.32 ms
  run 2: 47.59 ms
  run 3: 48.33 ms
  run 4: 48.39 ms
  TFS V3 E2E BEST: 47.32 ms

=== MKL FP32 Two-Step ===
  run 0: 53.64 ms
  run 1: 54.35 ms
  run 2: 54.39 ms
  run 3: 53.99 ms
  run 4: 54.01 ms
  MKL E2E BEST: 53.64 ms

=== E2E Summary ===
  TFS V3 (hybrid): 47.32 ms
  MKL (FP32):      53.64 ms
  E2E Speedup:     1.13×

=== Precision ===
  TFS_hybrid vs MKL_FP32: max_rel_err=0.010551  RMSE=3.8059e+01
First 8:
  TFS: -2351.26 -6218.97 -4421.02 -752.56 -857.43 -2407.82 -5064.00 -5634.36 
  MKL: -2364.53 -6275.42 -4456.55 -765.30 -868.71 -2435.09 -5125.71 -5678.16 
