PAPER_START ogbn-products
PAPER_PASS ogbn-products kernel 6.647566859253082 E2E 4.176427005834594
PAPER_START reddit
PAPER_PASS reddit kernel 2.2721074521033615 E2E 1.4642372039092264
PAPER_START soc-Pokec
PAPER_PASS soc-Pokec kernel 4.787707390648567 E2E 3.359781950333131
PAPER_START cit-Patents
PAPER_PASS cit-Patents kernel 4.696849474912485 E2E 3.5355713363460293
PAPER_START soc-LiveJournal1
PAPER_PASS soc-LiveJournal1 kernel 3.618028734744322 E2E 2.7352775994865213
PAPER_START web-Google
PAPER_PASS web-Google kernel 2.5439330543933054 E2E 2.2648183556405352
PAPER_START roadNet-CA
PAPER_PASS roadNet-CA kernel 2.2133333333333334 E2E 1.8370165745856353
PAPER_START wiki-Talk
PAPER_PASS wiki-Talk kernel 0.9330289193302891 E2E 0.854043392504931
PAPER_START mycielskian19
PAPER_PASS mycielskian19 kernel 2.7990762342851205 E2E 2.2090244491975684
PAPER_START hollywood-2009
PAPER_PASS hollywood-2009 kernel 1.7581236728653242 E2E 1.2713280273630205
PAPER_START indochina-2004
PAPER_PASS indochina-2004 kernel 2.265637553081602 E2E 1.9988505747126437
PAPER_START com-LiveJournal
PAPER_PASS com-LiveJournal kernel 3.5734858788703097 E2E 2.681106949646275
PAPER_START rgg_n_2_24_s0
PAPER_PASS rgg_n_2_24_s0 kernel 3.361545905916014 E2E 2.2779488793471665
PAPER_START as-Skitter
PAPER_PASS as-Skitter kernel 2.168468981217985 E2E 1.6036884441828525
PAPER_START email-Enron
PAPER_PASS email-Enron kernel 0.6727272727272726 E2E 0.6380090497737556
PAPER_START amazon0601
PAPER_PASS amazon0601 kernel 2.9320557491289194 E2E 2.015810276679842
PAPER_START com-Youtube
PAPER_PASS com-Youtube kernel 1.4031435853865761 E2E 1.159846547314578
PAPER_COMPLETE {"passed": 17, "excluded": 8, "failed": 0, "mode": "formal"}
