CONFIG N=169343 E=2484941 Din=128 C=40 threads=16 warmups=1 repeats=3 seed=11 untrained=true block=32 panel=64 tile_rows=16 degree_sort_ms=16.794728 full_group_guards=compile_time_removed master_reference_gate=UNVERIFIED
STATIC layer=1 prepare_ms=0.490877 joint_U_scratch_bytes_per_worker=65536
STATIC layer=2 prepare_ms=0.730056 joint_U_scratch_bytes_per_worker=131072
STATIC layer=3 prepare_ms=0.121097 joint_U_scratch_bytes_per_worker=16384
CHECK path=full_fixed_input_g1 layer=1 reference=joint_v1_g8_same_input max_abs_error=0 mean_abs_error=0 relative_L2_error=0 finite=1 master_gate=UNVERIFIED
MATCHED_IDENTITY layer=1 group=1 bit_equal=1
CHECK path=full_fixed_input_g2 layer=1 reference=joint_v1_g8_same_input max_abs_error=0 mean_abs_error=0 relative_L2_error=0 finite=1 master_gate=UNVERIFIED
MATCHED_IDENTITY layer=1 group=2 bit_equal=1
CHECK path=full_fixed_input_g4 layer=1 reference=joint_v1_g8_same_input max_abs_error=0 mean_abs_error=0 relative_L2_error=0 finite=1 master_gate=UNVERIFIED
MATCHED_IDENTITY layer=1 group=4 bit_equal=1
CHECK path=full_fixed_input_g8 layer=1 reference=joint_v1_g8_same_input max_abs_error=0 mean_abs_error=0 relative_L2_error=0 finite=1 master_gate=UNVERIFIED
MATCHED_IDENTITY layer=1 group=8 bit_equal=1
CHECK path=full_fixed_input_g1 layer=2 reference=joint_v1_g8_same_input max_abs_error=0 mean_abs_error=0 relative_L2_error=0 finite=1 master_gate=UNVERIFIED
MATCHED_IDENTITY layer=2 group=1 bit_equal=1
CHECK path=full_fixed_input_g2 layer=2 reference=joint_v1_g8_same_input max_abs_error=0 mean_abs_error=0 relative_L2_error=0 finite=1 master_gate=UNVERIFIED
MATCHED_IDENTITY layer=2 group=2 bit_equal=1
CHECK path=full_fixed_input_g4 layer=2 reference=joint_v1_g8_same_input max_abs_error=0 mean_abs_error=0 relative_L2_error=0 finite=1 master_gate=UNVERIFIED
MATCHED_IDENTITY layer=2 group=4 bit_equal=1
CHECK path=full_fixed_input_g8 layer=2 reference=joint_v1_g8_same_input max_abs_error=0 mean_abs_error=0 relative_L2_error=0 finite=1 master_gate=UNVERIFIED
MATCHED_IDENTITY layer=2 group=8 bit_equal=1
CHECK path=full_fixed_input_g1 layer=3 reference=joint_v1_g8_same_input max_abs_error=0 mean_abs_error=0 relative_L2_error=0 finite=1 master_gate=UNVERIFIED
MATCHED_IDENTITY layer=3 group=1 bit_equal=1
CHECK path=full_fixed_input_g2 layer=3 reference=joint_v1_g8_same_input max_abs_error=0 mean_abs_error=0 relative_L2_error=0 finite=1 master_gate=UNVERIFIED
MATCHED_IDENTITY layer=3 group=2 bit_equal=1
CHECK path=full_fixed_input_g4 layer=3 reference=joint_v1_g8_same_input max_abs_error=0 mean_abs_error=0 relative_L2_error=0 finite=1 master_gate=UNVERIFIED
MATCHED_IDENTITY layer=3 group=4 bit_equal=1
CHECK path=full_fixed_input_g8 layer=3 reference=joint_v1_g8_same_input max_abs_error=0 mean_abs_error=0 relative_L2_error=0 finite=1 master_gate=UNVERIFIED
MATCHED_IDENTITY layer=3 group=8 bit_equal=1
CHECK path=B0_FP32 layer=1 reference=B0_FP32_full_model max_abs_error=0 mean_abs_error=0 relative_L2_error=0 finite=1 master_gate=UNVERIFIED
CHECK path=B0_FP32 layer=2 reference=B0_FP32_full_model max_abs_error=0 mean_abs_error=0 relative_L2_error=0 finite=1 master_gate=UNVERIFIED
CHECK path=B0_FP32 layer=3 reference=B0_FP32_full_model max_abs_error=0 mean_abs_error=0 relative_L2_error=0 finite=1 master_gate=UNVERIFIED
CHECK path=B0_BF16 layer=1 reference=B0_FP32_full_model max_abs_error=0.00294017791748 mean_abs_error=0.000310601022267 relative_L2_error=0.00190785210806 finite=1 master_gate=UNVERIFIED
CHECK path=B0_BF16 layer=2 reference=B0_FP32_full_model max_abs_error=0.00309580564499 mean_abs_error=0.00039252464584 relative_L2_error=0.00253741964854 finite=1 master_gate=UNVERIFIED
CHECK path=B0_BF16 layer=3 reference=B0_FP32_full_model max_abs_error=0.00333481281996 mean_abs_error=0.000497330746597 relative_L2_error=0.00310539759334 finite=1 master_gate=UNVERIFIED
CHECK path=joint_v1_g2 layer=1 reference=B0_FP32_full_model max_abs_error=2.98023223877e-06 mean_abs_error=3.37278126141e-08 relative_L2_error=2.47892636985e-07 finite=1 master_gate=UNVERIFIED
CHECK path=joint_v1_g2 layer=2 reference=B0_FP32_full_model max_abs_error=2.32458114624e-06 mean_abs_error=5.11332031516e-08 relative_L2_error=3.73431298945e-07 finite=1 master_gate=UNVERIFIED
CHECK path=joint_v1_g2 layer=3 reference=B0_FP32_full_model max_abs_error=1.81794166565e-06 mean_abs_error=5.53293051788e-08 relative_L2_error=3.67525850721e-07 finite=1 master_gate=UNVERIFIED
CHECK path=joint_v1_g8 layer=1 reference=B0_FP32_full_model max_abs_error=2.98023223877e-06 mean_abs_error=3.37278126141e-08 relative_L2_error=2.47892636985e-07 finite=1 master_gate=UNVERIFIED
CHECK path=joint_v1_g8 layer=2 reference=B0_FP32_full_model max_abs_error=2.32458114624e-06 mean_abs_error=5.11332031516e-08 relative_L2_error=3.73431298945e-07 finite=1 master_gate=UNVERIFIED
CHECK path=joint_v1_g8 layer=3 reference=B0_FP32_full_model max_abs_error=1.81794166565e-06 mean_abs_error=5.53293051788e-08 relative_L2_error=3.67525850721e-07 finite=1 master_gate=UNVERIFIED
CHECK path=joint_full_g2 layer=1 reference=B0_FP32_full_model max_abs_error=2.98023223877e-06 mean_abs_error=3.37278126141e-08 relative_L2_error=2.47892636985e-07 finite=1 master_gate=UNVERIFIED
CHECK path=joint_full_g2 layer=2 reference=B0_FP32_full_model max_abs_error=2.32458114624e-06 mean_abs_error=5.11332031516e-08 relative_L2_error=3.73431298945e-07 finite=1 master_gate=UNVERIFIED
CHECK path=joint_full_g2 layer=3 reference=B0_FP32_full_model max_abs_error=1.81794166565e-06 mean_abs_error=5.53293051788e-08 relative_L2_error=3.67525850721e-07 finite=1 master_gate=UNVERIFIED
CHECK path=joint_full_g4 layer=1 reference=B0_FP32_full_model max_abs_error=2.98023223877e-06 mean_abs_error=3.37278126141e-08 relative_L2_error=2.47892636985e-07 finite=1 master_gate=UNVERIFIED
CHECK path=joint_full_g4 layer=2 reference=B0_FP32_full_model max_abs_error=2.32458114624e-06 mean_abs_error=5.11332031516e-08 relative_L2_error=3.73431298945e-07 finite=1 master_gate=UNVERIFIED
CHECK path=joint_full_g4 layer=3 reference=B0_FP32_full_model max_abs_error=1.81794166565e-06 mean_abs_error=5.53293051788e-08 relative_L2_error=3.67525850721e-07 finite=1 master_gate=UNVERIFIED
CHECK path=joint_full_g8 layer=1 reference=B0_FP32_full_model max_abs_error=2.98023223877e-06 mean_abs_error=3.37278126141e-08 relative_L2_error=2.47892636985e-07 finite=1 master_gate=UNVERIFIED
CHECK path=joint_full_g8 layer=2 reference=B0_FP32_full_model max_abs_error=2.32458114624e-06 mean_abs_error=5.11332031516e-08 relative_L2_error=3.73431298945e-07 finite=1 master_gate=UNVERIFIED
CHECK path=joint_full_g8 layer=3 reference=B0_FP32_full_model max_abs_error=1.81794166565e-06 mean_abs_error=5.53293051788e-08 relative_L2_error=3.67525850721e-07 finite=1 master_gate=UNVERIFIED
{"path":"B0_FP32","rep":0,"layer":1,"e2e_ms":74.172471,"layer_ms":30.785832,"lr_ms":1.329919,"kernel_ms":20.914504,"projection_ms":5.244881,"conversion_ms":3.2e-05,"max_prescan_ms":0.627297,"normalization_ms":1.231106,"activation_ms":1.437543}
{"path":"B0_FP32","rep":0,"layer":2,"e2e_ms":74.172471,"layer_ms":35.629348,"lr_ms":1.267133,"kernel_ms":20.845606,"projection_ms":10.180887,"conversion_ms":2.1e-05,"max_prescan_ms":0.639244,"normalization_ms":1.246108,"activation_ms":1.450094}
{"path":"B0_FP32","rep":0,"layer":3,"e2e_ms":74.172471,"layer_ms":7.754403,"lr_ms":0.258844,"kernel_ms":3.898903,"projection_ms":2.995471,"conversion_ms":2e-05,"max_prescan_ms":0.410549,"normalization_ms":0.19,"activation_ms":3e-05}
{"path":"B0_BF16","rep":0,"layer":1,"e2e_ms":67.921739,"layer_ms":30.047139,"lr_ms":1.313635,"kernel_ms":20.808797,"projection_ms":3.81037,"conversion_ms":0.720719,"max_prescan_ms":0.679949,"normalization_ms":1.274719,"activation_ms":1.438683}
{"path":"B0_BF16","rep":0,"layer":2,"e2e_ms":67.921739,"layer_ms":30.834974,"lr_ms":1.223767,"kernel_ms":20.795634,"projection_ms":4.190565,"conversion_ms":1.292737,"max_prescan_ms":0.623567,"normalization_ms":1.250085,"activation_ms":1.457854}
{"path":"B0_BF16","rep":0,"layer":3,"e2e_ms":67.921739,"layer_ms":7.037339,"lr_ms":0.224815,"kernel_ms":3.968303,"projection_ms":0.996147,"conversion_ms":1.247417,"max_prescan_ms":0.410151,"normalization_ms":0.190162,"activation_ms":2.8e-05}
{"path":"joint_v1_g2","rep":0,"layer":1,"e2e_ms":157.733656,"layer_ms":50.224041,"lr_ms":0.960852,"kernel_ms":47.825269,"projection_ms":0,"conversion_ms":0,"max_prescan_ms":0,"normalization_ms":0,"activation_ms":1.437804}
{"path":"joint_v1_g2","rep":0,"layer":2,"e2e_ms":157.733656,"layer_ms":81.052606,"lr_ms":1.266102,"kernel_ms":78.310524,"projection_ms":0,"conversion_ms":0,"max_prescan_ms":0,"normalization_ms":0,"activation_ms":1.475772}
{"path":"joint_v1_g2","rep":0,"layer":3,"e2e_ms":157.733656,"layer_ms":26.453058,"lr_ms":1.257638,"kernel_ms":25.195024,"projection_ms":0,"conversion_ms":0,"max_prescan_ms":0,"normalization_ms":0,"activation_ms":0.000153}
{"path":"joint_v1_g8","rep":0,"layer":1,"e2e_ms":137.931131,"layer_ms":47.856442,"lr_ms":0.839847,"kernel_ms":45.585306,"projection_ms":0,"conversion_ms":0,"max_prescan_ms":0,"normalization_ms":0,"activation_ms":1.431192}
{"path":"joint_v1_g8","rep":0,"layer":2,"e2e_ms":137.931131,"layer_ms":64.730846,"lr_ms":1.264501,"kernel_ms":61.991581,"projection_ms":0,"conversion_ms":0,"max_prescan_ms":0,"normalization_ms":0,"activation_ms":1.474589}
{"path":"joint_v1_g8","rep":0,"layer":3,"e2e_ms":137.931131,"layer_ms":25.341366,"lr_ms":1.250953,"kernel_ms":24.090032,"projection_ms":0,"conversion_ms":0,"max_prescan_ms":0,"normalization_ms":0,"activation_ms":0.000143}
{"path":"joint_full_g2","rep":0,"layer":1,"e2e_ms":148.885585,"layer_ms":44.956465,"lr_ms":0.844561,"kernel_ms":42.688398,"projection_ms":0,"conversion_ms":0,"max_prescan_ms":0,"normalization_ms":0,"activation_ms":1.423394}
{"path":"joint_full_g2","rep":0,"layer":2,"e2e_ms":148.885585,"layer_ms":79.255562,"lr_ms":1.280498,"kernel_ms":76.442231,"projection_ms":0,"conversion_ms":0,"max_prescan_ms":0,"normalization_ms":0,"activation_ms":1.532275}
{"path":"joint_full_g2","rep":0,"layer":3,"e2e_ms":148.885585,"layer_ms":24.670248,"lr_ms":1.30925,"kernel_ms":23.360811,"projection_ms":0,"conversion_ms":0,"max_prescan_ms":0,"normalization_ms":0,"activation_ms":4e-05}
{"path":"joint_full_g4","rep":0,"layer":1,"e2e_ms":145.184511,"layer_ms":48.143208,"lr_ms":0.841145,"kernel_ms":45.889532,"projection_ms":0,"conversion_ms":0,"max_prescan_ms":0,"normalization_ms":0,"activation_ms":1.412419}
{"path":"joint_full_g4","rep":0,"layer":2,"e2e_ms":145.184511,"layer_ms":72.565359,"lr_ms":1.258114,"kernel_ms":69.794058,"projection_ms":0,"conversion_ms":0,"max_prescan_ms":0,"normalization_ms":0,"activation_ms":1.513018}
{"path":"joint_full_g4","rep":0,"layer":3,"e2e_ms":145.184511,"layer_ms":24.473149,"lr_ms":1.315675,"kernel_ms":23.15716,"projection_ms":0,"conversion_ms":0,"max_prescan_ms":0,"normalization_ms":0,"activation_ms":0.000163}
{"path":"joint_full_g8","rep":0,"layer":1,"e2e_ms":135.209209,"layer_ms":47.471273,"lr_ms":0.854452,"kernel_ms":45.204359,"projection_ms":0,"conversion_ms":0,"max_prescan_ms":0,"normalization_ms":0,"activation_ms":1.412344}
{"path":"joint_full_g8","rep":0,"layer":2,"e2e_ms":135.209209,"layer_ms":63.96304,"lr_ms":1.277964,"kernel_ms":61.17318,"projection_ms":0,"conversion_ms":0,"max_prescan_ms":0,"normalization_ms":0,"activation_ms":1.511226}
{"path":"joint_full_g8","rep":0,"layer":3,"e2e_ms":135.209209,"layer_ms":23.772158,"lr_ms":1.317817,"kernel_ms":22.45405,"projection_ms":0,"conversion_ms":0,"max_prescan_ms":0,"normalization_ms":0,"activation_ms":0.000144}
{"path":"joint_full_g8","rep":1,"layer":1,"e2e_ms":135.469152,"layer_ms":46.943447,"lr_ms":0.847497,"kernel_ms":44.667289,"projection_ms":0,"conversion_ms":0,"max_prescan_ms":0,"normalization_ms":0,"activation_ms":1.428564}
{"path":"joint_full_g8","rep":1,"layer":2,"e2e_ms":135.469152,"layer_ms":63.997267,"lr_ms":1.260602,"kernel_ms":61.200026,"projection_ms":0,"conversion_ms":0,"max_prescan_ms":0,"normalization_ms":0,"activation_ms":1.536468}
{"path":"joint_full_g8","rep":1,"layer":3,"e2e_ms":135.469152,"layer_ms":24.526006,"lr_ms":1.299759,"kernel_ms":23.225952,"projection_ms":0,"conversion_ms":0,"max_prescan_ms":0,"normalization_ms":0,"activation_ms":0.00015}
{"path":"joint_full_g4","rep":1,"layer":1,"e2e_ms":148.311381,"layer_ms":48.924235,"lr_ms":0.848467,"kernel_ms":46.659029,"projection_ms":0,"conversion_ms":0,"max_prescan_ms":0,"normalization_ms":0,"activation_ms":1.416625}
{"path":"joint_full_g4","rep":1,"layer":2,"e2e_ms":148.311381,"layer_ms":73.780211,"lr_ms":1.259764,"kernel_ms":71.000458,"projection_ms":0,"conversion_ms":0,"max_prescan_ms":0,"normalization_ms":0,"activation_ms":1.519872}
{"path":"joint_full_g4","rep":1,"layer":3,"e2e_ms":148.311381,"layer_ms":25.604259,"lr_ms":1.306632,"kernel_ms":24.297379,"projection_ms":0,"conversion_ms":0,"max_prescan_ms":0,"normalization_ms":0,"activation_ms":0.000151}
{"path":"joint_full_g2","rep":1,"layer":1,"e2e_ms":148.736838,"layer_ms":47.207841,"lr_ms":0.863076,"kernel_ms":44.928088,"projection_ms":0,"conversion_ms":0,"max_prescan_ms":0,"normalization_ms":0,"activation_ms":1.416478}
{"path":"joint_full_g2","rep":1,"layer":2,"e2e_ms":148.736838,"layer_ms":76.871864,"lr_ms":1.258138,"kernel_ms":74.102353,"projection_ms":0,"conversion_ms":0,"max_prescan_ms":0,"normalization_ms":0,"activation_ms":1.51121}
{"path":"joint_full_g2","rep":1,"layer":3,"e2e_ms":148.736838,"layer_ms":24.654045,"lr_ms":1.313594,"kernel_ms":23.34026,"projection_ms":0,"conversion_ms":0,"max_prescan_ms":0,"normalization_ms":0,"activation_ms":3.2e-05}
{"path":"joint_v1_g8","rep":1,"layer":1,"e2e_ms":141.065463,"layer_ms":48.009561,"lr_ms":0.852707,"kernel_ms":45.727542,"projection_ms":0,"conversion_ms":0,"max_prescan_ms":0,"normalization_ms":0,"activation_ms":1.429216}
{"path":"joint_v1_g8","rep":1,"layer":2,"e2e_ms":141.065463,"layer_ms":67.147538,"lr_ms":1.253853,"kernel_ms":64.427165,"projection_ms":0,"conversion_ms":0,"max_prescan_ms":0,"normalization_ms":0,"activation_ms":1.466341}
{"path":"joint_v1_g8","rep":1,"layer":3,"e2e_ms":141.065463,"layer_ms":25.905097,"lr_ms":1.268381,"kernel_ms":24.636456,"projection_ms":0,"conversion_ms":0,"max_prescan_ms":0,"normalization_ms":0,"activation_ms":0.000163}
{"path":"joint_v1_g2","rep":1,"layer":1,"e2e_ms":153.776981,"layer_ms":47.028788,"lr_ms":0.859505,"kernel_ms":44.734904,"projection_ms":0,"conversion_ms":0,"max_prescan_ms":0,"normalization_ms":0,"activation_ms":1.434249}
{"path":"joint_v1_g2","rep":1,"layer":2,"e2e_ms":153.776981,"layer_ms":81.078417,"lr_ms":1.256601,"kernel_ms":78.358145,"projection_ms":0,"conversion_ms":0,"max_prescan_ms":0,"normalization_ms":0,"activation_ms":1.463315}
{"path":"joint_v1_g2","rep":1,"layer":3,"e2e_ms":153.776981,"layer_ms":25.66673,"lr_ms":1.248934,"kernel_ms":24.417232,"projection_ms":0,"conversion_ms":0,"max_prescan_ms":0,"normalization_ms":0,"activation_ms":0.000146}
{"path":"B0_BF16","rep":1,"layer":1,"e2e_ms":67.946506,"layer_ms":29.997257,"lr_ms":1.2967,"kernel_ms":20.878167,"projection_ms":3.901978,"conversion_ms":0.630951,"max_prescan_ms":0.627838,"normalization_ms":1.221921,"activation_ms":1.43942}
{"path":"B0_BF16","rep":1,"layer":2,"e2e_ms":67.946506,"layer_ms":30.870202,"lr_ms":1.251034,"kernel_ms":20.807998,"projection_ms":4.208008,"conversion_ms":1.267679,"max_prescan_ms":0.631833,"normalization_ms":1.259516,"activation_ms":1.44384}
{"path":"B0_BF16","rep":1,"layer":3,"e2e_ms":67.946506,"layer_ms":7.076604,"lr_ms":0.243825,"kernel_ms":3.972723,"projection_ms":1.000784,"conversion_ms":1.261217,"max_prescan_ms":0.406296,"normalization_ms":0.191365,"activation_ms":2.5e-05}
{"path":"B0_FP32","rep":1,"layer":1,"e2e_ms":74.27189,"layer_ms":30.875289,"lr_ms":1.338653,"kernel_ms":20.962115,"projection_ms":5.225011,"conversion_ms":3.7e-05,"max_prescan_ms":0.675941,"normalization_ms":1.240627,"activation_ms":1.43235}
{"path":"B0_FP32","rep":1,"layer":2,"e2e_ms":74.27189,"layer_ms":35.639554,"lr_ms":1.283429,"kernel_ms":20.808212,"projection_ms":10.191888,"conversion_ms":0.000412,"max_prescan_ms":0.637065,"normalization_ms":1.246807,"activation_ms":1.47127}
{"path":"B0_FP32","rep":1,"layer":3,"e2e_ms":74.27189,"layer_ms":7.75382,"lr_ms":0.242336,"kernel_ms":3.914002,"projection_ms":2.992774,"conversion_ms":2.7e-05,"max_prescan_ms":0.411299,"normalization_ms":0.192923,"activation_ms":0.000113}
{"path":"B0_FP32","rep":2,"layer":1,"e2e_ms":74.242024,"layer_ms":30.889782,"lr_ms":1.304314,"kernel_ms":20.995071,"projection_ms":5.206491,"conversion_ms":1.9e-05,"max_prescan_ms":0.704786,"normalization_ms":1.241979,"activation_ms":1.436779}
{"path":"B0_FP32","rep":2,"layer":2,"e2e_ms":74.242024,"layer_ms":35.575581,"lr_ms":1.26812,"kernel_ms":20.804346,"projection_ms":10.166998,"conversion_ms":2e-05,"max_prescan_ms":0.639885,"normalization_ms":1.243286,"activation_ms":1.452673}
{"path":"B0_FP32","rep":2,"layer":3,"e2e_ms":74.242024,"layer_ms":7.774537,"lr_ms":0.251627,"kernel_ms":3.911591,"projection_ms":2.98721,"conversion_ms":2.1e-05,"max_prescan_ms":0.422565,"normalization_ms":0.201129,"activation_ms":0.000132}
{"path":"B0_BF16","rep":2,"layer":1,"e2e_ms":67.912345,"layer_ms":29.953071,"lr_ms":1.295162,"kernel_ms":20.827968,"projection_ms":3.854533,"conversion_ms":0.610175,"max_prescan_ms":0.67572,"normalization_ms":1.234841,"activation_ms":1.454399}
{"path":"B0_BF16","rep":2,"layer":2,"e2e_ms":67.912345,"layer_ms":30.896272,"lr_ms":1.245968,"kernel_ms":20.787013,"projection_ms":4.240413,"conversion_ms":1.277245,"max_prescan_ms":0.641883,"normalization_ms":1.24876,"activation_ms":1.454211}
{"path":"B0_BF16","rep":2,"layer":3,"e2e_ms":67.912345,"layer_ms":7.061065,"lr_ms":0.225364,"kernel_ms":3.975695,"projection_ms":0.993574,"conversion_ms":1.254828,"max_prescan_ms":0.410107,"normalization_ms":0.200611,"activation_ms":2.7e-05}
{"path":"joint_v1_g2","rep":2,"layer":1,"e2e_ms":158.25315,"layer_ms":48.237464,"lr_ms":0.956076,"kernel_ms":45.858157,"projection_ms":0,"conversion_ms":0,"max_prescan_ms":0,"normalization_ms":0,"activation_ms":1.423117}
{"path":"joint_v1_g2","rep":2,"layer":2,"e2e_ms":158.25315,"layer_ms":84.30001,"lr_ms":1.25921,"kernel_ms":81.570269,"projection_ms":0,"conversion_ms":0,"max_prescan_ms":0,"normalization_ms":0,"activation_ms":1.470342}
{"path":"joint_v1_g2","rep":2,"layer":3,"e2e_ms":158.25315,"layer_ms":25.711245,"lr_ms":1.243172,"kernel_ms":24.467786,"projection_ms":0,"conversion_ms":0,"max_prescan_ms":0,"normalization_ms":0,"activation_ms":0.000144}
{"path":"joint_v1_g8","rep":2,"layer":1,"e2e_ms":139.486002,"layer_ms":49.637935,"lr_ms":0.83413,"kernel_ms":47.381893,"projection_ms":0,"conversion_ms":0,"max_prescan_ms":0,"normalization_ms":0,"activation_ms":1.421803}
{"path":"joint_v1_g8","rep":2,"layer":2,"e2e_ms":139.486002,"layer_ms":65.654252,"lr_ms":1.274345,"kernel_ms":62.912048,"projection_ms":0,"conversion_ms":0,"max_prescan_ms":0,"normalization_ms":0,"activation_ms":1.467699}
{"path":"joint_v1_g8","rep":2,"layer":3,"e2e_ms":139.486002,"layer_ms":24.191361,"lr_ms":1.25513,"kernel_ms":22.935933,"projection_ms":0,"conversion_ms":0,"max_prescan_ms":0,"normalization_ms":0,"activation_ms":0.000142}
{"path":"joint_full_g2","rep":2,"layer":1,"e2e_ms":150.643283,"layer_ms":46.729918,"lr_ms":0.857887,"kernel_ms":44.444522,"projection_ms":0,"conversion_ms":0,"max_prescan_ms":0,"normalization_ms":0,"activation_ms":1.427396}
{"path":"joint_full_g2","rep":2,"layer":2,"e2e_ms":150.643283,"layer_ms":79.272766,"lr_ms":1.284212,"kernel_ms":76.476911,"projection_ms":0,"conversion_ms":0,"max_prescan_ms":0,"normalization_ms":0,"activation_ms":1.511421}
{"path":"joint_full_g2","rep":2,"layer":3,"e2e_ms":150.643283,"layer_ms":24.637209,"lr_ms":1.325728,"kernel_ms":23.311175,"projection_ms":0,"conversion_ms":0,"max_prescan_ms":0,"normalization_ms":0,"activation_ms":0.000161}
{"path":"joint_full_g4","rep":2,"layer":1,"e2e_ms":142.572759,"layer_ms":48.60732,"lr_ms":0.847066,"kernel_ms":46.311909,"projection_ms":0,"conversion_ms":0,"max_prescan_ms":0,"normalization_ms":0,"activation_ms":1.448247}
{"path":"joint_full_g4","rep":2,"layer":2,"e2e_ms":142.572759,"layer_ms":70.021284,"lr_ms":1.252985,"kernel_ms":67.248464,"projection_ms":0,"conversion_ms":0,"max_prescan_ms":0,"normalization_ms":0,"activation_ms":1.519655}
{"path":"joint_full_g4","rep":2,"layer":3,"e2e_ms":142.572759,"layer_ms":23.941299,"lr_ms":1.308326,"kernel_ms":22.632668,"projection_ms":0,"conversion_ms":0,"max_prescan_ms":0,"normalization_ms":0,"activation_ms":0.000143}
{"path":"joint_full_g8","rep":2,"layer":1,"e2e_ms":136.467968,"layer_ms":46.551287,"lr_ms":0.835543,"kernel_ms":44.301242,"projection_ms":0,"conversion_ms":0,"max_prescan_ms":0,"normalization_ms":0,"activation_ms":1.414281}
{"path":"joint_full_g8","rep":2,"layer":2,"e2e_ms":136.467968,"layer_ms":65.11248,"lr_ms":1.269457,"kernel_ms":62.326949,"projection_ms":0,"conversion_ms":0,"max_prescan_ms":0,"normalization_ms":0,"activation_ms":1.5159}
{"path":"joint_full_g8","rep":2,"layer":3,"e2e_ms":136.467968,"layer_ms":24.801752,"lr_ms":1.320606,"kernel_ms":23.480854,"projection_ms":0,"conversion_ms":0,"max_prescan_ms":0,"normalization_ms":0,"activation_ms":0.000143}
PROFILE path=joint_v1_g2 layer=1 layer_wall_ms=50.805347 kernel_wall_ms=48.544498 sampled_tiles=96 init_worker_ms=0.101598 score_exp_den_worker_ms=1.633721 weighted_spmm_rescale_worker_ms=2.042324 UW_worker_ms=0.977513 normalization_scatter_worker_ms=0.134197 sampled_source_vector_loads=633440 sampled_fma_vectors=1266880
PROFILE path=joint_v1_g2 layer=2 layer_wall_ms=84.60098 kernel_wall_ms=81.899122 sampled_tiles=96 init_worker_ms=0.305238 score_exp_den_worker_ms=1.723358 weighted_spmm_rescale_worker_ms=3.498641 UW_worker_ms=1.547277 normalization_scatter_worker_ms=0.142115 sampled_source_vector_loads=1266880 sampled_fma_vectors=2533760
PROFILE path=joint_v1_g2 layer=3 layer_wall_ms=26.034404 kernel_wall_ms=24.803649 sampled_tiles=96 init_worker_ms=0.04714 score_exp_den_worker_ms=0.482407 weighted_spmm_rescale_worker_ms=1.630418 UW_worker_ms=0.329991 normalization_scatter_worker_ms=0.036303 sampled_source_vector_loads=316720 sampled_fma_vectors=316720
PROFILE path=joint_v1_g8 layer=1 layer_wall_ms=49.055756 kernel_wall_ms=46.784733 sampled_tiles=96 init_worker_ms=0.104261 score_exp_den_worker_ms=1.373554 weighted_spmm_rescale_worker_ms=2.493212 UW_worker_ms=0.974268 normalization_scatter_worker_ms=0.140558 sampled_source_vector_loads=158360 sampled_fma_vectors=1266880
PROFILE path=joint_v1_g8 layer=2 layer_wall_ms=67.306727 kernel_wall_ms=64.592415 sampled_tiles=96 init_worker_ms=0.293646 score_exp_den_worker_ms=1.502921 weighted_spmm_rescale_worker_ms=3.331885 UW_worker_ms=1.538268 normalization_scatter_worker_ms=0.143947 sampled_source_vector_loads=316720 sampled_fma_vectors=2533760
PROFILE path=joint_v1_g8 layer=3 layer_wall_ms=25.670591 kernel_wall_ms=24.416354 sampled_tiles=96 init_worker_ms=0.047726 score_exp_den_worker_ms=0.482449 weighted_spmm_rescale_worker_ms=1.606855 UW_worker_ms=0.328852 normalization_scatter_worker_ms=0.039228 sampled_source_vector_loads=316720 sampled_fma_vectors=316720
PROFILE path=joint_full_g2 layer=1 layer_wall_ms=47.217403 kernel_wall_ms=44.960873 sampled_tiles=96 init_worker_ms=0.095517 score_exp_den_worker_ms=1.688413 weighted_spmm_rescale_worker_ms=1.919764 UW_worker_ms=0.960678 normalization_scatter_worker_ms=0.134822 sampled_source_vector_loads=633440 sampled_fma_vectors=1266880
PROFILE path=joint_full_g2 layer=2 layer_wall_ms=78.417464 kernel_wall_ms=75.673314 sampled_tiles=96 init_worker_ms=0.292891 score_exp_den_worker_ms=1.754345 weighted_spmm_rescale_worker_ms=3.339509 UW_worker_ms=1.524914 normalization_scatter_worker_ms=0.153285 sampled_source_vector_loads=1266880 sampled_fma_vectors=2533760
PROFILE path=joint_full_g2 layer=3 layer_wall_ms=25.829045 kernel_wall_ms=24.528571 sampled_tiles=96 init_worker_ms=0.057335 score_exp_den_worker_ms=0.442373 weighted_spmm_rescale_worker_ms=1.600664 UW_worker_ms=0.326349 normalization_scatter_worker_ms=0.038835 sampled_source_vector_loads=316720 sampled_fma_vectors=316720
PROFILE path=joint_full_g4 layer=1 layer_wall_ms=48.952591 kernel_wall_ms=46.693404 sampled_tiles=96 init_worker_ms=0.099234 score_exp_den_worker_ms=1.517021 weighted_spmm_rescale_worker_ms=2.200952 UW_worker_ms=0.947964 normalization_scatter_worker_ms=0.14637 sampled_source_vector_loads=316720 sampled_fma_vectors=1266880
PROFILE path=joint_full_g4 layer=2 layer_wall_ms=74.617224 kernel_wall_ms=71.842488 sampled_tiles=96 init_worker_ms=0.278082 score_exp_den_worker_ms=1.634292 weighted_spmm_rescale_worker_ms=3.240203 UW_worker_ms=1.512078 normalization_scatter_worker_ms=0.153064 sampled_source_vector_loads=633440 sampled_fma_vectors=2533760
PROFILE path=joint_full_g4 layer=3 layer_wall_ms=26.651317 kernel_wall_ms=25.342351 sampled_tiles=96 init_worker_ms=0.053472 score_exp_den_worker_ms=0.442392 weighted_spmm_rescale_worker_ms=1.623866 UW_worker_ms=0.328504 normalization_scatter_worker_ms=0.038521 sampled_source_vector_loads=316720 sampled_fma_vectors=316720
PROFILE path=joint_full_g8 layer=1 layer_wall_ms=48.130185 kernel_wall_ms=45.857788 sampled_tiles=96 init_worker_ms=0.096325 score_exp_den_worker_ms=1.367487 weighted_spmm_rescale_worker_ms=2.32793 UW_worker_ms=0.983917 normalization_scatter_worker_ms=0.142259 sampled_source_vector_loads=158360 sampled_fma_vectors=1266880
JOINT_ONLINE_STATS layer=1 blocks=1580688 running_max_updates_including_initial=1400775 rescales=46031 rescaled_feature_elements=5891968 rescale_per_block=0.02912086383 row_head_ratio_P50=0 P90=0 P95=0 P99=0.5 rescale_timing=fused_with_weighted_spmm
PROFILE path=joint_full_g8 layer=2 layer_wall_ms=63.646211 kernel_wall_ms=60.864238 sampled_tiles=96 init_worker_ms=0.284222 score_exp_den_worker_ms=1.513499 weighted_spmm_rescale_worker_ms=3.119185 UW_worker_ms=1.522962 normalization_scatter_worker_ms=0.152793 sampled_source_vector_loads=316720 sampled_fma_vectors=2533760
JOINT_ONLINE_STATS layer=2 blocks=1580688 running_max_updates_including_initial=1403398 rescales=48654 rescaled_feature_elements=12455424 rescale_per_block=0.03078026783 row_head_ratio_P50=0 P90=0 P95=0 P99=0.5 rescale_timing=fused_with_weighted_spmm
PROFILE path=joint_full_g8 layer=3 layer_wall_ms=25.536706 kernel_wall_ms=24.237236 sampled_tiles=96 init_worker_ms=0.057882 score_exp_den_worker_ms=0.442382 weighted_spmm_rescale_worker_ms=1.60369 UW_worker_ms=0.323442 normalization_scatter_worker_ms=0.039166 sampled_source_vector_loads=316720 sampled_fma_vectors=316720
JOINT_ONLINE_STATS layer=3 blocks=197586 running_max_updates_including_initial=175516 rescales=6173 rescaled_feature_elements=1580288 rescale_per_block=0.03124209205 row_head_ratio_P50=0 P90=0 P95=0 P99=0.5 rescale_timing=fused_with_weighted_spmm
JOINT_COMPLETE implementation_gate=PASS master_reference_gate=UNVERIFIED task_accuracy=UNVERIFIED performance=EXPLORATORY
