CONFIG N=2449029 E=126167053 Din=100 C=47 threads=16 warmups=1 repeats=3 seed=11 untrained=true block=32 panel=64 tile_rows=16 degree_sort_ms=327.827606 full_group_guards=compile_time_removed master_reference_gate=UNVERIFIED
STATIC layer=1 prepare_ms=0.381995 joint_U_scratch_bytes_per_worker=65536
STATIC layer=2 prepare_ms=0.753473 joint_U_scratch_bytes_per_worker=131072
STATIC layer=3 prepare_ms=0.163615 joint_U_scratch_bytes_per_worker=16384
CHECK path=full_fixed_input_g1 layer=1 reference=joint_v1_g8_same_input max_abs_error=0 mean_abs_error=0 relative_L2_error=0 finite=1 master_gate=UNVERIFIED
MATCHED_IDENTITY layer=1 group=1 bit_equal=1
CHECK path=full_fixed_input_g2 layer=1 reference=joint_v1_g8_same_input max_abs_error=0 mean_abs_error=0 relative_L2_error=0 finite=1 master_gate=UNVERIFIED
MATCHED_IDENTITY layer=1 group=2 bit_equal=1
CHECK path=full_fixed_input_g4 layer=1 reference=joint_v1_g8_same_input max_abs_error=0 mean_abs_error=0 relative_L2_error=0 finite=1 master_gate=UNVERIFIED
MATCHED_IDENTITY layer=1 group=4 bit_equal=1
CHECK path=full_fixed_input_g8 layer=1 reference=joint_v1_g8_same_input max_abs_error=0 mean_abs_error=0 relative_L2_error=0 finite=1 master_gate=UNVERIFIED
MATCHED_IDENTITY layer=1 group=8 bit_equal=1
CHECK path=full_fixed_input_g1 layer=2 reference=joint_v1_g8_same_input max_abs_error=0 mean_abs_error=0 relative_L2_error=0 finite=1 master_gate=UNVERIFIED
MATCHED_IDENTITY layer=2 group=1 bit_equal=1
CHECK path=full_fixed_input_g2 layer=2 reference=joint_v1_g8_same_input max_abs_error=0 mean_abs_error=0 relative_L2_error=0 finite=1 master_gate=UNVERIFIED
MATCHED_IDENTITY layer=2 group=2 bit_equal=1
CHECK path=full_fixed_input_g4 layer=2 reference=joint_v1_g8_same_input max_abs_error=0 mean_abs_error=0 relative_L2_error=0 finite=1 master_gate=UNVERIFIED
MATCHED_IDENTITY layer=2 group=4 bit_equal=1
CHECK path=full_fixed_input_g8 layer=2 reference=joint_v1_g8_same_input max_abs_error=0 mean_abs_error=0 relative_L2_error=0 finite=1 master_gate=UNVERIFIED
MATCHED_IDENTITY layer=2 group=8 bit_equal=1
CHECK path=full_fixed_input_g1 layer=3 reference=joint_v1_g8_same_input max_abs_error=0 mean_abs_error=0 relative_L2_error=0 finite=1 master_gate=UNVERIFIED
MATCHED_IDENTITY layer=3 group=1 bit_equal=1
CHECK path=full_fixed_input_g2 layer=3 reference=joint_v1_g8_same_input max_abs_error=0 mean_abs_error=0 relative_L2_error=0 finite=1 master_gate=UNVERIFIED
MATCHED_IDENTITY layer=3 group=2 bit_equal=1
CHECK path=full_fixed_input_g4 layer=3 reference=joint_v1_g8_same_input max_abs_error=0 mean_abs_error=0 relative_L2_error=0 finite=1 master_gate=UNVERIFIED
MATCHED_IDENTITY layer=3 group=4 bit_equal=1
CHECK path=full_fixed_input_g8 layer=3 reference=joint_v1_g8_same_input max_abs_error=0 mean_abs_error=0 relative_L2_error=0 finite=1 master_gate=UNVERIFIED
MATCHED_IDENTITY layer=3 group=8 bit_equal=1
CHECK path=B0_FP32 layer=1 reference=B0_FP32_full_model max_abs_error=0 mean_abs_error=0 relative_L2_error=0 finite=1 master_gate=UNVERIFIED
CHECK path=B0_FP32 layer=2 reference=B0_FP32_full_model max_abs_error=0 mean_abs_error=0 relative_L2_error=0 finite=1 master_gate=UNVERIFIED
CHECK path=B0_FP32 layer=3 reference=B0_FP32_full_model max_abs_error=0 mean_abs_error=0 relative_L2_error=0 finite=1 master_gate=UNVERIFIED
CHECK path=B0_BF16 layer=1 reference=B0_FP32_full_model max_abs_error=14.9706115723 mean_abs_error=0.00119692686635 relative_L2_error=0.00353063576973 finite=1 master_gate=UNVERIFIED
CHECK path=B0_BF16 layer=2 reference=B0_FP32_full_model max_abs_error=35.8837661743 mean_abs_error=0.00723928537782 relative_L2_error=0.011932822175 finite=1 master_gate=UNVERIFIED
CHECK path=B0_BF16 layer=3 reference=B0_FP32_full_model max_abs_error=25.1209583282 mean_abs_error=0.016643214169 relative_L2_error=0.0253783411542 finite=1 master_gate=UNVERIFIED
CHECK path=joint_v1_g2 layer=1 reference=B0_FP32_full_model max_abs_error=0.00606536865234 mean_abs_error=1.35905505803e-07 relative_L2_error=7.74767803114e-07 finite=1 master_gate=UNVERIFIED
CHECK path=joint_v1_g2 layer=2 reference=B0_FP32_full_model max_abs_error=0.0416793823242 mean_abs_error=5.00723951823e-06 relative_L2_error=1.38032569677e-05 finite=1 master_gate=UNVERIFIED
CHECK path=joint_v1_g2 layer=3 reference=B0_FP32_full_model max_abs_error=0.00691890716553 mean_abs_error=9.83264858265e-06 relative_L2_error=1.49426901194e-05 finite=1 master_gate=UNVERIFIED
CHECK path=joint_v1_g8 layer=1 reference=B0_FP32_full_model max_abs_error=0.00606536865234 mean_abs_error=1.35905505803e-07 relative_L2_error=7.74767803114e-07 finite=1 master_gate=UNVERIFIED
CHECK path=joint_v1_g8 layer=2 reference=B0_FP32_full_model max_abs_error=0.0416793823242 mean_abs_error=5.00723951823e-06 relative_L2_error=1.38032569677e-05 finite=1 master_gate=UNVERIFIED
CHECK path=joint_v1_g8 layer=3 reference=B0_FP32_full_model max_abs_error=0.00691890716553 mean_abs_error=9.83264858265e-06 relative_L2_error=1.49426901194e-05 finite=1 master_gate=UNVERIFIED
CHECK path=joint_full_g2 layer=1 reference=B0_FP32_full_model max_abs_error=0.00606536865234 mean_abs_error=1.35905505803e-07 relative_L2_error=7.74767803114e-07 finite=1 master_gate=UNVERIFIED
CHECK path=joint_full_g2 layer=2 reference=B0_FP32_full_model max_abs_error=0.0416793823242 mean_abs_error=5.00723951823e-06 relative_L2_error=1.38032569677e-05 finite=1 master_gate=UNVERIFIED
CHECK path=joint_full_g2 layer=3 reference=B0_FP32_full_model max_abs_error=0.00691890716553 mean_abs_error=9.83264858265e-06 relative_L2_error=1.49426901194e-05 finite=1 master_gate=UNVERIFIED
CHECK path=joint_full_g4 layer=1 reference=B0_FP32_full_model max_abs_error=0.00606536865234 mean_abs_error=1.35905505803e-07 relative_L2_error=7.74767803114e-07 finite=1 master_gate=UNVERIFIED
CHECK path=joint_full_g4 layer=2 reference=B0_FP32_full_model max_abs_error=0.0416793823242 mean_abs_error=5.00723951823e-06 relative_L2_error=1.38032569677e-05 finite=1 master_gate=UNVERIFIED
CHECK path=joint_full_g4 layer=3 reference=B0_FP32_full_model max_abs_error=0.00691890716553 mean_abs_error=9.83264858265e-06 relative_L2_error=1.49426901194e-05 finite=1 master_gate=UNVERIFIED
CHECK path=joint_full_g8 layer=1 reference=B0_FP32_full_model max_abs_error=0.00606536865234 mean_abs_error=1.35905505803e-07 relative_L2_error=7.74767803114e-07 finite=1 master_gate=UNVERIFIED
CHECK path=joint_full_g8 layer=2 reference=B0_FP32_full_model max_abs_error=0.0416793823242 mean_abs_error=5.00723951823e-06 relative_L2_error=1.38032569677e-05 finite=1 master_gate=UNVERIFIED
CHECK path=joint_full_g8 layer=3 reference=B0_FP32_full_model max_abs_error=0.00691890716553 mean_abs_error=9.83264858265e-06 relative_L2_error=1.49426901194e-05 finite=1 master_gate=UNVERIFIED
{"path":"B0_FP32","rep":0,"layer":1,"e2e_ms":3843.718188,"layer_ms":1620.705358,"lr_ms":17.862243,"kernel_ms":1456.856342,"projection_ms":64.456963,"conversion_ms":3.6e-05,"max_prescan_ms":41.137954,"normalization_ms":19.157481,"activation_ms":21.233281}
{"path":"B0_FP32","rep":0,"layer":2,"e2e_ms":3843.718188,"layer_ms":1698.385629,"lr_ms":18.027442,"kernel_ms":1452.605372,"projection_ms":145.571776,"conversion_ms":2.7e-05,"max_prescan_ms":41.101356,"normalization_ms":19.386607,"activation_ms":21.692689}
{"path":"B0_FP32","rep":0,"layer":3,"e2e_ms":3843.718188,"layer_ms":524.623299,"lr_ms":3.990271,"kernel_ms":422.447425,"projection_ms":68.444559,"conversion_ms":2.1e-05,"max_prescan_ms":26.39046,"normalization_ms":3.349838,"activation_ms":0.000299}
{"path":"B0_BF16","rep":0,"layer":1,"e2e_ms":3736.940441,"layer_ms":1614.363236,"lr_ms":17.730373,"kernel_ms":1451.18835,"projection_ms":53.530578,"conversion_ms":10.465913,"max_prescan_ms":41.102417,"normalization_ms":19.125263,"activation_ms":21.219954}
{"path":"B0_BF16","rep":0,"layer":2,"e2e_ms":3736.940441,"layer_ms":1632.999652,"lr_ms":17.844127,"kernel_ms":1452.867507,"projection_ms":60.345552,"conversion_ms":19.752509,"max_prescan_ms":41.226635,"normalization_ms":19.35247,"activation_ms":21.610545}
{"path":"B0_BF16","rep":0,"layer":3,"e2e_ms":3736.940441,"layer_ms":489.57444,"lr_ms":3.675895,"kernel_ms":421.92373,"projection_ms":14.709611,"conversion_ms":19.626562,"max_prescan_ms":26.288548,"normalization_ms":3.34954,"activation_ms":0.000115}
{"path":"joint_v1_g2","rep":0,"layer":1,"e2e_ms":4497.352281,"layer_ms":1222.778497,"lr_ms":13.446916,"kernel_ms":1187.798215,"projection_ms":0,"conversion_ms":0,"max_prescan_ms":0,"normalization_ms":0,"activation_ms":21.53315}
{"path":"joint_v1_g2","rep":0,"layer":2,"e2e_ms":4497.352281,"layer_ms":2255.231482,"lr_ms":18.875629,"kernel_ms":2213.907231,"projection_ms":0,"conversion_ms":0,"max_prescan_ms":0,"normalization_ms":0,"activation_ms":22.448346}
{"path":"joint_v1_g2","rep":0,"layer":3,"e2e_ms":4497.352281,"layer_ms":1019.338031,"lr_ms":19.03433,"kernel_ms":1000.303363,"projection_ms":0,"conversion_ms":0,"max_prescan_ms":0,"normalization_ms":0,"activation_ms":0.000152}
{"path":"joint_v1_g8","rep":0,"layer":1,"e2e_ms":4645.452236,"layer_ms":1555.989214,"lr_ms":11.479037,"kernel_ms":1522.957217,"projection_ms":0,"conversion_ms":0,"max_prescan_ms":0,"normalization_ms":0,"activation_ms":21.552853}
{"path":"joint_v1_g8","rep":0,"layer":2,"e2e_ms":4645.452236,"layer_ms":2078.321487,"lr_ms":18.744556,"kernel_ms":2037.156792,"projection_ms":0,"conversion_ms":0,"max_prescan_ms":0,"normalization_ms":0,"activation_ms":22.420008}
{"path":"joint_v1_g8","rep":0,"layer":3,"e2e_ms":4645.452236,"layer_ms":1011.138223,"lr_ms":19.037791,"kernel_ms":992.100097,"projection_ms":0,"conversion_ms":0,"max_prescan_ms":0,"normalization_ms":0,"activation_ms":0.00015}
{"path":"joint_full_g2","rep":0,"layer":1,"e2e_ms":4403.179566,"layer_ms":1226.181613,"lr_ms":11.566298,"kernel_ms":1193.187933,"projection_ms":0,"conversion_ms":0,"max_prescan_ms":0,"normalization_ms":0,"activation_ms":21.427183}
{"path":"joint_full_g2","rep":0,"layer":2,"e2e_ms":4403.179566,"layer_ms":2210.505916,"lr_ms":18.380432,"kernel_ms":2169.728851,"projection_ms":0,"conversion_ms":0,"max_prescan_ms":0,"normalization_ms":0,"activation_ms":22.396371}
{"path":"joint_full_g2","rep":0,"layer":3,"e2e_ms":4403.179566,"layer_ms":966.4891,"lr_ms":18.267521,"kernel_ms":948.221278,"projection_ms":0,"conversion_ms":0,"max_prescan_ms":0,"normalization_ms":0,"activation_ms":0.000154}
{"path":"joint_full_g4","rep":0,"layer":1,"e2e_ms":4696.747762,"layer_ms":1465.62661,"lr_ms":11.519423,"kernel_ms":1432.681074,"projection_ms":0,"conversion_ms":0,"max_prescan_ms":0,"normalization_ms":0,"activation_ms":21.426004}
{"path":"joint_full_g4","rep":0,"layer":2,"e2e_ms":4696.747762,"layer_ms":2275.661332,"lr_ms":18.280294,"kernel_ms":2234.97531,"projection_ms":0,"conversion_ms":0,"max_prescan_ms":0,"normalization_ms":0,"activation_ms":22.405616}
{"path":"joint_full_g4","rep":0,"layer":3,"e2e_ms":4696.747762,"layer_ms":955.45705,"lr_ms":18.457802,"kernel_ms":936.998909,"projection_ms":0,"conversion_ms":0,"max_prescan_ms":0,"normalization_ms":0,"activation_ms":0.000155}
{"path":"joint_full_g8","rep":0,"layer":1,"e2e_ms":4575.595867,"layer_ms":1538.199751,"lr_ms":11.505063,"kernel_ms":1505.318303,"projection_ms":0,"conversion_ms":0,"max_prescan_ms":0,"normalization_ms":0,"activation_ms":21.376121}
{"path":"joint_full_g8","rep":0,"layer":2,"e2e_ms":4575.595867,"layer_ms":2063.300536,"lr_ms":18.352606,"kernel_ms":2022.522001,"projection_ms":0,"conversion_ms":0,"max_prescan_ms":0,"normalization_ms":0,"activation_ms":22.425701}
{"path":"joint_full_g8","rep":0,"layer":3,"e2e_ms":4575.595867,"layer_ms":974.092902,"lr_ms":18.468889,"kernel_ms":955.623699,"projection_ms":0,"conversion_ms":0,"max_prescan_ms":0,"normalization_ms":0,"activation_ms":0.000161}
{"path":"joint_full_g8","rep":1,"layer":1,"e2e_ms":4592.145837,"layer_ms":1537.272817,"lr_ms":11.548997,"kernel_ms":1504.310308,"projection_ms":0,"conversion_ms":0,"max_prescan_ms":0,"normalization_ms":0,"activation_ms":21.413398}
{"path":"joint_full_g8","rep":1,"layer":2,"e2e_ms":4592.145837,"layer_ms":2091.764346,"lr_ms":18.412563,"kernel_ms":2050.919864,"projection_ms":0,"conversion_ms":0,"max_prescan_ms":0,"normalization_ms":0,"activation_ms":22.431798}
{"path":"joint_full_g8","rep":1,"layer":3,"e2e_ms":4592.145837,"layer_ms":963.105364,"lr_ms":18.385207,"kernel_ms":944.719937,"projection_ms":0,"conversion_ms":0,"max_prescan_ms":0,"normalization_ms":0,"activation_ms":0.000124}
{"path":"joint_full_g4","rep":1,"layer":1,"e2e_ms":4782.424644,"layer_ms":1468.873308,"lr_ms":11.578113,"kernel_ms":1435.927866,"projection_ms":0,"conversion_ms":0,"max_prescan_ms":0,"normalization_ms":0,"activation_ms":21.367124}
{"path":"joint_full_g4","rep":1,"layer":2,"e2e_ms":4782.424644,"layer_ms":2342.516942,"lr_ms":18.3621,"kernel_ms":2301.705341,"projection_ms":0,"conversion_ms":0,"max_prescan_ms":0,"normalization_ms":0,"activation_ms":22.449253}
{"path":"joint_full_g4","rep":1,"layer":3,"e2e_ms":4782.424644,"layer_ms":971.031375,"lr_ms":18.281237,"kernel_ms":952.749964,"projection_ms":0,"conversion_ms":0,"max_prescan_ms":0,"normalization_ms":0,"activation_ms":3.1e-05}
{"path":"joint_full_g2","rep":1,"layer":1,"e2e_ms":4412.148101,"layer_ms":1192.953034,"lr_ms":11.523817,"kernel_ms":1160.027496,"projection_ms":0,"conversion_ms":0,"max_prescan_ms":0,"normalization_ms":0,"activation_ms":21.401518}
{"path":"joint_full_g2","rep":1,"layer":2,"e2e_ms":4412.148101,"layer_ms":2253.197892,"lr_ms":18.315463,"kernel_ms":2212.480698,"projection_ms":0,"conversion_ms":0,"max_prescan_ms":0,"normalization_ms":0,"activation_ms":22.40157}
{"path":"joint_full_g2","rep":1,"layer":3,"e2e_ms":4412.148101,"layer_ms":965.993804,"lr_ms":18.242449,"kernel_ms":947.751038,"projection_ms":0,"conversion_ms":0,"max_prescan_ms":0,"normalization_ms":0,"activation_ms":0.000222}
{"path":"joint_v1_g8","rep":1,"layer":1,"e2e_ms":4645.082798,"layer_ms":1559.251526,"lr_ms":12.397063,"kernel_ms":1525.273898,"projection_ms":0,"conversion_ms":0,"max_prescan_ms":0,"normalization_ms":0,"activation_ms":21.580365}
{"path":"joint_v1_g8","rep":1,"layer":2,"e2e_ms":4645.082798,"layer_ms":2078.512102,"lr_ms":18.734011,"kernel_ms":2037.376366,"projection_ms":0,"conversion_ms":0,"max_prescan_ms":0,"normalization_ms":0,"activation_ms":22.401527}
{"path":"joint_v1_g8","rep":1,"layer":3,"e2e_ms":4645.082798,"layer_ms":1007.315754,"lr_ms":19.084713,"kernel_ms":988.230808,"projection_ms":0,"conversion_ms":0,"max_prescan_ms":0,"normalization_ms":0,"activation_ms":4.3e-05}
{"path":"joint_v1_g2","rep":1,"layer":1,"e2e_ms":4515.482826,"layer_ms":1242.726175,"lr_ms":11.454755,"kernel_ms":1209.770979,"projection_ms":0,"conversion_ms":0,"max_prescan_ms":0,"normalization_ms":0,"activation_ms":21.500331}
{"path":"joint_v1_g2","rep":1,"layer":2,"e2e_ms":4515.482826,"layer_ms":2261.44158,"lr_ms":18.780456,"kernel_ms":2220.238757,"projection_ms":0,"conversion_ms":0,"max_prescan_ms":0,"normalization_ms":0,"activation_ms":22.422016}
{"path":"joint_v1_g2","rep":1,"layer":3,"e2e_ms":4515.482826,"layer_ms":1011.312008,"lr_ms":19.099151,"kernel_ms":992.212604,"projection_ms":0,"conversion_ms":0,"max_prescan_ms":0,"normalization_ms":0,"activation_ms":4.7e-05}
{"path":"B0_BF16","rep":1,"layer":1,"e2e_ms":3741.763044,"layer_ms":1622.432323,"lr_ms":17.73372,"kernel_ms":1458.559464,"projection_ms":55.718735,"conversion_ms":8.83939,"max_prescan_ms":41.178701,"normalization_ms":19.146587,"activation_ms":21.255294}
{"path":"B0_BF16","rep":1,"layer":2,"e2e_ms":3741.763044,"layer_ms":1628.212626,"lr_ms":17.89507,"kernel_ms":1447.136348,"projection_ms":61.010885,"conversion_ms":19.884931,"max_prescan_ms":41.177098,"normalization_ms":19.487866,"activation_ms":21.620118}
{"path":"B0_BF16","rep":1,"layer":3,"e2e_ms":3741.763044,"layer_ms":491.114693,"lr_ms":3.747072,"kernel_ms":422.867358,"projection_ms":14.988646,"conversion_ms":19.800923,"max_prescan_ms":26.370857,"normalization_ms":3.339455,"activation_ms":3.4e-05}
{"path":"B0_FP32","rep":1,"layer":1,"e2e_ms":3838.167375,"layer_ms":1622.184602,"lr_ms":17.849472,"kernel_ms":1458.950628,"projection_ms":63.864532,"conversion_ms":3.7e-05,"max_prescan_ms":41.091097,"normalization_ms":19.153312,"activation_ms":21.275176}
{"path":"B0_FP32","rep":1,"layer":2,"e2e_ms":3838.167375,"layer_ms":1691.777968,"lr_ms":17.975182,"kernel_ms":1446.769301,"projection_ms":144.914609,"conversion_ms":2e-05,"max_prescan_ms":41.124007,"normalization_ms":19.355919,"activation_ms":21.638679}
{"path":"B0_FP32","rep":1,"layer":3,"e2e_ms":3838.167375,"layer_ms":524.20186,"lr_ms":3.983064,"kernel_ms":422.066001,"projection_ms":68.504055,"conversion_ms":2.1e-05,"max_prescan_ms":26.294677,"normalization_ms":3.353672,"activation_ms":0.000115}
{"path":"B0_FP32","rep":2,"layer":1,"e2e_ms":3835.610824,"layer_ms":1614.076035,"lr_ms":17.836009,"kernel_ms":1451.714888,"projection_ms":63.090634,"conversion_ms":2.6e-05,"max_prescan_ms":41.056866,"normalization_ms":19.099036,"activation_ms":21.277971}
{"path":"B0_FP32","rep":2,"layer":2,"e2e_ms":3835.610824,"layer_ms":1697.500833,"lr_ms":17.968837,"kernel_ms":1452.581314,"projection_ms":144.863994,"conversion_ms":0.000403,"max_prescan_ms":41.106715,"normalization_ms":19.399064,"activation_ms":21.580005}
{"path":"B0_FP32","rep":2,"layer":3,"e2e_ms":3835.610824,"layer_ms":524.030553,"lr_ms":3.975903,"kernel_ms":421.89106,"projection_ms":68.517095,"conversion_ms":0.000329,"max_prescan_ms":26.299478,"normalization_ms":3.346117,"activation_ms":0.000107}
{"path":"B0_BF16","rep":2,"layer":1,"e2e_ms":3725.842859,"layer_ms":1611.421179,"lr_ms":17.601605,"kernel_ms":1449.634984,"projection_ms":53.264224,"conversion_ms":9.307589,"max_prescan_ms":41.170467,"normalization_ms":19.213841,"activation_ms":21.227862}
{"path":"B0_BF16","rep":2,"layer":2,"e2e_ms":3725.842859,"layer_ms":1625.653961,"lr_ms":17.760102,"kernel_ms":1446.149706,"projection_ms":60.577101,"conversion_ms":18.977162,"max_prescan_ms":41.198706,"normalization_ms":19.382905,"activation_ms":21.607945}
{"path":"B0_BF16","rep":2,"layer":3,"e2e_ms":3725.842859,"layer_ms":488.764694,"lr_ms":3.707556,"kernel_ms":422.046107,"projection_ms":14.665303,"conversion_ms":18.647983,"max_prescan_ms":26.342656,"normalization_ms":3.354571,"activation_ms":3.7e-05}
{"path":"joint_v1_g2","rep":2,"layer":1,"e2e_ms":4524.073292,"layer_ms":1222.03427,"lr_ms":13.237511,"kernel_ms":1187.25657,"projection_ms":0,"conversion_ms":0,"max_prescan_ms":0,"normalization_ms":0,"activation_ms":21.540072}
{"path":"joint_v1_g2","rep":2,"layer":2,"e2e_ms":4524.073292,"layer_ms":2271.273786,"lr_ms":18.842015,"kernel_ms":2229.956279,"projection_ms":0,"conversion_ms":0,"max_prescan_ms":0,"normalization_ms":0,"activation_ms":22.475197}
{"path":"joint_v1_g2","rep":2,"layer":3,"e2e_ms":4524.073292,"layer_ms":1030.761422,"lr_ms":19.091312,"kernel_ms":1011.669457,"projection_ms":0,"conversion_ms":0,"max_prescan_ms":0,"normalization_ms":0,"activation_ms":0.000161}
{"path":"joint_v1_g8","rep":2,"layer":1,"e2e_ms":4645.950474,"layer_ms":1556.644003,"lr_ms":11.476428,"kernel_ms":1523.562482,"projection_ms":0,"conversion_ms":0,"max_prescan_ms":0,"normalization_ms":0,"activation_ms":21.604982}
{"path":"joint_v1_g8","rep":2,"layer":2,"e2e_ms":4645.950474,"layer_ms":2079.59153,"lr_ms":18.763534,"kernel_ms":2038.40526,"projection_ms":0,"conversion_ms":0,"max_prescan_ms":0,"normalization_ms":0,"activation_ms":22.422606}
{"path":"joint_v1_g8","rep":2,"layer":3,"e2e_ms":4645.950474,"layer_ms":1009.711859,"lr_ms":19.099946,"kernel_ms":990.611687,"projection_ms":0,"conversion_ms":0,"max_prescan_ms":0,"normalization_ms":0,"activation_ms":4.1e-05}
{"path":"joint_full_g2","rep":2,"layer":1,"e2e_ms":4407.019438,"layer_ms":1194.244205,"lr_ms":11.561209,"kernel_ms":1161.330968,"projection_ms":0,"conversion_ms":0,"max_prescan_ms":0,"normalization_ms":0,"activation_ms":21.351919}
{"path":"joint_full_g2","rep":2,"layer":2,"e2e_ms":4407.019438,"layer_ms":2252.299985,"lr_ms":18.430635,"kernel_ms":2211.481218,"projection_ms":0,"conversion_ms":0,"max_prescan_ms":0,"normalization_ms":0,"activation_ms":22.387729}
{"path":"joint_full_g2","rep":2,"layer":3,"e2e_ms":4407.019438,"layer_ms":960.471765,"lr_ms":18.407539,"kernel_ms":942.064002,"projection_ms":0,"conversion_ms":0,"max_prescan_ms":0,"normalization_ms":0,"activation_ms":4e-05}
{"path":"joint_full_g4","rep":2,"layer":1,"e2e_ms":4742.111276,"layer_ms":1500.261989,"lr_ms":11.494848,"kernel_ms":1467.362455,"projection_ms":0,"conversion_ms":0,"max_prescan_ms":0,"normalization_ms":0,"activation_ms":21.404577}
{"path":"joint_full_g4","rep":2,"layer":2,"e2e_ms":4742.111276,"layer_ms":2286.541619,"lr_ms":18.317834,"kernel_ms":2245.900207,"projection_ms":0,"conversion_ms":0,"max_prescan_ms":0,"normalization_ms":0,"activation_ms":22.323412}
{"path":"joint_full_g4","rep":2,"layer":3,"e2e_ms":4742.111276,"layer_ms":955.304635,"lr_ms":18.346577,"kernel_ms":936.957702,"projection_ms":0,"conversion_ms":0,"max_prescan_ms":0,"normalization_ms":0,"activation_ms":0.000153}
{"path":"joint_full_g8","rep":2,"layer":1,"e2e_ms":4619.277606,"layer_ms":1558.668485,"lr_ms":11.500339,"kernel_ms":1525.715915,"projection_ms":0,"conversion_ms":0,"max_prescan_ms":0,"normalization_ms":0,"activation_ms":21.452036}
{"path":"joint_full_g8","rep":2,"layer":2,"e2e_ms":4619.277606,"layer_ms":2096.730848,"lr_ms":18.281569,"kernel_ms":2056.114008,"projection_ms":0,"conversion_ms":0,"max_prescan_ms":0,"normalization_ms":0,"activation_ms":22.335025}
{"path":"joint_full_g8","rep":2,"layer":3,"e2e_ms":4619.277606,"layer_ms":963.874702,"lr_ms":18.468185,"kernel_ms":945.406194,"projection_ms":0,"conversion_ms":0,"max_prescan_ms":0,"normalization_ms":0,"activation_ms":8.9e-05}
PROFILE path=joint_v1_g2 layer=1 layer_wall_ms=1254.746861 kernel_wall_ms=1221.71469 sampled_tiles=1306 init_worker_ms=1.25883 score_exp_den_worker_ms=61.923092 weighted_spmm_rescale_worker_ms=104.460985 UW_worker_ms=11.820364 normalization_scatter_worker_ms=1.847072 sampled_source_vector_loads=30847600 sampled_fma_vectors=61695200
PROFILE path=joint_v1_g2 layer=2 layer_wall_ms=2342.97448 kernel_wall_ms=2301.704024 sampled_tiles=1306 init_worker_ms=4.10885 score_exp_den_worker_ms=66.260749 weighted_spmm_rescale_worker_ms=227.977591 UW_worker_ms=21.959357 normalization_scatter_worker_ms=1.994898 sampled_source_vector_loads=70508800 sampled_fma_vectors=141017600
PROFILE path=joint_v1_g2 layer=3 layer_wall_ms=1041.937754 kernel_wall_ms=1023.071344 sampled_tiles=1306 init_worker_ms=0.662534 score_exp_den_worker_ms=20.5818 weighted_spmm_rescale_worker_ms=124.906057 UW_worker_ms=5.039473 normalization_scatter_worker_ms=0.589147 sampled_source_vector_loads=17627200 sampled_fma_vectors=17627200
PROFILE path=joint_v1_g8 layer=1 layer_wall_ms=1606.207345 kernel_wall_ms=1573.208173 sampled_tiles=1306 init_worker_ms=1.260645 score_exp_den_worker_ms=52.07807 weighted_spmm_rescale_worker_ms=152.683524 UW_worker_ms=12.033451 normalization_scatter_worker_ms=1.788497 sampled_source_vector_loads=7711900 sampled_fma_vectors=61695200
PROFILE path=joint_v1_g8 layer=2 layer_wall_ms=2138.192451 kernel_wall_ms=2096.950203 sampled_tiles=1306 init_worker_ms=4.033355 score_exp_den_worker_ms=56.051225 weighted_spmm_rescale_worker_ms=206.816624 UW_worker_ms=21.917169 normalization_scatter_worker_ms=2.031455 sampled_source_vector_loads=17627200 sampled_fma_vectors=141017600
PROFILE path=joint_v1_g8 layer=3 layer_wall_ms=1049.351728 kernel_wall_ms=1030.518145 sampled_tiles=1306 init_worker_ms=0.666947 score_exp_den_worker_ms=20.585236 weighted_spmm_rescale_worker_ms=125.49681 UW_worker_ms=5.031426 normalization_scatter_worker_ms=0.588145 sampled_source_vector_loads=17627200 sampled_fma_vectors=17627200
PROFILE path=joint_full_g2 layer=1 layer_wall_ms=1204.082126 kernel_wall_ms=1171.188178 sampled_tiles=1306 init_worker_ms=1.266077 score_exp_den_worker_ms=62.475586 weighted_spmm_rescale_worker_ms=102.275555 UW_worker_ms=11.789076 normalization_scatter_worker_ms=1.751415 sampled_source_vector_loads=30847600 sampled_fma_vectors=61695200
PROFILE path=joint_full_g2 layer=2 layer_wall_ms=2195.778374 kernel_wall_ms=2155.032651 sampled_tiles=1306 init_worker_ms=4.064317 score_exp_den_worker_ms=66.819861 weighted_spmm_rescale_worker_ms=225.218626 UW_worker_ms=21.764065 normalization_scatter_worker_ms=2.124505 sampled_source_vector_loads=70508800 sampled_fma_vectors=141017600
PROFILE path=joint_full_g2 layer=3 layer_wall_ms=1005.727899 kernel_wall_ms=987.348636 sampled_tiles=1306 init_worker_ms=0.664568 score_exp_den_worker_ms=20.089304 weighted_spmm_rescale_worker_ms=124.619067 UW_worker_ms=5.016306 normalization_scatter_worker_ms=0.6022 sampled_source_vector_loads=17627200 sampled_fma_vectors=17627200
PROFILE path=joint_full_g4 layer=1 layer_wall_ms=1504.03814 kernel_wall_ms=1471.094713 sampled_tiles=1306 init_worker_ms=1.248254 score_exp_den_worker_ms=55.676717 weighted_spmm_rescale_worker_ms=141.322994 UW_worker_ms=11.77201 normalization_scatter_worker_ms=1.828168 sampled_source_vector_loads=15423800 sampled_fma_vectors=61695200
PROFILE path=joint_full_g4 layer=2 layer_wall_ms=2303.674497 kernel_wall_ms=2262.993777 sampled_tiles=1306 init_worker_ms=4.098972 score_exp_den_worker_ms=60.216257 weighted_spmm_rescale_worker_ms=237.694191 UW_worker_ms=21.685159 normalization_scatter_worker_ms=2.225383 sampled_source_vector_loads=35254400 sampled_fma_vectors=141017600
PROFILE path=joint_full_g4 layer=3 layer_wall_ms=1015.011244 kernel_wall_ms=996.842143 sampled_tiles=1306 init_worker_ms=0.661548 score_exp_den_worker_ms=20.010338 weighted_spmm_rescale_worker_ms=124.039459 UW_worker_ms=5.036703 normalization_scatter_worker_ms=0.594084 sampled_source_vector_loads=17627200 sampled_fma_vectors=17627200
PROFILE path=joint_full_g8 layer=1 layer_wall_ms=1548.091632 kernel_wall_ms=1515.168112 sampled_tiles=1306 init_worker_ms=1.251145 score_exp_den_worker_ms=51.687759 weighted_spmm_rescale_worker_ms=149.32617 UW_worker_ms=11.845944 normalization_scatter_worker_ms=1.804118 sampled_source_vector_loads=7711900 sampled_fma_vectors=61695200
JOINT_ONLINE_STATS layer=1 blocks=42882792 running_max_updates_including_initial=25358082 rescales=5765850 rescaled_feature_elements=576585000 rescale_per_block=0.1344560308 row_head_ratio_P50=0 P90=0.3333333433 P95=0.5 P99=0.6666666865 rescale_timing=fused_with_weighted_spmm
PROFILE path=joint_full_g8 layer=2 layer_wall_ms=2095.944872 kernel_wall_ms=2055.225582 sampled_tiles=1306 init_worker_ms=4.048769 score_exp_den_worker_ms=56.152601 weighted_spmm_rescale_worker_ms=202.377827 UW_worker_ms=21.675846 normalization_scatter_worker_ms=2.184794 sampled_source_vector_loads=17627200 sampled_fma_vectors=141017600
JOINT_ONLINE_STATS layer=2 blocks=42882792 running_max_updates_including_initial=24069181 rescales=4476949 rescaled_feature_elements=1146098944 rescale_per_block=0.1043996622 row_head_ratio_P50=0 P90=0.3333333433 P95=0.5 P99=0.5 rescale_timing=fused_with_weighted_spmm
PROFILE path=joint_full_g8 layer=3 layer_wall_ms=1029.267674 kernel_wall_ms=1010.946551 sampled_tiles=1306 init_worker_ms=0.665654 score_exp_den_worker_ms=20.13028 weighted_spmm_rescale_worker_ms=124.773295 UW_worker_ms=5.051168 normalization_scatter_worker_ms=0.597229 sampled_source_vector_loads=17627200 sampled_fma_vectors=17627200
JOINT_ONLINE_STATS layer=3 blocks=5360349 running_max_updates_including_initial=3253695 rescales=804666 rescaled_feature_elements=205994496 rescale_per_block=0.1501144795 row_head_ratio_P50=0 P90=0.400000006 P95=0.5 P99=0.6666666865 rescale_timing=fused_with_weighted_spmm
JOINT_COMPLETE implementation_gate=PASS master_reference_gate=UNVERIFIED task_accuracy=UNVERIFIED performance=EXPLORATORY
