GCN E2E v3 — Hybrid Pipeline (FP32 inter-layer + BF16 final)
Threads: 32

Loading: /home/huangjianqiang_group/hdacp1/data/yx/TFS/data/web-Google/web-Google.csrbin
Matrix: web-Google  N=916428  NNZ=5105039  avg_deg=5.6

=== TFS V3 Hybrid Pipeline ===
  run 0: 21.03 ms
  run 1: 20.81 ms
  run 2: 20.83 ms
  run 3: 20.85 ms
  run 4: 20.79 ms
  TFS V3 E2E BEST: 20.79 ms

=== MKL FP32 Two-Step ===
  run 0: 46.49 ms
  run 1: 47.02 ms
  run 2: 46.46 ms
  run 3: 47.07 ms
  run 4: 47.04 ms
  MKL E2E BEST: 46.46 ms

=== E2E Summary ===
  TFS V3 (hybrid): 20.79 ms
  MKL (FP32):      46.46 ms
  E2E Speedup:     2.23×

=== Precision ===
  TFS_hybrid vs MKL_FP32: max_rel_err=0.010098  RMSE=4.2428e+00
First 8:
  TFS: 1.26 -199.48 -333.10 5.93 33.54 46.40 -79.69 -134.20 
  MKL: 1.78 -200.73 -336.73 6.12 33.62 46.02 -80.46 -135.35 
METHOD_CONFIG graph=web-Google N=916428 E=5105039 D=128 F=128 R=64 TR=16 warmups=1 repeats=5 final_output=BF16 mkl_threads=32 mkl_dynamic=1 numa=default
METHOD_CHECK graph=web-Google method=paper_tfs boundary=kernel_FP32 reference=paper_tfs max_abs=0 mean_abs=0 relative_L2=0 normalized_max=0 gate=0.01 pass=1
METHOD_CHECK graph=web-Google method=paper_tfs boundary=e2e_FP32_final reference=paper_tfs max_abs=0 mean_abs=0 relative_L2=0 normalized_max=0 gate=0.01 pass=1
METHOD_CHECK graph=web-Google method=paper_tfs boundary=e2e_BF16_final reference=paper_tfs max_abs=0 mean_abs=0 relative_L2=0 normalized_max=0 gate=0.02 pass=1
METHOD_CHECK graph=web-Google method=paper_tfs boundary=e2e_BF16_final reference=source_MKL_FP32 max_abs=666.25 mean_abs=2.55826937075 relative_L2=0.0131663707239 normalized_max=0.0153772862624 gate=0.03 pass=1
METHOD_CHECK graph=web-Google method=b8_fast boundary=kernel_FP32 reference=paper_tfs max_abs=0.73681640625 mean_abs=0.016078112766 relative_L2=0.00303171412016 normalized_max=0.00289611657205 gate=0.01 pass=1
METHOD_CHECK graph=web-Google method=b8_fast boundary=e2e_FP32_final reference=paper_tfs max_abs=216.0234375 mean_abs=1.0265639348 relative_L2=0.00534268996261 normalized_max=0.00503675789517 gate=0.01 pass=1
METHOD_CHECK graph=web-Google method=b8_fast boundary=e2e_BF16_final reference=paper_tfs max_abs=256 mean_abs=1.02375358426 relative_L2=0.00581097121152 normalized_max=0.0059880239521 gate=0.02 pass=1
METHOD_CHECK graph=web-Google method=b8_fast boundary=e2e_BF16_final reference=source_MKL_FP32 max_abs=830.890625 mean_abs=3.50362405266 relative_L2=0.0181261946336 normalized_max=0.0191772502715 gate=0.03 pass=1
METHOD_CHECK graph=web-Google method=b8_accurate boundary=kernel_FP32 reference=paper_tfs max_abs=0.00042724609375 mean_abs=1.03739500959e-06 relative_L2=4.94889597792e-07 normalized_max=1.67932538141e-06 gate=0.001 pass=1
METHOD_CHECK graph=web-Google method=b8_accurate boundary=e2e_FP32_final reference=paper_tfs max_abs=0.732421875 mean_abs=0.000465535535379 relative_L2=1.12716031291e-05 normalized_max=1.70769973119e-05 gate=0.001 pass=1
METHOD_CHECK graph=web-Google method=b8_accurate boundary=e2e_BF16_final reference=paper_tfs max_abs=64 mean_abs=0.000456217805547 relative_L2=9.96686141611e-05 normalized_max=0.00149700598802 gate=0.01 pass=1
METHOD_CHECK graph=web-Google method=b8_accurate boundary=e2e_BF16_final reference=source_MKL_FP32 max_abs=666.25 mean_abs=2.55828132701 relative_L2=0.0131664102717 normalized_max=0.0153772862624 gate=0.03 pass=1
METHOD_CHECK graph=web-Google method=b16_fast boundary=kernel_FP32 reference=paper_tfs max_abs=0.776458740234 mean_abs=0.0164501825122 relative_L2=0.00311731191419 normalized_max=0.00305193397708 gate=0.01 pass=1
METHOD_CHECK graph=web-Google method=b16_fast boundary=e2e_FP32_final reference=paper_tfs max_abs=242.40234375 mean_abs=1.08238516442 relative_L2=0.00566063393002 normalized_max=0.00565180303036 gate=0.01 pass=1
METHOD_CHECK graph=web-Google method=b16_fast boundary=e2e_BF16_final reference=paper_tfs max_abs=256 mean_abs=1.07934994097 relative_L2=0.00609524367497 normalized_max=0.0059880239521 gate=0.02 pass=1
METHOD_CHECK graph=web-Google method=b16_fast boundary=e2e_BF16_final reference=source_MKL_FP32 max_abs=830.890625 mean_abs=3.55365605673 relative_L2=0.0184002828894 normalized_max=0.0191772502715 gate=0.03 pass=1
METHOD_CHECK graph=web-Google method=b16_accurate boundary=kernel_FP32 reference=paper_tfs max_abs=0.000534057617188 mean_abs=3.09557521242e-06 relative_L2=1.28370012679e-06 normalized_max=2.09915672676e-06 gate=0.001 pass=1
METHOD_CHECK graph=web-Google method=b16_accurate boundary=e2e_FP32_final reference=paper_tfs max_abs=0.989379882812 mean_abs=0.00150525273105 relative_L2=2.13845752651e-05 normalized_max=2.30681772022e-05 gate=0.001 pass=1
METHOD_CHECK graph=web-Google method=b16_accurate boundary=e2e_BF16_final reference=paper_tfs max_abs=64 mean_abs=0.00148549992828 relative_L2=0.000179254357361 normalized_max=0.00149700598802 gate=0.01 pass=1
METHOD_CHECK graph=web-Google method=b16_accurate boundary=e2e_BF16_final reference=source_MKL_FP32 max_abs=666.25 mean_abs=2.55834627226 relative_L2=0.0131668504434 normalized_max=0.0153772862624 gate=0.03 pass=1
METHOD_CHECK graph=web-Google method=b64_fast boundary=kernel_FP32 reference=paper_tfs max_abs=0.785339355469 mean_abs=0.0165102109181 relative_L2=0.00313470904496 normalized_max=0.00308683995465 gate=0.01 pass=1
METHOD_CHECK graph=web-Google method=b64_fast boundary=e2e_FP32_final reference=paper_tfs max_abs=250.734375 mean_abs=1.09735202262 relative_L2=0.00579343270334 normalized_max=0.00584607095178 gate=0.01 pass=1
METHOD_CHECK graph=web-Google method=b64_fast boundary=e2e_BF16_final reference=paper_tfs max_abs=256 mean_abs=1.0941678288 relative_L2=0.00621922114826 normalized_max=0.0059880239521 gate=0.02 pass=1
METHOD_CHECK graph=web-Google method=b64_fast boundary=e2e_BF16_final reference=source_MKL_FP32 max_abs=830.890625 mean_abs=3.56662743723 relative_L2=0.0185075073576 normalized_max=0.0191772502715 gate=0.03 pass=1
METHOD_CHECK graph=web-Google method=b64_accurate boundary=kernel_FP32 reference=paper_tfs max_abs=0.00140380859375 mean_abs=3.8645378833e-06 relative_L2=1.72403873835e-06 normalized_max=5.51778339605e-06 gate=0.001 pass=1
METHOD_CHECK graph=web-Google method=b64_accurate boundary=e2e_FP32_final reference=paper_tfs max_abs=0.989868164062 mean_abs=0.0021598240435 relative_L2=2.70953680847e-05 normalized_max=2.30795618671e-05 gate=0.001 pass=1
METHOD_CHECK graph=web-Google method=b64_accurate boundary=e2e_BF16_final reference=paper_tfs max_abs=64 mean_abs=0.00215816125157 relative_L2=0.00021223500033 normalized_max=0.00149700598802 gate=0.01 pass=1
METHOD_CHECK graph=web-Google method=b64_accurate boundary=e2e_BF16_final reference=source_MKL_FP32 max_abs=666.25 mean_abs=2.55840684614 relative_L2=0.0131674870155 normalized_max=0.0153772862624 gate=0.03 pass=1
METHOD_CHECK graph=web-Google method=bfull_fast boundary=kernel_FP32 reference=paper_tfs max_abs=0.785766601562 mean_abs=0.0165107423424 relative_L2=0.00313519421366 normalized_max=0.00308851928003 gate=0.01 pass=1
METHOD_CHECK graph=web-Google method=bfull_fast boundary=e2e_FP32_final reference=paper_tfs max_abs=238.81640625 mean_abs=1.09799728619 relative_L2=0.00580214833271 normalized_max=0.00556819405152 gate=0.01 pass=1
METHOD_CHECK graph=web-Google method=bfull_fast boundary=e2e_BF16_final reference=paper_tfs max_abs=256 mean_abs=1.09479791867 relative_L2=0.00622767757251 normalized_max=0.0059880239521 gate=0.02 pass=1
METHOD_CHECK graph=web-Google method=bfull_fast boundary=e2e_BF16_final reference=source_MKL_FP32 max_abs=830.890625 mean_abs=3.56713013078 relative_L2=0.0185106584075 normalized_max=0.0191772502715 gate=0.03 pass=1
METHOD_CHECK graph=web-Google method=bfull_accurate boundary=kernel_FP32 reference=paper_tfs max_abs=0.00238800048828 mean_abs=3.88771503757e-06 relative_L2=1.78155993192e-06 normalized_max=9.38622936394e-06 gate=0.001 pass=1
METHOD_CHECK graph=web-Google method=bfull_accurate boundary=e2e_FP32_final reference=paper_tfs max_abs=0.989868164062 mean_abs=0.00220585729248 relative_L2=2.85605374328e-05 normalized_max=2.30795618671e-05 gate=0.001 pass=1
METHOD_CHECK graph=web-Google method=bfull_accurate boundary=e2e_BF16_final reference=paper_tfs max_abs=64 mean_abs=0.00220057463454 relative_L2=0.000215257449702 normalized_max=0.00149700598802 gate=0.01 pass=1
METHOD_CHECK graph=web-Google method=bfull_accurate boundary=e2e_BF16_final reference=source_MKL_FP32 max_abs=666.25 mean_abs=2.55842348191 relative_L2=0.0131676065531 normalized_max=0.0153772862624 gate=0.03 pass=1
METHOD_GATE_COMPLETE graph=web-Google methods=9 pass=1
METHOD_TIME graph=web-Google method=paper_tfs kind=e2e repeat=0 order=0 ms=21.1670398712
METHOD_TIME graph=web-Google method=paper_tfs kind=e2e repeat=1 order=0 ms=21.0900306702
METHOD_TIME graph=web-Google method=paper_tfs kind=e2e repeat=2 order=0 ms=21.3940143585
METHOD_TIME graph=web-Google method=paper_tfs kind=e2e repeat=3 order=0 ms=21.3389396667
METHOD_TIME graph=web-Google method=paper_tfs kind=e2e repeat=4 order=0 ms=21.5580463409
METHOD_TIME graph=web-Google method=b8_fast kind=e2e repeat=0 order=1 ms=23.2679843903
METHOD_TIME graph=web-Google method=b8_fast kind=e2e repeat=1 order=1 ms=22.9740142822
METHOD_TIME graph=web-Google method=b8_fast kind=e2e repeat=2 order=1 ms=23.020029068
METHOD_TIME graph=web-Google method=b8_fast kind=e2e repeat=3 order=1 ms=23.0660438538
METHOD_TIME graph=web-Google method=b8_fast kind=e2e repeat=4 order=1 ms=23.383140564
METHOD_TIME graph=web-Google method=b8_accurate kind=e2e repeat=0 order=2 ms=24.405002594
METHOD_TIME graph=web-Google method=b8_accurate kind=e2e repeat=1 order=2 ms=24.6908664703
METHOD_TIME graph=web-Google method=b8_accurate kind=e2e repeat=2 order=2 ms=24.295091629
METHOD_TIME graph=web-Google method=b8_accurate kind=e2e repeat=3 order=2 ms=24.0440368652
METHOD_TIME graph=web-Google method=b8_accurate kind=e2e repeat=4 order=2 ms=24.5180130005
METHOD_TIME graph=web-Google method=b16_fast kind=e2e repeat=0 order=3 ms=21.4779376984
METHOD_TIME graph=web-Google method=b16_fast kind=e2e repeat=1 order=3 ms=21.7180252075
METHOD_TIME graph=web-Google method=b16_fast kind=e2e repeat=2 order=3 ms=21.6820240021
METHOD_TIME graph=web-Google method=b16_fast kind=e2e repeat=3 order=3 ms=21.4359760284
METHOD_TIME graph=web-Google method=b16_fast kind=e2e repeat=4 order=3 ms=22.0010280609
METHOD_TIME graph=web-Google method=b16_accurate kind=e2e repeat=0 order=4 ms=23.0550765991
METHOD_TIME graph=web-Google method=b16_accurate kind=e2e repeat=1 order=4 ms=22.9258537292
METHOD_TIME graph=web-Google method=b16_accurate kind=e2e repeat=2 order=4 ms=22.9811668396
METHOD_TIME graph=web-Google method=b16_accurate kind=e2e repeat=3 order=4 ms=22.4969387054
METHOD_TIME graph=web-Google method=b16_accurate kind=e2e repeat=4 order=4 ms=22.941827774
METHOD_TIME graph=web-Google method=b64_fast kind=e2e repeat=0 order=5 ms=21.3310718536
METHOD_TIME graph=web-Google method=b64_fast kind=e2e repeat=1 order=5 ms=21.4409828186
METHOD_TIME graph=web-Google method=b64_fast kind=e2e repeat=2 order=5 ms=21.6870307922
METHOD_TIME graph=web-Google method=b64_fast kind=e2e repeat=3 order=5 ms=21.2531089783
METHOD_TIME graph=web-Google method=b64_fast kind=e2e repeat=4 order=5 ms=21.6319561005
METHOD_TIME graph=web-Google method=b64_accurate kind=e2e repeat=0 order=6 ms=22.4671363831
METHOD_TIME graph=web-Google method=b64_accurate kind=e2e repeat=1 order=6 ms=22.1700668335
METHOD_TIME graph=web-Google method=b64_accurate kind=e2e repeat=2 order=6 ms=22.8350162506
METHOD_TIME graph=web-Google method=b64_accurate kind=e2e repeat=3 order=6 ms=22.5610733032
METHOD_TIME graph=web-Google method=b64_accurate kind=e2e repeat=4 order=6 ms=22.6228237152
METHOD_TIME graph=web-Google method=bfull_fast kind=e2e repeat=0 order=7 ms=21.7139720917
METHOD_TIME graph=web-Google method=bfull_fast kind=e2e repeat=1 order=7 ms=21.5740203857
METHOD_TIME graph=web-Google method=bfull_fast kind=e2e repeat=2 order=7 ms=21.5930938721
METHOD_TIME graph=web-Google method=bfull_fast kind=e2e repeat=3 order=7 ms=21.5799808502
METHOD_TIME graph=web-Google method=bfull_fast kind=e2e repeat=4 order=7 ms=21.632194519
METHOD_TIME graph=web-Google method=bfull_accurate kind=e2e repeat=0 order=8 ms=22.3960876465
METHOD_TIME graph=web-Google method=bfull_accurate kind=e2e repeat=1 order=8 ms=22.5110054016
METHOD_TIME graph=web-Google method=bfull_accurate kind=e2e repeat=2 order=8 ms=22.4249362946
METHOD_TIME graph=web-Google method=bfull_accurate kind=e2e repeat=3 order=8 ms=22.7608680725
METHOD_TIME graph=web-Google method=bfull_accurate kind=e2e repeat=4 order=8 ms=22.3460197449
METHOD_TIME graph=web-Google method=source_mkl_fp32 kind=e2e repeat=0 order=9 ms=47.5649833679
METHOD_TIME graph=web-Google method=source_mkl_fp32 kind=e2e repeat=1 order=9 ms=47.8739738464
METHOD_TIME graph=web-Google method=source_mkl_fp32 kind=e2e repeat=2 order=9 ms=46.991109848
METHOD_TIME graph=web-Google method=source_mkl_fp32 kind=e2e repeat=3 order=9 ms=47.1608638763
METHOD_TIME graph=web-Google method=source_mkl_fp32 kind=e2e repeat=4 order=9 ms=47.8310585022
METHOD_COMPLETE graph=web-Google methods=9 checks=36 pass=1 max_rss_kib=0
