CORRECT graph=regular-n17-q0 method=mkl_bf16_inputs boundary=kernel_sample reference=fp64_bf16_inputs rel_l2=0 max_abs=0 max_norm=0 pass=1
CONFIG graph=regular-n17-q0 N=17 E=0 threads=8 R=64 D=128 F=128 repeats=1 warmups=1
CORRECT graph=regular-n17-q0 method=mkl_fp32 boundary=kernel_full reference=mkl_bf16_inputs rel_l2=0 max_abs=0 max_norm=0 pass=1
CORRECT graph=regular-n17-q0 method=mkl_fp32 boundary=kernel_full reference=mkl_fp32 rel_l2=0 max_abs=0 max_norm=0 pass=1
CORRECT graph=regular-n17-q0 method=mkl_fp32 boundary=kernel_sample reference=fp64_bf16_inputs rel_l2=0 max_abs=0 max_norm=0 pass=1
CORRECT graph=regular-n17-q0 method=mkl_bf16_inputs boundary=kernel_full reference=mkl_bf16_inputs rel_l2=0 max_abs=0 max_norm=0 pass=1
CORRECT graph=regular-n17-q0 method=mkl_bf16_inputs boundary=kernel_full reference=mkl_fp32 rel_l2=0 max_abs=0 max_norm=0 pass=1
CORRECT graph=regular-n17-q0 method=mkl_bf16_inputs boundary=kernel_sample reference=fp64_bf16_inputs rel_l2=0 max_abs=0 max_norm=0 pass=1
CORRECT graph=regular-n17-q0 method=original boundary=kernel_full reference=mkl_bf16_inputs rel_l2=0 max_abs=0 max_norm=0 pass=1
CORRECT graph=regular-n17-q0 method=original boundary=kernel_full reference=mkl_fp32 rel_l2=0 max_abs=0 max_norm=0 pass=1
CORRECT graph=regular-n17-q0 method=original boundary=kernel_sample reference=fp64_bf16_inputs rel_l2=0 max_abs=0 max_norm=0 pass=1
CORRECT graph=regular-n17-q0 method=original_nozero boundary=kernel_full reference=mkl_bf16_inputs rel_l2=0 max_abs=0 max_norm=0 pass=1
CORRECT graph=regular-n17-q0 method=original_nozero boundary=kernel_full reference=mkl_fp32 rel_l2=0 max_abs=0 max_norm=0 pass=1
CORRECT graph=regular-n17-q0 method=original_nozero boundary=kernel_sample reference=fp64_bf16_inputs rel_l2=0 max_abs=0 max_norm=0 pass=1
CORRECT graph=regular-n17-q0 method=original_nozero boundary=nozero_identity reference=unchanged_original rel_l2=0 max_abs=0 max_norm=0 pass=1
CORRECT graph=regular-n17-q0 method=shared_b1_fast_nozero boundary=kernel_full reference=mkl_bf16_inputs rel_l2=0 max_abs=0 max_norm=0 pass=1
CORRECT graph=regular-n17-q0 method=shared_b1_fast_nozero boundary=kernel_full reference=mkl_fp32 rel_l2=0 max_abs=0 max_norm=0 pass=1
CORRECT graph=regular-n17-q0 method=shared_b1_fast_nozero boundary=kernel_sample reference=fp64_bf16_inputs rel_l2=0 max_abs=0 max_norm=0 pass=1
CORRECT graph=regular-n17-q0 method=shared_b1_fast_nozero boundary=b1_identity reference=unchanged_original rel_l2=0 max_abs=0 max_norm=0 pass=1
CORRECT graph=regular-n17-q0 method=shared_b1_accurate_nozero boundary=kernel_full reference=mkl_bf16_inputs rel_l2=0 max_abs=0 max_norm=0 pass=1
CORRECT graph=regular-n17-q0 method=shared_b1_accurate_nozero boundary=kernel_full reference=mkl_fp32 rel_l2=0 max_abs=0 max_norm=0 pass=1
CORRECT graph=regular-n17-q0 method=shared_b1_accurate_nozero boundary=kernel_sample reference=fp64_bf16_inputs rel_l2=0 max_abs=0 max_norm=0 pass=1
CORRECT graph=regular-n17-q0 method=shared_b2_fast_nozero boundary=kernel_full reference=mkl_bf16_inputs rel_l2=0 max_abs=0 max_norm=0 pass=1
CORRECT graph=regular-n17-q0 method=shared_b2_fast_nozero boundary=kernel_full reference=mkl_fp32 rel_l2=0 max_abs=0 max_norm=0 pass=1
CORRECT graph=regular-n17-q0 method=shared_b2_fast_nozero boundary=kernel_sample reference=fp64_bf16_inputs rel_l2=0 max_abs=0 max_norm=0 pass=1
CORRECT graph=regular-n17-q0 method=shared_b2_accurate_nozero boundary=kernel_full reference=mkl_bf16_inputs rel_l2=0 max_abs=0 max_norm=0 pass=1
CORRECT graph=regular-n17-q0 method=shared_b2_accurate_nozero boundary=kernel_full reference=mkl_fp32 rel_l2=0 max_abs=0 max_norm=0 pass=1
CORRECT graph=regular-n17-q0 method=shared_b2_accurate_nozero boundary=kernel_sample reference=fp64_bf16_inputs rel_l2=0 max_abs=0 max_norm=0 pass=1
CORRECT graph=regular-n17-q0 method=shared_b4_fast_nozero boundary=kernel_full reference=mkl_bf16_inputs rel_l2=0 max_abs=0 max_norm=0 pass=1
CORRECT graph=regular-n17-q0 method=shared_b4_fast_nozero boundary=kernel_full reference=mkl_fp32 rel_l2=0 max_abs=0 max_norm=0 pass=1
CORRECT graph=regular-n17-q0 method=shared_b4_fast_nozero boundary=kernel_sample reference=fp64_bf16_inputs rel_l2=0 max_abs=0 max_norm=0 pass=1
CORRECT graph=regular-n17-q0 method=shared_b4_accurate_nozero boundary=kernel_full reference=mkl_bf16_inputs rel_l2=0 max_abs=0 max_norm=0 pass=1
CORRECT graph=regular-n17-q0 method=shared_b4_accurate_nozero boundary=kernel_full reference=mkl_fp32 rel_l2=0 max_abs=0 max_norm=0 pass=1
CORRECT graph=regular-n17-q0 method=shared_b4_accurate_nozero boundary=kernel_sample reference=fp64_bf16_inputs rel_l2=0 max_abs=0 max_norm=0 pass=1
CORRECT graph=regular-n17-q0 method=shared_b8_fast_nozero boundary=kernel_full reference=mkl_bf16_inputs rel_l2=0 max_abs=0 max_norm=0 pass=1
CORRECT graph=regular-n17-q0 method=shared_b8_fast_nozero boundary=kernel_full reference=mkl_fp32 rel_l2=0 max_abs=0 max_norm=0 pass=1
CORRECT graph=regular-n17-q0 method=shared_b8_fast_nozero boundary=kernel_sample reference=fp64_bf16_inputs rel_l2=0 max_abs=0 max_norm=0 pass=1
CORRECT graph=regular-n17-q0 method=shared_b8_accurate_nozero boundary=kernel_full reference=mkl_bf16_inputs rel_l2=0 max_abs=0 max_norm=0 pass=1
CORRECT graph=regular-n17-q0 method=shared_b8_accurate_nozero boundary=kernel_full reference=mkl_fp32 rel_l2=0 max_abs=0 max_norm=0 pass=1
CORRECT graph=regular-n17-q0 method=shared_b8_accurate_nozero boundary=kernel_sample reference=fp64_bf16_inputs rel_l2=0 max_abs=0 max_norm=0 pass=1
CORRECT graph=regular-n17-q0 method=replay_b8_fast_nozero boundary=kernel_full reference=mkl_bf16_inputs rel_l2=0 max_abs=0 max_norm=0 pass=1
CORRECT graph=regular-n17-q0 method=replay_b8_fast_nozero boundary=kernel_full reference=mkl_fp32 rel_l2=0 max_abs=0 max_norm=0 pass=1
CORRECT graph=regular-n17-q0 method=replay_b8_fast_nozero boundary=kernel_sample reference=fp64_bf16_inputs rel_l2=0 max_abs=0 max_norm=0 pass=1
CORRECT graph=regular-n17-q0 method=shared_b16_fast_nozero boundary=kernel_full reference=mkl_bf16_inputs rel_l2=0 max_abs=0 max_norm=0 pass=1
CORRECT graph=regular-n17-q0 method=shared_b16_fast_nozero boundary=kernel_full reference=mkl_fp32 rel_l2=0 max_abs=0 max_norm=0 pass=1
CORRECT graph=regular-n17-q0 method=shared_b16_fast_nozero boundary=kernel_sample reference=fp64_bf16_inputs rel_l2=0 max_abs=0 max_norm=0 pass=1
CORRECT graph=regular-n17-q0 method=shared_b16_accurate_nozero boundary=kernel_full reference=mkl_bf16_inputs rel_l2=0 max_abs=0 max_norm=0 pass=1
CORRECT graph=regular-n17-q0 method=shared_b16_accurate_nozero boundary=kernel_full reference=mkl_fp32 rel_l2=0 max_abs=0 max_norm=0 pass=1
CORRECT graph=regular-n17-q0 method=shared_b16_accurate_nozero boundary=kernel_sample reference=fp64_bf16_inputs rel_l2=0 max_abs=0 max_norm=0 pass=1
CORRECT graph=regular-n17-q0 method=shared_b32_fast_nozero boundary=kernel_full reference=mkl_bf16_inputs rel_l2=0 max_abs=0 max_norm=0 pass=1
CORRECT graph=regular-n17-q0 method=shared_b32_fast_nozero boundary=kernel_full reference=mkl_fp32 rel_l2=0 max_abs=0 max_norm=0 pass=1
CORRECT graph=regular-n17-q0 method=shared_b32_fast_nozero boundary=kernel_sample reference=fp64_bf16_inputs rel_l2=0 max_abs=0 max_norm=0 pass=1
CORRECT graph=regular-n17-q0 method=shared_b32_accurate_nozero boundary=kernel_full reference=mkl_bf16_inputs rel_l2=0 max_abs=0 max_norm=0 pass=1
CORRECT graph=regular-n17-q0 method=shared_b32_accurate_nozero boundary=kernel_full reference=mkl_fp32 rel_l2=0 max_abs=0 max_norm=0 pass=1
CORRECT graph=regular-n17-q0 method=shared_b32_accurate_nozero boundary=kernel_sample reference=fp64_bf16_inputs rel_l2=0 max_abs=0 max_norm=0 pass=1
CORRECT graph=regular-n17-q0 method=replay_b32_fast_nozero boundary=kernel_full reference=mkl_bf16_inputs rel_l2=0 max_abs=0 max_norm=0 pass=1
CORRECT graph=regular-n17-q0 method=replay_b32_fast_nozero boundary=kernel_full reference=mkl_fp32 rel_l2=0 max_abs=0 max_norm=0 pass=1
CORRECT graph=regular-n17-q0 method=replay_b32_fast_nozero boundary=kernel_sample reference=fp64_bf16_inputs rel_l2=0 max_abs=0 max_norm=0 pass=1
CORRECT graph=regular-n17-q0 method=shared_b64_fast_nozero boundary=kernel_full reference=mkl_bf16_inputs rel_l2=0 max_abs=0 max_norm=0 pass=1
CORRECT graph=regular-n17-q0 method=shared_b64_fast_nozero boundary=kernel_full reference=mkl_fp32 rel_l2=0 max_abs=0 max_norm=0 pass=1
CORRECT graph=regular-n17-q0 method=shared_b64_fast_nozero boundary=kernel_sample reference=fp64_bf16_inputs rel_l2=0 max_abs=0 max_norm=0 pass=1
CORRECT graph=regular-n17-q0 method=shared_b64_accurate_nozero boundary=kernel_full reference=mkl_bf16_inputs rel_l2=0 max_abs=0 max_norm=0 pass=1
CORRECT graph=regular-n17-q0 method=shared_b64_accurate_nozero boundary=kernel_full reference=mkl_fp32 rel_l2=0 max_abs=0 max_norm=0 pass=1
CORRECT graph=regular-n17-q0 method=shared_b64_accurate_nozero boundary=kernel_sample reference=fp64_bf16_inputs rel_l2=0 max_abs=0 max_norm=0 pass=1
CORRECT graph=regular-n17-q0 method=shared_bfull_fast_nozero boundary=kernel_full reference=mkl_bf16_inputs rel_l2=0 max_abs=0 max_norm=0 pass=1
CORRECT graph=regular-n17-q0 method=shared_bfull_fast_nozero boundary=kernel_full reference=mkl_fp32 rel_l2=0 max_abs=0 max_norm=0 pass=1
CORRECT graph=regular-n17-q0 method=shared_bfull_fast_nozero boundary=kernel_sample reference=fp64_bf16_inputs rel_l2=0 max_abs=0 max_norm=0 pass=1
CORRECT graph=regular-n17-q0 method=shared_bfull_accurate_nozero boundary=kernel_full reference=mkl_bf16_inputs rel_l2=0 max_abs=0 max_norm=0 pass=1
CORRECT graph=regular-n17-q0 method=shared_bfull_accurate_nozero boundary=kernel_full reference=mkl_fp32 rel_l2=0 max_abs=0 max_norm=0 pass=1
CORRECT graph=regular-n17-q0 method=shared_bfull_accurate_nozero boundary=kernel_sample reference=fp64_bf16_inputs rel_l2=0 max_abs=0 max_norm=0 pass=1
CORRECT graph=regular-n17-q0 method=replay_bfull_fast_nozero boundary=kernel_full reference=mkl_bf16_inputs rel_l2=0 max_abs=0 max_norm=0 pass=1
CORRECT graph=regular-n17-q0 method=replay_bfull_fast_nozero boundary=kernel_full reference=mkl_fp32 rel_l2=0 max_abs=0 max_norm=0 pass=1
CORRECT graph=regular-n17-q0 method=replay_bfull_fast_nozero boundary=kernel_sample reference=fp64_bf16_inputs rel_l2=0 max_abs=0 max_norm=0 pass=1
TIME graph=regular-n17-q0 method=mkl_bf16_inputs kernel rep=0 ms=0.007868
TIME graph=regular-n17-q0 method=original kernel rep=0 ms=0.004053
TIME graph=regular-n17-q0 method=original_nozero kernel rep=0 ms=0.002146
TIME graph=regular-n17-q0 method=shared_b1_fast_nozero kernel rep=0 ms=0.003099
TIME graph=regular-n17-q0 method=shared_b1_accurate_nozero kernel rep=0 ms=0.002146
TIME graph=regular-n17-q0 method=shared_b2_fast_nozero kernel rep=0 ms=0.001907
TIME graph=regular-n17-q0 method=shared_b2_accurate_nozero kernel rep=0 ms=0.001907
TIME graph=regular-n17-q0 method=shared_b4_fast_nozero kernel rep=0 ms=0.001907
TIME graph=regular-n17-q0 method=shared_b4_accurate_nozero kernel rep=0 ms=0.002146
TIME graph=regular-n17-q0 method=shared_b8_fast_nozero kernel rep=0 ms=0.003099
TIME graph=regular-n17-q0 method=shared_b8_accurate_nozero kernel rep=0 ms=0.002861
TIME graph=regular-n17-q0 method=replay_b8_fast_nozero kernel rep=0 ms=0.002146
TIME graph=regular-n17-q0 method=shared_b16_fast_nozero kernel rep=0 ms=0.002146
TIME graph=regular-n17-q0 method=shared_b16_accurate_nozero kernel rep=0 ms=0.003099
TIME graph=regular-n17-q0 method=shared_b32_fast_nozero kernel rep=0 ms=0.004053
TIME graph=regular-n17-q0 method=shared_b32_accurate_nozero kernel rep=0 ms=0.001907
TIME graph=regular-n17-q0 method=replay_b32_fast_nozero kernel rep=0 ms=0.001907
TIME graph=regular-n17-q0 method=shared_b64_fast_nozero kernel rep=0 ms=0.002146
TIME graph=regular-n17-q0 method=shared_b64_accurate_nozero kernel rep=0 ms=0.001907
TIME graph=regular-n17-q0 method=shared_bfull_fast_nozero kernel rep=0 ms=0.002861
TIME graph=regular-n17-q0 method=shared_bfull_accurate_nozero kernel rep=0 ms=0.002146
TIME graph=regular-n17-q0 method=replay_bfull_fast_nozero kernel rep=0 ms=0.001907
TIME graph=regular-n17-q0 method=mkl_fp32 kernel rep=0 ms=0.005960
CORRECT graph=regular-n17-q0 method=original boundary=instrumented_kernel reference=unchanged_original rel_l2=0 max_abs=0 max_norm=0 pass=1
CORRECT graph=regular-n17-q0 method=original_nozero boundary=instrumented_kernel reference=unchanged_original rel_l2=0 max_abs=0 max_norm=0 pass=1
CORRECT graph=regular-n17-q0 method=shared_b1_fast_nozero boundary=instrumented_kernel reference=mkl_bf16_inputs rel_l2=0 max_abs=0 max_norm=0 pass=1
CORRECT graph=regular-n17-q0 method=shared_b1_accurate_nozero boundary=instrumented_kernel reference=mkl_bf16_inputs rel_l2=0 max_abs=0 max_norm=0 pass=1
CORRECT graph=regular-n17-q0 method=shared_b2_fast_nozero boundary=instrumented_kernel reference=mkl_bf16_inputs rel_l2=0 max_abs=0 max_norm=0 pass=1
CORRECT graph=regular-n17-q0 method=shared_b2_accurate_nozero boundary=instrumented_kernel reference=mkl_bf16_inputs rel_l2=0 max_abs=0 max_norm=0 pass=1
CORRECT graph=regular-n17-q0 method=shared_b4_fast_nozero boundary=instrumented_kernel reference=mkl_bf16_inputs rel_l2=0 max_abs=0 max_norm=0 pass=1
CORRECT graph=regular-n17-q0 method=shared_b4_accurate_nozero boundary=instrumented_kernel reference=mkl_bf16_inputs rel_l2=0 max_abs=0 max_norm=0 pass=1
CORRECT graph=regular-n17-q0 method=shared_b8_fast_nozero boundary=instrumented_kernel reference=mkl_bf16_inputs rel_l2=0 max_abs=0 max_norm=0 pass=1
CORRECT graph=regular-n17-q0 method=shared_b8_accurate_nozero boundary=instrumented_kernel reference=mkl_bf16_inputs rel_l2=0 max_abs=0 max_norm=0 pass=1
CORRECT graph=regular-n17-q0 method=replay_b8_fast_nozero boundary=instrumented_kernel reference=mkl_bf16_inputs rel_l2=0 max_abs=0 max_norm=0 pass=1
CORRECT graph=regular-n17-q0 method=shared_b16_fast_nozero boundary=instrumented_kernel reference=mkl_bf16_inputs rel_l2=0 max_abs=0 max_norm=0 pass=1
CORRECT graph=regular-n17-q0 method=shared_b16_accurate_nozero boundary=instrumented_kernel reference=mkl_bf16_inputs rel_l2=0 max_abs=0 max_norm=0 pass=1
CORRECT graph=regular-n17-q0 method=shared_b32_fast_nozero boundary=instrumented_kernel reference=mkl_bf16_inputs rel_l2=0 max_abs=0 max_norm=0 pass=1
CORRECT graph=regular-n17-q0 method=shared_b32_accurate_nozero boundary=instrumented_kernel reference=mkl_bf16_inputs rel_l2=0 max_abs=0 max_norm=0 pass=1
CORRECT graph=regular-n17-q0 method=replay_b32_fast_nozero boundary=instrumented_kernel reference=mkl_bf16_inputs rel_l2=0 max_abs=0 max_norm=0 pass=1
CORRECT graph=regular-n17-q0 method=shared_b64_fast_nozero boundary=instrumented_kernel reference=mkl_bf16_inputs rel_l2=0 max_abs=0 max_norm=0 pass=1
CORRECT graph=regular-n17-q0 method=shared_b64_accurate_nozero boundary=instrumented_kernel reference=mkl_bf16_inputs rel_l2=0 max_abs=0 max_norm=0 pass=1
CORRECT graph=regular-n17-q0 method=shared_bfull_fast_nozero boundary=instrumented_kernel reference=mkl_bf16_inputs rel_l2=0 max_abs=0 max_norm=0 pass=1
CORRECT graph=regular-n17-q0 method=shared_bfull_accurate_nozero boundary=instrumented_kernel reference=mkl_bf16_inputs rel_l2=0 max_abs=0 max_norm=0 pass=1
CORRECT graph=regular-n17-q0 method=replay_bfull_fast_nozero boundary=instrumented_kernel reference=mkl_bf16_inputs rel_l2=0 max_abs=0 max_norm=0 pass=1
CORRECT graph=regular-n17-q0 method=mkl_fp32 boundary=two_layer_e2e reference=mkl_bf16_inputs rel_l2=0 max_abs=0 max_norm=0 pass=1
CORRECT graph=regular-n17-q0 method=mkl_fp32 boundary=two_layer_e2e reference=mkl_fp32 rel_l2=0 max_abs=0 max_norm=0 pass=1
CORRECT graph=regular-n17-q0 method=mkl_bf16_inputs boundary=two_layer_e2e reference=mkl_bf16_inputs rel_l2=0 max_abs=0 max_norm=0 pass=1
CORRECT graph=regular-n17-q0 method=mkl_bf16_inputs boundary=two_layer_e2e reference=mkl_fp32 rel_l2=0 max_abs=0 max_norm=0 pass=1
CORRECT graph=regular-n17-q0 method=original boundary=two_layer_e2e reference=mkl_bf16_inputs rel_l2=0 max_abs=0 max_norm=0 pass=1
CORRECT graph=regular-n17-q0 method=original boundary=two_layer_e2e reference=mkl_fp32 rel_l2=0 max_abs=0 max_norm=0 pass=1
CORRECT graph=regular-n17-q0 method=original_nozero boundary=two_layer_e2e reference=mkl_bf16_inputs rel_l2=0 max_abs=0 max_norm=0 pass=1
CORRECT graph=regular-n17-q0 method=original_nozero boundary=two_layer_e2e reference=mkl_fp32 rel_l2=0 max_abs=0 max_norm=0 pass=1
CORRECT graph=regular-n17-q0 method=shared_b1_fast_nozero boundary=two_layer_e2e reference=mkl_bf16_inputs rel_l2=0 max_abs=0 max_norm=0 pass=1
CORRECT graph=regular-n17-q0 method=shared_b1_fast_nozero boundary=two_layer_e2e reference=mkl_fp32 rel_l2=0 max_abs=0 max_norm=0 pass=1
CORRECT graph=regular-n17-q0 method=shared_b1_accurate_nozero boundary=two_layer_e2e reference=mkl_bf16_inputs rel_l2=0 max_abs=0 max_norm=0 pass=1
CORRECT graph=regular-n17-q0 method=shared_b1_accurate_nozero boundary=two_layer_e2e reference=mkl_fp32 rel_l2=0 max_abs=0 max_norm=0 pass=1
CORRECT graph=regular-n17-q0 method=shared_b2_fast_nozero boundary=two_layer_e2e reference=mkl_bf16_inputs rel_l2=0 max_abs=0 max_norm=0 pass=1
CORRECT graph=regular-n17-q0 method=shared_b2_fast_nozero boundary=two_layer_e2e reference=mkl_fp32 rel_l2=0 max_abs=0 max_norm=0 pass=1
CORRECT graph=regular-n17-q0 method=shared_b2_accurate_nozero boundary=two_layer_e2e reference=mkl_bf16_inputs rel_l2=0 max_abs=0 max_norm=0 pass=1
CORRECT graph=regular-n17-q0 method=shared_b2_accurate_nozero boundary=two_layer_e2e reference=mkl_fp32 rel_l2=0 max_abs=0 max_norm=0 pass=1
CORRECT graph=regular-n17-q0 method=shared_b4_fast_nozero boundary=two_layer_e2e reference=mkl_bf16_inputs rel_l2=0 max_abs=0 max_norm=0 pass=1
CORRECT graph=regular-n17-q0 method=shared_b4_fast_nozero boundary=two_layer_e2e reference=mkl_fp32 rel_l2=0 max_abs=0 max_norm=0 pass=1
CORRECT graph=regular-n17-q0 method=shared_b4_accurate_nozero boundary=two_layer_e2e reference=mkl_bf16_inputs rel_l2=0 max_abs=0 max_norm=0 pass=1
CORRECT graph=regular-n17-q0 method=shared_b4_accurate_nozero boundary=two_layer_e2e reference=mkl_fp32 rel_l2=0 max_abs=0 max_norm=0 pass=1
CORRECT graph=regular-n17-q0 method=shared_b8_fast_nozero boundary=two_layer_e2e reference=mkl_bf16_inputs rel_l2=0 max_abs=0 max_norm=0 pass=1
CORRECT graph=regular-n17-q0 method=shared_b8_fast_nozero boundary=two_layer_e2e reference=mkl_fp32 rel_l2=0 max_abs=0 max_norm=0 pass=1
CORRECT graph=regular-n17-q0 method=shared_b8_accurate_nozero boundary=two_layer_e2e reference=mkl_bf16_inputs rel_l2=0 max_abs=0 max_norm=0 pass=1
CORRECT graph=regular-n17-q0 method=shared_b8_accurate_nozero boundary=two_layer_e2e reference=mkl_fp32 rel_l2=0 max_abs=0 max_norm=0 pass=1
CORRECT graph=regular-n17-q0 method=replay_b8_fast_nozero boundary=two_layer_e2e reference=mkl_bf16_inputs rel_l2=0 max_abs=0 max_norm=0 pass=1
CORRECT graph=regular-n17-q0 method=replay_b8_fast_nozero boundary=two_layer_e2e reference=mkl_fp32 rel_l2=0 max_abs=0 max_norm=0 pass=1
CORRECT graph=regular-n17-q0 method=shared_b16_fast_nozero boundary=two_layer_e2e reference=mkl_bf16_inputs rel_l2=0 max_abs=0 max_norm=0 pass=1
CORRECT graph=regular-n17-q0 method=shared_b16_fast_nozero boundary=two_layer_e2e reference=mkl_fp32 rel_l2=0 max_abs=0 max_norm=0 pass=1
CORRECT graph=regular-n17-q0 method=shared_b16_accurate_nozero boundary=two_layer_e2e reference=mkl_bf16_inputs rel_l2=0 max_abs=0 max_norm=0 pass=1
CORRECT graph=regular-n17-q0 method=shared_b16_accurate_nozero boundary=two_layer_e2e reference=mkl_fp32 rel_l2=0 max_abs=0 max_norm=0 pass=1
CORRECT graph=regular-n17-q0 method=shared_b32_fast_nozero boundary=two_layer_e2e reference=mkl_bf16_inputs rel_l2=0 max_abs=0 max_norm=0 pass=1
CORRECT graph=regular-n17-q0 method=shared_b32_fast_nozero boundary=two_layer_e2e reference=mkl_fp32 rel_l2=0 max_abs=0 max_norm=0 pass=1
CORRECT graph=regular-n17-q0 method=shared_b32_accurate_nozero boundary=two_layer_e2e reference=mkl_bf16_inputs rel_l2=0 max_abs=0 max_norm=0 pass=1
CORRECT graph=regular-n17-q0 method=shared_b32_accurate_nozero boundary=two_layer_e2e reference=mkl_fp32 rel_l2=0 max_abs=0 max_norm=0 pass=1
CORRECT graph=regular-n17-q0 method=replay_b32_fast_nozero boundary=two_layer_e2e reference=mkl_bf16_inputs rel_l2=0 max_abs=0 max_norm=0 pass=1
CORRECT graph=regular-n17-q0 method=replay_b32_fast_nozero boundary=two_layer_e2e reference=mkl_fp32 rel_l2=0 max_abs=0 max_norm=0 pass=1
CORRECT graph=regular-n17-q0 method=shared_b64_fast_nozero boundary=two_layer_e2e reference=mkl_bf16_inputs rel_l2=0 max_abs=0 max_norm=0 pass=1
CORRECT graph=regular-n17-q0 method=shared_b64_fast_nozero boundary=two_layer_e2e reference=mkl_fp32 rel_l2=0 max_abs=0 max_norm=0 pass=1
CORRECT graph=regular-n17-q0 method=shared_b64_accurate_nozero boundary=two_layer_e2e reference=mkl_bf16_inputs rel_l2=0 max_abs=0 max_norm=0 pass=1
CORRECT graph=regular-n17-q0 method=shared_b64_accurate_nozero boundary=two_layer_e2e reference=mkl_fp32 rel_l2=0 max_abs=0 max_norm=0 pass=1
CORRECT graph=regular-n17-q0 method=shared_bfull_fast_nozero boundary=two_layer_e2e reference=mkl_bf16_inputs rel_l2=0 max_abs=0 max_norm=0 pass=1
CORRECT graph=regular-n17-q0 method=shared_bfull_fast_nozero boundary=two_layer_e2e reference=mkl_fp32 rel_l2=0 max_abs=0 max_norm=0 pass=1
CORRECT graph=regular-n17-q0 method=shared_bfull_accurate_nozero boundary=two_layer_e2e reference=mkl_bf16_inputs rel_l2=0 max_abs=0 max_norm=0 pass=1
CORRECT graph=regular-n17-q0 method=shared_bfull_accurate_nozero boundary=two_layer_e2e reference=mkl_fp32 rel_l2=0 max_abs=0 max_norm=0 pass=1
CORRECT graph=regular-n17-q0 method=replay_bfull_fast_nozero boundary=two_layer_e2e reference=mkl_bf16_inputs rel_l2=0 max_abs=0 max_norm=0 pass=1
CORRECT graph=regular-n17-q0 method=replay_bfull_fast_nozero boundary=two_layer_e2e reference=mkl_fp32 rel_l2=0 max_abs=0 max_norm=0 pass=1
TIME graph=regular-n17-q0 method=mkl_bf16_inputs e2e rep=0 ms=0.015020 L1=0.006199 act_convert=0.001907 L2=0.006914
TIME graph=regular-n17-q0 method=original e2e rep=0 ms=0.010014 L1=0.004053 act_convert=0.003099 L2=0.002861
TIME graph=regular-n17-q0 method=original_nozero e2e rep=0 ms=0.008821 L1=0.005007 act_convert=0.001907 L2=0.001907
TIME graph=regular-n17-q0 method=shared_b1_fast_nozero e2e rep=0 ms=0.006914 L1=0.003099 act_convert=0.001907 L2=0.001907
TIME graph=regular-n17-q0 method=shared_b1_accurate_nozero e2e rep=0 ms=0.008106 L1=0.003099 act_convert=0.001907 L2=0.003099
TIME graph=regular-n17-q0 method=shared_b2_fast_nozero e2e rep=0 ms=0.006914 L1=0.001907 act_convert=0.003099 L2=0.001907
TIME graph=regular-n17-q0 method=shared_b2_accurate_nozero e2e rep=0 ms=0.008106 L1=0.001907 act_convert=0.003099 L2=0.003099
TIME graph=regular-n17-q0 method=shared_b4_fast_nozero e2e rep=0 ms=0.007153 L1=0.002146 act_convert=0.001907 L2=0.003099
TIME graph=regular-n17-q0 method=shared_b4_accurate_nozero e2e rep=0 ms=0.008106 L1=0.003099 act_convert=0.001907 L2=0.003099
TIME graph=regular-n17-q0 method=shared_b8_fast_nozero e2e rep=0 ms=0.008106 L1=0.003099 act_convert=0.002861 L2=0.002146
TIME graph=regular-n17-q0 method=shared_b8_accurate_nozero e2e rep=0 ms=0.006914 L1=0.001907 act_convert=0.003099 L2=0.001907
TIME graph=regular-n17-q0 method=replay_b8_fast_nozero e2e rep=0 ms=0.010014 L1=0.004053 act_convert=0.001907 L2=0.004053
TIME graph=regular-n17-q0 method=shared_b16_fast_nozero e2e rep=0 ms=0.007153 L1=0.002146 act_convert=0.002861 L2=0.002146
TIME graph=regular-n17-q0 method=shared_b16_accurate_nozero e2e rep=0 ms=0.007153 L1=0.002146 act_convert=0.001907 L2=0.003099
TIME graph=regular-n17-q0 method=shared_b32_fast_nozero e2e rep=0 ms=0.008106 L1=0.002146 act_convert=0.002861 L2=0.003099
TIME graph=regular-n17-q0 method=shared_b32_accurate_nozero e2e rep=0 ms=0.008106 L1=0.003099 act_convert=0.001907 L2=0.003099
TIME graph=regular-n17-q0 method=replay_b32_fast_nozero e2e rep=0 ms=0.009060 L1=0.004053 act_convert=0.003099 L2=0.001907
TIME graph=regular-n17-q0 method=shared_b64_fast_nozero e2e rep=0 ms=0.006914 L1=0.001907 act_convert=0.003099 L2=0.001907
TIME graph=regular-n17-q0 method=shared_b64_accurate_nozero e2e rep=0 ms=0.006914 L1=0.001907 act_convert=0.002861 L2=0.002146
TIME graph=regular-n17-q0 method=shared_bfull_fast_nozero e2e rep=0 ms=0.008106 L1=0.003099 act_convert=0.001907 L2=0.003099
TIME graph=regular-n17-q0 method=shared_bfull_accurate_nozero e2e rep=0 ms=0.007868 L1=0.002861 act_convert=0.002146 L2=0.002861
TIME graph=regular-n17-q0 method=replay_bfull_fast_nozero e2e rep=0 ms=0.010014 L1=0.003815 act_convert=0.002146 L2=0.004053
TIME graph=regular-n17-q0 method=mkl_fp32 e2e rep=0 ms=0.014067 L1=0.005960 act_convert=0.002146 L2=0.005960
COMPLETE graph=regular-n17-q0 status=PASS max_rss_kib=24880
