GCN E2E v3 — Hybrid Pipeline (FP32 inter-layer + BF16 final)
Threads: 32

Loading: /home/huangjianqiang_group/hdacp1/data/yx/TFS/data/cit-Patents/cit-Patents.csrbin
Matrix: cit-Patents  N=3774768  NNZ=16518948  avg_deg=4.4

=== TFS V3 Hybrid Pipeline ===
  run 0: 76.90 ms
  run 1: 77.56 ms
  run 2: 76.89 ms
  run 3: 77.51 ms
  run 4: 76.85 ms
  TFS V3 E2E BEST: 76.85 ms

=== MKL FP32 Two-Step ===
  run 0: 269.98 ms
  run 1: 269.36 ms
  run 2: 269.88 ms
  run 3: 269.72 ms
  run 4: 270.51 ms
  MKL E2E BEST: 269.36 ms

=== E2E Summary ===
  TFS V3 (hybrid): 76.85 ms
  MKL (FP32):      269.36 ms
  E2E Speedup:     3.50×

=== Precision ===
  TFS_hybrid vs MKL_FP32: max_rel_err=0.010544  RMSE=2.1617e+00
First 8:
  TFS: 0.00 0.00 0.00 0.00 0.00 0.00 0.00 0.00 
  MKL: 0.00 0.00 0.00 0.00 0.00 0.00 0.00 0.00 
