GRAPH_VALUES name=reddit checked=114615892 nonunit=0 implicit_ones=0
CORRECT graph=reddit method=mkl_bf16_inputs boundary=kernel_sample reference=fp64_bf16_inputs rel_l2=2.06391571e-07 max_abs=0.00117906183 max_norm=4.22192319e-07 pass=1
CONFIG graph=reddit N=232965 E=114615892 threads=32 R=64 D=128 F=128 repeats=10 warmups=1
CORRECT graph=reddit method=mkl_fp32 boundary=kernel_full reference=mkl_bf16_inputs rel_l2=0.00507558759 max_abs=11.114502 max_norm=0.00397982332 pass=1
CORRECT graph=reddit method=mkl_fp32 boundary=kernel_full reference=mkl_fp32 rel_l2=0 max_abs=0 max_norm=0 pass=1
CORRECT graph=reddit method=mkl_fp32 boundary=kernel_sample reference=fp64_bf16_inputs rel_l2=0.00402455047 max_abs=11.1139298 max_norm=0.00397961809 pass=1
CORRECT graph=reddit method=mkl_bf16_inputs boundary=kernel_full reference=mkl_bf16_inputs rel_l2=0 max_abs=0 max_norm=0 pass=1
CORRECT graph=reddit method=mkl_bf16_inputs boundary=kernel_full reference=mkl_fp32 rel_l2=0.00505263978 max_abs=11.114502 max_norm=0.00397221396 pass=1
CORRECT graph=reddit method=mkl_bf16_inputs boundary=kernel_sample reference=fp64_bf16_inputs rel_l2=2.06391571e-07 max_abs=0.00117906183 max_norm=4.22192319e-07 pass=1
CORRECT graph=reddit method=original boundary=kernel_full reference=mkl_bf16_inputs rel_l2=1.60239859e-06 max_abs=0.0212402344 max_norm=7.60559317e-06 pass=1
CORRECT graph=reddit method=original boundary=kernel_full reference=mkl_fp32 rel_l2=0.00505264515 max_abs=11.112793 max_norm=0.00397160319 pass=1
CORRECT graph=reddit method=original boundary=kernel_sample reference=fp64_bf16_inputs rel_l2=4.46491663e-06 max_abs=0.0214852765 max_norm=7.69333591e-06 pass=1
CORRECT graph=reddit method=original_nozero boundary=kernel_full reference=mkl_bf16_inputs rel_l2=1.60239859e-06 max_abs=0.0212402344 max_norm=7.60559317e-06 pass=1
CORRECT graph=reddit method=original_nozero boundary=kernel_full reference=mkl_fp32 rel_l2=0.00505264515 max_abs=11.112793 max_norm=0.00397160319 pass=1
CORRECT graph=reddit method=original_nozero boundary=kernel_sample reference=fp64_bf16_inputs rel_l2=4.46491663e-06 max_abs=0.0214852765 max_norm=7.69333591e-06 pass=1
CORRECT graph=reddit method=original_nozero boundary=nozero_identity reference=unchanged_original rel_l2=0 max_abs=0 max_norm=0 pass=1
CORRECT graph=reddit method=shared_b2_fast_nozero boundary=kernel_full reference=mkl_bf16_inputs rel_l2=0.00230803117 max_abs=6.2199707 max_norm=0.00222721491 pass=1
CORRECT graph=reddit method=shared_b2_fast_nozero boundary=kernel_full reference=mkl_fp32 rel_l2=0.00681146766 max_abs=14.5803223 max_norm=0.00521086414 pass=1
CORRECT graph=reddit method=shared_b2_fast_nozero boundary=kernel_sample reference=fp64_bf16_inputs rel_l2=0.00198597864 max_abs=6.22077914 max_norm=0.00222750419 pass=1
CORRECT graph=reddit method=shared_b2_accurate_nozero boundary=kernel_full reference=mkl_bf16_inputs rel_l2=1.58522015e-06 max_abs=0.0241699219 max_norm=8.6546405e-06 pass=1
CORRECT graph=reddit method=shared_b2_accurate_nozero boundary=kernel_full reference=mkl_fp32 rel_l2=0.00505263874 max_abs=11.1088867 max_norm=0.00397020713 pass=1
CORRECT graph=reddit method=shared_b2_accurate_nozero boundary=kernel_sample reference=fp64_bf16_inputs rel_l2=4.0657044e-06 max_abs=0.0242454894 max_norm=8.68169856e-06 pass=1
CORRECT graph=reddit method=shared_b4_fast_nozero boundary=kernel_full reference=mkl_bf16_inputs rel_l2=0.00292664911 max_abs=6.76196289 max_norm=0.00242128867 pass=1
CORRECT graph=reddit method=shared_b4_fast_nozero boundary=kernel_full reference=mkl_fp32 rel_l2=0.00746024411 max_abs=16.064209 max_norm=0.00574119069 pass=1
CORRECT graph=reddit method=shared_b4_fast_nozero boundary=kernel_sample reference=fp64_bf16_inputs rel_l2=0.00270209555 max_abs=6.76198079 max_norm=0.00242129486 pass=1
CORRECT graph=reddit method=shared_b4_accurate_nozero boundary=kernel_full reference=mkl_bf16_inputs rel_l2=1.13503652e-06 max_abs=0.0153808594 max_norm=5.5074985e-06 pass=1
CORRECT graph=reddit method=shared_b4_accurate_nozero boundary=kernel_full reference=mkl_fp32 rel_l2=0.00505264078 max_abs=11.1108398 max_norm=0.00397090516 pass=1
CORRECT graph=reddit method=shared_b4_accurate_nozero boundary=kernel_sample reference=fp64_bf16_inputs rel_l2=2.87511746e-06 max_abs=0.0156436339 max_norm=5.60159095e-06 pass=1
CORRECT graph=reddit method=shared_b8_fast_nozero boundary=kernel_full reference=mkl_bf16_inputs rel_l2=0.0031145739 max_abs=7.3347168 max_norm=0.00262637742 pass=1
CORRECT graph=reddit method=shared_b8_fast_nozero boundary=kernel_full reference=mkl_fp32 rel_l2=0.00767819468 max_abs=16.8718262 max_norm=0.00602982515 pass=1
CORRECT graph=reddit method=shared_b8_fast_nozero boundary=kernel_sample reference=fp64_bf16_inputs rel_l2=0.00284498338 max_abs=7.33496314 max_norm=0.0026264654 pass=1
CORRECT graph=reddit method=shared_b8_accurate_nozero boundary=kernel_full reference=mkl_bf16_inputs rel_l2=9.92274581e-07 max_abs=0.0112304688 max_norm=4.02134811e-06 pass=1
CORRECT graph=reddit method=shared_b8_accurate_nozero boundary=kernel_full reference=mkl_fp32 rel_l2=0.00505266162 max_abs=11.1125488 max_norm=0.00397151593 pass=1
CORRECT graph=reddit method=shared_b8_accurate_nozero boundary=kernel_sample reference=fp64_bf16_inputs rel_l2=2.10499352e-06 max_abs=0.011303477 max_norm=4.04749017e-06 pass=1
CORRECT graph=reddit method=shared_b16_fast_nozero boundary=kernel_full reference=mkl_bf16_inputs rel_l2=0.00321915644 max_abs=7.95019531 max_norm=0.00284676478 pass=1
CORRECT graph=reddit method=shared_b16_fast_nozero boundary=kernel_full reference=mkl_fp32 rel_l2=0.0077896 max_abs=17.5471191 max_norm=0.00627116824 pass=1
CORRECT graph=reddit method=shared_b16_fast_nozero boundary=kernel_sample reference=fp64_bf16_inputs rel_l2=0.00303237708 max_abs=7.95044165 max_norm=0.00284685274 pass=1
CORRECT graph=reddit method=shared_b16_accurate_nozero boundary=kernel_full reference=mkl_bf16_inputs rel_l2=1.89565832e-06 max_abs=0.00756835938 max_norm=2.71003895e-06 pass=1
CORRECT graph=reddit method=shared_b16_accurate_nozero boundary=kernel_full reference=mkl_fp32 rel_l2=0.00505289479 max_abs=11.1186523 max_norm=0.00397369727 pass=1
CORRECT graph=reddit method=shared_b16_accurate_nozero boundary=kernel_sample reference=fp64_bf16_inputs rel_l2=1.98982901e-06 max_abs=0.00736784935 max_norm=2.63824112e-06 pass=1
CORRECT graph=reddit method=shared_b32_fast_nozero boundary=kernel_full reference=mkl_bf16_inputs rel_l2=0.00323087993 max_abs=8.24023438 max_norm=0.00295062047 pass=1
CORRECT graph=reddit method=shared_b32_fast_nozero boundary=kernel_full reference=mkl_fp32 rel_l2=0.00780492194 max_abs=16.9008789 max_norm=0.00604020832 pass=1
CORRECT graph=reddit method=shared_b32_fast_nozero boundary=kernel_sample reference=fp64_bf16_inputs rel_l2=0.0029823747 max_abs=8.24048071 max_norm=0.00295070842 pass=1
CORRECT graph=reddit method=shared_b32_accurate_nozero boundary=kernel_full reference=mkl_bf16_inputs rel_l2=3.52808716e-06 max_abs=0.0106201172 max_norm=3.80279659e-06 pass=1
CORRECT graph=reddit method=shared_b32_accurate_nozero boundary=kernel_full reference=mkl_fp32 rel_l2=0.00505362101 max_abs=11.1154785 max_norm=0.00397256297 pass=1
CORRECT graph=reddit method=shared_b32_accurate_nozero boundary=kernel_sample reference=fp64_bf16_inputs rel_l2=2.81557234e-06 max_abs=0.0101800486 max_norm=3.6452188e-06 pass=1
CORRECT graph=reddit method=shared_b64_fast_nozero boundary=kernel_full reference=mkl_bf16_inputs rel_l2=0.00325716379 max_abs=7.93530273 max_norm=0.00284143212 pass=1
CORRECT graph=reddit method=shared_b64_fast_nozero boundary=kernel_full reference=mkl_fp32 rel_l2=0.00783081366 max_abs=19.0498047 max_norm=0.00680821331 pass=1
CORRECT graph=reddit method=shared_b64_fast_nozero boundary=kernel_sample reference=fp64_bf16_inputs rel_l2=0.00301339071 max_abs=7.93587492 max_norm=0.00284163676 pass=1
CORRECT graph=reddit method=shared_b64_accurate_nozero boundary=kernel_full reference=mkl_bf16_inputs rel_l2=5.43012243e-06 max_abs=0.0120849609 max_norm=4.32732025e-06 pass=1
CORRECT graph=reddit method=shared_b64_accurate_nozero boundary=kernel_full reference=mkl_fp32 rel_l2=0.00505495092 max_abs=11.1210938 max_norm=0.0039745698 pass=1
CORRECT graph=reddit method=shared_b64_accurate_nozero boundary=kernel_sample reference=fp64_bf16_inputs rel_l2=4.23584023e-06 max_abs=0.0123887062 max_norm=4.43608339e-06 pass=1
CORRECT graph=reddit method=shared_bfull_fast_nozero boundary=kernel_full reference=mkl_bf16_inputs rel_l2=0.00331306306 max_abs=9.60754395 max_norm=0.0034402196 pass=1
CORRECT graph=reddit method=shared_bfull_fast_nozero boundary=kernel_full reference=mkl_fp32 rel_l2=0.00785561 max_abs=16.6245117 max_norm=0.00594143739 pass=1
CORRECT graph=reddit method=shared_bfull_fast_nozero boundary=kernel_sample reference=fp64_bf16_inputs rel_l2=0.00341118335 max_abs=9.60726015 max_norm=0.00344011768 pass=1
CORRECT graph=reddit method=shared_bfull_accurate_nozero boundary=kernel_full reference=mkl_bf16_inputs rel_l2=8.82324102e-06 max_abs=0.0272216797 max_norm=9.74739814e-06 pass=1
CORRECT graph=reddit method=shared_bfull_accurate_nozero boundary=kernel_full reference=mkl_fp32 rel_l2=0.00505799661 max_abs=11.1306152 max_norm=0.00397797269 pass=1
CORRECT graph=reddit method=shared_bfull_accurate_nozero boundary=kernel_sample reference=fp64_bf16_inputs rel_l2=1.0012595e-05 max_abs=0.0260673538 max_norm=9.33406228e-06 pass=1
TIME graph=reddit method=mkl_bf16_inputs kernel rep=0 ms=102.704048
TIME graph=reddit method=original kernel rep=0 ms=158.864975
TIME graph=reddit method=original_nozero kernel rep=0 ms=147.094011
TIME graph=reddit method=shared_b2_fast_nozero kernel rep=0 ms=166.344881
TIME graph=reddit method=shared_b2_accurate_nozero kernel rep=0 ms=203.356028
TIME graph=reddit method=shared_b4_fast_nozero kernel rep=0 ms=107.772112
TIME graph=reddit method=shared_b4_accurate_nozero kernel rep=0 ms=138.361931
TIME graph=reddit method=shared_b8_fast_nozero kernel rep=0 ms=79.978943
TIME graph=reddit method=shared_b8_accurate_nozero kernel rep=0 ms=96.297979
TIME graph=reddit method=shared_b16_fast_nozero kernel rep=0 ms=69.554090
TIME graph=reddit method=shared_b16_accurate_nozero kernel rep=0 ms=75.780153
TIME graph=reddit method=shared_b32_fast_nozero kernel rep=0 ms=65.534115
TIME graph=reddit method=shared_b32_accurate_nozero kernel rep=0 ms=64.618111
TIME graph=reddit method=shared_b64_fast_nozero kernel rep=0 ms=59.866190
TIME graph=reddit method=shared_b64_accurate_nozero kernel rep=0 ms=59.034109
TIME graph=reddit method=shared_bfull_fast_nozero kernel rep=0 ms=63.844919
TIME graph=reddit method=shared_bfull_accurate_nozero kernel rep=0 ms=66.406965
TIME graph=reddit method=mkl_fp32 kernel rep=0 ms=105.940104
TIME graph=reddit method=original kernel rep=1 ms=160.580873
TIME graph=reddit method=original_nozero kernel rep=1 ms=131.181002
TIME graph=reddit method=shared_b2_fast_nozero kernel rep=1 ms=168.088913
TIME graph=reddit method=shared_b2_accurate_nozero kernel rep=1 ms=205.770016
TIME graph=reddit method=shared_b4_fast_nozero kernel rep=1 ms=112.782955
TIME graph=reddit method=shared_b4_accurate_nozero kernel rep=1 ms=126.835108
TIME graph=reddit method=shared_b8_fast_nozero kernel rep=1 ms=79.411030
TIME graph=reddit method=shared_b8_accurate_nozero kernel rep=1 ms=87.399006
TIME graph=reddit method=shared_b16_fast_nozero kernel rep=1 ms=72.992086
TIME graph=reddit method=shared_b16_accurate_nozero kernel rep=1 ms=74.723005
TIME graph=reddit method=shared_b32_fast_nozero kernel rep=1 ms=61.290026
TIME graph=reddit method=shared_b32_accurate_nozero kernel rep=1 ms=67.324162
TIME graph=reddit method=shared_b64_fast_nozero kernel rep=1 ms=61.280012
TIME graph=reddit method=shared_b64_accurate_nozero kernel rep=1 ms=61.717987
TIME graph=reddit method=shared_bfull_fast_nozero kernel rep=1 ms=67.450047
TIME graph=reddit method=shared_bfull_accurate_nozero kernel rep=1 ms=66.159964
TIME graph=reddit method=mkl_fp32 kernel rep=1 ms=104.146957
TIME graph=reddit method=mkl_bf16_inputs kernel rep=1 ms=105.039835
TIME graph=reddit method=original_nozero kernel rep=2 ms=137.074947
TIME graph=reddit method=shared_b2_fast_nozero kernel rep=2 ms=164.958954
TIME graph=reddit method=shared_b2_accurate_nozero kernel rep=2 ms=223.184109
TIME graph=reddit method=shared_b4_fast_nozero kernel rep=2 ms=101.139069
TIME graph=reddit method=shared_b4_accurate_nozero kernel rep=2 ms=124.978065
TIME graph=reddit method=shared_b8_fast_nozero kernel rep=2 ms=84.980965
TIME graph=reddit method=shared_b8_accurate_nozero kernel rep=2 ms=98.989010
TIME graph=reddit method=shared_b16_fast_nozero kernel rep=2 ms=67.985058
TIME graph=reddit method=shared_b16_accurate_nozero kernel rep=2 ms=75.043917
TIME graph=reddit method=shared_b32_fast_nozero kernel rep=2 ms=60.517073
TIME graph=reddit method=shared_b32_accurate_nozero kernel rep=2 ms=67.200184
TIME graph=reddit method=shared_b64_fast_nozero kernel rep=2 ms=57.817936
TIME graph=reddit method=shared_b64_accurate_nozero kernel rep=2 ms=62.304974
TIME graph=reddit method=shared_bfull_fast_nozero kernel rep=2 ms=67.912102
TIME graph=reddit method=shared_bfull_accurate_nozero kernel rep=2 ms=67.422867
TIME graph=reddit method=mkl_fp32 kernel rep=2 ms=104.870081
TIME graph=reddit method=mkl_bf16_inputs kernel rep=2 ms=103.834152
TIME graph=reddit method=original kernel rep=2 ms=156.787157
TIME graph=reddit method=shared_b2_fast_nozero kernel rep=3 ms=175.890207
TIME graph=reddit method=shared_b2_accurate_nozero kernel rep=3 ms=215.892076
TIME graph=reddit method=shared_b4_fast_nozero kernel rep=3 ms=102.244139
TIME graph=reddit method=shared_b4_accurate_nozero kernel rep=3 ms=130.865097
TIME graph=reddit method=shared_b8_fast_nozero kernel rep=3 ms=82.987070
TIME graph=reddit method=shared_b8_accurate_nozero kernel rep=3 ms=93.868971
TIME graph=reddit method=shared_b16_fast_nozero kernel rep=3 ms=70.616961
TIME graph=reddit method=shared_b16_accurate_nozero kernel rep=3 ms=77.750921
TIME graph=reddit method=shared_b32_fast_nozero kernel rep=3 ms=59.505939
TIME graph=reddit method=shared_b32_accurate_nozero kernel rep=3 ms=67.742109
TIME graph=reddit method=shared_b64_fast_nozero kernel rep=3 ms=58.159113
TIME graph=reddit method=shared_b64_accurate_nozero kernel rep=3 ms=60.632944
TIME graph=reddit method=shared_bfull_fast_nozero kernel rep=3 ms=64.047098
TIME graph=reddit method=shared_bfull_accurate_nozero kernel rep=3 ms=62.949181
TIME graph=reddit method=mkl_fp32 kernel rep=3 ms=106.737852
TIME graph=reddit method=mkl_bf16_inputs kernel rep=3 ms=105.048180
TIME graph=reddit method=original kernel rep=3 ms=143.888950
TIME graph=reddit method=original_nozero kernel rep=3 ms=136.304855
TIME graph=reddit method=shared_b2_accurate_nozero kernel rep=4 ms=229.088068
TIME graph=reddit method=shared_b4_fast_nozero kernel rep=4 ms=110.311985
TIME graph=reddit method=shared_b4_accurate_nozero kernel rep=4 ms=133.913994
TIME graph=reddit method=shared_b8_fast_nozero kernel rep=4 ms=80.394030
TIME graph=reddit method=shared_b8_accurate_nozero kernel rep=4 ms=97.252131
TIME graph=reddit method=shared_b16_fast_nozero kernel rep=4 ms=71.729898
TIME graph=reddit method=shared_b16_accurate_nozero kernel rep=4 ms=72.414875
TIME graph=reddit method=shared_b32_fast_nozero kernel rep=4 ms=60.678959
TIME graph=reddit method=shared_b32_accurate_nozero kernel rep=4 ms=64.471006
TIME graph=reddit method=shared_b64_fast_nozero kernel rep=4 ms=58.575869
TIME graph=reddit method=shared_b64_accurate_nozero kernel rep=4 ms=61.758041
TIME graph=reddit method=shared_bfull_fast_nozero kernel rep=4 ms=65.872908
TIME graph=reddit method=shared_bfull_accurate_nozero kernel rep=4 ms=63.524961
TIME graph=reddit method=mkl_fp32 kernel rep=4 ms=105.082035
TIME graph=reddit method=mkl_bf16_inputs kernel rep=4 ms=105.041027
TIME graph=reddit method=original kernel rep=4 ms=151.338100
TIME graph=reddit method=original_nozero kernel rep=4 ms=140.179873
TIME graph=reddit method=shared_b2_fast_nozero kernel rep=4 ms=156.763077
TIME graph=reddit method=shared_b4_fast_nozero kernel rep=5 ms=112.633944
TIME graph=reddit method=shared_b4_accurate_nozero kernel rep=5 ms=130.645990
TIME graph=reddit method=shared_b8_fast_nozero kernel rep=5 ms=75.055122
TIME graph=reddit method=shared_b8_accurate_nozero kernel rep=5 ms=101.539850
TIME graph=reddit method=shared_b16_fast_nozero kernel rep=5 ms=69.654942
TIME graph=reddit method=shared_b16_accurate_nozero kernel rep=5 ms=77.416182
TIME graph=reddit method=shared_b32_fast_nozero kernel rep=5 ms=61.965942
TIME graph=reddit method=shared_b32_accurate_nozero kernel rep=5 ms=64.214945
TIME graph=reddit method=shared_b64_fast_nozero kernel rep=5 ms=62.566996
TIME graph=reddit method=shared_b64_accurate_nozero kernel rep=5 ms=60.335875
TIME graph=reddit method=shared_bfull_fast_nozero kernel rep=5 ms=67.543030
TIME graph=reddit method=shared_bfull_accurate_nozero kernel rep=5 ms=66.787004
TIME graph=reddit method=mkl_fp32 kernel rep=5 ms=104.085207
TIME graph=reddit method=mkl_bf16_inputs kernel rep=5 ms=105.048180
TIME graph=reddit method=original kernel rep=5 ms=149.188995
TIME graph=reddit method=original_nozero kernel rep=5 ms=141.340017
TIME graph=reddit method=shared_b2_fast_nozero kernel rep=5 ms=163.820028
TIME graph=reddit method=shared_b2_accurate_nozero kernel rep=5 ms=233.569860
TIME graph=reddit method=shared_b4_accurate_nozero kernel rep=6 ms=126.514196
TIME graph=reddit method=shared_b8_fast_nozero kernel rep=6 ms=82.603931
TIME graph=reddit method=shared_b8_accurate_nozero kernel rep=6 ms=95.026970
TIME graph=reddit method=shared_b16_fast_nozero kernel rep=6 ms=70.611954
TIME graph=reddit method=shared_b16_accurate_nozero kernel rep=6 ms=74.140787
TIME graph=reddit method=shared_b32_fast_nozero kernel rep=6 ms=63.390017
TIME graph=reddit method=shared_b32_accurate_nozero kernel rep=6 ms=69.643021
TIME graph=reddit method=shared_b64_fast_nozero kernel rep=6 ms=57.313919
TIME graph=reddit method=shared_b64_accurate_nozero kernel rep=6 ms=62.266111
TIME graph=reddit method=shared_bfull_fast_nozero kernel rep=6 ms=66.236019
TIME graph=reddit method=shared_bfull_accurate_nozero kernel rep=6 ms=66.515923
TIME graph=reddit method=mkl_fp32 kernel rep=6 ms=105.274200
TIME graph=reddit method=mkl_bf16_inputs kernel rep=6 ms=104.161024
TIME graph=reddit method=original kernel rep=6 ms=155.659199
TIME graph=reddit method=original_nozero kernel rep=6 ms=135.505915
TIME graph=reddit method=shared_b2_fast_nozero kernel rep=6 ms=170.084953
TIME graph=reddit method=shared_b2_accurate_nozero kernel rep=6 ms=229.185104
TIME graph=reddit method=shared_b4_fast_nozero kernel rep=6 ms=105.868101
TIME graph=reddit method=shared_b8_fast_nozero kernel rep=7 ms=82.730055
TIME graph=reddit method=shared_b8_accurate_nozero kernel rep=7 ms=98.034143
TIME graph=reddit method=shared_b16_fast_nozero kernel rep=7 ms=70.408106
TIME graph=reddit method=shared_b16_accurate_nozero kernel rep=7 ms=75.043917
TIME graph=reddit method=shared_b32_fast_nozero kernel rep=7 ms=64.044952
TIME graph=reddit method=shared_b32_accurate_nozero kernel rep=7 ms=67.991972
TIME graph=reddit method=shared_b64_fast_nozero kernel rep=7 ms=59.403896
TIME graph=reddit method=shared_b64_accurate_nozero kernel rep=7 ms=63.866138
TIME graph=reddit method=shared_bfull_fast_nozero kernel rep=7 ms=65.191031
TIME graph=reddit method=shared_bfull_accurate_nozero kernel rep=7 ms=68.475008
TIME graph=reddit method=mkl_fp32 kernel rep=7 ms=103.856802
TIME graph=reddit method=mkl_bf16_inputs kernel rep=7 ms=105.082035
TIME graph=reddit method=original kernel rep=7 ms=151.923895
TIME graph=reddit method=original_nozero kernel rep=7 ms=144.200087
TIME graph=reddit method=shared_b2_fast_nozero kernel rep=7 ms=163.661957
TIME graph=reddit method=shared_b2_accurate_nozero kernel rep=7 ms=224.141121
TIME graph=reddit method=shared_b4_fast_nozero kernel rep=7 ms=112.560034
TIME graph=reddit method=shared_b4_accurate_nozero kernel rep=7 ms=140.587807
TIME graph=reddit method=shared_b8_accurate_nozero kernel rep=8 ms=90.682983
TIME graph=reddit method=shared_b16_fast_nozero kernel rep=8 ms=68.105936
TIME graph=reddit method=shared_b16_accurate_nozero kernel rep=8 ms=79.412937
TIME graph=reddit method=shared_b32_fast_nozero kernel rep=8 ms=60.838938
TIME graph=reddit method=shared_b32_accurate_nozero kernel rep=8 ms=66.243887
TIME graph=reddit method=shared_b64_fast_nozero kernel rep=8 ms=61.009884
TIME graph=reddit method=shared_b64_accurate_nozero kernel rep=8 ms=62.740088
TIME graph=reddit method=shared_bfull_fast_nozero kernel rep=8 ms=65.798044
TIME graph=reddit method=shared_bfull_accurate_nozero kernel rep=8 ms=67.951918
TIME graph=reddit method=mkl_fp32 kernel rep=8 ms=104.072094
TIME graph=reddit method=mkl_bf16_inputs kernel rep=8 ms=105.084896
TIME graph=reddit method=original kernel rep=8 ms=153.209925
TIME graph=reddit method=original_nozero kernel rep=8 ms=145.102024
TIME graph=reddit method=shared_b2_fast_nozero kernel rep=8 ms=176.193953
TIME graph=reddit method=shared_b2_accurate_nozero kernel rep=8 ms=227.343798
TIME graph=reddit method=shared_b4_fast_nozero kernel rep=8 ms=112.844944
TIME graph=reddit method=shared_b4_accurate_nozero kernel rep=8 ms=143.382072
TIME graph=reddit method=shared_b8_fast_nozero kernel rep=8 ms=78.275919
TIME graph=reddit method=shared_b16_fast_nozero kernel rep=9 ms=69.917917
TIME graph=reddit method=shared_b16_accurate_nozero kernel rep=9 ms=80.013990
TIME graph=reddit method=shared_b32_fast_nozero kernel rep=9 ms=60.606003
TIME graph=reddit method=shared_b32_accurate_nozero kernel rep=9 ms=66.191196
TIME graph=reddit method=shared_b64_fast_nozero kernel rep=9 ms=62.226057
TIME graph=reddit method=shared_b64_accurate_nozero kernel rep=9 ms=60.766935
TIME graph=reddit method=shared_bfull_fast_nozero kernel rep=9 ms=66.158056
TIME graph=reddit method=shared_bfull_accurate_nozero kernel rep=9 ms=63.925028
TIME graph=reddit method=mkl_fp32 kernel rep=9 ms=104.478836
TIME graph=reddit method=mkl_bf16_inputs kernel rep=9 ms=104.950190
TIME graph=reddit method=original kernel rep=9 ms=156.919956
TIME graph=reddit method=original_nozero kernel rep=9 ms=131.090164
TIME graph=reddit method=shared_b2_fast_nozero kernel rep=9 ms=179.352999
TIME graph=reddit method=shared_b2_accurate_nozero kernel rep=9 ms=226.310968
TIME graph=reddit method=shared_b4_fast_nozero kernel rep=9 ms=103.656054
TIME graph=reddit method=shared_b4_accurate_nozero kernel rep=9 ms=142.859936
TIME graph=reddit method=shared_b8_fast_nozero kernel rep=9 ms=79.462051
TIME graph=reddit method=shared_b8_accurate_nozero kernel rep=9 ms=98.276854
CORRECT graph=reddit method=original boundary=instrumented_kernel reference=unchanged_original rel_l2=0 max_abs=0 max_norm=0 pass=1
CORRECT graph=reddit method=original_nozero boundary=instrumented_kernel reference=unchanged_original rel_l2=0 max_abs=0 max_norm=0 pass=1
CORRECT graph=reddit method=shared_b2_fast_nozero boundary=instrumented_kernel reference=mkl_bf16_inputs rel_l2=0.00230803117 max_abs=6.2199707 max_norm=0.00222721491 pass=1
CORRECT graph=reddit method=shared_b2_accurate_nozero boundary=instrumented_kernel reference=mkl_bf16_inputs rel_l2=1.58522015e-06 max_abs=0.0241699219 max_norm=8.6546405e-06 pass=1
CORRECT graph=reddit method=shared_b4_fast_nozero boundary=instrumented_kernel reference=mkl_bf16_inputs rel_l2=0.00292664911 max_abs=6.76196289 max_norm=0.00242128867 pass=1
CORRECT graph=reddit method=shared_b4_accurate_nozero boundary=instrumented_kernel reference=mkl_bf16_inputs rel_l2=1.13503652e-06 max_abs=0.0153808594 max_norm=5.5074985e-06 pass=1
CORRECT graph=reddit method=shared_b8_fast_nozero boundary=instrumented_kernel reference=mkl_bf16_inputs rel_l2=0.0031145739 max_abs=7.3347168 max_norm=0.00262637742 pass=1
CORRECT graph=reddit method=shared_b8_accurate_nozero boundary=instrumented_kernel reference=mkl_bf16_inputs rel_l2=9.92274581e-07 max_abs=0.0112304688 max_norm=4.02134811e-06 pass=1
CORRECT graph=reddit method=shared_b16_fast_nozero boundary=instrumented_kernel reference=mkl_bf16_inputs rel_l2=0.00321915644 max_abs=7.95019531 max_norm=0.00284676478 pass=1
CORRECT graph=reddit method=shared_b16_accurate_nozero boundary=instrumented_kernel reference=mkl_bf16_inputs rel_l2=1.89565832e-06 max_abs=0.00756835938 max_norm=2.71003895e-06 pass=1
CORRECT graph=reddit method=shared_b32_fast_nozero boundary=instrumented_kernel reference=mkl_bf16_inputs rel_l2=0.00323087993 max_abs=8.24023438 max_norm=0.00295062047 pass=1
CORRECT graph=reddit method=shared_b32_accurate_nozero boundary=instrumented_kernel reference=mkl_bf16_inputs rel_l2=3.52808716e-06 max_abs=0.0106201172 max_norm=3.80279659e-06 pass=1
CORRECT graph=reddit method=shared_b64_fast_nozero boundary=instrumented_kernel reference=mkl_bf16_inputs rel_l2=0.00325716379 max_abs=7.93530273 max_norm=0.00284143212 pass=1
CORRECT graph=reddit method=shared_b64_accurate_nozero boundary=instrumented_kernel reference=mkl_bf16_inputs rel_l2=5.43012243e-06 max_abs=0.0120849609 max_norm=4.32732025e-06 pass=1
CORRECT graph=reddit method=shared_bfull_fast_nozero boundary=instrumented_kernel reference=mkl_bf16_inputs rel_l2=0.00331306306 max_abs=9.60754395 max_norm=0.0034402196 pass=1
CORRECT graph=reddit method=shared_bfull_accurate_nozero boundary=instrumented_kernel reference=mkl_bf16_inputs rel_l2=8.82324102e-06 max_abs=0.0272216797 max_norm=9.74739814e-06 pass=1
CORRECT graph=reddit method=mkl_fp32 boundary=two_layer_e2e reference=mkl_bf16_inputs rel_l2=0.00937519086 max_abs=293962 max_norm=0.0091417806 pass=1
CORRECT graph=reddit method=mkl_fp32 boundary=two_layer_e2e reference=mkl_fp32 rel_l2=0 max_abs=0 max_norm=0 pass=1
CORRECT graph=reddit method=mkl_bf16_inputs boundary=two_layer_e2e reference=mkl_bf16_inputs rel_l2=0 max_abs=0 max_norm=0 pass=1
CORRECT graph=reddit method=mkl_bf16_inputs boundary=two_layer_e2e reference=mkl_fp32 rel_l2=0.00929017633 max_abs=293962 max_norm=0.00905896553 pass=1
CORRECT graph=reddit method=original boundary=two_layer_e2e reference=mkl_bf16_inputs rel_l2=3.42457385e-06 max_abs=286 max_norm=8.89417425e-06 pass=1
CORRECT graph=reddit method=original boundary=two_layer_e2e reference=mkl_fp32 rel_l2=0.00929018376 max_abs=294006 max_norm=0.00906032146 pass=1
CORRECT graph=reddit method=original_nozero boundary=two_layer_e2e reference=mkl_bf16_inputs rel_l2=3.42457385e-06 max_abs=286 max_norm=8.89417425e-06 pass=1
CORRECT graph=reddit method=original_nozero boundary=two_layer_e2e reference=mkl_fp32 rel_l2=0.00929018376 max_abs=294006 max_norm=0.00906032146 pass=1
CORRECT graph=reddit method=shared_b2_fast_nozero boundary=two_layer_e2e reference=mkl_bf16_inputs rel_l2=0.00318208796 max_abs=101248 max_norm=0.00314866208 pass=1
CORRECT graph=reddit method=shared_b2_fast_nozero boundary=two_layer_e2e reference=mkl_fp32 rel_l2=0.0123651584 max_abs=395210 max_norm=0.012179104 pass=1
CORRECT graph=reddit method=shared_b2_accurate_nozero boundary=two_layer_e2e reference=mkl_bf16_inputs rel_l2=3.72264433e-06 max_abs=758 max_norm=2.35726716e-05 pass=1
CORRECT graph=reddit method=shared_b2_accurate_nozero boundary=two_layer_e2e reference=mkl_fp32 rel_l2=0.0092906381 max_abs=294720 max_norm=0.00908232465 pass=1
CORRECT graph=reddit method=shared_b4_fast_nozero boundary=two_layer_e2e reference=mkl_bf16_inputs rel_l2=0.00476270893 max_abs=152158 max_norm=0.00473188729 pass=1
CORRECT graph=reddit method=shared_b4_fast_nozero boundary=two_layer_e2e reference=mkl_fp32 rel_l2=0.0139240015 max_abs=446120 max_norm=0.0137479868 pass=1
CORRECT graph=reddit method=shared_b4_accurate_nozero boundary=two_layer_e2e reference=mkl_bf16_inputs rel_l2=3.24008578e-06 max_abs=222 max_norm=6.90386953e-06 pass=1
CORRECT graph=reddit method=shared_b4_accurate_nozero boundary=two_layer_e2e reference=mkl_fp32 rel_l2=0.00929034985 max_abs=293942 max_norm=0.00905834919 pass=1
CORRECT graph=reddit method=shared_b8_fast_nozero boundary=two_layer_e2e reference=mkl_bf16_inputs rel_l2=0.00532512919 max_abs=171424 max_norm=0.00533103121 pass=1
CORRECT graph=reddit method=shared_b8_fast_nozero boundary=two_layer_e2e reference=mkl_fp32 rel_l2=0.0144810742 max_abs=465386 max_norm=0.0143417031 pass=1
CORRECT graph=reddit method=shared_b8_accurate_nozero boundary=two_layer_e2e reference=mkl_bf16_inputs rel_l2=2.44896311e-06 max_abs=122 max_norm=3.79401839e-06 pass=1
CORRECT graph=reddit method=shared_b8_accurate_nozero boundary=two_layer_e2e reference=mkl_fp32 rel_l2=0.00929047696 max_abs=293964 max_norm=0.00905902716 pass=1
CORRECT graph=reddit method=shared_b16_fast_nozero boundary=two_layer_e2e reference=mkl_bf16_inputs rel_l2=0.005545907 max_abs=178246 max_norm=0.00554318526 pass=1
CORRECT graph=reddit method=shared_b16_fast_nozero boundary=two_layer_e2e reference=mkl_fp32 rel_l2=0.0147007203 max_abs=472208 max_norm=0.0145519353 pass=1
CORRECT graph=reddit method=shared_b16_accurate_nozero boundary=two_layer_e2e reference=mkl_bf16_inputs rel_l2=3.03893577e-06 max_abs=180 max_norm=5.59773205e-06 pass=1
CORRECT graph=reddit method=shared_b16_accurate_nozero boundary=two_layer_e2e reference=mkl_fp32 rel_l2=0.00929166821 max_abs=293968 max_norm=0.00905915043 pass=1
CORRECT graph=reddit method=shared_b32_fast_nozero boundary=two_layer_e2e reference=mkl_bf16_inputs rel_l2=0.00558992932 max_abs=178872 max_norm=0.00556265293 pass=1
CORRECT graph=reddit method=shared_b32_fast_nozero boundary=two_layer_e2e reference=mkl_fp32 rel_l2=0.014742346 max_abs=472834 max_norm=0.0145712266 pass=1
CORRECT graph=reddit method=shared_b32_accurate_nozero boundary=two_layer_e2e reference=mkl_bf16_inputs rel_l2=5.30160693e-06 max_abs=160 max_norm=4.97576182e-06 pass=1
CORRECT graph=reddit method=shared_b32_accurate_nozero boundary=two_layer_e2e reference=mkl_fp32 rel_l2=0.00929400597 max_abs=294118 max_norm=0.00906377295 pass=1
CORRECT graph=reddit method=shared_b64_fast_nozero boundary=two_layer_e2e reference=mkl_bf16_inputs rel_l2=0.00562084435 max_abs=180852 max_norm=0.00562422798 pass=1
CORRECT graph=reddit method=shared_b64_fast_nozero boundary=two_layer_e2e reference=mkl_fp32 rel_l2=0.0147693116 max_abs=474814 max_norm=0.0146322438 pass=1
CORRECT graph=reddit method=shared_b64_accurate_nozero boundary=two_layer_e2e reference=mkl_bf16_inputs rel_l2=9.57810358e-06 max_abs=308 max_norm=9.5783415e-06 pass=1
CORRECT graph=reddit method=shared_b64_accurate_nozero boundary=two_layer_e2e reference=mkl_fp32 rel_l2=0.00929809816 max_abs=294270 max_norm=0.0090684571 pass=1
CORRECT graph=reddit method=shared_bfull_fast_nozero boundary=two_layer_e2e reference=mkl_bf16_inputs rel_l2=0.0058371565 max_abs=194332 max_norm=0.00604343591 pass=1
CORRECT graph=reddit method=shared_bfull_fast_nozero boundary=two_layer_e2e reference=mkl_fp32 rel_l2=0.014860184 max_abs=480254 max_norm=0.0147998872 pass=1
CORRECT graph=reddit method=shared_bfull_accurate_nozero boundary=two_layer_e2e reference=mkl_bf16_inputs rel_l2=1.62541284e-05 max_abs=536 max_norm=1.66688021e-05 pass=1
CORRECT graph=reddit method=shared_bfull_accurate_nozero boundary=two_layer_e2e reference=mkl_fp32 rel_l2=0.00930351607 max_abs=294372 max_norm=0.00907160041 pass=1
TIME graph=reddit method=mkl_bf16_inputs e2e rep=0 ms=209.677219 L1=105.314016 act_convert=1.384020 L2=102.979183
TIME graph=reddit method=original e2e rep=0 ms=296.952963 L1=154.418945 act_convert=0.843048 L2=141.690969
TIME graph=reddit method=original_nozero e2e rep=0 ms=286.280870 L1=143.687963 act_convert=0.855923 L2=141.736984
TIME graph=reddit method=shared_b2_fast_nozero e2e rep=0 ms=343.258858 L1=169.585943 act_convert=0.880957 L2=172.791958
TIME graph=reddit method=shared_b2_accurate_nozero e2e rep=0 ms=446.113110 L1=223.134041 act_convert=0.887156 L2=222.091913
TIME graph=reddit method=shared_b4_fast_nozero e2e rep=0 ms=225.196123 L1=108.989954 act_convert=0.869036 L2=115.337133
TIME graph=reddit method=shared_b4_accurate_nozero e2e rep=0 ms=262.213945 L1=130.120993 act_convert=0.886917 L2=131.206036
TIME graph=reddit method=shared_b8_fast_nozero e2e rep=0 ms=164.278030 L1=82.720995 act_convert=0.868082 L2=80.688953
TIME graph=reddit method=shared_b8_accurate_nozero e2e rep=0 ms=189.544201 L1=96.904993 act_convert=0.855207 L2=91.784000
TIME graph=reddit method=shared_b16_fast_nozero e2e rep=0 ms=143.816948 L1=73.609114 act_convert=0.850916 L2=69.356918
TIME graph=reddit method=shared_b16_accurate_nozero e2e rep=0 ms=145.182848 L1=73.107958 act_convert=0.854015 L2=71.220875
TIME graph=reddit method=shared_b32_fast_nozero e2e rep=0 ms=133.309126 L1=64.280033 act_convert=0.835896 L2=68.193197
TIME graph=reddit method=shared_b32_accurate_nozero e2e rep=0 ms=133.588076 L1=68.002939 act_convert=0.836134 L2=64.749002
TIME graph=reddit method=shared_b64_fast_nozero e2e rep=0 ms=123.054981 L1=59.765100 act_convert=0.847816 L2=62.442064
TIME graph=reddit method=shared_b64_accurate_nozero e2e rep=0 ms=125.895977 L1=62.275887 act_convert=0.840187 L2=62.779903
TIME graph=reddit method=shared_bfull_fast_nozero e2e rep=0 ms=135.520935 L1=68.534851 act_convert=0.868082 L2=66.118002
TIME graph=reddit method=shared_bfull_accurate_nozero e2e rep=0 ms=137.681007 L1=69.916010 act_convert=0.860929 L2=66.904068
TIME graph=reddit method=mkl_fp32 e2e rep=0 ms=211.079836 L1=103.502035 act_convert=1.140833 L2=106.436968
TIME graph=reddit method=original e2e rep=1 ms=307.307005 L1=153.320074 act_convert=1.221895 L2=152.765036
TIME graph=reddit method=original_nozero e2e rep=1 ms=278.952837 L1=140.866041 act_convert=1.222849 L2=136.863947
TIME graph=reddit method=shared_b2_fast_nozero e2e rep=1 ms=352.189064 L1=176.288128 act_convert=1.222849 L2=174.678087
TIME graph=reddit method=shared_b2_accurate_nozero e2e rep=1 ms=467.837095 L1=230.336905 act_convert=1.234055 L2=236.266136
TIME graph=reddit method=shared_b4_fast_nozero e2e rep=1 ms=221.495867 L1=104.752064 act_convert=1.223803 L2=115.520000
TIME graph=reddit method=shared_b4_accurate_nozero e2e rep=1 ms=276.025057 L1=135.097027 act_convert=1.223087 L2=139.704943
TIME graph=reddit method=shared_b8_fast_nozero e2e rep=1 ms=169.341087 L1=85.973978 act_convert=1.227140 L2=82.139969
TIME graph=reddit method=shared_b8_accurate_nozero e2e rep=1 ms=188.189030 L1=90.667009 act_convert=1.230955 L2=96.291065
TIME graph=reddit method=shared_b16_fast_nozero e2e rep=1 ms=146.110058 L1=73.045015 act_convert=1.219034 L2=71.846008
TIME graph=reddit method=shared_b16_accurate_nozero e2e rep=1 ms=154.846907 L1=76.942921 act_convert=1.218081 L2=76.685905
TIME graph=reddit method=shared_b32_fast_nozero e2e rep=1 ms=132.110119 L1=65.698147 act_convert=1.230955 L2=65.181017
TIME graph=reddit method=shared_b32_accurate_nozero e2e rep=1 ms=137.421131 L1=70.392132 act_convert=1.222849 L2=65.806150
TIME graph=reddit method=shared_b64_fast_nozero e2e rep=1 ms=121.473074 L1=58.640003 act_convert=1.225948 L2=61.607122
TIME graph=reddit method=shared_b64_accurate_nozero e2e rep=1 ms=128.710985 L1=64.718962 act_convert=1.230955 L2=62.761068
TIME graph=reddit method=shared_bfull_fast_nozero e2e rep=1 ms=136.440992 L1=69.707155 act_convert=1.224041 L2=65.509796
TIME graph=reddit method=shared_bfull_accurate_nozero e2e rep=1 ms=135.782957 L1=68.728924 act_convert=1.218081 L2=65.835953
TIME graph=reddit method=mkl_fp32 e2e rep=1 ms=212.005854 L1=104.158878 act_convert=1.138926 L2=106.708050
TIME graph=reddit method=mkl_bf16_inputs e2e rep=1 ms=208.513975 L1=105.028152 act_convert=1.353979 L2=102.131844
TIME graph=reddit method=original_nozero e2e rep=2 ms=278.607845 L1=141.677856 act_convert=0.833035 L2=136.096954
TIME graph=reddit method=shared_b2_fast_nozero e2e rep=2 ms=345.922947 L1=164.589167 act_convert=0.881910 L2=180.451870
TIME graph=reddit method=shared_b2_accurate_nozero e2e rep=2 ms=450.845957 L1=222.852945 act_convert=0.866175 L2=227.126837
TIME graph=reddit method=shared_b4_fast_nozero e2e rep=2 ms=224.085093 L1=105.809927 act_convert=0.873089 L2=117.402077
TIME graph=reddit method=shared_b4_accurate_nozero e2e rep=2 ms=270.521164 L1=132.940054 act_convert=0.863075 L2=136.718035
TIME graph=reddit method=shared_b8_fast_nozero e2e rep=2 ms=169.156075 L1=81.975937 act_convert=0.881195 L2=86.298943
TIME graph=reddit method=shared_b8_accurate_nozero e2e rep=2 ms=182.764053 L1=89.457035 act_convert=0.869989 L2=92.437029
TIME graph=reddit method=shared_b16_fast_nozero e2e rep=2 ms=144.829988 L1=72.664976 act_convert=0.836134 L2=71.328878
TIME graph=reddit method=shared_b16_accurate_nozero e2e rep=2 ms=155.790091 L1=77.002048 act_convert=0.859976 L2=77.928066
TIME graph=reddit method=shared_b32_fast_nozero e2e rep=2 ms=129.863024 L1=63.768148 act_convert=0.844955 L2=65.249920
TIME graph=reddit method=shared_b32_accurate_nozero e2e rep=2 ms=137.012005 L1=68.259001 act_convert=0.861883 L2=67.891121
TIME graph=reddit method=shared_b64_fast_nozero e2e rep=2 ms=123.066902 L1=60.138941 act_convert=0.830889 L2=62.097073
TIME graph=reddit method=shared_b64_accurate_nozero e2e rep=2 ms=121.939898 L1=62.407970 act_convert=0.844955 L2=58.686972
TIME graph=reddit method=shared_bfull_fast_nozero e2e rep=2 ms=134.902000 L1=66.931963 act_convert=0.842094 L2=67.127943
TIME graph=reddit method=shared_bfull_accurate_nozero e2e rep=2 ms=132.033825 L1=66.580057 act_convert=0.860929 L2=64.592838
TIME graph=reddit method=mkl_fp32 e2e rep=2 ms=211.555004 L1=104.027033 act_convert=1.152039 L2=106.375933
TIME graph=reddit method=mkl_bf16_inputs e2e rep=2 ms=208.369970 L1=105.030060 act_convert=1.358032 L2=101.981878
TIME graph=reddit method=original e2e rep=2 ms=297.464848 L1=147.560835 act_convert=0.852108 L2=149.051905
TIME graph=reddit method=shared_b2_fast_nozero e2e rep=3 ms=337.285995 L1=160.160065 act_convert=0.874996 L2=176.250935
TIME graph=reddit method=shared_b2_accurate_nozero e2e rep=3 ms=466.803074 L1=233.265877 act_convert=0.851154 L2=232.686043
TIME graph=reddit method=shared_b4_fast_nozero e2e rep=3 ms=213.105917 L1=104.362965 act_convert=0.865936 L2=107.877016
TIME graph=reddit method=shared_b4_accurate_nozero e2e rep=3 ms=271.122932 L1=128.156900 act_convert=0.879049 L2=142.086983
TIME graph=reddit method=shared_b8_fast_nozero e2e rep=3 ms=173.871040 L1=85.297108 act_convert=0.874996 L2=87.698936
TIME graph=reddit method=shared_b8_accurate_nozero e2e rep=3 ms=189.364910 L1=91.089010 act_convert=0.870943 L2=97.404957
TIME graph=reddit method=shared_b16_fast_nozero e2e rep=3 ms=143.537045 L1=72.711945 act_convert=0.851154 L2=69.973946
TIME graph=reddit method=shared_b16_accurate_nozero e2e rep=3 ms=155.066013 L1=77.737093 act_convert=0.936985 L2=76.391935
TIME graph=reddit method=shared_b32_fast_nozero e2e rep=3 ms=128.108978 L1=63.504934 act_convert=0.888109 L2=63.715935
TIME graph=reddit method=shared_b32_accurate_nozero e2e rep=3 ms=132.148981 L1=65.595865 act_convert=0.858068 L2=65.695047
TIME graph=reddit method=shared_b64_fast_nozero e2e rep=3 ms=121.083975 L1=57.954788 act_convert=0.879049 L2=62.250137
TIME graph=reddit method=shared_b64_accurate_nozero e2e rep=3 ms=130.720139 L1=64.773083 act_convert=0.835896 L2=65.111160
TIME graph=reddit method=shared_bfull_fast_nozero e2e rep=3 ms=133.184195 L1=66.483021 act_convert=0.859976 L2=65.841198
TIME graph=reddit method=shared_bfull_accurate_nozero e2e rep=3 ms=131.500006 L1=65.754175 act_convert=0.844955 L2=64.900875
TIME graph=reddit method=mkl_fp32 e2e rep=3 ms=212.182045 L1=104.475021 act_convert=1.141071 L2=106.565952
TIME graph=reddit method=mkl_bf16_inputs e2e rep=3 ms=208.057165 L1=105.003119 act_convert=1.337051 L2=101.716995
TIME graph=reddit method=original e2e rep=3 ms=288.321018 L1=146.394014 act_convert=0.858068 L2=141.068935
TIME graph=reddit method=original_nozero e2e rep=3 ms=275.571823 L1=134.842873 act_convert=0.838995 L2=139.889956
TIME graph=reddit method=shared_b2_accurate_nozero e2e rep=4 ms=432.965994 L1=219.165087 act_convert=0.859022 L2=212.941885
TIME graph=reddit method=shared_b4_fast_nozero e2e rep=4 ms=222.249985 L1=110.467911 act_convert=0.875950 L2=110.906124
TIME graph=reddit method=shared_b4_accurate_nozero e2e rep=4 ms=276.614904 L1=135.980844 act_convert=0.854015 L2=139.780045
TIME graph=reddit method=shared_b8_fast_nozero e2e rep=4 ms=167.435884 L1=84.072828 act_convert=0.868082 L2=82.494974
TIME graph=reddit method=shared_b8_accurate_nozero e2e rep=4 ms=193.480968 L1=90.926886 act_convert=0.874043 L2=101.680040
TIME graph=reddit method=shared_b16_fast_nozero e2e rep=4 ms=142.478943 L1=66.584826 act_convert=0.885010 L2=75.009108
TIME graph=reddit method=shared_b16_accurate_nozero e2e rep=4 ms=153.702021 L1=76.540947 act_convert=0.854015 L2=76.307058
TIME graph=reddit method=shared_b32_fast_nozero e2e rep=4 ms=126.613140 L1=62.204123 act_convert=0.838995 L2=63.570023
TIME graph=reddit method=shared_b32_accurate_nozero e2e rep=4 ms=129.881859 L1=65.667868 act_convert=0.890970 L2=63.323021
TIME graph=reddit method=shared_b64_fast_nozero e2e rep=4 ms=122.799873 L1=61.980009 act_convert=0.856876 L2=59.962988
TIME graph=reddit method=shared_b64_accurate_nozero e2e rep=4 ms=124.911070 L1=61.498880 act_convert=0.871181 L2=62.541008
TIME graph=reddit method=shared_bfull_fast_nozero e2e rep=4 ms=133.012056 L1=66.529036 act_convert=0.849009 L2=65.634012
TIME graph=reddit method=shared_bfull_accurate_nozero e2e rep=4 ms=134.377956 L1=68.045855 act_convert=0.861168 L2=65.470934
TIME graph=reddit method=mkl_fp32 e2e rep=4 ms=212.027073 L1=104.189873 act_convert=1.139164 L2=106.698036
TIME graph=reddit method=mkl_bf16_inputs e2e rep=4 ms=207.941055 L1=104.928970 act_convert=1.363993 L2=101.648092
TIME graph=reddit method=original e2e rep=4 ms=292.500973 L1=151.448965 act_convert=0.850201 L2=140.201807
TIME graph=reddit method=original_nozero e2e rep=4 ms=285.264969 L1=151.702881 act_convert=0.853062 L2=132.709026
TIME graph=reddit method=shared_b2_fast_nozero e2e rep=4 ms=343.752861 L1=174.304962 act_convert=0.884056 L2=168.563843
TIME graph=reddit method=shared_b4_fast_nozero e2e rep=5 ms=223.052025 L1=107.697010 act_convert=0.866890 L2=114.488125
TIME graph=reddit method=shared_b4_accurate_nozero e2e rep=5 ms=272.158861 L1=135.459900 act_convert=0.895977 L2=135.802984
TIME graph=reddit method=shared_b8_fast_nozero e2e rep=5 ms=168.664217 L1=84.153175 act_convert=0.866890 L2=83.644152
TIME graph=reddit method=shared_b8_accurate_nozero e2e rep=5 ms=192.545176 L1=100.485086 act_convert=0.873089 L2=91.187000
TIME graph=reddit method=shared_b16_fast_nozero e2e rep=5 ms=146.306992 L1=72.690964 act_convert=0.853062 L2=72.762966
TIME graph=reddit method=shared_b16_accurate_nozero e2e rep=5 ms=149.265051 L1=73.578119 act_convert=0.863075 L2=74.823856
TIME graph=reddit method=shared_b32_fast_nozero e2e rep=5 ms=127.442122 L1=62.747002 act_convert=0.853062 L2=63.842058
TIME graph=reddit method=shared_b32_accurate_nozero e2e rep=5 ms=133.834839 L1=65.701008 act_convert=0.851870 L2=67.281961
TIME graph=reddit method=shared_b64_fast_nozero e2e rep=5 ms=124.633074 L1=60.816050 act_convert=0.842094 L2=62.974930
TIME graph=reddit method=shared_b64_accurate_nozero e2e rep=5 ms=125.458002 L1=63.165903 act_convert=0.869036 L2=61.423063
TIME graph=reddit method=shared_bfull_fast_nozero e2e rep=5 ms=137.320995 L1=66.502810 act_convert=0.859976 L2=69.958210
TIME graph=reddit method=shared_bfull_accurate_nozero e2e rep=5 ms=130.403996 L1=65.834045 act_convert=0.852108 L2=63.717842
TIME graph=reddit method=mkl_fp32 e2e rep=5 ms=211.455107 L1=103.994131 act_convert=1.111031 L2=106.349945
TIME graph=reddit method=mkl_bf16_inputs e2e rep=5 ms=208.619118 L1=105.085135 act_convert=1.336813 L2=102.197170
TIME graph=reddit method=original e2e rep=5 ms=309.882879 L1=154.151917 act_convert=1.148939 L2=154.582024
TIME graph=reddit method=original_nozero e2e rep=5 ms=286.245108 L1=141.462088 act_convert=0.856876 L2=143.926144
TIME graph=reddit method=shared_b2_fast_nozero e2e rep=5 ms=350.749969 L1=172.000885 act_convert=0.870943 L2=177.878141
TIME graph=reddit method=shared_b2_accurate_nozero e2e rep=5 ms=438.956976 L1=233.993053 act_convert=0.874043 L2=204.089880
TIME graph=reddit method=shared_b4_accurate_nozero e2e rep=6 ms=273.027897 L1=136.610985 act_convert=0.866890 L2=135.550022
TIME graph=reddit method=shared_b8_fast_nozero e2e rep=6 ms=170.760870 L1=85.557938 act_convert=0.871897 L2=84.331036
TIME graph=reddit method=shared_b8_accurate_nozero e2e rep=6 ms=192.070961 L1=96.094131 act_convert=0.882864 L2=95.093966
TIME graph=reddit method=shared_b16_fast_nozero e2e rep=6 ms=145.015001 L1=72.708130 act_convert=0.856876 L2=71.449995
TIME graph=reddit method=shared_b16_accurate_nozero e2e rep=6 ms=156.666994 L1=78.404903 act_convert=0.838041 L2=77.424049
TIME graph=reddit method=shared_b32_fast_nozero e2e rep=6 ms=131.084919 L1=65.196991 act_convert=0.860929 L2=65.026999
TIME graph=reddit method=shared_b32_accurate_nozero e2e rep=6 ms=133.127928 L1=64.447880 act_convert=0.867128 L2=67.812920
TIME graph=reddit method=shared_b64_fast_nozero e2e rep=6 ms=123.286963 L1=60.302973 act_convert=0.831842 L2=62.152147
TIME graph=reddit method=shared_b64_accurate_nozero e2e rep=6 ms=125.154972 L1=60.049057 act_convert=0.869036 L2=64.236879
TIME graph=reddit method=shared_bfull_fast_nozero e2e rep=6 ms=132.926941 L1=64.450026 act_convert=0.859022 L2=67.617893
TIME graph=reddit method=shared_bfull_accurate_nozero e2e rep=6 ms=129.077911 L1=62.483072 act_convert=0.871897 L2=65.722942
TIME graph=reddit method=mkl_fp32 e2e rep=6 ms=211.721897 L1=104.429960 act_convert=1.107931 L2=106.184006
TIME graph=reddit method=mkl_bf16_inputs e2e rep=6 ms=208.536148 L1=105.063200 act_convert=1.347780 L2=102.125168
TIME graph=reddit method=original e2e rep=6 ms=307.833195 L1=157.761097 act_convert=0.854969 L2=149.217129
TIME graph=reddit method=original_nozero e2e rep=6 ms=287.355900 L1=146.942854 act_convert=0.867128 L2=139.545918
TIME graph=reddit method=shared_b2_fast_nozero e2e rep=6 ms=340.207100 L1=180.361032 act_convert=0.875950 L2=158.970118
TIME graph=reddit method=shared_b2_accurate_nozero e2e rep=6 ms=434.715986 L1=233.439922 act_convert=0.871181 L2=200.404882
TIME graph=reddit method=shared_b4_fast_nozero e2e rep=6 ms=218.638897 L1=112.481833 act_convert=0.873089 L2=105.283976
TIME graph=reddit method=shared_b8_fast_nozero e2e rep=7 ms=166.729927 L1=85.886002 act_convert=0.873089 L2=79.970837
TIME graph=reddit method=shared_b8_accurate_nozero e2e rep=7 ms=195.436954 L1=97.322941 act_convert=0.885010 L2=97.229004
TIME graph=reddit method=shared_b16_fast_nozero e2e rep=7 ms=141.881943 L1=68.880796 act_convert=0.893116 L2=72.108030
TIME graph=reddit method=shared_b16_accurate_nozero e2e rep=7 ms=152.885914 L1=72.652817 act_convert=0.867128 L2=79.365969
TIME graph=reddit method=shared_b32_fast_nozero e2e rep=7 ms=134.941816 L1=66.316843 act_convert=0.877142 L2=67.747831
TIME graph=reddit method=shared_b32_accurate_nozero e2e rep=7 ms=135.601044 L1=67.007065 act_convert=0.854969 L2=67.739010
TIME graph=reddit method=shared_b64_fast_nozero e2e rep=7 ms=125.138998 L1=59.741020 act_convert=0.838995 L2=64.558983
TIME graph=reddit method=shared_b64_accurate_nozero e2e rep=7 ms=122.147083 L1=61.541080 act_convert=0.859976 L2=59.746027
TIME graph=reddit method=shared_bfull_fast_nozero e2e rep=7 ms=133.316994 L1=65.363884 act_convert=0.847101 L2=67.106009
TIME graph=reddit method=shared_bfull_accurate_nozero e2e rep=7 ms=128.510952 L1=66.166878 act_convert=0.848055 L2=61.496019
TIME graph=reddit method=mkl_fp32 e2e rep=7 ms=212.688923 L1=104.923964 act_convert=1.152039 L2=106.612921
TIME graph=reddit method=mkl_bf16_inputs e2e rep=7 ms=207.949162 L1=105.075121 act_convert=1.347065 L2=101.526976
TIME graph=reddit method=original e2e rep=7 ms=298.592091 L1=146.214008 act_convert=0.862122 L2=151.515961
TIME graph=reddit method=original_nozero e2e rep=7 ms=285.988808 L1=137.176037 act_convert=0.864983 L2=147.947788
TIME graph=reddit method=shared_b2_fast_nozero e2e rep=7 ms=343.149900 L1=169.924021 act_convert=0.869989 L2=172.355890
TIME graph=reddit method=shared_b2_accurate_nozero e2e rep=7 ms=433.735847 L1=212.041855 act_convert=0.868082 L2=220.825911
TIME graph=reddit method=shared_b4_fast_nozero e2e rep=7 ms=223.077059 L1=104.897022 act_convert=1.025915 L2=117.154121
TIME graph=reddit method=shared_b4_accurate_nozero e2e rep=7 ms=270.697117 L1=132.593155 act_convert=0.877857 L2=137.226105
TIME graph=reddit method=shared_b8_accurate_nozero e2e rep=8 ms=196.036100 L1=99.007130 act_convert=0.870943 L2=96.158028
TIME graph=reddit method=shared_b16_fast_nozero e2e rep=8 ms=140.595198 L1=67.046165 act_convert=0.892878 L2=72.656155
TIME graph=reddit method=shared_b16_accurate_nozero e2e rep=8 ms=155.150890 L1=78.640938 act_convert=0.847101 L2=75.662851
TIME graph=reddit method=shared_b32_fast_nozero e2e rep=8 ms=125.432968 L1=61.326981 act_convert=0.874996 L2=63.230991
TIME graph=reddit method=shared_b32_accurate_nozero e2e rep=8 ms=135.879040 L1=67.035913 act_convert=0.844002 L2=67.999125
TIME graph=reddit method=shared_b64_fast_nozero e2e rep=8 ms=120.452881 L1=58.320045 act_convert=0.869989 L2=61.262846
TIME graph=reddit method=shared_b64_accurate_nozero e2e rep=8 ms=126.008987 L1=62.950134 act_convert=0.831842 L2=62.227011
TIME graph=reddit method=shared_bfull_fast_nozero e2e rep=8 ms=135.535002 L1=66.581964 act_convert=0.854015 L2=68.099022
TIME graph=reddit method=shared_bfull_accurate_nozero e2e rep=8 ms=130.578041 L1=63.884020 act_convert=0.859976 L2=65.834045
TIME graph=reddit method=mkl_fp32 e2e rep=8 ms=211.842060 L1=104.374886 act_convert=1.106024 L2=106.361151
TIME graph=reddit method=mkl_bf16_inputs e2e rep=8 ms=208.220005 L1=104.953051 act_convert=1.337051 L2=101.929903
TIME graph=reddit method=original e2e rep=8 ms=304.069042 L1=151.648045 act_convert=0.848055 L2=151.572943
TIME graph=reddit method=original_nozero e2e rep=8 ms=273.919106 L1=134.129047 act_convert=0.854969 L2=138.935089
TIME graph=reddit method=shared_b2_fast_nozero e2e rep=8 ms=350.670099 L1=173.529148 act_convert=0.849962 L2=176.290989
TIME graph=reddit method=shared_b2_accurate_nozero e2e rep=8 ms=447.569847 L1=217.309952 act_convert=0.873089 L2=229.386806
TIME graph=reddit method=shared_b4_fast_nozero e2e rep=8 ms=220.656157 L1=109.244108 act_convert=0.870943 L2=110.541105
TIME graph=reddit method=shared_b4_accurate_nozero e2e rep=8 ms=260.194063 L1=126.430035 act_convert=0.862837 L2=132.901192
TIME graph=reddit method=shared_b8_fast_nozero e2e rep=8 ms=165.755987 L1=85.274935 act_convert=0.861883 L2=79.619169
TIME graph=reddit method=shared_b16_fast_nozero e2e rep=9 ms=143.444061 L1=71.758032 act_convert=0.855923 L2=70.830107
TIME graph=reddit method=shared_b16_accurate_nozero e2e rep=9 ms=153.410912 L1=74.264050 act_convert=0.854969 L2=78.291893
TIME graph=reddit method=shared_b32_fast_nozero e2e rep=9 ms=126.435995 L1=61.409950 act_convert=0.840902 L2=64.185143
TIME graph=reddit method=shared_b32_accurate_nozero e2e rep=9 ms=134.616852 L1=66.408873 act_convert=0.861168 L2=67.346811
TIME graph=reddit method=shared_b64_fast_nozero e2e rep=9 ms=125.555992 L1=60.759068 act_convert=0.848055 L2=63.948870
TIME graph=reddit method=shared_b64_accurate_nozero e2e rep=9 ms=125.048161 L1=61.891079 act_convert=0.848055 L2=62.309027
TIME graph=reddit method=shared_bfull_fast_nozero e2e rep=9 ms=134.749174 L1=65.710068 act_convert=0.848055 L2=68.191051
TIME graph=reddit method=shared_bfull_accurate_nozero e2e rep=9 ms=128.782988 L1=63.980818 act_convert=0.844002 L2=63.958168
TIME graph=reddit method=mkl_fp32 e2e rep=9 ms=212.400913 L1=104.861021 act_convert=1.125813 L2=106.414080
TIME graph=reddit method=mkl_bf16_inputs e2e rep=9 ms=208.080053 L1=104.969978 act_convert=1.342058 L2=101.768017
TIME graph=reddit method=original e2e rep=9 ms=307.148933 L1=157.374144 act_convert=0.867844 L2=148.906946
TIME graph=reddit method=original_nozero e2e rep=9 ms=286.795855 L1=142.048836 act_convert=0.858068 L2=143.888950
TIME graph=reddit method=shared_b2_fast_nozero e2e rep=9 ms=336.189032 L1=167.566061 act_convert=0.863075 L2=167.759895
TIME graph=reddit method=shared_b2_accurate_nozero e2e rep=9 ms=455.086231 L1=234.212160 act_convert=0.855923 L2=220.018148
TIME graph=reddit method=shared_b4_fast_nozero e2e rep=9 ms=218.497992 L1=107.218981 act_convert=0.869036 L2=110.409975
TIME graph=reddit method=shared_b4_accurate_nozero e2e rep=9 ms=286.404133 L1=141.288996 act_convert=0.869989 L2=144.245148
TIME graph=reddit method=shared_b8_fast_nozero e2e rep=9 ms=169.403076 L1=83.888054 act_convert=0.874043 L2=84.640980
TIME graph=reddit method=shared_b8_accurate_nozero e2e rep=9 ms=198.863029 L1=98.242044 act_convert=0.875950 L2=99.745035
COMPLETE graph=reddit status=PASS max_rss_kib=3321076
