CORRECT graph=regular-n262144-q256 method=mkl_bf16_inputs boundary=kernel_sample reference=fp64_bf16_inputs rel_l2=2.04448295e-07 max_abs=0.000113710761 max_norm=4.54367584e-07 pass=1
CONFIG graph=regular-n262144-q256 N=262144 E=67108864 threads=32 R=64 D=128 F=128 repeats=5 warmups=1
CORRECT graph=regular-n262144-q256 method=mkl_fp32 boundary=kernel_full reference=mkl_bf16_inputs rel_l2=0.00527438851 max_abs=1.85543823 max_norm=0.00516438254 pass=1
CORRECT graph=regular-n262144-q256 method=mkl_fp32 boundary=kernel_full reference=mkl_fp32 rel_l2=0 max_abs=0 max_norm=0 pass=1
CORRECT graph=regular-n262144-q256 method=mkl_fp32 boundary=kernel_sample reference=fp64_bf16_inputs rel_l2=0.00530823307 max_abs=1.20574707 max_norm=0.00481794667 pass=1
CORRECT graph=regular-n262144-q256 method=mkl_bf16_inputs boundary=kernel_full reference=mkl_bf16_inputs rel_l2=0 max_abs=0 max_norm=0 pass=1
CORRECT graph=regular-n262144-q256 method=mkl_bf16_inputs boundary=kernel_full reference=mkl_fp32 rel_l2=0.0052491638 max_abs=1.85543823 max_norm=0.00513784872 pass=1
CORRECT graph=regular-n262144-q256 method=mkl_bf16_inputs boundary=kernel_sample reference=fp64_bf16_inputs rel_l2=2.04448295e-07 max_abs=0.000113710761 max_norm=4.54367584e-07 pass=1
CORRECT graph=regular-n262144-q256 method=original boundary=kernel_full reference=mkl_bf16_inputs rel_l2=6.0988453e-07 max_abs=0.000579833984 max_norm=1.61389609e-06 pass=1
CORRECT graph=regular-n262144-q256 method=original boundary=kernel_full reference=mkl_fp32 rel_l2=0.00524916352 max_abs=1.85516357 max_norm=0.00513708817 pass=1
CORRECT graph=regular-n262144-q256 method=original boundary=kernel_sample reference=fp64_bf16_inputs rel_l2=5.78988953e-07 max_abs=0.0003083013 max_norm=1.23191609e-06 pass=1
CORRECT graph=regular-n262144-q256 method=shared_b2_fast boundary=kernel_full reference=mkl_bf16_inputs rel_l2=0.00237621829 max_abs=0.884002686 max_norm=0.002460512 pass=1
CORRECT graph=regular-n262144-q256 method=shared_b2_fast boundary=kernel_full reference=mkl_fp32 rel_l2=0.00705061137 max_abs=2.48828125 max_norm=0.00689023887 pass=1
CORRECT graph=regular-n262144-q256 method=shared_b2_fast boundary=kernel_sample reference=fp64_bf16_inputs rel_l2=0.00238323159 max_abs=0.526931603 max_norm=0.00210552314 pass=1
CORRECT graph=regular-n262144-q256 method=shared_b2_accurate boundary=kernel_full reference=mkl_bf16_inputs rel_l2=6.12578904e-07 max_abs=0.000518798828 max_norm=1.44401229e-06 pass=1
CORRECT graph=regular-n262144-q256 method=shared_b2_accurate boundary=kernel_full reference=mkl_fp32 rel_l2=0.00524916389 max_abs=1.85543823 max_norm=0.00513784872 pass=1
CORRECT graph=regular-n262144-q256 method=shared_b2_accurate boundary=kernel_sample reference=fp64_bf16_inputs rel_l2=5.71478583e-07 max_abs=0.000359840691 max_norm=1.43785816e-06 pass=1
CORRECT graph=regular-n262144-q256 method=shared_b4_fast boundary=kernel_full reference=mkl_bf16_inputs rel_l2=0.00298173467 max_abs=1.08444214 max_norm=0.00301841039 pass=1
CORRECT graph=regular-n262144-q256 method=shared_b4_fast boundary=kernel_full reference=mkl_fp32 rel_l2=0.0076994345 max_abs=2.75918579 max_norm=0.00764039403 pass=1
CORRECT graph=regular-n262144-q256 method=shared_b4_fast boundary=kernel_sample reference=fp64_bf16_inputs rel_l2=0.00297800851 max_abs=0.657387719 max_norm=0.00262680213 pass=1
CORRECT graph=regular-n262144-q256 method=shared_b4_accurate boundary=kernel_full reference=mkl_bf16_inputs rel_l2=4.57505151e-07 max_abs=0.000350952148 max_norm=9.76831842e-07 pass=1
CORRECT graph=regular-n262144-q256 method=shared_b4_accurate boundary=kernel_full reference=mkl_fp32 rel_l2=0.00524916371 max_abs=1.85562134 max_norm=0.00513835575 pass=1
CORRECT graph=regular-n262144-q256 method=shared_b4_accurate boundary=kernel_sample reference=fp64_bf16_inputs rel_l2=4.11218302e-07 max_abs=0.000177368522 max_norm=7.08732453e-07 pass=1
CORRECT graph=regular-n262144-q256 method=shared_b8_fast boundary=kernel_full reference=mkl_bf16_inputs rel_l2=0.00316429952 max_abs=1.02615356 max_norm=0.00285617136 pass=1
CORRECT graph=regular-n262144-q256 method=shared_b8_fast boundary=kernel_full reference=mkl_fp32 rel_l2=0.00791784237 max_abs=2.86312866 max_norm=0.00792821969 pass=1
CORRECT graph=regular-n262144-q256 method=shared_b8_fast boundary=kernel_sample reference=fp64_bf16_inputs rel_l2=0.00318105134 max_abs=0.792625368 max_norm=0.00316718726 pass=1
CORRECT graph=regular-n262144-q256 method=shared_b8_accurate boundary=kernel_full reference=mkl_bf16_inputs rel_l2=6.90257969e-07 max_abs=0.000366210938 max_norm=1.01930279e-06 pass=1
CORRECT graph=regular-n262144-q256 method=shared_b8_accurate boundary=kernel_full reference=mkl_fp32 rel_l2=0.00524918703 max_abs=1.85531616 max_norm=0.0051375107 pass=1
CORRECT graph=regular-n262144-q256 method=shared_b8_accurate boundary=kernel_sample reference=fp64_bf16_inputs rel_l2=6.27736217e-07 max_abs=0.000216759741 max_norm=8.66132625e-07 pass=1
CORRECT graph=regular-n262144-q256 method=replay_b8_fast boundary=kernel_full reference=mkl_bf16_inputs rel_l2=0.00316429952 max_abs=1.02615356 max_norm=0.00285617136 pass=1
CORRECT graph=regular-n262144-q256 method=replay_b8_fast boundary=kernel_full reference=mkl_fp32 rel_l2=0.00791784237 max_abs=2.86312866 max_norm=0.00792821969 pass=1
CORRECT graph=regular-n262144-q256 method=replay_b8_fast boundary=kernel_sample reference=fp64_bf16_inputs rel_l2=0.00318105134 max_abs=0.792625368 max_norm=0.00316718726 pass=1
CORRECT graph=regular-n262144-q256 method=shared_b16_fast boundary=kernel_full reference=mkl_bf16_inputs rel_l2=0.00326564831 max_abs=1.21090698 max_norm=0.00337040962 pass=1
CORRECT graph=regular-n262144-q256 method=shared_b16_fast boundary=kernel_full reference=mkl_fp32 rel_l2=0.00802792671 max_abs=3.06634521 max_norm=0.00849094169 pass=1
CORRECT graph=regular-n262144-q256 method=shared_b16_fast boundary=kernel_sample reference=fp64_bf16_inputs rel_l2=0.00326098391 max_abs=0.850869473 max_norm=0.00339992014 pass=1
CORRECT graph=regular-n262144-q256 method=shared_b16_accurate boundary=kernel_full reference=mkl_bf16_inputs rel_l2=1.92160512e-06 max_abs=0.000730514526 max_norm=2.03329671e-06 pass=1
CORRECT graph=regular-n262144-q256 method=shared_b16_accurate boundary=kernel_full reference=mkl_fp32 rel_l2=0.005249428 max_abs=1.85546875 max_norm=0.00513793323 pass=1
CORRECT graph=regular-n262144-q256 method=shared_b16_accurate boundary=kernel_sample reference=fp64_bf16_inputs rel_l2=1.92179692e-06 max_abs=0.000611249357 max_norm=2.4424416e-06 pass=1
CORRECT graph=regular-n262144-q256 method=shared_b32_fast boundary=kernel_full reference=mkl_bf16_inputs rel_l2=0.00327914234 max_abs=1.10995483 max_norm=0.00308942182 pass=1
CORRECT graph=regular-n262144-q256 method=shared_b32_fast boundary=kernel_full reference=mkl_fp32 rel_l2=0.00804512496 max_abs=2.91903687 max_norm=0.00808303373 pass=1
CORRECT graph=regular-n262144-q256 method=shared_b32_fast boundary=kernel_sample reference=fp64_bf16_inputs rel_l2=0.00330315211 max_abs=0.822060879 max_norm=0.00328480622 pass=1
CORRECT graph=regular-n262144-q256 method=shared_b32_accurate boundary=kernel_full reference=mkl_bf16_inputs rel_l2=3.70743291e-06 max_abs=0.00135803223 max_norm=3.77991452e-06 pass=1
CORRECT graph=regular-n262144-q256 method=shared_b32_accurate boundary=kernel_full reference=mkl_fp32 rel_l2=0.00525018164 max_abs=1.85577393 max_norm=0.00513877828 pass=1
CORRECT graph=regular-n262144-q256 method=shared_b32_accurate boundary=kernel_sample reference=fp64_bf16_inputs rel_l2=3.66481362e-06 max_abs=0.00103320181 max_norm=4.12848711e-06 pass=1
CORRECT graph=regular-n262144-q256 method=replay_b32_fast boundary=kernel_full reference=mkl_bf16_inputs rel_l2=0.00327914234 max_abs=1.10995483 max_norm=0.00308942182 pass=1
CORRECT graph=regular-n262144-q256 method=replay_b32_fast boundary=kernel_full reference=mkl_fp32 rel_l2=0.00804512496 max_abs=2.91903687 max_norm=0.00808303373 pass=1
CORRECT graph=regular-n262144-q256 method=replay_b32_fast boundary=kernel_sample reference=fp64_bf16_inputs rel_l2=0.00330315211 max_abs=0.822060879 max_norm=0.00328480622 pass=1
CORRECT graph=regular-n262144-q256 method=shared_b64_fast boundary=kernel_full reference=mkl_bf16_inputs rel_l2=0.00330317484 max_abs=1.15863037 max_norm=0.00322490415 pass=1
CORRECT graph=regular-n262144-q256 method=shared_b64_fast boundary=kernel_full reference=mkl_fp32 rel_l2=0.00806852101 max_abs=2.89724731 max_norm=0.00802269682 pass=1
CORRECT graph=regular-n262144-q256 method=shared_b64_fast boundary=kernel_sample reference=fp64_bf16_inputs rel_l2=0.00330237595 max_abs=0.852106303 max_norm=0.00340486229 pass=1
CORRECT graph=regular-n262144-q256 method=shared_b64_accurate boundary=kernel_full reference=mkl_bf16_inputs rel_l2=5.71790845e-06 max_abs=0.00210571289 max_norm=5.86099105e-06 pass=1
CORRECT graph=regular-n262144-q256 method=shared_b64_accurate boundary=kernel_full reference=mkl_fp32 rel_l2=0.00525157669 max_abs=1.85638428 max_norm=0.00514046839 pass=1
CORRECT graph=regular-n262144-q256 method=shared_b64_accurate boundary=kernel_sample reference=fp64_bf16_inputs rel_l2=5.67522945e-06 max_abs=0.0014684312 max_norm=5.86758485e-06 pass=1
CORRECT graph=regular-n262144-q256 method=shared_bfull_fast boundary=kernel_full reference=mkl_bf16_inputs rel_l2=0.00331403564 max_abs=1.19003296 max_norm=0.00331230936 pass=1
CORRECT graph=regular-n262144-q256 method=shared_bfull_fast boundary=kernel_full reference=mkl_fp32 rel_l2=0.00807606156 max_abs=2.8694458 max_norm=0.00794571233 pass=1
CORRECT graph=regular-n262144-q256 method=shared_bfull_fast boundary=kernel_sample reference=fp64_bf16_inputs rel_l2=0.00332163297 max_abs=0.86610974 max_norm=0.00346081748 pass=1
CORRECT graph=regular-n262144-q256 method=shared_bfull_accurate boundary=kernel_full reference=mkl_bf16_inputs rel_l2=7.97555475e-06 max_abs=0.00323486328 max_norm=9.00384133e-06 pass=1
CORRECT graph=regular-n262144-q256 method=shared_bfull_accurate boundary=kernel_full reference=mkl_fp32 rel_l2=0.00525373127 max_abs=1.85818481 max_norm=0.00514545421 pass=1
CORRECT graph=regular-n262144-q256 method=shared_bfull_accurate boundary=kernel_sample reference=fp64_bf16_inputs rel_l2=8.0180702e-06 max_abs=0.00221813843 max_norm=8.86327897e-06 pass=1
CORRECT graph=regular-n262144-q256 method=replay_bfull_fast boundary=kernel_full reference=mkl_bf16_inputs rel_l2=0.00331403564 max_abs=1.19003296 max_norm=0.00331230936 pass=1
CORRECT graph=regular-n262144-q256 method=replay_bfull_fast boundary=kernel_full reference=mkl_fp32 rel_l2=0.00807606156 max_abs=2.8694458 max_norm=0.00794571233 pass=1
CORRECT graph=regular-n262144-q256 method=replay_bfull_fast boundary=kernel_sample reference=fp64_bf16_inputs rel_l2=0.00332163297 max_abs=0.86610974 max_norm=0.00346081748 pass=1
TIME graph=regular-n262144-q256 method=mkl_bf16_inputs kernel rep=0 ms=89.960098
TIME graph=regular-n262144-q256 method=original kernel rep=0 ms=73.678017
TIME graph=regular-n262144-q256 method=shared_b2_fast kernel rep=0 ms=103.241920
TIME graph=regular-n262144-q256 method=shared_b2_accurate kernel rep=0 ms=127.301931
TIME graph=regular-n262144-q256 method=shared_b4_fast kernel rep=0 ms=70.094109
TIME graph=regular-n262144-q256 method=shared_b4_accurate kernel rep=0 ms=83.329916
TIME graph=regular-n262144-q256 method=shared_b8_fast kernel rep=0 ms=55.647135
TIME graph=regular-n262144-q256 method=shared_b8_accurate kernel rep=0 ms=62.376976
TIME graph=regular-n262144-q256 method=replay_b8_fast kernel rep=0 ms=76.165915
TIME graph=regular-n262144-q256 method=shared_b16_fast kernel rep=0 ms=50.127029
TIME graph=regular-n262144-q256 method=shared_b16_accurate kernel rep=0 ms=52.347898
TIME graph=regular-n262144-q256 method=shared_b32_fast kernel rep=0 ms=45.784950
TIME graph=regular-n262144-q256 method=shared_b32_accurate kernel rep=0 ms=47.549009
TIME graph=regular-n262144-q256 method=replay_b32_fast kernel rep=0 ms=63.019991
TIME graph=regular-n262144-q256 method=shared_b64_fast kernel rep=0 ms=45.929909
TIME graph=regular-n262144-q256 method=shared_b64_accurate kernel rep=0 ms=46.566010
TIME graph=regular-n262144-q256 method=shared_bfull_fast kernel rep=0 ms=45.112133
TIME graph=regular-n262144-q256 method=shared_bfull_accurate kernel rep=0 ms=45.361042
TIME graph=regular-n262144-q256 method=replay_bfull_fast kernel rep=0 ms=60.673952
TIME graph=regular-n262144-q256 method=mkl_fp32 kernel rep=0 ms=90.385199
TIME graph=regular-n262144-q256 method=original kernel rep=1 ms=74.012041
TIME graph=regular-n262144-q256 method=shared_b2_fast kernel rep=1 ms=102.228165
TIME graph=regular-n262144-q256 method=shared_b2_accurate kernel rep=1 ms=127.203226
TIME graph=regular-n262144-q256 method=shared_b4_fast kernel rep=1 ms=70.056200
TIME graph=regular-n262144-q256 method=shared_b4_accurate kernel rep=1 ms=84.465981
TIME graph=regular-n262144-q256 method=shared_b8_fast kernel rep=1 ms=59.174061
TIME graph=regular-n262144-q256 method=shared_b8_accurate kernel rep=1 ms=61.116934
TIME graph=regular-n262144-q256 method=replay_b8_fast kernel rep=1 ms=74.206114
TIME graph=regular-n262144-q256 method=shared_b16_fast kernel rep=1 ms=49.639940
TIME graph=regular-n262144-q256 method=shared_b16_accurate kernel rep=1 ms=52.262783
TIME graph=regular-n262144-q256 method=shared_b32_fast kernel rep=1 ms=46.633005
TIME graph=regular-n262144-q256 method=shared_b32_accurate kernel rep=1 ms=47.590971
TIME graph=regular-n262144-q256 method=replay_b32_fast kernel rep=1 ms=62.480927
TIME graph=regular-n262144-q256 method=shared_b64_fast kernel rep=1 ms=45.912981
TIME graph=regular-n262144-q256 method=shared_b64_accurate kernel rep=1 ms=46.570063
TIME graph=regular-n262144-q256 method=shared_bfull_fast kernel rep=1 ms=45.590162
TIME graph=regular-n262144-q256 method=shared_bfull_accurate kernel rep=1 ms=45.554876
TIME graph=regular-n262144-q256 method=replay_bfull_fast kernel rep=1 ms=60.550928
TIME graph=regular-n262144-q256 method=mkl_fp32 kernel rep=1 ms=90.289116
TIME graph=regular-n262144-q256 method=mkl_bf16_inputs kernel rep=1 ms=89.783907
TIME graph=regular-n262144-q256 method=shared_b2_fast kernel rep=2 ms=104.410887
TIME graph=regular-n262144-q256 method=shared_b2_accurate kernel rep=2 ms=127.205849
TIME graph=regular-n262144-q256 method=shared_b4_fast kernel rep=2 ms=69.933176
TIME graph=regular-n262144-q256 method=shared_b4_accurate kernel rep=2 ms=83.466053
TIME graph=regular-n262144-q256 method=shared_b8_fast kernel rep=2 ms=55.932999
TIME graph=regular-n262144-q256 method=shared_b8_accurate kernel rep=2 ms=62.110186
TIME graph=regular-n262144-q256 method=replay_b8_fast kernel rep=2 ms=76.248884
TIME graph=regular-n262144-q256 method=shared_b16_fast kernel rep=2 ms=50.065994
TIME graph=regular-n262144-q256 method=shared_b16_accurate kernel rep=2 ms=52.274942
TIME graph=regular-n262144-q256 method=shared_b32_fast kernel rep=2 ms=46.599150
TIME graph=regular-n262144-q256 method=shared_b32_accurate kernel rep=2 ms=46.958923
TIME graph=regular-n262144-q256 method=replay_b32_fast kernel rep=2 ms=62.412977
TIME graph=regular-n262144-q256 method=shared_b64_fast kernel rep=2 ms=46.029091
TIME graph=regular-n262144-q256 method=shared_b64_accurate kernel rep=2 ms=46.509027
TIME graph=regular-n262144-q256 method=shared_bfull_fast kernel rep=2 ms=45.652866
TIME graph=regular-n262144-q256 method=shared_bfull_accurate kernel rep=2 ms=45.396090
TIME graph=regular-n262144-q256 method=replay_bfull_fast kernel rep=2 ms=60.492992
TIME graph=regular-n262144-q256 method=mkl_fp32 kernel rep=2 ms=90.360880
TIME graph=regular-n262144-q256 method=mkl_bf16_inputs kernel rep=2 ms=89.780092
TIME graph=regular-n262144-q256 method=original kernel rep=2 ms=73.521852
TIME graph=regular-n262144-q256 method=shared_b2_accurate kernel rep=3 ms=128.990889
TIME graph=regular-n262144-q256 method=shared_b4_fast kernel rep=3 ms=69.981098
TIME graph=regular-n262144-q256 method=shared_b4_accurate kernel rep=3 ms=84.002972
TIME graph=regular-n262144-q256 method=shared_b8_fast kernel rep=3 ms=56.128979
TIME graph=regular-n262144-q256 method=shared_b8_accurate kernel rep=3 ms=62.059879
TIME graph=regular-n262144-q256 method=replay_b8_fast kernel rep=3 ms=75.871944
TIME graph=regular-n262144-q256 method=shared_b16_fast kernel rep=3 ms=49.984932
TIME graph=regular-n262144-q256 method=shared_b16_accurate kernel rep=3 ms=52.114964
TIME graph=regular-n262144-q256 method=shared_b32_fast kernel rep=3 ms=51.422834
TIME graph=regular-n262144-q256 method=shared_b32_accurate kernel rep=3 ms=47.794104
TIME graph=regular-n262144-q256 method=replay_b32_fast kernel rep=3 ms=61.375856
TIME graph=regular-n262144-q256 method=shared_b64_fast kernel rep=3 ms=45.349836
TIME graph=regular-n262144-q256 method=shared_b64_accurate kernel rep=3 ms=46.403170
TIME graph=regular-n262144-q256 method=shared_bfull_fast kernel rep=3 ms=45.451880
TIME graph=regular-n262144-q256 method=shared_bfull_accurate kernel rep=3 ms=45.440197
TIME graph=regular-n262144-q256 method=replay_bfull_fast kernel rep=3 ms=60.593843
TIME graph=regular-n262144-q256 method=mkl_fp32 kernel rep=3 ms=90.394020
TIME graph=regular-n262144-q256 method=mkl_bf16_inputs kernel rep=3 ms=89.876890
TIME graph=regular-n262144-q256 method=original kernel rep=3 ms=73.457003
TIME graph=regular-n262144-q256 method=shared_b2_fast kernel rep=3 ms=101.227999
TIME graph=regular-n262144-q256 method=shared_b4_fast kernel rep=4 ms=69.732904
TIME graph=regular-n262144-q256 method=shared_b4_accurate kernel rep=4 ms=83.875179
TIME graph=regular-n262144-q256 method=shared_b8_fast kernel rep=4 ms=56.462049
TIME graph=regular-n262144-q256 method=shared_b8_accurate kernel rep=4 ms=61.794996
TIME graph=regular-n262144-q256 method=replay_b8_fast kernel rep=4 ms=76.140881
TIME graph=regular-n262144-q256 method=shared_b16_fast kernel rep=4 ms=50.266981
TIME graph=regular-n262144-q256 method=shared_b16_accurate kernel rep=4 ms=52.280903
TIME graph=regular-n262144-q256 method=shared_b32_fast kernel rep=4 ms=46.287060
TIME graph=regular-n262144-q256 method=shared_b32_accurate kernel rep=4 ms=47.740936
TIME graph=regular-n262144-q256 method=replay_b32_fast kernel rep=4 ms=62.323809
TIME graph=regular-n262144-q256 method=shared_b64_fast kernel rep=4 ms=45.687914
TIME graph=regular-n262144-q256 method=shared_b64_accurate kernel rep=4 ms=46.359062
TIME graph=regular-n262144-q256 method=shared_bfull_fast kernel rep=4 ms=45.296907
TIME graph=regular-n262144-q256 method=shared_bfull_accurate kernel rep=4 ms=45.289993
TIME graph=regular-n262144-q256 method=replay_bfull_fast kernel rep=4 ms=60.568094
TIME graph=regular-n262144-q256 method=mkl_fp32 kernel rep=4 ms=90.398073
TIME graph=regular-n262144-q256 method=mkl_bf16_inputs kernel rep=4 ms=89.905977
TIME graph=regular-n262144-q256 method=original kernel rep=4 ms=73.400021
TIME graph=regular-n262144-q256 method=shared_b2_fast kernel rep=4 ms=101.056099
TIME graph=regular-n262144-q256 method=shared_b2_accurate kernel rep=4 ms=127.239943
CORRECT graph=regular-n262144-q256 method=original boundary=instrumented_kernel reference=unchanged_original rel_l2=0 max_abs=0 max_norm=0 pass=1
CORRECT graph=regular-n262144-q256 method=shared_b2_fast boundary=instrumented_kernel reference=mkl_bf16_inputs rel_l2=0.00237621829 max_abs=0.884002686 max_norm=0.002460512 pass=1
CORRECT graph=regular-n262144-q256 method=shared_b2_accurate boundary=instrumented_kernel reference=mkl_bf16_inputs rel_l2=6.12578904e-07 max_abs=0.000518798828 max_norm=1.44401229e-06 pass=1
CORRECT graph=regular-n262144-q256 method=shared_b4_fast boundary=instrumented_kernel reference=mkl_bf16_inputs rel_l2=0.00298173467 max_abs=1.08444214 max_norm=0.00301841039 pass=1
CORRECT graph=regular-n262144-q256 method=shared_b4_accurate boundary=instrumented_kernel reference=mkl_bf16_inputs rel_l2=4.57505151e-07 max_abs=0.000350952148 max_norm=9.76831842e-07 pass=1
CORRECT graph=regular-n262144-q256 method=shared_b8_fast boundary=instrumented_kernel reference=mkl_bf16_inputs rel_l2=0.00316429952 max_abs=1.02615356 max_norm=0.00285617136 pass=1
CORRECT graph=regular-n262144-q256 method=shared_b8_accurate boundary=instrumented_kernel reference=mkl_bf16_inputs rel_l2=6.90257969e-07 max_abs=0.000366210938 max_norm=1.01930279e-06 pass=1
CORRECT graph=regular-n262144-q256 method=replay_b8_fast boundary=instrumented_kernel reference=mkl_bf16_inputs rel_l2=0.00316429952 max_abs=1.02615356 max_norm=0.00285617136 pass=1
CORRECT graph=regular-n262144-q256 method=shared_b16_fast boundary=instrumented_kernel reference=mkl_bf16_inputs rel_l2=0.00326564831 max_abs=1.21090698 max_norm=0.00337040962 pass=1
CORRECT graph=regular-n262144-q256 method=shared_b16_accurate boundary=instrumented_kernel reference=mkl_bf16_inputs rel_l2=1.92160512e-06 max_abs=0.000730514526 max_norm=2.03329671e-06 pass=1
CORRECT graph=regular-n262144-q256 method=shared_b32_fast boundary=instrumented_kernel reference=mkl_bf16_inputs rel_l2=0.00327914234 max_abs=1.10995483 max_norm=0.00308942182 pass=1
CORRECT graph=regular-n262144-q256 method=shared_b32_accurate boundary=instrumented_kernel reference=mkl_bf16_inputs rel_l2=3.70743291e-06 max_abs=0.00135803223 max_norm=3.77991452e-06 pass=1
CORRECT graph=regular-n262144-q256 method=replay_b32_fast boundary=instrumented_kernel reference=mkl_bf16_inputs rel_l2=0.00327914234 max_abs=1.10995483 max_norm=0.00308942182 pass=1
CORRECT graph=regular-n262144-q256 method=shared_b64_fast boundary=instrumented_kernel reference=mkl_bf16_inputs rel_l2=0.00330317484 max_abs=1.15863037 max_norm=0.00322490415 pass=1
CORRECT graph=regular-n262144-q256 method=shared_b64_accurate boundary=instrumented_kernel reference=mkl_bf16_inputs rel_l2=5.71790845e-06 max_abs=0.00210571289 max_norm=5.86099105e-06 pass=1
CORRECT graph=regular-n262144-q256 method=shared_bfull_fast boundary=instrumented_kernel reference=mkl_bf16_inputs rel_l2=0.00331403564 max_abs=1.19003296 max_norm=0.00331230936 pass=1
CORRECT graph=regular-n262144-q256 method=shared_bfull_accurate boundary=instrumented_kernel reference=mkl_bf16_inputs rel_l2=7.97555475e-06 max_abs=0.00323486328 max_norm=9.00384133e-06 pass=1
CORRECT graph=regular-n262144-q256 method=replay_bfull_fast boundary=instrumented_kernel reference=mkl_bf16_inputs rel_l2=0.00331403564 max_abs=1.19003296 max_norm=0.00331230936 pass=1
CORRECT graph=regular-n262144-q256 method=mkl_fp32 boundary=two_layer_e2e reference=mkl_bf16_inputs rel_l2=0.0104671525 max_abs=1487.32031 max_norm=0.0115391882 pass=1
CORRECT graph=regular-n262144-q256 method=mkl_fp32 boundary=two_layer_e2e reference=mkl_fp32 rel_l2=0 max_abs=0 max_norm=0 pass=1
CORRECT graph=regular-n262144-q256 method=mkl_bf16_inputs boundary=two_layer_e2e reference=mkl_bf16_inputs rel_l2=0 max_abs=0 max_norm=0 pass=1
CORRECT graph=regular-n262144-q256 method=mkl_bf16_inputs boundary=two_layer_e2e reference=mkl_fp32 rel_l2=0.0103602467 max_abs=1487.32031 max_norm=0.0114075543 pass=1
CORRECT graph=regular-n262144-q256 method=original boundary=two_layer_e2e reference=mkl_bf16_inputs rel_l2=5.37627914e-06 max_abs=2.56640625 max_norm=1.99111412e-05 pass=1
CORRECT graph=regular-n262144-q256 method=original boundary=two_layer_e2e reference=mkl_fp32 rel_l2=0.0103602368 max_abs=1487.35156 max_norm=0.011407794 pass=1
CORRECT graph=regular-n262144-q256 method=shared_b8_fast boundary=two_layer_e2e reference=mkl_bf16_inputs rel_l2=0.00523486662 max_abs=706.164062 max_norm=0.00547868535 pass=1
CORRECT graph=regular-n262144-q256 method=shared_b8_fast boundary=two_layer_e2e reference=mkl_fp32 rel_l2=0.0154749569 max_abs=2171.64844 max_norm=0.0166562624 pass=1
CORRECT graph=regular-n262144-q256 method=shared_b32_fast boundary=two_layer_e2e reference=mkl_bf16_inputs rel_l2=0.00560677167 max_abs=801.273438 max_norm=0.00621657951 pass=1
CORRECT graph=regular-n262144-q256 method=shared_b32_fast boundary=two_layer_e2e reference=mkl_fp32 rel_l2=0.0158270499 max_abs=2225.125 max_norm=0.0170664207 pass=1
CORRECT graph=regular-n262144-q256 method=shared_bfull_fast boundary=two_layer_e2e reference=mkl_bf16_inputs rel_l2=0.0057491508 max_abs=951.039062 max_norm=0.00737851734 pass=1
CORRECT graph=regular-n262144-q256 method=shared_bfull_fast boundary=two_layer_e2e reference=mkl_fp32 rel_l2=0.0158425996 max_abs=2303.69531 max_norm=0.0176690448 pass=1
CORRECT graph=regular-n262144-q256 method=shared_bfull_accurate boundary=two_layer_e2e reference=mkl_bf16_inputs rel_l2=2.36152655e-05 max_abs=6.71484375 max_norm=5.20962734e-05 pass=1
CORRECT graph=regular-n262144-q256 method=shared_bfull_accurate boundary=two_layer_e2e reference=mkl_fp32 rel_l2=0.0103716839 max_abs=1488.3125 max_norm=0.0114151642 pass=1
CORRECT graph=regular-n262144-q256 method=replay_bfull_fast boundary=two_layer_e2e reference=mkl_bf16_inputs rel_l2=0.0057491508 max_abs=951.039062 max_norm=0.00737851734 pass=1
CORRECT graph=regular-n262144-q256 method=replay_bfull_fast boundary=two_layer_e2e reference=mkl_fp32 rel_l2=0.0158425996 max_abs=2303.69531 max_norm=0.0176690448 pass=1
TIME graph=regular-n262144-q256 method=mkl_bf16_inputs e2e rep=0 ms=181.210995 L1=89.959860 act_convert=2.062082 L2=89.189053
TIME graph=regular-n262144-q256 method=original e2e rep=0 ms=145.904064 L1=72.149992 act_convert=1.116037 L2=72.638035
TIME graph=regular-n262144-q256 method=shared_b8_fast e2e rep=0 ms=116.673946 L1=57.947874 act_convert=1.180172 L2=57.545900
TIME graph=regular-n262144-q256 method=shared_b32_fast e2e rep=0 ms=96.446991 L1=46.875000 act_convert=1.120090 L2=48.451900
TIME graph=regular-n262144-q256 method=shared_bfull_fast e2e rep=0 ms=93.390942 L1=45.666933 act_convert=1.177073 L2=46.546936
TIME graph=regular-n262144-q256 method=shared_bfull_accurate e2e rep=0 ms=94.142914 L1=46.100855 act_convert=1.177073 L2=46.864986
TIME graph=regular-n262144-q256 method=replay_bfull_fast e2e rep=0 ms=124.398947 L1=60.945034 act_convert=1.133919 L2=62.319994
TIME graph=regular-n262144-q256 method=mkl_fp32 e2e rep=0 ms=181.546926 L1=90.549946 act_convert=0.802040 L2=90.194941
TIME graph=regular-n262144-q256 method=original e2e rep=1 ms=146.846056 L1=73.124886 act_convert=1.120090 L2=72.601080
TIME graph=regular-n262144-q256 method=shared_b8_fast e2e rep=1 ms=116.171122 L1=57.706118 act_convert=1.183033 L2=57.281971
TIME graph=regular-n262144-q256 method=shared_b32_fast e2e rep=1 ms=96.128941 L1=46.633005 act_convert=1.143932 L2=48.352003
TIME graph=regular-n262144-q256 method=shared_bfull_fast e2e rep=1 ms=93.852043 L1=46.145916 act_convert=1.173973 L2=46.532154
TIME graph=regular-n262144-q256 method=shared_bfull_accurate e2e rep=1 ms=94.234943 L1=46.129942 act_convert=1.178980 L2=46.926022
TIME graph=regular-n262144-q256 method=replay_bfull_fast e2e rep=1 ms=124.408960 L1=60.909986 act_convert=1.119852 L2=62.379122
TIME graph=regular-n262144-q256 method=mkl_fp32 e2e rep=1 ms=181.790829 L1=90.496063 act_convert=0.963926 L2=90.330839
TIME graph=regular-n262144-q256 method=mkl_bf16_inputs e2e rep=1 ms=180.108070 L1=89.071989 act_convert=2.105951 L2=88.930130
TIME graph=regular-n262144-q256 method=shared_b8_fast e2e rep=2 ms=116.433144 L1=58.139086 act_convert=1.108885 L2=57.185173
TIME graph=regular-n262144-q256 method=shared_b32_fast e2e rep=2 ms=95.506191 L1=46.470165 act_convert=1.156807 L2=47.879219
TIME graph=regular-n262144-q256 method=shared_bfull_fast e2e rep=2 ms=93.250036 L1=45.562983 act_convert=1.173019 L2=46.514034
TIME graph=regular-n262144-q256 method=shared_bfull_accurate e2e rep=2 ms=94.485998 L1=46.447039 act_convert=1.181841 L2=46.857119
TIME graph=regular-n262144-q256 method=replay_bfull_fast e2e rep=2 ms=124.946117 L1=61.313152 act_convert=1.132965 L2=62.500000
TIME graph=regular-n262144-q256 method=mkl_fp32 e2e rep=2 ms=181.507111 L1=90.500116 act_convert=0.802040 L2=90.204954
TIME graph=regular-n262144-q256 method=mkl_bf16_inputs e2e rep=2 ms=180.040121 L1=88.847160 act_convert=2.101898 L2=89.091063
TIME graph=regular-n262144-q256 method=original e2e rep=2 ms=145.338058 L1=72.078943 act_convert=1.117945 L2=72.141171
TIME graph=regular-n262144-q256 method=shared_b32_fast e2e rep=3 ms=96.439838 L1=47.344923 act_convert=1.148939 L2=47.945976
TIME graph=regular-n262144-q256 method=shared_bfull_fast e2e rep=3 ms=93.666077 L1=46.210051 act_convert=1.183987 L2=46.272039
TIME graph=regular-n262144-q256 method=shared_bfull_accurate e2e rep=3 ms=93.932152 L1=45.984983 act_convert=1.157999 L2=46.789169
TIME graph=regular-n262144-q256 method=replay_bfull_fast e2e rep=3 ms=124.917984 L1=61.020136 act_convert=1.137972 L2=62.759876
TIME graph=regular-n262144-q256 method=mkl_fp32 e2e rep=3 ms=181.549072 L1=90.497017 act_convert=0.783920 L2=90.268135
TIME graph=regular-n262144-q256 method=mkl_bf16_inputs e2e rep=3 ms=179.949999 L1=88.830948 act_convert=2.097845 L2=89.021206
TIME graph=regular-n262144-q256 method=original e2e rep=3 ms=145.354986 L1=72.010040 act_convert=1.121044 L2=72.223902
TIME graph=regular-n262144-q256 method=shared_b8_fast e2e rep=3 ms=116.600990 L1=57.856798 act_convert=1.169205 L2=57.574987
TIME graph=regular-n262144-q256 method=shared_bfull_fast e2e rep=4 ms=92.255831 L1=44.732809 act_convert=1.148224 L2=46.374798
TIME graph=regular-n262144-q256 method=shared_bfull_accurate e2e rep=4 ms=93.891859 L1=46.062946 act_convert=1.168966 L2=46.659946
TIME graph=regular-n262144-q256 method=replay_bfull_fast e2e rep=4 ms=124.608040 L1=61.177969 act_convert=1.139164 L2=62.290907
TIME graph=regular-n262144-q256 method=mkl_fp32 e2e rep=4 ms=181.341887 L1=90.451956 act_convert=0.776052 L2=90.113878
TIME graph=regular-n262144-q256 method=mkl_bf16_inputs e2e rep=4 ms=181.059122 L1=89.368105 act_convert=2.346992 L2=89.344025
TIME graph=regular-n262144-q256 method=original e2e rep=4 ms=145.056009 L1=71.854115 act_convert=1.114845 L2=72.087049
TIME graph=regular-n262144-q256 method=shared_b8_fast e2e rep=4 ms=116.888046 L1=58.074951 act_convert=1.169205 L2=57.643890
TIME graph=regular-n262144-q256 method=shared_b32_fast e2e rep=4 ms=96.355915 L1=46.471119 act_convert=1.125813 L2=48.758984
COMPLETE graph=regular-n262144-q256 status=PASS max_rss_kib=2918592
