GCN E2E v3 — Hybrid Pipeline (FP32 inter-layer + BF16 final)
Threads: 32

Loading: /home/huangjianqiang_group/hdacp1/data/yx/TFS/data/soc-LiveJournal1/soc-LiveJournal1.csrbin
Matrix: soc-LiveJournal1  N=4847571  NNZ=68993773  avg_deg=14.2

=== TFS V3 Hybrid Pipeline ===
  run 0: 258.47 ms
  run 1: 257.54 ms
  run 2: 249.28 ms
  run 3: 258.43 ms
  run 4: 258.35 ms
  TFS V3 E2E BEST: 249.28 ms

=== MKL FP32 Two-Step ===
  run 0: 681.85 ms
  run 1: 684.91 ms
  run 2: 683.54 ms
  run 3: 683.65 ms
  run 4: 687.75 ms
  MKL E2E BEST: 681.85 ms

=== E2E Summary ===
  TFS V3 (hybrid): 249.28 ms
  MKL (FP32):      681.85 ms
  E2E Speedup:     2.74×

=== Precision ===
  TFS_hybrid vs MKL_FP32: max_rel_err=0.010477  RMSE=4.7468e+01
First 8:
  TFS: -1141.54 -5977.87 -4698.88 -2085.13 -153.08 186.01 -3180.57 -4738.68 
  MKL: -1152.32 -6034.86 -4747.99 -2104.23 -159.90 190.52 -3217.06 -4786.02 
