HANDOFF_SYNCHRONIZED
START_GRAPH mycielskian19 q 2296.9487684854344 budget_gib 18.741502376273274 nodes 0,1,2,3
END_GRAPH mycielskian19 PASS 627.9371230602264 
START_GRAPH reddit q 491.9876032880476 budget_gib 6.859565783292055 nodes 0,1,2,3
END_GRAPH reddit PASS 72.0378954410553 
START_GRAPH hollywood-2009 q 99.9129988902584 budget_gib 11.748435162939131 nodes 0,1,2,3
END_GRAPH hollywood-2009 PASS 86.80372738838196 
START_GRAPH kron_g500-logn21 q 86.82391262054443 budget_gib 17.871794315055013 nodes 0,1,2,3
END_GRAPH kron_g500-logn21 FAILED 2.663273334503174 FATAL nonunit CSR values: reject unweighted Original TFS comparison
START_GRAPH ogbn-products q 50.51722621496111 budget_gib 18.957171380519867 nodes 0,1,2,3
END_GRAPH ogbn-products PASS 140.09763288497925 
START_GRAPH indochina-2004 q 26.178397694577352 budget_gib 46.76434189174324 nodes 0,1,2,3
END_GRAPH indochina-2004 PASS 159.26561522483826 
START_GRAPH cage15 q 19.24389221897243 budget_gib 33.230653741396964 nodes 0,1,2,3
END_GRAPH cage15 FAILED 1.3915467262268066 FATAL nonunit CSR values: reject unweighted Original TFS comparison
START_GRAPH soc-Pokec q 18.754598074599325 budget_gib 13.247656781226397 nodes 0,1,2,3
END_GRAPH soc-Pokec PASS 44.146559953689575 
START_GRAPH com-LiveJournal q 17.349434036641668 budget_gib 26.564656352624297 nodes 0,1,2,3
END_GRAPH com-LiveJournal PASS 102.56100678443909 
START_GRAPH rgg_n_2_24_s0 q 15.80204963684082 budget_gib 98.32860538363457 nodes 0,1,2,3
END_GRAPH rgg_n_2_24_s0 PASS 431.48466753959656 
START_GRAPH soc-LiveJournal1 q 14.232648268586473 budget_gib 31.14881523977965 nodes 0,1,2,3
END_GRAPH soc-LiveJournal1 PASS 109.7402036190033 
START_GRAPH as-Skitter q 13.080877025963575 budget_gib 13.473474640399218 nodes 0,1,2,3
END_GRAPH as-Skitter PASS 42.12647032737732 
START_GRAPH email-Enron q 10.020222391802028 budget_gib 4.203334288671613 nodes 0,1,2,3
END_GRAPH email-Enron PASS 0.9406404495239258 
START_GRAPH FullChip q 8.91258220589673 budget_gib 20.506760800257325 nodes 0,1,2,3
END_GRAPH FullChip FAILED 0.6424524784088135 FATAL nonunit CSR values: reject unweighted Original TFS comparison
START_GRAPH amazon0601 q 8.397219591763884 budget_gib 6.226322907954454 nodes 0,1,2,3
END_GRAPH amazon0601 PASS 6.305909872055054 
START_GRAPH scircuit q 5.607878454718769 budget_gib 4.937071107327938 nodes 0,1,2,3
END_GRAPH scircuit FAILED 0.10778427124023438 FATAL nonunit CSR values: reject unweighted Original TFS comparison
START_GRAPH web-Google q 5.570583832008625 budget_gib 9.021559060551226 nodes 0,1,2,3
END_GRAPH web-Google PASS 12.404419422149658 
START_GRAPH com-Youtube q 5.265045951590022 budget_gib 10.21377557516098 nodes 0,1,2,3
END_GRAPH com-Youtube PASS 20.744492769241333 
START_GRAPH cit-Patents q 4.376149209699775 budget_gib 24.620821621268988 nodes 0,1,2,3
END_GRAPH cit-Patents PASS 50.39867115020752 
START_GRAPH sx-stackoverflow q 4.3698856677057485 budget_gib 18.21386537142098 nodes 0,1,2,3
END_GRAPH sx-stackoverflow FAILED 0.6332814693450928 FATAL nonunit CSR values: reject unweighted Original TFS comparison
START_GRAPH rajat31 q 4.331821820118627 budget_gib 29.617662253789604 nodes 0,1,2,3
END_GRAPH rajat31 FAILED 0.653817892074585 FATAL nonunit CSR values: reject unweighted Original TFS comparison
START_GRAPH roadNet-CA q 2.806912865289119 budget_gib 14.725509384647012 nodes 0,1,2,3
END_GRAPH roadNet-CA PASS 22.715733528137207 
START_GRAPH road_usa q 2.4098128281182882 budget_gib 134.16186837106943 nodes 0,1,2,3
END_GRAPH road_usa FAILED 34.83619713783264 
START_GRAPH wiki-Talk q 2.0971606487678462 budget_gib 17.003828143700957 nodes 0,1,2,3
END_GRAPH wiki-Talk PASS 41.992799043655396 
START_GRAPH com-Friendster q 55.05600108986101 budget_gib 408.85573639161885 nodes 0,1,2,3,4,5,6,7
END_GRAPH com-Friendster FAILED 210.3559582233429 
SUITE_COMPLETE 25 passed 17
/home/huangjianqiang_group/hdacp1/data/wzh/GCN-extra/runs/formal-10862002/SUMMARY.md
RECORDED formal-10862002
RUN=/home/huangjianqiang_group/hdacp1/data/wzh/GCN-extra/runs/formal-10862002 status=0
