GCN E2E v3 — Hybrid Pipeline (FP32 inter-layer + BF16 final)
Threads: 32

Loading: /home/huangjianqiang_group/hdacp1/data/yx/TFS/data/roadNet-CA/roadNet-CA.csrbin
Matrix: roadNet-CA  N=1971281  NNZ=5533214  avg_deg=2.8

=== TFS V3 Hybrid Pipeline ===
  run 0: 35.69 ms
  run 1: 35.37 ms
  run 2: 35.41 ms
  run 3: 35.64 ms
  run 4: 35.58 ms
  TFS V3 E2E BEST: 35.37 ms

=== MKL FP32 Two-Step ===
  run 0: 65.50 ms
  run 1: 65.22 ms
  run 2: 65.24 ms
  run 3: 65.28 ms
  run 4: 65.89 ms
  MKL E2E BEST: 65.22 ms

=== E2E Summary ===
  TFS V3 (hybrid): 35.37 ms
  MKL (FP32):      65.22 ms
  E2E Speedup:     1.84×

=== Precision ===
  TFS_hybrid vs MKL_FP32: max_rel_err=0.011806  RMSE=8.0874e-01
First 8:
  TFS: 6.10 -52.73 -71.34 -1.16 36.92 -0.90 -104.09 -96.44 
  MKL: 6.14 -53.15 -72.05 -1.12 37.09 -0.75 -105.36 -97.44 
METHOD_CONFIG graph=roadNet-CA N=1971281 E=5533214 D=128 F=128 R=64 TR=16 warmups=1 repeats=5 final_output=BF16 mkl_threads=32 mkl_dynamic=1 numa=default
METHOD_CHECK graph=roadNet-CA method=paper_tfs boundary=kernel_FP32 reference=paper_tfs max_abs=0 mean_abs=0 relative_L2=0 normalized_max=0 gate=0.01 pass=1
METHOD_CHECK graph=roadNet-CA method=paper_tfs boundary=e2e_FP32_final reference=paper_tfs max_abs=0 mean_abs=0 relative_L2=0 normalized_max=0 gate=0.01 pass=1
METHOD_CHECK graph=roadNet-CA method=paper_tfs boundary=e2e_BF16_final reference=paper_tfs max_abs=0 mean_abs=0 relative_L2=0 normalized_max=0 gate=0.02 pass=1
METHOD_CHECK graph=roadNet-CA method=paper_tfs boundary=e2e_BF16_final reference=source_MKL_FP32 max_abs=12.6315307617 mean_abs=0.767823984775 relative_L2=0.0132329376713 normalized_max=0.0160488692742 gate=0.03 pass=1
METHOD_CHECK graph=roadNet-CA method=b8_fast boundary=kernel_FP32 reference=paper_tfs max_abs=0.146816253662 mean_abs=0.0124401088425 relative_L2=0.0027607732082 normalized_max=0.00328926536493 gate=0.01 pass=1
METHOD_CHECK graph=roadNet-CA method=b8_fast boundary=e2e_FP32_final reference=paper_tfs max_abs=4.49664306641 mean_abs=0.286809664742 relative_L2=0.00508032478153 normalized_max=0.00576945425863 gate=0.01 pass=1
METHOD_CHECK graph=roadNet-CA method=b8_fast boundary=e2e_BF16_final reference=paper_tfs max_abs=4 mean_abs=0.286009849141 relative_L2=0.00561706205909 normalized_max=0.00515463917526 gate=0.02 pass=1
METHOD_CHECK graph=roadNet-CA method=b8_fast boundary=e2e_BF16_final reference=source_MKL_FP32 max_abs=16.6315307617 mean_abs=1.01011914461 relative_L2=0.0175083311701 normalized_max=0.0211310305979 gate=0.03 pass=1
METHOD_CHECK graph=roadNet-CA method=b8_accurate boundary=kernel_FP32 reference=paper_tfs max_abs=6.19888305664e-05 mean_abs=3.57532483527e-07 relative_L2=9.75213926002e-08 normalized_max=1.38879523424e-06 gate=0.001 pass=1
METHOD_CHECK graph=roadNet-CA method=b8_accurate boundary=e2e_FP32_final reference=paper_tfs max_abs=0.12516784668 mean_abs=4.97787403379e-05 relative_L2=1.39370750283e-05 normalized_max=0.000160597618135 gate=0.001 pass=1
METHOD_CHECK graph=roadNet-CA method=b8_accurate boundary=e2e_BF16_final reference=paper_tfs max_abs=2 mean_abs=4.97695859887e-05 relative_L2=5.80276526105e-05 normalized_max=0.00257731958763 gate=0.01 pass=1
METHOD_CHECK graph=roadNet-CA method=b8_accurate boundary=e2e_BF16_final reference=source_MKL_FP32 max_abs=12.6315307617 mean_abs=0.767825105617 relative_L2=0.0132329577107 normalized_max=0.0160488692742 gate=0.03 pass=1
METHOD_CHECK graph=roadNet-CA method=b16_fast boundary=kernel_FP32 reference=paper_tfs max_abs=0.146816253662 mean_abs=0.0124401047832 relative_L2=0.00276077147962 normalized_max=0.00328926536493 gate=0.01 pass=1
METHOD_CHECK graph=roadNet-CA method=b16_fast boundary=e2e_FP32_final reference=paper_tfs max_abs=4.62408447266 mean_abs=0.286809950805 relative_L2=0.00508033488093 normalized_max=0.00593296898577 gate=0.01 pass=1
METHOD_CHECK graph=roadNet-CA method=b16_fast boundary=e2e_BF16_final reference=paper_tfs max_abs=8 mean_abs=0.28601018643 relative_L2=0.00561707779365 normalized_max=0.0103092783505 gate=0.02 pass=1
METHOD_CHECK graph=roadNet-CA method=b16_fast boundary=e2e_BF16_final reference=source_MKL_FP32 max_abs=16.6315307617 mean_abs=1.01011954163 relative_L2=0.0175083451157 normalized_max=0.0211310305979 gate=0.03 pass=1
METHOD_CHECK graph=roadNet-CA method=b16_accurate boundary=kernel_FP32 reference=paper_tfs max_abs=6.19888305664e-05 mean_abs=3.57532333319e-07 relative_L2=9.75211719476e-08 normalized_max=1.38879523424e-06 gate=0.001 pass=1
METHOD_CHECK graph=roadNet-CA method=b16_accurate boundary=e2e_FP32_final reference=paper_tfs max_abs=0.12516784668 mean_abs=4.97787199094e-05 relative_L2=1.39370751287e-05 normalized_max=0.000160597618135 gate=0.001 pass=1
METHOD_CHECK graph=roadNet-CA method=b16_accurate boundary=e2e_BF16_final reference=paper_tfs max_abs=2 mean_abs=4.97695859887e-05 relative_L2=5.80276526105e-05 normalized_max=0.00257731958763 gate=0.01 pass=1
METHOD_CHECK graph=roadNet-CA method=b16_accurate boundary=e2e_BF16_final reference=source_MKL_FP32 max_abs=12.6315307617 mean_abs=0.767825105617 relative_L2=0.0132329577107 normalized_max=0.0160488692742 gate=0.03 pass=1
METHOD_CHECK graph=roadNet-CA method=b64_fast boundary=kernel_FP32 reference=paper_tfs max_abs=0.146816253662 mean_abs=0.0124401047832 relative_L2=0.00276077147962 normalized_max=0.00328926536493 gate=0.01 pass=1
METHOD_CHECK graph=roadNet-CA method=b64_fast boundary=e2e_FP32_final reference=paper_tfs max_abs=4.62408447266 mean_abs=0.286809950805 relative_L2=0.00508033488093 normalized_max=0.00593296898577 gate=0.01 pass=1
METHOD_CHECK graph=roadNet-CA method=b64_fast boundary=e2e_BF16_final reference=paper_tfs max_abs=8 mean_abs=0.28601018643 relative_L2=0.00561707779365 normalized_max=0.0103092783505 gate=0.02 pass=1
METHOD_CHECK graph=roadNet-CA method=b64_fast boundary=e2e_BF16_final reference=source_MKL_FP32 max_abs=16.6315307617 mean_abs=1.01011954163 relative_L2=0.0175083451157 normalized_max=0.0211310305979 gate=0.03 pass=1
METHOD_CHECK graph=roadNet-CA method=b64_accurate boundary=kernel_FP32 reference=paper_tfs max_abs=6.19888305664e-05 mean_abs=3.57532333319e-07 relative_L2=9.75211719476e-08 normalized_max=1.38879523424e-06 gate=0.001 pass=1
METHOD_CHECK graph=roadNet-CA method=b64_accurate boundary=e2e_FP32_final reference=paper_tfs max_abs=0.12516784668 mean_abs=4.97787199094e-05 relative_L2=1.39370751287e-05 normalized_max=0.000160597618135 gate=0.001 pass=1
METHOD_CHECK graph=roadNet-CA method=b64_accurate boundary=e2e_BF16_final reference=paper_tfs max_abs=2 mean_abs=4.97695859887e-05 relative_L2=5.80276526105e-05 normalized_max=0.00257731958763 gate=0.01 pass=1
METHOD_CHECK graph=roadNet-CA method=b64_accurate boundary=e2e_BF16_final reference=source_MKL_FP32 max_abs=12.6315307617 mean_abs=0.767825105617 relative_L2=0.0132329577107 normalized_max=0.0160488692742 gate=0.03 pass=1
METHOD_CHECK graph=roadNet-CA method=bfull_fast boundary=kernel_FP32 reference=paper_tfs max_abs=0.146816253662 mean_abs=0.0124401047832 relative_L2=0.00276077147962 normalized_max=0.00328926536493 gate=0.01 pass=1
METHOD_CHECK graph=roadNet-CA method=bfull_fast boundary=e2e_FP32_final reference=paper_tfs max_abs=4.62408447266 mean_abs=0.286809950805 relative_L2=0.00508033488093 normalized_max=0.00593296898577 gate=0.01 pass=1
METHOD_CHECK graph=roadNet-CA method=bfull_fast boundary=e2e_BF16_final reference=paper_tfs max_abs=8 mean_abs=0.28601018643 relative_L2=0.00561707779365 normalized_max=0.0103092783505 gate=0.02 pass=1
METHOD_CHECK graph=roadNet-CA method=bfull_fast boundary=e2e_BF16_final reference=source_MKL_FP32 max_abs=16.6315307617 mean_abs=1.01011954163 relative_L2=0.0175083451157 normalized_max=0.0211310305979 gate=0.03 pass=1
METHOD_CHECK graph=roadNet-CA method=bfull_accurate boundary=kernel_FP32 reference=paper_tfs max_abs=6.19888305664e-05 mean_abs=3.57532333319e-07 relative_L2=9.75211719476e-08 normalized_max=1.38879523424e-06 gate=0.001 pass=1
METHOD_CHECK graph=roadNet-CA method=bfull_accurate boundary=e2e_FP32_final reference=paper_tfs max_abs=0.12516784668 mean_abs=4.97787199094e-05 relative_L2=1.39370751287e-05 normalized_max=0.000160597618135 gate=0.001 pass=1
METHOD_CHECK graph=roadNet-CA method=bfull_accurate boundary=e2e_BF16_final reference=paper_tfs max_abs=2 mean_abs=4.97695859887e-05 relative_L2=5.80276526105e-05 normalized_max=0.00257731958763 gate=0.01 pass=1
METHOD_CHECK graph=roadNet-CA method=bfull_accurate boundary=e2e_BF16_final reference=source_MKL_FP32 max_abs=12.6315307617 mean_abs=0.767825105617 relative_L2=0.0132329577107 normalized_max=0.0160488692742 gate=0.03 pass=1
METHOD_GATE_COMPLETE graph=roadNet-CA methods=9 pass=1
METHOD_TIME graph=roadNet-CA method=paper_tfs kind=e2e repeat=0 order=0 ms=35.548210144
METHOD_TIME graph=roadNet-CA method=paper_tfs kind=e2e repeat=1 order=0 ms=35.2869033813
METHOD_TIME graph=roadNet-CA method=paper_tfs kind=e2e repeat=2 order=0 ms=35.5360507965
METHOD_TIME graph=roadNet-CA method=paper_tfs kind=e2e repeat=3 order=0 ms=35.6559753418
METHOD_TIME graph=roadNet-CA method=paper_tfs kind=e2e repeat=4 order=0 ms=35.5889797211
METHOD_TIME graph=roadNet-CA method=b8_fast kind=e2e repeat=0 order=1 ms=39.1459465027
METHOD_TIME graph=roadNet-CA method=b8_fast kind=e2e repeat=1 order=1 ms=39.4568443298
METHOD_TIME graph=roadNet-CA method=b8_fast kind=e2e repeat=2 order=1 ms=39.1130447388
METHOD_TIME graph=roadNet-CA method=b8_fast kind=e2e repeat=3 order=1 ms=38.7568473816
METHOD_TIME graph=roadNet-CA method=b8_fast kind=e2e repeat=4 order=1 ms=39.7350788116
METHOD_TIME graph=roadNet-CA method=b8_accurate kind=e2e repeat=0 order=2 ms=42.0379638672
METHOD_TIME graph=roadNet-CA method=b8_accurate kind=e2e repeat=1 order=2 ms=42.0649051666
METHOD_TIME graph=roadNet-CA method=b8_accurate kind=e2e repeat=2 order=2 ms=42.0300960541
METHOD_TIME graph=roadNet-CA method=b8_accurate kind=e2e repeat=3 order=2 ms=42.5641536713
METHOD_TIME graph=roadNet-CA method=b8_accurate kind=e2e repeat=4 order=2 ms=42.7918434143
METHOD_TIME graph=roadNet-CA method=b16_fast kind=e2e repeat=0 order=3 ms=39.1039848328
METHOD_TIME graph=roadNet-CA method=b16_fast kind=e2e repeat=1 order=3 ms=39.7169589996
METHOD_TIME graph=roadNet-CA method=b16_fast kind=e2e repeat=2 order=3 ms=40.130853653
METHOD_TIME graph=roadNet-CA method=b16_fast kind=e2e repeat=3 order=3 ms=39.1628742218
METHOD_TIME graph=roadNet-CA method=b16_fast kind=e2e repeat=4 order=3 ms=39.1850471497
METHOD_TIME graph=roadNet-CA method=b16_accurate kind=e2e repeat=0 order=4 ms=41.5048599243
METHOD_TIME graph=roadNet-CA method=b16_accurate kind=e2e repeat=1 order=4 ms=41.5899753571
METHOD_TIME graph=roadNet-CA method=b16_accurate kind=e2e repeat=2 order=4 ms=41.8770313263
METHOD_TIME graph=roadNet-CA method=b16_accurate kind=e2e repeat=3 order=4 ms=41.3749217987
METHOD_TIME graph=roadNet-CA method=b16_accurate kind=e2e repeat=4 order=4 ms=41.580915451
METHOD_TIME graph=roadNet-CA method=b64_fast kind=e2e repeat=0 order=5 ms=39.3559932709
METHOD_TIME graph=roadNet-CA method=b64_fast kind=e2e repeat=1 order=5 ms=38.9211177826
METHOD_TIME graph=roadNet-CA method=b64_fast kind=e2e repeat=2 order=5 ms=39.1399860382
METHOD_TIME graph=roadNet-CA method=b64_fast kind=e2e repeat=3 order=5 ms=39.1211509705
METHOD_TIME graph=roadNet-CA method=b64_fast kind=e2e repeat=4 order=5 ms=39.2060279846
METHOD_TIME graph=roadNet-CA method=b64_accurate kind=e2e repeat=0 order=6 ms=41.6650772095
METHOD_TIME graph=roadNet-CA method=b64_accurate kind=e2e repeat=1 order=6 ms=41.4841175079
METHOD_TIME graph=roadNet-CA method=b64_accurate kind=e2e repeat=2 order=6 ms=41.6131019592
METHOD_TIME graph=roadNet-CA method=b64_accurate kind=e2e repeat=3 order=6 ms=41.6870117188
METHOD_TIME graph=roadNet-CA method=b64_accurate kind=e2e repeat=4 order=6 ms=41.7327880859
METHOD_TIME graph=roadNet-CA method=bfull_fast kind=e2e repeat=0 order=7 ms=39.1058921814
METHOD_TIME graph=roadNet-CA method=bfull_fast kind=e2e repeat=1 order=7 ms=39.0319824219
METHOD_TIME graph=roadNet-CA method=bfull_fast kind=e2e repeat=2 order=7 ms=39.0000343323
METHOD_TIME graph=roadNet-CA method=bfull_fast kind=e2e repeat=3 order=7 ms=39.2069816589
METHOD_TIME graph=roadNet-CA method=bfull_fast kind=e2e repeat=4 order=7 ms=39.253950119
METHOD_TIME graph=roadNet-CA method=bfull_accurate kind=e2e repeat=0 order=8 ms=41.7740345001
METHOD_TIME graph=roadNet-CA method=bfull_accurate kind=e2e repeat=1 order=8 ms=42.2768592834
METHOD_TIME graph=roadNet-CA method=bfull_accurate kind=e2e repeat=2 order=8 ms=42.4239635468
METHOD_TIME graph=roadNet-CA method=bfull_accurate kind=e2e repeat=3 order=8 ms=42.1431064606
METHOD_TIME graph=roadNet-CA method=bfull_accurate kind=e2e repeat=4 order=8 ms=42.4528121948
METHOD_TIME graph=roadNet-CA method=source_mkl_fp32 kind=e2e repeat=0 order=9 ms=65.9630298615
METHOD_TIME graph=roadNet-CA method=source_mkl_fp32 kind=e2e repeat=1 order=9 ms=65.6218528748
METHOD_TIME graph=roadNet-CA method=source_mkl_fp32 kind=e2e repeat=2 order=9 ms=66.1199092865
METHOD_TIME graph=roadNet-CA method=source_mkl_fp32 kind=e2e repeat=3 order=9 ms=67.3110485077
METHOD_TIME graph=roadNet-CA method=source_mkl_fp32 kind=e2e repeat=4 order=9 ms=67.0318603516
METHOD_COMPLETE graph=roadNet-CA methods=9 checks=36 pass=1 max_rss_kib=0
