GCN E2E v3 — Hybrid Pipeline (FP32 inter-layer + BF16 final)
Threads: 32

Loading: /home/huangjianqiang_group/hdacp1/data/yx/TFS/data/reddit/reddit.csrbin
Matrix: reddit  N=232965  NNZ=114615892  avg_deg=492.0

=== TFS V3 Hybrid Pipeline ===
  run 0: 285.48 ms
  run 1: 294.55 ms
  run 2: 285.95 ms
  run 3: 305.33 ms
  run 4: 299.07 ms
  TFS V3 E2E BEST: 285.48 ms

=== MKL FP32 Two-Step ===
  run 0: 439.72 ms
  run 1: 442.14 ms
  run 2: 442.73 ms
  run 3: 441.55 ms
  run 4: 443.58 ms
  MKL E2E BEST: 439.72 ms

=== E2E Summary ===
  TFS V3 (hybrid): 285.48 ms
  MKL (FP32):      439.72 ms
  E2E Speedup:     1.54×

=== Precision ===
  TFS_hybrid vs MKL_FP32: max_rel_err=0.009665  RMSE=5.6776e+03
First 8:
  TFS: -1817809.38 -1559857.00 -1456105.00 -168724.73 170550.45 229760.09 -1456822.00 -2919221.25 
  MKL: -1835311.88 -1573869.62 -1469937.12 -176028.23 172793.00 233258.53 -1473026.62 -2942951.50 
