GCN E2E v3 — Hybrid Pipeline (FP32 inter-layer + BF16 final)
Threads: 32

Loading: /home/huangjianqiang_group/hdacp1/data/yx/TFS/data/email-Enron/email-Enron.csrbin
Matrix: email-Enron  N=36692  NNZ=367662  avg_deg=10.0

=== TFS V3 Hybrid Pipeline ===
  run 0: 2.27 ms
  run 1: 2.21 ms
  run 2: 2.33 ms
  run 3: 2.23 ms
  run 4: 2.36 ms
  TFS V3 E2E BEST: 2.21 ms

=== MKL FP32 Two-Step ===
  run 0: 1.44 ms
  run 1: 1.48 ms
  run 2: 1.41 ms
  run 3: 1.42 ms
  run 4: 1.48 ms
  MKL E2E BEST: 1.41 ms

=== E2E Summary ===
  TFS V3 (hybrid): 2.21 ms
  MKL (FP32):      1.41 ms
  E2E Speedup:     0.64×

=== Precision ===
  TFS_hybrid vs MKL_FP32: max_rel_err=0.010905  RMSE=3.4708e+01
First 8:
  TFS: -208.08 -116.93 -138.97 -239.93 -55.83 -102.99 -99.58 -119.38 
  MKL: -210.59 -118.71 -140.64 -241.98 -56.62 -103.84 -101.04 -120.51 
