CORRECT graph=regular-n262144-q256 method=mkl_bf16_inputs boundary=kernel_sample reference=fp64_bf16_inputs rel_l2=2.04448295e-07 max_abs=0.000113710761 max_norm=4.54367584e-07 pass=1
CONFIG graph=regular-n262144-q256 N=262144 E=67108864 threads=32 R=64 D=128 F=128 repeats=10 warmups=1
CORRECT graph=regular-n262144-q256 method=mkl_fp32 boundary=kernel_full reference=mkl_bf16_inputs rel_l2=0.00527438851 max_abs=1.85543823 max_norm=0.00516438254 pass=1
CORRECT graph=regular-n262144-q256 method=mkl_fp32 boundary=kernel_full reference=mkl_fp32 rel_l2=0 max_abs=0 max_norm=0 pass=1
CORRECT graph=regular-n262144-q256 method=mkl_fp32 boundary=kernel_sample reference=fp64_bf16_inputs rel_l2=0.00530823307 max_abs=1.20574707 max_norm=0.00481794667 pass=1
CORRECT graph=regular-n262144-q256 method=mkl_bf16_inputs boundary=kernel_full reference=mkl_bf16_inputs rel_l2=0 max_abs=0 max_norm=0 pass=1
CORRECT graph=regular-n262144-q256 method=mkl_bf16_inputs boundary=kernel_full reference=mkl_fp32 rel_l2=0.0052491638 max_abs=1.85543823 max_norm=0.00513784872 pass=1
CORRECT graph=regular-n262144-q256 method=mkl_bf16_inputs boundary=kernel_sample reference=fp64_bf16_inputs rel_l2=2.04448295e-07 max_abs=0.000113710761 max_norm=4.54367584e-07 pass=1
CORRECT graph=regular-n262144-q256 method=original boundary=kernel_full reference=mkl_bf16_inputs rel_l2=6.0988453e-07 max_abs=0.000579833984 max_norm=1.61389609e-06 pass=1
CORRECT graph=regular-n262144-q256 method=original boundary=kernel_full reference=mkl_fp32 rel_l2=0.00524916352 max_abs=1.85516357 max_norm=0.00513708817 pass=1
CORRECT graph=regular-n262144-q256 method=original boundary=kernel_sample reference=fp64_bf16_inputs rel_l2=5.78988953e-07 max_abs=0.0003083013 max_norm=1.23191609e-06 pass=1
CORRECT graph=regular-n262144-q256 method=original_nozero boundary=kernel_full reference=mkl_bf16_inputs rel_l2=6.0988453e-07 max_abs=0.000579833984 max_norm=1.61389609e-06 pass=1
CORRECT graph=regular-n262144-q256 method=original_nozero boundary=kernel_full reference=mkl_fp32 rel_l2=0.00524916352 max_abs=1.85516357 max_norm=0.00513708817 pass=1
CORRECT graph=regular-n262144-q256 method=original_nozero boundary=kernel_sample reference=fp64_bf16_inputs rel_l2=5.78988953e-07 max_abs=0.0003083013 max_norm=1.23191609e-06 pass=1
CORRECT graph=regular-n262144-q256 method=original_nozero boundary=nozero_identity reference=unchanged_original rel_l2=0 max_abs=0 max_norm=0 pass=1
CORRECT graph=regular-n262144-q256 method=shared_b2_fast_nozero boundary=kernel_full reference=mkl_bf16_inputs rel_l2=0.00237621829 max_abs=0.884002686 max_norm=0.002460512 pass=1
CORRECT graph=regular-n262144-q256 method=shared_b2_fast_nozero boundary=kernel_full reference=mkl_fp32 rel_l2=0.00705061137 max_abs=2.48828125 max_norm=0.00689023887 pass=1
CORRECT graph=regular-n262144-q256 method=shared_b2_fast_nozero boundary=kernel_sample reference=fp64_bf16_inputs rel_l2=0.00238323159 max_abs=0.526931603 max_norm=0.00210552314 pass=1
CORRECT graph=regular-n262144-q256 method=shared_b2_accurate_nozero boundary=kernel_full reference=mkl_bf16_inputs rel_l2=6.12578904e-07 max_abs=0.000518798828 max_norm=1.44401229e-06 pass=1
CORRECT graph=regular-n262144-q256 method=shared_b2_accurate_nozero boundary=kernel_full reference=mkl_fp32 rel_l2=0.00524916389 max_abs=1.85543823 max_norm=0.00513784872 pass=1
CORRECT graph=regular-n262144-q256 method=shared_b2_accurate_nozero boundary=kernel_sample reference=fp64_bf16_inputs rel_l2=5.71478583e-07 max_abs=0.000359840691 max_norm=1.43785816e-06 pass=1
CORRECT graph=regular-n262144-q256 method=shared_b4_fast_nozero boundary=kernel_full reference=mkl_bf16_inputs rel_l2=0.00298173467 max_abs=1.08444214 max_norm=0.00301841039 pass=1
CORRECT graph=regular-n262144-q256 method=shared_b4_fast_nozero boundary=kernel_full reference=mkl_fp32 rel_l2=0.0076994345 max_abs=2.75918579 max_norm=0.00764039403 pass=1
CORRECT graph=regular-n262144-q256 method=shared_b4_fast_nozero boundary=kernel_sample reference=fp64_bf16_inputs rel_l2=0.00297800851 max_abs=0.657387719 max_norm=0.00262680213 pass=1
CORRECT graph=regular-n262144-q256 method=shared_b4_accurate_nozero boundary=kernel_full reference=mkl_bf16_inputs rel_l2=4.57505151e-07 max_abs=0.000350952148 max_norm=9.76831842e-07 pass=1
CORRECT graph=regular-n262144-q256 method=shared_b4_accurate_nozero boundary=kernel_full reference=mkl_fp32 rel_l2=0.00524916371 max_abs=1.85562134 max_norm=0.00513835575 pass=1
CORRECT graph=regular-n262144-q256 method=shared_b4_accurate_nozero boundary=kernel_sample reference=fp64_bf16_inputs rel_l2=4.11218302e-07 max_abs=0.000177368522 max_norm=7.08732453e-07 pass=1
CORRECT graph=regular-n262144-q256 method=shared_b8_fast_nozero boundary=kernel_full reference=mkl_bf16_inputs rel_l2=0.00316429952 max_abs=1.02615356 max_norm=0.00285617136 pass=1
CORRECT graph=regular-n262144-q256 method=shared_b8_fast_nozero boundary=kernel_full reference=mkl_fp32 rel_l2=0.00791784237 max_abs=2.86312866 max_norm=0.00792821969 pass=1
CORRECT graph=regular-n262144-q256 method=shared_b8_fast_nozero boundary=kernel_sample reference=fp64_bf16_inputs rel_l2=0.00318105134 max_abs=0.792625368 max_norm=0.00316718726 pass=1
CORRECT graph=regular-n262144-q256 method=shared_b8_accurate_nozero boundary=kernel_full reference=mkl_bf16_inputs rel_l2=6.90257969e-07 max_abs=0.000366210938 max_norm=1.01930279e-06 pass=1
CORRECT graph=regular-n262144-q256 method=shared_b8_accurate_nozero boundary=kernel_full reference=mkl_fp32 rel_l2=0.00524918703 max_abs=1.85531616 max_norm=0.0051375107 pass=1
CORRECT graph=regular-n262144-q256 method=shared_b8_accurate_nozero boundary=kernel_sample reference=fp64_bf16_inputs rel_l2=6.27736217e-07 max_abs=0.000216759741 max_norm=8.66132625e-07 pass=1
CORRECT graph=regular-n262144-q256 method=replay_b8_fast_nozero boundary=kernel_full reference=mkl_bf16_inputs rel_l2=0.00316429952 max_abs=1.02615356 max_norm=0.00285617136 pass=1
CORRECT graph=regular-n262144-q256 method=replay_b8_fast_nozero boundary=kernel_full reference=mkl_fp32 rel_l2=0.00791784237 max_abs=2.86312866 max_norm=0.00792821969 pass=1
CORRECT graph=regular-n262144-q256 method=replay_b8_fast_nozero boundary=kernel_sample reference=fp64_bf16_inputs rel_l2=0.00318105134 max_abs=0.792625368 max_norm=0.00316718726 pass=1
CORRECT graph=regular-n262144-q256 method=shared_b16_fast_nozero boundary=kernel_full reference=mkl_bf16_inputs rel_l2=0.00326564831 max_abs=1.21090698 max_norm=0.00337040962 pass=1
CORRECT graph=regular-n262144-q256 method=shared_b16_fast_nozero boundary=kernel_full reference=mkl_fp32 rel_l2=0.00802792671 max_abs=3.06634521 max_norm=0.00849094169 pass=1
CORRECT graph=regular-n262144-q256 method=shared_b16_fast_nozero boundary=kernel_sample reference=fp64_bf16_inputs rel_l2=0.00326098391 max_abs=0.850869473 max_norm=0.00339992014 pass=1
CORRECT graph=regular-n262144-q256 method=shared_b16_accurate_nozero boundary=kernel_full reference=mkl_bf16_inputs rel_l2=1.92160512e-06 max_abs=0.000730514526 max_norm=2.03329671e-06 pass=1
CORRECT graph=regular-n262144-q256 method=shared_b16_accurate_nozero boundary=kernel_full reference=mkl_fp32 rel_l2=0.005249428 max_abs=1.85546875 max_norm=0.00513793323 pass=1
CORRECT graph=regular-n262144-q256 method=shared_b16_accurate_nozero boundary=kernel_sample reference=fp64_bf16_inputs rel_l2=1.92179692e-06 max_abs=0.000611249357 max_norm=2.4424416e-06 pass=1
CORRECT graph=regular-n262144-q256 method=shared_b32_fast_nozero boundary=kernel_full reference=mkl_bf16_inputs rel_l2=0.00327914234 max_abs=1.10995483 max_norm=0.00308942182 pass=1
CORRECT graph=regular-n262144-q256 method=shared_b32_fast_nozero boundary=kernel_full reference=mkl_fp32 rel_l2=0.00804512496 max_abs=2.91903687 max_norm=0.00808303373 pass=1
CORRECT graph=regular-n262144-q256 method=shared_b32_fast_nozero boundary=kernel_sample reference=fp64_bf16_inputs rel_l2=0.00330315211 max_abs=0.822060879 max_norm=0.00328480622 pass=1
CORRECT graph=regular-n262144-q256 method=shared_b32_accurate_nozero boundary=kernel_full reference=mkl_bf16_inputs rel_l2=3.70743291e-06 max_abs=0.00135803223 max_norm=3.77991452e-06 pass=1
CORRECT graph=regular-n262144-q256 method=shared_b32_accurate_nozero boundary=kernel_full reference=mkl_fp32 rel_l2=0.00525018164 max_abs=1.85577393 max_norm=0.00513877828 pass=1
CORRECT graph=regular-n262144-q256 method=shared_b32_accurate_nozero boundary=kernel_sample reference=fp64_bf16_inputs rel_l2=3.66481362e-06 max_abs=0.00103320181 max_norm=4.12848711e-06 pass=1
CORRECT graph=regular-n262144-q256 method=replay_b32_fast_nozero boundary=kernel_full reference=mkl_bf16_inputs rel_l2=0.00327914234 max_abs=1.10995483 max_norm=0.00308942182 pass=1
CORRECT graph=regular-n262144-q256 method=replay_b32_fast_nozero boundary=kernel_full reference=mkl_fp32 rel_l2=0.00804512496 max_abs=2.91903687 max_norm=0.00808303373 pass=1
CORRECT graph=regular-n262144-q256 method=replay_b32_fast_nozero boundary=kernel_sample reference=fp64_bf16_inputs rel_l2=0.00330315211 max_abs=0.822060879 max_norm=0.00328480622 pass=1
CORRECT graph=regular-n262144-q256 method=shared_b64_fast_nozero boundary=kernel_full reference=mkl_bf16_inputs rel_l2=0.00330317484 max_abs=1.15863037 max_norm=0.00322490415 pass=1
CORRECT graph=regular-n262144-q256 method=shared_b64_fast_nozero boundary=kernel_full reference=mkl_fp32 rel_l2=0.00806852101 max_abs=2.89724731 max_norm=0.00802269682 pass=1
CORRECT graph=regular-n262144-q256 method=shared_b64_fast_nozero boundary=kernel_sample reference=fp64_bf16_inputs rel_l2=0.00330237595 max_abs=0.852106303 max_norm=0.00340486229 pass=1
CORRECT graph=regular-n262144-q256 method=shared_b64_accurate_nozero boundary=kernel_full reference=mkl_bf16_inputs rel_l2=5.71790845e-06 max_abs=0.00210571289 max_norm=5.86099105e-06 pass=1
CORRECT graph=regular-n262144-q256 method=shared_b64_accurate_nozero boundary=kernel_full reference=mkl_fp32 rel_l2=0.00525157669 max_abs=1.85638428 max_norm=0.00514046839 pass=1
CORRECT graph=regular-n262144-q256 method=shared_b64_accurate_nozero boundary=kernel_sample reference=fp64_bf16_inputs rel_l2=5.67522945e-06 max_abs=0.0014684312 max_norm=5.86758485e-06 pass=1
CORRECT graph=regular-n262144-q256 method=shared_bfull_fast_nozero boundary=kernel_full reference=mkl_bf16_inputs rel_l2=0.00331403564 max_abs=1.19003296 max_norm=0.00331230936 pass=1
CORRECT graph=regular-n262144-q256 method=shared_bfull_fast_nozero boundary=kernel_full reference=mkl_fp32 rel_l2=0.00807606156 max_abs=2.8694458 max_norm=0.00794571233 pass=1
CORRECT graph=regular-n262144-q256 method=shared_bfull_fast_nozero boundary=kernel_sample reference=fp64_bf16_inputs rel_l2=0.00332163297 max_abs=0.86610974 max_norm=0.00346081748 pass=1
CORRECT graph=regular-n262144-q256 method=shared_bfull_accurate_nozero boundary=kernel_full reference=mkl_bf16_inputs rel_l2=7.97555475e-06 max_abs=0.00323486328 max_norm=9.00384133e-06 pass=1
CORRECT graph=regular-n262144-q256 method=shared_bfull_accurate_nozero boundary=kernel_full reference=mkl_fp32 rel_l2=0.00525373127 max_abs=1.85818481 max_norm=0.00514545421 pass=1
CORRECT graph=regular-n262144-q256 method=shared_bfull_accurate_nozero boundary=kernel_sample reference=fp64_bf16_inputs rel_l2=8.0180702e-06 max_abs=0.00221813843 max_norm=8.86327897e-06 pass=1
CORRECT graph=regular-n262144-q256 method=replay_bfull_fast_nozero boundary=kernel_full reference=mkl_bf16_inputs rel_l2=0.00331403564 max_abs=1.19003296 max_norm=0.00331230936 pass=1
CORRECT graph=regular-n262144-q256 method=replay_bfull_fast_nozero boundary=kernel_full reference=mkl_fp32 rel_l2=0.00807606156 max_abs=2.8694458 max_norm=0.00794571233 pass=1
CORRECT graph=regular-n262144-q256 method=replay_bfull_fast_nozero boundary=kernel_sample reference=fp64_bf16_inputs rel_l2=0.00332163297 max_abs=0.86610974 max_norm=0.00346081748 pass=1
TIME graph=regular-n262144-q256 method=mkl_bf16_inputs kernel rep=0 ms=89.598894
TIME graph=regular-n262144-q256 method=original kernel rep=0 ms=73.739052
TIME graph=regular-n262144-q256 method=original_nozero kernel rep=0 ms=60.806036
TIME graph=regular-n262144-q256 method=shared_b2_fast_nozero kernel rep=0 ms=97.059965
TIME graph=regular-n262144-q256 method=shared_b2_accurate_nozero kernel rep=0 ms=120.472193
TIME graph=regular-n262144-q256 method=shared_b4_fast_nozero kernel rep=0 ms=62.677145
TIME graph=regular-n262144-q256 method=shared_b4_accurate_nozero kernel rep=0 ms=76.305866
TIME graph=regular-n262144-q256 method=shared_b8_fast_nozero kernel rep=0 ms=49.106836
TIME graph=regular-n262144-q256 method=shared_b8_accurate_nozero kernel rep=0 ms=55.746794
TIME graph=regular-n262144-q256 method=replay_b8_fast_nozero kernel rep=0 ms=68.739176
TIME graph=regular-n262144-q256 method=shared_b16_fast_nozero kernel rep=0 ms=41.842222
TIME graph=regular-n262144-q256 method=shared_b16_accurate_nozero kernel rep=0 ms=44.777155
TIME graph=regular-n262144-q256 method=shared_b32_fast_nozero kernel rep=0 ms=38.778782
TIME graph=regular-n262144-q256 method=shared_b32_accurate_nozero kernel rep=0 ms=41.354179
TIME graph=regular-n262144-q256 method=replay_b32_fast_nozero kernel rep=0 ms=55.571795
TIME graph=regular-n262144-q256 method=shared_b64_fast_nozero kernel rep=0 ms=37.269115
TIME graph=regular-n262144-q256 method=shared_b64_accurate_nozero kernel rep=0 ms=38.203001
TIME graph=regular-n262144-q256 method=shared_bfull_fast_nozero kernel rep=0 ms=37.518024
TIME graph=regular-n262144-q256 method=shared_bfull_accurate_nozero kernel rep=0 ms=37.982941
TIME graph=regular-n262144-q256 method=replay_bfull_fast_nozero kernel rep=0 ms=54.086924
TIME graph=regular-n262144-q256 method=mkl_fp32 kernel rep=0 ms=91.388226
TIME graph=regular-n262144-q256 method=original kernel rep=1 ms=74.172020
TIME graph=regular-n262144-q256 method=original_nozero kernel rep=1 ms=61.012983
TIME graph=regular-n262144-q256 method=shared_b2_fast_nozero kernel rep=1 ms=97.520113
TIME graph=regular-n262144-q256 method=shared_b2_accurate_nozero kernel rep=1 ms=120.306015
TIME graph=regular-n262144-q256 method=shared_b4_fast_nozero kernel rep=1 ms=62.582016
TIME graph=regular-n262144-q256 method=shared_b4_accurate_nozero kernel rep=1 ms=75.859070
TIME graph=regular-n262144-q256 method=shared_b8_fast_nozero kernel rep=1 ms=48.755884
TIME graph=regular-n262144-q256 method=shared_b8_accurate_nozero kernel rep=1 ms=55.608988
TIME graph=regular-n262144-q256 method=replay_b8_fast_nozero kernel rep=1 ms=68.707943
TIME graph=regular-n262144-q256 method=shared_b16_fast_nozero kernel rep=1 ms=42.239904
TIME graph=regular-n262144-q256 method=shared_b16_accurate_nozero kernel rep=1 ms=44.961929
TIME graph=regular-n262144-q256 method=shared_b32_fast_nozero kernel rep=1 ms=38.838148
TIME graph=regular-n262144-q256 method=shared_b32_accurate_nozero kernel rep=1 ms=41.333914
TIME graph=regular-n262144-q256 method=replay_b32_fast_nozero kernel rep=1 ms=55.017948
TIME graph=regular-n262144-q256 method=shared_b64_fast_nozero kernel rep=1 ms=37.187099
TIME graph=regular-n262144-q256 method=shared_b64_accurate_nozero kernel rep=1 ms=38.000107
TIME graph=regular-n262144-q256 method=shared_bfull_fast_nozero kernel rep=1 ms=37.924767
TIME graph=regular-n262144-q256 method=shared_bfull_accurate_nozero kernel rep=1 ms=37.994146
TIME graph=regular-n262144-q256 method=replay_bfull_fast_nozero kernel rep=1 ms=53.964853
TIME graph=regular-n262144-q256 method=mkl_fp32 kernel rep=1 ms=91.254950
TIME graph=regular-n262144-q256 method=mkl_bf16_inputs kernel rep=1 ms=89.017868
TIME graph=regular-n262144-q256 method=original_nozero kernel rep=2 ms=61.416864
TIME graph=regular-n262144-q256 method=shared_b2_fast_nozero kernel rep=2 ms=96.145868
TIME graph=regular-n262144-q256 method=shared_b2_accurate_nozero kernel rep=2 ms=119.938850
TIME graph=regular-n262144-q256 method=shared_b4_fast_nozero kernel rep=2 ms=62.545061
TIME graph=regular-n262144-q256 method=shared_b4_accurate_nozero kernel rep=2 ms=76.815128
TIME graph=regular-n262144-q256 method=shared_b8_fast_nozero kernel rep=2 ms=49.017906
TIME graph=regular-n262144-q256 method=shared_b8_accurate_nozero kernel rep=2 ms=55.408955
TIME graph=regular-n262144-q256 method=replay_b8_fast_nozero kernel rep=2 ms=68.325043
TIME graph=regular-n262144-q256 method=shared_b16_fast_nozero kernel rep=2 ms=41.491985
TIME graph=regular-n262144-q256 method=shared_b16_accurate_nozero kernel rep=2 ms=44.610023
TIME graph=regular-n262144-q256 method=shared_b32_fast_nozero kernel rep=2 ms=38.975954
TIME graph=regular-n262144-q256 method=shared_b32_accurate_nozero kernel rep=2 ms=41.357040
TIME graph=regular-n262144-q256 method=replay_b32_fast_nozero kernel rep=2 ms=55.165052
TIME graph=regular-n262144-q256 method=shared_b64_fast_nozero kernel rep=2 ms=37.192106
TIME graph=regular-n262144-q256 method=shared_b64_accurate_nozero kernel rep=2 ms=38.022041
TIME graph=regular-n262144-q256 method=shared_bfull_fast_nozero kernel rep=2 ms=37.708998
TIME graph=regular-n262144-q256 method=shared_bfull_accurate_nozero kernel rep=2 ms=37.965059
TIME graph=regular-n262144-q256 method=replay_bfull_fast_nozero kernel rep=2 ms=53.925037
TIME graph=regular-n262144-q256 method=mkl_fp32 kernel rep=2 ms=91.456890
TIME graph=regular-n262144-q256 method=mkl_bf16_inputs kernel rep=2 ms=88.962078
TIME graph=regular-n262144-q256 method=original kernel rep=2 ms=73.808908
TIME graph=regular-n262144-q256 method=shared_b2_fast_nozero kernel rep=3 ms=95.868111
TIME graph=regular-n262144-q256 method=shared_b2_accurate_nozero kernel rep=3 ms=119.946003
TIME graph=regular-n262144-q256 method=shared_b4_fast_nozero kernel rep=3 ms=62.711954
TIME graph=regular-n262144-q256 method=shared_b4_accurate_nozero kernel rep=3 ms=77.373028
TIME graph=regular-n262144-q256 method=shared_b8_fast_nozero kernel rep=3 ms=48.620939
TIME graph=regular-n262144-q256 method=shared_b8_accurate_nozero kernel rep=3 ms=54.924965
TIME graph=regular-n262144-q256 method=replay_b8_fast_nozero kernel rep=3 ms=68.645000
TIME graph=regular-n262144-q256 method=shared_b16_fast_nozero kernel rep=3 ms=41.939020
TIME graph=regular-n262144-q256 method=shared_b16_accurate_nozero kernel rep=3 ms=44.924974
TIME graph=regular-n262144-q256 method=shared_b32_fast_nozero kernel rep=3 ms=39.137125
TIME graph=regular-n262144-q256 method=shared_b32_accurate_nozero kernel rep=3 ms=41.372061
TIME graph=regular-n262144-q256 method=replay_b32_fast_nozero kernel rep=3 ms=55.253983
TIME graph=regular-n262144-q256 method=shared_b64_fast_nozero kernel rep=3 ms=37.248850
TIME graph=regular-n262144-q256 method=shared_b64_accurate_nozero kernel rep=3 ms=38.306952
TIME graph=regular-n262144-q256 method=shared_bfull_fast_nozero kernel rep=3 ms=37.486076
TIME graph=regular-n262144-q256 method=shared_bfull_accurate_nozero kernel rep=3 ms=38.033009
TIME graph=regular-n262144-q256 method=replay_bfull_fast_nozero kernel rep=3 ms=54.093122
TIME graph=regular-n262144-q256 method=mkl_fp32 kernel rep=3 ms=91.105938
TIME graph=regular-n262144-q256 method=mkl_bf16_inputs kernel rep=3 ms=89.448214
TIME graph=regular-n262144-q256 method=original kernel rep=3 ms=74.965954
TIME graph=regular-n262144-q256 method=original_nozero kernel rep=3 ms=60.794115
TIME graph=regular-n262144-q256 method=shared_b2_accurate_nozero kernel rep=4 ms=123.536110
TIME graph=regular-n262144-q256 method=shared_b4_fast_nozero kernel rep=4 ms=63.062906
TIME graph=regular-n262144-q256 method=shared_b4_accurate_nozero kernel rep=4 ms=75.367928
TIME graph=regular-n262144-q256 method=shared_b8_fast_nozero kernel rep=4 ms=47.793865
TIME graph=regular-n262144-q256 method=shared_b8_accurate_nozero kernel rep=4 ms=55.543900
TIME graph=regular-n262144-q256 method=replay_b8_fast_nozero kernel rep=4 ms=68.453074
TIME graph=regular-n262144-q256 method=shared_b16_fast_nozero kernel rep=4 ms=41.692019
TIME graph=regular-n262144-q256 method=shared_b16_accurate_nozero kernel rep=4 ms=44.847012
TIME graph=regular-n262144-q256 method=shared_b32_fast_nozero kernel rep=4 ms=38.951159
TIME graph=regular-n262144-q256 method=shared_b32_accurate_nozero kernel rep=4 ms=41.442156
TIME graph=regular-n262144-q256 method=replay_b32_fast_nozero kernel rep=4 ms=55.940866
TIME graph=regular-n262144-q256 method=shared_b64_fast_nozero kernel rep=4 ms=37.340164
TIME graph=regular-n262144-q256 method=shared_b64_accurate_nozero kernel rep=4 ms=38.329840
TIME graph=regular-n262144-q256 method=shared_bfull_fast_nozero kernel rep=4 ms=37.374020
TIME graph=regular-n262144-q256 method=shared_bfull_accurate_nozero kernel rep=4 ms=37.951946
TIME graph=regular-n262144-q256 method=replay_bfull_fast_nozero kernel rep=4 ms=53.997040
TIME graph=regular-n262144-q256 method=mkl_fp32 kernel rep=4 ms=96.526861
TIME graph=regular-n262144-q256 method=mkl_bf16_inputs kernel rep=4 ms=88.348150
TIME graph=regular-n262144-q256 method=original kernel rep=4 ms=73.814154
TIME graph=regular-n262144-q256 method=original_nozero kernel rep=4 ms=60.920000
TIME graph=regular-n262144-q256 method=shared_b2_fast_nozero kernel rep=4 ms=97.678900
TIME graph=regular-n262144-q256 method=shared_b4_fast_nozero kernel rep=5 ms=65.129995
TIME graph=regular-n262144-q256 method=shared_b4_accurate_nozero kernel rep=5 ms=75.443029
TIME graph=regular-n262144-q256 method=shared_b8_fast_nozero kernel rep=5 ms=47.051907
TIME graph=regular-n262144-q256 method=shared_b8_accurate_nozero kernel rep=5 ms=53.687096
TIME graph=regular-n262144-q256 method=replay_b8_fast_nozero kernel rep=5 ms=68.233013
TIME graph=regular-n262144-q256 method=shared_b16_fast_nozero kernel rep=5 ms=42.240143
TIME graph=regular-n262144-q256 method=shared_b16_accurate_nozero kernel rep=5 ms=44.808149
TIME graph=regular-n262144-q256 method=shared_b32_fast_nozero kernel rep=5 ms=38.971901
TIME graph=regular-n262144-q256 method=shared_b32_accurate_nozero kernel rep=5 ms=41.241884
TIME graph=regular-n262144-q256 method=replay_b32_fast_nozero kernel rep=5 ms=55.221081
TIME graph=regular-n262144-q256 method=shared_b64_fast_nozero kernel rep=5 ms=38.347960
TIME graph=regular-n262144-q256 method=shared_b64_accurate_nozero kernel rep=5 ms=38.819075
TIME graph=regular-n262144-q256 method=shared_bfull_fast_nozero kernel rep=5 ms=37.573099
TIME graph=regular-n262144-q256 method=shared_bfull_accurate_nozero kernel rep=5 ms=37.955999
TIME graph=regular-n262144-q256 method=replay_bfull_fast_nozero kernel rep=5 ms=53.948879
TIME graph=regular-n262144-q256 method=mkl_fp32 kernel rep=5 ms=90.948105
TIME graph=regular-n262144-q256 method=mkl_bf16_inputs kernel rep=5 ms=88.818073
TIME graph=regular-n262144-q256 method=original kernel rep=5 ms=74.316025
TIME graph=regular-n262144-q256 method=original_nozero kernel rep=5 ms=60.661793
TIME graph=regular-n262144-q256 method=shared_b2_fast_nozero kernel rep=5 ms=97.635984
TIME graph=regular-n262144-q256 method=shared_b2_accurate_nozero kernel rep=5 ms=120.743036
TIME graph=regular-n262144-q256 method=shared_b4_accurate_nozero kernel rep=6 ms=75.576067
TIME graph=regular-n262144-q256 method=shared_b8_fast_nozero kernel rep=6 ms=47.109127
TIME graph=regular-n262144-q256 method=shared_b8_accurate_nozero kernel rep=6 ms=54.991961
TIME graph=regular-n262144-q256 method=replay_b8_fast_nozero kernel rep=6 ms=68.656921
TIME graph=regular-n262144-q256 method=shared_b16_fast_nozero kernel rep=6 ms=42.478085
TIME graph=regular-n262144-q256 method=shared_b16_accurate_nozero kernel rep=6 ms=44.928074
TIME graph=regular-n262144-q256 method=shared_b32_fast_nozero kernel rep=6 ms=38.988829
TIME graph=regular-n262144-q256 method=shared_b32_accurate_nozero kernel rep=6 ms=41.403055
TIME graph=regular-n262144-q256 method=replay_b32_fast_nozero kernel rep=6 ms=55.394888
TIME graph=regular-n262144-q256 method=shared_b64_fast_nozero kernel rep=6 ms=37.190199
TIME graph=regular-n262144-q256 method=shared_b64_accurate_nozero kernel rep=6 ms=38.023949
TIME graph=regular-n262144-q256 method=shared_bfull_fast_nozero kernel rep=6 ms=37.717104
TIME graph=regular-n262144-q256 method=shared_bfull_accurate_nozero kernel rep=6 ms=37.945032
TIME graph=regular-n262144-q256 method=replay_bfull_fast_nozero kernel rep=6 ms=54.144859
TIME graph=regular-n262144-q256 method=mkl_fp32 kernel rep=6 ms=91.266155
TIME graph=regular-n262144-q256 method=mkl_bf16_inputs kernel rep=6 ms=88.971138
TIME graph=regular-n262144-q256 method=original kernel rep=6 ms=73.978901
TIME graph=regular-n262144-q256 method=original_nozero kernel rep=6 ms=60.856819
TIME graph=regular-n262144-q256 method=shared_b2_fast_nozero kernel rep=6 ms=97.137928
TIME graph=regular-n262144-q256 method=shared_b2_accurate_nozero kernel rep=6 ms=120.277882
TIME graph=regular-n262144-q256 method=shared_b4_fast_nozero kernel rep=6 ms=62.540054
TIME graph=regular-n262144-q256 method=shared_b8_fast_nozero kernel rep=7 ms=47.559977
TIME graph=regular-n262144-q256 method=shared_b8_accurate_nozero kernel rep=7 ms=55.266857
TIME graph=regular-n262144-q256 method=replay_b8_fast_nozero kernel rep=7 ms=68.804979
TIME graph=regular-n262144-q256 method=shared_b16_fast_nozero kernel rep=7 ms=42.670965
TIME graph=regular-n262144-q256 method=shared_b16_accurate_nozero kernel rep=7 ms=44.903994
TIME graph=regular-n262144-q256 method=shared_b32_fast_nozero kernel rep=7 ms=39.102077
TIME graph=regular-n262144-q256 method=shared_b32_accurate_nozero kernel rep=7 ms=41.430950
TIME graph=regular-n262144-q256 method=replay_b32_fast_nozero kernel rep=7 ms=55.544138
TIME graph=regular-n262144-q256 method=shared_b64_fast_nozero kernel rep=7 ms=37.151098
TIME graph=regular-n262144-q256 method=shared_b64_accurate_nozero kernel rep=7 ms=38.218021
TIME graph=regular-n262144-q256 method=shared_bfull_fast_nozero kernel rep=7 ms=37.132978
TIME graph=regular-n262144-q256 method=shared_bfull_accurate_nozero kernel rep=7 ms=37.936926
TIME graph=regular-n262144-q256 method=replay_bfull_fast_nozero kernel rep=7 ms=54.125071
TIME graph=regular-n262144-q256 method=mkl_fp32 kernel rep=7 ms=91.531992
TIME graph=regular-n262144-q256 method=mkl_bf16_inputs kernel rep=7 ms=89.396000
TIME graph=regular-n262144-q256 method=original kernel rep=7 ms=73.912144
TIME graph=regular-n262144-q256 method=original_nozero kernel rep=7 ms=60.740948
TIME graph=regular-n262144-q256 method=shared_b2_fast_nozero kernel rep=7 ms=96.333981
TIME graph=regular-n262144-q256 method=shared_b2_accurate_nozero kernel rep=7 ms=123.332977
TIME graph=regular-n262144-q256 method=shared_b4_fast_nozero kernel rep=7 ms=62.577963
TIME graph=regular-n262144-q256 method=shared_b4_accurate_nozero kernel rep=7 ms=76.586962
TIME graph=regular-n262144-q256 method=shared_b8_accurate_nozero kernel rep=8 ms=55.274010
TIME graph=regular-n262144-q256 method=replay_b8_fast_nozero kernel rep=8 ms=68.536997
TIME graph=regular-n262144-q256 method=shared_b16_fast_nozero kernel rep=8 ms=42.064905
TIME graph=regular-n262144-q256 method=shared_b16_accurate_nozero kernel rep=8 ms=44.973850
TIME graph=regular-n262144-q256 method=shared_b32_fast_nozero kernel rep=8 ms=39.001942
TIME graph=regular-n262144-q256 method=shared_b32_accurate_nozero kernel rep=8 ms=41.195154
TIME graph=regular-n262144-q256 method=replay_b32_fast_nozero kernel rep=8 ms=54.909945
TIME graph=regular-n262144-q256 method=shared_b64_fast_nozero kernel rep=8 ms=37.050962
TIME graph=regular-n262144-q256 method=shared_b64_accurate_nozero kernel rep=8 ms=38.418055
TIME graph=regular-n262144-q256 method=shared_bfull_fast_nozero kernel rep=8 ms=38.295031
TIME graph=regular-n262144-q256 method=shared_bfull_accurate_nozero kernel rep=8 ms=38.058043
TIME graph=regular-n262144-q256 method=replay_bfull_fast_nozero kernel rep=8 ms=54.054022
TIME graph=regular-n262144-q256 method=mkl_fp32 kernel rep=8 ms=91.248035
TIME graph=regular-n262144-q256 method=mkl_bf16_inputs kernel rep=8 ms=89.209795
TIME graph=regular-n262144-q256 method=original kernel rep=8 ms=73.767185
TIME graph=regular-n262144-q256 method=original_nozero kernel rep=8 ms=60.763121
TIME graph=regular-n262144-q256 method=shared_b2_fast_nozero kernel rep=8 ms=98.074913
TIME graph=regular-n262144-q256 method=shared_b2_accurate_nozero kernel rep=8 ms=120.973110
TIME graph=regular-n262144-q256 method=shared_b4_fast_nozero kernel rep=8 ms=62.643051
TIME graph=regular-n262144-q256 method=shared_b4_accurate_nozero kernel rep=8 ms=75.407028
TIME graph=regular-n262144-q256 method=shared_b8_fast_nozero kernel rep=8 ms=48.035145
TIME graph=regular-n262144-q256 method=replay_b8_fast_nozero kernel rep=9 ms=68.614006
TIME graph=regular-n262144-q256 method=shared_b16_fast_nozero kernel rep=9 ms=42.570114
TIME graph=regular-n262144-q256 method=shared_b16_accurate_nozero kernel rep=9 ms=44.841051
TIME graph=regular-n262144-q256 method=shared_b32_fast_nozero kernel rep=9 ms=38.987160
TIME graph=regular-n262144-q256 method=shared_b32_accurate_nozero kernel rep=9 ms=41.439056
TIME graph=regular-n262144-q256 method=replay_b32_fast_nozero kernel rep=9 ms=55.455923
TIME graph=regular-n262144-q256 method=shared_b64_fast_nozero kernel rep=9 ms=37.333965
TIME graph=regular-n262144-q256 method=shared_b64_accurate_nozero kernel rep=9 ms=38.381815
TIME graph=regular-n262144-q256 method=shared_bfull_fast_nozero kernel rep=9 ms=38.109064
TIME graph=regular-n262144-q256 method=shared_bfull_accurate_nozero kernel rep=9 ms=37.940979
TIME graph=regular-n262144-q256 method=replay_bfull_fast_nozero kernel rep=9 ms=53.967953
TIME graph=regular-n262144-q256 method=mkl_fp32 kernel rep=9 ms=91.045856
TIME graph=regular-n262144-q256 method=mkl_bf16_inputs kernel rep=9 ms=89.156151
TIME graph=regular-n262144-q256 method=original kernel rep=9 ms=73.962927
TIME graph=regular-n262144-q256 method=original_nozero kernel rep=9 ms=60.774088
TIME graph=regular-n262144-q256 method=shared_b2_fast_nozero kernel rep=9 ms=97.816944
TIME graph=regular-n262144-q256 method=shared_b2_accurate_nozero kernel rep=9 ms=120.620012
TIME graph=regular-n262144-q256 method=shared_b4_fast_nozero kernel rep=9 ms=62.701941
TIME graph=regular-n262144-q256 method=shared_b4_accurate_nozero kernel rep=9 ms=75.769901
TIME graph=regular-n262144-q256 method=shared_b8_fast_nozero kernel rep=9 ms=48.625946
TIME graph=regular-n262144-q256 method=shared_b8_accurate_nozero kernel rep=9 ms=55.722952
CORRECT graph=regular-n262144-q256 method=original boundary=instrumented_kernel reference=unchanged_original rel_l2=0 max_abs=0 max_norm=0 pass=1
CORRECT graph=regular-n262144-q256 method=original_nozero boundary=instrumented_kernel reference=unchanged_original rel_l2=0 max_abs=0 max_norm=0 pass=1
CORRECT graph=regular-n262144-q256 method=shared_b2_fast_nozero boundary=instrumented_kernel reference=mkl_bf16_inputs rel_l2=0.00237621829 max_abs=0.884002686 max_norm=0.002460512 pass=1
CORRECT graph=regular-n262144-q256 method=shared_b2_accurate_nozero boundary=instrumented_kernel reference=mkl_bf16_inputs rel_l2=6.12578904e-07 max_abs=0.000518798828 max_norm=1.44401229e-06 pass=1
CORRECT graph=regular-n262144-q256 method=shared_b4_fast_nozero boundary=instrumented_kernel reference=mkl_bf16_inputs rel_l2=0.00298173467 max_abs=1.08444214 max_norm=0.00301841039 pass=1
CORRECT graph=regular-n262144-q256 method=shared_b4_accurate_nozero boundary=instrumented_kernel reference=mkl_bf16_inputs rel_l2=4.57505151e-07 max_abs=0.000350952148 max_norm=9.76831842e-07 pass=1
CORRECT graph=regular-n262144-q256 method=shared_b8_fast_nozero boundary=instrumented_kernel reference=mkl_bf16_inputs rel_l2=0.00316429952 max_abs=1.02615356 max_norm=0.00285617136 pass=1
CORRECT graph=regular-n262144-q256 method=shared_b8_accurate_nozero boundary=instrumented_kernel reference=mkl_bf16_inputs rel_l2=6.90257969e-07 max_abs=0.000366210938 max_norm=1.01930279e-06 pass=1
CORRECT graph=regular-n262144-q256 method=replay_b8_fast_nozero boundary=instrumented_kernel reference=mkl_bf16_inputs rel_l2=0.00316429952 max_abs=1.02615356 max_norm=0.00285617136 pass=1
CORRECT graph=regular-n262144-q256 method=shared_b16_fast_nozero boundary=instrumented_kernel reference=mkl_bf16_inputs rel_l2=0.00326564831 max_abs=1.21090698 max_norm=0.00337040962 pass=1
CORRECT graph=regular-n262144-q256 method=shared_b16_accurate_nozero boundary=instrumented_kernel reference=mkl_bf16_inputs rel_l2=1.92160512e-06 max_abs=0.000730514526 max_norm=2.03329671e-06 pass=1
CORRECT graph=regular-n262144-q256 method=shared_b32_fast_nozero boundary=instrumented_kernel reference=mkl_bf16_inputs rel_l2=0.00327914234 max_abs=1.10995483 max_norm=0.00308942182 pass=1
CORRECT graph=regular-n262144-q256 method=shared_b32_accurate_nozero boundary=instrumented_kernel reference=mkl_bf16_inputs rel_l2=3.70743291e-06 max_abs=0.00135803223 max_norm=3.77991452e-06 pass=1
CORRECT graph=regular-n262144-q256 method=replay_b32_fast_nozero boundary=instrumented_kernel reference=mkl_bf16_inputs rel_l2=0.00327914234 max_abs=1.10995483 max_norm=0.00308942182 pass=1
CORRECT graph=regular-n262144-q256 method=shared_b64_fast_nozero boundary=instrumented_kernel reference=mkl_bf16_inputs rel_l2=0.00330317484 max_abs=1.15863037 max_norm=0.00322490415 pass=1
CORRECT graph=regular-n262144-q256 method=shared_b64_accurate_nozero boundary=instrumented_kernel reference=mkl_bf16_inputs rel_l2=5.71790845e-06 max_abs=0.00210571289 max_norm=5.86099105e-06 pass=1
CORRECT graph=regular-n262144-q256 method=shared_bfull_fast_nozero boundary=instrumented_kernel reference=mkl_bf16_inputs rel_l2=0.00331403564 max_abs=1.19003296 max_norm=0.00331230936 pass=1
CORRECT graph=regular-n262144-q256 method=shared_bfull_accurate_nozero boundary=instrumented_kernel reference=mkl_bf16_inputs rel_l2=7.97555475e-06 max_abs=0.00323486328 max_norm=9.00384133e-06 pass=1
CORRECT graph=regular-n262144-q256 method=replay_bfull_fast_nozero boundary=instrumented_kernel reference=mkl_bf16_inputs rel_l2=0.00331403564 max_abs=1.19003296 max_norm=0.00331230936 pass=1
CORRECT graph=regular-n262144-q256 method=mkl_fp32 boundary=two_layer_e2e reference=mkl_bf16_inputs rel_l2=0.0104671525 max_abs=1487.32031 max_norm=0.0115391882 pass=1
CORRECT graph=regular-n262144-q256 method=mkl_fp32 boundary=two_layer_e2e reference=mkl_fp32 rel_l2=0 max_abs=0 max_norm=0 pass=1
CORRECT graph=regular-n262144-q256 method=mkl_bf16_inputs boundary=two_layer_e2e reference=mkl_bf16_inputs rel_l2=0 max_abs=0 max_norm=0 pass=1
CORRECT graph=regular-n262144-q256 method=mkl_bf16_inputs boundary=two_layer_e2e reference=mkl_fp32 rel_l2=0.0103602467 max_abs=1487.32031 max_norm=0.0114075543 pass=1
CORRECT graph=regular-n262144-q256 method=original boundary=two_layer_e2e reference=mkl_bf16_inputs rel_l2=5.37627914e-06 max_abs=2.56640625 max_norm=1.99111412e-05 pass=1
CORRECT graph=regular-n262144-q256 method=original boundary=two_layer_e2e reference=mkl_fp32 rel_l2=0.0103602368 max_abs=1487.35156 max_norm=0.011407794 pass=1
CORRECT graph=regular-n262144-q256 method=original_nozero boundary=two_layer_e2e reference=mkl_bf16_inputs rel_l2=5.37627914e-06 max_abs=2.56640625 max_norm=1.99111412e-05 pass=1
CORRECT graph=regular-n262144-q256 method=original_nozero boundary=two_layer_e2e reference=mkl_fp32 rel_l2=0.0103602368 max_abs=1487.35156 max_norm=0.011407794 pass=1
CORRECT graph=regular-n262144-q256 method=shared_b2_fast_nozero boundary=two_layer_e2e reference=mkl_bf16_inputs rel_l2=0.00279660487 max_abs=395.390625 max_norm=0.0030675886 pass=1
CORRECT graph=regular-n262144-q256 method=shared_b2_fast_nozero boundary=two_layer_e2e reference=mkl_fp32 rel_l2=0.0130723095 max_abs=1858.75 max_norm=0.0142563719 pass=1
CORRECT graph=regular-n262144-q256 method=shared_b2_accurate_nozero boundary=two_layer_e2e reference=mkl_bf16_inputs rel_l2=5.55454603e-06 max_abs=2.63769531 max_norm=2.04642284e-05 pass=1
CORRECT graph=regular-n262144-q256 method=shared_b2_accurate_nozero boundary=two_layer_e2e reference=mkl_fp32 rel_l2=0.0103602439 max_abs=1487.44531 max_norm=0.011408513 pass=1
CORRECT graph=regular-n262144-q256 method=shared_b4_fast_nozero boundary=two_layer_e2e reference=mkl_bf16_inputs rel_l2=0.00444205847 max_abs=600.34375 max_norm=0.00465769172 pass=1
CORRECT graph=regular-n262144-q256 method=shared_b4_fast_nozero boundary=two_layer_e2e reference=mkl_fp32 rel_l2=0.0146924153 max_abs=2063.625 max_norm=0.0158277366 pass=1
CORRECT graph=regular-n262144-q256 method=shared_b4_accurate_nozero boundary=two_layer_e2e reference=mkl_bf16_inputs rel_l2=4.90769247e-06 max_abs=2.94140625 max_norm=2.28205316e-05 pass=1
CORRECT graph=regular-n262144-q256 method=shared_b4_accurate_nozero boundary=two_layer_e2e reference=mkl_fp32 rel_l2=0.0103602506 max_abs=1487.24219 max_norm=0.0114069551 pass=1
CORRECT graph=regular-n262144-q256 method=shared_b8_fast_nozero boundary=two_layer_e2e reference=mkl_bf16_inputs rel_l2=0.00523486662 max_abs=706.164062 max_norm=0.00547868535 pass=1
CORRECT graph=regular-n262144-q256 method=shared_b8_fast_nozero boundary=two_layer_e2e reference=mkl_fp32 rel_l2=0.0154749569 max_abs=2171.64844 max_norm=0.0166562624 pass=1
CORRECT graph=regular-n262144-q256 method=shared_b8_accurate_nozero boundary=two_layer_e2e reference=mkl_bf16_inputs rel_l2=5.40219355e-06 max_abs=3.23828125 max_norm=2.51237991e-05 pass=1
CORRECT graph=regular-n262144-q256 method=shared_b8_accurate_nozero boundary=two_layer_e2e reference=mkl_fp32 rel_l2=0.0103604033 max_abs=1487.46875 max_norm=0.0114086928 pass=1
CORRECT graph=regular-n262144-q256 method=replay_b8_fast_nozero boundary=two_layer_e2e reference=mkl_bf16_inputs rel_l2=0.00523486662 max_abs=706.164062 max_norm=0.00547868535 pass=1
CORRECT graph=regular-n262144-q256 method=replay_b8_fast_nozero boundary=two_layer_e2e reference=mkl_fp32 rel_l2=0.0154749569 max_abs=2171.64844 max_norm=0.0166562624 pass=1
CORRECT graph=regular-n262144-q256 method=shared_b16_fast_nozero boundary=two_layer_e2e reference=mkl_bf16_inputs rel_l2=0.00554609583 max_abs=754.601562 max_norm=0.00585448162 pass=1
CORRECT graph=regular-n262144-q256 method=shared_b16_fast_nozero boundary=two_layer_e2e reference=mkl_fp32 rel_l2=0.0157774221 max_abs=2187.54688 max_norm=0.0167782014 pass=1
CORRECT graph=regular-n262144-q256 method=shared_b16_accurate_nozero boundary=two_layer_e2e reference=mkl_bf16_inputs rel_l2=8.88711433e-06 max_abs=3.30859375 max_norm=2.56693098e-05 pass=1
CORRECT graph=regular-n262144-q256 method=shared_b16_accurate_nozero boundary=two_layer_e2e reference=mkl_fp32 rel_l2=0.0103610317 max_abs=1487.39062 max_norm=0.0114080936 pass=1
CORRECT graph=regular-n262144-q256 method=shared_b32_fast_nozero boundary=two_layer_e2e reference=mkl_bf16_inputs rel_l2=0.00560677167 max_abs=801.273438 max_norm=0.00621657951 pass=1
CORRECT graph=regular-n262144-q256 method=shared_b32_fast_nozero boundary=two_layer_e2e reference=mkl_fp32 rel_l2=0.0158270499 max_abs=2225.125 max_norm=0.0170664207 pass=1
CORRECT graph=regular-n262144-q256 method=shared_b32_accurate_nozero boundary=two_layer_e2e reference=mkl_bf16_inputs rel_l2=1.28384813e-05 max_abs=4.35351562 max_norm=3.37762052e-05 pass=1
CORRECT graph=regular-n262144-q256 method=shared_b32_accurate_nozero boundary=two_layer_e2e reference=mkl_fp32 rel_l2=0.0103630629 max_abs=1486.72656 max_norm=0.0114030003 pass=1
CORRECT graph=regular-n262144-q256 method=replay_b32_fast_nozero boundary=two_layer_e2e reference=mkl_bf16_inputs rel_l2=0.00560677167 max_abs=801.273438 max_norm=0.00621657951 pass=1
CORRECT graph=regular-n262144-q256 method=replay_b32_fast_nozero boundary=two_layer_e2e reference=mkl_fp32 rel_l2=0.0158270499 max_abs=2225.125 max_norm=0.0170664207 pass=1
CORRECT graph=regular-n262144-q256 method=shared_b64_fast_nozero boundary=two_layer_e2e reference=mkl_bf16_inputs rel_l2=0.00563247672 max_abs=803.109375 max_norm=0.0062308234 pass=1
CORRECT graph=regular-n262144-q256 method=shared_b64_fast_nozero boundary=two_layer_e2e reference=mkl_fp32 rel_l2=0.0158332499 max_abs=2272.88281 max_norm=0.017432717 pass=1
CORRECT graph=regular-n262144-q256 method=shared_b64_accurate_nozero boundary=two_layer_e2e reference=mkl_bf16_inputs rel_l2=1.75975585e-05 max_abs=5.34765625 max_norm=4.14891206e-05 pass=1
CORRECT graph=regular-n262144-q256 method=shared_b64_accurate_nozero boundary=two_layer_e2e reference=mkl_fp32 rel_l2=0.0103669478 max_abs=1488.20312 max_norm=0.0114143253 pass=1
CORRECT graph=regular-n262144-q256 method=shared_bfull_fast_nozero boundary=two_layer_e2e reference=mkl_bf16_inputs rel_l2=0.0057491508 max_abs=951.039062 max_norm=0.00737851734 pass=1
CORRECT graph=regular-n262144-q256 method=shared_bfull_fast_nozero boundary=two_layer_e2e reference=mkl_fp32 rel_l2=0.0158425996 max_abs=2303.69531 max_norm=0.0176690448 pass=1
CORRECT graph=regular-n262144-q256 method=shared_bfull_accurate_nozero boundary=two_layer_e2e reference=mkl_bf16_inputs rel_l2=2.36152655e-05 max_abs=6.71484375 max_norm=5.20962734e-05 pass=1
CORRECT graph=regular-n262144-q256 method=shared_bfull_accurate_nozero boundary=two_layer_e2e reference=mkl_fp32 rel_l2=0.0103716839 max_abs=1488.3125 max_norm=0.0114151642 pass=1
CORRECT graph=regular-n262144-q256 method=replay_bfull_fast_nozero boundary=two_layer_e2e reference=mkl_bf16_inputs rel_l2=0.0057491508 max_abs=951.039062 max_norm=0.00737851734 pass=1
CORRECT graph=regular-n262144-q256 method=replay_bfull_fast_nozero boundary=two_layer_e2e reference=mkl_fp32 rel_l2=0.0158425996 max_abs=2303.69531 max_norm=0.0176690448 pass=1
TIME graph=regular-n262144-q256 method=mkl_bf16_inputs e2e rep=0 ms=180.087090 L1=89.740038 act_convert=1.847029 L2=88.500023
TIME graph=regular-n262144-q256 method=original e2e rep=0 ms=146.278143 L1=72.446108 act_convert=1.019001 L2=72.813034
TIME graph=regular-n262144-q256 method=original_nozero e2e rep=0 ms=124.527931 L1=61.405897 act_convert=1.030922 L2=62.091112
TIME graph=regular-n262144-q256 method=shared_b2_fast_nozero e2e rep=0 ms=188.385963 L1=95.893860 act_convert=1.016140 L2=91.475964
TIME graph=regular-n262144-q256 method=shared_b2_accurate_nozero e2e rep=0 ms=241.186142 L1=121.168137 act_convert=1.045942 L2=118.972063
TIME graph=regular-n262144-q256 method=shared_b4_fast_nozero e2e rep=0 ms=129.289865 L1=65.047026 act_convert=1.051903 L2=63.190937
TIME graph=regular-n262144-q256 method=shared_b4_accurate_nozero e2e rep=0 ms=155.020952 L1=78.821898 act_convert=1.049042 L2=75.150013
TIME graph=regular-n262144-q256 method=shared_b8_fast_nozero e2e rep=0 ms=99.094152 L1=49.894094 act_convert=1.050949 L2=48.149109
TIME graph=regular-n262144-q256 method=shared_b8_accurate_nozero e2e rep=0 ms=112.177134 L1=56.941032 act_convert=1.055956 L2=54.180145
TIME graph=regular-n262144-q256 method=replay_b8_fast_nozero e2e rep=0 ms=139.397860 L1=70.051908 act_convert=1.032114 L2=68.313837
TIME graph=regular-n262144-q256 method=shared_b16_fast_nozero e2e rep=0 ms=87.143183 L1=43.359041 act_convert=1.059055 L2=42.725086
TIME graph=regular-n262144-q256 method=shared_b16_accurate_nozero e2e rep=0 ms=90.698957 L1=45.893908 act_convert=1.046896 L2=43.758154
TIME graph=regular-n262144-q256 method=shared_b32_fast_nozero e2e rep=0 ms=80.142975 L1=38.830996 act_convert=1.072884 L2=40.239096
TIME graph=regular-n262144-q256 method=shared_b32_accurate_nozero e2e rep=0 ms=82.747936 L1=42.417049 act_convert=1.048803 L2=39.282084
TIME graph=regular-n262144-q256 method=replay_b32_fast_nozero e2e rep=0 ms=112.718105 L1=55.756092 act_convert=1.048803 L2=55.913210
TIME graph=regular-n262144-q256 method=shared_b64_fast_nozero e2e rep=0 ms=78.484058 L1=39.160967 act_convert=1.051188 L2=38.271904
TIME graph=regular-n262144-q256 method=shared_b64_accurate_nozero e2e rep=0 ms=78.659058 L1=40.307045 act_convert=1.035929 L2=37.316084
TIME graph=regular-n262144-q256 method=shared_bfull_fast_nozero e2e rep=0 ms=79.238892 L1=39.619923 act_convert=1.085997 L2=38.532972
TIME graph=regular-n262144-q256 method=shared_bfull_accurate_nozero e2e rep=0 ms=78.025818 L1=39.623022 act_convert=1.060009 L2=37.342787
TIME graph=regular-n262144-q256 method=replay_bfull_fast_nozero e2e rep=0 ms=107.954979 L1=54.186106 act_convert=1.018047 L2=52.750826
TIME graph=regular-n262144-q256 method=mkl_fp32 e2e rep=0 ms=181.149006 L1=90.548038 act_convert=0.888109 L2=89.712858
TIME graph=regular-n262144-q256 method=original e2e rep=1 ms=146.527052 L1=73.671103 act_convert=1.016855 L2=71.839094
TIME graph=regular-n262144-q256 method=original_nozero e2e rep=1 ms=124.493837 L1=61.563969 act_convert=1.019955 L2=61.909914
TIME graph=regular-n262144-q256 method=shared_b2_fast_nozero e2e rep=1 ms=192.615986 L1=98.821878 act_convert=1.044035 L2=92.750072
TIME graph=regular-n262144-q256 method=shared_b2_accurate_nozero e2e rep=1 ms=239.742994 L1=120.424986 act_convert=1.039982 L2=118.278027
TIME graph=regular-n262144-q256 method=shared_b4_fast_nozero e2e rep=1 ms=128.116131 L1=63.978195 act_convert=1.055002 L2=63.082933
TIME graph=regular-n262144-q256 method=shared_b4_accurate_nozero e2e rep=1 ms=155.936003 L1=79.252005 act_convert=1.064062 L2=75.619936
TIME graph=regular-n262144-q256 method=shared_b8_fast_nozero e2e rep=1 ms=97.500086 L1=48.542023 act_convert=1.047850 L2=47.910213
TIME graph=regular-n262144-q256 method=shared_b8_accurate_nozero e2e rep=1 ms=112.445116 L1=56.904078 act_convert=1.055956 L2=54.485083
TIME graph=regular-n262144-q256 method=replay_b8_fast_nozero e2e rep=1 ms=139.099121 L1=69.730043 act_convert=1.029015 L2=68.340063
TIME graph=regular-n262144-q256 method=shared_b16_fast_nozero e2e rep=1 ms=87.563992 L1=43.821096 act_convert=1.069784 L2=42.673111
TIME graph=regular-n262144-q256 method=shared_b16_accurate_nozero e2e rep=1 ms=90.379000 L1=45.686007 act_convert=1.039982 L2=43.653011
TIME graph=regular-n262144-q256 method=shared_b32_fast_nozero e2e rep=1 ms=79.452038 L1=38.601875 act_convert=1.060009 L2=39.790154
TIME graph=regular-n262144-q256 method=shared_b32_accurate_nozero e2e rep=1 ms=82.844019 L1=42.406082 act_convert=1.086950 L2=39.350986
TIME graph=regular-n262144-q256 method=replay_b32_fast_nozero e2e rep=1 ms=112.873077 L1=56.469202 act_convert=1.024961 L2=55.378914
TIME graph=regular-n262144-q256 method=shared_b64_fast_nozero e2e rep=1 ms=78.517914 L1=38.789034 act_convert=1.055956 L2=38.672924
TIME graph=regular-n262144-q256 method=shared_b64_accurate_nozero e2e rep=1 ms=78.519821 L1=40.432930 act_convert=1.072884 L2=37.014008
TIME graph=regular-n262144-q256 method=shared_bfull_fast_nozero e2e rep=1 ms=78.227997 L1=38.643122 act_convert=1.080036 L2=38.504839
TIME graph=regular-n262144-q256 method=shared_bfull_accurate_nozero e2e rep=1 ms=78.553915 L1=39.986849 act_convert=1.068115 L2=37.498951
TIME graph=regular-n262144-q256 method=replay_bfull_fast_nozero e2e rep=1 ms=108.440876 L1=54.378986 act_convert=1.021862 L2=53.040028
TIME graph=regular-n262144-q256 method=mkl_fp32 e2e rep=1 ms=181.117058 L1=90.604067 act_convert=0.884056 L2=89.628935
TIME graph=regular-n262144-q256 method=mkl_bf16_inputs e2e rep=1 ms=179.023027 L1=88.616848 act_convert=1.815081 L2=88.591099
TIME graph=regular-n262144-q256 method=original_nozero e2e rep=2 ms=124.586821 L1=61.641932 act_convert=1.034975 L2=61.909914
TIME graph=regular-n262144-q256 method=shared_b2_fast_nozero e2e rep=2 ms=191.875935 L1=98.397017 act_convert=1.035929 L2=92.442989
TIME graph=regular-n262144-q256 method=shared_b2_accurate_nozero e2e rep=2 ms=239.907980 L1=120.290995 act_convert=1.044989 L2=118.571997
TIME graph=regular-n262144-q256 method=shared_b4_fast_nozero e2e rep=2 ms=127.767086 L1=63.712120 act_convert=1.045942 L2=63.009024
TIME graph=regular-n262144-q256 method=shared_b4_accurate_nozero e2e rep=2 ms=155.117035 L1=78.690052 act_convert=1.071930 L2=75.355053
TIME graph=regular-n262144-q256 method=shared_b8_fast_nozero e2e rep=2 ms=98.989964 L1=49.606800 act_convert=1.095057 L2=48.288107
TIME graph=regular-n262144-q256 method=shared_b8_accurate_nozero e2e rep=2 ms=112.314939 L1=56.779861 act_convert=1.060009 L2=54.475069
TIME graph=regular-n262144-q256 method=replay_b8_fast_nozero e2e rep=2 ms=139.042854 L1=69.738865 act_convert=1.023054 L2=68.280935
TIME graph=regular-n262144-q256 method=shared_b16_fast_nozero e2e rep=2 ms=87.314844 L1=43.746948 act_convert=1.074076 L2=42.493820
TIME graph=regular-n262144-q256 method=shared_b16_accurate_nozero e2e rep=2 ms=90.263128 L1=45.526981 act_convert=1.091003 L2=43.645144
TIME graph=regular-n262144-q256 method=shared_b32_fast_nozero e2e rep=2 ms=79.797983 L1=38.781881 act_convert=1.063108 L2=39.952993
TIME graph=regular-n262144-q256 method=shared_b32_accurate_nozero e2e rep=2 ms=82.844973 L1=42.474985 act_convert=1.072884 L2=39.297104
TIME graph=regular-n262144-q256 method=replay_b32_fast_nozero e2e rep=2 ms=113.944054 L1=57.175159 act_convert=1.060963 L2=55.707932
TIME graph=regular-n262144-q256 method=shared_b64_fast_nozero e2e rep=2 ms=78.068018 L1=38.941145 act_convert=1.042843 L2=38.084030
TIME graph=regular-n262144-q256 method=shared_b64_accurate_nozero e2e rep=2 ms=77.664852 L1=39.706945 act_convert=1.049995 L2=36.907911
TIME graph=regular-n262144-q256 method=shared_bfull_fast_nozero e2e rep=2 ms=78.611851 L1=38.989067 act_convert=1.086950 L2=38.535833
TIME graph=regular-n262144-q256 method=shared_bfull_accurate_nozero e2e rep=2 ms=78.444004 L1=40.047884 act_convert=1.070976 L2=37.325144
TIME graph=regular-n262144-q256 method=replay_bfull_fast_nozero e2e rep=2 ms=108.572006 L1=54.520845 act_convert=1.026154 L2=53.025007
TIME graph=regular-n262144-q256 method=mkl_fp32 e2e rep=2 ms=181.370020 L1=90.686083 act_convert=0.898123 L2=89.785814
TIME graph=regular-n262144-q256 method=mkl_bf16_inputs e2e rep=2 ms=179.032087 L1=88.769913 act_convert=1.829147 L2=88.433027
TIME graph=regular-n262144-q256 method=original e2e rep=2 ms=146.304131 L1=72.664976 act_convert=1.013994 L2=72.625160
TIME graph=regular-n262144-q256 method=shared_b2_fast_nozero e2e rep=3 ms=187.839031 L1=95.098019 act_convert=1.011133 L2=91.729879
TIME graph=regular-n262144-q256 method=shared_b2_accurate_nozero e2e rep=3 ms=240.767956 L1=121.101141 act_convert=1.055956 L2=118.610859
TIME graph=regular-n262144-q256 method=shared_b4_fast_nozero e2e rep=3 ms=129.313946 L1=65.150023 act_convert=1.059055 L2=63.104868
TIME graph=regular-n262144-q256 method=shared_b4_accurate_nozero e2e rep=3 ms=154.823065 L1=77.869892 act_convert=1.046181 L2=75.906992
TIME graph=regular-n262144-q256 method=shared_b8_fast_nozero e2e rep=3 ms=99.254847 L1=49.741030 act_convert=1.073837 L2=48.439980
TIME graph=regular-n262144-q256 method=shared_b8_accurate_nozero e2e rep=3 ms=112.125158 L1=56.778193 act_convert=1.056910 L2=54.290056
TIME graph=regular-n262144-q256 method=replay_b8_fast_nozero e2e rep=3 ms=139.325857 L1=69.894791 act_convert=1.039028 L2=68.392038
TIME graph=regular-n262144-q256 method=shared_b16_fast_nozero e2e rep=3 ms=86.426020 L1=42.968035 act_convert=1.079082 L2=42.378902
TIME graph=regular-n262144-q256 method=shared_b16_accurate_nozero e2e rep=3 ms=90.635061 L1=45.838118 act_convert=1.046896 L2=43.750048
TIME graph=regular-n262144-q256 method=shared_b32_fast_nozero e2e rep=3 ms=78.738928 L1=38.856030 act_convert=1.064062 L2=38.818836
TIME graph=regular-n262144-q256 method=shared_b32_accurate_nozero e2e rep=3 ms=85.045099 L1=43.061018 act_convert=1.064062 L2=40.920019
TIME graph=regular-n262144-q256 method=replay_b32_fast_nozero e2e rep=3 ms=112.859964 L1=56.729078 act_convert=1.019001 L2=55.111885
TIME graph=regular-n262144-q256 method=shared_b64_fast_nozero e2e rep=3 ms=78.279018 L1=38.957119 act_convert=1.043797 L2=38.278103
TIME graph=regular-n262144-q256 method=shared_b64_accurate_nozero e2e rep=3 ms=77.915907 L1=39.753914 act_convert=1.029015 L2=37.132978
TIME graph=regular-n262144-q256 method=shared_bfull_fast_nozero e2e rep=3 ms=78.419924 L1=38.794041 act_convert=1.083851 L2=38.542032
TIME graph=regular-n262144-q256 method=shared_bfull_accurate_nozero e2e rep=3 ms=78.338146 L1=39.984941 act_convert=1.062155 L2=37.291050
TIME graph=regular-n262144-q256 method=replay_bfull_fast_nozero e2e rep=3 ms=108.903170 L1=54.607153 act_convert=1.032829 L2=53.263187
TIME graph=regular-n262144-q256 method=mkl_fp32 e2e rep=3 ms=181.715012 L1=90.730190 act_convert=0.886917 L2=90.097904
TIME graph=regular-n262144-q256 method=mkl_bf16_inputs e2e rep=3 ms=178.640842 L1=88.337898 act_convert=1.850128 L2=88.452816
TIME graph=regular-n262144-q256 method=original e2e rep=3 ms=145.924091 L1=72.362900 act_convert=1.015186 L2=72.546005
TIME graph=regular-n262144-q256 method=original_nozero e2e rep=3 ms=124.429941 L1=61.417103 act_convert=1.019955 L2=61.992884
TIME graph=regular-n262144-q256 method=shared_b2_accurate_nozero e2e rep=4 ms=242.671967 L1=123.460054 act_convert=1.036882 L2=118.175030
TIME graph=regular-n262144-q256 method=shared_b4_fast_nozero e2e rep=4 ms=127.598047 L1=63.800097 act_convert=1.049042 L2=62.748909
TIME graph=regular-n262144-q256 method=shared_b4_accurate_nozero e2e rep=4 ms=154.976130 L1=78.682899 act_convert=1.049995 L2=75.243235
TIME graph=regular-n262144-q256 method=shared_b8_fast_nozero e2e rep=4 ms=99.331141 L1=49.947023 act_convert=1.062155 L2=48.321962
TIME graph=regular-n262144-q256 method=shared_b8_accurate_nozero e2e rep=4 ms=112.071037 L1=56.819916 act_convert=1.060963 L2=54.190159
TIME graph=regular-n262144-q256 method=replay_b8_fast_nozero e2e rep=4 ms=139.107943 L1=69.667101 act_convert=1.034975 L2=68.405867
TIME graph=regular-n262144-q256 method=shared_b16_fast_nozero e2e rep=4 ms=86.825848 L1=43.365955 act_convert=1.071930 L2=42.387962
TIME graph=regular-n262144-q256 method=shared_b16_accurate_nozero e2e rep=4 ms=90.240002 L1=45.526981 act_convert=1.047134 L2=43.665886
TIME graph=regular-n262144-q256 method=shared_b32_fast_nozero e2e rep=4 ms=79.661131 L1=38.696051 act_convert=1.054049 L2=39.911032
TIME graph=regular-n262144-q256 method=shared_b32_accurate_nozero e2e rep=4 ms=83.536863 L1=43.058872 act_convert=1.057148 L2=39.420843
TIME graph=regular-n262144-q256 method=replay_b32_fast_nozero e2e rep=4 ms=112.179995 L1=55.743933 act_convert=1.044035 L2=55.392027
TIME graph=regular-n262144-q256 method=shared_b64_fast_nozero e2e rep=4 ms=79.375029 L1=39.566994 act_convert=1.053095 L2=38.754940
TIME graph=regular-n262144-q256 method=shared_b64_accurate_nozero e2e rep=4 ms=78.781128 L1=40.146112 act_convert=1.067877 L2=37.567139
TIME graph=regular-n262144-q256 method=shared_bfull_fast_nozero e2e rep=4 ms=78.913927 L1=39.240837 act_convert=1.080990 L2=38.592100
TIME graph=regular-n262144-q256 method=shared_bfull_accurate_nozero e2e rep=4 ms=78.166962 L1=39.794922 act_convert=1.066923 L2=37.305117
TIME graph=regular-n262144-q256 method=replay_bfull_fast_nozero e2e rep=4 ms=108.598948 L1=54.136992 act_convert=1.026154 L2=53.435802
TIME graph=regular-n262144-q256 method=mkl_fp32 e2e rep=4 ms=181.061029 L1=90.575933 act_convert=0.885963 L2=89.599133
TIME graph=regular-n262144-q256 method=mkl_bf16_inputs e2e rep=4 ms=178.802967 L1=88.520050 act_convert=1.847029 L2=88.435888
TIME graph=regular-n262144-q256 method=original e2e rep=4 ms=145.977974 L1=72.507143 act_convert=1.021862 L2=72.448969
TIME graph=regular-n262144-q256 method=original_nozero e2e rep=4 ms=124.473095 L1=61.460018 act_convert=1.017094 L2=61.995983
TIME graph=regular-n262144-q256 method=shared_b2_fast_nozero e2e rep=4 ms=190.265894 L1=97.237110 act_convert=1.021862 L2=92.006922
TIME graph=regular-n262144-q256 method=shared_b4_fast_nozero e2e rep=5 ms=126.564980 L1=63.418150 act_convert=1.046896 L2=62.099934
TIME graph=regular-n262144-q256 method=shared_b4_accurate_nozero e2e rep=5 ms=155.255795 L1=78.316927 act_convert=1.071930 L2=75.866938
TIME graph=regular-n262144-q256 method=shared_b8_fast_nozero e2e rep=5 ms=99.330902 L1=49.831867 act_convert=1.088142 L2=48.410892
TIME graph=regular-n262144-q256 method=shared_b8_accurate_nozero e2e rep=5 ms=111.980200 L1=56.719065 act_convert=1.070976 L2=54.190159
TIME graph=regular-n262144-q256 method=replay_b8_fast_nozero e2e rep=5 ms=139.108896 L1=69.822788 act_convert=1.037121 L2=68.248987
TIME graph=regular-n262144-q256 method=shared_b16_fast_nozero e2e rep=5 ms=87.116003 L1=43.535948 act_convert=1.080990 L2=42.499065
TIME graph=regular-n262144-q256 method=shared_b16_accurate_nozero e2e rep=5 ms=90.246916 L1=45.583010 act_convert=1.046896 L2=43.617010
TIME graph=regular-n262144-q256 method=shared_b32_fast_nozero e2e rep=5 ms=78.610897 L1=38.692951 act_convert=1.048088 L2=38.869858
TIME graph=regular-n262144-q256 method=shared_b32_accurate_nozero e2e rep=5 ms=84.605932 L1=42.957783 act_convert=1.059055 L2=40.589094
TIME graph=regular-n262144-q256 method=replay_b32_fast_nozero e2e rep=5 ms=112.638950 L1=56.542873 act_convert=1.024961 L2=55.071115
TIME graph=regular-n262144-q256 method=shared_b64_fast_nozero e2e rep=5 ms=78.487873 L1=38.774967 act_convert=1.044035 L2=38.668871
TIME graph=regular-n262144-q256 method=shared_b64_accurate_nozero e2e rep=5 ms=78.325987 L1=40.309906 act_convert=1.072884 L2=36.943197
TIME graph=regular-n262144-q256 method=shared_bfull_fast_nozero e2e rep=5 ms=78.223944 L1=38.569927 act_convert=1.079082 L2=38.574934
TIME graph=regular-n262144-q256 method=shared_bfull_accurate_nozero e2e rep=5 ms=78.277111 L1=39.997101 act_convert=1.070023 L2=37.209988
TIME graph=regular-n262144-q256 method=replay_bfull_fast_nozero e2e rep=5 ms=109.067202 L1=54.711103 act_convert=1.013994 L2=53.342104
TIME graph=regular-n262144-q256 method=mkl_fp32 e2e rep=5 ms=180.828810 L1=90.544939 act_convert=0.905037 L2=89.378834
TIME graph=regular-n262144-q256 method=mkl_bf16_inputs e2e rep=5 ms=178.732157 L1=88.675976 act_convert=1.814127 L2=88.242054
TIME graph=regular-n262144-q256 method=original e2e rep=5 ms=146.116972 L1=72.496891 act_convert=1.014948 L2=72.605133
TIME graph=regular-n262144-q256 method=original_nozero e2e rep=5 ms=124.557018 L1=61.490059 act_convert=1.024961 L2=62.041998
TIME graph=regular-n262144-q256 method=shared_b2_fast_nozero e2e rep=5 ms=189.838171 L1=96.950054 act_convert=1.023054 L2=91.865063
TIME graph=regular-n262144-q256 method=shared_b2_accurate_nozero e2e rep=5 ms=240.587950 L1=120.687008 act_convert=1.055956 L2=118.844986
TIME graph=regular-n262144-q256 method=shared_b4_accurate_nozero e2e rep=6 ms=154.687881 L1=77.921867 act_convert=1.083136 L2=75.682878
TIME graph=regular-n262144-q256 method=shared_b8_fast_nozero e2e rep=6 ms=99.397182 L1=49.985170 act_convert=1.091957 L2=48.320055
TIME graph=regular-n262144-q256 method=shared_b8_accurate_nozero e2e rep=6 ms=111.989021 L1=56.671858 act_convert=1.060963 L2=54.256201
TIME graph=regular-n262144-q256 method=replay_b8_fast_nozero e2e rep=6 ms=138.912916 L1=69.649935 act_convert=1.026869 L2=68.236113
TIME graph=regular-n262144-q256 method=shared_b16_fast_nozero e2e rep=6 ms=87.098122 L1=43.353081 act_convert=1.087904 L2=42.657137
TIME graph=regular-n262144-q256 method=shared_b16_accurate_nozero e2e rep=6 ms=90.428114 L1=45.644999 act_convert=1.054049 L2=43.729067
TIME graph=regular-n262144-q256 method=shared_b32_fast_nozero e2e rep=6 ms=77.883005 L1=38.794994 act_convert=1.049042 L2=38.038969
TIME graph=regular-n262144-q256 method=shared_b32_accurate_nozero e2e rep=6 ms=84.764004 L1=41.689873 act_convert=1.090050 L2=41.984081
TIME graph=regular-n262144-q256 method=replay_b32_fast_nozero e2e rep=6 ms=113.739014 L1=57.316065 act_convert=1.029015 L2=55.393934
TIME graph=regular-n262144-q256 method=shared_b64_fast_nozero e2e rep=6 ms=78.692913 L1=38.928032 act_convert=1.061916 L2=38.702965
TIME graph=regular-n262144-q256 method=shared_b64_accurate_nozero e2e rep=6 ms=79.016924 L1=40.424109 act_convert=1.044989 L2=37.547827
TIME graph=regular-n262144-q256 method=shared_bfull_fast_nozero e2e rep=6 ms=78.417063 L1=38.826942 act_convert=1.079082 L2=38.511038
TIME graph=regular-n262144-q256 method=shared_bfull_accurate_nozero e2e rep=6 ms=77.719927 L1=39.324045 act_convert=1.065969 L2=37.329912
TIME graph=regular-n262144-q256 method=replay_bfull_fast_nozero e2e rep=6 ms=108.655930 L1=54.701090 act_convert=1.015902 L2=52.938938
TIME graph=regular-n262144-q256 method=mkl_fp32 e2e rep=6 ms=182.176113 L1=90.696096 act_convert=0.874996 L2=90.605021
TIME graph=regular-n262144-q256 method=mkl_bf16_inputs e2e rep=6 ms=181.417942 L1=89.710951 act_convert=1.816988 L2=89.890003
TIME graph=regular-n262144-q256 method=original e2e rep=6 ms=145.753145 L1=72.329998 act_convert=1.018047 L2=72.405100
TIME graph=regular-n262144-q256 method=original_nozero e2e rep=6 ms=124.818087 L1=61.634064 act_convert=1.004934 L2=62.179089
TIME graph=regular-n262144-q256 method=shared_b2_fast_nozero e2e rep=6 ms=190.974951 L1=97.465992 act_convert=1.033068 L2=92.475891
TIME graph=regular-n262144-q256 method=shared_b2_accurate_nozero e2e rep=6 ms=240.049839 L1=120.415926 act_convert=1.043081 L2=118.590832
TIME graph=regular-n262144-q256 method=shared_b4_fast_nozero e2e rep=6 ms=129.223108 L1=64.557076 act_convert=1.083851 L2=63.582182
TIME graph=regular-n262144-q256 method=shared_b8_fast_nozero e2e rep=7 ms=98.772049 L1=49.571037 act_convert=1.065969 L2=48.135042
TIME graph=regular-n262144-q256 method=shared_b8_accurate_nozero e2e rep=7 ms=111.932993 L1=56.789875 act_convert=1.055002 L2=54.088116
TIME graph=regular-n262144-q256 method=replay_b8_fast_nozero e2e rep=7 ms=138.993025 L1=69.765806 act_convert=1.026154 L2=68.201065
TIME graph=regular-n262144-q256 method=shared_b16_fast_nozero e2e rep=7 ms=86.916208 L1=43.414116 act_convert=1.057863 L2=42.444229
TIME graph=regular-n262144-q256 method=shared_b16_accurate_nozero e2e rep=7 ms=90.435982 L1=45.659065 act_convert=1.037836 L2=43.739080
TIME graph=regular-n262144-q256 method=shared_b32_fast_nozero e2e rep=7 ms=77.980995 L1=38.507938 act_convert=1.076937 L2=38.396120
TIME graph=regular-n262144-q256 method=shared_b32_accurate_nozero e2e rep=7 ms=84.934950 L1=42.921066 act_convert=1.085997 L2=40.927887
TIME graph=regular-n262144-q256 method=replay_b32_fast_nozero e2e rep=7 ms=113.421917 L1=57.160854 act_convert=1.029015 L2=55.232048
TIME graph=regular-n262144-q256 method=shared_b64_fast_nozero e2e rep=7 ms=77.975988 L1=38.865805 act_convert=1.028061 L2=38.082123
TIME graph=regular-n262144-q256 method=shared_b64_accurate_nozero e2e rep=7 ms=78.409195 L1=39.479971 act_convert=1.031160 L2=37.898064
TIME graph=regular-n262144-q256 method=shared_bfull_fast_nozero e2e rep=7 ms=78.707218 L1=39.129019 act_convert=1.059055 L2=38.519144
TIME graph=regular-n262144-q256 method=shared_bfull_accurate_nozero e2e rep=7 ms=77.275991 L1=38.919210 act_convert=1.064777 L2=37.292004
TIME graph=regular-n262144-q256 method=replay_bfull_fast_nozero e2e rep=7 ms=108.747959 L1=54.794073 act_convert=1.021862 L2=52.932024
TIME graph=regular-n262144-q256 method=mkl_fp32 e2e rep=7 ms=181.216955 L1=90.718031 act_convert=0.870943 L2=89.627981
TIME graph=regular-n262144-q256 method=mkl_bf16_inputs e2e rep=7 ms=178.732872 L1=88.549852 act_convert=1.810074 L2=88.372946
TIME graph=regular-n262144-q256 method=original e2e rep=7 ms=146.095991 L1=72.589159 act_convert=1.013041 L2=72.493792
TIME graph=regular-n262144-q256 method=original_nozero e2e rep=7 ms=124.523878 L1=61.508894 act_convert=1.013994 L2=62.000990
TIME graph=regular-n262144-q256 method=shared_b2_fast_nozero e2e rep=7 ms=189.730167 L1=96.925020 act_convert=1.016140 L2=91.789007
TIME graph=regular-n262144-q256 method=shared_b2_accurate_nozero e2e rep=7 ms=240.188122 L1=120.254993 act_convert=1.060963 L2=118.872166
TIME graph=regular-n262144-q256 method=shared_b4_fast_nozero e2e rep=7 ms=128.693104 L1=64.549208 act_convert=1.060009 L2=63.083887
TIME graph=regular-n262144-q256 method=shared_b4_accurate_nozero e2e rep=7 ms=156.584978 L1=79.862118 act_convert=1.078844 L2=75.644016
TIME graph=regular-n262144-q256 method=shared_b8_accurate_nozero e2e rep=8 ms=109.400034 L1=54.567099 act_convert=1.047850 L2=53.785086
TIME graph=regular-n262144-q256 method=replay_b8_fast_nozero e2e rep=8 ms=139.930010 L1=69.626093 act_convert=1.029015 L2=69.274902
TIME graph=regular-n262144-q256 method=shared_b16_fast_nozero e2e rep=8 ms=87.163925 L1=43.715954 act_convert=1.075029 L2=42.372942
TIME graph=regular-n262144-q256 method=shared_b16_accurate_nozero e2e rep=8 ms=90.361118 L1=45.621157 act_convert=1.047850 L2=43.692112
TIME graph=regular-n262144-q256 method=shared_b32_fast_nozero e2e rep=8 ms=78.548908 L1=38.667917 act_convert=1.058102 L2=38.822889
TIME graph=regular-n262144-q256 method=shared_b32_accurate_nozero e2e rep=8 ms=84.113121 L1=42.710066 act_convert=1.058102 L2=40.344954
TIME graph=regular-n262144-q256 method=replay_b32_fast_nozero e2e rep=8 ms=112.458944 L1=55.909872 act_convert=1.019955 L2=55.529118
TIME graph=regular-n262144-q256 method=shared_b64_fast_nozero e2e rep=8 ms=78.459978 L1=38.705826 act_convert=1.065969 L2=38.688183
TIME graph=regular-n262144-q256 method=shared_b64_accurate_nozero e2e rep=8 ms=78.685999 L1=40.329933 act_convert=1.049042 L2=37.307024
TIME graph=regular-n262144-q256 method=shared_bfull_fast_nozero e2e rep=8 ms=78.792810 L1=39.215803 act_convert=1.083136 L2=38.493872
TIME graph=regular-n262144-q256 method=shared_bfull_accurate_nozero e2e rep=8 ms=78.373909 L1=39.912939 act_convert=1.066208 L2=37.394762
TIME graph=regular-n262144-q256 method=replay_bfull_fast_nozero e2e rep=8 ms=108.063936 L1=53.989887 act_convert=1.022100 L2=53.051949
TIME graph=regular-n262144-q256 method=mkl_fp32 e2e rep=8 ms=180.978060 L1=90.642929 act_convert=0.885010 L2=89.450121
TIME graph=regular-n262144-q256 method=mkl_bf16_inputs e2e rep=8 ms=179.003954 L1=88.809013 act_convert=1.801014 L2=88.393927
TIME graph=regular-n262144-q256 method=original e2e rep=8 ms=146.127939 L1=72.644949 act_convert=1.013041 L2=72.469950
TIME graph=regular-n262144-q256 method=original_nozero e2e rep=8 ms=124.480963 L1=61.468124 act_convert=1.021862 L2=61.990976
TIME graph=regular-n262144-q256 method=shared_b2_fast_nozero e2e rep=8 ms=190.047979 L1=97.007990 act_convert=1.027107 L2=92.012882
TIME graph=regular-n262144-q256 method=shared_b2_accurate_nozero e2e rep=8 ms=240.141869 L1=120.372772 act_convert=1.050234 L2=118.718863
TIME graph=regular-n262144-q256 method=shared_b4_fast_nozero e2e rep=8 ms=128.906012 L1=64.815998 act_convert=1.073122 L2=63.016891
TIME graph=regular-n262144-q256 method=shared_b4_accurate_nozero e2e rep=8 ms=154.958963 L1=78.906059 act_convert=1.066923 L2=74.985981
TIME graph=regular-n262144-q256 method=shared_b8_fast_nozero e2e rep=8 ms=99.205971 L1=49.701929 act_convert=1.065016 L2=48.439026
TIME graph=regular-n262144-q256 method=replay_b8_fast_nozero e2e rep=9 ms=139.140129 L1=69.554090 act_convert=1.040936 L2=68.545103
TIME graph=regular-n262144-q256 method=shared_b16_fast_nozero e2e rep=9 ms=87.423086 L1=43.921947 act_convert=1.088142 L2=42.412996
TIME graph=regular-n262144-q256 method=shared_b16_accurate_nozero e2e rep=9 ms=90.147972 L1=45.418024 act_convert=1.047850 L2=43.682098
TIME graph=regular-n262144-q256 method=shared_b32_fast_nozero e2e rep=9 ms=78.677893 L1=38.712025 act_convert=1.064062 L2=38.901806
TIME graph=regular-n262144-q256 method=shared_b32_accurate_nozero e2e rep=9 ms=84.619999 L1=42.870998 act_convert=1.091957 L2=40.657043
TIME graph=regular-n262144-q256 method=replay_b32_fast_nozero e2e rep=9 ms=112.653971 L1=56.607962 act_convert=1.029968 L2=55.016041
TIME graph=regular-n262144-q256 method=shared_b64_fast_nozero e2e rep=9 ms=78.544855 L1=38.784027 act_convert=1.036882 L2=38.723946
TIME graph=regular-n262144-q256 method=shared_b64_accurate_nozero e2e rep=9 ms=77.950954 L1=39.828777 act_convert=1.044035 L2=37.078142
TIME graph=regular-n262144-q256 method=shared_bfull_fast_nozero e2e rep=9 ms=78.567028 L1=38.888931 act_convert=1.190901 L2=38.487196
TIME graph=regular-n262144-q256 method=shared_bfull_accurate_nozero e2e rep=9 ms=78.063965 L1=39.694786 act_convert=1.056194 L2=37.312984
TIME graph=regular-n262144-q256 method=replay_bfull_fast_nozero e2e rep=9 ms=108.577967 L1=54.557085 act_convert=1.031876 L2=52.989006
TIME graph=regular-n262144-q256 method=mkl_fp32 e2e rep=9 ms=181.049109 L1=90.630054 act_convert=0.877857 L2=89.541197
TIME graph=regular-n262144-q256 method=mkl_bf16_inputs e2e rep=9 ms=178.809881 L1=88.665009 act_convert=1.824856 L2=88.320017
TIME graph=regular-n262144-q256 method=original e2e rep=9 ms=146.126032 L1=72.548866 act_convert=1.012087 L2=72.565079
TIME graph=regular-n262144-q256 method=original_nozero e2e rep=9 ms=124.456167 L1=61.429977 act_convert=1.024008 L2=62.002182
TIME graph=regular-n262144-q256 method=shared_b2_fast_nozero e2e rep=9 ms=192.500830 L1=98.865986 act_convert=1.025915 L2=92.608929
TIME graph=regular-n262144-q256 method=shared_b2_accurate_nozero e2e rep=9 ms=239.924908 L1=120.321035 act_convert=1.039028 L2=118.564844
TIME graph=regular-n262144-q256 method=shared_b4_fast_nozero e2e rep=9 ms=128.050089 L1=63.832998 act_convert=1.048088 L2=63.169003
TIME graph=regular-n262144-q256 method=shared_b4_accurate_nozero e2e rep=9 ms=155.323982 L1=79.221964 act_convert=1.066923 L2=75.035095
TIME graph=regular-n262144-q256 method=shared_b8_fast_nozero e2e rep=9 ms=98.616838 L1=49.185991 act_convert=1.055002 L2=48.375845
TIME graph=regular-n262144-q256 method=shared_b8_accurate_nozero e2e rep=9 ms=112.270117 L1=56.952000 act_convert=1.060009 L2=54.258108
COMPLETE graph=regular-n262144-q256 status=PASS max_rss_kib=2916212
