GRAPH_VALUES name=hollywood-2009 checked=113891327 nonunit=0 implicit_ones=0
CORRECT graph=hollywood-2009 method=mkl_bf16_inputs boundary=kernel_sample reference=fp64_bf16_inputs rel_l2=2.09712544e-07 max_abs=0.000505544245 max_norm=3.48533513e-07 pass=1
CONFIG graph=hollywood-2009 N=1139905 E=113891327 threads=32 R=64 D=128 F=128 repeats=10 warmups=1
CORRECT graph=hollywood-2009 method=mkl_fp32 boundary=kernel_full reference=mkl_bf16_inputs rel_l2=0.00525679435 max_abs=7.61242676 max_norm=0.00524817556 pass=1
CORRECT graph=hollywood-2009 method=mkl_fp32 boundary=kernel_full reference=mkl_fp32 rel_l2=0 max_abs=0 max_norm=0 pass=1
CORRECT graph=hollywood-2009 method=mkl_fp32 boundary=kernel_sample reference=fp64_bf16_inputs rel_l2=0.00482122053 max_abs=7.61291084 max_norm=0.00524851105 pass=1
CORRECT graph=hollywood-2009 method=mkl_bf16_inputs boundary=kernel_full reference=mkl_bf16_inputs rel_l2=0 max_abs=0 max_norm=0 pass=1
CORRECT graph=hollywood-2009 method=mkl_bf16_inputs boundary=kernel_full reference=mkl_fp32 rel_l2=0.00523180306 max_abs=7.61242676 max_norm=0.00522077601 pass=1
CORRECT graph=hollywood-2009 method=mkl_bf16_inputs boundary=kernel_sample reference=fp64_bf16_inputs rel_l2=2.09712544e-07 max_abs=0.000505544245 max_norm=3.48533513e-07 pass=1
CORRECT graph=hollywood-2009 method=original boundary=kernel_full reference=mkl_bf16_inputs rel_l2=1.06176422e-06 max_abs=0.009765625 max_norm=6.7326381e-06 pass=1
CORRECT graph=hollywood-2009 method=original boundary=kernel_full reference=mkl_fp32 rel_l2=0.00523179341 max_abs=7.6126709 max_norm=0.00522094345 pass=1
CORRECT graph=hollywood-2009 method=original boundary=kernel_sample reference=fp64_bf16_inputs rel_l2=2.87349065e-06 max_abs=0.00958720222 max_norm=6.6096317e-06 pass=1
CORRECT graph=hollywood-2009 method=original_nozero boundary=kernel_full reference=mkl_bf16_inputs rel_l2=1.06176422e-06 max_abs=0.009765625 max_norm=6.7326381e-06 pass=1
CORRECT graph=hollywood-2009 method=original_nozero boundary=kernel_full reference=mkl_fp32 rel_l2=0.00523179341 max_abs=7.6126709 max_norm=0.00522094345 pass=1
CORRECT graph=hollywood-2009 method=original_nozero boundary=kernel_sample reference=fp64_bf16_inputs rel_l2=2.87349065e-06 max_abs=0.00958720222 max_norm=6.6096317e-06 pass=1
CORRECT graph=hollywood-2009 method=original_nozero boundary=nozero_identity reference=unchanged_original rel_l2=0 max_abs=0 max_norm=0 pass=1
CORRECT graph=hollywood-2009 method=shared_b2_fast_nozero boundary=kernel_full reference=mkl_bf16_inputs rel_l2=0.00235607646 max_abs=3.27600098 max_norm=0.00225854761 pass=1
CORRECT graph=hollywood-2009 method=shared_b2_fast_nozero boundary=kernel_full reference=mkl_fp32 rel_l2=0.00701811253 max_abs=10.3778076 max_norm=0.00711733732 pass=1
CORRECT graph=hollywood-2009 method=shared_b2_fast_nozero boundary=kernel_sample reference=fp64_bf16_inputs rel_l2=0.00213599764 max_abs=3.27604118 max_norm=0.00225857608 pass=1
CORRECT graph=hollywood-2009 method=shared_b2_accurate_nozero boundary=kernel_full reference=mkl_bf16_inputs rel_l2=1.0551977e-06 max_abs=0.00939941406 max_norm=6.48016418e-06 pass=1
CORRECT graph=hollywood-2009 method=shared_b2_accurate_nozero boundary=kernel_full reference=mkl_fp32 rel_l2=0.00523180644 max_abs=7.61523438 max_norm=0.00522270154 pass=1
CORRECT graph=hollywood-2009 method=shared_b2_accurate_nozero boundary=kernel_sample reference=fp64_bf16_inputs rel_l2=2.90278853e-06 max_abs=0.0091884248 max_norm=6.33470562e-06 pass=1
CORRECT graph=hollywood-2009 method=shared_b4_fast_nozero boundary=kernel_full reference=mkl_bf16_inputs rel_l2=0.00296508779 max_abs=4.6081543 max_norm=0.00317696361 pass=1
CORRECT graph=hollywood-2009 method=shared_b4_fast_nozero boundary=kernel_full reference=mkl_fp32 rel_l2=0.00766513706 max_abs=12.2205811 max_norm=0.0083811534 pass=1
CORRECT graph=hollywood-2009 method=shared_b4_fast_nozero boundary=kernel_sample reference=fp64_bf16_inputs rel_l2=0.00285499897 max_abs=4.60767022 max_norm=0.00317663093 pass=1
CORRECT graph=hollywood-2009 method=shared_b4_accurate_nozero boundary=kernel_full reference=mkl_bf16_inputs rel_l2=7.68488914e-07 max_abs=0.00494384766 max_norm=3.40839804e-06 pass=1
CORRECT graph=hollywood-2009 method=shared_b4_accurate_nozero boundary=kernel_full reference=mkl_fp32 rel_l2=0.00523180377 max_abs=7.61230469 max_norm=0.00522069229 pass=1
CORRECT graph=hollywood-2009 method=shared_b4_accurate_nozero boundary=kernel_sample reference=fp64_bf16_inputs rel_l2=2.01640714e-06 max_abs=0.00484704226 max_norm=3.34165937e-06 pass=1
CORRECT graph=hollywood-2009 method=shared_b8_fast_nozero boundary=kernel_full reference=mkl_bf16_inputs rel_l2=0.0031459533 max_abs=4.41967773 max_norm=0.00304702369 pass=1
CORRECT graph=hollywood-2009 method=shared_b8_fast_nozero boundary=kernel_full reference=mkl_fp32 rel_l2=0.00788211896 max_abs=10.6708984 max_norm=0.00731834569 pass=1
CORRECT graph=hollywood-2009 method=shared_b8_fast_nozero boundary=kernel_sample reference=fp64_bf16_inputs rel_l2=0.0030122719 max_abs=4.41922529 max_norm=0.00304671278 pass=1
CORRECT graph=hollywood-2009 method=shared_b8_accurate_nozero boundary=kernel_full reference=mkl_bf16_inputs rel_l2=8.05752944e-07 max_abs=0.00360107422 max_norm=2.4826603e-06 pass=1
CORRECT graph=hollywood-2009 method=shared_b8_accurate_nozero boundary=kernel_full reference=mkl_fp32 rel_l2=0.00523182295 max_abs=7.61108398 max_norm=0.00521985511 pass=1
CORRECT graph=hollywood-2009 method=shared_b8_accurate_nozero boundary=kernel_sample reference=fp64_bf16_inputs rel_l2=1.49671304e-06 max_abs=0.0034294799 max_norm=2.36436017e-06 pass=1
CORRECT graph=hollywood-2009 method=shared_b16_fast_nozero boundary=kernel_full reference=mkl_bf16_inputs rel_l2=0.00324739787 max_abs=4.91589355 max_norm=0.00338912586 pass=1
CORRECT graph=hollywood-2009 method=shared_b16_fast_nozero boundary=kernel_full reference=mkl_fp32 rel_l2=0.00799321914 max_abs=11.3648682 max_norm=0.00779428597 pass=1
CORRECT graph=hollywood-2009 method=shared_b16_fast_nozero boundary=kernel_sample reference=fp64_bf16_inputs rel_l2=0.00316254891 max_abs=4.91590554 max_norm=0.00338913526 pass=1
CORRECT graph=hollywood-2009 method=shared_b16_accurate_nozero boundary=kernel_full reference=mkl_bf16_inputs rel_l2=1.88269564e-06 max_abs=0.00341796875 max_norm=2.35642334e-06 pass=1
CORRECT graph=hollywood-2009 method=shared_b16_accurate_nozero boundary=kernel_full reference=mkl_fp32 rel_l2=0.00523205464 max_abs=7.6126709 max_norm=0.00522094345 pass=1
CORRECT graph=hollywood-2009 method=shared_b16_accurate_nozero boundary=kernel_sample reference=fp64_bf16_inputs rel_l2=1.95701118e-06 max_abs=0.003509745 max_norm=2.41969672e-06 pass=1
CORRECT graph=hollywood-2009 method=shared_b32_fast_nozero boundary=kernel_full reference=mkl_bf16_inputs rel_l2=0.00326676758 max_abs=4.51123047 max_norm=0.00311014217 pass=1
CORRECT graph=hollywood-2009 method=shared_b32_fast_nozero boundary=kernel_full reference=mkl_fp32 rel_l2=0.00801620733 max_abs=11.0335693 max_norm=0.00756707367 pass=1
CORRECT graph=hollywood-2009 method=shared_b32_fast_nozero boundary=kernel_sample reference=fp64_bf16_inputs rel_l2=0.00312582754 max_abs=4.51155046 max_norm=0.00311036382 pass=1
CORRECT graph=hollywood-2009 method=shared_b32_accurate_nozero boundary=kernel_full reference=mkl_bf16_inputs rel_l2=3.53157793e-06 max_abs=0.00479125977 max_norm=3.30320057e-06 pass=1
CORRECT graph=hollywood-2009 method=shared_b32_accurate_nozero boundary=kernel_full reference=mkl_fp32 rel_l2=0.00523274563 max_abs=7.61303711 max_norm=0.0052211946 pass=1
CORRECT graph=hollywood-2009 method=shared_b32_accurate_nozero boundary=kernel_sample reference=fp64_bf16_inputs rel_l2=3.44669616e-06 max_abs=0.00476146489 max_norm=3.28266042e-06 pass=1
CORRECT graph=hollywood-2009 method=shared_b64_fast_nozero boundary=kernel_full reference=mkl_bf16_inputs rel_l2=0.00328601714 max_abs=5.77661133 max_norm=0.00398252375 pass=1
CORRECT graph=hollywood-2009 method=shared_b64_fast_nozero boundary=kernel_full reference=mkl_fp32 rel_l2=0.00803701489 max_abs=11.0286865 max_norm=0.00756372493 pass=1
CORRECT graph=hollywood-2009 method=shared_b64_fast_nozero boundary=kernel_sample reference=fp64_bf16_inputs rel_l2=0.00318187901 max_abs=5.77648978 max_norm=0.00398244129 pass=1
CORRECT graph=hollywood-2009 method=shared_b64_accurate_nozero boundary=kernel_full reference=mkl_bf16_inputs rel_l2=5.32809182e-06 max_abs=0.0078125 max_norm=5.38611048e-06 pass=1
CORRECT graph=hollywood-2009 method=shared_b64_accurate_nozero boundary=kernel_full reference=mkl_fp32 rel_l2=0.00523392976 max_abs=7.61535645 max_norm=0.00522278526 pass=1
CORRECT graph=hollywood-2009 method=shared_b64_accurate_nozero boundary=kernel_sample reference=fp64_bf16_inputs rel_l2=5.15221909e-06 max_abs=0.00759160519 max_norm=5.23382245e-06 pass=1
CORRECT graph=hollywood-2009 method=shared_bfull_fast_nozero boundary=kernel_full reference=mkl_bf16_inputs rel_l2=0.00331175137 max_abs=4.57702637 max_norm=0.00315550332 pass=1
CORRECT graph=hollywood-2009 method=shared_bfull_fast_nozero boundary=kernel_full reference=mkl_fp32 rel_l2=0.00804825243 max_abs=10.6719971 max_norm=0.00731909916 pass=1
CORRECT graph=hollywood-2009 method=shared_bfull_fast_nozero boundary=kernel_sample reference=fp64_bf16_inputs rel_l2=0.00329602411 max_abs=4.4652399 max_norm=0.00307843628 pass=1
CORRECT graph=hollywood-2009 method=shared_bfull_accurate_nozero boundary=kernel_full reference=mkl_bf16_inputs rel_l2=7.90653659e-06 max_abs=0.0157470703 max_norm=1.08563789e-05 pass=1
CORRECT graph=hollywood-2009 method=shared_bfull_accurate_nozero boundary=kernel_full reference=mkl_fp32 rel_l2=0.00523618259 max_abs=7.6159668 max_norm=0.00522320385 pass=1
CORRECT graph=hollywood-2009 method=shared_bfull_accurate_nozero boundary=kernel_sample reference=fp64_bf16_inputs rel_l2=9.78023598e-06 max_abs=0.0137944669 max_norm=9.51021406e-06 pass=1
TIME graph=hollywood-2009 method=mkl_bf16_inputs kernel rep=0 ms=107.239008
TIME graph=hollywood-2009 method=original kernel rep=0 ms=171.810150
TIME graph=hollywood-2009 method=original_nozero kernel rep=0 ms=129.662991
TIME graph=hollywood-2009 method=shared_b2_fast_nozero kernel rep=0 ms=185.954094
TIME graph=hollywood-2009 method=shared_b2_accurate_nozero kernel rep=0 ms=214.459896
TIME graph=hollywood-2009 method=shared_b4_fast_nozero kernel rep=0 ms=121.047020
TIME graph=hollywood-2009 method=shared_b4_accurate_nozero kernel rep=0 ms=145.194054
TIME graph=hollywood-2009 method=shared_b8_fast_nozero kernel rep=0 ms=104.246855
TIME graph=hollywood-2009 method=shared_b8_accurate_nozero kernel rep=0 ms=112.555027
TIME graph=hollywood-2009 method=shared_b16_fast_nozero kernel rep=0 ms=90.515137
TIME graph=hollywood-2009 method=shared_b16_accurate_nozero kernel rep=0 ms=99.622965
TIME graph=hollywood-2009 method=shared_b32_fast_nozero kernel rep=0 ms=88.621855
TIME graph=hollywood-2009 method=shared_b32_accurate_nozero kernel rep=0 ms=89.380026
TIME graph=hollywood-2009 method=shared_b64_fast_nozero kernel rep=0 ms=87.321043
TIME graph=hollywood-2009 method=shared_b64_accurate_nozero kernel rep=0 ms=90.145111
TIME graph=hollywood-2009 method=shared_bfull_fast_nozero kernel rep=0 ms=89.611053
TIME graph=hollywood-2009 method=shared_bfull_accurate_nozero kernel rep=0 ms=90.044975
TIME graph=hollywood-2009 method=mkl_fp32 kernel rep=0 ms=111.057997
TIME graph=hollywood-2009 method=original kernel rep=1 ms=177.500963
TIME graph=hollywood-2009 method=original_nozero kernel rep=1 ms=127.882957
TIME graph=hollywood-2009 method=shared_b2_fast_nozero kernel rep=1 ms=177.239895
TIME graph=hollywood-2009 method=shared_b2_accurate_nozero kernel rep=1 ms=217.956066
TIME graph=hollywood-2009 method=shared_b4_fast_nozero kernel rep=1 ms=127.034903
TIME graph=hollywood-2009 method=shared_b4_accurate_nozero kernel rep=1 ms=148.275137
TIME graph=hollywood-2009 method=shared_b8_fast_nozero kernel rep=1 ms=101.811171
TIME graph=hollywood-2009 method=shared_b8_accurate_nozero kernel rep=1 ms=111.000061
TIME graph=hollywood-2009 method=shared_b16_fast_nozero kernel rep=1 ms=91.375113
TIME graph=hollywood-2009 method=shared_b16_accurate_nozero kernel rep=1 ms=96.385002
TIME graph=hollywood-2009 method=shared_b32_fast_nozero kernel rep=1 ms=88.407993
TIME graph=hollywood-2009 method=shared_b32_accurate_nozero kernel rep=1 ms=89.783907
TIME graph=hollywood-2009 method=shared_b64_fast_nozero kernel rep=1 ms=90.306044
TIME graph=hollywood-2009 method=shared_b64_accurate_nozero kernel rep=1 ms=87.747097
TIME graph=hollywood-2009 method=shared_bfull_fast_nozero kernel rep=1 ms=87.034941
TIME graph=hollywood-2009 method=shared_bfull_accurate_nozero kernel rep=1 ms=88.114977
TIME graph=hollywood-2009 method=mkl_fp32 kernel rep=1 ms=111.370087
TIME graph=hollywood-2009 method=mkl_bf16_inputs kernel rep=1 ms=106.004000
TIME graph=hollywood-2009 method=original_nozero kernel rep=2 ms=129.558086
TIME graph=hollywood-2009 method=shared_b2_fast_nozero kernel rep=2 ms=175.782204
TIME graph=hollywood-2009 method=shared_b2_accurate_nozero kernel rep=2 ms=216.271162
TIME graph=hollywood-2009 method=shared_b4_fast_nozero kernel rep=2 ms=122.246981
TIME graph=hollywood-2009 method=shared_b4_accurate_nozero kernel rep=2 ms=151.859045
TIME graph=hollywood-2009 method=shared_b8_fast_nozero kernel rep=2 ms=99.822998
TIME graph=hollywood-2009 method=shared_b8_accurate_nozero kernel rep=2 ms=114.091873
TIME graph=hollywood-2009 method=shared_b16_fast_nozero kernel rep=2 ms=91.540098
TIME graph=hollywood-2009 method=shared_b16_accurate_nozero kernel rep=2 ms=96.184969
TIME graph=hollywood-2009 method=shared_b32_fast_nozero kernel rep=2 ms=88.021040
TIME graph=hollywood-2009 method=shared_b32_accurate_nozero kernel rep=2 ms=89.288950
TIME graph=hollywood-2009 method=shared_b64_fast_nozero kernel rep=2 ms=90.417862
TIME graph=hollywood-2009 method=shared_b64_accurate_nozero kernel rep=2 ms=88.618994
TIME graph=hollywood-2009 method=shared_bfull_fast_nozero kernel rep=2 ms=88.196993
TIME graph=hollywood-2009 method=shared_bfull_accurate_nozero kernel rep=2 ms=89.504004
TIME graph=hollywood-2009 method=mkl_fp32 kernel rep=2 ms=111.659050
TIME graph=hollywood-2009 method=mkl_bf16_inputs kernel rep=2 ms=106.138945
TIME graph=hollywood-2009 method=original kernel rep=2 ms=174.330950
TIME graph=hollywood-2009 method=shared_b2_fast_nozero kernel rep=3 ms=172.254086
TIME graph=hollywood-2009 method=shared_b2_accurate_nozero kernel rep=3 ms=219.413042
TIME graph=hollywood-2009 method=shared_b4_fast_nozero kernel rep=3 ms=121.754885
TIME graph=hollywood-2009 method=shared_b4_accurate_nozero kernel rep=3 ms=151.005030
TIME graph=hollywood-2009 method=shared_b8_fast_nozero kernel rep=3 ms=102.051973
TIME graph=hollywood-2009 method=shared_b8_accurate_nozero kernel rep=3 ms=114.243984
TIME graph=hollywood-2009 method=shared_b16_fast_nozero kernel rep=3 ms=90.658903
TIME graph=hollywood-2009 method=shared_b16_accurate_nozero kernel rep=3 ms=95.349073
TIME graph=hollywood-2009 method=shared_b32_fast_nozero kernel rep=3 ms=87.954998
TIME graph=hollywood-2009 method=shared_b32_accurate_nozero kernel rep=3 ms=91.326952
TIME graph=hollywood-2009 method=shared_b64_fast_nozero kernel rep=3 ms=89.694977
TIME graph=hollywood-2009 method=shared_b64_accurate_nozero kernel rep=3 ms=86.563110
TIME graph=hollywood-2009 method=shared_bfull_fast_nozero kernel rep=3 ms=90.507984
TIME graph=hollywood-2009 method=shared_bfull_accurate_nozero kernel rep=3 ms=89.030027
TIME graph=hollywood-2009 method=mkl_fp32 kernel rep=3 ms=111.773014
TIME graph=hollywood-2009 method=mkl_bf16_inputs kernel rep=3 ms=105.690002
TIME graph=hollywood-2009 method=original kernel rep=3 ms=173.130989
TIME graph=hollywood-2009 method=original_nozero kernel rep=3 ms=128.340006
TIME graph=hollywood-2009 method=shared_b2_accurate_nozero kernel rep=4 ms=224.589825
TIME graph=hollywood-2009 method=shared_b4_fast_nozero kernel rep=4 ms=122.153044
TIME graph=hollywood-2009 method=shared_b4_accurate_nozero kernel rep=4 ms=148.962975
TIME graph=hollywood-2009 method=shared_b8_fast_nozero kernel rep=4 ms=101.544857
TIME graph=hollywood-2009 method=shared_b8_accurate_nozero kernel rep=4 ms=112.874985
TIME graph=hollywood-2009 method=shared_b16_fast_nozero kernel rep=4 ms=90.876102
TIME graph=hollywood-2009 method=shared_b16_accurate_nozero kernel rep=4 ms=96.869946
TIME graph=hollywood-2009 method=shared_b32_fast_nozero kernel rep=4 ms=88.174105
TIME graph=hollywood-2009 method=shared_b32_accurate_nozero kernel rep=4 ms=88.295937
TIME graph=hollywood-2009 method=shared_b64_fast_nozero kernel rep=4 ms=89.826107
TIME graph=hollywood-2009 method=shared_b64_accurate_nozero kernel rep=4 ms=90.139151
TIME graph=hollywood-2009 method=shared_bfull_fast_nozero kernel rep=4 ms=88.896990
TIME graph=hollywood-2009 method=shared_bfull_accurate_nozero kernel rep=4 ms=86.293936
TIME graph=hollywood-2009 method=mkl_fp32 kernel rep=4 ms=111.423016
TIME graph=hollywood-2009 method=mkl_bf16_inputs kernel rep=4 ms=106.433153
TIME graph=hollywood-2009 method=original kernel rep=4 ms=173.768997
TIME graph=hollywood-2009 method=original_nozero kernel rep=4 ms=131.474972
TIME graph=hollywood-2009 method=shared_b2_fast_nozero kernel rep=4 ms=180.935860
TIME graph=hollywood-2009 method=shared_b4_fast_nozero kernel rep=5 ms=128.390789
TIME graph=hollywood-2009 method=shared_b4_accurate_nozero kernel rep=5 ms=151.611090
TIME graph=hollywood-2009 method=shared_b8_fast_nozero kernel rep=5 ms=101.500988
TIME graph=hollywood-2009 method=shared_b8_accurate_nozero kernel rep=5 ms=111.481905
TIME graph=hollywood-2009 method=shared_b16_fast_nozero kernel rep=5 ms=91.716051
TIME graph=hollywood-2009 method=shared_b16_accurate_nozero kernel rep=5 ms=96.920967
TIME graph=hollywood-2009 method=shared_b32_fast_nozero kernel rep=5 ms=90.265989
TIME graph=hollywood-2009 method=shared_b32_accurate_nozero kernel rep=5 ms=89.486122
TIME graph=hollywood-2009 method=shared_b64_fast_nozero kernel rep=5 ms=89.514971
TIME graph=hollywood-2009 method=shared_b64_accurate_nozero kernel rep=5 ms=86.472988
TIME graph=hollywood-2009 method=shared_bfull_fast_nozero kernel rep=5 ms=90.900898
TIME graph=hollywood-2009 method=shared_bfull_accurate_nozero kernel rep=5 ms=87.418079
TIME graph=hollywood-2009 method=mkl_fp32 kernel rep=5 ms=111.325026
TIME graph=hollywood-2009 method=mkl_bf16_inputs kernel rep=5 ms=103.585005
TIME graph=hollywood-2009 method=original kernel rep=5 ms=174.907207
TIME graph=hollywood-2009 method=original_nozero kernel rep=5 ms=128.406048
TIME graph=hollywood-2009 method=shared_b2_fast_nozero kernel rep=5 ms=176.429987
TIME graph=hollywood-2009 method=shared_b2_accurate_nozero kernel rep=5 ms=221.961975
TIME graph=hollywood-2009 method=shared_b4_accurate_nozero kernel rep=6 ms=144.318104
TIME graph=hollywood-2009 method=shared_b8_fast_nozero kernel rep=6 ms=102.648973
TIME graph=hollywood-2009 method=shared_b8_accurate_nozero kernel rep=6 ms=115.623951
TIME graph=hollywood-2009 method=shared_b16_fast_nozero kernel rep=6 ms=90.010166
TIME graph=hollywood-2009 method=shared_b16_accurate_nozero kernel rep=6 ms=98.242998
TIME graph=hollywood-2009 method=shared_b32_fast_nozero kernel rep=6 ms=87.879896
TIME graph=hollywood-2009 method=shared_b32_accurate_nozero kernel rep=6 ms=88.334799
TIME graph=hollywood-2009 method=shared_b64_fast_nozero kernel rep=6 ms=89.464903
TIME graph=hollywood-2009 method=shared_b64_accurate_nozero kernel rep=6 ms=90.759993
TIME graph=hollywood-2009 method=shared_bfull_fast_nozero kernel rep=6 ms=86.112976
TIME graph=hollywood-2009 method=shared_bfull_accurate_nozero kernel rep=6 ms=89.099169
TIME graph=hollywood-2009 method=mkl_fp32 kernel rep=6 ms=111.466885
TIME graph=hollywood-2009 method=mkl_bf16_inputs kernel rep=6 ms=105.993986
TIME graph=hollywood-2009 method=original kernel rep=6 ms=175.132036
TIME graph=hollywood-2009 method=original_nozero kernel rep=6 ms=129.431009
TIME graph=hollywood-2009 method=shared_b2_fast_nozero kernel rep=6 ms=188.493967
TIME graph=hollywood-2009 method=shared_b2_accurate_nozero kernel rep=6 ms=217.012167
TIME graph=hollywood-2009 method=shared_b4_fast_nozero kernel rep=6 ms=125.462055
TIME graph=hollywood-2009 method=shared_b8_fast_nozero kernel rep=7 ms=101.047993
TIME graph=hollywood-2009 method=shared_b8_accurate_nozero kernel rep=7 ms=113.281012
TIME graph=hollywood-2009 method=shared_b16_fast_nozero kernel rep=7 ms=89.617014
TIME graph=hollywood-2009 method=shared_b16_accurate_nozero kernel rep=7 ms=95.866919
TIME graph=hollywood-2009 method=shared_b32_fast_nozero kernel rep=7 ms=89.718103
TIME graph=hollywood-2009 method=shared_b32_accurate_nozero kernel rep=7 ms=90.232134
TIME graph=hollywood-2009 method=shared_b64_fast_nozero kernel rep=7 ms=88.557005
TIME graph=hollywood-2009 method=shared_b64_accurate_nozero kernel rep=7 ms=87.475061
TIME graph=hollywood-2009 method=shared_bfull_fast_nozero kernel rep=7 ms=89.877129
TIME graph=hollywood-2009 method=shared_bfull_accurate_nozero kernel rep=7 ms=88.526011
TIME graph=hollywood-2009 method=mkl_fp32 kernel rep=7 ms=111.227036
TIME graph=hollywood-2009 method=mkl_bf16_inputs kernel rep=7 ms=106.428862
TIME graph=hollywood-2009 method=original kernel rep=7 ms=172.847986
TIME graph=hollywood-2009 method=original_nozero kernel rep=7 ms=130.769014
TIME graph=hollywood-2009 method=shared_b2_fast_nozero kernel rep=7 ms=181.418896
TIME graph=hollywood-2009 method=shared_b2_accurate_nozero kernel rep=7 ms=230.266094
TIME graph=hollywood-2009 method=shared_b4_fast_nozero kernel rep=7 ms=122.630119
TIME graph=hollywood-2009 method=shared_b4_accurate_nozero kernel rep=7 ms=147.608042
TIME graph=hollywood-2009 method=shared_b8_accurate_nozero kernel rep=8 ms=111.465931
TIME graph=hollywood-2009 method=shared_b16_fast_nozero kernel rep=8 ms=93.141079
TIME graph=hollywood-2009 method=shared_b16_accurate_nozero kernel rep=8 ms=97.397089
TIME graph=hollywood-2009 method=shared_b32_fast_nozero kernel rep=8 ms=88.299990
TIME graph=hollywood-2009 method=shared_b32_accurate_nozero kernel rep=8 ms=88.657856
TIME graph=hollywood-2009 method=shared_b64_fast_nozero kernel rep=8 ms=90.538979
TIME graph=hollywood-2009 method=shared_b64_accurate_nozero kernel rep=8 ms=88.498831
TIME graph=hollywood-2009 method=shared_bfull_fast_nozero kernel rep=8 ms=90.346098
TIME graph=hollywood-2009 method=shared_bfull_accurate_nozero kernel rep=8 ms=88.874102
TIME graph=hollywood-2009 method=mkl_fp32 kernel rep=8 ms=111.369848
TIME graph=hollywood-2009 method=mkl_bf16_inputs kernel rep=8 ms=105.494976
TIME graph=hollywood-2009 method=original kernel rep=8 ms=178.348064
TIME graph=hollywood-2009 method=original_nozero kernel rep=8 ms=131.247044
TIME graph=hollywood-2009 method=shared_b2_fast_nozero kernel rep=8 ms=179.716110
TIME graph=hollywood-2009 method=shared_b2_accurate_nozero kernel rep=8 ms=217.513084
TIME graph=hollywood-2009 method=shared_b4_fast_nozero kernel rep=8 ms=123.554945
TIME graph=hollywood-2009 method=shared_b4_accurate_nozero kernel rep=8 ms=144.793034
TIME graph=hollywood-2009 method=shared_b8_fast_nozero kernel rep=8 ms=101.132154
TIME graph=hollywood-2009 method=shared_b16_fast_nozero kernel rep=9 ms=91.795921
TIME graph=hollywood-2009 method=shared_b16_accurate_nozero kernel rep=9 ms=97.990990
TIME graph=hollywood-2009 method=shared_b32_fast_nozero kernel rep=9 ms=88.988066
TIME graph=hollywood-2009 method=shared_b32_accurate_nozero kernel rep=9 ms=89.139938
TIME graph=hollywood-2009 method=shared_b64_fast_nozero kernel rep=9 ms=89.904070
TIME graph=hollywood-2009 method=shared_b64_accurate_nozero kernel rep=9 ms=88.572979
TIME graph=hollywood-2009 method=shared_bfull_fast_nozero kernel rep=9 ms=87.030888
TIME graph=hollywood-2009 method=shared_bfull_accurate_nozero kernel rep=9 ms=87.311029
TIME graph=hollywood-2009 method=mkl_fp32 kernel rep=9 ms=112.260103
TIME graph=hollywood-2009 method=mkl_bf16_inputs kernel rep=9 ms=105.760098
TIME graph=hollywood-2009 method=original kernel rep=9 ms=173.109055
TIME graph=hollywood-2009 method=original_nozero kernel rep=9 ms=126.975060
TIME graph=hollywood-2009 method=shared_b2_fast_nozero kernel rep=9 ms=175.492048
TIME graph=hollywood-2009 method=shared_b2_accurate_nozero kernel rep=9 ms=218.765974
TIME graph=hollywood-2009 method=shared_b4_fast_nozero kernel rep=9 ms=123.334169
TIME graph=hollywood-2009 method=shared_b4_accurate_nozero kernel rep=9 ms=149.286985
TIME graph=hollywood-2009 method=shared_b8_fast_nozero kernel rep=9 ms=100.935936
TIME graph=hollywood-2009 method=shared_b8_accurate_nozero kernel rep=9 ms=114.883184
CORRECT graph=hollywood-2009 method=original boundary=instrumented_kernel reference=unchanged_original rel_l2=0 max_abs=0 max_norm=0 pass=1
CORRECT graph=hollywood-2009 method=original_nozero boundary=instrumented_kernel reference=unchanged_original rel_l2=0 max_abs=0 max_norm=0 pass=1
CORRECT graph=hollywood-2009 method=shared_b2_fast_nozero boundary=instrumented_kernel reference=mkl_bf16_inputs rel_l2=0.00235607646 max_abs=3.27600098 max_norm=0.00225854761 pass=1
CORRECT graph=hollywood-2009 method=shared_b2_accurate_nozero boundary=instrumented_kernel reference=mkl_bf16_inputs rel_l2=1.0551977e-06 max_abs=0.00939941406 max_norm=6.48016418e-06 pass=1
CORRECT graph=hollywood-2009 method=shared_b4_fast_nozero boundary=instrumented_kernel reference=mkl_bf16_inputs rel_l2=0.00296508779 max_abs=4.6081543 max_norm=0.00317696361 pass=1
CORRECT graph=hollywood-2009 method=shared_b4_accurate_nozero boundary=instrumented_kernel reference=mkl_bf16_inputs rel_l2=7.68488914e-07 max_abs=0.00494384766 max_norm=3.40839804e-06 pass=1
CORRECT graph=hollywood-2009 method=shared_b8_fast_nozero boundary=instrumented_kernel reference=mkl_bf16_inputs rel_l2=0.0031459533 max_abs=4.41967773 max_norm=0.00304702369 pass=1
CORRECT graph=hollywood-2009 method=shared_b8_accurate_nozero boundary=instrumented_kernel reference=mkl_bf16_inputs rel_l2=8.05752944e-07 max_abs=0.00360107422 max_norm=2.4826603e-06 pass=1
CORRECT graph=hollywood-2009 method=shared_b16_fast_nozero boundary=instrumented_kernel reference=mkl_bf16_inputs rel_l2=0.00324739787 max_abs=4.91589355 max_norm=0.00338912586 pass=1
CORRECT graph=hollywood-2009 method=shared_b16_accurate_nozero boundary=instrumented_kernel reference=mkl_bf16_inputs rel_l2=1.88269564e-06 max_abs=0.00341796875 max_norm=2.35642334e-06 pass=1
CORRECT graph=hollywood-2009 method=shared_b32_fast_nozero boundary=instrumented_kernel reference=mkl_bf16_inputs rel_l2=0.00326676758 max_abs=4.51123047 max_norm=0.00311014217 pass=1
CORRECT graph=hollywood-2009 method=shared_b32_accurate_nozero boundary=instrumented_kernel reference=mkl_bf16_inputs rel_l2=3.53157793e-06 max_abs=0.00479125977 max_norm=3.30320057e-06 pass=1
CORRECT graph=hollywood-2009 method=shared_b64_fast_nozero boundary=instrumented_kernel reference=mkl_bf16_inputs rel_l2=0.00328601714 max_abs=5.77661133 max_norm=0.00398252375 pass=1
CORRECT graph=hollywood-2009 method=shared_b64_accurate_nozero boundary=instrumented_kernel reference=mkl_bf16_inputs rel_l2=5.32809182e-06 max_abs=0.0078125 max_norm=5.38611048e-06 pass=1
CORRECT graph=hollywood-2009 method=shared_bfull_fast_nozero boundary=instrumented_kernel reference=mkl_bf16_inputs rel_l2=0.00331175137 max_abs=4.57702637 max_norm=0.00315550332 pass=1
CORRECT graph=hollywood-2009 method=shared_bfull_accurate_nozero boundary=instrumented_kernel reference=mkl_bf16_inputs rel_l2=7.90653659e-06 max_abs=0.0157470703 max_norm=1.08563789e-05 pass=1
CORRECT graph=hollywood-2009 method=mkl_fp32 boundary=two_layer_e2e reference=mkl_bf16_inputs rel_l2=0.00999492678 max_abs=105709 max_norm=0.0105142252 pass=1
CORRECT graph=hollywood-2009 method=mkl_fp32 boundary=two_layer_e2e reference=mkl_fp32 rel_l2=0 max_abs=0 max_norm=0 pass=1
CORRECT graph=hollywood-2009 method=mkl_bf16_inputs boundary=two_layer_e2e reference=mkl_bf16_inputs rel_l2=0 max_abs=0 max_norm=0 pass=1
CORRECT graph=hollywood-2009 method=mkl_bf16_inputs boundary=two_layer_e2e reference=mkl_fp32 rel_l2=0.00989956863 max_abs=105709 max_norm=0.0104048265 pass=1
CORRECT graph=hollywood-2009 method=original boundary=two_layer_e2e reference=mkl_bf16_inputs rel_l2=4.27273654e-06 max_abs=67.25 max_norm=6.68894458e-06 pass=1
CORRECT graph=hollywood-2009 method=original boundary=two_layer_e2e reference=mkl_fp32 rel_l2=0.0098990757 max_abs=105752 max_norm=0.0104090589 pass=1
CORRECT graph=hollywood-2009 method=original_nozero boundary=two_layer_e2e reference=mkl_bf16_inputs rel_l2=4.27273654e-06 max_abs=67.25 max_norm=6.68894458e-06 pass=1
CORRECT graph=hollywood-2009 method=original_nozero boundary=two_layer_e2e reference=mkl_fp32 rel_l2=0.0098990757 max_abs=105752 max_norm=0.0104090589 pass=1
CORRECT graph=hollywood-2009 method=shared_b2_fast_nozero boundary=two_layer_e2e reference=mkl_bf16_inputs rel_l2=0.00344954349 max_abs=31310 max_norm=0.00311421346 pass=1
CORRECT graph=hollywood-2009 method=shared_b2_fast_nozero boundary=two_layer_e2e reference=mkl_fp32 rel_l2=0.0131206896 max_abs=137019 max_norm=0.0134866371 pass=1
CORRECT graph=hollywood-2009 method=shared_b2_accurate_nozero boundary=two_layer_e2e reference=mkl_bf16_inputs rel_l2=3.73056836e-06 max_abs=102 max_norm=1.01453137e-05 pass=1
CORRECT graph=hollywood-2009 method=shared_b2_accurate_nozero boundary=two_layer_e2e reference=mkl_fp32 rel_l2=0.00989961992 max_abs=105811 max_norm=0.0104148662 pass=1
CORRECT graph=hollywood-2009 method=shared_b4_fast_nozero boundary=two_layer_e2e reference=mkl_bf16_inputs rel_l2=0.00481436131 max_abs=46652 max_norm=0.00464018799 pass=1
CORRECT graph=hollywood-2009 method=shared_b4_fast_nozero boundary=two_layer_e2e reference=mkl_fp32 rel_l2=0.0145032756 max_abs=152361 max_norm=0.0149967341 pass=1
CORRECT graph=hollywood-2009 method=shared_b4_accurate_nozero boundary=two_layer_e2e reference=mkl_bf16_inputs rel_l2=2.8135904e-06 max_abs=31 max_norm=3.08337966e-06 pass=1
CORRECT graph=hollywood-2009 method=shared_b4_accurate_nozero boundary=two_layer_e2e reference=mkl_fp32 rel_l2=0.00989981565 max_abs=105720 max_norm=0.0104059092 pass=1
CORRECT graph=hollywood-2009 method=shared_b8_fast_nozero boundary=two_layer_e2e reference=mkl_bf16_inputs rel_l2=0.00529707589 max_abs=53697 max_norm=0.00534091089 pass=1
CORRECT graph=hollywood-2009 method=shared_b8_fast_nozero boundary=two_layer_e2e reference=mkl_fp32 rel_l2=0.0149984229 max_abs=159406 max_norm=0.0156901661 pass=1
CORRECT graph=hollywood-2009 method=shared_b8_accurate_nozero boundary=two_layer_e2e reference=mkl_bf16_inputs rel_l2=2.71590197e-06 max_abs=37 max_norm=3.68016282e-06 pass=1
CORRECT graph=hollywood-2009 method=shared_b8_accurate_nozero boundary=two_layer_e2e reference=mkl_fp32 rel_l2=0.00989974831 max_abs=105706 max_norm=0.0104045312 pass=1
CORRECT graph=hollywood-2009 method=shared_b16_fast_nozero boundary=two_layer_e2e reference=mkl_bf16_inputs rel_l2=0.00561921325 max_abs=56969 max_norm=0.00566635664 pass=1
CORRECT graph=hollywood-2009 method=shared_b16_fast_nozero boundary=two_layer_e2e reference=mkl_fp32 rel_l2=0.0153137013 max_abs=162678 max_norm=0.0160122257 pass=1
CORRECT graph=hollywood-2009 method=shared_b16_accurate_nozero boundary=two_layer_e2e reference=mkl_bf16_inputs rel_l2=4.23034722e-06 max_abs=31.796875 max_norm=3.16263992e-06 pass=1
CORRECT graph=hollywood-2009 method=shared_b16_accurate_nozero boundary=two_layer_e2e reference=mkl_fp32 rel_l2=0.00990043839 max_abs=105716 max_norm=0.0104055155 pass=1
CORRECT graph=hollywood-2009 method=shared_b32_fast_nozero boundary=two_layer_e2e reference=mkl_bf16_inputs rel_l2=0.0056702902 max_abs=58082 max_norm=0.00577705991 pass=1
CORRECT graph=hollywood-2009 method=shared_b32_fast_nozero boundary=two_layer_e2e reference=mkl_fp32 rel_l2=0.0153605885 max_abs=163791 max_norm=0.0161217771 pass=1
CORRECT graph=hollywood-2009 method=shared_b32_accurate_nozero boundary=two_layer_e2e reference=mkl_bf16_inputs rel_l2=6.01652662e-06 max_abs=49 max_norm=4.87372914e-06 pass=1
CORRECT graph=hollywood-2009 method=shared_b32_accurate_nozero boundary=two_layer_e2e reference=mkl_fp32 rel_l2=0.0099016878 max_abs=105758 max_norm=0.0104096495 pass=1
CORRECT graph=hollywood-2009 method=shared_b64_fast_nozero boundary=two_layer_e2e reference=mkl_bf16_inputs rel_l2=0.00571438677 max_abs=55969 max_norm=0.00556689278 pass=1
CORRECT graph=hollywood-2009 method=shared_b64_fast_nozero boundary=two_layer_e2e reference=mkl_fp32 rel_l2=0.0153999791 max_abs=161678 max_norm=0.0159137967 pass=1
CORRECT graph=hollywood-2009 method=shared_b64_accurate_nozero boundary=two_layer_e2e reference=mkl_bf16_inputs rel_l2=9.26817897e-06 max_abs=73 max_norm=7.26086178e-06 pass=1
CORRECT graph=hollywood-2009 method=shared_b64_accurate_nozero boundary=two_layer_e2e reference=mkl_fp32 rel_l2=0.0099044567 max_abs=105782 max_norm=0.0104120118 pass=1
CORRECT graph=hollywood-2009 method=shared_bfull_fast_nozero boundary=two_layer_e2e reference=mkl_bf16_inputs rel_l2=0.00597555693 max_abs=55400 max_norm=0.00551029784 pass=1
CORRECT graph=hollywood-2009 method=shared_bfull_fast_nozero boundary=two_layer_e2e reference=mkl_fp32 rel_l2=0.0154944545 max_abs=161022 max_norm=0.0158492273 pass=1
CORRECT graph=hollywood-2009 method=shared_bfull_accurate_nozero boundary=two_layer_e2e reference=mkl_bf16_inputs rel_l2=1.73318605e-05 max_abs=168.5 max_norm=1.67596604e-05 pass=1
CORRECT graph=hollywood-2009 method=shared_bfull_accurate_nozero boundary=two_layer_e2e reference=mkl_fp32 rel_l2=0.00991173918 max_abs=105829 max_norm=0.010416638 pass=1
TIME graph=hollywood-2009 method=mkl_bf16_inputs e2e rep=0 ms=221.590042 L1=106.832981 act_convert=6.191015 L2=108.566046
TIME graph=hollywood-2009 method=original e2e rep=0 ms=351.975918 L1=176.609993 act_convert=4.118919 L2=171.247005
TIME graph=hollywood-2009 method=original_nozero e2e rep=0 ms=273.949146 L1=133.973122 act_convert=4.508972 L2=135.467052
TIME graph=hollywood-2009 method=shared_b2_fast_nozero e2e rep=0 ms=356.765985 L1=181.167126 act_convert=4.132986 L2=171.465874
TIME graph=hollywood-2009 method=shared_b2_accurate_nozero e2e rep=0 ms=454.484940 L1=226.773024 act_convert=4.101038 L2=223.610878
TIME graph=hollywood-2009 method=shared_b4_fast_nozero e2e rep=0 ms=251.466990 L1=123.153210 act_convert=4.123926 L2=124.189854
TIME graph=hollywood-2009 method=shared_b4_accurate_nozero e2e rep=0 ms=299.100876 L1=147.913933 act_convert=4.123926 L2=147.063017
TIME graph=hollywood-2009 method=shared_b8_fast_nozero e2e rep=0 ms=207.283974 L1=99.879980 act_convert=4.204988 L2=103.199005
TIME graph=hollywood-2009 method=shared_b8_accurate_nozero e2e rep=0 ms=233.070135 L1=114.448071 act_convert=4.124880 L2=114.497185
TIME graph=hollywood-2009 method=shared_b16_fast_nozero e2e rep=0 ms=187.960863 L1=90.481997 act_convert=4.199982 L2=93.278885
TIME graph=hollywood-2009 method=shared_b16_accurate_nozero e2e rep=0 ms=201.174021 L1=100.156069 act_convert=4.544973 L2=96.472979
TIME graph=hollywood-2009 method=shared_b32_fast_nozero e2e rep=0 ms=182.681084 L1=89.174986 act_convert=4.179955 L2=89.326143
TIME graph=hollywood-2009 method=shared_b32_accurate_nozero e2e rep=0 ms=187.083960 L1=90.353012 act_convert=4.115820 L2=92.615128
TIME graph=hollywood-2009 method=shared_b64_fast_nozero e2e rep=0 ms=180.866957 L1=88.342905 act_convert=4.236221 L2=88.287830
TIME graph=hollywood-2009 method=shared_b64_accurate_nozero e2e rep=0 ms=182.882071 L1=87.851048 act_convert=4.203081 L2=90.827942
TIME graph=hollywood-2009 method=shared_bfull_fast_nozero e2e rep=0 ms=178.370953 L1=87.420940 act_convert=4.216909 L2=86.733103
TIME graph=hollywood-2009 method=shared_bfull_accurate_nozero e2e rep=0 ms=180.891991 L1=88.898897 act_convert=4.184008 L2=87.809086
TIME graph=hollywood-2009 method=mkl_fp32 e2e rep=0 ms=220.067978 L1=111.580849 act_convert=1.866102 L2=106.621027
TIME graph=hollywood-2009 method=original e2e rep=1 ms=349.455118 L1=174.632072 act_convert=4.106045 L2=170.717001
TIME graph=hollywood-2009 method=original_nozero e2e rep=1 ms=268.656969 L1=131.737947 act_convert=4.565954 L2=132.353067
TIME graph=hollywood-2009 method=shared_b2_fast_nozero e2e rep=1 ms=358.017921 L1=174.932003 act_convert=4.122972 L2=178.962946
TIME graph=hollywood-2009 method=shared_b2_accurate_nozero e2e rep=1 ms=448.684931 L1=216.516972 act_convert=4.130125 L2=228.037834
TIME graph=hollywood-2009 method=shared_b4_fast_nozero e2e rep=1 ms=253.030062 L1=124.629974 act_convert=4.106998 L2=124.293089
TIME graph=hollywood-2009 method=shared_b4_accurate_nozero e2e rep=1 ms=295.227051 L1=145.864010 act_convert=4.099846 L2=145.263195
TIME graph=hollywood-2009 method=shared_b8_fast_nozero e2e rep=1 ms=208.266020 L1=100.882053 act_convert=4.217148 L2=103.166819
TIME graph=hollywood-2009 method=shared_b8_accurate_nozero e2e rep=1 ms=230.271816 L1=112.764835 act_convert=4.105091 L2=113.401890
TIME graph=hollywood-2009 method=shared_b16_fast_nozero e2e rep=1 ms=188.174009 L1=92.074156 act_convert=4.143953 L2=91.955900
TIME graph=hollywood-2009 method=shared_b16_accurate_nozero e2e rep=1 ms=203.824043 L1=100.350142 act_convert=4.103899 L2=99.370003
TIME graph=hollywood-2009 method=shared_b32_fast_nozero e2e rep=1 ms=182.662010 L1=88.226080 act_convert=4.204988 L2=90.230942
TIME graph=hollywood-2009 method=shared_b32_accurate_nozero e2e rep=1 ms=182.532072 L1=90.309858 act_convert=4.219055 L2=88.003159
TIME graph=hollywood-2009 method=shared_b64_fast_nozero e2e rep=1 ms=187.004089 L1=91.241121 act_convert=4.215956 L2=91.547012
TIME graph=hollywood-2009 method=shared_b64_accurate_nozero e2e rep=1 ms=179.627895 L1=87.898970 act_convert=4.211903 L2=87.517023
TIME graph=hollywood-2009 method=shared_bfull_fast_nozero e2e rep=1 ms=177.586079 L1=87.217093 act_convert=4.215956 L2=86.153030
TIME graph=hollywood-2009 method=shared_bfull_accurate_nozero e2e rep=1 ms=179.703951 L1=86.773872 act_convert=4.218102 L2=88.711977
TIME graph=hollywood-2009 method=mkl_fp32 e2e rep=1 ms=220.472813 L1=111.490965 act_convert=1.806974 L2=107.174873
TIME graph=hollywood-2009 method=mkl_bf16_inputs e2e rep=1 ms=220.232010 L1=104.775906 act_convert=6.286144 L2=109.169960
TIME graph=hollywood-2009 method=original_nozero e2e rep=2 ms=267.949104 L1=127.267122 act_convert=4.344940 L2=136.337042
TIME graph=hollywood-2009 method=shared_b2_fast_nozero e2e rep=2 ms=360.861063 L1=183.463097 act_convert=4.143000 L2=173.254967
TIME graph=hollywood-2009 method=shared_b2_accurate_nozero e2e rep=2 ms=445.775032 L1=215.272903 act_convert=4.130125 L2=226.372004
TIME graph=hollywood-2009 method=shared_b4_fast_nozero e2e rep=2 ms=253.166914 L1=124.315977 act_convert=4.102945 L2=124.747992
TIME graph=hollywood-2009 method=shared_b4_accurate_nozero e2e rep=2 ms=300.894022 L1=151.564121 act_convert=4.096031 L2=145.233870
TIME graph=hollywood-2009 method=shared_b8_fast_nozero e2e rep=2 ms=209.918976 L1=103.764057 act_convert=4.220963 L2=101.933956
TIME graph=hollywood-2009 method=shared_b8_accurate_nozero e2e rep=2 ms=227.787971 L1=112.342119 act_convert=4.201889 L2=111.243963
TIME graph=hollywood-2009 method=shared_b16_fast_nozero e2e rep=2 ms=187.194109 L1=90.300083 act_convert=4.200935 L2=92.693090
TIME graph=hollywood-2009 method=shared_b16_accurate_nozero e2e rep=2 ms=198.809147 L1=97.563028 act_convert=4.133940 L2=97.112179
TIME graph=hollywood-2009 method=shared_b32_fast_nozero e2e rep=2 ms=181.365013 L1=87.528229 act_convert=4.177809 L2=89.658976
TIME graph=hollywood-2009 method=shared_b32_accurate_nozero e2e rep=2 ms=183.765888 L1=89.462042 act_convert=4.289865 L2=90.013981
TIME graph=hollywood-2009 method=shared_b64_fast_nozero e2e rep=2 ms=184.385061 L1=90.693951 act_convert=4.199982 L2=89.491129
TIME graph=hollywood-2009 method=shared_b64_accurate_nozero e2e rep=2 ms=178.833961 L1=87.672949 act_convert=4.142046 L2=87.018967
TIME graph=hollywood-2009 method=shared_bfull_fast_nozero e2e rep=2 ms=182.628155 L1=90.440035 act_convert=4.119158 L2=88.068962
TIME graph=hollywood-2009 method=shared_bfull_accurate_nozero e2e rep=2 ms=178.523064 L1=87.008953 act_convert=4.185200 L2=87.328911
TIME graph=hollywood-2009 method=mkl_fp32 e2e rep=2 ms=219.758034 L1=111.420155 act_convert=1.835823 L2=106.502056
TIME graph=hollywood-2009 method=mkl_bf16_inputs e2e rep=2 ms=219.731092 L1=104.868174 act_convert=6.314993 L2=108.547926
TIME graph=hollywood-2009 method=original e2e rep=2 ms=348.127842 L1=173.278809 act_convert=4.104137 L2=170.744896
TIME graph=hollywood-2009 method=shared_b2_fast_nozero e2e rep=3 ms=358.347893 L1=184.099913 act_convert=4.134178 L2=170.113802
TIME graph=hollywood-2009 method=shared_b2_accurate_nozero e2e rep=3 ms=445.672035 L1=220.510006 act_convert=4.127026 L2=221.035004
TIME graph=hollywood-2009 method=shared_b4_fast_nozero e2e rep=3 ms=255.952120 L1=123.826981 act_convert=4.105091 L2=128.020048
TIME graph=hollywood-2009 method=shared_b4_accurate_nozero e2e rep=3 ms=297.878027 L1=145.749092 act_convert=4.099846 L2=148.029089
TIME graph=hollywood-2009 method=shared_b8_fast_nozero e2e rep=3 ms=207.960844 L1=100.399971 act_convert=4.216909 L2=103.343964
TIME graph=hollywood-2009 method=shared_b8_accurate_nozero e2e rep=3 ms=228.657007 L1=113.499880 act_convert=4.152060 L2=111.005068
TIME graph=hollywood-2009 method=shared_b16_fast_nozero e2e rep=3 ms=188.077927 L1=91.590881 act_convert=4.161119 L2=92.325926
TIME graph=hollywood-2009 method=shared_b16_accurate_nozero e2e rep=3 ms=201.106071 L1=101.387024 act_convert=4.117012 L2=95.602036
TIME graph=hollywood-2009 method=shared_b32_fast_nozero e2e rep=3 ms=180.862904 L1=87.164879 act_convert=4.236937 L2=89.461088
TIME graph=hollywood-2009 method=shared_b32_accurate_nozero e2e rep=3 ms=188.359022 L1=90.704918 act_convert=4.237175 L2=93.416929
TIME graph=hollywood-2009 method=shared_b64_fast_nozero e2e rep=3 ms=180.919886 L1=89.088917 act_convert=4.194975 L2=87.635994
TIME graph=hollywood-2009 method=shared_b64_accurate_nozero e2e rep=3 ms=182.886839 L1=88.464022 act_convert=4.135847 L2=90.286970
TIME graph=hollywood-2009 method=shared_bfull_fast_nozero e2e rep=3 ms=180.044174 L1=87.964058 act_convert=4.213095 L2=87.867022
TIME graph=hollywood-2009 method=shared_bfull_accurate_nozero e2e rep=3 ms=180.215836 L1=89.370966 act_convert=4.154921 L2=86.689949
TIME graph=hollywood-2009 method=mkl_fp32 e2e rep=3 ms=220.279932 L1=111.738920 act_convert=1.906157 L2=106.634855
TIME graph=hollywood-2009 method=mkl_bf16_inputs e2e rep=3 ms=220.367908 L1=104.884863 act_convert=6.286144 L2=109.196901
TIME graph=hollywood-2009 method=original e2e rep=3 ms=345.494986 L1=171.020031 act_convert=4.097939 L2=170.377016
TIME graph=hollywood-2009 method=original_nozero e2e rep=3 ms=275.651932 L1=133.816004 act_convert=4.571915 L2=137.264013
TIME graph=hollywood-2009 method=shared_b2_accurate_nozero e2e rep=4 ms=458.372831 L1=231.376886 act_convert=4.123926 L2=222.872019
TIME graph=hollywood-2009 method=shared_b4_fast_nozero e2e rep=4 ms=253.799915 L1=126.327038 act_convert=4.151821 L2=123.321056
TIME graph=hollywood-2009 method=shared_b4_accurate_nozero e2e rep=4 ms=306.020975 L1=148.699045 act_convert=4.101038 L2=153.220892
TIME graph=hollywood-2009 method=shared_b8_fast_nozero e2e rep=4 ms=209.846973 L1=102.726936 act_convert=4.111052 L2=103.008986
TIME graph=hollywood-2009 method=shared_b8_accurate_nozero e2e rep=4 ms=232.449055 L1=114.006042 act_convert=4.208803 L2=114.234209
TIME graph=hollywood-2009 method=shared_b16_fast_nozero e2e rep=4 ms=189.913988 L1=91.930151 act_convert=4.119873 L2=93.863964
TIME graph=hollywood-2009 method=shared_b16_accurate_nozero e2e rep=4 ms=200.726032 L1=99.864006 act_convert=4.093170 L2=96.768856
TIME graph=hollywood-2009 method=shared_b32_fast_nozero e2e rep=4 ms=182.879925 L1=88.715792 act_convert=4.169226 L2=89.994907
TIME graph=hollywood-2009 method=shared_b32_accurate_nozero e2e rep=4 ms=184.853077 L1=90.069056 act_convert=4.222870 L2=90.561152
TIME graph=hollywood-2009 method=shared_b64_fast_nozero e2e rep=4 ms=182.456970 L1=89.898825 act_convert=4.142046 L2=88.416100
TIME graph=hollywood-2009 method=shared_b64_accurate_nozero e2e rep=4 ms=181.451082 L1=86.727142 act_convert=4.149914 L2=90.574026
TIME graph=hollywood-2009 method=shared_bfull_fast_nozero e2e rep=4 ms=181.532145 L1=88.480949 act_convert=5.983114 L2=87.068081
TIME graph=hollywood-2009 method=shared_bfull_accurate_nozero e2e rep=4 ms=181.175947 L1=86.501837 act_convert=6.005049 L2=88.669062
TIME graph=hollywood-2009 method=mkl_fp32 e2e rep=4 ms=220.144987 L1=111.819029 act_convert=1.809835 L2=106.516123
TIME graph=hollywood-2009 method=mkl_bf16_inputs e2e rep=4 ms=219.951868 L1=104.745865 act_convert=6.320953 L2=108.885050
TIME graph=hollywood-2009 method=original e2e rep=4 ms=356.173992 L1=173.016071 act_convert=5.995989 L2=177.161932
TIME graph=hollywood-2009 method=original_nozero e2e rep=4 ms=268.229008 L1=131.309986 act_convert=6.845951 L2=130.073071
TIME graph=hollywood-2009 method=shared_b2_fast_nozero e2e rep=4 ms=358.579874 L1=177.037001 act_convert=6.009817 L2=175.533056
TIME graph=hollywood-2009 method=shared_b4_fast_nozero e2e rep=5 ms=252.183914 L1=120.957851 act_convert=6.018162 L2=125.207901
TIME graph=hollywood-2009 method=shared_b4_accurate_nozero e2e rep=5 ms=308.120012 L1=154.912949 act_convert=5.989075 L2=147.217989
TIME graph=hollywood-2009 method=shared_b8_fast_nozero e2e rep=5 ms=210.045099 L1=101.127148 act_convert=6.000042 L2=102.917910
TIME graph=hollywood-2009 method=shared_b8_accurate_nozero e2e rep=5 ms=227.901936 L1=111.315012 act_convert=5.991936 L2=110.594988
TIME graph=hollywood-2009 method=shared_b16_fast_nozero e2e rep=5 ms=190.495014 L1=91.939926 act_convert=5.980968 L2=92.574120
TIME graph=hollywood-2009 method=shared_b16_accurate_nozero e2e rep=5 ms=199.552059 L1=98.102093 act_convert=5.991936 L2=95.458031
TIME graph=hollywood-2009 method=shared_b32_fast_nozero e2e rep=5 ms=186.434031 L1=89.186907 act_convert=5.995989 L2=91.251135
TIME graph=hollywood-2009 method=shared_b32_accurate_nozero e2e rep=5 ms=188.652039 L1=89.723825 act_convert=6.206036 L2=92.722178
TIME graph=hollywood-2009 method=shared_b64_fast_nozero e2e rep=5 ms=183.194160 L1=87.892056 act_convert=5.994081 L2=89.308023
TIME graph=hollywood-2009 method=shared_b64_accurate_nozero e2e rep=5 ms=181.536913 L1=87.742805 act_convert=5.992174 L2=87.801933
TIME graph=hollywood-2009 method=shared_bfull_fast_nozero e2e rep=5 ms=180.369854 L1=86.899996 act_convert=5.990028 L2=87.479830
TIME graph=hollywood-2009 method=shared_bfull_accurate_nozero e2e rep=5 ms=182.252884 L1=87.568998 act_convert=5.985022 L2=88.698864
TIME graph=hollywood-2009 method=mkl_fp32 e2e rep=5 ms=220.434904 L1=111.771107 act_convert=1.893997 L2=106.769800
TIME graph=hollywood-2009 method=mkl_bf16_inputs e2e rep=5 ms=221.244097 L1=105.921984 act_convert=6.334066 L2=108.988047
TIME graph=hollywood-2009 method=original e2e rep=5 ms=349.351883 L1=171.473026 act_convert=6.011009 L2=171.867847
TIME graph=hollywood-2009 method=original_nozero e2e rep=5 ms=268.548012 L1=129.069090 act_convert=6.860971 L2=132.617950
TIME graph=hollywood-2009 method=shared_b2_fast_nozero e2e rep=5 ms=353.736162 L1=177.447081 act_convert=6.021023 L2=170.268059
TIME graph=hollywood-2009 method=shared_b2_accurate_nozero e2e rep=5 ms=439.359188 L1=216.166019 act_convert=6.021023 L2=217.172146
TIME graph=hollywood-2009 method=shared_b4_accurate_nozero e2e rep=6 ms=300.053120 L1=146.497011 act_convert=6.002188 L2=147.553921
TIME graph=hollywood-2009 method=shared_b8_fast_nozero e2e rep=6 ms=209.433079 L1=101.056099 act_convert=6.217003 L2=102.159977
TIME graph=hollywood-2009 method=shared_b8_accurate_nozero e2e rep=6 ms=232.035875 L1=116.087914 act_convert=6.011009 L2=109.936953
TIME graph=hollywood-2009 method=shared_b16_fast_nozero e2e rep=6 ms=189.872026 L1=91.077089 act_convert=6.002903 L2=92.792034
TIME graph=hollywood-2009 method=shared_b16_accurate_nozero e2e rep=6 ms=199.311018 L1=98.252058 act_convert=5.988121 L2=95.070839
TIME graph=hollywood-2009 method=shared_b32_fast_nozero e2e rep=6 ms=183.987141 L1=87.882996 act_convert=6.201982 L2=89.902163
TIME graph=hollywood-2009 method=shared_b32_accurate_nozero e2e rep=6 ms=183.586836 L1=89.064837 act_convert=6.019115 L2=88.502884
TIME graph=hollywood-2009 method=shared_b64_fast_nozero e2e rep=6 ms=187.323093 L1=90.581894 act_convert=6.031036 L2=90.710163
TIME graph=hollywood-2009 method=shared_b64_accurate_nozero e2e rep=6 ms=181.778193 L1=87.448120 act_convert=5.987883 L2=88.342190
TIME graph=hollywood-2009 method=shared_bfull_fast_nozero e2e rep=6 ms=183.851004 L1=88.579178 act_convert=5.987883 L2=89.283943
TIME graph=hollywood-2009 method=shared_bfull_accurate_nozero e2e rep=6 ms=182.749033 L1=88.147163 act_convert=6.000996 L2=88.600874
TIME graph=hollywood-2009 method=mkl_fp32 e2e rep=6 ms=220.325947 L1=111.321926 act_convert=1.793146 L2=107.210875
TIME graph=hollywood-2009 method=mkl_bf16_inputs e2e rep=6 ms=219.702005 L1=104.727983 act_convert=6.185055 L2=108.788967
TIME graph=hollywood-2009 method=original e2e rep=6 ms=350.880861 L1=172.327042 act_convert=5.999804 L2=172.554016
TIME graph=hollywood-2009 method=original_nozero e2e rep=6 ms=269.546032 L1=132.346153 act_convert=6.849051 L2=130.350828
TIME graph=hollywood-2009 method=shared_b2_fast_nozero e2e rep=6 ms=354.292870 L1=175.458908 act_convert=6.013155 L2=172.820807
TIME graph=hollywood-2009 method=shared_b2_accurate_nozero e2e rep=6 ms=443.296194 L1=215.987206 act_convert=6.020784 L2=221.288204
TIME graph=hollywood-2009 method=shared_b4_fast_nozero e2e rep=6 ms=256.403923 L1=124.147892 act_convert=5.987167 L2=126.268864
TIME graph=hollywood-2009 method=shared_b8_fast_nozero e2e rep=7 ms=211.437941 L1=100.291967 act_convert=6.140947 L2=105.005026
TIME graph=hollywood-2009 method=shared_b8_accurate_nozero e2e rep=7 ms=232.789993 L1=114.670992 act_convert=6.019115 L2=112.099886
TIME graph=hollywood-2009 method=shared_b16_fast_nozero e2e rep=7 ms=189.216137 L1=91.581106 act_convert=6.077051 L2=91.557980
TIME graph=hollywood-2009 method=shared_b16_accurate_nozero e2e rep=7 ms=199.522018 L1=97.946167 act_convert=5.984068 L2=95.591784
TIME graph=hollywood-2009 method=shared_b32_fast_nozero e2e rep=7 ms=184.235096 L1=88.795185 act_convert=5.993843 L2=89.446068
TIME graph=hollywood-2009 method=shared_b32_accurate_nozero e2e rep=7 ms=186.969042 L1=89.911938 act_convert=5.996943 L2=91.060162
TIME graph=hollywood-2009 method=shared_b64_fast_nozero e2e rep=7 ms=185.497046 L1=89.519024 act_convert=5.977869 L2=90.000153
TIME graph=hollywood-2009 method=shared_b64_accurate_nozero e2e rep=7 ms=181.796074 L1=89.092016 act_convert=5.995035 L2=86.709023
TIME graph=hollywood-2009 method=shared_bfull_fast_nozero e2e rep=7 ms=182.928085 L1=89.344978 act_convert=5.985975 L2=87.597132
TIME graph=hollywood-2009 method=shared_bfull_accurate_nozero e2e rep=7 ms=182.503939 L1=88.070869 act_convert=5.985975 L2=88.447094
TIME graph=hollywood-2009 method=mkl_fp32 e2e rep=7 ms=219.700098 L1=111.135006 act_convert=1.811028 L2=106.754065
TIME graph=hollywood-2009 method=mkl_bf16_inputs e2e rep=7 ms=220.379114 L1=106.012106 act_convert=6.192923 L2=108.174086
TIME graph=hollywood-2009 method=original e2e rep=7 ms=349.208832 L1=174.476862 act_convert=6.001949 L2=168.730021
TIME graph=hollywood-2009 method=original_nozero e2e rep=7 ms=273.780823 L1=132.113934 act_convert=6.816864 L2=134.850025
TIME graph=hollywood-2009 method=shared_b2_fast_nozero e2e rep=7 ms=350.883007 L1=173.198938 act_convert=6.004095 L2=171.679974
TIME graph=hollywood-2009 method=shared_b2_accurate_nozero e2e rep=7 ms=453.002930 L1=228.762865 act_convert=6.001949 L2=218.238115
TIME graph=hollywood-2009 method=shared_b4_fast_nozero e2e rep=7 ms=264.490128 L1=128.895044 act_convert=6.017923 L2=129.577160
TIME graph=hollywood-2009 method=shared_b4_accurate_nozero e2e rep=7 ms=301.532030 L1=147.914886 act_convert=5.995989 L2=147.621155
TIME graph=hollywood-2009 method=shared_b8_accurate_nozero e2e rep=8 ms=232.240200 L1=114.301205 act_convert=5.991936 L2=111.947060
TIME graph=hollywood-2009 method=shared_b16_fast_nozero e2e rep=8 ms=192.490816 L1=91.492891 act_convert=5.995035 L2=95.002890
TIME graph=hollywood-2009 method=shared_b16_accurate_nozero e2e rep=8 ms=200.503111 L1=97.187996 act_convert=5.975008 L2=97.340107
TIME graph=hollywood-2009 method=shared_b32_fast_nozero e2e rep=8 ms=186.407089 L1=88.994980 act_convert=5.985022 L2=91.427088
TIME graph=hollywood-2009 method=shared_b32_accurate_nozero e2e rep=8 ms=186.218977 L1=91.073036 act_convert=6.176949 L2=88.968992
TIME graph=hollywood-2009 method=shared_b64_fast_nozero e2e rep=8 ms=185.446978 L1=90.877056 act_convert=6.102085 L2=88.467836
TIME graph=hollywood-2009 method=shared_b64_accurate_nozero e2e rep=8 ms=180.499077 L1=87.072134 act_convert=6.021023 L2=87.405920
TIME graph=hollywood-2009 method=shared_bfull_fast_nozero e2e rep=8 ms=185.398817 L1=88.419914 act_convert=5.982876 L2=90.996027
TIME graph=hollywood-2009 method=shared_bfull_accurate_nozero e2e rep=8 ms=178.338051 L1=85.691214 act_convert=6.030798 L2=86.616039
TIME graph=hollywood-2009 method=mkl_fp32 e2e rep=8 ms=220.546961 L1=112.005949 act_convert=1.824141 L2=106.716871
TIME graph=hollywood-2009 method=mkl_bf16_inputs e2e rep=8 ms=219.633818 L1=104.966879 act_convert=6.184101 L2=108.482838
TIME graph=hollywood-2009 method=original e2e rep=8 ms=349.481106 L1=173.013210 act_convert=5.981922 L2=170.485973
TIME graph=hollywood-2009 method=original_nozero e2e rep=8 ms=278.171062 L1=133.473158 act_convert=6.845951 L2=137.851954
TIME graph=hollywood-2009 method=shared_b2_fast_nozero e2e rep=8 ms=351.052999 L1=173.267126 act_convert=6.009102 L2=171.776772
TIME graph=hollywood-2009 method=shared_b2_accurate_nozero e2e rep=8 ms=446.166992 L1=222.714901 act_convert=5.981922 L2=217.470169
TIME graph=hollywood-2009 method=shared_b4_fast_nozero e2e rep=8 ms=260.347128 L1=128.691196 act_convert=6.007910 L2=125.648022
TIME graph=hollywood-2009 method=shared_b4_accurate_nozero e2e rep=8 ms=311.316013 L1=153.908014 act_convert=6.021023 L2=151.386976
TIME graph=hollywood-2009 method=shared_b8_fast_nozero e2e rep=8 ms=209.227800 L1=101.130962 act_convert=5.983829 L2=102.113008
TIME graph=hollywood-2009 method=shared_b16_fast_nozero e2e rep=9 ms=190.842152 L1=92.647076 act_convert=5.985022 L2=92.210054
TIME graph=hollywood-2009 method=shared_b16_accurate_nozero e2e rep=9 ms=197.949171 L1=97.341061 act_convert=6.025076 L2=94.583035
TIME graph=hollywood-2009 method=shared_b32_fast_nozero e2e rep=9 ms=183.713913 L1=87.750912 act_convert=5.991936 L2=89.971066
TIME graph=hollywood-2009 method=shared_b32_accurate_nozero e2e rep=9 ms=188.943148 L1=91.082096 act_convert=6.083012 L2=91.778040
TIME graph=hollywood-2009 method=shared_b64_fast_nozero e2e rep=9 ms=183.720827 L1=89.396954 act_convert=5.985022 L2=88.338852
TIME graph=hollywood-2009 method=shared_b64_accurate_nozero e2e rep=9 ms=181.505919 L1=88.223934 act_convert=5.989075 L2=87.292910
TIME graph=hollywood-2009 method=shared_bfull_fast_nozero e2e rep=9 ms=180.301905 L1=87.955952 act_convert=6.093025 L2=86.252928
TIME graph=hollywood-2009 method=shared_bfull_accurate_nozero e2e rep=9 ms=181.176186 L1=87.727070 act_convert=5.985975 L2=87.463140
TIME graph=hollywood-2009 method=mkl_fp32 e2e rep=9 ms=220.196009 L1=111.690044 act_convert=1.853943 L2=106.652021
TIME graph=hollywood-2009 method=mkl_bf16_inputs e2e rep=9 ms=220.009089 L1=104.938984 act_convert=6.194115 L2=108.875990
TIME graph=hollywood-2009 method=original e2e rep=9 ms=350.214005 L1=170.731068 act_convert=6.013870 L2=173.469067
TIME graph=hollywood-2009 method=original_nozero e2e rep=9 ms=268.739939 L1=129.950047 act_convert=6.846905 L2=131.942987
TIME graph=hollywood-2009 method=shared_b2_fast_nozero e2e rep=9 ms=361.773014 L1=177.074909 act_convert=6.014109 L2=178.683996
TIME graph=hollywood-2009 method=shared_b2_accurate_nozero e2e rep=9 ms=455.582142 L1=218.269110 act_convert=6.008863 L2=231.304169
TIME graph=hollywood-2009 method=shared_b4_fast_nozero e2e rep=9 ms=261.258841 L1=129.695892 act_convert=6.009102 L2=125.553846
TIME graph=hollywood-2009 method=shared_b4_accurate_nozero e2e rep=9 ms=296.727896 L1=146.046877 act_convert=4.110098 L2=146.570921
TIME graph=hollywood-2009 method=shared_b8_fast_nozero e2e rep=9 ms=207.617998 L1=100.564957 act_convert=4.198074 L2=102.854967
TIME graph=hollywood-2009 method=shared_b8_accurate_nozero e2e rep=9 ms=230.983973 L1=115.341902 act_convert=4.103184 L2=111.538887
COMPLETE graph=hollywood-2009 status=PASS max_rss_kib=7406080
