CORRECT graph=regular-n137-q130 method=mkl_bf16_inputs boundary=kernel_sample reference=fp64_bf16_inputs rel_l2=2.21006401e-07 max_abs=6.55241311e-05 max_norm=4.64522403e-07 pass=1
CONFIG graph=regular-n137-q130 N=137 E=17810 threads=8 R=64 D=128 F=128 repeats=1 warmups=1
CORRECT graph=regular-n137-q130 method=mkl_fp32 boundary=kernel_full reference=mkl_bf16_inputs rel_l2=0.00514079892 max_abs=0.738731384 max_norm=0.00523711342 pass=1
CORRECT graph=regular-n137-q130 method=mkl_fp32 boundary=kernel_full reference=mkl_fp32 rel_l2=0 max_abs=0 max_norm=0 pass=1
CORRECT graph=regular-n137-q130 method=mkl_fp32 boundary=kernel_sample reference=fp64_bf16_inputs rel_l2=0.00514487897 max_abs=0.738745801 max_norm=0.00523721519 pass=1
CORRECT graph=regular-n137-q130 method=mkl_bf16_inputs boundary=kernel_full reference=mkl_bf16_inputs rel_l2=0 max_abs=0 max_norm=0 pass=1
CORRECT graph=regular-n137-q130 method=mkl_bf16_inputs boundary=kernel_full reference=mkl_fp32 rel_l2=0.00511734691 max_abs=0.738731384 max_norm=0.00521985359 pass=1
CORRECT graph=regular-n137-q130 method=mkl_bf16_inputs boundary=kernel_sample reference=fp64_bf16_inputs rel_l2=2.21006401e-07 max_abs=6.55241311e-05 max_norm=4.64522403e-07 pass=1
CORRECT graph=regular-n137-q130 method=original boundary=kernel_full reference=mkl_bf16_inputs rel_l2=4.63514599e-07 max_abs=0.000133514404 max_norm=9.46528189e-07 pass=1
CORRECT graph=regular-n137-q130 method=original boundary=kernel_full reference=mkl_fp32 rel_l2=0.00511739046 max_abs=0.738761902 max_norm=0.00522006923 pass=1
CORRECT graph=regular-n137-q130 method=original boundary=kernel_sample reference=fp64_bf16_inputs rel_l2=4.0799703e-07 max_abs=0.000114943832 max_norm=8.14875135e-07 pass=1
CORRECT graph=regular-n137-q130 method=shared_bfull_fast boundary=kernel_full reference=mkl_bf16_inputs rel_l2=0.00346316698 max_abs=0.562843323 max_norm=0.00399018423 pass=1
CORRECT graph=regular-n137-q130 method=shared_bfull_fast boundary=kernel_full reference=mkl_fp32 rel_l2=0.00798367101 max_abs=1.09187317 max_norm=0.00771514275 pass=1
CORRECT graph=regular-n137-q130 method=shared_bfull_fast boundary=kernel_sample reference=fp64_bf16_inputs rel_l2=0.00345952135 max_abs=0.538979288 max_norm=0.0038210038 pass=1
CORRECT graph=regular-n137-q130 method=shared_bfull_accurate boundary=kernel_full reference=mkl_bf16_inputs rel_l2=8.38699346e-06 max_abs=0.00144195557 max_norm=1.02225044e-05 pass=1
CORRECT graph=regular-n137-q130 method=shared_bfull_accurate boundary=kernel_full reference=mkl_fp32 rel_l2=0.00512090649 max_abs=0.739234924 max_norm=0.00522341159 pass=1
CORRECT graph=regular-n137-q130 method=shared_bfull_accurate boundary=kernel_sample reference=fp64_bf16_inputs rel_l2=8.40734097e-06 max_abs=0.00143403187 max_norm=1.01663299e-05 pass=1
CORRECT graph=regular-n137-q130 method=replay_bfull_fast boundary=kernel_full reference=mkl_bf16_inputs rel_l2=0.00346316698 max_abs=0.562843323 max_norm=0.00399018423 pass=1
CORRECT graph=regular-n137-q130 method=replay_bfull_fast boundary=kernel_full reference=mkl_fp32 rel_l2=0.00798367101 max_abs=1.09187317 max_norm=0.00771514275 pass=1
CORRECT graph=regular-n137-q130 method=replay_bfull_fast boundary=kernel_sample reference=fp64_bf16_inputs rel_l2=0.00345952135 max_abs=0.538979288 max_norm=0.0038210038 pass=1
CORRECT graph=regular-n137-q130 method=original_nozero boundary=kernel_full reference=mkl_bf16_inputs rel_l2=4.63514599e-07 max_abs=0.000133514404 max_norm=9.46528189e-07 pass=1
CORRECT graph=regular-n137-q130 method=original_nozero boundary=kernel_full reference=mkl_fp32 rel_l2=0.00511739046 max_abs=0.738761902 max_norm=0.00522006923 pass=1
CORRECT graph=regular-n137-q130 method=original_nozero boundary=kernel_sample reference=fp64_bf16_inputs rel_l2=4.0799703e-07 max_abs=0.000114943832 max_norm=8.14875135e-07 pass=1
CORRECT graph=regular-n137-q130 method=original_nozero boundary=nozero_identity reference=unchanged_original rel_l2=0 max_abs=0 max_norm=0 pass=1
CORRECT graph=regular-n137-q130 method=shared_bfull_fast_nozero boundary=kernel_full reference=mkl_bf16_inputs rel_l2=0.00346316698 max_abs=0.562843323 max_norm=0.00399018423 pass=1
CORRECT graph=regular-n137-q130 method=shared_bfull_fast_nozero boundary=kernel_full reference=mkl_fp32 rel_l2=0.00798367101 max_abs=1.09187317 max_norm=0.00771514275 pass=1
CORRECT graph=regular-n137-q130 method=shared_bfull_fast_nozero boundary=kernel_sample reference=fp64_bf16_inputs rel_l2=0.00345952135 max_abs=0.538979288 max_norm=0.0038210038 pass=1
CORRECT graph=regular-n137-q130 method=shared_bfull_accurate_nozero boundary=kernel_full reference=mkl_bf16_inputs rel_l2=8.38699346e-06 max_abs=0.00144195557 max_norm=1.02225044e-05 pass=1
CORRECT graph=regular-n137-q130 method=shared_bfull_accurate_nozero boundary=kernel_full reference=mkl_fp32 rel_l2=0.00512090649 max_abs=0.739234924 max_norm=0.00522341159 pass=1
CORRECT graph=regular-n137-q130 method=shared_bfull_accurate_nozero boundary=kernel_sample reference=fp64_bf16_inputs rel_l2=8.40734097e-06 max_abs=0.00143403187 max_norm=1.01663299e-05 pass=1
CORRECT graph=regular-n137-q130 method=shared_b32_fast_nozero boundary=kernel_full reference=mkl_bf16_inputs rel_l2=0.00329683946 max_abs=0.533706665 max_norm=0.00378362474 pass=1
CORRECT graph=regular-n137-q130 method=shared_b32_fast_nozero boundary=kernel_full reference=mkl_fp32 rel_l2=0.00785998168 max_abs=1.10211182 max_norm=0.00778748872 pass=1
CORRECT graph=regular-n137-q130 method=shared_b32_fast_nozero boundary=kernel_sample reference=fp64_bf16_inputs rel_l2=0.00327658449 max_abs=0.533718448 max_norm=0.00378370796 pass=1
CORRECT graph=regular-n137-q130 method=replay_bfull_fast_nozero boundary=kernel_full reference=mkl_bf16_inputs rel_l2=0.00346316698 max_abs=0.562843323 max_norm=0.00399018423 pass=1
CORRECT graph=regular-n137-q130 method=replay_bfull_fast_nozero boundary=kernel_full reference=mkl_fp32 rel_l2=0.00798367101 max_abs=1.09187317 max_norm=0.00771514275 pass=1
CORRECT graph=regular-n137-q130 method=replay_bfull_fast_nozero boundary=kernel_sample reference=fp64_bf16_inputs rel_l2=0.00345952135 max_abs=0.538979288 max_norm=0.0038210038 pass=1
TIME graph=regular-n137-q130 method=mkl_bf16_inputs kernel rep=0 ms=0.026941
TIME graph=regular-n137-q130 method=original kernel rep=0 ms=0.186920
TIME graph=regular-n137-q130 method=shared_bfull_fast kernel rep=0 ms=0.068903
TIME graph=regular-n137-q130 method=shared_bfull_accurate kernel rep=0 ms=0.071049
TIME graph=regular-n137-q130 method=replay_bfull_fast kernel rep=0 ms=0.138998
TIME graph=regular-n137-q130 method=original_nozero kernel rep=0 ms=0.170946
TIME graph=regular-n137-q130 method=shared_bfull_fast_nozero kernel rep=0 ms=0.063896
TIME graph=regular-n137-q130 method=shared_bfull_accurate_nozero kernel rep=0 ms=0.069141
TIME graph=regular-n137-q130 method=shared_b32_fast_nozero kernel rep=0 ms=0.068188
TIME graph=regular-n137-q130 method=replay_bfull_fast_nozero kernel rep=0 ms=0.135899
TIME graph=regular-n137-q130 method=mkl_fp32 kernel rep=0 ms=0.027895
CORRECT graph=regular-n137-q130 method=original boundary=instrumented_kernel reference=unchanged_original rel_l2=0 max_abs=0 max_norm=0 pass=1
CORRECT graph=regular-n137-q130 method=shared_bfull_fast boundary=instrumented_kernel reference=mkl_bf16_inputs rel_l2=0.00346316698 max_abs=0.562843323 max_norm=0.00399018423 pass=1
CORRECT graph=regular-n137-q130 method=shared_bfull_accurate boundary=instrumented_kernel reference=mkl_bf16_inputs rel_l2=8.38699346e-06 max_abs=0.00144195557 max_norm=1.02225044e-05 pass=1
CORRECT graph=regular-n137-q130 method=replay_bfull_fast boundary=instrumented_kernel reference=mkl_bf16_inputs rel_l2=0.00346316698 max_abs=0.562843323 max_norm=0.00399018423 pass=1
CORRECT graph=regular-n137-q130 method=original_nozero boundary=instrumented_kernel reference=unchanged_original rel_l2=0 max_abs=0 max_norm=0 pass=1
CORRECT graph=regular-n137-q130 method=shared_bfull_fast_nozero boundary=instrumented_kernel reference=mkl_bf16_inputs rel_l2=0.00346316698 max_abs=0.562843323 max_norm=0.00399018423 pass=1
CORRECT graph=regular-n137-q130 method=shared_bfull_accurate_nozero boundary=instrumented_kernel reference=mkl_bf16_inputs rel_l2=8.38699346e-06 max_abs=0.00144195557 max_norm=1.02225044e-05 pass=1
CORRECT graph=regular-n137-q130 method=shared_b32_fast_nozero boundary=instrumented_kernel reference=mkl_bf16_inputs rel_l2=0.00329683946 max_abs=0.533706665 max_norm=0.00378362474 pass=1
CORRECT graph=regular-n137-q130 method=replay_bfull_fast_nozero boundary=instrumented_kernel reference=mkl_bf16_inputs rel_l2=0.00346316698 max_abs=0.562843323 max_norm=0.00399018423 pass=1
CORRECT graph=regular-n137-q130 method=mkl_fp32 boundary=two_layer_e2e reference=mkl_bf16_inputs rel_l2=0.0105213221 max_abs=615.34375 max_norm=0.00967005023 pass=1
CORRECT graph=regular-n137-q130 method=mkl_fp32 boundary=two_layer_e2e reference=mkl_fp32 rel_l2=0 max_abs=0 max_norm=0 pass=1
CORRECT graph=regular-n137-q130 method=mkl_bf16_inputs boundary=two_layer_e2e reference=mkl_bf16_inputs rel_l2=0 max_abs=0 max_norm=0 pass=1
CORRECT graph=regular-n137-q130 method=mkl_bf16_inputs boundary=two_layer_e2e reference=mkl_fp32 rel_l2=0.0104165316 max_abs=615.34375 max_norm=0.00958509455 pass=1
CORRECT graph=regular-n137-q130 method=original boundary=two_layer_e2e reference=mkl_bf16_inputs rel_l2=6.10816861e-06 max_abs=0.30078125 max_norm=4.72673981e-06 pass=1
CORRECT graph=regular-n137-q130 method=original boundary=two_layer_e2e reference=mkl_fp32 rel_l2=0.0104176143 max_abs=615.578125 max_norm=0.00958874536 pass=1
CORRECT graph=regular-n137-q130 method=shared_bfull_fast boundary=two_layer_e2e reference=mkl_bf16_inputs rel_l2=0.0059268854 max_abs=492.191406 max_norm=0.00773472652 pass=1
CORRECT graph=regular-n137-q130 method=shared_bfull_fast boundary=two_layer_e2e reference=mkl_fp32 rel_l2=0.0159461744 max_abs=1054.76172 max_norm=0.0164298261 pass=1
CORRECT graph=regular-n137-q130 method=shared_bfull_accurate boundary=two_layer_e2e reference=mkl_bf16_inputs rel_l2=1.29191839e-05 max_abs=0.900390625 max_norm=1.41495263e-05 pass=1
CORRECT graph=regular-n137-q130 method=shared_bfull_accurate boundary=two_layer_e2e reference=mkl_fp32 rel_l2=0.0104179615 max_abs=615.421875 max_norm=0.00958631149 pass=1
CORRECT graph=regular-n137-q130 method=replay_bfull_fast boundary=two_layer_e2e reference=mkl_bf16_inputs rel_l2=0.0059268854 max_abs=492.191406 max_norm=0.00773472652 pass=1
CORRECT graph=regular-n137-q130 method=replay_bfull_fast boundary=two_layer_e2e reference=mkl_fp32 rel_l2=0.0159461744 max_abs=1054.76172 max_norm=0.0164298261 pass=1
CORRECT graph=regular-n137-q130 method=original_nozero boundary=two_layer_e2e reference=mkl_bf16_inputs rel_l2=6.10816861e-06 max_abs=0.30078125 max_norm=4.72673981e-06 pass=1
CORRECT graph=regular-n137-q130 method=original_nozero boundary=two_layer_e2e reference=mkl_fp32 rel_l2=0.0104176143 max_abs=615.578125 max_norm=0.00958874536 pass=1
CORRECT graph=regular-n137-q130 method=shared_bfull_fast_nozero boundary=two_layer_e2e reference=mkl_bf16_inputs rel_l2=0.0059268854 max_abs=492.191406 max_norm=0.00773472652 pass=1
CORRECT graph=regular-n137-q130 method=shared_bfull_fast_nozero boundary=two_layer_e2e reference=mkl_fp32 rel_l2=0.0159461744 max_abs=1054.76172 max_norm=0.0164298261 pass=1
CORRECT graph=regular-n137-q130 method=shared_bfull_accurate_nozero boundary=two_layer_e2e reference=mkl_bf16_inputs rel_l2=1.29191839e-05 max_abs=0.900390625 max_norm=1.41495263e-05 pass=1
CORRECT graph=regular-n137-q130 method=shared_bfull_accurate_nozero boundary=two_layer_e2e reference=mkl_fp32 rel_l2=0.0104179615 max_abs=615.421875 max_norm=0.00958631149 pass=1
CORRECT graph=regular-n137-q130 method=shared_b32_fast_nozero boundary=two_layer_e2e reference=mkl_bf16_inputs rel_l2=0.00561689076 max_abs=390.011719 max_norm=0.00612898549 pass=1
CORRECT graph=regular-n137-q130 method=shared_b32_fast_nozero boundary=two_layer_e2e reference=mkl_fp32 rel_l2=0.0157904562 max_abs=983.011719 max_norm=0.0153121898 pass=1
CORRECT graph=regular-n137-q130 method=replay_bfull_fast_nozero boundary=two_layer_e2e reference=mkl_bf16_inputs rel_l2=0.0059268854 max_abs=492.191406 max_norm=0.00773472652 pass=1
CORRECT graph=regular-n137-q130 method=replay_bfull_fast_nozero boundary=two_layer_e2e reference=mkl_fp32 rel_l2=0.0159461744 max_abs=1054.76172 max_norm=0.0164298261 pass=1
TIME graph=regular-n137-q130 method=mkl_bf16_inputs e2e rep=0 ms=0.066042 L1=0.026941 act_convert=0.009060 L2=0.030041
TIME graph=regular-n137-q130 method=original e2e rep=0 ms=0.461102 L1=0.228167 act_convert=0.005960 L2=0.226974
TIME graph=regular-n137-q130 method=shared_bfull_fast e2e rep=0 ms=0.133991 L1=0.066996 act_convert=0.006914 L2=0.060081
TIME graph=regular-n137-q130 method=shared_bfull_accurate e2e rep=0 ms=0.133991 L1=0.068903 act_convert=0.008106 L2=0.056982
TIME graph=regular-n137-q130 method=replay_bfull_fast e2e rep=0 ms=0.215054 L1=0.107050 act_convert=0.005960 L2=0.102043
TIME graph=regular-n137-q130 method=original_nozero e2e rep=0 ms=0.347853 L1=0.168800 act_convert=0.007153 L2=0.171900
TIME graph=regular-n137-q130 method=shared_bfull_fast_nozero e2e rep=0 ms=0.124931 L1=0.063896 act_convert=0.008106 L2=0.052929
TIME graph=regular-n137-q130 method=shared_bfull_accurate_nozero e2e rep=0 ms=0.122786 L1=0.060797 act_convert=0.007153 L2=0.054836
TIME graph=regular-n137-q130 method=shared_b32_fast_nozero e2e rep=0 ms=0.137091 L1=0.063896 act_convert=0.007153 L2=0.066042
TIME graph=regular-n137-q130 method=replay_bfull_fast_nozero e2e rep=0 ms=0.197172 L1=0.093222 act_convert=0.005960 L2=0.097990
TIME graph=regular-n137-q130 method=mkl_fp32 e2e rep=0 ms=0.055075 L1=0.025988 act_convert=0.002146 L2=0.026941
COMPLETE graph=regular-n137-q130 status=PASS max_rss_kib=27880
