CORRECT graph=smoke method=mkl_bf16_inputs boundary=kernel_sample reference=fp64_bf16_inputs rel_l2=1.51780288e-07 max_abs=1.50948763e-05 max_norm=2.46415246e-07 pass=1
CONFIG graph=smoke N=37 E=538 threads=8 R=64 D=128 F=128 repeats=2 warmups=1
CORRECT graph=smoke method=mkl_fp32 boundary=kernel_full reference=mkl_bf16_inputs rel_l2=0.00567199419 max_abs=0.338569641 max_norm=0.0055269561 pass=1
CORRECT graph=smoke method=mkl_fp32 boundary=kernel_full reference=mkl_fp32 rel_l2=0 max_abs=0 max_norm=0 pass=1
CORRECT graph=smoke method=mkl_fp32 boundary=kernel_sample reference=fp64_bf16_inputs rel_l2=0.00567197323 max_abs=0.338571601 max_norm=0.00552698827 pass=1
CORRECT graph=smoke method=mkl_bf16_inputs boundary=kernel_full reference=mkl_bf16_inputs rel_l2=0 max_abs=0 max_norm=0 pass=1
CORRECT graph=smoke method=mkl_bf16_inputs boundary=kernel_full reference=mkl_fp32 rel_l2=0.00564222545 max_abs=0.338569641 max_norm=0.00549657676 pass=1
CORRECT graph=smoke method=mkl_bf16_inputs boundary=kernel_sample reference=fp64_bf16_inputs rel_l2=1.51780288e-07 max_abs=1.50948763e-05 max_norm=2.46415246e-07 pass=1
CORRECT graph=smoke method=original boundary=kernel_full reference=mkl_bf16_inputs rel_l2=2.29735094e-07 max_abs=2.28881836e-05 max_norm=3.7363653e-07 pass=1
CORRECT graph=smoke method=original boundary=kernel_full reference=mkl_fp32 rel_l2=0.00564218379 max_abs=0.338562012 max_norm=0.0054964529 pass=1
CORRECT graph=smoke method=original boundary=kernel_sample reference=fp64_bf16_inputs rel_l2=1.76642657e-07 max_abs=2.13235617e-05 max_norm=3.48094982e-07 pass=1
CORRECT graph=smoke method=shared_bfull_fast boundary=kernel_full reference=mkl_bf16_inputs rel_l2=0.00333095906 max_abs=0.20003891 max_norm=0.003265521 pass=1
CORRECT graph=smoke method=shared_bfull_fast boundary=kernel_full reference=mkl_fp32 rel_l2=0.00845348715 max_abs=0.52563858 max_norm=0.00853358499 pass=1
CORRECT graph=smoke method=shared_bfull_fast boundary=kernel_sample reference=fp64_bf16_inputs rel_l2=0.00333097346 max_abs=0.200045355 max_norm=0.00326562631 pass=1
CORRECT graph=smoke method=shared_bfull_accurate boundary=kernel_full reference=mkl_bf16_inputs rel_l2=4.00685997e-06 max_abs=0.000287055969 max_norm=4.68602482e-06 pass=1
CORRECT graph=smoke method=shared_bfull_accurate boundary=kernel_full reference=mkl_fp32 rel_l2=0.00564327591 max_abs=0.338569641 max_norm=0.00549657676 pass=1
CORRECT graph=smoke method=shared_bfull_accurate boundary=kernel_sample reference=fp64_bf16_inputs rel_l2=4.01165417e-06 max_abs=0.000286951661 max_norm=4.6843222e-06 pass=1
CORRECT graph=smoke method=replay_bfull_fast boundary=kernel_full reference=mkl_bf16_inputs rel_l2=0.00333095906 max_abs=0.20003891 max_norm=0.003265521 pass=1
CORRECT graph=smoke method=replay_bfull_fast boundary=kernel_full reference=mkl_fp32 rel_l2=0.00845348715 max_abs=0.52563858 max_norm=0.00853358499 pass=1
CORRECT graph=smoke method=replay_bfull_fast boundary=kernel_sample reference=fp64_bf16_inputs rel_l2=0.00333097346 max_abs=0.200045355 max_norm=0.00326562631 pass=1
CORRECT graph=smoke method=original_nozero boundary=kernel_full reference=mkl_bf16_inputs rel_l2=2.29735094e-07 max_abs=2.28881836e-05 max_norm=3.7363653e-07 pass=1
CORRECT graph=smoke method=original_nozero boundary=kernel_full reference=mkl_fp32 rel_l2=0.00564218379 max_abs=0.338562012 max_norm=0.0054964529 pass=1
CORRECT graph=smoke method=original_nozero boundary=kernel_sample reference=fp64_bf16_inputs rel_l2=1.76642657e-07 max_abs=2.13235617e-05 max_norm=3.48094982e-07 pass=1
CORRECT graph=smoke method=original_nozero boundary=nozero_identity reference=unchanged_original rel_l2=0 max_abs=0 max_norm=0 pass=1
CORRECT graph=smoke method=shared_bfull_fast_nozero boundary=kernel_full reference=mkl_bf16_inputs rel_l2=0.00333095906 max_abs=0.20003891 max_norm=0.003265521 pass=1
CORRECT graph=smoke method=shared_bfull_fast_nozero boundary=kernel_full reference=mkl_fp32 rel_l2=0.00845348715 max_abs=0.52563858 max_norm=0.00853358499 pass=1
CORRECT graph=smoke method=shared_bfull_fast_nozero boundary=kernel_sample reference=fp64_bf16_inputs rel_l2=0.00333097346 max_abs=0.200045355 max_norm=0.00326562631 pass=1
CORRECT graph=smoke method=shared_bfull_accurate_nozero boundary=kernel_full reference=mkl_bf16_inputs rel_l2=4.00685997e-06 max_abs=0.000287055969 max_norm=4.68602482e-06 pass=1
CORRECT graph=smoke method=shared_bfull_accurate_nozero boundary=kernel_full reference=mkl_fp32 rel_l2=0.00564327591 max_abs=0.338569641 max_norm=0.00549657676 pass=1
CORRECT graph=smoke method=shared_bfull_accurate_nozero boundary=kernel_sample reference=fp64_bf16_inputs rel_l2=4.01165417e-06 max_abs=0.000286951661 max_norm=4.6843222e-06 pass=1
CORRECT graph=smoke method=shared_b32_fast_nozero boundary=kernel_full reference=mkl_bf16_inputs rel_l2=0.0033126055 max_abs=0.209197998 max_norm=0.00341503789 pass=1
CORRECT graph=smoke method=shared_b32_fast_nozero boundary=kernel_full reference=mkl_fp32 rel_l2=0.00841704743 max_abs=0.534797668 max_norm=0.00868228004 pass=1
CORRECT graph=smoke method=shared_b32_fast_nozero boundary=kernel_sample reference=fp64_bf16_inputs rel_l2=0.00331262041 max_abs=0.209204443 max_norm=0.0034151432 pass=1
CORRECT graph=smoke method=replay_bfull_fast_nozero boundary=kernel_full reference=mkl_bf16_inputs rel_l2=0.00333095906 max_abs=0.20003891 max_norm=0.003265521 pass=1
CORRECT graph=smoke method=replay_bfull_fast_nozero boundary=kernel_full reference=mkl_fp32 rel_l2=0.00845348715 max_abs=0.52563858 max_norm=0.00853358499 pass=1
CORRECT graph=smoke method=replay_bfull_fast_nozero boundary=kernel_sample reference=fp64_bf16_inputs rel_l2=0.00333097346 max_abs=0.200045355 max_norm=0.00326562631 pass=1
TIME graph=smoke method=mkl_bf16_inputs kernel rep=0 ms=0.010014
TIME graph=smoke method=original kernel rep=0 ms=0.046015
TIME graph=smoke method=shared_bfull_fast kernel rep=0 ms=0.014067
TIME graph=smoke method=shared_bfull_accurate kernel rep=0 ms=0.021219
TIME graph=smoke method=replay_bfull_fast kernel rep=0 ms=0.021935
TIME graph=smoke method=original_nozero kernel rep=0 ms=0.037909
TIME graph=smoke method=shared_bfull_fast_nozero kernel rep=0 ms=0.014067
TIME graph=smoke method=shared_bfull_accurate_nozero kernel rep=0 ms=0.018120
TIME graph=smoke method=shared_b32_fast_nozero kernel rep=0 ms=0.018120
TIME graph=smoke method=replay_bfull_fast_nozero kernel rep=0 ms=0.018120
TIME graph=smoke method=mkl_fp32 kernel rep=0 ms=0.010014
TIME graph=smoke method=original kernel rep=1 ms=0.051975
TIME graph=smoke method=shared_bfull_fast kernel rep=1 ms=0.019073
TIME graph=smoke method=shared_bfull_accurate kernel rep=1 ms=0.017166
TIME graph=smoke method=replay_bfull_fast kernel rep=1 ms=0.029087
TIME graph=smoke method=original_nozero kernel rep=1 ms=0.036955
TIME graph=smoke method=shared_bfull_fast_nozero kernel rep=1 ms=0.015974
TIME graph=smoke method=shared_bfull_accurate_nozero kernel rep=1 ms=0.015020
TIME graph=smoke method=shared_b32_fast_nozero kernel rep=1 ms=0.017881
TIME graph=smoke method=replay_bfull_fast_nozero kernel rep=1 ms=0.017881
TIME graph=smoke method=mkl_fp32 kernel rep=1 ms=0.008821
TIME graph=smoke method=mkl_bf16_inputs kernel rep=1 ms=0.009060
CORRECT graph=smoke method=original boundary=instrumented_kernel reference=unchanged_original rel_l2=0 max_abs=0 max_norm=0 pass=1
CORRECT graph=smoke method=shared_bfull_fast boundary=instrumented_kernel reference=mkl_bf16_inputs rel_l2=0.00333095906 max_abs=0.20003891 max_norm=0.003265521 pass=1
CORRECT graph=smoke method=shared_bfull_accurate boundary=instrumented_kernel reference=mkl_bf16_inputs rel_l2=4.00685997e-06 max_abs=0.000287055969 max_norm=4.68602482e-06 pass=1
CORRECT graph=smoke method=replay_bfull_fast boundary=instrumented_kernel reference=mkl_bf16_inputs rel_l2=0.00333095906 max_abs=0.20003891 max_norm=0.003265521 pass=1
CORRECT graph=smoke method=original_nozero boundary=instrumented_kernel reference=unchanged_original rel_l2=0 max_abs=0 max_norm=0 pass=1
CORRECT graph=smoke method=shared_bfull_fast_nozero boundary=instrumented_kernel reference=mkl_bf16_inputs rel_l2=0.00333095906 max_abs=0.20003891 max_norm=0.003265521 pass=1
CORRECT graph=smoke method=shared_bfull_accurate_nozero boundary=instrumented_kernel reference=mkl_bf16_inputs rel_l2=4.00685997e-06 max_abs=0.000287055969 max_norm=4.68602482e-06 pass=1
CORRECT graph=smoke method=shared_b32_fast_nozero boundary=instrumented_kernel reference=mkl_bf16_inputs rel_l2=0.0033126055 max_abs=0.209197998 max_norm=0.00341503789 pass=1
CORRECT graph=smoke method=replay_bfull_fast_nozero boundary=instrumented_kernel reference=mkl_bf16_inputs rel_l2=0.00333095906 max_abs=0.20003891 max_norm=0.003265521 pass=1
CORRECT graph=smoke method=mkl_fp32 boundary=two_layer_e2e reference=mkl_bf16_inputs rel_l2=0.0109471572 max_abs=35.5717773 max_norm=0.0102799516 pass=1
CORRECT graph=smoke method=mkl_fp32 boundary=two_layer_e2e reference=mkl_fp32 rel_l2=0 max_abs=0 max_norm=0 pass=1
CORRECT graph=smoke method=mkl_bf16_inputs boundary=two_layer_e2e reference=mkl_bf16_inputs rel_l2=0 max_abs=0 max_norm=0 pass=1
CORRECT graph=smoke method=mkl_bf16_inputs boundary=two_layer_e2e reference=mkl_fp32 rel_l2=0.0108312981 max_abs=35.5717773 max_norm=0.0101791229 pass=1
CORRECT graph=smoke method=original boundary=two_layer_e2e reference=mkl_bf16_inputs rel_l2=2.5192273e-07 max_abs=0.00170898438 max_norm=4.93882454e-07 pass=1
CORRECT graph=smoke method=original boundary=two_layer_e2e reference=mkl_fp32 rel_l2=0.0108313035 max_abs=35.5715332 max_norm=0.010179053 pass=1
CORRECT graph=smoke method=shared_bfull_fast boundary=two_layer_e2e reference=mkl_bf16_inputs rel_l2=0.00528057402 max_abs=19.2519531 max_norm=0.0055636564 pass=1
CORRECT graph=smoke method=shared_bfull_fast boundary=two_layer_e2e reference=mkl_fp32 rel_l2=0.0157769957 max_abs=51.8601074 max_norm=0.014840147 pass=1
CORRECT graph=smoke method=shared_bfull_accurate boundary=two_layer_e2e reference=mkl_bf16_inputs rel_l2=6.18425288e-05 max_abs=0.144287109 max_norm=4.16977901e-05 pass=1
CORRECT graph=smoke method=shared_bfull_accurate boundary=two_layer_e2e reference=mkl_fp32 rel_l2=0.0108316671 max_abs=35.6689453 max_norm=0.0102069282 pass=1
CORRECT graph=smoke method=replay_bfull_fast boundary=two_layer_e2e reference=mkl_bf16_inputs rel_l2=0.00528057402 max_abs=19.2519531 max_norm=0.0055636564 pass=1
CORRECT graph=smoke method=replay_bfull_fast boundary=two_layer_e2e reference=mkl_fp32 rel_l2=0.0157769957 max_abs=51.8601074 max_norm=0.014840147 pass=1
CORRECT graph=smoke method=original_nozero boundary=two_layer_e2e reference=mkl_bf16_inputs rel_l2=2.5192273e-07 max_abs=0.00170898438 max_norm=4.93882454e-07 pass=1
CORRECT graph=smoke method=original_nozero boundary=two_layer_e2e reference=mkl_fp32 rel_l2=0.0108313035 max_abs=35.5715332 max_norm=0.010179053 pass=1
CORRECT graph=smoke method=shared_bfull_fast_nozero boundary=two_layer_e2e reference=mkl_bf16_inputs rel_l2=0.00528057402 max_abs=19.2519531 max_norm=0.0055636564 pass=1
CORRECT graph=smoke method=shared_bfull_fast_nozero boundary=two_layer_e2e reference=mkl_fp32 rel_l2=0.0157769957 max_abs=51.8601074 max_norm=0.014840147 pass=1
CORRECT graph=smoke method=shared_bfull_accurate_nozero boundary=two_layer_e2e reference=mkl_bf16_inputs rel_l2=6.18425288e-05 max_abs=0.144287109 max_norm=4.16977901e-05 pass=1
CORRECT graph=smoke method=shared_bfull_accurate_nozero boundary=two_layer_e2e reference=mkl_fp32 rel_l2=0.0108316671 max_abs=35.6689453 max_norm=0.0102069282 pass=1
CORRECT graph=smoke method=shared_b32_fast_nozero boundary=two_layer_e2e reference=mkl_bf16_inputs rel_l2=0.00542281569 max_abs=21.8569336 max_norm=0.00631647437 pass=1
CORRECT graph=smoke method=shared_b32_fast_nozero boundary=two_layer_e2e reference=mkl_fp32 rel_l2=0.0159376269 max_abs=55.2978516 max_norm=0.0158238825 pass=1
CORRECT graph=smoke method=replay_bfull_fast_nozero boundary=two_layer_e2e reference=mkl_bf16_inputs rel_l2=0.00528057402 max_abs=19.2519531 max_norm=0.0055636564 pass=1
CORRECT graph=smoke method=replay_bfull_fast_nozero boundary=two_layer_e2e reference=mkl_fp32 rel_l2=0.0157769957 max_abs=51.8601074 max_norm=0.014840147 pass=1
TIME graph=smoke method=mkl_bf16_inputs e2e rep=0 ms=0.025034 L1=0.010014 act_convert=0.002861 L2=0.012159
TIME graph=smoke method=original e2e rep=0 ms=0.062943 L1=0.030994 act_convert=0.003099 L2=0.028849
TIME graph=smoke method=shared_bfull_fast e2e rep=0 ms=0.033855 L1=0.015974 act_convert=0.002861 L2=0.015020
TIME graph=smoke method=shared_bfull_accurate e2e rep=0 ms=0.040054 L1=0.019073 act_convert=0.002861 L2=0.018120
TIME graph=smoke method=replay_bfull_fast e2e rep=0 ms=0.045776 L1=0.021935 act_convert=0.001907 L2=0.021935
TIME graph=smoke method=original_nozero e2e rep=0 ms=0.077963 L1=0.041962 act_convert=0.003099 L2=0.032902
TIME graph=smoke method=shared_bfull_fast_nozero e2e rep=0 ms=0.030994 L1=0.012875 act_convert=0.003099 L2=0.015020
TIME graph=smoke method=shared_bfull_accurate_nozero e2e rep=0 ms=0.030041 L1=0.014067 act_convert=0.003099 L2=0.012875
TIME graph=smoke method=shared_b32_fast_nozero e2e rep=0 ms=0.040054 L1=0.015020 act_convert=0.002861 L2=0.022173
TIME graph=smoke method=replay_bfull_fast_nozero e2e rep=0 ms=0.041008 L1=0.018120 act_convert=0.002861 L2=0.020027
TIME graph=smoke method=mkl_fp32 e2e rep=0 ms=0.022888 L1=0.010014 act_convert=0.001907 L2=0.010967
TIME graph=smoke method=original e2e rep=1 ms=0.069141 L1=0.030041 act_convert=0.003099 L2=0.036001
TIME graph=smoke method=shared_bfull_fast e2e rep=1 ms=0.036001 L1=0.015974 act_convert=0.003099 L2=0.016928
TIME graph=smoke method=shared_bfull_accurate e2e rep=1 ms=0.040054 L1=0.019073 act_convert=0.002861 L2=0.018120
TIME graph=smoke method=replay_bfull_fast e2e rep=1 ms=0.046968 L1=0.022173 act_convert=0.002861 L2=0.021935
TIME graph=smoke method=original_nozero e2e rep=1 ms=0.067949 L1=0.030041 act_convert=0.003099 L2=0.034809
TIME graph=smoke method=shared_bfull_fast_nozero e2e rep=1 ms=0.029087 L1=0.012875 act_convert=0.003099 L2=0.013113
TIME graph=smoke method=shared_bfull_accurate_nozero e2e rep=1 ms=0.034094 L1=0.015974 act_convert=0.003099 L2=0.015020
TIME graph=smoke method=shared_b32_fast_nozero e2e rep=1 ms=0.033855 L1=0.013828 act_convert=0.003099 L2=0.016928
TIME graph=smoke method=replay_bfull_fast_nozero e2e rep=1 ms=0.041008 L1=0.020027 act_convert=0.002861 L2=0.018120
TIME graph=smoke method=mkl_fp32 e2e rep=1 ms=0.023127 L1=0.011206 act_convert=0.001907 L2=0.010014
TIME graph=smoke method=mkl_bf16_inputs e2e rep=1 ms=0.021935 L1=0.009060 act_convert=0.002861 L2=0.010014
COMPLETE graph=smoke status=PASS max_rss_kib=31276
