GRAPH_VALUES name=com-Friendster checked=3612134270 nonunit=0 implicit_ones=0
CORRECT graph=com-Friendster method=mkl_bf16_inputs boundary=kernel_sample reference=fp64_bf16_inputs rel_l2=2.00478223e-07 max_abs=0.000332072377 max_norm=2.98002423e-07 pass=1
CONFIG graph=com-Friendster N=65608366 E=3612134270 threads=32 R=64 D=128 F=128 repeats=5 warmups=1
CORRECT graph=com-Friendster method=mkl_fp32 boundary=kernel_full reference=mkl_bf16_inputs rel_l2=0.00524443386 max_abs=5.70318604 max_norm=0.00511805132 pass=1
CORRECT graph=com-Friendster method=mkl_fp32 boundary=kernel_full reference=mkl_fp32 rel_l2=0 max_abs=0 max_norm=0 pass=1
CORRECT graph=com-Friendster method=mkl_fp32 boundary=kernel_sample reference=fp64_bf16_inputs rel_l2=0.00493655615 max_abs=5.70201083 max_norm=0.00511699606 pass=1
CORRECT graph=com-Friendster method=mkl_bf16_inputs boundary=kernel_full reference=mkl_bf16_inputs rel_l2=0 max_abs=0 max_norm=0 pass=1
CORRECT graph=com-Friendster method=mkl_bf16_inputs boundary=kernel_full reference=mkl_fp32 rel_l2=0.00521952268 max_abs=5.70318604 max_norm=0.00509199497 pass=1
CORRECT graph=com-Friendster method=mkl_bf16_inputs boundary=kernel_sample reference=fp64_bf16_inputs rel_l2=2.00478223e-07 max_abs=0.000332072377 max_norm=2.98002423e-07 pass=1
CORRECT graph=com-Friendster method=original boundary=kernel_full reference=mkl_bf16_inputs rel_l2=7.53062343e-07 max_abs=0.00512695312 max_norm=4.60093868e-06 pass=1
CORRECT graph=com-Friendster method=original boundary=kernel_full reference=mkl_fp32 rel_l2=0.00521952276 max_abs=5.70300293 max_norm=0.00509183149 pass=1
CORRECT graph=com-Friendster method=original boundary=kernel_sample reference=fp64_bf16_inputs rel_l2=2.14498393e-06 max_abs=0.00377961621 max_norm=3.39183523e-06 pass=1
CORRECT graph=com-Friendster method=original_nozero boundary=kernel_full reference=mkl_bf16_inputs rel_l2=7.53062343e-07 max_abs=0.00512695312 max_norm=4.60093868e-06 pass=1
CORRECT graph=com-Friendster method=original_nozero boundary=kernel_full reference=mkl_fp32 rel_l2=0.00521952276 max_abs=5.70300293 max_norm=0.00509183149 pass=1
CORRECT graph=com-Friendster method=original_nozero boundary=kernel_sample reference=fp64_bf16_inputs rel_l2=2.14498393e-06 max_abs=0.00377961621 max_norm=3.39183523e-06 pass=1
CORRECT graph=com-Friendster method=original_nozero boundary=nozero_identity reference=unchanged_original rel_l2=0 max_abs=0 max_norm=0 pass=1
CORRECT graph=com-Friendster method=shared_b8_fast_nozero boundary=kernel_full reference=mkl_bf16_inputs rel_l2=0.003144056 max_abs=3.4130249 max_norm=0.00306285583 pass=1
CORRECT graph=com-Friendster method=shared_b8_fast_nozero boundary=kernel_full reference=mkl_fp32 rel_l2=0.00786391716 max_abs=8.65270996 max_norm=0.00772542844 pass=1
CORRECT graph=com-Friendster method=shared_b8_fast_nozero boundary=kernel_sample reference=fp64_bf16_inputs rel_l2=0.00311630812 max_abs=2.95069913 max_norm=0.00264796337 pass=1
CORRECT graph=com-Friendster method=shared_b8_accurate_nozero boundary=kernel_full reference=mkl_bf16_inputs rel_l2=7.12990865e-07 max_abs=0.00286865234 max_norm=2.57433474e-06 pass=1
CORRECT graph=com-Friendster method=shared_b8_accurate_nozero boundary=kernel_full reference=mkl_fp32 rel_l2=0.00521954479 max_abs=5.70294189 max_norm=0.005091777 pass=1
CORRECT graph=com-Friendster method=shared_b8_accurate_nozero boundary=kernel_sample reference=fp64_bf16_inputs rel_l2=1.22793723e-06 max_abs=0.00268033147 max_norm=2.40533488e-06 pass=1
CORRECT graph=com-Friendster method=shared_b16_fast_nozero boundary=kernel_full reference=mkl_bf16_inputs rel_l2=0.00324469647 max_abs=3.64794922 max_norm=0.00327367742 pass=1
CORRECT graph=com-Friendster method=shared_b16_fast_nozero boundary=kernel_full reference=mkl_fp32 rel_l2=0.00797326681 max_abs=9.35009766 max_norm=0.00834807947 pass=1
CORRECT graph=com-Friendster method=shared_b16_fast_nozero boundary=kernel_sample reference=fp64_bf16_inputs rel_l2=0.00317832032 max_abs=3.64808682 max_norm=0.0032738005 pass=1
CORRECT graph=com-Friendster method=shared_b16_accurate_nozero boundary=kernel_full reference=mkl_bf16_inputs rel_l2=1.86239313e-06 max_abs=0.0025177002 max_norm=2.25938953e-06 pass=1
CORRECT graph=com-Friendster method=shared_b16_accurate_nozero boundary=kernel_full reference=mkl_fp32 rel_l2=0.00521976927 max_abs=5.70397949 max_norm=0.0050927034 pass=1
CORRECT graph=com-Friendster method=shared_b16_accurate_nozero boundary=kernel_sample reference=fp64_bf16_inputs rel_l2=1.91916335e-06 max_abs=0.00189670175 max_norm=1.70210399e-06 pass=1
CORRECT graph=com-Friendster method=shared_b32_fast_nozero boundary=kernel_full reference=mkl_bf16_inputs rel_l2=0.00325978458 max_abs=4.10766602 max_norm=0.00368622825 pass=1
CORRECT graph=com-Friendster method=shared_b32_fast_nozero boundary=kernel_full reference=mkl_fp32 rel_l2=0.00799231999 max_abs=9.80981445 max_norm=0.00875852998 pass=1
CORRECT graph=com-Friendster method=shared_b32_fast_nozero boundary=kernel_sample reference=fp64_bf16_inputs rel_l2=0.00323957803 max_abs=4.10780362 max_norm=0.00368635128 pass=1
CORRECT graph=com-Friendster method=shared_b32_accurate_nozero boundary=kernel_full reference=mkl_bf16_inputs rel_l2=3.51125866e-06 max_abs=0.00408935547 max_norm=3.66979633e-06 pass=1
CORRECT graph=com-Friendster method=shared_b32_accurate_nozero boundary=kernel_full reference=mkl_fp32 rel_l2=0.00522043849 max_abs=5.70428467 max_norm=0.00509297587 pass=1
CORRECT graph=com-Friendster method=shared_b32_accurate_nozero boundary=kernel_sample reference=fp64_bf16_inputs rel_l2=3.56217064e-06 max_abs=0.00323947519 max_norm=2.90711159e-06 pass=1
CORRECT graph=com-Friendster method=shared_b64_fast_nozero boundary=kernel_full reference=mkl_bf16_inputs rel_l2=0.00328235515 max_abs=3.79797363 max_norm=0.00340830965 pass=1
CORRECT graph=com-Friendster method=shared_b64_fast_nozero boundary=kernel_full reference=mkl_fp32 rel_l2=0.00801476974 max_abs=9.50012207 max_norm=0.00848202628 pass=1
CORRECT graph=com-Friendster method=shared_b64_fast_nozero boundary=kernel_sample reference=fp64_bf16_inputs rel_l2=0.00322268079 max_abs=3.79811124 max_norm=0.00340843271 pass=1
CORRECT graph=com-Friendster method=shared_b64_accurate_nozero boundary=kernel_full reference=mkl_bf16_inputs rel_l2=5.28984232e-06 max_abs=0.00598144531 max_norm=5.36776179e-06 pass=1
CORRECT graph=com-Friendster method=shared_b64_accurate_nozero boundary=kernel_full reference=mkl_fp32 rel_l2=0.00522159682 max_abs=5.70812988 max_norm=0.005096409 pass=1
CORRECT graph=com-Friendster method=shared_b64_accurate_nozero boundary=kernel_sample reference=fp64_bf16_inputs rel_l2=5.44034234e-06 max_abs=0.00611905009 max_norm=5.49124793e-06 pass=1
CORRECT graph=com-Friendster method=shared_bfull_fast_nozero boundary=kernel_full reference=mkl_bf16_inputs rel_l2=0.00329395436 max_abs=3.62664795 max_norm=0.00325456161 pass=1
CORRECT graph=com-Friendster method=shared_bfull_fast_nozero boundary=kernel_full reference=mkl_fp32 rel_l2=0.00802032639 max_abs=8.96228027 max_norm=0.00800182316 pass=1
CORRECT graph=com-Friendster method=shared_bfull_fast_nozero boundary=kernel_sample reference=fp64_bf16_inputs rel_l2=0.00331465678 max_abs=3.26026944 max_norm=0.00292577239 pass=1
CORRECT graph=com-Friendster method=shared_bfull_accurate_nozero boundary=kernel_full reference=mkl_bf16_inputs rel_l2=7.44870859e-06 max_abs=0.0112304688 max_norm=1.00782466e-05 pass=1
CORRECT graph=com-Friendster method=shared_bfull_accurate_nozero boundary=kernel_full reference=mkl_fp32 rel_l2=0.00522347023 max_abs=5.7088623 max_norm=0.00509706294 pass=1
CORRECT graph=com-Friendster method=shared_bfull_accurate_nozero boundary=kernel_sample reference=fp64_bf16_inputs rel_l2=9.4985352e-06 max_abs=0.00915453583 max_norm=8.21529898e-06 pass=1
TIME graph=com-Friendster method=mkl_bf16_inputs kernel rep=0 ms=13702.995062
TIME graph=com-Friendster method=original kernel rep=0 ms=18245.873928
TIME graph=com-Friendster method=original_nozero kernel rep=0 ms=11724.185944
TIME graph=com-Friendster method=shared_b8_fast_nozero kernel rep=0 ms=10570.556164
TIME graph=com-Friendster method=shared_b8_accurate_nozero kernel rep=0 ms=11654.886961
TIME graph=com-Friendster method=shared_b16_fast_nozero kernel rep=0 ms=9845.623970
TIME graph=com-Friendster method=shared_b16_accurate_nozero kernel rep=0 ms=10330.389023
TIME graph=com-Friendster method=shared_b32_fast_nozero kernel rep=0 ms=9370.779037
TIME graph=com-Friendster method=shared_b32_accurate_nozero kernel rep=0 ms=9680.836916
TIME graph=com-Friendster method=shared_b64_fast_nozero kernel rep=0 ms=9115.013123
TIME graph=com-Friendster method=shared_b64_accurate_nozero kernel rep=0 ms=9334.711790
TIME graph=com-Friendster method=shared_bfull_fast_nozero kernel rep=0 ms=8856.494188
TIME graph=com-Friendster method=shared_bfull_accurate_nozero kernel rep=0 ms=8993.502855
TIME graph=com-Friendster method=mkl_fp32 kernel rep=0 ms=13819.775105
TIME graph=com-Friendster method=original kernel rep=1 ms=18223.721981
TIME graph=com-Friendster method=original_nozero kernel rep=1 ms=11701.776981
TIME graph=com-Friendster method=shared_b8_fast_nozero kernel rep=1 ms=10545.044899
TIME graph=com-Friendster method=shared_b8_accurate_nozero kernel rep=1 ms=11654.376984
TIME graph=com-Friendster method=shared_b16_fast_nozero kernel rep=1 ms=9829.414129
TIME graph=com-Friendster method=shared_b16_accurate_nozero kernel rep=1 ms=10310.253859
TIME graph=com-Friendster method=shared_b32_fast_nozero kernel rep=1 ms=9355.889082
TIME graph=com-Friendster method=shared_b32_accurate_nozero kernel rep=1 ms=9668.076992
TIME graph=com-Friendster method=shared_b64_fast_nozero kernel rep=1 ms=9104.689121
TIME graph=com-Friendster method=shared_b64_accurate_nozero kernel rep=1 ms=9322.500944
TIME graph=com-Friendster method=shared_bfull_fast_nozero kernel rep=1 ms=8846.473932
TIME graph=com-Friendster method=shared_bfull_accurate_nozero kernel rep=1 ms=8974.346876
TIME graph=com-Friendster method=mkl_fp32 kernel rep=1 ms=13784.649134
TIME graph=com-Friendster method=mkl_bf16_inputs kernel rep=1 ms=13654.106855
TIME graph=com-Friendster method=original_nozero kernel rep=2 ms=11776.482105
TIME graph=com-Friendster method=shared_b8_fast_nozero kernel rep=2 ms=10542.432070
TIME graph=com-Friendster method=shared_b8_accurate_nozero kernel rep=2 ms=11653.726101
TIME graph=com-Friendster method=shared_b16_fast_nozero kernel rep=2 ms=9828.029871
TIME graph=com-Friendster method=shared_b16_accurate_nozero kernel rep=2 ms=10310.359955
TIME graph=com-Friendster method=shared_b32_fast_nozero kernel rep=2 ms=9367.025137
TIME graph=com-Friendster method=shared_b32_accurate_nozero kernel rep=2 ms=9677.998066
TIME graph=com-Friendster method=shared_b64_fast_nozero kernel rep=2 ms=9116.513968
TIME graph=com-Friendster method=shared_b64_accurate_nozero kernel rep=2 ms=9336.736917
TIME graph=com-Friendster method=shared_bfull_fast_nozero kernel rep=2 ms=8856.115818
TIME graph=com-Friendster method=shared_bfull_accurate_nozero kernel rep=2 ms=8986.978054
TIME graph=com-Friendster method=mkl_fp32 kernel rep=2 ms=13802.028894
TIME graph=com-Friendster method=mkl_bf16_inputs kernel rep=2 ms=13655.647993
TIME graph=com-Friendster method=original kernel rep=2 ms=18251.451969
TIME graph=com-Friendster method=shared_b8_fast_nozero kernel rep=3 ms=10613.692045
TIME graph=com-Friendster method=shared_b8_accurate_nozero kernel rep=3 ms=11698.353052
TIME graph=com-Friendster method=shared_b16_fast_nozero kernel rep=3 ms=9886.491060
TIME graph=com-Friendster method=shared_b16_accurate_nozero kernel rep=3 ms=10368.857861
TIME graph=com-Friendster method=shared_b32_fast_nozero kernel rep=3 ms=9419.138908
TIME graph=com-Friendster method=shared_b32_accurate_nozero kernel rep=3 ms=9733.379126
TIME graph=com-Friendster method=shared_b64_fast_nozero kernel rep=3 ms=9170.332909
TIME graph=com-Friendster method=shared_b64_accurate_nozero kernel rep=3 ms=9390.135050
TIME graph=com-Friendster method=shared_bfull_fast_nozero kernel rep=3 ms=8918.872833
TIME graph=com-Friendster method=shared_bfull_accurate_nozero kernel rep=3 ms=9053.571939
TIME graph=com-Friendster method=mkl_fp32 kernel rep=3 ms=13816.634178
TIME graph=com-Friendster method=mkl_bf16_inputs kernel rep=3 ms=13698.218822
TIME graph=com-Friendster method=original kernel rep=3 ms=18259.813070
TIME graph=com-Friendster method=original_nozero kernel rep=3 ms=11721.668959
TIME graph=com-Friendster method=shared_b8_accurate_nozero kernel rep=4 ms=11648.838997
TIME graph=com-Friendster method=shared_b16_fast_nozero kernel rep=4 ms=9854.372978
TIME graph=com-Friendster method=shared_b16_accurate_nozero kernel rep=4 ms=10335.237026
TIME graph=com-Friendster method=shared_b32_fast_nozero kernel rep=4 ms=9385.272026
TIME graph=com-Friendster method=shared_b32_accurate_nozero kernel rep=4 ms=9692.164898
TIME graph=com-Friendster method=shared_b64_fast_nozero kernel rep=4 ms=9128.388166
TIME graph=com-Friendster method=shared_b64_accurate_nozero kernel rep=4 ms=9348.617792
TIME graph=com-Friendster method=shared_bfull_fast_nozero kernel rep=4 ms=8870.309114
TIME graph=com-Friendster method=shared_bfull_accurate_nozero kernel rep=4 ms=9000.781059
TIME graph=com-Friendster method=mkl_fp32 kernel rep=4 ms=13811.140060
TIME graph=com-Friendster method=mkl_bf16_inputs kernel rep=4 ms=13668.581009
TIME graph=com-Friendster method=original kernel rep=4 ms=18262.480021
TIME graph=com-Friendster method=original_nozero kernel rep=4 ms=11718.316078
TIME graph=com-Friendster method=shared_b8_fast_nozero kernel rep=4 ms=10652.232885
CORRECT graph=com-Friendster method=original boundary=instrumented_kernel reference=unchanged_original rel_l2=0 max_abs=0 max_norm=0 pass=1
CORRECT graph=com-Friendster method=original_nozero boundary=instrumented_kernel reference=unchanged_original rel_l2=0 max_abs=0 max_norm=0 pass=1
CORRECT graph=com-Friendster method=shared_b8_fast_nozero boundary=instrumented_kernel reference=mkl_bf16_inputs rel_l2=0.003144056 max_abs=3.4130249 max_norm=0.00306285583 pass=1
CORRECT graph=com-Friendster method=shared_b8_accurate_nozero boundary=instrumented_kernel reference=mkl_bf16_inputs rel_l2=7.12990865e-07 max_abs=0.00286865234 max_norm=2.57433474e-06 pass=1
CORRECT graph=com-Friendster method=shared_b16_fast_nozero boundary=instrumented_kernel reference=mkl_bf16_inputs rel_l2=0.00324469647 max_abs=3.64794922 max_norm=0.00327367742 pass=1
CORRECT graph=com-Friendster method=shared_b16_accurate_nozero boundary=instrumented_kernel reference=mkl_bf16_inputs rel_l2=1.86239313e-06 max_abs=0.0025177002 max_norm=2.25938953e-06 pass=1
CORRECT graph=com-Friendster method=shared_b32_fast_nozero boundary=instrumented_kernel reference=mkl_bf16_inputs rel_l2=0.00325978458 max_abs=4.10766602 max_norm=0.00368622825 pass=1
CORRECT graph=com-Friendster method=shared_b32_accurate_nozero boundary=instrumented_kernel reference=mkl_bf16_inputs rel_l2=3.51125866e-06 max_abs=0.00408935547 max_norm=3.66979633e-06 pass=1
CORRECT graph=com-Friendster method=shared_b64_fast_nozero boundary=instrumented_kernel reference=mkl_bf16_inputs rel_l2=0.00328235515 max_abs=3.79797363 max_norm=0.00340830965 pass=1
CORRECT graph=com-Friendster method=shared_b64_accurate_nozero boundary=instrumented_kernel reference=mkl_bf16_inputs rel_l2=5.28984232e-06 max_abs=0.00598144531 max_norm=5.36776179e-06 pass=1
CORRECT graph=com-Friendster method=shared_bfull_fast_nozero boundary=instrumented_kernel reference=mkl_bf16_inputs rel_l2=0.00329395436 max_abs=3.62664795 max_norm=0.00325456161 pass=1
CORRECT graph=com-Friendster method=shared_bfull_accurate_nozero boundary=instrumented_kernel reference=mkl_bf16_inputs rel_l2=7.44870859e-06 max_abs=0.0112304688 max_norm=1.00782466e-05 pass=1
CORRECT graph=com-Friendster method=mkl_fp32 boundary=two_layer_e2e reference=mkl_bf16_inputs rel_l2=0.0100063088 max_abs=38459 max_norm=0.010295243 pass=1
CORRECT graph=com-Friendster method=mkl_fp32 boundary=two_layer_e2e reference=mkl_fp32 rel_l2=0 max_abs=0 max_norm=0 pass=1
CORRECT graph=com-Friendster method=mkl_bf16_inputs boundary=two_layer_e2e reference=mkl_bf16_inputs rel_l2=0 max_abs=0 max_norm=0 pass=1
CORRECT graph=com-Friendster method=mkl_bf16_inputs boundary=two_layer_e2e reference=mkl_fp32 rel_l2=0.00990834086 max_abs=38459 max_norm=0.010193269 pass=1
CORRECT graph=com-Friendster method=original boundary=two_layer_e2e reference=mkl_bf16_inputs rel_l2=5.30776301e-06 max_abs=42.5 max_norm=1.13769944e-05 pass=1
CORRECT graph=com-Friendster method=original boundary=two_layer_e2e reference=mkl_fp32 rel_l2=0.00990833996 max_abs=38449.75 max_norm=0.0101908173 pass=1
CORRECT graph=com-Friendster method=original_nozero boundary=two_layer_e2e reference=mkl_bf16_inputs rel_l2=5.30776301e-06 max_abs=42.5 max_norm=1.13769944e-05 pass=1
CORRECT graph=com-Friendster method=original_nozero boundary=two_layer_e2e reference=mkl_fp32 rel_l2=0.00990833996 max_abs=38449.75 max_norm=0.0101908173 pass=1
CORRECT graph=com-Friendster method=shared_b8_fast_nozero boundary=two_layer_e2e reference=mkl_bf16_inputs rel_l2=0.00527275629 max_abs=19690.25 max_norm=0.00527096153 pass=1
CORRECT graph=com-Friendster method=shared_b8_fast_nozero boundary=two_layer_e2e reference=mkl_fp32 rel_l2=0.0150795869 max_abs=57061.5 max_norm=0.0151237218 pass=1
CORRECT graph=com-Friendster method=shared_b8_accurate_nozero boundary=two_layer_e2e reference=mkl_bf16_inputs rel_l2=4.38699522e-06 max_abs=14 max_norm=3.74771582e-06 pass=1
CORRECT graph=com-Friendster method=shared_b8_accurate_nozero boundary=two_layer_e2e reference=mkl_fp32 rel_l2=0.00990858608 max_abs=38460.5 max_norm=0.0101936665 pass=1
CORRECT graph=com-Friendster method=shared_b16_fast_nozero boundary=two_layer_e2e reference=mkl_bf16_inputs rel_l2=0.00553440872 max_abs=21010.75 max_norm=0.00562445144 pass=1
CORRECT graph=com-Friendster method=shared_b16_fast_nozero boundary=two_layer_e2e reference=mkl_fp32 rel_l2=0.0153366011 max_abs=58382 max_norm=0.0154737104 pass=1
CORRECT graph=com-Friendster method=shared_b16_accurate_nozero boundary=two_layer_e2e reference=mkl_bf16_inputs rel_l2=6.32434614e-06 max_abs=21.25 max_norm=5.68849722e-06 pass=1
CORRECT graph=com-Friendster method=shared_b16_accurate_nozero boundary=two_layer_e2e reference=mkl_fp32 rel_l2=0.00990939895 max_abs=38463 max_norm=0.0101943292 pass=1
CORRECT graph=com-Friendster method=shared_b32_fast_nozero boundary=two_layer_e2e reference=mkl_bf16_inputs rel_l2=0.0055941858 max_abs=20742 max_norm=0.00555250868 pass=1
CORRECT graph=com-Friendster method=shared_b32_fast_nozero boundary=two_layer_e2e reference=mkl_fp32 rel_l2=0.0153917986 max_abs=58113.25 max_norm=0.0154024803 pass=1
CORRECT graph=com-Friendster method=shared_b32_accurate_nozero boundary=two_layer_e2e reference=mkl_bf16_inputs rel_l2=9.53298551e-06 max_abs=34.8984375 max_norm=9.34210187e-06 pass=1
CORRECT graph=com-Friendster method=shared_b32_accurate_nozero boundary=two_layer_e2e reference=mkl_fp32 rel_l2=0.00991180723 max_abs=38469 max_norm=0.0101959194 pass=1
CORRECT graph=com-Friendster method=shared_b64_fast_nozero boundary=two_layer_e2e reference=mkl_bf16_inputs rel_l2=0.00563785518 max_abs=20990.25 max_norm=0.00561896371 pass=1
CORRECT graph=com-Friendster method=shared_b64_fast_nozero boundary=two_layer_e2e reference=mkl_fp32 rel_l2=0.0154274403 max_abs=58335.5 max_norm=0.015461386 pass=1
CORRECT graph=com-Friendster method=shared_b64_accurate_nozero boundary=two_layer_e2e reference=mkl_bf16_inputs rel_l2=1.36132877e-05 max_abs=42 max_norm=1.12431475e-05 pass=1
CORRECT graph=com-Friendster method=shared_b64_accurate_nozero boundary=two_layer_e2e reference=mkl_fp32 rel_l2=0.0099157304 max_abs=38487.75 max_norm=0.010200889 pass=1
CORRECT graph=com-Friendster method=shared_bfull_fast_nozero boundary=two_layer_e2e reference=mkl_bf16_inputs rel_l2=0.00584157435 max_abs=24199.25 max_norm=0.00647799371 pass=1
CORRECT graph=com-Friendster method=shared_bfull_fast_nozero boundary=two_layer_e2e reference=mkl_fp32 rel_l2=0.0155063734 max_abs=62339 max_norm=0.0165224836 pass=1
CORRECT graph=com-Friendster method=shared_bfull_accurate_nozero boundary=two_layer_e2e reference=mkl_bf16_inputs rel_l2=2.0408162e-05 max_abs=75.25 max_norm=2.01439725e-05 pass=1
CORRECT graph=com-Friendster method=shared_bfull_accurate_nozero boundary=two_layer_e2e reference=mkl_fp32 rel_l2=0.00992092166 max_abs=38500 max_norm=0.0102041357 pass=1
TIME graph=com-Friendster method=mkl_bf16_inputs e2e rep=0 ms=28973.391056 L1=14081.856012 act_convert=1095.789909 L2=13795.745134
TIME graph=com-Friendster method=original e2e rep=0 ms=45816.413879 L1=18894.326925 act_convert=679.037094 L2=26243.049860
TIME graph=com-Friendster method=original_nozero e2e rep=0 ms=31886.453152 L1=11764.542103 act_convert=668.788910 L2=19453.122139
TIME graph=com-Friendster method=shared_b8_fast_nozero e2e rep=0 ms=26569.557905 L1=10567.281008 act_convert=672.116995 L2=15330.159903
TIME graph=com-Friendster method=shared_b8_accurate_nozero e2e rep=0 ms=28310.872078 L1=11655.815125 act_convert=668.367863 L2=15986.689091
TIME graph=com-Friendster method=shared_b16_fast_nozero e2e rep=0 ms=25054.617167 L1=9853.116035 act_convert=668.266058 L2=14533.235073
TIME graph=com-Friendster method=shared_b16_accurate_nozero e2e rep=0 ms=25852.535009 L1=10327.491045 act_convert=672.607899 L2=14852.436066
TIME graph=com-Friendster method=shared_b32_fast_nozero e2e rep=0 ms=24019.752979 L1=9381.901979 act_convert=671.042919 L2=13966.808081
TIME graph=com-Friendster method=shared_b32_accurate_nozero e2e rep=0 ms=24537.289143 L1=9694.852114 act_convert=670.058012 L2=14172.379017
TIME graph=com-Friendster method=shared_b64_fast_nozero e2e rep=0 ms=23476.336002 L1=9132.519960 act_convert=669.880867 L2=13673.935175
TIME graph=com-Friendster method=shared_b64_accurate_nozero e2e rep=0 ms=23839.501858 L1=9348.212004 act_convert=670.671940 L2=13820.617914
TIME graph=com-Friendster method=shared_bfull_fast_nozero e2e rep=0 ms=22811.456203 L1=8873.609066 act_convert=671.133995 L2=13266.713142
TIME graph=com-Friendster method=shared_bfull_accurate_nozero e2e rep=0 ms=23036.298037 L1=9011.765003 act_convert=672.338963 L2=13352.194071
TIME graph=com-Friendster method=mkl_fp32 e2e rep=0 ms=28395.889997 L1=14154.103041 act_convert=327.358007 L2=13914.428949
TIME graph=com-Friendster method=original e2e rep=1 ms=45318.403959 L1=18399.782896 act_convert=679.800034 L2=26238.821030
TIME graph=com-Friendster method=original_nozero e2e rep=1 ms=31889.764071 L1=11754.822969 act_convert=670.295954 L2=19464.645147
TIME graph=com-Friendster method=shared_b8_fast_nozero e2e rep=1 ms=26606.873989 L1=10596.920967 act_convert=666.998148 L2=15342.954874
TIME graph=com-Friendster method=shared_b8_accurate_nozero e2e rep=1 ms=28347.052097 L1=11678.601980 act_convert=665.626049 L2=16002.824068
TIME graph=com-Friendster method=shared_b16_fast_nozero e2e rep=1 ms=25097.877979 L1=9878.931046 act_convert=673.191071 L2=14545.755863
TIME graph=com-Friendster method=shared_b16_accurate_nozero e2e rep=1 ms=25895.407915 L1=10352.227926 act_convert=674.170971 L2=14869.009018
TIME graph=com-Friendster method=shared_b32_fast_nozero e2e rep=1 ms=24053.066969 L1=9406.646967 act_convert=666.965961 L2=13979.454041
TIME graph=com-Friendster method=shared_b32_accurate_nozero e2e rep=1 ms=24567.682981 L1=9715.277910 act_convert=669.871092 L2=14182.533979
TIME graph=com-Friendster method=shared_b64_fast_nozero e2e rep=1 ms=23520.936012 L1=9151.790142 act_convert=678.865910 L2=13690.279961
TIME graph=com-Friendster method=shared_b64_accurate_nozero e2e rep=1 ms=23886.730909 L1=9376.976967 act_convert=670.136929 L2=13839.617014
TIME graph=com-Friendster method=shared_bfull_fast_nozero e2e rep=1 ms=22861.976147 L1=8911.448002 act_convert=670.149088 L2=13280.379057
TIME graph=com-Friendster method=shared_bfull_accurate_nozero e2e rep=1 ms=23080.685854 L1=9041.836023 act_convert=673.722982 L2=13365.126848
TIME graph=com-Friendster method=mkl_fp32 e2e rep=1 ms=28375.261068 L1=14137.747049 act_convert=323.125124 L2=13914.388895
TIME graph=com-Friendster method=mkl_bf16_inputs e2e rep=1 ms=28919.134140 L1=14024.560928 act_convert=1100.902081 L2=13793.671131
TIME graph=com-Friendster method=original_nozero e2e rep=2 ms=31976.565123 L1=11842.555046 act_convert=682.315111 L2=19451.694965
TIME graph=com-Friendster method=shared_b8_fast_nozero e2e rep=2 ms=26530.835867 L1=10547.724962 act_convert=669.709921 L2=15313.400984
TIME graph=com-Friendster method=shared_b8_accurate_nozero e2e rep=2 ms=28279.781103 L1=11635.025978 act_convert=667.125940 L2=15977.629185
TIME graph=com-Friendster method=shared_b16_fast_nozero e2e rep=2 ms=25029.659986 L1=9837.146997 act_convert=671.463966 L2=14521.049023
TIME graph=com-Friendster method=shared_b16_accurate_nozero e2e rep=2 ms=25829.965115 L1=10318.928003 act_convert=669.870138 L2=14841.166973
TIME graph=com-Friendster method=shared_b32_fast_nozero e2e rep=2 ms=23997.869015 L1=9368.770838 act_convert=670.251131 L2=13958.847046
TIME graph=com-Friendster method=shared_b32_accurate_nozero e2e rep=2 ms=24514.344931 L1=9681.105852 act_convert=671.113014 L2=14162.126064
TIME graph=com-Friendster method=shared_b64_fast_nozero e2e rep=2 ms=23457.294941 L1=9120.140076 act_convert=669.095039 L2=13668.059826
TIME graph=com-Friendster method=shared_b64_accurate_nozero e2e rep=2 ms=23818.314075 L1=9335.505009 act_convert=668.833971 L2=13813.975096
TIME graph=com-Friendster method=shared_bfull_fast_nozero e2e rep=2 ms=22788.738012 L1=8863.514185 act_convert=675.154924 L2=13250.068903
TIME graph=com-Friendster method=shared_bfull_accurate_nozero e2e rep=2 ms=23014.487982 L1=8999.090910 act_convert=669.132948 L2=13346.264124
TIME graph=com-Friendster method=mkl_fp32 e2e rep=2 ms=28408.046007 L1=14148.066998 act_convert=331.090927 L2=13928.888083
TIME graph=com-Friendster method=mkl_bf16_inputs e2e rep=2 ms=28903.141022 L1=14006.667137 act_convert=1095.788002 L2=13800.685883
TIME graph=com-Friendster method=original e2e rep=2 ms=45782.212019 L1=18868.897915 act_convert=676.590919 L2=26236.723185
TIME graph=com-Friendster method=shared_b8_fast_nozero e2e rep=3 ms=26580.791950 L1=10578.793049 act_convert=672.415018 L2=15329.583883
TIME graph=com-Friendster method=shared_b8_accurate_nozero e2e rep=3 ms=28325.114965 L1=11661.806107 act_convert=664.667845 L2=15998.641014
TIME graph=com-Friendster method=shared_b16_fast_nozero e2e rep=3 ms=25066.766024 L1=9857.606888 act_convert=672.240973 L2=14536.918163
TIME graph=com-Friendster method=shared_b16_accurate_nozero e2e rep=3 ms=25869.269848 L1=10342.244864 act_convert=670.107126 L2=14856.917858
TIME graph=com-Friendster method=shared_b32_fast_nozero e2e rep=3 ms=24042.996883 L1=9401.452780 act_convert=668.607235 L2=13972.936869
TIME graph=com-Friendster method=shared_b32_accurate_nozero e2e rep=3 ms=24563.503027 L1=9709.182024 act_convert=673.101902 L2=14181.219101
TIME graph=com-Friendster method=shared_b64_fast_nozero e2e rep=3 ms=23490.577936 L1=9138.972998 act_convert=670.671940 L2=13680.932999
TIME graph=com-Friendster method=shared_b64_accurate_nozero e2e rep=3 ms=23862.039089 L1=9363.535166 act_convert=668.428898 L2=13830.075026
TIME graph=com-Friendster method=shared_bfull_fast_nozero e2e rep=3 ms=22832.923889 L1=8893.782854 act_convert=670.449972 L2=13268.691063
TIME graph=com-Friendster method=shared_bfull_accurate_nozero e2e rep=3 ms=23063.262939 L1=9031.374931 act_convert=672.925949 L2=13358.962059
TIME graph=com-Friendster method=mkl_fp32 e2e rep=3 ms=28386.649847 L1=14148.619890 act_convert=326.530933 L2=13911.499023
TIME graph=com-Friendster method=mkl_bf16_inputs e2e rep=3 ms=28865.588903 L1=13982.007980 act_convert=1100.192070 L2=13783.388853
TIME graph=com-Friendster method=original e2e rep=3 ms=45779.613018 L1=18864.881039 act_convert=683.979988 L2=26230.751991
TIME graph=com-Friendster method=original_nozero e2e rep=3 ms=31895.808935 L1=11750.984907 act_convert=668.853998 L2=19475.970030
TIME graph=com-Friendster method=shared_b8_accurate_nozero e2e rep=4 ms=28378.486156 L1=11692.414045 act_convert=669.795036 L2=16016.277075
TIME graph=com-Friendster method=shared_b16_fast_nozero e2e rep=4 ms=25110.321045 L1=9888.435125 act_convert=670.369864 L2=14551.516056
TIME graph=com-Friendster method=shared_b16_accurate_nozero e2e rep=4 ms=25921.659946 L1=10369.129896 act_convert=675.640106 L2=14876.889944
TIME graph=com-Friendster method=shared_b32_fast_nozero e2e rep=4 ms=24085.635900 L1=9421.487093 act_convert=670.813799 L2=13993.335009
TIME graph=com-Friendster method=shared_b32_accurate_nozero e2e rep=4 ms=24624.274969 L1=9747.358084 act_convert=670.686007 L2=14206.230879
TIME graph=com-Friendster method=shared_b64_fast_nozero e2e rep=4 ms=23550.640106 L1=9180.016041 act_convert=668.787956 L2=13701.836109
TIME graph=com-Friendster method=shared_b64_accurate_nozero e2e rep=4 ms=23924.882174 L1=9398.984194 act_convert=673.462868 L2=13852.435112
TIME graph=com-Friendster method=shared_bfull_fast_nozero e2e rep=4 ms=22903.521061 L1=8934.267998 act_convert=675.843954 L2=13293.409109
TIME graph=com-Friendster method=shared_bfull_accurate_nozero e2e rep=4 ms=23117.645025 L1=9062.133074 act_convert=667.968988 L2=13387.542963
TIME graph=com-Friendster method=mkl_fp32 e2e rep=4 ms=28392.124176 L1=14140.522003 act_convert=333.745956 L2=13917.856216
TIME graph=com-Friendster method=mkl_bf16_inputs e2e rep=4 ms=28904.532909 L1=14009.949923 act_convert=1096.041918 L2=13798.541069
TIME graph=com-Friendster method=original e2e rep=4 ms=45786.593914 L1=18876.935005 act_convert=678.789854 L2=26230.869055
TIME graph=com-Friendster method=original_nozero e2e rep=4 ms=31875.951052 L1=11747.151136 act_convert=673.312902 L2=19455.487013
TIME graph=com-Friendster method=shared_b8_fast_nozero e2e rep=4 ms=26548.921108 L1=10555.374146 act_convert=671.474934 L2=15322.072029
COMPLETE graph=com-Friendster status=PASS max_rss_kib=396085872
