CORRECT graph=regular-n262144-q256 method=mkl_bf16_inputs boundary=kernel_sample reference=fp64_bf16_inputs rel_l2=2.04448295e-07 max_abs=0.000113710761 max_norm=4.54367584e-07 pass=1
CONFIG graph=regular-n262144-q256 N=262144 E=67108864 threads=32 R=64 D=128 F=128 repeats=5 warmups=1
CORRECT graph=regular-n262144-q256 method=mkl_fp32 boundary=kernel_full reference=mkl_bf16_inputs rel_l2=0.00527438851 max_abs=1.85543823 max_norm=0.00516438254 pass=1
CORRECT graph=regular-n262144-q256 method=mkl_fp32 boundary=kernel_full reference=mkl_fp32 rel_l2=0 max_abs=0 max_norm=0 pass=1
CORRECT graph=regular-n262144-q256 method=mkl_fp32 boundary=kernel_sample reference=fp64_bf16_inputs rel_l2=0.00530823307 max_abs=1.20574707 max_norm=0.00481794667 pass=1
CORRECT graph=regular-n262144-q256 method=mkl_bf16_inputs boundary=kernel_full reference=mkl_bf16_inputs rel_l2=0 max_abs=0 max_norm=0 pass=1
CORRECT graph=regular-n262144-q256 method=mkl_bf16_inputs boundary=kernel_full reference=mkl_fp32 rel_l2=0.0052491638 max_abs=1.85543823 max_norm=0.00513784872 pass=1
CORRECT graph=regular-n262144-q256 method=mkl_bf16_inputs boundary=kernel_sample reference=fp64_bf16_inputs rel_l2=2.04448295e-07 max_abs=0.000113710761 max_norm=4.54367584e-07 pass=1
CORRECT graph=regular-n262144-q256 method=original boundary=kernel_full reference=mkl_bf16_inputs rel_l2=6.0988453e-07 max_abs=0.000579833984 max_norm=1.61389609e-06 pass=1
CORRECT graph=regular-n262144-q256 method=original boundary=kernel_full reference=mkl_fp32 rel_l2=0.00524916352 max_abs=1.85516357 max_norm=0.00513708817 pass=1
CORRECT graph=regular-n262144-q256 method=original boundary=kernel_sample reference=fp64_bf16_inputs rel_l2=5.78988953e-07 max_abs=0.0003083013 max_norm=1.23191609e-06 pass=1
CORRECT graph=regular-n262144-q256 method=shared_bfull_fast boundary=kernel_full reference=mkl_bf16_inputs rel_l2=0.00331403564 max_abs=1.19003296 max_norm=0.00331230936 pass=1
CORRECT graph=regular-n262144-q256 method=shared_bfull_fast boundary=kernel_full reference=mkl_fp32 rel_l2=0.00807606156 max_abs=2.8694458 max_norm=0.00794571233 pass=1
CORRECT graph=regular-n262144-q256 method=shared_bfull_fast boundary=kernel_sample reference=fp64_bf16_inputs rel_l2=0.00332163297 max_abs=0.86610974 max_norm=0.00346081748 pass=1
CORRECT graph=regular-n262144-q256 method=shared_bfull_accurate boundary=kernel_full reference=mkl_bf16_inputs rel_l2=7.97555475e-06 max_abs=0.00323486328 max_norm=9.00384133e-06 pass=1
CORRECT graph=regular-n262144-q256 method=shared_bfull_accurate boundary=kernel_full reference=mkl_fp32 rel_l2=0.00525373127 max_abs=1.85818481 max_norm=0.00514545421 pass=1
CORRECT graph=regular-n262144-q256 method=shared_bfull_accurate boundary=kernel_sample reference=fp64_bf16_inputs rel_l2=8.0180702e-06 max_abs=0.00221813843 max_norm=8.86327897e-06 pass=1
CORRECT graph=regular-n262144-q256 method=replay_bfull_fast boundary=kernel_full reference=mkl_bf16_inputs rel_l2=0.00331403564 max_abs=1.19003296 max_norm=0.00331230936 pass=1
CORRECT graph=regular-n262144-q256 method=replay_bfull_fast boundary=kernel_full reference=mkl_fp32 rel_l2=0.00807606156 max_abs=2.8694458 max_norm=0.00794571233 pass=1
CORRECT graph=regular-n262144-q256 method=replay_bfull_fast boundary=kernel_sample reference=fp64_bf16_inputs rel_l2=0.00332163297 max_abs=0.86610974 max_norm=0.00346081748 pass=1
CORRECT graph=regular-n262144-q256 method=original_nozero boundary=kernel_full reference=mkl_bf16_inputs rel_l2=6.0988453e-07 max_abs=0.000579833984 max_norm=1.61389609e-06 pass=1
CORRECT graph=regular-n262144-q256 method=original_nozero boundary=kernel_full reference=mkl_fp32 rel_l2=0.00524916352 max_abs=1.85516357 max_norm=0.00513708817 pass=1
CORRECT graph=regular-n262144-q256 method=original_nozero boundary=kernel_sample reference=fp64_bf16_inputs rel_l2=5.78988953e-07 max_abs=0.0003083013 max_norm=1.23191609e-06 pass=1
CORRECT graph=regular-n262144-q256 method=original_nozero boundary=nozero_identity reference=unchanged_original rel_l2=0 max_abs=0 max_norm=0 pass=1
CORRECT graph=regular-n262144-q256 method=shared_bfull_fast_nozero boundary=kernel_full reference=mkl_bf16_inputs rel_l2=0.00331403564 max_abs=1.19003296 max_norm=0.00331230936 pass=1
CORRECT graph=regular-n262144-q256 method=shared_bfull_fast_nozero boundary=kernel_full reference=mkl_fp32 rel_l2=0.00807606156 max_abs=2.8694458 max_norm=0.00794571233 pass=1
CORRECT graph=regular-n262144-q256 method=shared_bfull_fast_nozero boundary=kernel_sample reference=fp64_bf16_inputs rel_l2=0.00332163297 max_abs=0.86610974 max_norm=0.00346081748 pass=1
CORRECT graph=regular-n262144-q256 method=shared_bfull_accurate_nozero boundary=kernel_full reference=mkl_bf16_inputs rel_l2=7.97555475e-06 max_abs=0.00323486328 max_norm=9.00384133e-06 pass=1
CORRECT graph=regular-n262144-q256 method=shared_bfull_accurate_nozero boundary=kernel_full reference=mkl_fp32 rel_l2=0.00525373127 max_abs=1.85818481 max_norm=0.00514545421 pass=1
CORRECT graph=regular-n262144-q256 method=shared_bfull_accurate_nozero boundary=kernel_sample reference=fp64_bf16_inputs rel_l2=8.0180702e-06 max_abs=0.00221813843 max_norm=8.86327897e-06 pass=1
CORRECT graph=regular-n262144-q256 method=shared_b32_fast_nozero boundary=kernel_full reference=mkl_bf16_inputs rel_l2=0.00327914234 max_abs=1.10995483 max_norm=0.00308942182 pass=1
CORRECT graph=regular-n262144-q256 method=shared_b32_fast_nozero boundary=kernel_full reference=mkl_fp32 rel_l2=0.00804512496 max_abs=2.91903687 max_norm=0.00808303373 pass=1
CORRECT graph=regular-n262144-q256 method=shared_b32_fast_nozero boundary=kernel_sample reference=fp64_bf16_inputs rel_l2=0.00330315211 max_abs=0.822060879 max_norm=0.00328480622 pass=1
CORRECT graph=regular-n262144-q256 method=replay_bfull_fast_nozero boundary=kernel_full reference=mkl_bf16_inputs rel_l2=0.00331403564 max_abs=1.19003296 max_norm=0.00331230936 pass=1
CORRECT graph=regular-n262144-q256 method=replay_bfull_fast_nozero boundary=kernel_full reference=mkl_fp32 rel_l2=0.00807606156 max_abs=2.8694458 max_norm=0.00794571233 pass=1
CORRECT graph=regular-n262144-q256 method=replay_bfull_fast_nozero boundary=kernel_sample reference=fp64_bf16_inputs rel_l2=0.00332163297 max_abs=0.86610974 max_norm=0.00346081748 pass=1
TIME graph=regular-n262144-q256 method=mkl_bf16_inputs kernel rep=0 ms=91.793060
TIME graph=regular-n262144-q256 method=original kernel rep=0 ms=74.398041
TIME graph=regular-n262144-q256 method=shared_bfull_fast kernel rep=0 ms=46.247005
TIME graph=regular-n262144-q256 method=shared_bfull_accurate kernel rep=0 ms=45.096159
TIME graph=regular-n262144-q256 method=replay_bfull_fast kernel rep=0 ms=59.580088
TIME graph=regular-n262144-q256 method=original_nozero kernel rep=0 ms=67.243099
TIME graph=regular-n262144-q256 method=shared_bfull_fast_nozero kernel rep=0 ms=36.566019
TIME graph=regular-n262144-q256 method=shared_bfull_accurate_nozero kernel rep=0 ms=36.756039
TIME graph=regular-n262144-q256 method=shared_b32_fast_nozero kernel rep=0 ms=37.075043
TIME graph=regular-n262144-q256 method=replay_bfull_fast_nozero kernel rep=0 ms=52.100897
TIME graph=regular-n262144-q256 method=mkl_fp32 kernel rep=0 ms=91.823101
TIME graph=regular-n262144-q256 method=original kernel rep=1 ms=74.048996
TIME graph=regular-n262144-q256 method=shared_bfull_fast kernel rep=1 ms=46.303988
TIME graph=regular-n262144-q256 method=shared_bfull_accurate kernel rep=1 ms=44.846058
TIME graph=regular-n262144-q256 method=replay_bfull_fast kernel rep=1 ms=59.526920
TIME graph=regular-n262144-q256 method=original_nozero kernel rep=1 ms=60.379028
TIME graph=regular-n262144-q256 method=shared_bfull_fast_nozero kernel rep=1 ms=36.443949
TIME graph=regular-n262144-q256 method=shared_bfull_accurate_nozero kernel rep=1 ms=36.739111
TIME graph=regular-n262144-q256 method=shared_b32_fast_nozero kernel rep=1 ms=38.709879
TIME graph=regular-n262144-q256 method=replay_bfull_fast_nozero kernel rep=1 ms=52.608013
TIME graph=regular-n262144-q256 method=mkl_fp32 kernel rep=1 ms=91.430902
TIME graph=regular-n262144-q256 method=mkl_bf16_inputs kernel rep=1 ms=88.618040
TIME graph=regular-n262144-q256 method=shared_bfull_fast kernel rep=2 ms=47.211885
TIME graph=regular-n262144-q256 method=shared_bfull_accurate kernel rep=2 ms=44.485092
TIME graph=regular-n262144-q256 method=replay_bfull_fast kernel rep=2 ms=59.597969
TIME graph=regular-n262144-q256 method=original_nozero kernel rep=2 ms=60.485840
TIME graph=regular-n262144-q256 method=shared_bfull_fast_nozero kernel rep=2 ms=36.479950
TIME graph=regular-n262144-q256 method=shared_bfull_accurate_nozero kernel rep=2 ms=37.412882
TIME graph=regular-n262144-q256 method=shared_b32_fast_nozero kernel rep=2 ms=37.384033
TIME graph=regular-n262144-q256 method=replay_bfull_fast_nozero kernel rep=2 ms=53.531885
TIME graph=regular-n262144-q256 method=mkl_fp32 kernel rep=2 ms=91.562033
TIME graph=regular-n262144-q256 method=mkl_bf16_inputs kernel rep=2 ms=88.544130
TIME graph=regular-n262144-q256 method=original kernel rep=2 ms=73.290110
TIME graph=regular-n262144-q256 method=shared_bfull_accurate kernel rep=3 ms=45.497894
TIME graph=regular-n262144-q256 method=replay_bfull_fast kernel rep=3 ms=60.230017
TIME graph=regular-n262144-q256 method=original_nozero kernel rep=3 ms=60.480833
TIME graph=regular-n262144-q256 method=shared_bfull_fast_nozero kernel rep=3 ms=36.414146
TIME graph=regular-n262144-q256 method=shared_bfull_accurate_nozero kernel rep=3 ms=36.648989
TIME graph=regular-n262144-q256 method=shared_b32_fast_nozero kernel rep=3 ms=36.635876
TIME graph=regular-n262144-q256 method=replay_bfull_fast_nozero kernel rep=3 ms=53.395987
TIME graph=regular-n262144-q256 method=mkl_fp32 kernel rep=3 ms=92.030048
TIME graph=regular-n262144-q256 method=mkl_bf16_inputs kernel rep=3 ms=89.115143
TIME graph=regular-n262144-q256 method=original kernel rep=3 ms=73.270082
TIME graph=regular-n262144-q256 method=shared_bfull_fast kernel rep=3 ms=45.145035
TIME graph=regular-n262144-q256 method=replay_bfull_fast kernel rep=4 ms=60.154915
TIME graph=regular-n262144-q256 method=original_nozero kernel rep=4 ms=60.520887
TIME graph=regular-n262144-q256 method=shared_bfull_fast_nozero kernel rep=4 ms=36.437988
TIME graph=regular-n262144-q256 method=shared_bfull_accurate_nozero kernel rep=4 ms=37.225008
TIME graph=regular-n262144-q256 method=shared_b32_fast_nozero kernel rep=4 ms=37.052155
TIME graph=regular-n262144-q256 method=replay_bfull_fast_nozero kernel rep=4 ms=53.371906
TIME graph=regular-n262144-q256 method=mkl_fp32 kernel rep=4 ms=91.683865
TIME graph=regular-n262144-q256 method=mkl_bf16_inputs kernel rep=4 ms=88.806152
TIME graph=regular-n262144-q256 method=original kernel rep=4 ms=73.323011
TIME graph=regular-n262144-q256 method=shared_bfull_fast kernel rep=4 ms=45.111179
TIME graph=regular-n262144-q256 method=shared_bfull_accurate kernel rep=4 ms=44.992924
CORRECT graph=regular-n262144-q256 method=original boundary=instrumented_kernel reference=unchanged_original rel_l2=0 max_abs=0 max_norm=0 pass=1
CORRECT graph=regular-n262144-q256 method=shared_bfull_fast boundary=instrumented_kernel reference=mkl_bf16_inputs rel_l2=0.00331403564 max_abs=1.19003296 max_norm=0.00331230936 pass=1
CORRECT graph=regular-n262144-q256 method=shared_bfull_accurate boundary=instrumented_kernel reference=mkl_bf16_inputs rel_l2=7.97555475e-06 max_abs=0.00323486328 max_norm=9.00384133e-06 pass=1
CORRECT graph=regular-n262144-q256 method=replay_bfull_fast boundary=instrumented_kernel reference=mkl_bf16_inputs rel_l2=0.00331403564 max_abs=1.19003296 max_norm=0.00331230936 pass=1
CORRECT graph=regular-n262144-q256 method=original_nozero boundary=instrumented_kernel reference=unchanged_original rel_l2=0 max_abs=0 max_norm=0 pass=1
CORRECT graph=regular-n262144-q256 method=shared_bfull_fast_nozero boundary=instrumented_kernel reference=mkl_bf16_inputs rel_l2=0.00331403564 max_abs=1.19003296 max_norm=0.00331230936 pass=1
CORRECT graph=regular-n262144-q256 method=shared_bfull_accurate_nozero boundary=instrumented_kernel reference=mkl_bf16_inputs rel_l2=7.97555475e-06 max_abs=0.00323486328 max_norm=9.00384133e-06 pass=1
CORRECT graph=regular-n262144-q256 method=shared_b32_fast_nozero boundary=instrumented_kernel reference=mkl_bf16_inputs rel_l2=0.00327914234 max_abs=1.10995483 max_norm=0.00308942182 pass=1
CORRECT graph=regular-n262144-q256 method=replay_bfull_fast_nozero boundary=instrumented_kernel reference=mkl_bf16_inputs rel_l2=0.00331403564 max_abs=1.19003296 max_norm=0.00331230936 pass=1
CORRECT graph=regular-n262144-q256 method=mkl_fp32 boundary=two_layer_e2e reference=mkl_bf16_inputs rel_l2=0.0104671525 max_abs=1487.32031 max_norm=0.0115391882 pass=1
CORRECT graph=regular-n262144-q256 method=mkl_fp32 boundary=two_layer_e2e reference=mkl_fp32 rel_l2=0 max_abs=0 max_norm=0 pass=1
CORRECT graph=regular-n262144-q256 method=mkl_bf16_inputs boundary=two_layer_e2e reference=mkl_bf16_inputs rel_l2=0 max_abs=0 max_norm=0 pass=1
CORRECT graph=regular-n262144-q256 method=mkl_bf16_inputs boundary=two_layer_e2e reference=mkl_fp32 rel_l2=0.0103602467 max_abs=1487.32031 max_norm=0.0114075543 pass=1
CORRECT graph=regular-n262144-q256 method=original boundary=two_layer_e2e reference=mkl_bf16_inputs rel_l2=5.37627914e-06 max_abs=2.56640625 max_norm=1.99111412e-05 pass=1
CORRECT graph=regular-n262144-q256 method=original boundary=two_layer_e2e reference=mkl_fp32 rel_l2=0.0103602368 max_abs=1487.35156 max_norm=0.011407794 pass=1
CORRECT graph=regular-n262144-q256 method=shared_bfull_fast boundary=two_layer_e2e reference=mkl_bf16_inputs rel_l2=0.0057491508 max_abs=951.039062 max_norm=0.00737851734 pass=1
CORRECT graph=regular-n262144-q256 method=shared_bfull_fast boundary=two_layer_e2e reference=mkl_fp32 rel_l2=0.0158425996 max_abs=2303.69531 max_norm=0.0176690448 pass=1
CORRECT graph=regular-n262144-q256 method=shared_bfull_accurate boundary=two_layer_e2e reference=mkl_bf16_inputs rel_l2=2.36152655e-05 max_abs=6.71484375 max_norm=5.20962734e-05 pass=1
CORRECT graph=regular-n262144-q256 method=shared_bfull_accurate boundary=two_layer_e2e reference=mkl_fp32 rel_l2=0.0103716839 max_abs=1488.3125 max_norm=0.0114151642 pass=1
CORRECT graph=regular-n262144-q256 method=replay_bfull_fast boundary=two_layer_e2e reference=mkl_bf16_inputs rel_l2=0.0057491508 max_abs=951.039062 max_norm=0.00737851734 pass=1
CORRECT graph=regular-n262144-q256 method=replay_bfull_fast boundary=two_layer_e2e reference=mkl_fp32 rel_l2=0.0158425996 max_abs=2303.69531 max_norm=0.0176690448 pass=1
CORRECT graph=regular-n262144-q256 method=original_nozero boundary=two_layer_e2e reference=mkl_bf16_inputs rel_l2=5.37627914e-06 max_abs=2.56640625 max_norm=1.99111412e-05 pass=1
CORRECT graph=regular-n262144-q256 method=original_nozero boundary=two_layer_e2e reference=mkl_fp32 rel_l2=0.0103602368 max_abs=1487.35156 max_norm=0.011407794 pass=1
CORRECT graph=regular-n262144-q256 method=shared_bfull_fast_nozero boundary=two_layer_e2e reference=mkl_bf16_inputs rel_l2=0.0057491508 max_abs=951.039062 max_norm=0.00737851734 pass=1
CORRECT graph=regular-n262144-q256 method=shared_bfull_fast_nozero boundary=two_layer_e2e reference=mkl_fp32 rel_l2=0.0158425996 max_abs=2303.69531 max_norm=0.0176690448 pass=1
CORRECT graph=regular-n262144-q256 method=shared_bfull_accurate_nozero boundary=two_layer_e2e reference=mkl_bf16_inputs rel_l2=2.36152655e-05 max_abs=6.71484375 max_norm=5.20962734e-05 pass=1
CORRECT graph=regular-n262144-q256 method=shared_bfull_accurate_nozero boundary=two_layer_e2e reference=mkl_fp32 rel_l2=0.0103716839 max_abs=1488.3125 max_norm=0.0114151642 pass=1
CORRECT graph=regular-n262144-q256 method=shared_b32_fast_nozero boundary=two_layer_e2e reference=mkl_bf16_inputs rel_l2=0.00560677167 max_abs=801.273438 max_norm=0.00621657951 pass=1
CORRECT graph=regular-n262144-q256 method=shared_b32_fast_nozero boundary=two_layer_e2e reference=mkl_fp32 rel_l2=0.0158270499 max_abs=2225.125 max_norm=0.0170664207 pass=1
CORRECT graph=regular-n262144-q256 method=replay_bfull_fast_nozero boundary=two_layer_e2e reference=mkl_bf16_inputs rel_l2=0.0057491508 max_abs=951.039062 max_norm=0.00737851734 pass=1
CORRECT graph=regular-n262144-q256 method=replay_bfull_fast_nozero boundary=two_layer_e2e reference=mkl_fp32 rel_l2=0.0158425996 max_abs=2303.69531 max_norm=0.0176690448 pass=1
TIME graph=regular-n262144-q256 method=mkl_bf16_inputs e2e rep=0 ms=179.428101 L1=89.771032 act_convert=1.796007 L2=87.861061
TIME graph=regular-n262144-q256 method=original e2e rep=0 ms=144.716024 L1=71.762085 act_convert=0.997066 L2=71.956873
TIME graph=regular-n262144-q256 method=shared_bfull_fast e2e rep=0 ms=92.869043 L1=45.749903 act_convert=1.019001 L2=46.100140
TIME graph=regular-n262144-q256 method=shared_bfull_accurate e2e rep=0 ms=93.922138 L1=46.072006 act_convert=1.014948 L2=46.835184
TIME graph=regular-n262144-q256 method=replay_bfull_fast e2e rep=0 ms=125.436068 L1=61.586142 act_convert=1.000881 L2=62.849045
TIME graph=regular-n262144-q256 method=original_nozero e2e rep=0 ms=124.547005 L1=61.523914 act_convert=1.008034 L2=62.015057
TIME graph=regular-n262144-q256 method=shared_bfull_fast_nozero e2e rep=0 ms=76.841116 L1=38.222075 act_convert=1.023054 L2=37.595987
TIME graph=regular-n262144-q256 method=shared_bfull_accurate_nozero e2e rep=0 ms=75.799942 L1=37.667990 act_convert=1.026869 L2=37.105083
TIME graph=regular-n262144-q256 method=shared_b32_fast_nozero e2e rep=0 ms=76.800823 L1=37.935019 act_convert=1.035929 L2=37.829876
TIME graph=regular-n262144-q256 method=replay_bfull_fast_nozero e2e rep=0 ms=108.451843 L1=53.503990 act_convert=1.037836 L2=53.910017
TIME graph=regular-n262144-q256 method=mkl_fp32 e2e rep=0 ms=180.606127 L1=91.127157 act_convert=0.907898 L2=88.571072
TIME graph=regular-n262144-q256 method=original e2e rep=1 ms=146.321058 L1=73.519945 act_convert=0.984907 L2=71.816206
TIME graph=regular-n262144-q256 method=shared_bfull_fast e2e rep=1 ms=92.412949 L1=45.318842 act_convert=1.016140 L2=46.077967
TIME graph=regular-n262144-q256 method=shared_bfull_accurate e2e rep=1 ms=94.048023 L1=46.208858 act_convert=1.017094 L2=46.822071
TIME graph=regular-n262144-q256 method=replay_bfull_fast e2e rep=1 ms=125.365973 L1=61.481953 act_convert=0.992060 L2=62.891960
TIME graph=regular-n262144-q256 method=original_nozero e2e rep=1 ms=124.653816 L1=61.582804 act_convert=0.991106 L2=62.079906
TIME graph=regular-n262144-q256 method=shared_bfull_fast_nozero e2e rep=1 ms=77.364206 L1=38.317204 act_convert=1.019955 L2=38.027048
TIME graph=regular-n262144-q256 method=shared_bfull_accurate_nozero e2e rep=1 ms=75.495958 L1=37.414074 act_convert=1.029968 L2=37.051916
TIME graph=regular-n262144-q256 method=shared_b32_fast_nozero e2e rep=1 ms=76.307058 L1=38.213015 act_convert=1.039028 L2=37.055016
TIME graph=regular-n262144-q256 method=replay_bfull_fast_nozero e2e rep=1 ms=108.989000 L1=54.024935 act_convert=1.042128 L2=53.921938
TIME graph=regular-n262144-q256 method=mkl_fp32 e2e rep=1 ms=180.510044 L1=90.982914 act_convert=0.936985 L2=88.590145
TIME graph=regular-n262144-q256 method=mkl_bf16_inputs e2e rep=1 ms=177.951097 L1=88.032007 act_convert=1.792192 L2=88.126898
TIME graph=regular-n262144-q256 method=shared_bfull_fast e2e rep=2 ms=93.544960 L1=46.856880 act_convert=0.983000 L2=45.705080
TIME graph=regular-n262144-q256 method=shared_bfull_accurate e2e rep=2 ms=92.699051 L1=45.444012 act_convert=1.024961 L2=46.230078
TIME graph=regular-n262144-q256 method=replay_bfull_fast e2e rep=2 ms=125.276089 L1=61.510086 act_convert=0.983000 L2=62.783003
TIME graph=regular-n262144-q256 method=original_nozero e2e rep=2 ms=124.686003 L1=61.632872 act_convert=0.996113 L2=62.057018
TIME graph=regular-n262144-q256 method=shared_bfull_fast_nozero e2e rep=2 ms=77.736855 L1=38.391829 act_convert=1.026154 L2=38.318872
TIME graph=regular-n262144-q256 method=shared_bfull_accurate_nozero e2e rep=2 ms=75.941086 L1=37.778139 act_convert=1.019955 L2=37.142992
TIME graph=regular-n262144-q256 method=shared_b32_fast_nozero e2e rep=2 ms=78.443050 L1=38.223982 act_convert=1.044989 L2=39.174080
TIME graph=regular-n262144-q256 method=replay_bfull_fast_nozero e2e rep=2 ms=107.089043 L1=53.689957 act_convert=0.993013 L2=52.406073
TIME graph=regular-n262144-q256 method=mkl_fp32 e2e rep=2 ms=180.470943 L1=90.761900 act_convert=0.880003 L2=88.829041
TIME graph=regular-n262144-q256 method=mkl_bf16_inputs e2e rep=2 ms=178.118944 L1=88.130951 act_convert=1.804113 L2=88.183880
TIME graph=regular-n262144-q256 method=original e2e rep=2 ms=146.230936 L1=73.415995 act_convert=0.985146 L2=71.829796
TIME graph=regular-n262144-q256 method=shared_bfull_accurate e2e rep=3 ms=93.666077 L1=46.166897 act_convert=1.016140 L2=46.483040
TIME graph=regular-n262144-q256 method=replay_bfull_fast e2e rep=3 ms=125.231028 L1=61.400890 act_convert=0.985146 L2=62.844992
TIME graph=regular-n262144-q256 method=original_nozero e2e rep=3 ms=124.536991 L1=61.502934 act_convert=0.996113 L2=62.037945
TIME graph=regular-n262144-q256 method=shared_bfull_fast_nozero e2e rep=3 ms=77.259064 L1=38.249016 act_convert=1.023054 L2=37.986994
TIME graph=regular-n262144-q256 method=shared_bfull_accurate_nozero e2e rep=3 ms=75.675964 L1=37.599087 act_convert=1.026869 L2=37.050009
TIME graph=regular-n262144-q256 method=shared_b32_fast_nozero e2e rep=3 ms=76.478004 L1=38.100004 act_convert=1.039028 L2=37.338972
TIME graph=regular-n262144-q256 method=replay_bfull_fast_nozero e2e rep=3 ms=108.897924 L1=53.884983 act_convert=1.048088 L2=53.964853
TIME graph=regular-n262144-q256 method=mkl_fp32 e2e rep=3 ms=180.595160 L1=91.027021 act_convert=0.915051 L2=88.653088
TIME graph=regular-n262144-q256 method=mkl_bf16_inputs e2e rep=3 ms=177.759886 L1=87.997913 act_convert=1.801014 L2=87.960958
TIME graph=regular-n262144-q256 method=original e2e rep=3 ms=145.402908 L1=72.247982 act_convert=0.996113 L2=72.158813
TIME graph=regular-n262144-q256 method=shared_bfull_fast e2e rep=3 ms=92.388153 L1=45.904160 act_convert=1.015902 L2=45.468092
TIME graph=regular-n262144-q256 method=replay_bfull_fast e2e rep=4 ms=124.939203 L1=61.285019 act_convert=0.992060 L2=62.662125
TIME graph=regular-n262144-q256 method=original_nozero e2e rep=4 ms=124.480009 L1=61.440945 act_convert=0.993013 L2=62.046051
TIME graph=regular-n262144-q256 method=shared_bfull_fast_nozero e2e rep=4 ms=77.098846 L1=38.085938 act_convert=1.021862 L2=37.991047
TIME graph=regular-n262144-q256 method=shared_bfull_accurate_nozero e2e rep=4 ms=75.500011 L1=37.487984 act_convert=1.022100 L2=36.989927
TIME graph=regular-n262144-q256 method=shared_b32_fast_nozero e2e rep=4 ms=75.789928 L1=37.856102 act_convert=1.035929 L2=36.897898
TIME graph=regular-n262144-q256 method=replay_bfull_fast_nozero e2e rep=4 ms=109.590054 L1=54.592133 act_convert=1.024008 L2=53.973913
TIME graph=regular-n262144-q256 method=mkl_fp32 e2e rep=4 ms=180.348873 L1=90.956926 act_convert=0.899076 L2=88.492870
TIME graph=regular-n262144-q256 method=mkl_bf16_inputs e2e rep=4 ms=177.648067 L1=87.949991 act_convert=1.803160 L2=87.894917
TIME graph=regular-n262144-q256 method=original e2e rep=4 ms=145.377159 L1=72.181225 act_convert=0.996828 L2=72.199106
TIME graph=regular-n262144-q256 method=shared_bfull_fast e2e rep=4 ms=92.723131 L1=46.262026 act_convert=1.013041 L2=45.448065
TIME graph=regular-n262144-q256 method=shared_bfull_accurate e2e rep=4 ms=94.496965 L1=46.641111 act_convert=1.015902 L2=46.839952
COMPLETE graph=regular-n262144-q256 status=PASS max_rss_kib=2918276
