CONFIG N=169343 E=2484941 Din=128 C=40 threads=16 warmups=1 repeats=3 block=32 degree_sort_ms=16.730821 seed=11 untrained=true LR_policy=fp32 panel=64 tile_rows=16 attention_independent=true neighbor_AMX_fusion=true performance=EXPLORATORY task_accuracy=UNVERIFIED
STATIC layer=1 prepare_ms=1.294357 pair_workspace_bytes=282048896 full_Z_bytes=0 edge_score_bytes=0 alpha_bytes=0
STATIC layer=2 prepare_ms=0.271261 pair_workspace_bytes=325597312 full_Z_bytes=0 edge_score_bytes=0 alpha_bytes=0
STATIC layer=3 prepare_ms=0.047757 pair_workspace_bytes=122123568 full_Z_bytes=0 edge_score_bytes=0 alpha_bytes=0
PAIR_IDENTITY layer=1 scope=three_layer_own_outputs output_bitwise_equal=1 denominator_bitwise_equal=1 max_bitwise_equal=1
PAIR_IDENTITY layer=2 scope=three_layer_own_outputs output_bitwise_equal=1 denominator_bitwise_equal=1 max_bitwise_equal=1
PAIR_IDENTITY layer=3 scope=three_layer_own_outputs output_bitwise_equal=1 denominator_bitwise_equal=1 max_bitwise_equal=1
CHECK path=B0_FP32 layer=1 reference=B0_FP32_own_output_3layer max_abs_error=0 mean_abs_error=0 relative_L2_error=0 finite=1 original_abs_003_gate=PASS task_accuracy=UNVERIFIED
CHECK path=B0_FP32 layer=2 reference=B0_FP32_own_output_3layer max_abs_error=0 mean_abs_error=0 relative_L2_error=0 finite=1 original_abs_003_gate=PASS task_accuracy=UNVERIFIED
CHECK path=B0_FP32 layer=3 reference=B0_FP32_own_output_3layer max_abs_error=0 mean_abs_error=0 relative_L2_error=0 finite=1 original_abs_003_gate=PASS task_accuracy=UNVERIFIED
CHECK path=B0_BF16 layer=1 reference=B0_FP32_own_output_3layer max_abs_error=0.00294017791748 mean_abs_error=0.000310601022267 relative_L2_error=0.00190785210806 finite=1 original_abs_003_gate=PASS task_accuracy=UNVERIFIED
CHECK path=B0_BF16 layer=2 reference=B0_FP32_own_output_3layer max_abs_error=0.00309580564499 mean_abs_error=0.00039252464584 relative_L2_error=0.00253741964854 finite=1 original_abs_003_gate=FAIL task_accuracy=UNVERIFIED
CHECK path=B0_BF16 layer=3 reference=B0_FP32_own_output_3layer max_abs_error=0.00333481281996 mean_abs_error=0.000497330746597 relative_L2_error=0.00310539759334 finite=1 original_abs_003_gate=FAIL task_accuracy=UNVERIFIED
CHECK path=B1_TFS_PREMAX layer=1 reference=B0_FP32_own_output_3layer max_abs_error=0.00283050537109 mean_abs_error=0.000324652559823 relative_L2_error=0.00200285454356 finite=1 original_abs_003_gate=PASS task_accuracy=UNVERIFIED
CHECK path=B1_TFS_PREMAX layer=2 reference=B0_FP32_own_output_3layer max_abs_error=0.00316774845123 mean_abs_error=0.000403762014627 relative_L2_error=0.00261417664794 finite=1 original_abs_003_gate=FAIL task_accuracy=UNVERIFIED
CHECK path=B1_TFS_PREMAX layer=3 reference=B0_FP32_own_output_3layer max_abs_error=0.00358102470636 mean_abs_error=0.000507655094412 relative_L2_error=0.00317628988381 finite=1 original_abs_003_gate=FAIL task_accuracy=UNVERIFIED
CHECK path=ICPP_TFS_ONLINE_B32 layer=1 reference=B0_FP32_own_output_3layer max_abs_error=0.00283050537109 mean_abs_error=0.000324651427297 relative_L2_error=0.00200284778633 finite=1 original_abs_003_gate=PASS task_accuracy=UNVERIFIED
CHECK path=ICPP_TFS_ONLINE_B32 layer=2 reference=B0_FP32_own_output_3layer max_abs_error=0.00316774845123 mean_abs_error=0.000403769447044 relative_L2_error=0.00261402987839 finite=1 original_abs_003_gate=FAIL task_accuracy=UNVERIFIED
CHECK path=ICPP_TFS_ONLINE_B32 layer=3 reference=B0_FP32_own_output_3layer max_abs_error=0.00358102470636 mean_abs_error=0.0005077876489 relative_L2_error=0.00317680528182 finite=1 original_abs_003_gate=FAIL task_accuracy=UNVERIFIED
CHECK path=ICPP_TFS_PAIR_B32 layer=1 reference=B0_FP32_own_output_3layer max_abs_error=0.00283050537109 mean_abs_error=0.000324651427297 relative_L2_error=0.00200284778633 finite=1 original_abs_003_gate=PASS task_accuracy=UNVERIFIED
CHECK path=ICPP_TFS_PAIR_B32 layer=2 reference=B0_FP32_own_output_3layer max_abs_error=0.00316774845123 mean_abs_error=0.000403769447044 relative_L2_error=0.00261402987839 finite=1 original_abs_003_gate=FAIL task_accuracy=UNVERIFIED
CHECK path=ICPP_TFS_PAIR_B32 layer=3 reference=B0_FP32_own_output_3layer max_abs_error=0.00358102470636 mean_abs_error=0.0005077876489 relative_L2_error=0.00317680528182 finite=1 original_abs_003_gate=FAIL task_accuracy=UNVERIFIED
{"path":"B0_FP32","rep":0,"layer":1,"e2e_ms":73.543398,"layer_ms":30.501493,"projection_ms":5.230419,"conversion_ms":2.6e-05,"lr_ms":1.215767,"max_prescan_ms":0.671837,"kernel_ms":20.683742,"normalization_ms":1.272024,"activation_ms":1.4273,"block":0}
{"path":"B0_FP32","rep":0,"layer":2,"e2e_ms":73.543398,"layer_ms":35.324443,"projection_ms":10.168524,"conversion_ms":2.9e-05,"lr_ms":1.201412,"max_prescan_ms":0.647366,"kernel_ms":20.647513,"normalization_ms":1.234558,"activation_ms":1.424696,"block":0}
{"path":"B0_FP32","rep":0,"layer":3,"e2e_ms":73.543398,"layer_ms":7.715411,"projection_ms":2.985239,"conversion_ms":2.2e-05,"lr_ms":0.241103,"max_prescan_ms":0.421132,"kernel_ms":3.875441,"normalization_ms":0.192105,"activation_ms":2.5e-05,"block":0}
{"path":"B0_BF16","rep":0,"layer":1,"e2e_ms":67.351249,"layer_ms":29.728396,"projection_ms":3.826915,"conversion_ms":0.684377,"lr_ms":1.22231,"max_prescan_ms":0.665084,"kernel_ms":20.608801,"normalization_ms":1.28327,"activation_ms":1.4371,"block":0}
{"path":"B0_BF16","rep":0,"layer":2,"e2e_ms":67.351249,"layer_ms":30.596594,"projection_ms":4.183826,"conversion_ms":1.248042,"lr_ms":1.225171,"max_prescan_ms":0.632249,"kernel_ms":20.640566,"normalization_ms":1.223297,"activation_ms":1.443172,"block":0}
{"path":"B0_BF16","rep":0,"layer":3,"e2e_ms":67.351249,"layer_ms":7.024554,"projection_ms":0.98526,"conversion_ms":1.252132,"lr_ms":0.235944,"max_prescan_ms":0.405811,"kernel_ms":3.953227,"normalization_ms":0.191774,"activation_ms":0.00016,"block":0}
{"path":"B1_TFS_PREMAX","rep":0,"layer":1,"e2e_ms":432.8638,"layer_ms":132.314572,"projection_ms":0,"conversion_ms":0.698313,"lr_ms":0.965259,"max_prescan_ms":0.757562,"kernel_ms":127.238679,"normalization_ms":1.231921,"activation_ms":1.422578,"block":0}
{"path":"B1_TFS_PREMAX","rep":0,"layer":2,"e2e_ms":432.8638,"layer_ms":262.175732,"projection_ms":0,"conversion_ms":1.256228,"lr_ms":1.345988,"max_prescan_ms":0.753464,"kernel_ms":256.157234,"normalization_ms":1.236331,"activation_ms":1.426201,"block":0}
{"path":"B1_TFS_PREMAX","rep":0,"layer":3,"e2e_ms":432.8638,"layer_ms":38.371595,"projection_ms":0,"conversion_ms":1.253082,"lr_ms":1.275215,"max_prescan_ms":0.399964,"kernel_ms":35.240632,"normalization_ms":0.202273,"activation_ms":2.6e-05,"block":0}
{"path":"ICPP_TFS_ONLINE_B32","rep":0,"layer":1,"e2e_ms":411.818702,"layer_ms":111.352108,"projection_ms":0,"conversion_ms":0.668266,"lr_ms":0.957051,"max_prescan_ms":0,"kernel_ms":107.057322,"normalization_ms":1.252695,"activation_ms":1.41632,"block":32}
{"path":"ICPP_TFS_ONLINE_B32","rep":0,"layer":2,"e2e_ms":411.818702,"layer_ms":262.29819,"projection_ms":0,"conversion_ms":1.24638,"lr_ms":1.360307,"max_prescan_ms":0,"kernel_ms":257.010869,"normalization_ms":1.24682,"activation_ms":1.433502,"block":32}
{"path":"ICPP_TFS_ONLINE_B32","rep":0,"layer":3,"e2e_ms":411.818702,"layer_ms":38.162901,"projection_ms":0,"conversion_ms":1.251844,"lr_ms":1.258594,"max_prescan_ms":0,"kernel_ms":35.46158,"normalization_ms":0.190504,"activation_ms":2.8e-05,"block":32}
{"path":"ICPP_TFS_PAIR_B32","rep":0,"layer":1,"e2e_ms":329.343767,"layer_ms":76.903868,"projection_ms":0,"conversion_ms":0.608173,"lr_ms":0.982578,"max_prescan_ms":0,"kernel_ms":72.475107,"normalization_ms":1.33298,"activation_ms":1.504477,"block":32}
{"path":"ICPP_TFS_PAIR_B32","rep":0,"layer":2,"e2e_ms":329.343767,"layer_ms":217.530939,"projection_ms":0,"conversion_ms":1.315857,"lr_ms":1.423806,"max_prescan_ms":0,"kernel_ms":212.136486,"normalization_ms":1.23118,"activation_ms":1.422988,"block":32}
{"path":"ICPP_TFS_PAIR_B32","rep":0,"layer":3,"e2e_ms":329.343767,"layer_ms":34.903939,"projection_ms":0,"conversion_ms":1.253884,"lr_ms":1.267909,"max_prescan_ms":0,"kernel_ms":32.189887,"normalization_ms":0.191953,"activation_ms":2.6e-05,"block":32}
{"path":"ICPP_TFS_PAIR_B32","rep":1,"layer":1,"e2e_ms":328.159668,"layer_ms":76.397295,"projection_ms":0,"conversion_ms":0.602516,"lr_ms":0.954873,"max_prescan_ms":0,"kernel_ms":71.983937,"normalization_ms":1.332551,"activation_ms":1.52302,"block":32}
{"path":"ICPP_TFS_PAIR_B32","rep":1,"layer":2,"e2e_ms":328.159668,"layer_ms":215.551311,"projection_ms":0,"conversion_ms":1.305482,"lr_ms":1.410338,"max_prescan_ms":0,"kernel_ms":210.166131,"normalization_ms":1.229244,"activation_ms":1.439481,"block":32}
{"path":"ICPP_TFS_PAIR_B32","rep":1,"layer":3,"e2e_ms":328.159668,"layer_ms":36.206481,"projection_ms":0,"conversion_ms":1.266287,"lr_ms":1.276079,"max_prescan_ms":0,"kernel_ms":33.467125,"normalization_ms":0.19663,"activation_ms":2.8e-05,"block":32}
{"path":"ICPP_TFS_ONLINE_B32","rep":1,"layer":1,"e2e_ms":413.399408,"layer_ms":114.199504,"projection_ms":0,"conversion_ms":0.604442,"lr_ms":0.957928,"max_prescan_ms":0,"kernel_ms":109.976759,"normalization_ms":1.232698,"activation_ms":1.427375,"block":32}
{"path":"ICPP_TFS_ONLINE_B32","rep":1,"layer":2,"e2e_ms":413.399408,"layer_ms":261.320565,"projection_ms":0,"conversion_ms":1.240948,"lr_ms":1.335733,"max_prescan_ms":0,"kernel_ms":256.091343,"normalization_ms":1.233828,"activation_ms":1.418374,"block":32}
{"path":"ICPP_TFS_ONLINE_B32","rep":1,"layer":3,"e2e_ms":413.399408,"layer_ms":37.87395,"projection_ms":0,"conversion_ms":1.259815,"lr_ms":1.272439,"max_prescan_ms":0,"kernel_ms":35.143289,"normalization_ms":0.197838,"activation_ms":2.7e-05,"block":32}
{"path":"B1_TFS_PREMAX","rep":1,"layer":1,"e2e_ms":435.464897,"layer_ms":134.126764,"projection_ms":0,"conversion_ms":0.611313,"lr_ms":0.949023,"max_prescan_ms":0.715577,"kernel_ms":129.193942,"normalization_ms":1.240233,"activation_ms":1.416407,"block":0}
{"path":"B1_TFS_PREMAX","rep":1,"layer":2,"e2e_ms":435.464897,"layer_ms":261.912852,"projection_ms":0,"conversion_ms":1.242664,"lr_ms":1.349393,"max_prescan_ms":0.739724,"kernel_ms":255.912664,"normalization_ms":1.235672,"activation_ms":1.432455,"block":0}
{"path":"B1_TFS_PREMAX","rep":1,"layer":3,"e2e_ms":435.464897,"layer_ms":39.423796,"projection_ms":0,"conversion_ms":1.253447,"lr_ms":1.265821,"max_prescan_ms":0.390702,"kernel_ms":36.321848,"normalization_ms":0.191474,"activation_ms":2.5e-05,"block":0}
{"path":"B0_BF16","rep":1,"layer":1,"e2e_ms":67.190999,"layer_ms":29.672198,"projection_ms":3.904223,"conversion_ms":0.66477,"lr_ms":1.22048,"max_prescan_ms":0.663415,"kernel_ms":20.524311,"normalization_ms":1.272249,"activation_ms":1.42236,"block":0}
{"path":"B0_BF16","rep":1,"layer":2,"e2e_ms":67.190999,"layer_ms":30.49216,"projection_ms":4.156212,"conversion_ms":1.248114,"lr_ms":1.19612,"max_prescan_ms":0.616772,"kernel_ms":20.609174,"normalization_ms":1.226178,"activation_ms":1.43912,"block":0}
{"path":"B0_BF16","rep":1,"layer":3,"e2e_ms":67.190999,"layer_ms":7.02364,"projection_ms":1.014335,"conversion_ms":1.242829,"lr_ms":0.224894,"max_prescan_ms":0.406885,"kernel_ms":3.945569,"normalization_ms":0.188834,"activation_ms":2.5e-05,"block":0}
{"path":"B0_FP32","rep":1,"layer":1,"e2e_ms":73.485542,"layer_ms":30.545175,"projection_ms":5.240293,"conversion_ms":3.7e-05,"lr_ms":1.218017,"max_prescan_ms":0.687777,"kernel_ms":20.708401,"normalization_ms":1.277858,"activation_ms":1.412456,"block":0}
{"path":"B0_FP32","rep":1,"layer":2,"e2e_ms":73.485542,"layer_ms":35.229593,"projection_ms":10.141119,"conversion_ms":0.000243,"lr_ms":1.213777,"max_prescan_ms":0.622791,"kernel_ms":20.601118,"normalization_ms":1.222164,"activation_ms":1.427924,"block":0}
{"path":"B0_FP32","rep":1,"layer":3,"e2e_ms":73.485542,"layer_ms":7.707895,"projection_ms":2.980582,"conversion_ms":0.000268,"lr_ms":0.248227,"max_prescan_ms":0.406232,"kernel_ms":3.88229,"normalization_ms":0.189597,"activation_ms":2.8e-05,"block":0}
{"path":"B0_FP32","rep":2,"layer":1,"e2e_ms":73.360862,"layer_ms":30.487115,"projection_ms":5.24577,"conversion_ms":1.9e-05,"lr_ms":1.206662,"max_prescan_ms":0.673012,"kernel_ms":20.661105,"normalization_ms":1.271952,"activation_ms":1.428319,"block":0}
{"path":"B0_FP32","rep":2,"layer":2,"e2e_ms":73.360862,"layer_ms":35.174511,"projection_ms":10.096872,"conversion_ms":2.1e-05,"lr_ms":1.192578,"max_prescan_ms":0.637697,"kernel_ms":20.594952,"normalization_ms":1.218279,"activation_ms":1.433856,"block":0}
{"path":"B0_FP32","rep":2,"layer":3,"e2e_ms":73.360862,"layer_ms":7.697255,"projection_ms":2.977468,"conversion_ms":2.1e-05,"lr_ms":0.241095,"max_prescan_ms":0.404799,"kernel_ms":3.878181,"normalization_ms":0.195239,"activation_ms":3.1e-05,"block":0}
{"path":"B0_BF16","rep":2,"layer":1,"e2e_ms":67.100112,"layer_ms":29.64131,"projection_ms":3.816477,"conversion_ms":0.6676,"lr_ms":1.20683,"max_prescan_ms":0.675635,"kernel_ms":20.578313,"normalization_ms":1.26476,"activation_ms":1.431428,"block":0}
{"path":"B0_BF16","rep":2,"layer":2,"e2e_ms":67.100112,"layer_ms":30.464185,"projection_ms":4.107958,"conversion_ms":1.243075,"lr_ms":1.205224,"max_prescan_ms":0.612193,"kernel_ms":20.625651,"normalization_ms":1.239452,"activation_ms":1.430364,"block":0}
{"path":"B0_BF16","rep":2,"layer":3,"e2e_ms":67.100112,"layer_ms":6.993015,"projection_ms":0.977143,"conversion_ms":1.239891,"lr_ms":0.222394,"max_prescan_ms":0.409246,"kernel_ms":3.945164,"normalization_ms":0.198757,"activation_ms":2.5e-05,"block":0}
{"path":"B1_TFS_PREMAX","rep":2,"layer":1,"e2e_ms":437.239954,"layer_ms":134.923551,"projection_ms":0,"conversion_ms":0.691948,"lr_ms":0.972187,"max_prescan_ms":0.755595,"kernel_ms":129.85492,"normalization_ms":1.223392,"activation_ms":1.425257,"block":0}
{"path":"B1_TFS_PREMAX","rep":2,"layer":2,"e2e_ms":437.239954,"layer_ms":263.908279,"projection_ms":0,"conversion_ms":1.240228,"lr_ms":1.354616,"max_prescan_ms":0.738343,"kernel_ms":257.912939,"normalization_ms":1.231229,"activation_ms":1.430416,"block":0}
{"path":"B1_TFS_PREMAX","rep":2,"layer":3,"e2e_ms":437.239954,"layer_ms":38.406946,"projection_ms":0,"conversion_ms":1.260737,"lr_ms":1.280391,"max_prescan_ms":0.388066,"kernel_ms":35.285492,"normalization_ms":0.191873,"activation_ms":5.1e-05,"block":0}
{"path":"ICPP_TFS_ONLINE_B32","rep":2,"layer":1,"e2e_ms":411.625096,"layer_ms":113.195027,"projection_ms":0,"conversion_ms":0.674628,"lr_ms":0.950884,"max_prescan_ms":0,"kernel_ms":108.905245,"normalization_ms":1.248909,"activation_ms":1.414949,"block":32}
{"path":"ICPP_TFS_ONLINE_B32","rep":2,"layer":2,"e2e_ms":411.625096,"layer_ms":259.03255,"projection_ms":0,"conversion_ms":1.245842,"lr_ms":1.373252,"max_prescan_ms":0,"kernel_ms":253.731367,"normalization_ms":1.253073,"activation_ms":1.428556,"block":32}
{"path":"ICPP_TFS_ONLINE_B32","rep":2,"layer":3,"e2e_ms":411.625096,"layer_ms":39.391029,"projection_ms":0,"conversion_ms":1.252017,"lr_ms":1.270493,"max_prescan_ms":0,"kernel_ms":36.665891,"normalization_ms":0.202223,"activation_ms":3e-05,"block":32}
{"path":"ICPP_TFS_PAIR_B32","rep":2,"layer":1,"e2e_ms":327.237491,"layer_ms":76.278169,"projection_ms":0,"conversion_ms":0.607404,"lr_ms":0.950595,"max_prescan_ms":0,"kernel_ms":71.873562,"normalization_ms":1.330718,"activation_ms":1.515474,"block":32}
{"path":"ICPP_TFS_PAIR_B32","rep":2,"layer":2,"e2e_ms":327.237491,"layer_ms":214.936823,"projection_ms":0,"conversion_ms":1.317157,"lr_ms":1.413165,"max_prescan_ms":0,"kernel_ms":209.560888,"normalization_ms":1.222145,"activation_ms":1.422891,"block":32}
{"path":"ICPP_TFS_PAIR_B32","rep":2,"layer":3,"e2e_ms":327.237491,"layer_ms":36.016934,"projection_ms":0,"conversion_ms":1.24945,"lr_ms":1.264244,"max_prescan_ms":0,"kernel_ms":33.312876,"normalization_ms":0.189734,"activation_ms":2.4e-05,"block":32}
PROFILE_IDENTITY path=ICPP_TFS_PAIR layer=1 bit_fingerprint_equal=1
PROFILE path=ICPP_TFS_PAIR_B32 layer=1 layer_wall_ms=87.065762 kernel_wall_ms=82.627609 sampled_tiles=662 sampled_tile_unit=row_tile_head measured_work_unit=head_pair worker_times_are_sampled_sums=true source_gather_worker_ms=2.496189 weighted_convert_worker_ms=0 tile_load_worker_ms=0 amx_compute_worker_ms=2.361655 feature_staging_worker_ms=2.496189 amx_load_compute_worker_ms=2.361655 score_generation_worker_ms=1.160409 block_max_worker_ms=0.207573 exp_den_worker_ms=0.079309 rescale_store_worker_ms=0.005377 rescale_vector_worker_ms=0.018378 rescale_reload_worker_ms=0.006457 final_store_worker_ms=0.090188 output_write_worker_ms=0.591028 scheduling_worker_ms=1.011416 tile_config_worker_ms=0.042934 combined_staging_span=1 combined_amx_load_compute_span=1
ONLINE_STATS path=ICPP_TFS_PAIR_B32 layer=1 block=32 heads=8 D=128 d=32 blocks=1580688 max_updates_including_initial=1400775 rescales=46031 rescale_per_block=0.0291208638264 P50=0 P90=0 P95=0 P99=0.5 rescaled_feature_elements=1472992 rescaled_padded_feature_elements=1472992 rescale_events=11188 spill_bytes=22913024 reload_bytes=22913024 amx_calls=10552640 neighbor_steps=1319080 executed_fma=86447226880 total_tiles=84672
PAIR_ACCESS layer=1 optimized=1 groups=4 raw_H_vectors=79518112 logical_raw_H_bytes=2544579584 source_index_loads=9939764 source_index_scope=score_gather_excludes_prefetch single_head_logical_raw_H_bytes=5089159168 traffic_is_logical_not_DRAM=true
PROFILE_IDENTITY path=ICPP_TFS_PAIR layer=2 bit_fingerprint_equal=1
PROFILE path=ICPP_TFS_PAIR_B32 layer=2 layer_wall_ms=216.973694 kernel_wall_ms=211.566175 sampled_tiles=662 sampled_tile_unit=row_tile_head measured_work_unit=head_pair worker_times_are_sampled_sums=true source_gather_worker_ms=4.90224 weighted_convert_worker_ms=0 tile_load_worker_ms=0 amx_compute_worker_ms=6.844356 feature_staging_worker_ms=4.90224 amx_load_compute_worker_ms=6.844356 score_generation_worker_ms=1.425833 block_max_worker_ms=0.197823 exp_den_worker_ms=0.083867 rescale_store_worker_ms=0.010807 rescale_vector_worker_ms=0.018056 rescale_reload_worker_ms=0.007216 final_store_worker_ms=0.078838 output_write_worker_ms=0.483735 scheduling_worker_ms=2.016365 tile_config_worker_ms=0.039819 combined_staging_span=1 combined_amx_load_compute_span=1
ONLINE_STATS path=ICPP_TFS_PAIR_B32 layer=2 block=32 heads=8 D=256 d=32 blocks=1580688 max_updates_including_initial=1403397 rescales=48653 rescale_per_block=0.0307796351968 P50=0 P90=0 P95=0 P99=0.5 rescaled_feature_elements=1556896 rescaled_padded_feature_elements=1556896 rescale_events=11360 spill_bytes=23265280 reload_bytes=23265280 amx_calls=21105280 neighbor_steps=1319080 executed_fma=172894453760 total_tiles=84672
PAIR_ACCESS layer=2 optimized=1 groups=4 raw_H_vectors=159036224 logical_raw_H_bytes=5089159168 source_index_loads=9939764 source_index_scope=score_gather_excludes_prefetch single_head_logical_raw_H_bytes=10178318336 traffic_is_logical_not_DRAM=true
PROFILE_IDENTITY path=ICPP_TFS_PAIR layer=3 bit_fingerprint_equal=1
PROFILE path=ICPP_TFS_PAIR_B32 layer=3 layer_wall_ms=37.689505 kernel_wall_ms=34.950843 sampled_tiles=83 sampled_tile_unit=row_tile_head measured_work_unit=single_head worker_times_are_sampled_sums=true source_gather_worker_ms=6.279715 weighted_convert_worker_ms=6.659872 tile_load_worker_ms=1.202809 amx_compute_worker_ms=2.614704 feature_staging_worker_ms=12.939587 amx_load_compute_worker_ms=3.817513 score_generation_worker_ms=0.188002 block_max_worker_ms=0.037092 exp_den_worker_ms=0.017384 rescale_store_worker_ms=0.000949 rescale_vector_worker_ms=0.002702 rescale_reload_worker_ms=0.000788 final_store_worker_ms=0.005377 output_write_worker_ms=0.081848 scheduling_worker_ms=0.501407 tile_config_worker_ms=0.038931 combined_staging_span=0 combined_amx_load_compute_span=0
ONLINE_STATS path=ICPP_TFS_PAIR_B32 layer=3 block=32 heads=1 D=256 d=40 blocks=197586 max_updates_including_initial=175523 rescales=6180 rescale_per_block=0.0312775196623 P50=0 P90=0 P95=0 P99=0.5 rescaled_feature_elements=247200 rescaled_padded_feature_elements=296640 rescale_events=1433 spill_bytes=4402176 reload_bytes=4402176 amx_calls=3957240 neighbor_steps=164885 executed_fma=32417710080 total_tiles=10584
PAIR_ACCESS layer=3 optimized=0 groups=1 raw_H_vectors=39759056 logical_raw_H_bytes=1272289792 source_index_loads=2484941 source_index_scope=score_gather_excludes_prefetch single_head_logical_raw_H_bytes=1272289792 traffic_is_logical_not_DRAM=true
ICPP_PAIR_COMPLETE architecture=original_TFS_neighbor_AMX_fusion_preserved source_gather=head_pair_reuse task_accuracy=UNVERIFIED master_gate=SEE_PER_LAYER_ERRORS performance=EXPLORATORY
