CONFIG N=2449029 E=126167053 Din=100 C=47 threads=16 warmups=1 repeats=3 block=32 degree_sort_ms=326.953525 seed=11 untrained=true LR_policy=fp32 panel=64 tile_rows=16 attention_independent=true neighbor_AMX_fusion=true performance=EXPLORATORY task_accuracy=UNVERIFIED
STATIC layer=1 prepare_ms=1.61416 pair_workspace_bytes=3938300776 full_Z_bytes=0 edge_score_bytes=0 alpha_bytes=0
STATIC layer=2 prepare_ms=0.293309 pair_workspace_bytes=4702594432 full_Z_bytes=0 edge_score_bytes=0 alpha_bytes=0
STATIC layer=3 prepare_ms=0.070271 pair_workspace_bytes=1832070300 full_Z_bytes=0 edge_score_bytes=0 alpha_bytes=0
PAIR_IDENTITY layer=1 scope=three_layer_own_outputs output_bitwise_equal=1 denominator_bitwise_equal=1 max_bitwise_equal=1
PAIR_IDENTITY layer=2 scope=three_layer_own_outputs output_bitwise_equal=1 denominator_bitwise_equal=1 max_bitwise_equal=1
PAIR_IDENTITY layer=3 scope=three_layer_own_outputs output_bitwise_equal=1 denominator_bitwise_equal=1 max_bitwise_equal=1
CHECK path=B0_FP32 layer=1 reference=B0_FP32_own_output_3layer max_abs_error=0 mean_abs_error=0 relative_L2_error=0 finite=1 original_abs_003_gate=PASS task_accuracy=UNVERIFIED
CHECK path=B0_FP32 layer=2 reference=B0_FP32_own_output_3layer max_abs_error=0 mean_abs_error=0 relative_L2_error=0 finite=1 original_abs_003_gate=PASS task_accuracy=UNVERIFIED
CHECK path=B0_FP32 layer=3 reference=B0_FP32_own_output_3layer max_abs_error=0 mean_abs_error=0 relative_L2_error=0 finite=1 original_abs_003_gate=PASS task_accuracy=UNVERIFIED
CHECK path=B0_BF16 layer=1 reference=B0_FP32_own_output_3layer max_abs_error=14.9706115723 mean_abs_error=0.00119692686635 relative_L2_error=0.00353063576973 finite=1 original_abs_003_gate=FAIL task_accuracy=UNVERIFIED
CHECK path=B0_BF16 layer=2 reference=B0_FP32_own_output_3layer max_abs_error=35.8837661743 mean_abs_error=0.00723928537782 relative_L2_error=0.011932822175 finite=1 original_abs_003_gate=FAIL task_accuracy=UNVERIFIED
CHECK path=B0_BF16 layer=3 reference=B0_FP32_own_output_3layer max_abs_error=25.1209583282 mean_abs_error=0.016643214169 relative_L2_error=0.0253783411542 finite=1 original_abs_003_gate=FAIL task_accuracy=UNVERIFIED
CHECK path=B1_TFS_PREMAX layer=1 reference=B0_FP32_own_output_3layer max_abs_error=1.22430419922 mean_abs_error=0.000970540471734 relative_L2_error=0.00227497348632 finite=1 original_abs_003_gate=FAIL task_accuracy=UNVERIFIED
CHECK path=B1_TFS_PREMAX layer=2 reference=B0_FP32_own_output_3layer max_abs_error=25.7524185181 mean_abs_error=0.00527628179888 relative_L2_error=0.00586198824051 finite=1 original_abs_003_gate=FAIL task_accuracy=UNVERIFIED
CHECK path=B1_TFS_PREMAX layer=3 reference=B0_FP32_own_output_3layer max_abs_error=6.08370304108 mean_abs_error=0.0135726650523 relative_L2_error=0.0150830626942 finite=1 original_abs_003_gate=FAIL task_accuracy=UNVERIFIED
CHECK path=ICPP_TFS_ONLINE_B32 layer=1 reference=B0_FP32_own_output_3layer max_abs_error=1.22430419922 mean_abs_error=0.000969079499589 relative_L2_error=0.00226808801184 finite=1 original_abs_003_gate=FAIL task_accuracy=UNVERIFIED
CHECK path=ICPP_TFS_ONLINE_B32 layer=2 reference=B0_FP32_own_output_3layer max_abs_error=25.6116943359 mean_abs_error=0.00526787531363 relative_L2_error=0.00585282620417 finite=1 original_abs_003_gate=FAIL task_accuracy=UNVERIFIED
CHECK path=ICPP_TFS_ONLINE_B32 layer=3 reference=B0_FP32_own_output_3layer max_abs_error=6.01900291443 mean_abs_error=0.0135793652594 relative_L2_error=0.015091784138 finite=1 original_abs_003_gate=FAIL task_accuracy=UNVERIFIED
CHECK path=ICPP_TFS_PAIR_B32 layer=1 reference=B0_FP32_own_output_3layer max_abs_error=1.22430419922 mean_abs_error=0.000969079499589 relative_L2_error=0.00226808801184 finite=1 original_abs_003_gate=FAIL task_accuracy=UNVERIFIED
CHECK path=ICPP_TFS_PAIR_B32 layer=2 reference=B0_FP32_own_output_3layer max_abs_error=25.6116943359 mean_abs_error=0.00526787531363 relative_L2_error=0.00585282620417 finite=1 original_abs_003_gate=FAIL task_accuracy=UNVERIFIED
CHECK path=ICPP_TFS_PAIR_B32 layer=3 reference=B0_FP32_own_output_3layer max_abs_error=6.01900291443 mean_abs_error=0.0135793652594 relative_L2_error=0.015091784138 finite=1 original_abs_003_gate=FAIL task_accuracy=UNVERIFIED
{"path":"B0_FP32","rep":0,"layer":1,"e2e_ms":3829.291202,"layer_ms":1615.395544,"projection_ms":66.4867,"conversion_ms":2.3e-05,"lr_ms":18.313709,"max_prescan_ms":41.025113,"kernel_ms":1448.649143,"normalization_ms":19.515405,"activation_ms":21.40498,"block":0}
{"path":"B0_FP32","rep":0,"layer":2,"e2e_ms":3829.291202,"layer_ms":1690.842954,"projection_ms":146.894836,"conversion_ms":1.9e-05,"lr_ms":18.431702,"max_prescan_ms":41.154268,"kernel_ms":1442.464677,"normalization_ms":20.050227,"activation_ms":21.846549,"block":0}
{"path":"B0_FP32","rep":0,"layer":3,"e2e_ms":3829.291202,"layer_ms":523.051093,"projection_ms":68.495887,"conversion_ms":2.2e-05,"lr_ms":3.809867,"max_prescan_ms":26.038539,"kernel_ms":421.406178,"normalization_ms":3.300106,"activation_ms":2.6e-05,"block":0}
{"path":"B0_BF16","rep":0,"layer":1,"e2e_ms":3723.188874,"layer_ms":1611.108495,"projection_ms":52.802234,"conversion_ms":12.159726,"lr_ms":17.958458,"max_prescan_ms":41.066243,"kernel_ms":1446.192824,"normalization_ms":19.525862,"activation_ms":21.402871,"block":0}
{"path":"B0_BF16","rep":0,"layer":2,"e2e_ms":3723.188874,"layer_ms":1621.461719,"projection_ms":60.087149,"conversion_ms":21.286529,"lr_ms":18.245119,"max_prescan_ms":41.161042,"kernel_ms":1438.705872,"normalization_ms":20.104142,"activation_ms":21.871592,"block":0}
{"path":"B0_BF16","rep":0,"layer":3,"e2e_ms":3723.188874,"layer_ms":490.616721,"projection_ms":14.786326,"conversion_ms":21.211799,"lr_ms":3.778137,"max_prescan_ms":26.058708,"kernel_ms":421.488544,"normalization_ms":3.292832,"activation_ms":0.000109,"block":0}
{"path":"B1_TFS_PREMAX","rep":0,"layer":1,"e2e_ms":15840.03308,"layer_ms":5342.416837,"projection_ms":0,"conversion_ms":12.877944,"lr_ms":12.768891,"max_prescan_ms":41.082418,"kernel_ms":5235.119592,"normalization_ms":18.947262,"activation_ms":21.620465,"block":0}
{"path":"B1_TFS_PREMAX","rep":0,"layer":2,"e2e_ms":15840.03308,"layer_ms":9194.079831,"projection_ms":0,"conversion_ms":21.174848,"lr_ms":21.005639,"max_prescan_ms":41.024712,"kernel_ms":9068.884688,"normalization_ms":19.711698,"activation_ms":22.277838,"block":0}
{"path":"B1_TFS_PREMAX","rep":0,"layer":3,"e2e_ms":15840.03308,"layer_ms":1303.534367,"projection_ms":0,"conversion_ms":22.586785,"lr_ms":18.963044,"max_prescan_ms":25.854452,"kernel_ms":1232.845611,"normalization_ms":3.284,"activation_ms":2.8e-05,"block":0}
{"path":"ICPP_TFS_ONLINE_B32","rep":0,"layer":1,"e2e_ms":14772.371857,"layer_ms":4105.945706,"projection_ms":0,"conversion_ms":12.025395,"lr_ms":12.903033,"max_prescan_ms":0,"kernel_ms":4040.303926,"normalization_ms":19.238393,"activation_ms":21.474464,"block":32}
{"path":"ICPP_TFS_ONLINE_B32","rep":0,"layer":2,"e2e_ms":14772.371857,"layer_ms":9371.749014,"projection_ms":0,"conversion_ms":21.846915,"lr_ms":21.299372,"max_prescan_ms":0,"kernel_ms":9286.742438,"normalization_ms":19.87151,"activation_ms":21.988385,"block":32}
{"path":"ICPP_TFS_ONLINE_B32","rep":0,"layer":3,"e2e_ms":14772.371857,"layer_ms":1294.669796,"projection_ms":0,"conversion_ms":23.388284,"lr_ms":19.19124,"max_prescan_ms":0,"kernel_ms":1248.712664,"normalization_ms":3.377031,"activation_ms":2.9e-05,"block":32}
{"path":"ICPP_TFS_PAIR_B32","rep":0,"layer":1,"e2e_ms":10012.722997,"layer_ms":2494.585812,"projection_ms":0,"conversion_ms":11.590119,"lr_ms":12.699621,"max_prescan_ms":0,"kernel_ms":2429.872978,"normalization_ms":19.033147,"activation_ms":21.389539,"block":32}
{"path":"ICPP_TFS_PAIR_B32","rep":0,"layer":2,"e2e_ms":10012.722997,"layer_ms":6299.74779,"projection_ms":0,"conversion_ms":22.934955,"lr_ms":21.257417,"max_prescan_ms":0,"kernel_ms":6214.414479,"normalization_ms":19.196369,"activation_ms":21.943968,"block":32}
{"path":"ICPP_TFS_PAIR_B32","rep":0,"layer":3,"e2e_ms":10012.722997,"layer_ms":1218.382079,"projection_ms":0,"conversion_ms":22.140103,"lr_ms":18.86386,"max_prescan_ms":0,"kernel_ms":1174.015998,"normalization_ms":3.361766,"activation_ms":6.3e-05,"block":32}
{"path":"ICPP_TFS_PAIR_B32","rep":1,"layer":1,"e2e_ms":10023.882202,"layer_ms":2487.348798,"projection_ms":0,"conversion_ms":8.877215,"lr_ms":12.116989,"max_prescan_ms":0,"kernel_ms":2425.867843,"normalization_ms":19.038362,"activation_ms":21.448122,"block":32}
{"path":"ICPP_TFS_PAIR_B32","rep":1,"layer":2,"e2e_ms":10023.882202,"layer_ms":6319.772896,"projection_ms":0,"conversion_ms":18.952983,"lr_ms":20.587463,"max_prescan_ms":0,"kernel_ms":6239.236123,"normalization_ms":19.145685,"activation_ms":21.850244,"block":32}
{"path":"ICPP_TFS_PAIR_B32","rep":1,"layer":3,"e2e_ms":10023.882202,"layer_ms":1216.75593,"projection_ms":0,"conversion_ms":19.119241,"lr_ms":18.880285,"max_prescan_ms":0,"kernel_ms":1175.448399,"normalization_ms":3.307555,"activation_ms":3.5e-05,"block":32}
{"path":"ICPP_TFS_ONLINE_B32","rep":1,"layer":1,"e2e_ms":14751.955641,"layer_ms":4118.017627,"projection_ms":0,"conversion_ms":9.470948,"lr_ms":12.42345,"max_prescan_ms":0,"kernel_ms":4055.324882,"normalization_ms":19.283166,"activation_ms":21.514859,"block":32}
{"path":"ICPP_TFS_ONLINE_B32","rep":1,"layer":2,"e2e_ms":14751.955641,"layer_ms":9339.080432,"projection_ms":0,"conversion_ms":19.802518,"lr_ms":20.688707,"max_prescan_ms":0,"kernel_ms":9256.680567,"normalization_ms":19.908506,"activation_ms":21.999915,"block":32}
{"path":"ICPP_TFS_ONLINE_B32","rep":1,"layer":3,"e2e_ms":14751.955641,"layer_ms":1294.8519,"projection_ms":0,"conversion_ms":20.858969,"lr_ms":19.132013,"max_prescan_ms":0,"kernel_ms":1251.507868,"normalization_ms":3.352736,"activation_ms":0.000109,"block":32}
{"path":"B1_TFS_PREMAX","rep":1,"layer":1,"e2e_ms":15800.129834,"layer_ms":5313.897799,"projection_ms":0,"conversion_ms":9.977748,"lr_ms":12.501379,"max_prescan_ms":40.966617,"kernel_ms":5210.122452,"normalization_ms":18.909341,"activation_ms":21.419872,"block":0}
{"path":"B1_TFS_PREMAX","rep":1,"layer":2,"e2e_ms":15800.129834,"layer_ms":9179.86517,"projection_ms":0,"conversion_ms":20.253505,"lr_ms":20.739772,"max_prescan_ms":41.063385,"kernel_ms":9055.892177,"normalization_ms":19.673153,"activation_ms":22.242772,"block":0}
{"path":"B1_TFS_PREMAX","rep":1,"layer":3,"e2e_ms":15800.129834,"layer_ms":1306.363491,"projection_ms":0,"conversion_ms":21.478349,"lr_ms":18.911354,"max_prescan_ms":25.917401,"kernel_ms":1236.785653,"normalization_ms":3.270026,"activation_ms":2.9e-05,"block":0}
{"path":"B0_BF16","rep":1,"layer":1,"e2e_ms":3744.123055,"layer_ms":1617.425691,"projection_ms":57.504412,"conversion_ms":11.549012,"lr_ms":18.204668,"max_prescan_ms":41.063425,"kernel_ms":1448.173556,"normalization_ms":19.504571,"activation_ms":21.425647,"block":0}
{"path":"B0_BF16","rep":1,"layer":2,"e2e_ms":3744.123055,"layer_ms":1635.390137,"projection_ms":64.446717,"conversion_ms":21.316997,"lr_ms":18.414529,"max_prescan_ms":41.185832,"kernel_ms":1448.14819,"normalization_ms":19.978456,"activation_ms":21.89914,"block":0}
{"path":"B0_BF16","rep":1,"layer":3,"e2e_ms":3744.123055,"layer_ms":491.304962,"projection_ms":15.171822,"conversion_ms":21.383638,"lr_ms":3.736861,"max_prescan_ms":26.09667,"kernel_ms":421.615228,"normalization_ms":3.300364,"activation_ms":2.6e-05,"block":0}
{"path":"B0_FP32","rep":1,"layer":1,"e2e_ms":3826.525783,"layer_ms":1609.937839,"projection_ms":62.673809,"conversion_ms":3.6e-05,"lr_ms":18.237278,"max_prescan_ms":41.012878,"kernel_ms":1447.11031,"normalization_ms":19.516288,"activation_ms":21.386889,"block":0}
{"path":"B0_FP32","rep":1,"layer":2,"e2e_ms":3826.525783,"layer_ms":1693.352084,"projection_ms":144.711871,"conversion_ms":2.5e-05,"lr_ms":18.319749,"max_prescan_ms":41.12105,"kernel_ms":1447.204856,"normalization_ms":20.029601,"activation_ms":21.964256,"block":0}
{"path":"B0_FP32","rep":1,"layer":3,"e2e_ms":3826.525783,"layer_ms":523.233646,"projection_ms":68.494686,"conversion_ms":0.000168,"lr_ms":3.828083,"max_prescan_ms":26.04514,"kernel_ms":421.555692,"normalization_ms":3.308847,"activation_ms":2.6e-05,"block":0}
{"path":"B0_FP32","rep":2,"layer":1,"e2e_ms":3822.194407,"layer_ms":1606.039976,"projection_ms":62.645959,"conversion_ms":1.9e-05,"lr_ms":18.141291,"max_prescan_ms":40.998996,"kernel_ms":1443.317818,"normalization_ms":19.482218,"activation_ms":21.453119,"block":0}
{"path":"B0_FP32","rep":2,"layer":2,"e2e_ms":3822.194407,"layer_ms":1693.126425,"projection_ms":144.578961,"conversion_ms":1.9e-05,"lr_ms":18.244433,"max_prescan_ms":41.137513,"kernel_ms":1447.180466,"normalization_ms":20.08107,"activation_ms":21.903286,"block":0}
{"path":"B0_FP32","rep":2,"layer":3,"e2e_ms":3822.194407,"layer_ms":523.026565,"projection_ms":68.233378,"conversion_ms":2.2e-05,"lr_ms":3.833082,"max_prescan_ms":26.025724,"kernel_ms":421.643544,"normalization_ms":3.290452,"activation_ms":5e-05,"block":0}
{"path":"B0_BF16","rep":2,"layer":1,"e2e_ms":3722.84435,"layer_ms":1607.490531,"projection_ms":53.355818,"conversion_ms":9.616976,"lr_ms":17.962935,"max_prescan_ms":40.976661,"kernel_ms":1444.632166,"normalization_ms":19.51068,"activation_ms":21.435025,"block":0}
{"path":"B0_BF16","rep":2,"layer":2,"e2e_ms":3722.84435,"layer_ms":1626.651066,"projection_ms":60.142266,"conversion_ms":18.957349,"lr_ms":18.151877,"max_prescan_ms":41.139709,"kernel_ms":1446.304803,"normalization_ms":20.02887,"activation_ms":21.925915,"block":0}
{"path":"B0_BF16","rep":2,"layer":3,"e2e_ms":3722.84435,"layer_ms":488.700537,"projection_ms":14.687271,"conversion_ms":19.372006,"lr_ms":3.738343,"max_prescan_ms":26.037543,"kernel_ms":421.570453,"normalization_ms":3.294212,"activation_ms":0.000107,"block":0}
{"path":"B1_TFS_PREMAX","rep":2,"layer":1,"e2e_ms":15736.340746,"layer_ms":5303.573193,"projection_ms":0,"conversion_ms":11.616087,"lr_ms":12.451025,"max_prescan_ms":41.052196,"kernel_ms":5198.159564,"normalization_ms":18.908782,"activation_ms":21.38528,"block":0}
{"path":"B1_TFS_PREMAX","rep":2,"layer":2,"e2e_ms":15736.340746,"layer_ms":9128.202084,"projection_ms":0,"conversion_ms":19.452556,"lr_ms":20.649829,"max_prescan_ms":41.042464,"kernel_ms":9005.101125,"normalization_ms":19.695123,"activation_ms":22.260733,"block":0}
{"path":"B1_TFS_PREMAX","rep":2,"layer":3,"e2e_ms":15736.340746,"layer_ms":1304.563057,"projection_ms":0,"conversion_ms":20.780438,"lr_ms":18.794951,"max_prescan_ms":25.999634,"kernel_ms":1235.707922,"normalization_ms":3.279399,"activation_ms":0.000143,"block":0}
{"path":"ICPP_TFS_ONLINE_B32","rep":2,"layer":1,"e2e_ms":14745.977869,"layer_ms":4125.771876,"projection_ms":0,"conversion_ms":11.670882,"lr_ms":12.712751,"max_prescan_ms":0,"kernel_ms":4060.696082,"normalization_ms":19.254796,"activation_ms":21.436582,"block":32}
{"path":"ICPP_TFS_ONLINE_B32","rep":2,"layer":2,"e2e_ms":14745.977869,"layer_ms":9326.538335,"projection_ms":0,"conversion_ms":20.944571,"lr_ms":21.270109,"max_prescan_ms":0,"kernel_ms":9242.32704,"normalization_ms":19.923055,"activation_ms":22.073361,"block":32}
{"path":"ICPP_TFS_ONLINE_B32","rep":2,"layer":3,"e2e_ms":14745.977869,"layer_ms":1293.660493,"projection_ms":0,"conversion_ms":21.819537,"lr_ms":19.290469,"max_prescan_ms":0,"kernel_ms":1249.19166,"normalization_ms":3.358502,"activation_ms":2.8e-05,"block":32}
{"path":"ICPP_TFS_PAIR_B32","rep":2,"layer":1,"e2e_ms":10055.607062,"layer_ms":2493.772961,"projection_ms":0,"conversion_ms":11.610772,"lr_ms":12.736757,"max_prescan_ms":0,"kernel_ms":2428.982468,"normalization_ms":19.071185,"activation_ms":21.371375,"block":32}
{"path":"ICPP_TFS_PAIR_B32","rep":2,"layer":2,"e2e_ms":10055.607062,"layer_ms":6343.200157,"projection_ms":0,"conversion_ms":23.22046,"lr_ms":21.050183,"max_prescan_ms":0,"kernel_ms":6257.745716,"normalization_ms":19.185868,"activation_ms":21.99772,"block":32}
{"path":"ICPP_TFS_PAIR_B32","rep":2,"layer":3,"e2e_ms":10055.607062,"layer_ms":1218.626943,"projection_ms":0,"conversion_ms":22.18783,"lr_ms":18.824506,"max_prescan_ms":0,"kernel_ms":1174.222459,"normalization_ms":3.391693,"activation_ms":4.5e-05,"block":32}
PROFILE_IDENTITY path=ICPP_TFS_PAIR layer=1 bit_fingerprint_equal=1
PROFILE path=ICPP_TFS_PAIR_B32 layer=1 layer_wall_ms=2590.136623 kernel_wall_ms=2528.383773 sampled_tiles=9568 sampled_tile_unit=row_tile_head measured_work_unit=head_pair worker_times_are_sampled_sums=true source_gather_worker_ms=115.006782 weighted_convert_worker_ms=0 tile_load_worker_ms=0 amx_compute_worker_ms=107.459569 feature_staging_worker_ms=115.006782 amx_load_compute_worker_ms=107.459569 score_generation_worker_ms=78.772859 block_max_worker_ms=7.946622 exp_den_worker_ms=2.816779 rescale_store_worker_ms=0.97779 rescale_vector_worker_ms=1.614588 rescale_reload_worker_ms=0.550974 final_store_worker_ms=0.883765 output_write_worker_ms=8.591695 scheduling_worker_ms=66.874745 tile_config_worker_ms=0.041197 combined_staging_span=1 combined_amx_load_compute_span=1
ONLINE_STATS path=ICPP_TFS_PAIR_B32 layer=1 block=32 heads=8 D=100 d=32 blocks=42882792 max_updates_including_initial=25358082 rescales=5765850 rescale_per_block=0.134456030755 P50=0 P90=0.333333333333 P95=0.5 P99=0.666666666667 rescaled_feature_elements=184507200 rescaled_padded_feature_elements=184507200 rescale_events=1282420 spill_bytes=2626396160 reload_bytes=2626396160 amx_calls=505820352 neighbor_steps=63227544 executed_fma=4143680323584 total_tiles=1224520
PAIR_ACCESS layer=1 optimized=1 groups=4 raw_H_vectors=3532677484 logical_raw_H_bytes=100933642400 source_index_loads=504668212 source_index_scope=score_gather_excludes_prefetch single_head_logical_raw_H_bytes=201867284800 traffic_is_logical_not_DRAM=true
PROFILE_IDENTITY path=ICPP_TFS_PAIR layer=2 bit_fingerprint_equal=1
PROFILE path=ICPP_TFS_PAIR_B32 layer=2 layer_wall_ms=6492.149586 kernel_wall_ms=6411.02039 sampled_tiles=9568 sampled_tile_unit=row_tile_head measured_work_unit=head_pair worker_times_are_sampled_sums=true source_gather_worker_ms=299.477028 weighted_convert_worker_ms=0 tile_load_worker_ms=0 amx_compute_worker_ms=343.230079 feature_staging_worker_ms=299.477028 amx_load_compute_worker_ms=343.230079 score_generation_worker_ms=86.2214 block_max_worker_ms=8.30126 exp_den_worker_ms=3.513278 rescale_store_worker_ms=0.888903 rescale_vector_worker_ms=1.517415 rescale_reload_worker_ms=0.598251 final_store_worker_ms=0.683053 output_write_worker_ms=7.169947 scheduling_worker_ms=150.792078 tile_config_worker_ms=0.046562 combined_staging_span=1 combined_amx_load_compute_span=1
ONLINE_STATS path=ICPP_TFS_PAIR_B32 layer=2 block=32 heads=8 D=256 d=32 blocks=42882792 max_updates_including_initial=24072096 rescales=4479864 rescale_per_block=0.104467638208 P50=0 P90=0.333333333333 P95=0.5 P99=0.5 rescaled_feature_elements=143355648 rescaled_padded_feature_elements=143355648 rescale_events=1203201 spill_bytes=2464155648 reload_bytes=2464155648 amx_calls=1011640704 neighbor_steps=63227544 executed_fma=8287360647168 total_tiles=1224520
PAIR_ACCESS layer=2 optimized=1 groups=4 raw_H_vectors=8074691392 logical_raw_H_bytes=258390124544 source_index_loads=504668212 source_index_scope=score_gather_excludes_prefetch single_head_logical_raw_H_bytes=516780249088 traffic_is_logical_not_DRAM=true
PROFILE_IDENTITY path=ICPP_TFS_PAIR layer=3 bit_fingerprint_equal=1
PROFILE path=ICPP_TFS_PAIR_B32 layer=3 layer_wall_ms=1346.776561 kernel_wall_ms=1305.29374 sampled_tiles=1196 sampled_tile_unit=row_tile_head measured_work_unit=single_head worker_times_are_sampled_sums=true source_gather_worker_ms=343.668610997 weighted_convert_worker_ms=366.417899996 tile_load_worker_ms=63.85775 amx_compute_worker_ms=129.1896 feature_staging_worker_ms=710.086510993 amx_load_compute_worker_ms=193.04735 score_generation_worker_ms=17.721814 block_max_worker_ms=1.957317 exp_den_worker_ms=0.657674 rescale_store_worker_ms=0.106508 rescale_vector_worker_ms=0.264246 rescale_reload_worker_ms=0.111851 final_store_worker_ms=0.075411 output_write_worker_ms=1.526072 scheduling_worker_ms=43.162449 tile_config_worker_ms=0.040814 combined_staging_span=0 combined_amx_load_compute_span=0
ONLINE_STATS path=ICPP_TFS_PAIR_B32 layer=3 block=32 heads=1 D=256 d=47 blocks=5360349 max_updates_including_initial=3254124 rescales=805095 rescale_per_block=0.150194511589 P50=0 P90=0.4 P95=0.5 P99=0.666666666667 rescaled_feature_elements=37839465 rescaled_padded_feature_elements=38644560 rescale_events=162173 spill_bytes=498195456 reload_bytes=498195456 amx_calls=189682632 neighbor_steps=7903443 executed_fma=1553880121344 total_tiles=153065
PAIR_ACCESS layer=3 optimized=0 groups=1 raw_H_vectors=2018672848 logical_raw_H_bytes=64597531136 source_index_loads=126167053 source_index_scope=score_gather_excludes_prefetch single_head_logical_raw_H_bytes=64597531136 traffic_is_logical_not_DRAM=true
ICPP_PAIR_COMPLETE architecture=original_TFS_neighbor_AMX_fusion_preserved source_gather=head_pair_reuse task_accuracy=UNVERIFIED master_gate=SEE_PER_LAYER_ERRORS performance=EXPLORATORY
