GCN E2E v3 — Hybrid Pipeline (FP32 inter-layer + BF16 final)
Threads: 32

Loading: /home/huangjianqiang_group/hdacp1/data/yx/TFS/data/soc-Pokec/soc-Pokec.csrbin
Matrix: soc-Pokec  N=1632803  NNZ=30622564  avg_deg=18.8

=== TFS V3 Hybrid Pipeline ===
  run 0: 98.55 ms
  run 1: 100.39 ms
  run 2: 100.06 ms
  run 3: 100.24 ms
  run 4: 96.54 ms
  TFS V3 E2E BEST: 96.54 ms

=== MKL FP32 Two-Step ===
  run 0: 332.45 ms
  run 1: 331.77 ms
  run 2: 331.46 ms
  run 3: 331.51 ms
  run 4: 332.07 ms
  MKL E2E BEST: 331.46 ms

=== E2E Summary ===
  TFS V3 (hybrid): 96.54 ms
  MKL (FP32):      331.46 ms
  E2E Speedup:     3.43×

=== Precision ===
  TFS_hybrid vs MKL_FP32: max_rel_err=0.010972  RMSE=2.7145e+01
First 8:
  TFS: -258.68 -946.01 -929.20 54.90 375.05 90.65 -826.39 -423.82 
  MKL: -260.59 -953.13 -938.85 57.47 378.51 90.48 -835.36 -427.99 
METHOD_CONFIG graph=soc-Pokec N=1632803 E=30622564 D=128 F=128 R=64 TR=16 warmups=1 repeats=5 final_output=BF16 mkl_threads=32 mkl_dynamic=1 numa=default
METHOD_CHECK graph=soc-Pokec method=paper_tfs boundary=kernel_FP32 reference=paper_tfs max_abs=0 mean_abs=0 relative_L2=0 normalized_max=0 gate=0.01 pass=1
METHOD_CHECK graph=soc-Pokec method=paper_tfs boundary=e2e_FP32_final reference=paper_tfs max_abs=0 mean_abs=0 relative_L2=0 normalized_max=0 gate=0.01 pass=1
METHOD_CHECK graph=soc-Pokec method=paper_tfs boundary=e2e_BF16_final reference=paper_tfs max_abs=0 mean_abs=0 relative_L2=0 normalized_max=0 gate=0.02 pass=1
METHOD_CHECK graph=soc-Pokec method=paper_tfs boundary=e2e_BF16_final reference=source_MKL_FP32 max_abs=24560.25 mean_abs=13.6608355281 relative_L2=0.0129342882828 normalized_max=0.0162940691287 gate=0.03 pass=1
METHOD_CHECK graph=soc-Pokec method=b8_fast boundary=kernel_FP32 reference=paper_tfs max_abs=3.78112792969 mean_abs=0.030733916885 relative_L2=0.00312958796534 normalized_max=0.00270971107963 gate=0.01 pass=1
METHOD_CHECK graph=soc-Pokec method=b8_fast boundary=e2e_FP32_final reference=paper_tfs max_abs=7737.375 mean_abs=5.66534775731 relative_L2=0.00530485707012 normalized_max=0.00519017215383 gate=0.01 pass=1
METHOD_CHECK graph=soc-Pokec method=b8_fast boundary=e2e_BF16_final reference=paper_tfs max_abs=8192 mean_abs=5.64879122905 relative_L2=0.00573062996736 normalized_max=0.00552486187845 gate=0.02 pass=1
METHOD_CHECK graph=soc-Pokec method=b8_fast boundary=e2e_BF16_final reference=source_MKL_FP32 max_abs=27882.375 mean_abs=19.0763638262 relative_L2=0.0180101687361 normalized_max=0.0184980749675 gate=0.03 pass=1
METHOD_CHECK graph=soc-Pokec method=b8_accurate boundary=kernel_FP32 reference=paper_tfs max_abs=0.00604248046875 mean_abs=3.61911408268e-06 relative_L2=6.61641461676e-07 normalized_max=4.33028889238e-06 gate=0.001 pass=1
METHOD_CHECK graph=soc-Pokec method=b8_accurate boundary=e2e_FP32_final reference=paper_tfs max_abs=9.125 mean_abs=0.00726937101634 relative_L2=1.98068840341e-05 normalized_max=6.12098042343e-06 gate=0.001 pass=1
METHOD_CHECK graph=soc-Pokec method=b8_accurate boundary=e2e_BF16_final reference=paper_tfs max_abs=512 mean_abs=0.00723891188567 relative_L2=0.000155278883459 normalized_max=0.000345303867403 gate=0.01 pass=1
METHOD_CHECK graph=soc-Pokec method=b8_accurate boundary=e2e_BF16_final reference=source_MKL_FP32 max_abs=24560.25 mean_abs=13.6610079819 relative_L2=0.0129343549769 normalized_max=0.0162940691287 gate=0.03 pass=1
METHOD_CHECK graph=soc-Pokec method=b16_fast boundary=kernel_FP32 reference=paper_tfs max_abs=3.76763916016 mean_abs=0.0316074119951 relative_L2=0.00322684489281 normalized_max=0.00270004447513 gate=0.01 pass=1
METHOD_CHECK graph=soc-Pokec method=b16_fast boundary=e2e_FP32_final reference=paper_tfs max_abs=8061.25 mean_abs=5.96789167341 relative_L2=0.00558753050561 normalized_max=0.00540742503434 gate=0.01 pass=1
METHOD_CHECK graph=soc-Pokec method=b16_fast boundary=e2e_BF16_final reference=paper_tfs max_abs=8192 mean_abs=5.95062963249 relative_L2=0.00598345162399 normalized_max=0.00552486187845 gate=0.02 pass=1
METHOD_CHECK graph=soc-Pokec method=b16_fast boundary=e2e_BF16_final reference=source_MKL_FP32 max_abs=32752.25 mean_abs=19.353658649 relative_L2=0.0182874392526 normalized_max=0.0217289085258 gate=0.03 pass=1
METHOD_CHECK graph=soc-Pokec method=b16_accurate boundary=kernel_FP32 reference=paper_tfs max_abs=0.006103515625 mean_abs=1.22240583873e-05 relative_L2=1.74703565936e-06 normalized_max=4.37402918422e-06 gate=0.001 pass=1
METHOD_CHECK graph=soc-Pokec method=b16_accurate boundary=e2e_FP32_final reference=paper_tfs max_abs=7.375 mean_abs=0.0142762953193 relative_L2=1.58939935687e-05 normalized_max=4.94709376688e-06 gate=0.001 pass=1
METHOD_CHECK graph=soc-Pokec method=b16_accurate boundary=e2e_BF16_final reference=paper_tfs max_abs=512 mean_abs=0.0141992058116 relative_L2=0.000191902342346 normalized_max=0.000345303867403 gate=0.01 pass=1
METHOD_CHECK graph=soc-Pokec method=b16_accurate boundary=e2e_BF16_final reference=source_MKL_FP32 max_abs=24560.25 mean_abs=13.6616851638 relative_L2=0.0129350206187 normalized_max=0.0162940691287 gate=0.03 pass=1
METHOD_CHECK graph=soc-Pokec method=b64_fast boundary=kernel_FP32 reference=paper_tfs max_abs=4.00445556641 mean_abs=0.0318868461282 relative_L2=0.00326384582366 normalized_max=0.00286975680748 gate=0.01 pass=1
METHOD_CHECK graph=soc-Pokec method=b64_fast boundary=e2e_FP32_final reference=paper_tfs max_abs=8355.375 mean_abs=6.17901146105 relative_L2=0.00577880454095 normalized_max=0.00560472184169 gate=0.01 pass=1
METHOD_CHECK graph=soc-Pokec method=b64_fast boundary=e2e_BF16_final reference=paper_tfs max_abs=8192 mean_abs=6.16187444121 relative_L2=0.00616993107827 normalized_max=0.00552486187845 gate=0.02 pass=1
METHOD_CHECK graph=soc-Pokec method=b64_fast boundary=e2e_BF16_final reference=source_MKL_FP32 max_abs=32752.25 mean_abs=19.4949399242 relative_L2=0.0184188598131 normalized_max=0.0217289085258 gate=0.03 pass=1
METHOD_CHECK graph=soc-Pokec method=b64_accurate boundary=kernel_FP32 reference=paper_tfs max_abs=0.00848388671875 mean_abs=2.85636748445e-05 relative_L2=4.33430631347e-06 normalized_max=6.07990056607e-06 gate=0.001 pass=1
METHOD_CHECK graph=soc-Pokec method=b64_accurate boundary=e2e_FP32_final reference=paper_tfs max_abs=17.875 mean_abs=0.0308176564305 relative_L2=2.87493814782e-05 normalized_max=1.19904137062e-05 gate=0.001 pass=1
METHOD_CHECK graph=soc-Pokec method=b64_accurate boundary=e2e_BF16_final reference=paper_tfs max_abs=2048 mean_abs=0.0307028183746 relative_L2=0.00028957652545 normalized_max=0.00138121546961 gate=0.01 pass=1
METHOD_CHECK graph=soc-Pokec method=b64_accurate boundary=e2e_BF16_final reference=source_MKL_FP32 max_abs=24560.25 mean_abs=13.6657135074 relative_L2=0.0129400343352 normalized_max=0.0162940691287 gate=0.03 pass=1
METHOD_CHECK graph=soc-Pokec method=bfull_fast boundary=kernel_FP32 reference=paper_tfs max_abs=4.73297119141 mean_abs=0.0318924909954 relative_L2=0.0032661749059 normalized_max=0.00339184093091 gate=0.01 pass=1
METHOD_CHECK graph=soc-Pokec method=bfull_fast boundary=e2e_FP32_final reference=paper_tfs max_abs=8185.375 mean_abs=6.21850247866 relative_L2=0.00587816919252 normalized_max=0.00549068713791 gate=0.01 pass=1
METHOD_CHECK graph=soc-Pokec method=bfull_fast boundary=e2e_BF16_final reference=paper_tfs max_abs=8192 mean_abs=6.20118277799 relative_L2=0.00629675829904 normalized_max=0.00552486187845 gate=0.02 pass=1
METHOD_CHECK graph=soc-Pokec method=bfull_fast boundary=e2e_BF16_final reference=source_MKL_FP32 max_abs=32752.25 mean_abs=19.5084609413 relative_L2=0.0184729933051 normalized_max=0.0217289085258 gate=0.03 pass=1
METHOD_CHECK graph=soc-Pokec method=bfull_accurate boundary=kernel_FP32 reference=paper_tfs max_abs=0.0137329101562 mean_abs=3.08311286098e-05 relative_L2=4.98428988925e-06 normalized_max=9.8415656645e-06 gate=0.001 pass=1
METHOD_CHECK graph=soc-Pokec method=bfull_accurate boundary=e2e_FP32_final reference=paper_tfs max_abs=25.625 mean_abs=0.0345863904605 relative_L2=3.29508981367e-05 normalized_max=1.71890546137e-05 gate=0.001 pass=1
METHOD_CHECK graph=soc-Pokec method=bfull_accurate boundary=e2e_BF16_final reference=paper_tfs max_abs=4096 mean_abs=0.0344097108189 relative_L2=0.000329442011749 normalized_max=0.00276243093923 gate=0.01 pass=1
METHOD_CHECK graph=soc-Pokec method=bfull_accurate boundary=e2e_BF16_final reference=source_MKL_FP32 max_abs=24560.25 mean_abs=13.6668029697 relative_L2=0.0129437036711 normalized_max=0.0162940691287 gate=0.03 pass=1
METHOD_GATE_COMPLETE graph=soc-Pokec methods=9 pass=1
METHOD_TIME graph=soc-Pokec method=paper_tfs kind=e2e repeat=0 order=0 ms=96.7519283295
METHOD_TIME graph=soc-Pokec method=paper_tfs kind=e2e repeat=1 order=0 ms=98.3829498291
METHOD_TIME graph=soc-Pokec method=paper_tfs kind=e2e repeat=2 order=0 ms=98.886013031
METHOD_TIME graph=soc-Pokec method=paper_tfs kind=e2e repeat=3 order=0 ms=99.9300479889
METHOD_TIME graph=soc-Pokec method=paper_tfs kind=e2e repeat=4 order=0 ms=101.296901703
METHOD_TIME graph=soc-Pokec method=b8_fast kind=e2e repeat=0 order=1 ms=108.137845993
METHOD_TIME graph=soc-Pokec method=b8_fast kind=e2e repeat=1 order=1 ms=109.923839569
METHOD_TIME graph=soc-Pokec method=b8_fast kind=e2e repeat=2 order=1 ms=109.051942825
METHOD_TIME graph=soc-Pokec method=b8_fast kind=e2e repeat=3 order=1 ms=112.418889999
METHOD_TIME graph=soc-Pokec method=b8_fast kind=e2e repeat=4 order=1 ms=113.228797913
METHOD_TIME graph=soc-Pokec method=b8_accurate kind=e2e repeat=0 order=2 ms=120.921134949
METHOD_TIME graph=soc-Pokec method=b8_accurate kind=e2e repeat=1 order=2 ms=117.578983307
METHOD_TIME graph=soc-Pokec method=b8_accurate kind=e2e repeat=2 order=2 ms=118.327140808
METHOD_TIME graph=soc-Pokec method=b8_accurate kind=e2e repeat=3 order=2 ms=119.755029678
METHOD_TIME graph=soc-Pokec method=b8_accurate kind=e2e repeat=4 order=2 ms=116.688013077
METHOD_TIME graph=soc-Pokec method=b16_fast kind=e2e repeat=0 order=3 ms=102.144956589
METHOD_TIME graph=soc-Pokec method=b16_fast kind=e2e repeat=1 order=3 ms=104.45690155
METHOD_TIME graph=soc-Pokec method=b16_fast kind=e2e repeat=2 order=3 ms=104.189157486
METHOD_TIME graph=soc-Pokec method=b16_fast kind=e2e repeat=3 order=3 ms=101.207017899
METHOD_TIME graph=soc-Pokec method=b16_fast kind=e2e repeat=4 order=3 ms=101.568937302
METHOD_TIME graph=soc-Pokec method=b16_accurate kind=e2e repeat=0 order=4 ms=106.078147888
METHOD_TIME graph=soc-Pokec method=b16_accurate kind=e2e repeat=1 order=4 ms=108.156919479
METHOD_TIME graph=soc-Pokec method=b16_accurate kind=e2e repeat=2 order=4 ms=108.65688324
METHOD_TIME graph=soc-Pokec method=b16_accurate kind=e2e repeat=3 order=4 ms=106.487989426
METHOD_TIME graph=soc-Pokec method=b16_accurate kind=e2e repeat=4 order=4 ms=106.13489151
METHOD_TIME graph=soc-Pokec method=b64_fast kind=e2e repeat=0 order=5 ms=94.4261550903
METHOD_TIME graph=soc-Pokec method=b64_fast kind=e2e repeat=1 order=5 ms=95.0350761414
METHOD_TIME graph=soc-Pokec method=b64_fast kind=e2e repeat=2 order=5 ms=95.281124115
METHOD_TIME graph=soc-Pokec method=b64_fast kind=e2e repeat=3 order=5 ms=94.1820144653
METHOD_TIME graph=soc-Pokec method=b64_fast kind=e2e repeat=4 order=5 ms=96.1771011353
METHOD_TIME graph=soc-Pokec method=b64_accurate kind=e2e repeat=0 order=6 ms=97.8507995605
METHOD_TIME graph=soc-Pokec method=b64_accurate kind=e2e repeat=1 order=6 ms=98.4008312225
METHOD_TIME graph=soc-Pokec method=b64_accurate kind=e2e repeat=2 order=6 ms=98.5631942749
METHOD_TIME graph=soc-Pokec method=b64_accurate kind=e2e repeat=3 order=6 ms=97.2030162811
METHOD_TIME graph=soc-Pokec method=b64_accurate kind=e2e repeat=4 order=6 ms=98.3009338379
METHOD_TIME graph=soc-Pokec method=bfull_fast kind=e2e repeat=0 order=7 ms=95.4930782318
METHOD_TIME graph=soc-Pokec method=bfull_fast kind=e2e repeat=1 order=7 ms=94.8100090027
METHOD_TIME graph=soc-Pokec method=bfull_fast kind=e2e repeat=2 order=7 ms=95.5290794373
METHOD_TIME graph=soc-Pokec method=bfull_fast kind=e2e repeat=3 order=7 ms=94.9220657349
METHOD_TIME graph=soc-Pokec method=bfull_fast kind=e2e repeat=4 order=7 ms=94.3651199341
METHOD_TIME graph=soc-Pokec method=bfull_accurate kind=e2e repeat=0 order=8 ms=96.6339111328
METHOD_TIME graph=soc-Pokec method=bfull_accurate kind=e2e repeat=1 order=8 ms=98.7229347229
METHOD_TIME graph=soc-Pokec method=bfull_accurate kind=e2e repeat=2 order=8 ms=97.9189872742
METHOD_TIME graph=soc-Pokec method=bfull_accurate kind=e2e repeat=3 order=8 ms=97.2418785095
METHOD_TIME graph=soc-Pokec method=bfull_accurate kind=e2e repeat=4 order=8 ms=98.0031490326
METHOD_TIME graph=soc-Pokec method=source_mkl_fp32 kind=e2e repeat=0 order=9 ms=332.378864288
METHOD_TIME graph=soc-Pokec method=source_mkl_fp32 kind=e2e repeat=1 order=9 ms=331.871986389
METHOD_TIME graph=soc-Pokec method=source_mkl_fp32 kind=e2e repeat=2 order=9 ms=332.416057587
METHOD_TIME graph=soc-Pokec method=source_mkl_fp32 kind=e2e repeat=3 order=9 ms=332.103967667
METHOD_TIME graph=soc-Pokec method=source_mkl_fp32 kind=e2e repeat=4 order=9 ms=331.401824951
METHOD_COMPLETE graph=soc-Pokec methods=9 checks=36 pass=1 max_rss_kib=0
