CONFIG N=2449029 E=126167053 Din=100 C=47 threads=16 warmups=1 repeats=3 degree_sort_ms=331.585481 seed=11 untrained=true LR_policy=fp32 panel=64 tile_rows=16 attention_independent=true block_AMX_fusion=true performance=EXPLORATORY task_accuracy=UNVERIFIED
STATIC layer=1 prepare_ms=9.705756 block_workspace_bytes=3938366312 full_Z_bytes=0 edge_score_bytes=0 alpha_bytes=0
STATIC layer=2 prepare_ms=0.290675 block_workspace_bytes=4702725504 full_Z_bytes=0 edge_score_bytes=0 alpha_bytes=0
STATIC layer=3 prepare_ms=0.07796 block_workspace_bytes=1832463516 full_Z_bytes=0 edge_score_bytes=0 alpha_bytes=0
CHECK path=B0_FP32 layer=1 reference=B0_FP32_own_output_3layer max_abs_error=0 mean_abs_error=0 relative_L2_error=0 finite=1 original_abs_003_gate=PASS task_accuracy=UNVERIFIED
CHECK path=B0_FP32 layer=2 reference=B0_FP32_own_output_3layer max_abs_error=0 mean_abs_error=0 relative_L2_error=0 finite=1 original_abs_003_gate=PASS task_accuracy=UNVERIFIED
CHECK path=B0_FP32 layer=3 reference=B0_FP32_own_output_3layer max_abs_error=0 mean_abs_error=0 relative_L2_error=0 finite=1 original_abs_003_gate=PASS task_accuracy=UNVERIFIED
CHECK path=B0_BF16 layer=1 reference=B0_FP32_own_output_3layer max_abs_error=14.9706115723 mean_abs_error=0.00119692686635 relative_L2_error=0.00353063576973 finite=1 original_abs_003_gate=FAIL task_accuracy=UNVERIFIED
CHECK path=B0_BF16 layer=2 reference=B0_FP32_own_output_3layer max_abs_error=35.8837661743 mean_abs_error=0.00723928537782 relative_L2_error=0.011932822175 finite=1 original_abs_003_gate=FAIL task_accuracy=UNVERIFIED
CHECK path=B0_BF16 layer=3 reference=B0_FP32_own_output_3layer max_abs_error=25.1209583282 mean_abs_error=0.016643214169 relative_L2_error=0.0253783411542 finite=1 original_abs_003_gate=FAIL task_accuracy=UNVERIFIED
CHECK path=B1_TFS_PREMAX layer=1 reference=B0_FP32_own_output_3layer max_abs_error=1.22430419922 mean_abs_error=0.000970540471734 relative_L2_error=0.00227497348632 finite=1 original_abs_003_gate=FAIL task_accuracy=UNVERIFIED
CHECK path=B1_TFS_PREMAX layer=2 reference=B0_FP32_own_output_3layer max_abs_error=25.7524185181 mean_abs_error=0.00527628179888 relative_L2_error=0.00586198824051 finite=1 original_abs_003_gate=FAIL task_accuracy=UNVERIFIED
CHECK path=B1_TFS_PREMAX layer=3 reference=B0_FP32_own_output_3layer max_abs_error=6.08370304108 mean_abs_error=0.0135726650523 relative_L2_error=0.0150830626942 finite=1 original_abs_003_gate=FAIL task_accuracy=UNVERIFIED
CHECK path=ICPP_TFS_ONLINE_B32 layer=1 reference=B0_FP32_own_output_3layer max_abs_error=1.22430419922 mean_abs_error=0.000969079499589 relative_L2_error=0.00226808801184 finite=1 original_abs_003_gate=FAIL task_accuracy=UNVERIFIED
CHECK path=ICPP_TFS_ONLINE_B32 layer=2 reference=B0_FP32_own_output_3layer max_abs_error=25.6116943359 mean_abs_error=0.00526787531363 relative_L2_error=0.00585282620417 finite=1 original_abs_003_gate=FAIL task_accuracy=UNVERIFIED
CHECK path=ICPP_TFS_ONLINE_B32 layer=3 reference=B0_FP32_own_output_3layer max_abs_error=6.01900291443 mean_abs_error=0.0135793652594 relative_L2_error=0.015091784138 finite=1 original_abs_003_gate=FAIL task_accuracy=UNVERIFIED
CHECK path=ICPP_TFS_PAIR_B32 layer=1 reference=B0_FP32_own_output_3layer max_abs_error=1.22430419922 mean_abs_error=0.000969079499589 relative_L2_error=0.00226808801184 finite=1 original_abs_003_gate=FAIL task_accuracy=UNVERIFIED
CHECK path=ICPP_TFS_PAIR_B32 layer=2 reference=B0_FP32_own_output_3layer max_abs_error=25.6116943359 mean_abs_error=0.00526787531363 relative_L2_error=0.00585282620417 finite=1 original_abs_003_gate=FAIL task_accuracy=UNVERIFIED
CHECK path=ICPP_TFS_PAIR_B32 layer=3 reference=B0_FP32_own_output_3layer max_abs_error=6.01900291443 mean_abs_error=0.0135793652594 relative_L2_error=0.015091784138 finite=1 original_abs_003_gate=FAIL task_accuracy=UNVERIFIED
CHECK path=ICPP_TFS_BLOCK_B16 layer=1 reference=B0_FP32_own_output_3layer max_abs_error=1.22430419922 mean_abs_error=0.00109550909833 relative_L2_error=0.00234437236367 finite=1 original_abs_003_gate=FAIL task_accuracy=UNVERIFIED
CHECK path=ICPP_TFS_BLOCK_B16 layer=2 reference=B0_FP32_own_output_3layer max_abs_error=25.9700012207 mean_abs_error=0.00550684020661 relative_L2_error=0.00594869560261 finite=1 original_abs_003_gate=FAIL task_accuracy=UNVERIFIED
CHECK path=ICPP_TFS_BLOCK_B16 layer=3 reference=B0_FP32_own_output_3layer max_abs_error=6.17544651031 mean_abs_error=0.0139367281983 relative_L2_error=0.0152522564879 finite=1 original_abs_003_gate=FAIL task_accuracy=UNVERIFIED
CHECK path=ICPP_TFS_BLOCK_B32 layer=1 reference=B0_FP32_own_output_3layer max_abs_error=1.22430419922 mean_abs_error=0.00112307183555 relative_L2_error=0.00237683791508 finite=1 original_abs_003_gate=FAIL task_accuracy=UNVERIFIED
CHECK path=ICPP_TFS_BLOCK_B32 layer=2 reference=B0_FP32_own_output_3layer max_abs_error=26.5632553101 mean_abs_error=0.00557445176782 relative_L2_error=0.00599228985626 finite=1 original_abs_003_gate=FAIL task_accuracy=UNVERIFIED
CHECK path=ICPP_TFS_BLOCK_B32 layer=3 reference=B0_FP32_own_output_3layer max_abs_error=6.04270648956 mean_abs_error=0.013937158962 relative_L2_error=0.0151267222112 finite=1 original_abs_003_gate=FAIL task_accuracy=UNVERIFIED
CHECK path=ICPP_TFS_BLOCK_B64 layer=1 reference=B0_FP32_own_output_3layer max_abs_error=1.22430419922 mean_abs_error=0.0011478661966 relative_L2_error=0.00242278826231 finite=1 original_abs_003_gate=FAIL task_accuracy=UNVERIFIED
CHECK path=ICPP_TFS_BLOCK_B64 layer=2 reference=B0_FP32_own_output_3layer max_abs_error=26.5523376465 mean_abs_error=0.00563851496259 relative_L2_error=0.00603338664435 finite=1 original_abs_003_gate=FAIL task_accuracy=UNVERIFIED
CHECK path=ICPP_TFS_BLOCK_B64 layer=3 reference=B0_FP32_own_output_3layer max_abs_error=6.12857913971 mean_abs_error=0.0140047786389 relative_L2_error=0.0150716875223 finite=1 original_abs_003_gate=FAIL task_accuracy=UNVERIFIED
{"path":"B0_FP32","rep":0,"layer":1,"e2e_ms":3852.189487,"layer_ms":1620.434762,"projection_ms":67.714747,"conversion_ms":3.6e-05,"lr_ms":17.608833,"max_prescan_ms":41.062143,"kernel_ms":1453.064278,"normalization_ms":19.743277,"activation_ms":21.240826,"block":0}
{"path":"B0_FP32","rep":0,"layer":2,"e2e_ms":3852.189487,"layer_ms":1704.956977,"projection_ms":147.782654,"conversion_ms":2.9e-05,"lr_ms":18.124455,"max_prescan_ms":41.071139,"kernel_ms":1456.899822,"normalization_ms":19.639523,"activation_ms":21.438986,"block":0}
{"path":"B0_FP32","rep":0,"layer":3,"e2e_ms":3852.189487,"layer_ms":526.795168,"projection_ms":68.335172,"conversion_ms":2.6e-05,"lr_ms":3.721039,"max_prescan_ms":25.962934,"kernel_ms":425.31439,"normalization_ms":3.461136,"activation_ms":3.4e-05,"block":0}
{"path":"B0_BF16","rep":0,"layer":1,"e2e_ms":3751.797873,"layer_ms":1615.821245,"projection_ms":53.597172,"conversion_ms":11.642075,"lr_ms":17.391397,"max_prescan_ms":40.97021,"kernel_ms":1451.274168,"normalization_ms":19.749294,"activation_ms":21.196424,"block":0}
{"path":"B0_BF16","rep":0,"layer":2,"e2e_ms":3751.797873,"layer_ms":1639.250745,"projection_ms":59.689554,"conversion_ms":22.696483,"lr_ms":17.883437,"max_prescan_ms":41.098878,"kernel_ms":1456.798886,"normalization_ms":19.692282,"activation_ms":21.390929,"block":0}
{"path":"B0_BF16","rep":0,"layer":3,"e2e_ms":3751.797873,"layer_ms":496.724163,"projection_ms":14.741194,"conversion_ms":23.199033,"lr_ms":3.859424,"max_prescan_ms":26.044504,"kernel_ms":425.448455,"normalization_ms":3.431162,"activation_ms":3.5e-05,"block":0}
{"path":"B1_TFS_PREMAX","rep":0,"layer":1,"e2e_ms":16312.19448,"layer_ms":5930.073348,"projection_ms":0,"conversion_ms":12.612712,"lr_ms":12.938423,"max_prescan_ms":41.096842,"kernel_ms":5822.782567,"normalization_ms":19.031604,"activation_ms":21.610838,"block":0}
{"path":"B1_TFS_PREMAX","rep":0,"layer":2,"e2e_ms":16312.19448,"layer_ms":9063.95748,"projection_ms":0,"conversion_ms":23.283099,"lr_ms":21.575181,"max_prescan_ms":41.170303,"kernel_ms":8937.042414,"normalization_ms":19.482234,"activation_ms":21.403826,"block":0}
{"path":"B1_TFS_PREMAX","rep":0,"layer":3,"e2e_ms":16312.19448,"layer_ms":1318.160586,"projection_ms":0,"conversion_ms":24.045848,"lr_ms":18.858249,"max_prescan_ms":25.971964,"kernel_ms":1245.867164,"normalization_ms":3.416962,"activation_ms":3.6e-05,"block":0}
{"path":"ICPP_TFS_ONLINE_B32","rep":0,"layer":1,"e2e_ms":15966.522312,"layer_ms":5354.214683,"projection_ms":0,"conversion_ms":12.490187,"lr_ms":12.816879,"max_prescan_ms":0,"kernel_ms":5288.580186,"normalization_ms":18.923186,"activation_ms":21.403705,"block":32}
{"path":"ICPP_TFS_ONLINE_B32","rep":0,"layer":2,"e2e_ms":15966.522312,"layer_ms":9320.05769,"projection_ms":0,"conversion_ms":22.134112,"lr_ms":21.318799,"max_prescan_ms":0,"kernel_ms":9235.89862,"normalization_ms":19.125041,"activation_ms":21.580768,"block":32}
{"path":"ICPP_TFS_ONLINE_B32","rep":0,"layer":3,"e2e_ms":15966.522312,"layer_ms":1292.241486,"projection_ms":0,"conversion_ms":22.449478,"lr_ms":18.748956,"max_prescan_ms":0,"kernel_ms":1247.63369,"normalization_ms":3.409023,"activation_ms":4.7e-05,"block":32}
{"path":"ICPP_TFS_PAIR_B32","rep":0,"layer":1,"e2e_ms":10912.286186,"layer_ms":3280.436146,"projection_ms":0,"conversion_ms":12.223056,"lr_ms":13.035089,"max_prescan_ms":0,"kernel_ms":3214.403259,"normalization_ms":19.127528,"activation_ms":21.646755,"block":32}
{"path":"ICPP_TFS_PAIR_B32","rep":0,"layer":2,"e2e_ms":10912.286186,"layer_ms":6348.294394,"projection_ms":0,"conversion_ms":23.104139,"lr_ms":21.248422,"max_prescan_ms":0,"kernel_ms":6262.841511,"normalization_ms":19.329711,"activation_ms":21.770344,"block":32}
{"path":"ICPP_TFS_PAIR_B32","rep":0,"layer":3,"e2e_ms":10912.286186,"layer_ms":1283.549436,"projection_ms":0,"conversion_ms":22.556441,"lr_ms":18.904495,"max_prescan_ms":0,"kernel_ms":1238.570109,"normalization_ms":3.51775,"activation_ms":0.000189,"block":32}
{"path":"ICPP_TFS_BLOCK_B16","rep":0,"layer":1,"e2e_ms":12917.433479,"layer_ms":4182.647477,"projection_ms":0,"conversion_ms":11.848262,"lr_ms":12.686427,"max_prescan_ms":0,"kernel_ms":4117.534472,"normalization_ms":18.968792,"activation_ms":21.609288,"block":16}
{"path":"ICPP_TFS_BLOCK_B16","rep":0,"layer":2,"e2e_ms":12917.433479,"layer_ms":7741.439672,"projection_ms":0,"conversion_ms":22.568939,"lr_ms":21.178649,"max_prescan_ms":0,"kernel_ms":7656.678957,"normalization_ms":19.22496,"activation_ms":21.787934,"block":16}
{"path":"ICPP_TFS_BLOCK_B16","rep":0,"layer":3,"e2e_ms":12917.433479,"layer_ms":993.340768,"projection_ms":0,"conversion_ms":23.526174,"lr_ms":18.925448,"max_prescan_ms":0,"kernel_ms":947.626645,"normalization_ms":3.261919,"activation_ms":3.8e-05,"block":16}
{"path":"ICPP_TFS_BLOCK_B32","rep":0,"layer":1,"e2e_ms":14066.211847,"layer_ms":4128.920577,"projection_ms":0,"conversion_ms":9.303627,"lr_ms":12.025507,"max_prescan_ms":0,"kernel_ms":4066.704688,"normalization_ms":18.989245,"activation_ms":21.897206,"block":32}
{"path":"ICPP_TFS_BLOCK_B32","rep":0,"layer":2,"e2e_ms":14066.211847,"layer_ms":8814.905736,"projection_ms":0,"conversion_ms":19.315682,"lr_ms":20.17947,"max_prescan_ms":0,"kernel_ms":8734.405181,"normalization_ms":19.264307,"activation_ms":21.740719,"block":32}
{"path":"ICPP_TFS_BLOCK_B32","rep":0,"layer":3,"e2e_ms":14066.211847,"layer_ms":1122.380941,"projection_ms":0,"conversion_ms":18.991223,"lr_ms":18.895457,"max_prescan_ms":0,"kernel_ms":1081.225148,"normalization_ms":3.268764,"activation_ms":5.8e-05,"block":32}
{"path":"ICPP_TFS_BLOCK_B64","rep":0,"layer":1,"e2e_ms":14036.358419,"layer_ms":4105.093537,"projection_ms":0,"conversion_ms":9.314326,"lr_ms":12.030072,"max_prescan_ms":0,"kernel_ms":4043.246755,"normalization_ms":18.973913,"activation_ms":21.528161,"block":64}
{"path":"ICPP_TFS_BLOCK_B64","rep":0,"layer":2,"e2e_ms":14036.358419,"layer_ms":8811.381028,"projection_ms":0,"conversion_ms":18.894056,"lr_ms":20.227923,"max_prescan_ms":0,"kernel_ms":8731.288624,"normalization_ms":19.218629,"activation_ms":21.751443,"block":64}
{"path":"ICPP_TFS_BLOCK_B64","rep":0,"layer":3,"e2e_ms":14036.358419,"layer_ms":1119.877637,"projection_ms":0,"conversion_ms":19.01646,"lr_ms":18.882551,"max_prescan_ms":0,"kernel_ms":1078.697663,"normalization_ms":3.280521,"activation_ms":3.4e-05,"block":64}
{"path":"ICPP_TFS_BLOCK_B64","rep":1,"layer":1,"e2e_ms":14044.213563,"layer_ms":4100.884085,"projection_ms":0,"conversion_ms":9.323358,"lr_ms":12.037506,"max_prescan_ms":0,"kernel_ms":4038.922051,"normalization_ms":18.955863,"activation_ms":21.645044,"block":64}
{"path":"ICPP_TFS_BLOCK_B64","rep":1,"layer":2,"e2e_ms":14044.213563,"layer_ms":8821.471759,"projection_ms":0,"conversion_ms":18.85369,"lr_ms":20.167122,"max_prescan_ms":0,"kernel_ms":8741.485837,"normalization_ms":19.248803,"activation_ms":21.716092,"block":64}
{"path":"ICPP_TFS_BLOCK_B64","rep":1,"layer":3,"e2e_ms":14044.213563,"layer_ms":1121.853836,"projection_ms":0,"conversion_ms":19.040909,"lr_ms":18.883123,"max_prescan_ms":0,"kernel_ms":1080.675745,"normalization_ms":3.253602,"activation_ms":3.5e-05,"block":64}
{"path":"ICPP_TFS_BLOCK_B32","rep":1,"layer":1,"e2e_ms":14131.16801,"layer_ms":4115.893198,"projection_ms":0,"conversion_ms":9.311698,"lr_ms":11.996045,"max_prescan_ms":0,"kernel_ms":4053.977934,"normalization_ms":18.986987,"activation_ms":21.620224,"block":32}
{"path":"ICPP_TFS_BLOCK_B32","rep":1,"layer":2,"e2e_ms":14131.16801,"layer_ms":8878.397837,"projection_ms":0,"conversion_ms":19.094956,"lr_ms":20.236151,"max_prescan_ms":0,"kernel_ms":8798.01279,"normalization_ms":19.269442,"activation_ms":21.784156,"block":32}
{"path":"ICPP_TFS_BLOCK_B32","rep":1,"layer":3,"e2e_ms":14131.16801,"layer_ms":1136.872205,"projection_ms":0,"conversion_ms":19.045043,"lr_ms":18.762015,"max_prescan_ms":0,"kernel_ms":1095.816168,"normalization_ms":3.248622,"activation_ms":4.7e-05,"block":32}
{"path":"ICPP_TFS_BLOCK_B16","rep":1,"layer":1,"e2e_ms":12954.64874,"layer_ms":4190.520705,"projection_ms":0,"conversion_ms":9.349891,"lr_ms":12.015402,"max_prescan_ms":0,"kernel_ms":4128.573348,"normalization_ms":18.958385,"activation_ms":21.6234,"block":16}
{"path":"ICPP_TFS_BLOCK_B16","rep":1,"layer":2,"e2e_ms":12954.64874,"layer_ms":7775.302583,"projection_ms":0,"conversion_ms":19.057567,"lr_ms":20.175493,"max_prescan_ms":0,"kernel_ms":7695.020844,"normalization_ms":19.264848,"activation_ms":21.78358,"block":16}
{"path":"ICPP_TFS_BLOCK_B16","rep":1,"layer":3,"e2e_ms":12954.64874,"layer_ms":988.820969,"projection_ms":0,"conversion_ms":19.054147,"lr_ms":18.84621,"max_prescan_ms":0,"kernel_ms":947.640146,"normalization_ms":3.280105,"activation_ms":4.7e-05,"block":16}
{"path":"ICPP_TFS_PAIR_B32","rep":1,"layer":1,"e2e_ms":10904.985125,"layer_ms":3271.802844,"projection_ms":0,"conversion_ms":9.861051,"lr_ms":12.403883,"max_prescan_ms":0,"kernel_ms":3208.791581,"normalization_ms":19.188078,"activation_ms":21.557419,"block":32}
{"path":"ICPP_TFS_PAIR_B32","rep":1,"layer":2,"e2e_ms":10904.985125,"layer_ms":6322.294702,"projection_ms":0,"conversion_ms":19.292265,"lr_ms":20.661732,"max_prescan_ms":0,"kernel_ms":6240.858093,"normalization_ms":19.457111,"activation_ms":22.025149,"block":32}
{"path":"ICPP_TFS_PAIR_B32","rep":1,"layer":3,"e2e_ms":10904.985125,"layer_ms":1310.880952,"projection_ms":0,"conversion_ms":19.417066,"lr_ms":19.055668,"max_prescan_ms":0,"kernel_ms":1268.944848,"normalization_ms":3.462874,"activation_ms":0.000172,"block":32}
{"path":"ICPP_TFS_ONLINE_B32","rep":1,"layer":1,"e2e_ms":15986.196034,"layer_ms":5344.089752,"projection_ms":0,"conversion_ms":10.069608,"lr_ms":12.456481,"max_prescan_ms":0,"kernel_ms":5281.188626,"normalization_ms":19.011348,"activation_ms":21.363376,"block":32}
{"path":"ICPP_TFS_ONLINE_B32","rep":1,"layer":2,"e2e_ms":15986.196034,"layer_ms":9342.903523,"projection_ms":0,"conversion_ms":20.246894,"lr_ms":20.782296,"max_prescan_ms":0,"kernel_ms":9261.319649,"normalization_ms":19.022967,"activation_ms":21.531396,"block":32}
{"path":"ICPP_TFS_ONLINE_B32","rep":1,"layer":3,"e2e_ms":15986.196034,"layer_ms":1299.197582,"projection_ms":0,"conversion_ms":20.115976,"lr_ms":18.781298,"max_prescan_ms":0,"kernel_ms":1256.920956,"normalization_ms":3.378956,"activation_ms":3.5e-05,"block":32}
{"path":"B1_TFS_PREMAX","rep":1,"layer":1,"e2e_ms":16307.335776,"layer_ms":5947.616107,"projection_ms":0,"conversion_ms":11.309001,"lr_ms":12.631443,"max_prescan_ms":40.973116,"kernel_ms":5841.881018,"normalization_ms":19.191655,"activation_ms":21.629517,"block":0}
{"path":"B1_TFS_PREMAX","rep":1,"layer":2,"e2e_ms":16307.335776,"layer_ms":9081.75132,"projection_ms":0,"conversion_ms":22.121916,"lr_ms":21.45798,"max_prescan_ms":41.130298,"kernel_ms":8956.191553,"normalization_ms":19.507067,"activation_ms":21.342211,"block":0}
{"path":"B1_TFS_PREMAX","rep":1,"layer":3,"e2e_ms":16307.335776,"layer_ms":1277.965749,"projection_ms":0,"conversion_ms":21.503141,"lr_ms":18.851805,"max_prescan_ms":25.962199,"kernel_ms":1208.225014,"normalization_ms":3.423256,"activation_ms":3.8e-05,"block":0}
{"path":"B0_BF16","rep":1,"layer":1,"e2e_ms":3767.254807,"layer_ms":1623.649642,"projection_ms":60.252226,"conversion_ms":12.080937,"lr_ms":17.649402,"max_prescan_ms":41.050751,"kernel_ms":1451.57032,"normalization_ms":19.683833,"activation_ms":21.361736,"block":0}
{"path":"B0_BF16","rep":1,"layer":2,"e2e_ms":3767.254807,"layer_ms":1646.359758,"projection_ms":64.167743,"conversion_ms":23.216373,"lr_ms":18.136872,"max_prescan_ms":41.102548,"kernel_ms":1458.631313,"normalization_ms":19.667194,"activation_ms":21.43741,"block":0}
{"path":"B0_BF16","rep":1,"layer":3,"e2e_ms":3767.254807,"layer_ms":497.242111,"projection_ms":15.692047,"conversion_ms":22.993339,"lr_ms":3.68409,"max_prescan_ms":26.025884,"kernel_ms":425.428826,"normalization_ms":3.417542,"activation_ms":2.6e-05,"block":0}
{"path":"B0_FP32","rep":1,"layer":1,"e2e_ms":3836.666327,"layer_ms":1606.939557,"projection_ms":63.627384,"conversion_ms":3.5e-05,"lr_ms":17.464761,"max_prescan_ms":41.025057,"kernel_ms":1443.824942,"normalization_ms":19.766117,"activation_ms":21.230888,"block":0}
{"path":"B0_FP32","rep":1,"layer":2,"e2e_ms":3836.666327,"layer_ms":1702.499813,"projection_ms":145.283366,"conversion_ms":4e-05,"lr_ms":17.915373,"max_prescan_ms":41.088385,"kernel_ms":1457.097355,"normalization_ms":19.679953,"activation_ms":21.434961,"block":0}
{"path":"B0_FP32","rep":1,"layer":3,"e2e_ms":3836.666327,"layer_ms":527.225023,"projection_ms":68.204019,"conversion_ms":2.5e-05,"lr_ms":3.717391,"max_prescan_ms":25.951496,"kernel_ms":425.890332,"normalization_ms":3.461277,"activation_ms":0.000101,"block":0}
{"path":"B0_FP32","rep":2,"layer":1,"e2e_ms":3834.039627,"layer_ms":1606.014689,"projection_ms":62.523649,"conversion_ms":1.9e-05,"lr_ms":17.413952,"max_prescan_ms":40.99739,"kernel_ms":1444.110402,"normalization_ms":19.747163,"activation_ms":21.221655,"block":0}
{"path":"B0_FP32","rep":2,"layer":2,"e2e_ms":3834.039627,"layer_ms":1701.264987,"projection_ms":145.235421,"conversion_ms":2e-05,"lr_ms":17.973808,"max_prescan_ms":41.059572,"kernel_ms":1455.903818,"normalization_ms":19.654557,"activation_ms":21.437519,"block":0}
{"path":"B0_FP32","rep":2,"layer":3,"e2e_ms":3834.039627,"layer_ms":526.758288,"projection_ms":68.265139,"conversion_ms":1.9e-05,"lr_ms":3.714943,"max_prescan_ms":25.988506,"kernel_ms":425.356896,"normalization_ms":3.432381,"activation_ms":3.5e-05,"block":0}
{"path":"B0_BF16","rep":2,"layer":1,"e2e_ms":3734.382288,"layer_ms":1606.435438,"projection_ms":53.286238,"conversion_ms":9.604254,"lr_ms":17.331659,"max_prescan_ms":41.00739,"kernel_ms":1444.364655,"normalization_ms":19.67009,"activation_ms":21.170599,"block":0}
{"path":"B0_BF16","rep":2,"layer":2,"e2e_ms":3734.382288,"layer_ms":1635.882372,"projection_ms":59.883562,"conversion_ms":19.12661,"lr_ms":18.128865,"max_prescan_ms":41.037063,"kernel_ms":1456.608066,"normalization_ms":19.706609,"activation_ms":21.391272,"block":0}
{"path":"B0_BF16","rep":2,"layer":3,"e2e_ms":3734.382288,"layer_ms":492.062264,"projection_ms":14.712209,"conversion_ms":18.869687,"lr_ms":3.680388,"max_prescan_ms":25.986036,"kernel_ms":425.383802,"normalization_ms":3.42974,"activation_ms":3.5e-05,"block":0}
{"path":"B1_TFS_PREMAX","rep":2,"layer":1,"e2e_ms":16330.74386,"layer_ms":5937.207221,"projection_ms":0,"conversion_ms":10.936918,"lr_ms":12.458069,"max_prescan_ms":40.988908,"kernel_ms":5832.126415,"normalization_ms":19.050287,"activation_ms":21.646172,"block":0}
{"path":"B1_TFS_PREMAX","rep":2,"layer":2,"e2e_ms":16330.74386,"layer_ms":9101.880449,"projection_ms":0,"conversion_ms":20.105213,"lr_ms":20.910704,"max_prescan_ms":41.188965,"kernel_ms":8978.737298,"normalization_ms":19.604542,"activation_ms":21.333403,"block":0}
{"path":"B1_TFS_PREMAX","rep":2,"layer":3,"e2e_ms":16330.74386,"layer_ms":1291.653093,"projection_ms":0,"conversion_ms":20.501696,"lr_ms":18.798539,"max_prescan_ms":25.968566,"kernel_ms":1222.984599,"normalization_ms":3.399288,"activation_ms":3.6e-05,"block":0}
{"path":"ICPP_TFS_ONLINE_B32","rep":2,"layer":1,"e2e_ms":15999.302519,"layer_ms":5365.596106,"projection_ms":0,"conversion_ms":11.560108,"lr_ms":12.494724,"max_prescan_ms":0,"kernel_ms":5301.258423,"normalization_ms":18.909415,"activation_ms":21.372598,"block":32}
{"path":"ICPP_TFS_ONLINE_B32","rep":2,"layer":2,"e2e_ms":15999.302519,"layer_ms":9333.211876,"projection_ms":0,"conversion_ms":20.490295,"lr_ms":20.799665,"max_prescan_ms":0,"kernel_ms":9251.110007,"normalization_ms":18.998543,"activation_ms":21.81306,"block":32}
{"path":"ICPP_TFS_ONLINE_B32","rep":2,"layer":3,"e2e_ms":15999.302519,"layer_ms":1300.488134,"projection_ms":0,"conversion_ms":20.738732,"lr_ms":18.563446,"max_prescan_ms":0,"kernel_ms":1257.785583,"normalization_ms":3.40003,"activation_ms":7.3e-05,"block":32}
{"path":"ICPP_TFS_PAIR_B32","rep":2,"layer":1,"e2e_ms":10903.802184,"layer_ms":3232.675799,"projection_ms":0,"conversion_ms":11.660793,"lr_ms":12.959095,"max_prescan_ms":0,"kernel_ms":3167.281324,"normalization_ms":19.155313,"activation_ms":21.618759,"block":32}
{"path":"ICPP_TFS_PAIR_B32","rep":2,"layer":2,"e2e_ms":10903.802184,"layer_ms":6387.736907,"projection_ms":0,"conversion_ms":22.331529,"lr_ms":21.027742,"max_prescan_ms":0,"kernel_ms":6303.25565,"normalization_ms":19.368286,"activation_ms":21.753428,"block":32}
{"path":"ICPP_TFS_PAIR_B32","rep":2,"layer":3,"e2e_ms":10903.802184,"layer_ms":1283.384605,"projection_ms":0,"conversion_ms":21.837392,"lr_ms":18.897746,"max_prescan_ms":0,"kernel_ms":1239.124398,"normalization_ms":3.524623,"activation_ms":3.7e-05,"block":32}
{"path":"ICPP_TFS_BLOCK_B16","rep":2,"layer":1,"e2e_ms":12959.239427,"layer_ms":4196.791075,"projection_ms":0,"conversion_ms":11.628356,"lr_ms":12.669297,"max_prescan_ms":0,"kernel_ms":4131.890749,"normalization_ms":19.011297,"activation_ms":21.590921,"block":16}
{"path":"ICPP_TFS_BLOCK_B16","rep":2,"layer":2,"e2e_ms":12959.239427,"layer_ms":7754.902842,"projection_ms":0,"conversion_ms":22.811895,"lr_ms":21.220649,"max_prescan_ms":0,"kernel_ms":7669.84538,"normalization_ms":19.304233,"activation_ms":21.720373,"block":16}
{"path":"ICPP_TFS_BLOCK_B16","rep":2,"layer":3,"e2e_ms":12959.239427,"layer_ms":1007.540954,"projection_ms":0,"conversion_ms":23.127113,"lr_ms":19.047591,"max_prescan_ms":0,"kernel_ms":962.073184,"normalization_ms":3.29247,"activation_ms":4.6e-05,"block":16}
{"path":"ICPP_TFS_BLOCK_B32","rep":2,"layer":1,"e2e_ms":14129.060511,"layer_ms":4138.18381,"projection_ms":0,"conversion_ms":9.313777,"lr_ms":11.998624,"max_prescan_ms":0,"kernel_ms":4076.327188,"normalization_ms":18.922677,"activation_ms":21.621325,"block":32}
{"path":"ICPP_TFS_BLOCK_B32","rep":2,"layer":2,"e2e_ms":14129.060511,"layer_ms":8859.405268,"projection_ms":0,"conversion_ms":18.872516,"lr_ms":20.241216,"max_prescan_ms":0,"kernel_ms":8779.289898,"normalization_ms":19.25719,"activation_ms":21.744019,"block":32}
{"path":"ICPP_TFS_BLOCK_B32","rep":2,"layer":3,"e2e_ms":14129.060511,"layer_ms":1131.466256,"projection_ms":0,"conversion_ms":19.01847,"lr_ms":18.800236,"max_prescan_ms":0,"kernel_ms":1090.376998,"normalization_ms":3.270203,"activation_ms":3.6e-05,"block":32}
{"path":"ICPP_TFS_BLOCK_B64","rep":2,"layer":1,"e2e_ms":14000.541901,"layer_ms":4094.339635,"projection_ms":0,"conversion_ms":9.310039,"lr_ms":12.006843,"max_prescan_ms":0,"kernel_ms":4032.531055,"normalization_ms":18.952475,"activation_ms":21.539007,"block":64}
{"path":"ICPP_TFS_BLOCK_B64","rep":2,"layer":2,"e2e_ms":14000.541901,"layer_ms":8787.135704,"projection_ms":0,"conversion_ms":19.026618,"lr_ms":20.234369,"max_prescan_ms":0,"kernel_ms":8706.786033,"normalization_ms":19.339317,"activation_ms":21.749055,"block":64}
{"path":"ICPP_TFS_BLOCK_B64","rep":2,"layer":3,"e2e_ms":14000.541901,"layer_ms":1119.062279,"projection_ms":0,"conversion_ms":19.009261,"lr_ms":18.891533,"max_prescan_ms":0,"kernel_ms":1077.889514,"normalization_ms":3.271632,"activation_ms":3.8e-05,"block":64}
CHECK path=ICPP_TFS_BLOCK_B16 layer=2 reference=FP32_same_input_same_contracted_LR_no_ELU max_abs_error=1.20500659943 mean_abs_error=0.00521389804125 relative_L2_error=0.00246762590932 finite=1 original_abs_003_gate=FAIL task_accuracy=UNVERIFIED
CHECK path=ICPP_TFS_BLOCK_B32 layer=2 reference=FP32_same_input_same_contracted_LR_no_ELU max_abs_error=1.20500659943 mean_abs_error=0.00533872992641 relative_L2_error=0.00251973802182 finite=1 original_abs_003_gate=FAIL task_accuracy=UNVERIFIED
CHECK path=ICPP_TFS_BLOCK_B64 layer=2 reference=FP32_same_input_same_contracted_LR_no_ELU max_abs_error=1.20500659943 mean_abs_error=0.00544012541441 relative_L2_error=0.00256349721902 finite=1 original_abs_003_gate=FAIL task_accuracy=UNVERIFIED
PROFILE_IDENTITY path=ICPP_TFS_BLOCK_B16 layer=1 bit_fingerprint_equal=1
PROFILE path=ICPP_TFS_BLOCK_B16 layer=1 layer_wall_ms=4356.57784 kernel_wall_ms=4293.92153 sampled_tiles=9567 worker_times_are_sampled_sums=true score_generation_worker_ms=156.581643 block_max_worker_ms=14.273697 exp_den_worker_ms=3.630338 feature_gather_FP32_SpMM_worker_ms=404.585625 block_BF16_pack_worker_ms=10.285107 amx_load_compute_worker_ms=13.740754 rescale_store_worker_ms=0.895113 rescale_vector_worker_ms=3.060432 rescale_reload_worker_ms=1.110451 final_store_worker_ms=0.397885 output_write_worker_ms=14.136836 scheduling_worker_ms=21.633461 tile_config_worker_ms=0.051222 combined_staging_span=true combined_amx_load_compute_span=true
ONLINE_STATS path=ICPP_TFS_BLOCK_B16 layer=1 block=16 heads=8 D=100 d=32 blocks=73164920 max_updates_including_initial=31066144 rescales=11473912 rescale_per_block=0.156822586562 P50=0 P90=0.4 P95=0.5 P99=0.666666666667 rescaled_feature_elements=367165184 rescaled_padded_feature_elements=367165184 rescale_events=2820436 spill_bytes=5776252928 reload_bytes=5776252928 amx_calls=36654720 executed_fma=300275466240 total_tiles=1224520 neighbor_steps=4581840 neighbor_steps_unit=block_projection_calls
BLOCK_WORK layer=1 block=16 actual_input_feature_FMA=100933642400 padded_input_feature_FMA=113045679488 useful_projection_FMA=234127744000 block_projection_calls=4581840 conversion_elements=9383608320 source_neighbor_steps=63227544 logical_H_bytes=201867284800 edgewise_original_AMX_calls=505820352 TDP_reduction=13.7995966686 original_input_width_amplification=3.125 traffic_is_logical_not_DRAM=true
PROFILE_IDENTITY path=ICPP_TFS_BLOCK_B16 layer=2 bit_fingerprint_equal=1
PROFILE path=ICPP_TFS_BLOCK_B16 layer=2 layer_wall_ms=7829.290406 kernel_wall_ms=7748.5863 sampled_tiles=9567 worker_times_are_sampled_sums=true score_generation_worker_ms=167.05448 block_max_worker_ms=14.74997 exp_den_worker_ms=3.847859 feature_gather_FP32_SpMM_worker_ms=799.040883 block_BF16_pack_worker_ms=17.134926 amx_load_compute_worker_ms=27.851597 rescale_store_worker_ms=0.800743 rescale_vector_worker_ms=2.777595 rescale_reload_worker_ms=1.105745 final_store_worker_ms=0.366528 output_write_worker_ms=13.539302 scheduling_worker_ms=26.848757 tile_config_worker_ms=0.049578 combined_staging_span=true combined_amx_load_compute_span=true
ONLINE_STATS path=ICPP_TFS_BLOCK_B16 layer=2 block=16 heads=8 D=256 d=32 blocks=73164920 max_updates_including_initial=28995162 rescales=9402930 rescale_per_block=0.12851691767 P50=0 P90=0.333333333333 P95=0.5 P99=0.6 rescaled_feature_elements=300893760 rescaled_padded_feature_elements=300893760 rescale_events=2621278 spill_bytes=5368377344 reload_bytes=5368377344 amx_calls=73309440 executed_fma=600550932480 total_tiles=1224520 neighbor_steps=4581840 neighbor_steps_unit=block_projection_calls
BLOCK_WORK layer=2 block=16 actual_input_feature_FMA=258390124544 padded_input_feature_FMA=258390124544 useful_projection_FMA=599367024640 block_projection_calls=4581840 conversion_elements=18767216640 source_neighbor_steps=63227544 logical_H_bytes=516780249088 edgewise_original_AMX_calls=1011640704 TDP_reduction=13.7995966686 original_input_width_amplification=8 traffic_is_logical_not_DRAM=true
PROFILE_IDENTITY path=ICPP_TFS_BLOCK_B16 layer=3 bit_fingerprint_equal=1
PROFILE path=ICPP_TFS_BLOCK_B16 layer=3 layer_wall_ms=1026.602361 kernel_wall_ms=984.530638 sampled_tiles=1196 worker_times_are_sampled_sums=true score_generation_worker_ms=15.602535 block_max_worker_ms=1.877797 exp_den_worker_ms=0.439563 feature_gather_FP32_SpMM_worker_ms=98.325565 block_BF16_pack_worker_ms=2.080098 amx_load_compute_worker_ms=4.469813 rescale_store_worker_ms=0.108772 rescale_vector_worker_ms=0.479969 rescale_reload_worker_ms=0.09707 final_store_worker_ms=0.051909 output_write_worker_ms=1.883755 scheduling_worker_ms=2.906896 tile_config_worker_ms=0.047724 combined_staging_span=true combined_amx_load_compute_span=true
ONLINE_STATS path=ICPP_TFS_BLOCK_B16 layer=3 block=16 heads=1 D=256 d=47 blocks=9145615 max_updates_including_initial=4066207 rescales=1617178 rescale_per_block=0.176825505994 P50=0 P90=0.5 P95=0.5 P99=0.666666666667 rescaled_feature_elements=76007366 rescaled_padded_feature_elements=77624544 rescale_events=359298 spill_bytes=1103763456 reload_bytes=1103763456 amx_calls=13745520 executed_fma=112603299840 total_tiles=153065 neighbor_steps=572730 neighbor_steps_unit=block_projection_calls
BLOCK_WORK layer=3 block=16 actual_input_feature_FMA=32298765568 padded_input_feature_FMA=32298765568 useful_projection_FMA=110040039680 block_projection_calls=572730 conversion_elements=2345902080 source_neighbor_steps=7903443 logical_H_bytes=64597531136 edgewise_original_AMX_calls=189682632 TDP_reduction=13.7995966686 original_input_width_amplification=5.44680851064 traffic_is_logical_not_DRAM=true
PROFILE_IDENTITY path=ICPP_TFS_BLOCK_B32 layer=1 bit_fingerprint_equal=1
PROFILE path=ICPP_TFS_BLOCK_B32 layer=1 layer_wall_ms=4250.31254 kernel_wall_ms=4188.044978 sampled_tiles=9567 worker_times_are_sampled_sums=true score_generation_worker_ms=157.455199 block_max_worker_ms=12.563361 exp_den_worker_ms=2.948617 feature_gather_FP32_SpMM_worker_ms=415.365461 block_BF16_pack_worker_ms=5.829317 amx_load_compute_worker_ms=9.293956 rescale_store_worker_ms=0.419581 rescale_vector_worker_ms=1.503498 rescale_reload_worker_ms=0.546423 final_store_worker_ms=0.400992 output_write_worker_ms=14.029455 scheduling_worker_ms=14.076327 tile_config_worker_ms=0.047129 combined_staging_span=true combined_amx_load_compute_span=true
ONLINE_STATS path=ICPP_TFS_BLOCK_B32 layer=1 block=32 heads=8 D=100 d=32 blocks=42882792 max_updates_including_initial=25358082 rescales=5765850 rescale_per_block=0.134456030755 P50=0 P90=0.333333333333 P95=0.5 P99=0.666666666667 rescaled_feature_elements=184507200 rescaled_padded_feature_elements=184507200 rescale_events=1282420 spill_bytes=2626396160 reload_bytes=2626396160 amx_calls=21477376 executed_fma=175942664192 total_tiles=1224520 neighbor_steps=2684672 neighbor_steps_unit=block_projection_calls
BLOCK_WORK layer=1 block=32 actual_input_feature_FMA=100933642400 padded_input_feature_FMA=113045679488 useful_projection_FMA=137224934400 block_projection_calls=2684672 conversion_elements=5498208256 source_neighbor_steps=63227544 logical_H_bytes=201867284800 edgewise_original_AMX_calls=505820352 TDP_reduction=23.5513105512 original_input_width_amplification=3.125 traffic_is_logical_not_DRAM=true
PROFILE_IDENTITY path=ICPP_TFS_BLOCK_B32 layer=2 bit_fingerprint_equal=1
PROFILE path=ICPP_TFS_BLOCK_B32 layer=2 layer_wall_ms=9014.696932 kernel_wall_ms=8934.277865 sampled_tiles=9567 worker_times_are_sampled_sums=true score_generation_worker_ms=166.629687 block_max_worker_ms=13.224049 exp_den_worker_ms=3.347669 feature_gather_FP32_SpMM_worker_ms=948.341263 block_BF16_pack_worker_ms=10.299295 amx_load_compute_worker_ms=23.076551 rescale_store_worker_ms=0.426603 rescale_vector_worker_ms=1.371856 rescale_reload_worker_ms=0.601705 final_store_worker_ms=0.38492 output_write_worker_ms=13.452297 scheduling_worker_ms=17.276904 tile_config_worker_ms=0.050831 combined_staging_span=true combined_amx_load_compute_span=true
ONLINE_STATS path=ICPP_TFS_BLOCK_B32 layer=2 block=32 heads=8 D=256 d=32 blocks=42882792 max_updates_including_initial=24071146 rescales=4478914 rescale_per_block=0.1044454848 P50=0 P90=0.333333333333 P95=0.5 P99=0.5 rescaled_feature_elements=143325248 rescaled_padded_feature_elements=143325248 rescale_events=1203060 spill_bytes=2463866880 reload_bytes=2463866880 amx_calls=42954752 executed_fma=351885328384 total_tiles=1224520 neighbor_steps=2684672 neighbor_steps_unit=block_projection_calls
BLOCK_WORK layer=2 block=32 actual_input_feature_FMA=258390124544 padded_input_feature_FMA=258390124544 useful_projection_FMA=351295832064 block_projection_calls=2684672 conversion_elements=10996416512 source_neighbor_steps=63227544 logical_H_bytes=516780249088 edgewise_original_AMX_calls=1011640704 TDP_reduction=23.5513105512 original_input_width_amplification=8 traffic_is_logical_not_DRAM=true
PROFILE_IDENTITY path=ICPP_TFS_BLOCK_B32 layer=3 bit_fingerprint_equal=1
PROFILE path=ICPP_TFS_BLOCK_B32 layer=3 layer_wall_ms=1140.893058 kernel_wall_ms=1098.98851 sampled_tiles=1196 worker_times_are_sampled_sums=true score_generation_worker_ms=15.6883 block_max_worker_ms=1.675059 exp_den_worker_ms=0.369309 feature_gather_FP32_SpMM_worker_ms=116.269885 block_BF16_pack_worker_ms=1.238996 amx_load_compute_worker_ms=3.416967 rescale_store_worker_ms=0.06024 rescale_vector_worker_ms=0.240853 rescale_reload_worker_ms=0.058076 final_store_worker_ms=0.060056 output_write_worker_ms=1.913475 scheduling_worker_ms=1.870936 tile_config_worker_ms=0.054358 combined_staging_span=true combined_amx_load_compute_span=true
ONLINE_STATS path=ICPP_TFS_BLOCK_B32 layer=3 block=32 heads=1 D=256 d=47 blocks=5360349 max_updates_including_initial=3253789 rescales=804760 rescale_per_block=0.150132015658 P50=0 P90=0.4 P95=0.5 P99=0.666666666667 rescaled_feature_elements=37823720 rescaled_padded_feature_elements=38628480 rescale_events=162176 spill_bytes=498204672 reload_bytes=498204672 amx_calls=8054016 executed_fma=65978499072 total_tiles=153065 neighbor_steps=335584 neighbor_steps_unit=block_projection_calls
BLOCK_WORK layer=3 block=32 actual_input_feature_FMA=32298765568 padded_input_feature_FMA=32298765568 useful_projection_FMA=64495719168 block_projection_calls=335584 conversion_elements=1374552064 source_neighbor_steps=7903443 logical_H_bytes=64597531136 edgewise_original_AMX_calls=189682632 TDP_reduction=23.5513105512 original_input_width_amplification=5.44680851064 traffic_is_logical_not_DRAM=true
PROFILE_IDENTITY path=ICPP_TFS_BLOCK_B64 layer=1 bit_fingerprint_equal=1
PROFILE path=ICPP_TFS_BLOCK_B64 layer=1 layer_wall_ms=4215.540936 kernel_wall_ms=4153.296282 sampled_tiles=9567 worker_times_are_sampled_sums=true score_generation_worker_ms=157.38994 block_max_worker_ms=11.78237 exp_den_worker_ms=2.786059 feature_gather_FP32_SpMM_worker_ms=419.875656 block_BF16_pack_worker_ms=3.881573 amx_load_compute_worker_ms=9.661332 rescale_store_worker_ms=0.218278 rescale_vector_worker_ms=0.623759 rescale_reload_worker_ms=0.252288 final_store_worker_ms=0.397948 output_write_worker_ms=14.003627 scheduling_worker_ms=10.871572 tile_config_worker_ms=0.046391 combined_staging_span=true combined_amx_load_compute_span=true
ONLINE_STATS path=ICPP_TFS_BLOCK_B64 layer=1 block=64 heads=8 D=100 d=32 blocks=28380984 max_updates_including_initial=21811875 rescales=2219643 rescale_per_block=0.078208810519 P50=0 P90=0 P95=0.4 P99=0.5 rescaled_feature_elements=71028576 rescaled_padded_feature_elements=71028576 rescale_events=487943 spill_bytes=999307264 reload_bytes=999307264 amx_calls=14208512 executed_fma=116396130304 total_tiles=1224520 neighbor_steps=1776064 neighbor_steps_unit=block_projection_calls
BLOCK_WORK layer=1 block=64 actual_input_feature_FMA=100933642400 padded_input_feature_FMA=113045679488 useful_projection_FMA=90819148800 block_projection_calls=1776064 conversion_elements=3637379072 source_neighbor_steps=63227544 logical_H_bytes=201867284800 edgewise_original_AMX_calls=505820352 TDP_reduction=35.5998117185 original_input_width_amplification=3.125 traffic_is_logical_not_DRAM=true
PROFILE_IDENTITY path=ICPP_TFS_BLOCK_B64 layer=2 bit_fingerprint_equal=1
PROFILE path=ICPP_TFS_BLOCK_B64 layer=2 layer_wall_ms=9124.460859 kernel_wall_ms=9044.078499 sampled_tiles=9567 worker_times_are_sampled_sums=true score_generation_worker_ms=165.066301 block_max_worker_ms=11.969493 exp_den_worker_ms=3.183801 feature_gather_FP32_SpMM_worker_ms=998.251703 block_BF16_pack_worker_ms=6.878643 amx_load_compute_worker_ms=10.999648 rescale_store_worker_ms=0.199025 rescale_vector_worker_ms=0.56014 rescale_reload_worker_ms=0.284057 final_store_worker_ms=0.371038 output_write_worker_ms=13.32688 scheduling_worker_ms=13.066371 tile_config_worker_ms=0.059095 combined_staging_span=true combined_amx_load_compute_span=true
ONLINE_STATS path=ICPP_TFS_BLOCK_B64 layer=2 block=64 heads=8 D=256 d=32 blocks=28380984 max_updates_including_initial=21227391 rescales=1635159 rescale_per_block=0.0576145985636 P50=0 P90=0 P95=0.333333333333 P99=0.5 rescaled_feature_elements=52325088 rescaled_padded_feature_elements=52325088 rescale_events=456696 spill_bytes=935313408 reload_bytes=935313408 amx_calls=28417024 executed_fma=232792260608 total_tiles=1224520 neighbor_steps=1776064 neighbor_steps_unit=block_projection_calls
BLOCK_WORK layer=2 block=64 actual_input_feature_FMA=258390124544 padded_input_feature_FMA=258390124544 useful_projection_FMA=232497020928 block_projection_calls=1776064 conversion_elements=7274758144 source_neighbor_steps=63227544 logical_H_bytes=516780249088 edgewise_original_AMX_calls=1011640704 TDP_reduction=35.5998117185 original_input_width_amplification=8 traffic_is_logical_not_DRAM=true
PROFILE_IDENTITY path=ICPP_TFS_BLOCK_B64 layer=3 bit_fingerprint_equal=1
PROFILE path=ICPP_TFS_BLOCK_B64 layer=3 layer_wall_ms=1146.615416 kernel_wall_ms=1104.824584 sampled_tiles=1196 worker_times_are_sampled_sums=true score_generation_worker_ms=15.568866 block_max_worker_ms=1.484169 exp_den_worker_ms=0.337582 feature_gather_FP32_SpMM_worker_ms=123.119185 block_BF16_pack_worker_ms=0.819621 amx_load_compute_worker_ms=1.75852 rescale_store_worker_ms=0.024054 rescale_vector_worker_ms=0.098884 rescale_reload_worker_ms=0.02849 final_store_worker_ms=0.052019 output_write_worker_ms=1.858736 scheduling_worker_ms=1.404471 tile_config_worker_ms=0.051131 combined_staging_span=true combined_amx_load_compute_span=true
ONLINE_STATS path=ICPP_TFS_BLOCK_B64 layer=3 block=64 heads=1 D=256 d=47 blocks=3547623 max_updates_including_initial=2752578 rescales=303549 rescale_per_block=0.0855640523246 P50=0 P90=0 P95=0.5 P99=0.5 rescaled_feature_elements=14266803 rescaled_padded_feature_elements=14570352 rescale_events=61438 spill_bytes=188737536 reload_bytes=188737536 amx_calls=5328192 executed_fma=43648548864 total_tiles=153065 neighbor_steps=222008 neighbor_steps_unit=block_projection_calls
BLOCK_WORK layer=3 block=64 actual_input_feature_FMA=32298765568 padded_input_feature_FMA=32298765568 useful_projection_FMA=42684999936 block_projection_calls=222008 conversion_elements=909344768 source_neighbor_steps=7903443 logical_H_bytes=64597531136 edgewise_original_AMX_calls=189682632 TDP_reduction=35.5998117185 original_input_width_amplification=5.44680851064 traffic_is_logical_not_DRAM=true
REUSE_WINDOW rows=16 sample_period=64 includes_high_degree_tail=true population_estimate=false windows=2393 sampled_edges=2013809 summed_unique_sources=1991141 edge_per_unique_source=1.01138442732 max_unique_sources=39204 L2_all_head_FP32_projected_cache_max_bytes=40144896
REUSE_WINDOW rows=64 sample_period=64 includes_high_degree_tail=true population_estimate=false windows=599 sampled_edges=1971572 summed_unique_sources=1928934 edge_per_unique_source=1.02210443696 max_unique_sources=53739 L2_all_head_FP32_projected_cache_max_bytes=55028736
REUSE_WINDOW rows=256 sample_period=64 includes_high_degree_tail=true population_estimate=false windows=151 sampled_edges=2565285 summed_unique_sources=2132364 edge_per_unique_source=1.20302396777 max_unique_sources=281857 L2_all_head_FP32_projected_cache_max_bytes=288621568
REUSE_WINDOW rows=1024 sample_period=64 includes_high_degree_tail=true population_estimate=false windows=39 sampled_edges=3762660 summed_unique_sources=2265542 edge_per_unique_source=1.66082111918 max_unique_sources=554027 L2_all_head_FP32_projected_cache_max_bytes=567323648
REUSE_BLOCK block=32 rows=16 sample_period=64 includes_high_degree_tail=true population_estimate=false sampled_tiles=2393 sampled_blocks=5763 sampled_edges=2013809 summed_unique_sources=2008442 edge_per_unique_source=1.00267222056 AMX_union_dense_slots=32525312 AMX_union_padding_per_edge=16.1511404508 multi_destination_supported_edges=10622 group_support_ge3_size_ge8_edges=156 duplicate_source_row_occurrences=0 masks_preserve_membership_not_parallel_multiplicity=true
HEAD_PH_INPUT source=ICPP_TFS_BLOCK_B64_own_L1_output contracted_LR=fp32 value_storage=native_BF16_H full_model_input=NOT_FP32_master probe_wall_includes_instrumentation_and_OpenMP_startup=1
HEAD_PH_PROBE_BEGIN N=2449029 E=126167053 D=256 K=8 B=32 eligible_degree_ge_B=1117854 samples=512 selection=systematic_even_ranks_in_DegreeSort_eligible_order population_estimate=0 neighbors=first_32_only full_row_attention=0 sample_first_row=177 sample_last_row=86036 sample_row_fingerprint=11846075113354802708 configured_AMX_rows=16 useful_AMX_rows=8 head_row_occupancy=0.5 requested_threads=16 current_OMP_max_threads=16 omp_proc_bind=3 warmups=1 reps=3 allocation=outside_timers AMX_permission_config_release=in_full_microtimer score_exp=shared_FP32_stable_firstblock independent_head_attention=1 denominator=original_FP32_unchanged output=unnormalized_U normalization_error_reporting=FP64_outside_timer coefficients=BF16_multiplication_quantization_not_approximate_softmax full_model_speedup=NOT_MEASURED removes_8x_FMA=0 full_model_master_gate=UNCHANGED_0.003_NOT_EVALUATED
HEAD_PH_TIME method=AVX_SHARED_H_FP32_PH rep=0 order_position=0 total_ms=0.130583 actual_threads=16 score_exp_worker_ms=0.38220599999999999 H_gather_VNNI_pack_worker_ms=0 P_pack_worker_ms=0 PH_compute_scatter_worker_ms=1.2364009999999999 AMX_init_worker_ms=0 worker_stage_times_are_sums_not_wall_decomposition=1 AVX_PH_bracket_includes_shared_H_gather_FMA_output=1 AMX_PH_bracket_includes_tile_load_compute_store_scatter=1
HEAD_PH_TIME method=AMX_PHI_BF16_PH rep=0 order_position=1 total_ms=0.098710999999999993 actual_threads=16 score_exp_worker_ms=0.232067 H_gather_VNNI_pack_worker_ms=0.47854800000000003 P_pack_worker_ms=0.033048000000000001 PH_compute_scatter_worker_ms=0.45794299999999993 AMX_init_worker_ms=0.025060999999999996 worker_stage_times_are_sums_not_wall_decomposition=1 AVX_PH_bracket_includes_shared_H_gather_FMA_output=1 AMX_PH_bracket_includes_tile_load_compute_store_scatter=1
HEAD_PH_TIME method=AMX_PHI_PLO_BF16_PH rep=0 order_position=2 total_ms=0.097794000000000006 actual_threads=16 score_exp_worker_ms=0.240396 H_gather_VNNI_pack_worker_ms=0.46670200000000001 P_pack_worker_ms=0.049027999999999995 PH_compute_scatter_worker_ms=0.46362700000000001 AMX_init_worker_ms=0.023878 worker_stage_times_are_sums_not_wall_decomposition=1 AVX_PH_bracket_includes_shared_H_gather_FMA_output=1 AMX_PH_bracket_includes_tile_load_compute_store_scatter=1
HEAD_PH_TIME method=AMX_PHI_PLO_BF16_PH rep=1 order_position=0 total_ms=0.093358999999999998 actual_threads=16 score_exp_worker_ms=0.22728799999999996 H_gather_VNNI_pack_worker_ms=0.48471400000000014 P_pack_worker_ms=0.050237999999999998 PH_compute_scatter_worker_ms=0.42133599999999999 AMX_init_worker_ms=0.023904000000000002 worker_stage_times_are_sums_not_wall_decomposition=1 AVX_PH_bracket_includes_shared_H_gather_FMA_output=1 AMX_PH_bracket_includes_tile_load_compute_store_scatter=1
HEAD_PH_TIME method=AMX_PHI_BF16_PH rep=1 order_position=1 total_ms=0.109917 actual_threads=16 score_exp_worker_ms=0.27869899999999997 H_gather_VNNI_pack_worker_ms=0.60145700000000002 P_pack_worker_ms=0.040363000000000003 PH_compute_scatter_worker_ms=0.46456799999999998 AMX_init_worker_ms=0.025760999999999999 worker_stage_times_are_sums_not_wall_decomposition=1 AVX_PH_bracket_includes_shared_H_gather_FMA_output=1 AMX_PH_bracket_includes_tile_load_compute_store_scatter=1
HEAD_PH_TIME method=AVX_SHARED_H_FP32_PH rep=1 order_position=2 total_ms=0.127891 actual_threads=16 score_exp_worker_ms=0.29064599999999996 H_gather_VNNI_pack_worker_ms=0 P_pack_worker_ms=0 PH_compute_scatter_worker_ms=1.0891119999999999 AMX_init_worker_ms=0 worker_stage_times_are_sums_not_wall_decomposition=1 AVX_PH_bracket_includes_shared_H_gather_FMA_output=1 AMX_PH_bracket_includes_tile_load_compute_store_scatter=1
HEAD_PH_TIME method=AMX_PHI_BF16_PH rep=2 order_position=0 total_ms=0.109303 actual_threads=16 score_exp_worker_ms=0.24476599999999998 H_gather_VNNI_pack_worker_ms=0.51938000000000006 P_pack_worker_ms=0.034875999999999997 PH_compute_scatter_worker_ms=0.42155499999999996 AMX_init_worker_ms=0.019940999999999997 worker_stage_times_are_sums_not_wall_decomposition=1 AVX_PH_bracket_includes_shared_H_gather_FMA_output=1 AMX_PH_bracket_includes_tile_load_compute_store_scatter=1
HEAD_PH_TIME method=AVX_SHARED_H_FP32_PH rep=2 order_position=1 total_ms=0.10005600000000001 actual_threads=16 score_exp_worker_ms=0.24126400000000001 H_gather_VNNI_pack_worker_ms=0 P_pack_worker_ms=0 PH_compute_scatter_worker_ms=0.88581300000000018 AMX_init_worker_ms=0 worker_stage_times_are_sums_not_wall_decomposition=1 AVX_PH_bracket_includes_shared_H_gather_FMA_output=1 AMX_PH_bracket_includes_tile_load_compute_store_scatter=1
HEAD_PH_TIME method=AMX_PHI_PLO_BF16_PH rep=2 order_position=2 total_ms=0.106225 actual_threads=16 score_exp_worker_ms=0.25039100000000003 H_gather_VNNI_pack_worker_ms=0.54792900000000011 P_pack_worker_ms=0.059290999999999996 PH_compute_scatter_worker_ms=0.46585599999999994 AMX_init_worker_ms=0.021243000000000001 worker_stage_times_are_sums_not_wall_decomposition=1 AVX_PH_bracket_includes_shared_H_gather_FMA_output=1 AMX_PH_bracket_includes_tile_load_compute_store_scatter=1
HEAD_PH_DEN_CONTROL original_FP32_den_bitwise_all_methods=1
HEAD_PH_ORACLE arithmetic=independent_scalar_FP64_dot quantized_operand_source=RNE_P_component_replay_native_H_bits AMX_BF16_DAZ_H_subnormal_operands=0 AMX_BF16_DAZ_P_subnormal_components=0 MXCSR=8114 budget=gamma40_abs_products_plus_128_FLT_MIN BF16_quant_error_not_in_instruction_budget=1
HEAD_PH_INSTRUCTION_GATE method=AVX_SHARED_H_FP32_PH pass=1 max_absolute_budget=0.0028467830633750225 max_error_to_budget=0.41012991085656769 reference=same_operand_scalar_FP64 not_full_model_master_gate=1
HEAD_PH_ERROR method=AVX_SHARED_H_FP32_PH reference=same_quantized_operands_FP64 output=unnormalized_U max_abs=9.2281643844671635e-05 mean_abs=3.9878040984068849e-07 relative_L2=8.4705663538589936e-08 finite=1 diagnostic_not_full_model_gate=1
HEAD_PH_ERROR method=AVX_SHARED_H_FP32_PH reference=same_quantized_operands_FP64 output=U_over_original_FP32_den_reported_in_FP64 max_abs=6.8979739126007189e-05 mean_abs=9.5945895790049197e-08 relative_L2=8.3563866204221467e-08 finite=1 diagnostic_not_full_model_gate=1
HEAD_PH_SUMMARY method=AVX_SHARED_H_FP32_PH median_ms=0.127891 min_ms=0.10005600000000001 max_ms=0.130583 micro_speed_vs_AVX=1 scope=sampled_hot_repeated_first_blocks useful_FMA=33554432 physical_issued_FMA=33554432 physical_to_useful_FMA=1 AMX_passes=0 TDP_calls=0 raw_H_logical_read_bytes=8388608 H_local_gather_write_bytes=0 H_VNNI_pack_read_bytes=0 H_VNNI_pack_write_bytes=0 P_pack_BF16_write_bytes=0 H_tile_load_bytes=0 P_tile_load_bytes=0 C_tile_store_bytes=0 useful_U_output_bytes=4194304 no_DRAM_measurement=1 full_model_speedup=NOT_MEASURED
HEAD_PH_INSTRUCTION_GATE method=AMX_PHI_BF16_PH pass=1 max_absolute_budget=0.0028464871337703077 max_error_to_budget=0.22235527788022139 reference=same_operand_scalar_FP64 not_full_model_master_gate=1
HEAD_PH_ERROR method=AMX_PHI_BF16_PH reference=same_quantized_operands_FP64 output=unnormalized_U max_abs=7.4796378612518311e-05 mean_abs=1.3212831035519179e-07 relative_L2=4.1060013910912307e-08 finite=1 diagnostic_not_full_model_gate=1
HEAD_PH_ERROR method=AMX_PHI_BF16_PH reference=same_quantized_operands_FP64 output=U_over_original_FP32_den_reported_in_FP64 max_abs=6.5532909246712734e-05 mean_abs=5.4058803513046117e-08 relative_L2=5.5898579223244094e-08 finite=1 diagnostic_not_full_model_gate=1
HEAD_PH_ERROR method=AMX_PHI_BF16_PH reference=FP32_P_native_BF16_H_FP64 output=unnormalized_U max_abs=0.45024991768877953 mean_abs=0.0019441536527002395 relative_L2=0.00044113564027853022 finite=1 diagnostic_not_full_model_gate=1
HEAD_PH_ERROR method=AMX_PHI_BF16_PH reference=FP32_P_native_BF16_H_FP64 output=U_over_original_FP32_den_reported_in_FP64 max_abs=0.12676406838725995 mean_abs=0.00033570765903164027 relative_L2=0.00029263165520789153 finite=1 diagnostic_not_full_model_gate=1
HEAD_PH_SUMMARY method=AMX_PHI_BF16_PH median_ms=0.109303 min_ms=0.098710999999999993 max_ms=0.109917 micro_speed_vs_AVX=1.1700593762293809 scope=sampled_hot_repeated_first_blocks useful_FMA=33554432 physical_issued_FMA=67108864 physical_to_useful_FMA=2 AMX_passes=1 TDP_calls=8192 raw_H_logical_read_bytes=8388608 H_local_gather_write_bytes=8388608 H_VNNI_pack_read_bytes=8388608 H_VNNI_pack_write_bytes=8388608 P_pack_BF16_write_bytes=524288 H_tile_load_bytes=8388608 P_tile_load_bytes=524288 C_tile_store_bytes=8388608 useful_U_output_bytes=4194304 no_DRAM_measurement=1 full_model_speedup=NOT_MEASURED
HEAD_PH_INSTRUCTION_GATE method=AMX_PHI_PLO_BF16_PH pass=1 max_absolute_budget=0.002849092996704685 max_error_to_budget=0.2235645022947387 reference=same_operand_scalar_FP64 not_full_model_master_gate=1
HEAD_PH_ERROR method=AMX_PHI_PLO_BF16_PH reference=same_quantized_operands_FP64 output=unnormalized_U max_abs=7.435110819642432e-05 mean_abs=1.9804260814463551e-07 relative_L2=4.7709214545318775e-08 finite=1 diagnostic_not_full_model_gate=1
HEAD_PH_ERROR method=AMX_PHI_PLO_BF16_PH reference=same_quantized_operands_FP64 output=U_over_original_FP32_den_reported_in_FP64 max_abs=6.5142785189209462e-05 mean_abs=6.2739955700496486e-08 relative_L2=5.9325303797595953e-08 finite=1 diagnostic_not_full_model_gate=1
HEAD_PH_ERROR method=AMX_PHI_PLO_BF16_PH reference=FP32_P_native_BF16_H_FP64 output=unnormalized_U max_abs=0.001560211181640625 mean_abs=2.7669177413288644e-06 relative_L2=6.8410654910626693e-07 finite=1 diagnostic_not_full_model_gate=1
HEAD_PH_ERROR method=AMX_PHI_PLO_BF16_PH reference=FP32_P_native_BF16_H_FP64 output=U_over_original_FP32_den_reported_in_FP64 max_abs=0.00050445460243508933 mean_abs=4.8953222604837484e-07 relative_L2=4.9484049047059132e-07 finite=1 diagnostic_not_full_model_gate=1
HEAD_PH_SUMMARY method=AMX_PHI_PLO_BF16_PH median_ms=0.097794000000000006 min_ms=0.093358999999999998 max_ms=0.106225 micro_speed_vs_AVX=1.3077591672290734 scope=sampled_hot_repeated_first_blocks useful_FMA=33554432 physical_issued_FMA=134217728 physical_to_useful_FMA=4 AMX_passes=2 TDP_calls=16384 raw_H_logical_read_bytes=8388608 H_local_gather_write_bytes=8388608 H_VNNI_pack_read_bytes=8388608 H_VNNI_pack_write_bytes=8388608 P_pack_BF16_write_bytes=1048576 H_tile_load_bytes=8388608 P_tile_load_bytes=1048576 C_tile_store_bytes=8388608 useful_U_output_bytes=4194304 no_DRAM_measurement=1 full_model_speedup=NOT_MEASURED
HEAD_PH_PROBE_END instruction_gates=1 full_model_master_gate=NOT_EVALUATED task_accuracy=NOT_EVALUATED
ICPP_BLOCK_COMPLETE architecture=degree_sorted_TR16_block_SpMM_AMX_GeMM_fusion attention_independent=true source_width_amplification_retained=true task_accuracy=UNVERIFIED master_gate=SEE_PER_LAYER_ERRORS performance=EXPLORATORY
