GCN E2E Inference Benchmark (2-layer, K=128)
TFS V3 (BF16 AMX) vs MKL (FP32 two-step)
Threads: 32

Loading: /home/huangjianqiang_group/hdacp1/data/yx/TFS/data/ogbn-products/ogbn-products.csrbin
Matrix: ogbn-products  N=2449029  NNZ=123718152  avg_deg=50.5

=== TFS V3 (BF16 AMX Fusion) ===
  run 0: 459.99 ms
  run 1: 470.94 ms
  run 2: 466.39 ms
  run 3: 464.42 ms
  run 4: 565.65 ms
  TFS V3 E2E BEST: 459.99 ms

=== MKL FP32 Two-Step ===
  run 0: 1346.23 ms
  run 1: 1345.76 ms
  run 2: 1345.90 ms
  run 3: 1348.68 ms
  run 4: 1347.30 ms
  MKL E2E BEST: 1345.76 ms

=== E2E Summary ===
  TFS V3:  459.99 ms
  MKL:     1345.76 ms
  Speedup: 2.93×

=== Precision Analysis ===
Layer 1 (after ReLU):
  TFS_BF16 vs MKL_FP32: max_rel_err=0.003667  RMSE=1.016131e-01  max|diff|=9.417969e+00
Layer 2 (final output):
  TFS_BF16 vs MKL_FP32: max_rel_err=0.010501  RMSE=1.525510e+02  max|diff|=6.802400e+04

First 8 output values:
  TFS: -12991.8389 -28908.6855 -36407.5820 -4621.7793 10116.6074 -6913.7495 -18725.1895 -24380.3145 
  MKL: -13114.3867 -29165.5234 -36805.8242 -4675.3438 10199.5566 -6997.1738 -18939.5195 -24603.5859 
