ENV mkl=2023.0.2 processor=Intel(R) Advanced Vector Extensions 512 (Intel(R) AVX-512) with Intel(R) DL Boost, bfloat16 support, Intel(R) AMX with bfloat16 and 8-bit integer support, and FP16 instructions threads=16 source_input=/home/huangjianqiang_group/hdacp1/data/wzh/GAT/baseline/../data/arxiv.gatbin checkpoint=/home/huangjianqiang_group/hdacp1/data/wzh/GAT/baseline/runs/arxiv-10809143/arxiv.weights profile=0 vendor_amx_status=UNVERIFIED_UNTIL_DISPATCH_EVIDENCE
STATIC degree_sort_ms=0 model_prepare_ms=1.9509 bytes=504832 graph_policy=as_loaded_no_mutation
CONFIG mode=micro path=standard_bf16 lr_policy=z_avx panel_R=64 layer=2 warmups=2 repeats=7
MKL_VERBOSE oneMKL 2023.0 Update 2 Product build 20230613 for Intel(R) 64 architecture Intel(R) Advanced Vector Extensions 512 (Intel(R) AVX-512) with Intel(R) DL Boost, bfloat16 support, Intel(R) AMX with bfloat16 and 8-bit integer support, and FP16 instructions, Lnx 3.50GHz lp64 intel_thread
MKL_VERBOSE SGEMM(N,N,256,169343,128,0x7ffcda8fb6a8,0x14d4e19de010,256,0x14d47ed50010,128,0x7ffcda8fb6b0,0x14d46a290010,256) 19.49ms CNR:OFF Dyn:0 FastMM:1 TID:0  NThr:16
MICRO name=convert_rne layer=2 median_ms=1.25894 p95_ms=1.27599
MKL_VERBOSE GEMM_BF16BF16F32(N,N,256,169343,256,0x7ffcda8fb708,0x20c34c0,256,0x14d47ed50010,256,0x7ffcda8fb710,0x14d45fd30010,256) 5.43ms CNR:OFF Dyn:0 FastMM:1 TID:0  NThr:16
MKL_VERBOSE GEMM_BF16BF16F32(N,N,256,169343,256,0x7ffcda8fb708,0x20c34c0,256,0x14d47ed50010,256,0x7ffcda8fb710,0x14d45fd30010,256) 4.42ms CNR:OFF Dyn:0 FastMM:1 TID:0  NThr:16
MKL_VERBOSE GEMM_BF16BF16F32(N,N,256,169343,256,0x7ffcda8fb708,0x20c34c0,256,0x14d47ed50010,256,0x7ffcda8fb710,0x14d45fd30010,256) 4.45ms CNR:OFF Dyn:0 FastMM:1 TID:0  NThr:16
MKL_VERBOSE GEMM_BF16BF16F32(N,N,256,169343,256,0x7ffcda8fb708,0x20c34c0,256,0x14d47ed50010,256,0x7ffcda8fb710,0x14d45fd30010,256) 4.33ms CNR:OFF Dyn:0 FastMM:1 TID:0  NThr:16
MKL_VERBOSE GEMM_BF16BF16F32(N,N,256,169343,256,0x7ffcda8fb708,0x20c34c0,256,0x14d47ed50010,256,0x7ffcda8fb710,0x14d45fd30010,256) 4.27ms CNR:OFF Dyn:0 FastMM:1 TID:0  NThr:16
MKL_VERBOSE GEMM_BF16BF16F32(N,N,256,169343,256,0x7ffcda8fb708,0x20c34c0,256,0x14d47ed50010,256,0x7ffcda8fb710,0x14d45fd30010,256) 4.30ms CNR:OFF Dyn:0 FastMM:1 TID:0  NThr:16
MKL_VERBOSE GEMM_BF16BF16F32(N,N,256,169343,256,0x7ffcda8fb708,0x20c34c0,256,0x14d47ed50010,256,0x7ffcda8fb710,0x14d45fd30010,256) 4.36ms CNR:OFF Dyn:0 FastMM:1 TID:0  NThr:16
MKL_VERBOSE GEMM_BF16BF16F32(N,N,256,169343,256,0x7ffcda8fb708,0x20c34c0,256,0x14d47ed50010,256,0x7ffcda8fb710,0x14d45fd30010,256) 4.30ms CNR:OFF Dyn:0 FastMM:1 TID:0  NThr:16
MKL_VERBOSE GEMM_BF16BF16F32(N,N,256,169343,256,0x7ffcda8fb708,0x20c34c0,256,0x14d47ed50010,256,0x7ffcda8fb710,0x14d45fd30010,256) 4.27ms CNR:OFF Dyn:0 FastMM:1 TID:0  NThr:16
MICRO name=projection_bf16 layer=2 median_ms=4.318 p95_ms=4.45943
MICRO name=lr_z_avx layer=2 median_ms=1.18314 p95_ms=1.18832
MKL_VERBOSE SGEMM(N,N,2,169343,32,0x7ffcda8fb6d8,0x3701400,2,0x14d45fd30010,256,0x7ffcda8fb6e0,0x35b6800,2) 497.38us CNR:OFF Dyn:0 FastMM:1 TID:0  NThr:16
MKL_VERBOSE SGEMM(N,N,2,169343,32,0x7ffcda8fb6d8,0x3701500,2,0x14d45fd30090,256,0x7ffcda8fb6e0,0x35b6800,2) 387.07us CNR:OFF Dyn:0 FastMM:1 TID:0  NThr:16
MKL_VERBOSE SGEMM(N,N,2,169343,32,0x7ffcda8fb6d8,0x3701600,2,0x14d45fd30110,256,0x7ffcda8fb6e0,0x35b6800,2) 372.84us CNR:OFF Dyn:0 FastMM:1 TID:0  NThr:16
MKL_VERBOSE SGEMM(N,N,2,169343,32,0x7ffcda8fb6d8,0x3701700,2,0x14d45fd30190,256,0x7ffcda8fb6e0,0x35b6800,2) 378.04us CNR:OFF Dyn:0 FastMM:1 TID:0  NThr:16
MKL_VERBOSE SGEMM(N,N,2,169343,32,0x7ffcda8fb6d8,0x3701800,2,0x14d45fd30210,256,0x7ffcda8fb6e0,0x35b6800,2) 371.64us CNR:OFF Dyn:0 FastMM:1 TID:0  NThr:16
MKL_VERBOSE SGEMM(N,N,2,169343,32,0x7ffcda8fb6d8,0x3701900,2,0x14d45fd30290,256,0x7ffcda8fb6e0,0x35b6800,2) 373.93us CNR:OFF Dyn:0 FastMM:1 TID:0  NThr:16
MKL_VERBOSE SGEMM(N,N,2,169343,32,0x7ffcda8fb6d8,0x3701a00,2,0x14d45fd30310,256,0x7ffcda8fb6e0,0x35b6800,2) 410.69us CNR:OFF Dyn:0 FastMM:1 TID:0  NThr:16
MKL_VERBOSE SGEMM(N,N,2,169343,32,0x7ffcda8fb6d8,0x3701b00,2,0x14d45fd30390,256,0x7ffcda8fb6e0,0x35b6800,2) 415.71us CNR:OFF Dyn:0 FastMM:1 TID:0  NThr:16
MKL_VERBOSE SGEMM(N,N,2,169343,32,0x7ffcda8fb6d8,0x3701400,2,0x14d45fd30010,256,0x7ffcda8fb6e0,0x35b6800,2) 399.32us CNR:OFF Dyn:0 FastMM:1 TID:0  NThr:16
MKL_VERBOSE SGEMM(N,N,2,169343,32,0x7ffcda8fb6d8,0x3701500,2,0x14d45fd30090,256,0x7ffcda8fb6e0,0x35b6800,2) 373.90us CNR:OFF Dyn:0 FastMM:1 TID:0  NThr:16
MKL_VERBOSE SGEMM(N,N,2,169343,32,0x7ffcda8fb6d8,0x3701600,2,0x14d45fd30110,256,0x7ffcda8fb6e0,0x35b6800,2) 382.43us CNR:OFF Dyn:0 FastMM:1 TID:0  NThr:16
MKL_VERBOSE SGEMM(N,N,2,169343,32,0x7ffcda8fb6d8,0x3701700,2,0x14d45fd30190,256,0x7ffcda8fb6e0,0x35b6800,2) 373.69us CNR:OFF Dyn:0 FastMM:1 TID:0  NThr:16
MKL_VERBOSE SGEMM(N,N,2,169343,32,0x7ffcda8fb6d8,0x3701800,2,0x14d45fd30210,256,0x7ffcda8fb6e0,0x35b6800,2) 380.44us CNR:OFF Dyn:0 FastMM:1 TID:0  NThr:16
MKL_VERBOSE SGEMM(N,N,2,169343,32,0x7ffcda8fb6d8,0x3701900,2,0x14d45fd30290,256,0x7ffcda8fb6e0,0x35b6800,2) 375.92us CNR:OFF Dyn:0 FastMM:1 TID:0  NThr:16
MKL_VERBOSE SGEMM(N,N,2,169343,32,0x7ffcda8fb6d8,0x3701a00,2,0x14d45fd30310,256,0x7ffcda8fb6e0,0x35b6800,2) 415.92us CNR:OFF Dyn:0 FastMM:1 TID:0  NThr:16
MKL_VERBOSE SGEMM(N,N,2,169343,32,0x7ffcda8fb6d8,0x3701b00,2,0x14d45fd30390,256,0x7ffcda8fb6e0,0x35b6800,2) 418.25us CNR:OFF Dyn:0 FastMM:1 TID:0  NThr:16
MKL_VERBOSE SGEMM(N,N,2,169343,32,0x7ffcda8fb6d8,0x3701400,2,0x14d45fd30010,256,0x7ffcda8fb6e0,0x35b6800,2) 415.51us CNR:OFF Dyn:0 FastMM:1 TID:0  NThr:16
MKL_VERBOSE SGEMM(N,N,2,169343,32,0x7ffcda8fb6d8,0x3701500,2,0x14d45fd30090,256,0x7ffcda8fb6e0,0x35b6800,2) 373.88us CNR:OFF Dyn:0 FastMM:1 TID:0  NThr:16
MKL_VERBOSE SGEMM(N,N,2,169343,32,0x7ffcda8fb6d8,0x3701600,2,0x14d45fd30110,256,0x7ffcda8fb6e0,0x35b6800,2) 376.28us CNR:OFF Dyn:0 FastMM:1 TID:0  NThr:16
MKL_VERBOSE SGEMM(N,N,2,169343,32,0x7ffcda8fb6d8,0x3701700,2,0x14d45fd30190,256,0x7ffcda8fb6e0,0x35b6800,2) 379.25us CNR:OFF Dyn:0 FastMM:1 TID:0  NThr:16
MKL_VERBOSE SGEMM(N,N,2,169343,32,0x7ffcda8fb6d8,0x3701800,2,0x14d45fd30210,256,0x7ffcda8fb6e0,0x35b6800,2) 370.20us CNR:OFF Dyn:0 FastMM:1 TID:0  NThr:16
MKL_VERBOSE SGEMM(N,N,2,169343,32,0x7ffcda8fb6d8,0x3701900,2,0x14d45fd30290,256,0x7ffcda8fb6e0,0x35b6800,2) 377.12us CNR:OFF Dyn:0 FastMM:1 TID:0  NThr:16
MKL_VERBOSE SGEMM(N,N,2,169343,32,0x7ffcda8fb6d8,0x3701a00,2,0x14d45fd30310,256,0x7ffcda8fb6e0,0x35b6800,2) 399.88us CNR:OFF Dyn:0 FastMM:1 TID:0  NThr:16
MKL_VERBOSE SGEMM(N,N,2,169343,32,0x7ffcda8fb6d8,0x3701b00,2,0x14d45fd30390,256,0x7ffcda8fb6e0,0x35b6800,2) 421.26us CNR:OFF Dyn:0 FastMM:1 TID:0  NThr:16
MKL_VERBOSE SGEMM(N,N,2,169343,32,0x7ffcda8fb6d8,0x3701400,2,0x14d45fd30010,256,0x7ffcda8fb6e0,0x35b6800,2) 405.46us CNR:OFF Dyn:0 FastMM:1 TID:0  NThr:16
MKL_VERBOSE SGEMM(N,N,2,169343,32,0x7ffcda8fb6d8,0x3701500,2,0x14d45fd30090,256,0x7ffcda8fb6e0,0x35b6800,2) 377.04us CNR:OFF Dyn:0 FastMM:1 TID:0  NThr:16
MKL_VERBOSE SGEMM(N,N,2,169343,32,0x7ffcda8fb6d8,0x3701600,2,0x14d45fd30110,256,0x7ffcda8fb6e0,0x35b6800,2) 369.25us CNR:OFF Dyn:0 FastMM:1 TID:0  NThr:16
MKL_VERBOSE SGEMM(N,N,2,169343,32,0x7ffcda8fb6d8,0x3701700,2,0x14d45fd30190,256,0x7ffcda8fb6e0,0x35b6800,2) 375.70us CNR:OFF Dyn:0 FastMM:1 TID:0  NThr:16
MKL_VERBOSE SGEMM(N,N,2,169343,32,0x7ffcda8fb6d8,0x3701800,2,0x14d45fd30210,256,0x7ffcda8fb6e0,0x35b6800,2) 373.80us CNR:OFF Dyn:0 FastMM:1 TID:0  NThr:16
MKL_VERBOSE SGEMM(N,N,2,169343,32,0x7ffcda8fb6d8,0x3701900,2,0x14d45fd30290,256,0x7ffcda8fb6e0,0x35b6800,2) 377.32us CNR:OFF Dyn:0 FastMM:1 TID:0  NThr:16
MKL_VERBOSE SGEMM(N,N,2,169343,32,0x7ffcda8fb6d8,0x3701a00,2,0x14d45fd30310,256,0x7ffcda8fb6e0,0x35b6800,2) 413.63us CNR:OFF Dyn:0 FastMM:1 TID:0  NThr:16
MKL_VERBOSE SGEMM(N,N,2,169343,32,0x7ffcda8fb6d8,0x3701b00,2,0x14d45fd30390,256,0x7ffcda8fb6e0,0x35b6800,2) 423.42us CNR:OFF Dyn:0 FastMM:1 TID:0  NThr:16
MKL_VERBOSE SGEMM(N,N,2,169343,32,0x7ffcda8fb6d8,0x3701400,2,0x14d45fd30010,256,0x7ffcda8fb6e0,0x35b6800,2) 416.22us CNR:OFF Dyn:0 FastMM:1 TID:0  NThr:16
MKL_VERBOSE SGEMM(N,N,2,169343,32,0x7ffcda8fb6d8,0x3701500,2,0x14d45fd30090,256,0x7ffcda8fb6e0,0x35b6800,2) 371.60us CNR:OFF Dyn:0 FastMM:1 TID:0  NThr:16
MKL_VERBOSE SGEMM(N,N,2,169343,32,0x7ffcda8fb6d8,0x3701600,2,0x14d45fd30110,256,0x7ffcda8fb6e0,0x35b6800,2) 387.05us CNR:OFF Dyn:0 FastMM:1 TID:0  NThr:16
MKL_VERBOSE SGEMM(N,N,2,169343,32,0x7ffcda8fb6d8,0x3701700,2,0x14d45fd30190,256,0x7ffcda8fb6e0,0x35b6800,2) 376.79us CNR:OFF Dyn:0 FastMM:1 TID:0  NThr:16
MKL_VERBOSE SGEMM(N,N,2,169343,32,0x7ffcda8fb6d8,0x3701800,2,0x14d45fd30210,256,0x7ffcda8fb6e0,0x35b6800,2) 383.78us CNR:OFF Dyn:0 FastMM:1 TID:0  NThr:16
MKL_VERBOSE SGEMM(N,N,2,169343,32,0x7ffcda8fb6d8,0x3701900,2,0x14d45fd30290,256,0x7ffcda8fb6e0,0x35b6800,2) 380.17us CNR:OFF Dyn:0 FastMM:1 TID:0  NThr:16
MKL_VERBOSE SGEMM(N,N,2,169343,32,0x7ffcda8fb6d8,0x3701a00,2,0x14d45fd30310,256,0x7ffcda8fb6e0,0x35b6800,2) 417.43us CNR:OFF Dyn:0 FastMM:1 TID:0  NThr:16
MKL_VERBOSE SGEMM(N,N,2,169343,32,0x7ffcda8fb6d8,0x3701b00,2,0x14d45fd30390,256,0x7ffcda8fb6e0,0x35b6800,2) 419.72us CNR:OFF Dyn:0 FastMM:1 TID:0  NThr:16
MKL_VERBOSE SGEMM(N,N,2,169343,32,0x7ffcda8fb6d8,0x3701400,2,0x14d45fd30010,256,0x7ffcda8fb6e0,0x35b6800,2) 416.87us CNR:OFF Dyn:0 FastMM:1 TID:0  NThr:16
MKL_VERBOSE SGEMM(N,N,2,169343,32,0x7ffcda8fb6d8,0x3701500,2,0x14d45fd30090,256,0x7ffcda8fb6e0,0x35b6800,2) 369.66us CNR:OFF Dyn:0 FastMM:1 TID:0  NThr:16
MKL_VERBOSE SGEMM(N,N,2,169343,32,0x7ffcda8fb6d8,0x3701600,2,0x14d45fd30110,256,0x7ffcda8fb6e0,0x35b6800,2) 373.11us CNR:OFF Dyn:0 FastMM:1 TID:0  NThr:16
MKL_VERBOSE SGEMM(N,N,2,169343,32,0x7ffcda8fb6d8,0x3701700,2,0x14d45fd30190,256,0x7ffcda8fb6e0,0x35b6800,2) 378.20us CNR:OFF Dyn:0 FastMM:1 TID:0  NThr:16
MKL_VERBOSE SGEMM(N,N,2,169343,32,0x7ffcda8fb6d8,0x3701800,2,0x14d45fd30210,256,0x7ffcda8fb6e0,0x35b6800,2) 368.82us CNR:OFF Dyn:0 FastMM:1 TID:0  NThr:16
MKL_VERBOSE SGEMM(N,N,2,169343,32,0x7ffcda8fb6d8,0x3701900,2,0x14d45fd30290,256,0x7ffcda8fb6e0,0x35b6800,2) 381.12us CNR:OFF Dyn:0 FastMM:1 TID:0  NThr:16
MKL_VERBOSE SGEMM(N,N,2,169343,32,0x7ffcda8fb6d8,0x3701a00,2,0x14d45fd30310,256,0x7ffcda8fb6e0,0x35b6800,2) 401.63us CNR:OFF Dyn:0 FastMM:1 TID:0  NThr:16
MKL_VERBOSE SGEMM(N,N,2,169343,32,0x7ffcda8fb6d8,0x3701b00,2,0x14d45fd30390,256,0x7ffcda8fb6e0,0x35b6800,2) 414.85us CNR:OFF Dyn:0 FastMM:1 TID:0  NThr:16
MKL_VERBOSE SGEMM(N,N,2,169343,32,0x7ffcda8fb6d8,0x3701400,2,0x14d45fd30010,256,0x7ffcda8fb6e0,0x35b6800,2) 403.19us CNR:OFF Dyn:0 FastMM:1 TID:0  NThr:16
MKL_VERBOSE SGEMM(N,N,2,169343,32,0x7ffcda8fb6d8,0x3701500,2,0x14d45fd30090,256,0x7ffcda8fb6e0,0x35b6800,2) 372.08us CNR:OFF Dyn:0 FastMM:1 TID:0  NThr:16
MKL_VERBOSE SGEMM(N,N,2,169343,32,0x7ffcda8fb6d8,0x3701600,2,0x14d45fd30110,256,0x7ffcda8fb6e0,0x35b6800,2) 373.98us CNR:OFF Dyn:0 FastMM:1 TID:0  NThr:16
MKL_VERBOSE SGEMM(N,N,2,169343,32,0x7ffcda8fb6d8,0x3701700,2,0x14d45fd30190,256,0x7ffcda8fb6e0,0x35b6800,2) 366.71us CNR:OFF Dyn:0 FastMM:1 TID:0  NThr:16
MKL_VERBOSE SGEMM(N,N,2,169343,32,0x7ffcda8fb6d8,0x3701800,2,0x14d45fd30210,256,0x7ffcda8fb6e0,0x35b6800,2) 378.13us CNR:OFF Dyn:0 FastMM:1 TID:0  NThr:16
MKL_VERBOSE SGEMM(N,N,2,169343,32,0x7ffcda8fb6d8,0x3701900,2,0x14d45fd30290,256,0x7ffcda8fb6e0,0x35b6800,2) 374.46us CNR:OFF Dyn:0 FastMM:1 TID:0  NThr:16
MKL_VERBOSE SGEMM(N,N,2,169343,32,0x7ffcda8fb6d8,0x3701a00,2,0x14d45fd30310,256,0x7ffcda8fb6e0,0x35b6800,2) 410.11us CNR:OFF Dyn:0 FastMM:1 TID:0  NThr:16
MKL_VERBOSE SGEMM(N,N,2,169343,32,0x7ffcda8fb6d8,0x3701b00,2,0x14d45fd30390,256,0x7ffcda8fb6e0,0x35b6800,2) 411.47us CNR:OFF Dyn:0 FastMM:1 TID:0  NThr:16
MKL_VERBOSE SGEMM(N,N,2,169343,32,0x7ffcda8fb6d8,0x3701400,2,0x14d45fd30010,256,0x7ffcda8fb6e0,0x35b6800,2) 407.95us CNR:OFF Dyn:0 FastMM:1 TID:0  NThr:16
MKL_VERBOSE SGEMM(N,N,2,169343,32,0x7ffcda8fb6d8,0x3701500,2,0x14d45fd30090,256,0x7ffcda8fb6e0,0x35b6800,2) 369.51us CNR:OFF Dyn:0 FastMM:1 TID:0  NThr:16
MKL_VERBOSE SGEMM(N,N,2,169343,32,0x7ffcda8fb6d8,0x3701600,2,0x14d45fd30110,256,0x7ffcda8fb6e0,0x35b6800,2) 374.55us CNR:OFF Dyn:0 FastMM:1 TID:0  NThr:16
MKL_VERBOSE SGEMM(N,N,2,169343,32,0x7ffcda8fb6d8,0x3701700,2,0x14d45fd30190,256,0x7ffcda8fb6e0,0x35b6800,2) 372.45us CNR:OFF Dyn:0 FastMM:1 TID:0  NThr:16
MKL_VERBOSE SGEMM(N,N,2,169343,32,0x7ffcda8fb6d8,0x3701800,2,0x14d45fd30210,256,0x7ffcda8fb6e0,0x35b6800,2) 367.51us CNR:OFF Dyn:0 FastMM:1 TID:0  NThr:16
MKL_VERBOSE SGEMM(N,N,2,169343,32,0x7ffcda8fb6d8,0x3701900,2,0x14d45fd30290,256,0x7ffcda8fb6e0,0x35b6800,2) 382.85us CNR:OFF Dyn:0 FastMM:1 TID:0  NThr:16
MKL_VERBOSE SGEMM(N,N,2,169343,32,0x7ffcda8fb6d8,0x3701a00,2,0x14d45fd30310,256,0x7ffcda8fb6e0,0x35b6800,2) 403.37us CNR:OFF Dyn:0 FastMM:1 TID:0  NThr:16
MKL_VERBOSE SGEMM(N,N,2,169343,32,0x7ffcda8fb6d8,0x3701b00,2,0x14d45fd30390,256,0x7ffcda8fb6e0,0x35b6800,2) 416.31us CNR:OFF Dyn:0 FastMM:1 TID:0  NThr:16
MKL_VERBOSE SGEMM(N,N,2,169343,32,0x7ffcda8fb6d8,0x3701400,2,0x14d45fd30010,256,0x7ffcda8fb6e0,0x35b6800,2) 403.63us CNR:OFF Dyn:0 FastMM:1 TID:0  NThr:16
MKL_VERBOSE SGEMM(N,N,2,169343,32,0x7ffcda8fb6d8,0x3701500,2,0x14d45fd30090,256,0x7ffcda8fb6e0,0x35b6800,2) 379.65us CNR:OFF Dyn:0 FastMM:1 TID:0  NThr:16
MKL_VERBOSE SGEMM(N,N,2,169343,32,0x7ffcda8fb6d8,0x3701600,2,0x14d45fd30110,256,0x7ffcda8fb6e0,0x35b6800,2) 382.87us CNR:OFF Dyn:0 FastMM:1 TID:0  NThr:16
MKL_VERBOSE SGEMM(N,N,2,169343,32,0x7ffcda8fb6d8,0x3701700,2,0x14d45fd30190,256,0x7ffcda8fb6e0,0x35b6800,2) 383.30us CNR:OFF Dyn:0 FastMM:1 TID:0  NThr:16
MKL_VERBOSE SGEMM(N,N,2,169343,32,0x7ffcda8fb6d8,0x3701800,2,0x14d45fd30210,256,0x7ffcda8fb6e0,0x35b6800,2) 365.53us CNR:OFF Dyn:0 FastMM:1 TID:0  NThr:16
MKL_VERBOSE SGEMM(N,N,2,169343,32,0x7ffcda8fb6d8,0x3701900,2,0x14d45fd30290,256,0x7ffcda8fb6e0,0x35b6800,2) 369.25us CNR:OFF Dyn:0 FastMM:1 TID:0  NThr:16
MKL_VERBOSE SGEMM(N,N,2,169343,32,0x7ffcda8fb6d8,0x3701a00,2,0x14d45fd30310,256,0x7ffcda8fb6e0,0x35b6800,2) 403.97us CNR:OFF Dyn:0 FastMM:1 TID:0  NThr:16
MKL_VERBOSE SGEMM(N,N,2,169343,32,0x7ffcda8fb6d8,0x3701b00,2,0x14d45fd30390,256,0x7ffcda8fb6e0,0x35b6800,2) 410.16us CNR:OFF Dyn:0 FastMM:1 TID:0  NThr:16
MICRO name=lr_z_sgemm_static_workspace layer=2 median_ms=3.58774 p95_ms=3.6828
ERROR path=micro layer=2 stage=lr_z_mkl_vs_avx_L finite=1 max_abs=2.384185791e-07 mean_abs=1.783586996e-08 relative_l2=1.16643311e-07 rmse=2.588387533e-08 p50=1.490116119e-08 p90=3.725290298e-08 p99=8.940696716e-08
MKL_VERBOSE GEMM_BF16BF16F32(N,N,16,169343,256,0x7ffcda8fb698,0x20e74e0,16,0x14d47ed50010,256,0x7ffcda8fb6a0,0x14d4aa1a0010,16) 754.29us CNR:OFF Dyn:0 FastMM:1 TID:0  NThr:16
MKL_VERBOSE GEMM_BF16BF16F32(N,N,16,169343,256,0x7ffcda8fb698,0x20e74e0,16,0x14d47ed50010,256,0x7ffcda8fb6a0,0x14d4aa1a0010,16) 685.92us CNR:OFF Dyn:0 FastMM:1 TID:0  NThr:16
MKL_VERBOSE GEMM_BF16BF16F32(N,N,16,169343,256,0x7ffcda8fb698,0x20e74e0,16,0x14d47ed50010,256,0x7ffcda8fb6a0,0x14d4aa1a0010,16) 645.38us CNR:OFF Dyn:0 FastMM:1 TID:0  NThr:16
MKL_VERBOSE GEMM_BF16BF16F32(N,N,16,169343,256,0x7ffcda8fb698,0x20e74e0,16,0x14d47ed50010,256,0x7ffcda8fb6a0,0x14d4aa1a0010,16) 588.22us CNR:OFF Dyn:0 FastMM:1 TID:0  NThr:16
MKL_VERBOSE GEMM_BF16BF16F32(N,N,16,169343,256,0x7ffcda8fb698,0x20e74e0,16,0x14d47ed50010,256,0x7ffcda8fb6a0,0x14d4aa1a0010,16) 501.08us CNR:OFF Dyn:0 FastMM:1 TID:0  NThr:16
MKL_VERBOSE GEMM_BF16BF16F32(N,N,16,169343,256,0x7ffcda8fb698,0x20e74e0,16,0x14d47ed50010,256,0x7ffcda8fb6a0,0x14d4aa1a0010,16) 502.38us CNR:OFF Dyn:0 FastMM:1 TID:0  NThr:16
MKL_VERBOSE GEMM_BF16BF16F32(N,N,16,169343,256,0x7ffcda8fb698,0x20e74e0,16,0x14d47ed50010,256,0x7ffcda8fb6a0,0x14d4aa1a0010,16) 542.08us CNR:OFF Dyn:0 FastMM:1 TID:0  NThr:16
MKL_VERBOSE GEMM_BF16BF16F32(N,N,16,169343,256,0x7ffcda8fb698,0x20e74e0,16,0x14d47ed50010,256,0x7ffcda8fb6a0,0x14d4aa1a0010,16) 528.34us CNR:OFF Dyn:0 FastMM:1 TID:0  NThr:16
MKL_VERBOSE GEMM_BF16BF16F32(N,N,16,169343,256,0x7ffcda8fb698,0x20e74e0,16,0x14d47ed50010,256,0x7ffcda8fb6a0,0x14d4aa1a0010,16) 593.12us CNR:OFF Dyn:0 FastMM:1 TID:0  NThr:16
MICRO name=lr_reordered_bf16 layer=2 median_ms=0.639485 p95_ms=0.740293
MKL_VERBOSE SGEMM(N,N,16,169343,256,0x7ffcda8fb698,0x20e34d0,16,0x14d4747f0010,256,0x7ffcda8fb6a0,0x14d4aa1a0010,16) 1.46ms CNR:OFF Dyn:0 FastMM:1 TID:0  NThr:16
MKL_VERBOSE SGEMM(N,N,16,169343,256,0x7ffcda8fb698,0x20e34d0,16,0x14d4747f0010,256,0x7ffcda8fb6a0,0x14d4aa1a0010,16) 1.25ms CNR:OFF Dyn:0 FastMM:1 TID:0  NThr:16
MKL_VERBOSE SGEMM(N,N,16,169343,256,0x7ffcda8fb698,0x20e34d0,16,0x14d4747f0010,256,0x7ffcda8fb6a0,0x14d4aa1a0010,16) 1.21ms CNR:OFF Dyn:0 FastMM:1 TID:0  NThr:16
MKL_VERBOSE SGEMM(N,N,16,169343,256,0x7ffcda8fb698,0x20e34d0,16,0x14d4747f0010,256,0x7ffcda8fb6a0,0x14d4aa1a0010,16) 1.21ms CNR:OFF Dyn:0 FastMM:1 TID:0  NThr:16
MKL_VERBOSE SGEMM(N,N,16,169343,256,0x7ffcda8fb698,0x20e34d0,16,0x14d4747f0010,256,0x7ffcda8fb6a0,0x14d4aa1a0010,16) 1.21ms CNR:OFF Dyn:0 FastMM:1 TID:0  NThr:16
MKL_VERBOSE SGEMM(N,N,16,169343,256,0x7ffcda8fb698,0x20e34d0,16,0x14d4747f0010,256,0x7ffcda8fb6a0,0x14d4aa1a0010,16) 1.21ms CNR:OFF Dyn:0 FastMM:1 TID:0  NThr:16
MKL_VERBOSE SGEMM(N,N,16,169343,256,0x7ffcda8fb698,0x20e34d0,16,0x14d4747f0010,256,0x7ffcda8fb6a0,0x14d4aa1a0010,16) 1.20ms CNR:OFF Dyn:0 FastMM:1 TID:0  NThr:16
MKL_VERBOSE SGEMM(N,N,16,169343,256,0x7ffcda8fb698,0x20e34d0,16,0x14d4747f0010,256,0x7ffcda8fb6a0,0x14d4aa1a0010,16) 1.20ms CNR:OFF Dyn:0 FastMM:1 TID:0  NThr:16
MKL_VERBOSE SGEMM(N,N,16,169343,256,0x7ffcda8fb698,0x20e34d0,16,0x14d4747f0010,256,0x7ffcda8fb6a0,0x14d4aa1a0010,16) 1.19ms CNR:OFF Dyn:0 FastMM:1 TID:0  NThr:16
MICRO name=lr_reordered_fp32 layer=2 median_ms=1.303118 p95_ms=1.368737
MICRO name=lr_reordered_avx layer=2 median_ms=3.076094 p95_ms=3.108899
MICRO name=max_prescan layer=2 median_ms=0.532837 p95_ms=0.542187
MICRO name=weighted_spmm_score_exp layer=2 median_ms=19.909999 p95_ms=20.593671
