ENV mkl=2023.0.2 processor=Intel(R) Advanced Vector Extensions 512 (Intel(R) AVX-512) with Intel(R) DL Boost, bfloat16 support, Intel(R) AMX with bfloat16 and 8-bit integer support, and FP16 instructions threads=16 source_input=/home/huangjianqiang_group/hdacp1/data/wzh/GAT/baseline/../data/arxiv.gatbin checkpoint=/home/huangjianqiang_group/hdacp1/data/wzh/GAT/baseline/runs/arxiv-10809143/arxiv.weights profile=0 vendor_amx_status=UNVERIFIED_UNTIL_DISPATCH_EVIDENCE
STATIC degree_sort_ms=0 model_prepare_ms=1.96428 bytes=504832 graph_policy=as_loaded_no_mutation
CONFIG mode=micro path=standard_bf16 lr_policy=z_avx panel_R=64 layer=3 warmups=2 repeats=7
MKL_VERBOSE oneMKL 2023.0 Update 2 Product build 20230613 for Intel(R) 64 architecture Intel(R) Advanced Vector Extensions 512 (Intel(R) AVX-512) with Intel(R) DL Boost, bfloat16 support, Intel(R) AMX with bfloat16 and 8-bit integer support, and FP16 instructions, Lnx 3.50GHz lp64 intel_thread
MKL_VERBOSE SGEMM(N,N,256,169343,128,0x7ffda0192db8,0x14bc8e5aa010,256,0x14bc2ad50010,128,0x7ffda0192dc0,0x14bc16290010,256) 18.96ms CNR:OFF Dyn:0 FastMM:1 TID:0  NThr:16
MKL_VERBOSE SGEMM(N,N,256,169343,256,0x7ffda0192db8,0x14bc77422010,256,0x14bc207f0010,256,0x7ffda0192dc0,0x14bc0bd30010,256) 11.09ms CNR:OFF Dyn:0 FastMM:1 TID:0  NThr:16
MICRO name=convert_rne layer=3 median_ms=1.18896 p95_ms=1.20373
MKL_VERBOSE GEMM_BF16BF16F32(N,N,40,169343,256,0x7ffda0192e18,0x7ca500,40,0x14bc2ad50010,256,0x7ffda0192e20,0x14bc29379010,40) 1.29ms CNR:OFF Dyn:0 FastMM:1 TID:0  NThr:16
MKL_VERBOSE GEMM_BF16BF16F32(N,N,40,169343,256,0x7ffda0192e18,0x7ca500,40,0x14bc2ad50010,256,0x7ffda0192e20,0x14bc29379010,40) 937.08us CNR:OFF Dyn:0 FastMM:1 TID:0  NThr:16
MKL_VERBOSE GEMM_BF16BF16F32(N,N,40,169343,256,0x7ffda0192e18,0x7ca500,40,0x14bc2ad50010,256,0x7ffda0192e20,0x14bc29379010,40) 884.14us CNR:OFF Dyn:0 FastMM:1 TID:0  NThr:16
MKL_VERBOSE GEMM_BF16BF16F32(N,N,40,169343,256,0x7ffda0192e18,0x7ca500,40,0x14bc2ad50010,256,0x7ffda0192e20,0x14bc29379010,40) 782.52us CNR:OFF Dyn:0 FastMM:1 TID:0  NThr:16
MKL_VERBOSE GEMM_BF16BF16F32(N,N,40,169343,256,0x7ffda0192e18,0x7ca500,40,0x14bc2ad50010,256,0x7ffda0192e20,0x14bc29379010,40) 783.98us CNR:OFF Dyn:0 FastMM:1 TID:0  NThr:16
MKL_VERBOSE GEMM_BF16BF16F32(N,N,40,169343,256,0x7ffda0192e18,0x7ca500,40,0x14bc2ad50010,256,0x7ffda0192e20,0x14bc29379010,40) 778.07us CNR:OFF Dyn:0 FastMM:1 TID:0  NThr:16
MKL_VERBOSE GEMM_BF16BF16F32(N,N,40,169343,256,0x7ffda0192e18,0x7ca500,40,0x14bc2ad50010,256,0x7ffda0192e20,0x14bc29379010,40) 870.86us CNR:OFF Dyn:0 FastMM:1 TID:0  NThr:16
MKL_VERBOSE GEMM_BF16BF16F32(N,N,40,169343,256,0x7ffda0192e18,0x7ca500,40,0x14bc2ad50010,256,0x7ffda0192e20,0x14bc29379010,40) 833.57us CNR:OFF Dyn:0 FastMM:1 TID:0  NThr:16
MKL_VERBOSE GEMM_BF16BF16F32(N,N,40,169343,256,0x7ffda0192e18,0x7ca500,40,0x14bc2ad50010,256,0x7ffda0192e20,0x14bc29379010,40) 769.75us CNR:OFF Dyn:0 FastMM:1 TID:0  NThr:16
MICRO name=projection_bf16 layer=3 median_ms=0.801237 p95_ms=0.900782
MICRO name=lr_z_avx layer=3 median_ms=0.123908 p95_ms=0.130718
MKL_VERBOSE SGEMM(N,N,2,169343,40,0x7ffda0192de8,0xd12880,2,0x14bc29379010,40,0x7ffda0192df0,0xbc7c80,2) 249.65us CNR:OFF Dyn:0 FastMM:1 TID:0  NThr:16
MKL_VERBOSE SGEMM(N,N,2,169343,40,0x7ffda0192de8,0xd12880,2,0x14bc29379010,40,0x7ffda0192df0,0xbc7c80,2) 147.85us CNR:OFF Dyn:0 FastMM:1 TID:0  NThr:16
MKL_VERBOSE SGEMM(N,N,2,169343,40,0x7ffda0192de8,0xd12880,2,0x14bc29379010,40,0x7ffda0192df0,0xbc7c80,2) 139.71us CNR:OFF Dyn:0 FastMM:1 TID:0  NThr:16
MKL_VERBOSE SGEMM(N,N,2,169343,40,0x7ffda0192de8,0xd12880,2,0x14bc29379010,40,0x7ffda0192df0,0xbc7c80,2) 126.33us CNR:OFF Dyn:0 FastMM:1 TID:0  NThr:16
MKL_VERBOSE SGEMM(N,N,2,169343,40,0x7ffda0192de8,0xd12880,2,0x14bc29379010,40,0x7ffda0192df0,0xbc7c80,2) 127.13us CNR:OFF Dyn:0 FastMM:1 TID:0  NThr:16
MKL_VERBOSE SGEMM(N,N,2,169343,40,0x7ffda0192de8,0xd12880,2,0x14bc29379010,40,0x7ffda0192df0,0xbc7c80,2) 125.29us CNR:OFF Dyn:0 FastMM:1 TID:0  NThr:16
MKL_VERBOSE SGEMM(N,N,2,169343,40,0x7ffda0192de8,0xd12880,2,0x14bc29379010,40,0x7ffda0192df0,0xbc7c80,2) 125.21us CNR:OFF Dyn:0 FastMM:1 TID:0  NThr:16
MKL_VERBOSE SGEMM(N,N,2,169343,40,0x7ffda0192de8,0xd12880,2,0x14bc29379010,40,0x7ffda0192df0,0xbc7c80,2) 129.57us CNR:OFF Dyn:0 FastMM:1 TID:0  NThr:16
MKL_VERBOSE SGEMM(N,N,2,169343,40,0x7ffda0192de8,0xd12880,2,0x14bc29379010,40,0x7ffda0192df0,0xbc7c80,2) 125.29us CNR:OFF Dyn:0 FastMM:1 TID:0  NThr:16
MICRO name=lr_z_sgemm_static_workspace layer=3 median_ms=0.157556 p95_ms=0.233211
ERROR path=micro layer=3 stage=lr_z_mkl_vs_avx_L finite=1 max_abs=8.940696716e-08 mean_abs=1.411739023e-08 relative_l2=3.749508211e-07 rmse=1.796169192e-08 p50=1.11758709e-08 p90=2.980232239e-08 p99=4.842877388e-08
MKL_VERBOSE GEMM_BF16BF16F32(N,N,2,169343,256,0x7ffda0192da8,0x7cf510,2,0x14bc2ad50010,256,0x7ffda0192db0,0xa7d080,2) 639.26us CNR:OFF Dyn:0 FastMM:1 TID:0  NThr:16
MKL_VERBOSE GEMM_BF16BF16F32(N,N,2,169343,256,0x7ffda0192da8,0x7cf510,2,0x14bc2ad50010,256,0x7ffda0192db0,0xa7d080,2) 607.05us CNR:OFF Dyn:0 FastMM:1 TID:0  NThr:16
MKL_VERBOSE GEMM_BF16BF16F32(N,N,2,169343,256,0x7ffda0192da8,0x7cf510,2,0x14bc2ad50010,256,0x7ffda0192db0,0xa7d080,2) 546.93us CNR:OFF Dyn:0 FastMM:1 TID:0  NThr:16
MKL_VERBOSE GEMM_BF16BF16F32(N,N,2,169343,256,0x7ffda0192da8,0x7cf510,2,0x14bc2ad50010,256,0x7ffda0192db0,0xa7d080,2) 542.51us CNR:OFF Dyn:0 FastMM:1 TID:0  NThr:16
MKL_VERBOSE GEMM_BF16BF16F32(N,N,2,169343,256,0x7ffda0192da8,0x7cf510,2,0x14bc2ad50010,256,0x7ffda0192db0,0xa7d080,2) 525.52us CNR:OFF Dyn:0 FastMM:1 TID:0  NThr:16
MKL_VERBOSE GEMM_BF16BF16F32(N,N,2,169343,256,0x7ffda0192da8,0x7cf510,2,0x14bc2ad50010,256,0x7ffda0192db0,0xa7d080,2) 443.52us CNR:OFF Dyn:0 FastMM:1 TID:0  NThr:16
MKL_VERBOSE GEMM_BF16BF16F32(N,N,2,169343,256,0x7ffda0192da8,0x7cf510,2,0x14bc2ad50010,256,0x7ffda0192db0,0xa7d080,2) 443.63us CNR:OFF Dyn:0 FastMM:1 TID:0  NThr:16
MKL_VERBOSE GEMM_BF16BF16F32(N,N,2,169343,256,0x7ffda0192da8,0x7cf510,2,0x14bc2ad50010,256,0x7ffda0192db0,0xa7d080,2) 445.90us CNR:OFF Dyn:0 FastMM:1 TID:0  NThr:16
MKL_VERBOSE GEMM_BF16BF16F32(N,N,2,169343,256,0x7ffda0192da8,0x7cf510,2,0x14bc2ad50010,256,0x7ffda0192db0,0xa7d080,2) 438.41us CNR:OFF Dyn:0 FastMM:1 TID:0  NThr:16
MICRO name=lr_reordered_bf16 layer=3 median_ms=0.482117 p95_ms=0.578748
MKL_VERBOSE SGEMM(N,N,2,169343,256,0x7ffda0192da8,0x76fb70,2,0x14bc16290010,256,0x7ffda0192db0,0xa7d080,2) 1.51ms CNR:OFF Dyn:0 FastMM:1 TID:0  NThr:16
MKL_VERBOSE SGEMM(N,N,2,169343,256,0x7ffda0192da8,0x76fb70,2,0x14bc16290010,256,0x7ffda0192db0,0xa7d080,2) 1.27ms CNR:OFF Dyn:0 FastMM:1 TID:0  NThr:16
MKL_VERBOSE SGEMM(N,N,2,169343,256,0x7ffda0192da8,0x76fb70,2,0x14bc16290010,256,0x7ffda0192db0,0xa7d080,2) 1.26ms CNR:OFF Dyn:0 FastMM:1 TID:0  NThr:16
MKL_VERBOSE SGEMM(N,N,2,169343,256,0x7ffda0192da8,0x76fb70,2,0x14bc16290010,256,0x7ffda0192db0,0xa7d080,2) 1.26ms CNR:OFF Dyn:0 FastMM:1 TID:0  NThr:16
MKL_VERBOSE SGEMM(N,N,2,169343,256,0x7ffda0192da8,0x76fb70,2,0x14bc16290010,256,0x7ffda0192db0,0xa7d080,2) 1.23ms CNR:OFF Dyn:0 FastMM:1 TID:0  NThr:16
MKL_VERBOSE SGEMM(N,N,2,169343,256,0x7ffda0192da8,0x76fb70,2,0x14bc16290010,256,0x7ffda0192db0,0xa7d080,2) 1.23ms CNR:OFF Dyn:0 FastMM:1 TID:0  NThr:16
MKL_VERBOSE SGEMM(N,N,2,169343,256,0x7ffda0192da8,0x76fb70,2,0x14bc16290010,256,0x7ffda0192db0,0xa7d080,2) 1.23ms CNR:OFF Dyn:0 FastMM:1 TID:0  NThr:16
MKL_VERBOSE SGEMM(N,N,2,169343,256,0x7ffda0192da8,0x76fb70,2,0x14bc16290010,256,0x7ffda0192db0,0xa7d080,2) 1.23ms CNR:OFF Dyn:0 FastMM:1 TID:0  NThr:16
MKL_VERBOSE SGEMM(N,N,2,169343,256,0x7ffda0192da8,0x76fb70,2,0x14bc16290010,256,0x7ffda0192db0,0xa7d080,2) 1.22ms CNR:OFF Dyn:0 FastMM:1 TID:0  NThr:16
MICRO name=lr_reordered_fp32 layer=3 median_ms=1.261754 p95_ms=1.297359
MICRO name=lr_reordered_avx layer=3 median_ms=0.883553 p95_ms=0.894526
MICRO name=max_prescan layer=3 median_ms=0.33274 p95_ms=0.337258
MICRO name=weighted_spmm_score_exp layer=3 median_ms=3.465972 p95_ms=3.576945
