GCN E2E v3 — Hybrid Pipeline (FP32 inter-layer + BF16 final)
Threads: 32

Loading: /home/huangjianqiang_group/hdacp1/data/yx/TFS/data/indochina-2004/indochina-2004.csrbin
Matrix: indochina-2004  N=7414866  NNZ=194109311  avg_deg=26.2

=== TFS V3 Hybrid Pipeline ===
  run 0: 352.12 ms
  run 1: 348.66 ms
  run 2: 350.00 ms
  run 3: 346.95 ms
  run 4: 350.39 ms
  TFS V3 E2E BEST: 346.95 ms

=== MKL FP32 Two-Step ===
  run 0: 700.77 ms
  run 1: 699.97 ms
  run 2: 701.01 ms
  run 3: 698.07 ms
  run 4: 695.60 ms
  MKL E2E BEST: 695.60 ms

=== E2E Summary ===
  TFS V3 (hybrid): 346.95 ms
  MKL (FP32):      695.60 ms
  E2E Speedup:     2.00×

=== Precision ===
  TFS_hybrid vs MKL_FP32: max_rel_err=0.008503  RMSE=3.9596e+03
First 8:
  TFS: -37.13 -33.93 -379.67 -25.18 -119.69 195.20 125.78 -160.26 
  MKL: -37.65 -34.23 -383.59 -26.44 -120.64 197.34 126.60 -161.51 
METHOD_CONFIG graph=indochina-2004 N=7414866 E=194109311 D=128 F=128 R=64 TR=16 warmups=1 repeats=5 final_output=BF16 mkl_threads=32 mkl_dynamic=1 numa=default
METHOD_CHECK graph=indochina-2004 method=paper_tfs boundary=kernel_FP32 reference=paper_tfs max_abs=0 mean_abs=0 relative_L2=0 normalized_max=0 gate=0.01 pass=1
METHOD_CHECK graph=indochina-2004 method=paper_tfs boundary=e2e_FP32_final reference=paper_tfs max_abs=0 mean_abs=0 relative_L2=0 normalized_max=0 gate=0.01 pass=1
METHOD_CHECK graph=indochina-2004 method=paper_tfs boundary=e2e_BF16_final reference=paper_tfs max_abs=0 mean_abs=0 relative_L2=0 normalized_max=0 gate=0.02 pass=1
METHOD_CHECK graph=indochina-2004 method=paper_tfs boundary=e2e_BF16_final reference=source_MKL_FP32 max_abs=598908 mean_abs=148.494195791 relative_L2=0.0122209035657 normalized_max=0.0149265441402 gate=0.03 pass=1
METHOD_CHECK graph=indochina-2004 method=b8_fast boundary=kernel_FP32 reference=paper_tfs max_abs=4.11547851562 mean_abs=0.0315129901069 relative_L2=0.00307909604958 normalized_max=0.0028822368497 gate=0.01 pass=1
METHOD_CHECK graph=indochina-2004 method=b8_fast boundary=e2e_FP32_final reference=paper_tfs max_abs=174712 mean_abs=54.1568996076 relative_L2=0.00444203368439 normalized_max=0.00439167666771 gate=0.01 pass=1
METHOD_CHECK graph=indochina-2004 method=b8_fast boundary=e2e_BF16_final reference=paper_tfs max_abs=262144 mean_abs=53.4545733833 relative_L2=0.00503528539408 normalized_max=0.00662251655629 gate=0.02 pass=1
METHOD_CHECK graph=indochina-2004 method=b8_fast boundary=e2e_BF16_final reference=source_MKL_FP32 max_abs=773020 mean_abs=199.72290862 relative_L2=0.0163825813895 normalized_max=0.0192659259039 gate=0.03 pass=1
METHOD_CHECK graph=indochina-2004 method=b8_accurate boundary=kernel_FP32 reference=paper_tfs max_abs=0.010009765625 mean_abs=4.4516253931e-06 relative_L2=1.80361045066e-06 normalized_max=7.01024564499e-06 gate=0.001 pass=1
METHOD_CHECK graph=indochina-2004 method=b8_accurate boundary=e2e_FP32_final reference=paper_tfs max_abs=1160 mean_abs=0.184765009211 relative_L2=1.94810903822e-05 normalized_max=2.9158529091e-05 gate=0.001 pass=1
METHOD_CHECK graph=indochina-2004 method=b8_accurate boundary=e2e_BF16_final reference=paper_tfs max_abs=262144 mean_abs=0.207045909681 relative_L2=0.00033134702161 normalized_max=0.00662251655629 gate=0.01 pass=1
METHOD_CHECK graph=indochina-2004 method=b8_accurate boundary=e2e_BF16_final reference=source_MKL_FP32 max_abs=600072 mean_abs=148.51026482 relative_L2=0.0122255427791 normalized_max=0.0149555544346 gate=0.03 pass=1
METHOD_CHECK graph=indochina-2004 method=b16_fast boundary=kernel_FP32 reference=paper_tfs max_abs=5.34265136719 mean_abs=0.032521891332 relative_L2=0.00319193691002 normalized_max=0.00374167586761 gate=0.01 pass=1
METHOD_CHECK graph=indochina-2004 method=b16_fast boundary=e2e_FP32_final reference=paper_tfs max_abs=186652 mean_abs=60.220746346 relative_L2=0.0050785626595 normalized_max=0.00469180842404 gate=0.01 pass=1
METHOD_CHECK graph=indochina-2004 method=b16_fast boundary=e2e_BF16_final reference=paper_tfs max_abs=262144 mean_abs=59.7280875388 relative_L2=0.00554792764684 normalized_max=0.00662251655629 gate=0.02 pass=1
METHOD_CHECK graph=indochina-2004 method=b16_fast boundary=e2e_BF16_final reference=source_MKL_FP32 max_abs=785512 mean_abs=206.242955263 relative_L2=0.0170045293792 normalized_max=0.0195772631868 gate=0.03 pass=1
METHOD_CHECK graph=indochina-2004 method=b16_accurate boundary=kernel_FP32 reference=paper_tfs max_abs=0.0091552734375 mean_abs=1.36374520153e-05 relative_L2=2.39899819516e-06 normalized_max=6.41181004115e-06 gate=0.001 pass=1
METHOD_CHECK graph=indochina-2004 method=b16_accurate boundary=e2e_FP32_final reference=paper_tfs max_abs=1238 mean_abs=0.202665977679 relative_L2=1.9847637947e-05 normalized_max=3.11191888057e-05 gate=0.001 pass=1
METHOD_CHECK graph=indochina-2004 method=b16_accurate boundary=e2e_BF16_final reference=paper_tfs max_abs=262144 mean_abs=0.209353318683 relative_L2=0.000318787015072 normalized_max=0.00662251655629 gate=0.01 pass=1
METHOD_CHECK graph=indochina-2004 method=b16_accurate boundary=e2e_BF16_final reference=source_MKL_FP32 max_abs=600072 mean_abs=148.492182806 relative_L2=0.0122237349432 normalized_max=0.0149555544346 gate=0.03 pass=1
METHOD_CHECK graph=indochina-2004 method=b64_fast boundary=kernel_FP32 reference=paper_tfs max_abs=4.52941894531 mean_abs=0.0328525803849 relative_L2=0.00326500475592 normalized_max=0.00317213615436 gate=0.01 pass=1
METHOD_CHECK graph=indochina-2004 method=b64_fast boundary=e2e_FP32_final reference=paper_tfs max_abs=224264 mean_abs=66.3393086463 relative_L2=0.00563891480015 normalized_max=0.00563724859315 gate=0.01 pass=1
METHOD_CHECK graph=indochina-2004 method=b64_fast boundary=e2e_BF16_final reference=paper_tfs max_abs=262144 mean_abs=65.6555387791 relative_L2=0.0059788431947 normalized_max=0.00662251655629 gate=0.02 pass=1
METHOD_CHECK graph=indochina-2004 method=b64_fast boundary=e2e_BF16_final reference=source_MKL_FP32 max_abs=820392 mean_abs=211.366855102 relative_L2=0.0175146014647 normalized_max=0.0204465751005 gate=0.03 pass=1
METHOD_CHECK graph=indochina-2004 method=b64_accurate boundary=kernel_FP32 reference=paper_tfs max_abs=0.0145263671875 mean_abs=3.18835774604e-05 relative_L2=5.14559950007e-06 normalized_max=1.01734052653e-05 gate=0.001 pass=1
METHOD_CHECK graph=indochina-2004 method=b64_accurate boundary=e2e_FP32_final reference=paper_tfs max_abs=1174 mean_abs=0.216089750406 relative_L2=2.04969989611e-05 normalized_max=2.95104423731e-05 gate=0.001 pass=1
METHOD_CHECK graph=indochina-2004 method=b64_accurate boundary=e2e_BF16_final reference=paper_tfs max_abs=262144 mean_abs=0.220514044586 relative_L2=0.000331452300851 normalized_max=0.00662251655629 gate=0.01 pass=1
METHOD_CHECK graph=indochina-2004 method=b64_accurate boundary=e2e_BF16_final reference=source_MKL_FP32 max_abs=600072 mean_abs=148.531856818 relative_L2=0.0122258785591 normalized_max=0.0149555544346 gate=0.03 pass=1
METHOD_CHECK graph=indochina-2004 method=bfull_fast boundary=kernel_FP32 reference=paper_tfs max_abs=5.46606445312 mean_abs=0.0328383965999 relative_L2=0.0032578925049 normalized_max=0.00382810706697 gate=0.01 pass=1
METHOD_CHECK graph=indochina-2004 method=bfull_fast boundary=e2e_FP32_final reference=paper_tfs max_abs=279990 mean_abs=71.2863304077 relative_L2=0.00600463832796 normalized_max=0.00703801427602 gate=0.01 pass=1
METHOD_CHECK graph=indochina-2004 method=bfull_fast boundary=e2e_BF16_final reference=paper_tfs max_abs=262144 mean_abs=70.31088722 relative_L2=0.00630784269788 normalized_max=0.00662251655629 gate=0.02 pass=1
METHOD_CHECK graph=indochina-2004 method=bfull_fast boundary=e2e_BF16_final reference=source_MKL_FP32 max_abs=837844 mean_abs=214.81538276 relative_L2=0.0177392012683 normalized_max=0.0208815301325 gate=0.03 pass=1
METHOD_CHECK graph=indochina-2004 method=bfull_accurate boundary=kernel_FP32 reference=paper_tfs max_abs=0.022216796875 mean_abs=3.48116067448e-05 relative_L2=7.04351588373e-06 normalized_max=1.55593256999e-05 gate=0.001 pass=1
METHOD_CHECK graph=indochina-2004 method=bfull_accurate boundary=e2e_FP32_final reference=paper_tfs max_abs=1588 mean_abs=0.327437481333 relative_L2=2.81410611443e-05 normalized_max=3.9917020859e-05 gate=0.001 pass=1
METHOD_CHECK graph=indochina-2004 method=bfull_accurate boundary=e2e_BF16_final reference=paper_tfs max_abs=262144 mean_abs=0.358840546203 relative_L2=0.000419933240726 normalized_max=0.00662251655629 gate=0.01 pass=1
METHOD_CHECK graph=indochina-2004 method=bfull_accurate boundary=e2e_BF16_final reference=source_MKL_FP32 max_abs=600072 mean_abs=148.679133979 relative_L2=0.0122424262899 normalized_max=0.0149555544346 gate=0.03 pass=1
METHOD_GATE_COMPLETE graph=indochina-2004 methods=9 pass=1
METHOD_TIME graph=indochina-2004 method=paper_tfs kind=e2e repeat=0 order=0 ms=350.046873093
METHOD_TIME graph=indochina-2004 method=paper_tfs kind=e2e repeat=1 order=0 ms=350.434064865
METHOD_TIME graph=indochina-2004 method=paper_tfs kind=e2e repeat=2 order=0 ms=353.006839752
METHOD_TIME graph=indochina-2004 method=paper_tfs kind=e2e repeat=3 order=0 ms=353.060007095
METHOD_TIME graph=indochina-2004 method=paper_tfs kind=e2e repeat=4 order=0 ms=349.890947342
METHOD_TIME graph=indochina-2004 method=b8_fast kind=e2e repeat=0 order=1 ms=291.68510437
METHOD_TIME graph=indochina-2004 method=b8_fast kind=e2e repeat=1 order=1 ms=293.918132782
METHOD_TIME graph=indochina-2004 method=b8_fast kind=e2e repeat=2 order=1 ms=291.751861572
METHOD_TIME graph=indochina-2004 method=b8_fast kind=e2e repeat=3 order=1 ms=291.868925095
METHOD_TIME graph=indochina-2004 method=b8_fast kind=e2e repeat=4 order=1 ms=291.417837143
METHOD_TIME graph=indochina-2004 method=b8_accurate kind=e2e repeat=0 order=2 ms=336.737155914
METHOD_TIME graph=indochina-2004 method=b8_accurate kind=e2e repeat=1 order=2 ms=335.633993149
METHOD_TIME graph=indochina-2004 method=b8_accurate kind=e2e repeat=2 order=2 ms=336.463928223
METHOD_TIME graph=indochina-2004 method=b8_accurate kind=e2e repeat=3 order=2 ms=335.979938507
METHOD_TIME graph=indochina-2004 method=b8_accurate kind=e2e repeat=4 order=2 ms=334.680080414
METHOD_TIME graph=indochina-2004 method=b16_fast kind=e2e repeat=0 order=3 ms=248.888969421
METHOD_TIME graph=indochina-2004 method=b16_fast kind=e2e repeat=1 order=3 ms=247.881889343
METHOD_TIME graph=indochina-2004 method=b16_fast kind=e2e repeat=2 order=3 ms=249.311923981
METHOD_TIME graph=indochina-2004 method=b16_fast kind=e2e repeat=3 order=3 ms=248.121976852
METHOD_TIME graph=indochina-2004 method=b16_fast kind=e2e repeat=4 order=3 ms=247.978925705
METHOD_TIME graph=indochina-2004 method=b16_accurate kind=e2e repeat=0 order=4 ms=270.388126373
METHOD_TIME graph=indochina-2004 method=b16_accurate kind=e2e repeat=1 order=4 ms=271.447896957
METHOD_TIME graph=indochina-2004 method=b16_accurate kind=e2e repeat=2 order=4 ms=272.199869156
METHOD_TIME graph=indochina-2004 method=b16_accurate kind=e2e repeat=3 order=4 ms=272.500038147
METHOD_TIME graph=indochina-2004 method=b16_accurate kind=e2e repeat=4 order=4 ms=269.312143326
METHOD_TIME graph=indochina-2004 method=b64_fast kind=e2e repeat=0 order=5 ms=216.476202011
METHOD_TIME graph=indochina-2004 method=b64_fast kind=e2e repeat=1 order=5 ms=216.315984726
METHOD_TIME graph=indochina-2004 method=b64_fast kind=e2e repeat=2 order=5 ms=216.022968292
METHOD_TIME graph=indochina-2004 method=b64_fast kind=e2e repeat=3 order=5 ms=215.518951416
METHOD_TIME graph=indochina-2004 method=b64_fast kind=e2e repeat=4 order=5 ms=215.246915817
METHOD_TIME graph=indochina-2004 method=b64_accurate kind=e2e repeat=0 order=6 ms=225.801944733
METHOD_TIME graph=indochina-2004 method=b64_accurate kind=e2e repeat=1 order=6 ms=227.225065231
METHOD_TIME graph=indochina-2004 method=b64_accurate kind=e2e repeat=2 order=6 ms=225.619077682
METHOD_TIME graph=indochina-2004 method=b64_accurate kind=e2e repeat=3 order=6 ms=226.75204277
METHOD_TIME graph=indochina-2004 method=b64_accurate kind=e2e repeat=4 order=6 ms=227.010965347
METHOD_TIME graph=indochina-2004 method=bfull_fast kind=e2e repeat=0 order=7 ms=210.736989975
METHOD_TIME graph=indochina-2004 method=bfull_fast kind=e2e repeat=1 order=7 ms=209.868907928
METHOD_TIME graph=indochina-2004 method=bfull_fast kind=e2e repeat=2 order=7 ms=209.745883942
METHOD_TIME graph=indochina-2004 method=bfull_fast kind=e2e repeat=3 order=7 ms=208.885192871
METHOD_TIME graph=indochina-2004 method=bfull_fast kind=e2e repeat=4 order=7 ms=209.023952484
METHOD_TIME graph=indochina-2004 method=bfull_accurate kind=e2e repeat=0 order=8 ms=216.732978821
METHOD_TIME graph=indochina-2004 method=bfull_accurate kind=e2e repeat=1 order=8 ms=216.950178146
METHOD_TIME graph=indochina-2004 method=bfull_accurate kind=e2e repeat=2 order=8 ms=217.739105225
METHOD_TIME graph=indochina-2004 method=bfull_accurate kind=e2e repeat=3 order=8 ms=217.622995377
METHOD_TIME graph=indochina-2004 method=bfull_accurate kind=e2e repeat=4 order=8 ms=218.061208725
METHOD_TIME graph=indochina-2004 method=source_mkl_fp32 kind=e2e repeat=0 order=9 ms=694.521188736
METHOD_TIME graph=indochina-2004 method=source_mkl_fp32 kind=e2e repeat=1 order=9 ms=694.850921631
METHOD_TIME graph=indochina-2004 method=source_mkl_fp32 kind=e2e repeat=2 order=9 ms=697.355985641
METHOD_TIME graph=indochina-2004 method=source_mkl_fp32 kind=e2e repeat=3 order=9 ms=696.205854416
METHOD_TIME graph=indochina-2004 method=source_mkl_fp32 kind=e2e repeat=4 order=9 ms=700.166940689
METHOD_COMPLETE graph=indochina-2004 methods=9 checks=36 pass=1 max_rss_kib=0
