CONFIG N=169343 E=2484941 Din=128 C=40 threads=16 block=32 panel=64 tile_rows=16 degree_sort_ms=16.613292 seed=11 untrained=true global_U=false global_Z_local=false global_e_alpha=false AMX_products=4 precision_local=FP32_U_FP32_attention_BF16_hi_lo_UW
STATIC layer=1 bLR_and_weight_pack_ms=0.421497 local_scratch_bytes_per_worker=20480
STATIC layer=2 bLR_and_weight_pack_ms=0.737057 local_scratch_bytes_per_worker=36864
STATIC layer=3 bLR_and_weight_pack_ms=0.125511 local_scratch_bytes_per_worker=36864
CHECK path=B0_FP32 layer=1 max_abs_error=0 mean_abs_error=0 relative_L2_error=0 finite=1 reference=B0_FP32 task_acceptance=UNVERIFIED
CHECK path=B0_FP32 layer=2 max_abs_error=0 mean_abs_error=0 relative_L2_error=0 finite=1 reference=B0_FP32 task_acceptance=UNVERIFIED
CHECK path=B0_FP32 layer=3 max_abs_error=0 mean_abs_error=0 relative_L2_error=0 finite=1 reference=B0_FP32 task_acceptance=UNVERIFIED
CHECK path=B0_BF16 layer=1 max_abs_error=0.002940177917 mean_abs_error=0.0003106010223 relative_L2_error=0.001907852108 finite=1 reference=B0_FP32 task_acceptance=UNVERIFIED
CHECK path=B0_BF16 layer=2 max_abs_error=0.003095805645 mean_abs_error=0.0003925246458 relative_L2_error=0.002537419649 finite=1 reference=B0_FP32 task_acceptance=UNVERIFIED
CHECK path=B0_BF16 layer=3 max_abs_error=0.00333481282 mean_abs_error=0.0004973307466 relative_L2_error=0.003105397593 finite=1 reference=B0_FP32 task_acceptance=UNVERIFIED
CHECK path=B1_TFS layer=1 max_abs_error=0.002868031734 mean_abs_error=0.0003248947126 relative_L2_error=0.002004389909 finite=1 reference=B0_FP32 task_acceptance=UNVERIFIED
CHECK path=B1_TFS layer=2 max_abs_error=0.003100991249 mean_abs_error=0.0004038083288 relative_L2_error=0.002614751288 finite=1 reference=B0_FP32 task_acceptance=UNVERIFIED
CHECK path=B1_TFS layer=3 max_abs_error=0.003769751638 mean_abs_error=0.000507920909 relative_L2_error=0.003177013419 finite=1 reference=B0_FP32 task_acceptance=UNVERIFIED
CHECK path=local_online_fp32 layer=1 max_abs_error=2.980232239e-06 mean_abs_error=3.372781261e-08 relative_L2_error=2.47892637e-07 finite=1 reference=B0_FP32 task_acceptance=UNVERIFIED
CHECK path=local_online_fp32 layer=2 max_abs_error=2.324581146e-06 mean_abs_error=5.113320315e-08 relative_L2_error=3.734312989e-07 finite=1 reference=B0_FP32 task_acceptance=UNVERIFIED
CHECK path=local_online_fp32 layer=3 max_abs_error=1.817941666e-06 mean_abs_error=5.532930518e-08 relative_L2_error=3.675258507e-07 finite=1 reference=B0_FP32 task_acceptance=UNVERIFIED
CHECK path=local_online_amx_hilo layer=1 max_abs_error=5.125999451e-06 mean_abs_error=5.639369708e-07 relative_L2_error=3.525710673e-06 finite=1 reference=B0_FP32 task_acceptance=UNVERIFIED
CHECK path=local_online_amx_hilo layer=2 max_abs_error=4.947185516e-06 mean_abs_error=6.272080845e-07 relative_L2_error=4.064281603e-06 finite=1 reference=B0_FP32 task_acceptance=UNVERIFIED
CHECK path=local_online_amx_hilo layer=3 max_abs_error=5.424022675e-06 mean_abs_error=8.812709381e-07 relative_L2_error=5.225612646e-06 finite=1 reference=B0_FP32 task_acceptance=UNVERIFIED
{"path":"B0_FP32","rep":0,"layer":1,"e2e_ms":74.593216,"layer_ms":30.661696,"lr_ms":1.285834,"kernel_ms":20.667025,"projection_ms":5.334998,"conversion_ms":3.3e-05,"max_prescan_ms":0.675804,"normalization_ms":1.307724,"activation_ms":1.389966}
{"path":"B0_FP32","rep":0,"layer":2,"e2e_ms":74.593216,"layer_ms":35.881193,"lr_ms":1.267062,"kernel_ms":21.072224,"projection_ms":10.197263,"conversion_ms":2.8e-05,"max_prescan_ms":0.659853,"normalization_ms":1.252687,"activation_ms":1.431718}
{"path":"B0_FP32","rep":0,"layer":3,"e2e_ms":74.593216,"layer_ms":8.047334,"lr_ms":0.24112,"kernel_ms":4.170509,"projection_ms":3.027446,"conversion_ms":2.9e-05,"max_prescan_ms":0.415019,"normalization_ms":0.192751,"activation_ms":0.000157}
{"path":"B0_BF16","rep":0,"layer":1,"e2e_ms":68.437123,"layer_ms":30.304147,"lr_ms":1.257597,"kernel_ms":20.868458,"projection_ms":4.131134,"conversion_ms":0.698213,"max_prescan_ms":0.648065,"normalization_ms":1.28742,"activation_ms":1.412846}
{"path":"B0_BF16","rep":0,"layer":2,"e2e_ms":68.437123,"layer_ms":30.870558,"lr_ms":1.275407,"kernel_ms":20.624588,"projection_ms":4.389552,"conversion_ms":1.22569,"max_prescan_ms":0.664593,"normalization_ms":1.287685,"activation_ms":1.402639}
{"path":"B0_BF16","rep":0,"layer":3,"e2e_ms":68.437123,"layer_ms":7.26078,"lr_ms":0.226953,"kernel_ms":4.176467,"projection_ms":1.018906,"conversion_ms":1.241526,"max_prescan_ms":0.406161,"normalization_ms":0.190029,"activation_ms":0.000141}
{"path":"B1_TFS","rep":0,"layer":1,"e2e_ms":425.708554,"layer_ms":129.100774,"lr_ms":0.549649,"kernel_ms":124.382152,"projection_ms":0,"conversion_ms":0.717221,"max_prescan_ms":0.722482,"normalization_ms":1.250699,"activation_ms":1.478264}
{"path":"B1_TFS","rep":0,"layer":2,"e2e_ms":425.708554,"layer_ms":259.868481,"lr_ms":0.89704,"kernel_ms":254.279517,"projection_ms":0,"conversion_ms":1.265705,"max_prescan_ms":0.780012,"normalization_ms":1.216734,"activation_ms":1.429032}
{"path":"B1_TFS","rep":0,"layer":3,"e2e_ms":425.708554,"layer_ms":36.736076,"lr_ms":0.674398,"kernel_ms":34.212745,"projection_ms":0,"conversion_ms":1.246888,"max_prescan_ms":0.401112,"normalization_ms":0.200545,"activation_ms":4e-05}
{"path":"local_online_fp32","rep":0,"layer":1,"e2e_ms":250.887364,"layer_ms":101.809468,"lr_ms":0.946165,"kernel_ms":99.437191,"projection_ms":0,"conversion_ms":0,"max_prescan_ms":0,"normalization_ms":0,"activation_ms":1.425947}
{"path":"local_online_fp32","rep":0,"layer":2,"e2e_ms":250.887364,"layer_ms":124.829735,"lr_ms":1.292149,"kernel_ms":122.093738,"projection_ms":0,"conversion_ms":0,"max_prescan_ms":0,"normalization_ms":0,"activation_ms":1.443684}
{"path":"local_online_fp32","rep":0,"layer":3,"e2e_ms":250.887364,"layer_ms":24.245742,"lr_ms":1.291986,"kernel_ms":22.953343,"projection_ms":0,"conversion_ms":0,"max_prescan_ms":0,"normalization_ms":0,"activation_ms":4.4e-05}
{"path":"local_online_amx_hilo","rep":0,"layer":1,"e2e_ms":267.469139,"layer_ms":95.317295,"lr_ms":0.884566,"kernel_ms":93.003093,"projection_ms":0,"conversion_ms":0,"max_prescan_ms":0,"normalization_ms":0,"activation_ms":1.42946}
{"path":"local_online_amx_hilo","rep":0,"layer":2,"e2e_ms":267.469139,"layer_ms":144.837501,"lr_ms":1.298401,"kernel_ms":142.053034,"projection_ms":0,"conversion_ms":0,"max_prescan_ms":0,"normalization_ms":0,"activation_ms":1.485799}
{"path":"local_online_amx_hilo","rep":0,"layer":3,"e2e_ms":267.469139,"layer_ms":27.311602,"lr_ms":1.372166,"kernel_ms":25.938878,"projection_ms":0,"conversion_ms":0,"max_prescan_ms":0,"normalization_ms":0,"activation_ms":0.000155}
{"path":"local_online_amx_hilo","rep":1,"layer":1,"e2e_ms":270.005196,"layer_ms":93.218639,"lr_ms":0.948274,"kernel_ms":90.835257,"projection_ms":0,"conversion_ms":0,"max_prescan_ms":0,"normalization_ms":0,"activation_ms":1.434942}
{"path":"local_online_amx_hilo","rep":1,"layer":2,"e2e_ms":270.005196,"layer_ms":149.695268,"lr_ms":1.289037,"kernel_ms":146.929242,"projection_ms":0,"conversion_ms":0,"max_prescan_ms":0,"normalization_ms":0,"activation_ms":1.476688}
{"path":"local_online_amx_hilo","rep":1,"layer":3,"e2e_ms":270.005196,"layer_ms":27.089108,"lr_ms":1.352716,"kernel_ms":25.735972,"projection_ms":0,"conversion_ms":0,"max_prescan_ms":0,"normalization_ms":0,"activation_ms":2.7e-05}
{"path":"local_online_fp32","rep":1,"layer":1,"e2e_ms":252.540891,"layer_ms":101.439973,"lr_ms":0.914951,"kernel_ms":99.015886,"projection_ms":0,"conversion_ms":0,"max_prescan_ms":0,"normalization_ms":0,"activation_ms":1.508975}
{"path":"local_online_fp32","rep":1,"layer":2,"e2e_ms":252.540891,"layer_ms":126.927665,"lr_ms":1.302733,"kernel_ms":124.185701,"projection_ms":0,"conversion_ms":0,"max_prescan_ms":0,"normalization_ms":0,"activation_ms":1.438974}
{"path":"local_online_fp32","rep":1,"layer":3,"e2e_ms":252.540891,"layer_ms":24.170778,"lr_ms":1.290873,"kernel_ms":22.879525,"projection_ms":0,"conversion_ms":0,"max_prescan_ms":0,"normalization_ms":0,"activation_ms":3.1e-05}
{"path":"B1_TFS","rep":1,"layer":1,"e2e_ms":427.529938,"layer_ms":126.333632,"lr_ms":0.571724,"kernel_ms":121.694059,"projection_ms":0,"conversion_ms":0.668831,"max_prescan_ms":0.755743,"normalization_ms":1.235179,"activation_ms":1.407599}
{"path":"B1_TFS","rep":1,"layer":2,"e2e_ms":427.529938,"layer_ms":263.784151,"lr_ms":0.903227,"kernel_ms":258.166479,"projection_ms":0,"conversion_ms":1.231705,"max_prescan_ms":0.805644,"normalization_ms":1.236346,"activation_ms":1.440449}
{"path":"B1_TFS","rep":1,"layer":3,"e2e_ms":427.529938,"layer_ms":37.410243,"lr_ms":0.67804,"kernel_ms":34.896132,"projection_ms":0,"conversion_ms":1.240309,"max_prescan_ms":0.396835,"normalization_ms":0.198502,"activation_ms":0.000173}
{"path":"B0_BF16","rep":1,"layer":1,"e2e_ms":68.53116,"layer_ms":29.925364,"lr_ms":1.240833,"kernel_ms":20.293523,"projection_ms":4.226992,"conversion_ms":0.661494,"max_prescan_ms":0.716017,"normalization_ms":1.326686,"activation_ms":1.458879}
{"path":"B0_BF16","rep":1,"layer":2,"e2e_ms":68.53116,"layer_ms":31.286924,"lr_ms":1.312203,"kernel_ms":20.557528,"projection_ms":4.525089,"conversion_ms":1.295729,"max_prescan_ms":0.690363,"normalization_ms":1.242691,"activation_ms":1.662909}
{"path":"B0_BF16","rep":1,"layer":3,"e2e_ms":68.53116,"layer_ms":7.316796,"lr_ms":0.221383,"kernel_ms":4.221302,"projection_ms":1.03347,"conversion_ms":1.242325,"max_prescan_ms":0.40829,"normalization_ms":0.189594,"activation_ms":0.000143}
{"path":"B0_FP32","rep":1,"layer":1,"e2e_ms":73.667298,"layer_ms":30.262197,"lr_ms":1.249576,"kernel_ms":20.38725,"projection_ms":5.244549,"conversion_ms":3.5e-05,"max_prescan_ms":0.666311,"normalization_ms":1.309776,"activation_ms":1.404296}
{"path":"B0_FP32","rep":1,"layer":2,"e2e_ms":73.667298,"layer_ms":35.321523,"lr_ms":1.249602,"kernel_ms":20.28744,"projection_ms":10.415637,"conversion_ms":3e-05,"max_prescan_ms":0.66549,"normalization_ms":1.252232,"activation_ms":1.450596}
{"path":"B0_FP32","rep":1,"layer":3,"e2e_ms":73.667298,"layer_ms":8.081443,"lr_ms":0.25355,"kernel_ms":4.182157,"projection_ms":3.043475,"conversion_ms":3.1e-05,"max_prescan_ms":0.410567,"normalization_ms":0.191035,"activation_ms":0.000149}
{"path":"B0_FP32","rep":2,"layer":1,"e2e_ms":73.9963,"layer_ms":30.700215,"lr_ms":1.276262,"kernel_ms":20.792191,"projection_ms":5.249597,"conversion_ms":0.000126,"max_prescan_ms":0.656361,"normalization_ms":1.311045,"activation_ms":1.41423}
{"path":"B0_FP32","rep":2,"layer":2,"e2e_ms":73.9963,"layer_ms":35.291881,"lr_ms":1.291098,"kernel_ms":20.427062,"projection_ms":10.21766,"conversion_ms":2.7e-05,"max_prescan_ms":0.669256,"normalization_ms":1.252814,"activation_ms":1.433622}
{"path":"B0_FP32","rep":2,"layer":3,"e2e_ms":73.9963,"layer_ms":8.002549,"lr_ms":0.245555,"kernel_ms":4.141516,"projection_ms":3.022888,"conversion_ms":3.1e-05,"max_prescan_ms":0.402236,"normalization_ms":0.189807,"activation_ms":0.000171}
{"path":"B0_BF16","rep":2,"layer":1,"e2e_ms":67.526096,"layer_ms":29.679694,"lr_ms":1.263708,"kernel_ms":20.217559,"projection_ms":4.13808,"conversion_ms":0.702771,"max_prescan_ms":0.642157,"normalization_ms":1.300217,"activation_ms":1.414776}
{"path":"B0_BF16","rep":2,"layer":2,"e2e_ms":67.526096,"layer_ms":30.584481,"lr_ms":1.277745,"kernel_ms":20.323949,"projection_ms":4.425659,"conversion_ms":1.22471,"max_prescan_ms":0.679138,"normalization_ms":1.247695,"activation_ms":1.405184}
{"path":"B0_BF16","rep":2,"layer":3,"e2e_ms":67.526096,"layer_ms":7.260262,"lr_ms":0.215942,"kernel_ms":4.183782,"projection_ms":1.017456,"conversion_ms":1.245259,"max_prescan_ms":0.408763,"normalization_ms":0.188652,"activation_ms":8.8e-05}
{"path":"B1_TFS","rep":2,"layer":1,"e2e_ms":425.688147,"layer_ms":130.107867,"lr_ms":0.541779,"kernel_ms":125.499445,"projection_ms":0,"conversion_ms":0.698647,"max_prescan_ms":0.712828,"normalization_ms":1.234358,"activation_ms":1.420336}
{"path":"B1_TFS","rep":2,"layer":2,"e2e_ms":425.688147,"layer_ms":257.282446,"lr_ms":0.895244,"kernel_ms":251.780236,"projection_ms":0,"conversion_ms":1.230638,"max_prescan_ms":0.743447,"normalization_ms":1.221994,"activation_ms":1.410455}
{"path":"B1_TFS","rep":2,"layer":3,"e2e_ms":425.688147,"layer_ms":38.29548,"lr_ms":0.677465,"kernel_ms":35.666463,"projection_ms":0,"conversion_ms":1.251267,"max_prescan_ms":0.495476,"normalization_ms":0.204397,"activation_ms":2.9e-05}
{"path":"local_online_fp32","rep":2,"layer":1,"e2e_ms":247.854314,"layer_ms":93.06714,"lr_ms":0.949553,"kernel_ms":90.692866,"projection_ms":0,"conversion_ms":0,"max_prescan_ms":0,"normalization_ms":0,"activation_ms":1.424464}
{"path":"local_online_fp32","rep":2,"layer":2,"e2e_ms":247.854314,"layer_ms":130.288117,"lr_ms":1.290787,"kernel_ms":127.585982,"projection_ms":0,"conversion_ms":0,"max_prescan_ms":0,"normalization_ms":0,"activation_ms":1.411034}
{"path":"local_online_fp32","rep":2,"layer":3,"e2e_ms":247.854314,"layer_ms":24.495325,"lr_ms":1.290814,"kernel_ms":23.204181,"projection_ms":0,"conversion_ms":0,"max_prescan_ms":0,"normalization_ms":0,"activation_ms":3.7e-05}
{"path":"local_online_amx_hilo","rep":2,"layer":1,"e2e_ms":273.820323,"layer_ms":107.882909,"lr_ms":0.928833,"kernel_ms":105.544927,"projection_ms":0,"conversion_ms":0,"max_prescan_ms":0,"normalization_ms":0,"activation_ms":1.40898}
{"path":"local_online_amx_hilo","rep":2,"layer":2,"e2e_ms":273.820323,"layer_ms":139.019926,"lr_ms":1.302696,"kernel_ms":136.220246,"projection_ms":0,"conversion_ms":0,"max_prescan_ms":0,"normalization_ms":0,"activation_ms":1.496701}
{"path":"local_online_amx_hilo","rep":2,"layer":3,"e2e_ms":273.820323,"layer_ms":26.915185,"lr_ms":1.366235,"kernel_ms":25.548312,"projection_ms":0,"conversion_ms":0,"max_prescan_ms":0,"normalization_ms":0,"activation_ms":0.000148}
PROFILE path=local_online_fp32 layer=1 layer_wall_ms=97.357015 kernel_wall_ms=94.970014 sampled_tiles=658 init_worker_ms=0.179571 score_exp_den_worker_ms=1.924677 rescale_worker_ms=0.272615 weighted_spmm_worker_ms=4.371069 packing_worker_ms=0.016201 gemm_load_compute_store_worker_ms=0.87108 normalization_scatter_worker_ms=0.124743 AMX_rescale_spill_bytes=0 AMX_rescale_reload_bytes=0 U_global_bytes=0
ONLINE_STATS layer=1 blocks=1580688 running_max_updates_including_initial=1400775 rescales=46031 rescaled_feature_elements=5891968 rescale_per_block=0.02912086383 row_head_ratio_P50=0 P90=0 P95=0 P99=0.5 empty_rows_ratio=0
PROFILE path=local_online_fp32 layer=2 layer_wall_ms=136.814771 kernel_wall_ms=134.0079 sampled_tiles=658 init_worker_ms=0.300326 score_exp_den_worker_ms=2.15234 rescale_worker_ms=0.287322 weighted_spmm_worker_ms=7.144247 packing_worker_ms=0.017768 gemm_load_compute_store_worker_ms=1.43208 normalization_scatter_worker_ms=0.142315 AMX_rescale_spill_bytes=0 AMX_rescale_reload_bytes=0 U_global_bytes=0
ONLINE_STATS layer=2 blocks=1580688 running_max_updates_including_initial=1403398 rescales=48654 rescaled_feature_elements=12455424 rescale_per_block=0.03078026783 row_head_ratio_P50=0 P90=0 P95=0 P99=0.5 empty_rows_ratio=0
PROFILE path=local_online_fp32 layer=3 layer_wall_ms=25.490585 kernel_wall_ms=24.190538 sampled_tiles=96 init_worker_ms=0.060497 score_exp_den_worker_ms=0.480359 rescale_worker_ms=0.038517 weighted_spmm_worker_ms=1.62846 packing_worker_ms=0.002886 gemm_load_compute_store_worker_ms=0.325563 normalization_scatter_worker_ms=0.04145 AMX_rescale_spill_bytes=0 AMX_rescale_reload_bytes=0 U_global_bytes=0
ONLINE_STATS layer=3 blocks=197586 running_max_updates_including_initial=175516 rescales=6173 rescaled_feature_elements=1580288 rescale_per_block=0.03124209205 row_head_ratio_P50=0 P90=0 P95=0 P99=0.5 empty_rows_ratio=0
PROFILE path=local_online_amx_hilo layer=1 layer_wall_ms=105.065691 kernel_wall_ms=102.611819 sampled_tiles=658 init_worker_ms=0.358438 score_exp_den_worker_ms=1.966071 rescale_worker_ms=0.271838 weighted_spmm_worker_ms=4.484645 packing_worker_ms=0.536805 gemm_load_compute_store_worker_ms=1.193454 normalization_scatter_worker_ms=0.122374 AMX_rescale_spill_bytes=0 AMX_rescale_reload_bytes=0 U_global_bytes=0
ONLINE_STATS layer=1 blocks=1580688 running_max_updates_including_initial=1400775 rescales=46031 rescaled_feature_elements=5891968 rescale_per_block=0.02912086383 row_head_ratio_P50=0 P90=0 P95=0 P99=0.5 empty_rows_ratio=0
PROFILE path=local_online_amx_hilo layer=2 layer_wall_ms=139.799858 kernel_wall_ms=137.036494 sampled_tiles=658 init_worker_ms=0.464699 score_exp_den_worker_ms=2.144359 rescale_worker_ms=0.27835 weighted_spmm_worker_ms=7.148566 packing_worker_ms=0.717894 gemm_load_compute_store_worker_ms=1.722811 normalization_scatter_worker_ms=0.135422 AMX_rescale_spill_bytes=0 AMX_rescale_reload_bytes=0 U_global_bytes=0
ONLINE_STATS layer=2 blocks=1580688 running_max_updates_including_initial=1403399 rescales=48655 rescaled_feature_elements=12455680 rescale_per_block=0.03078090047 row_head_ratio_P50=0 P90=0 P95=0 P99=0.5 empty_rows_ratio=0
PROFILE path=local_online_amx_hilo layer=3 layer_wall_ms=26.885378 kernel_wall_ms=25.584378 sampled_tiles=96 init_worker_ms=0.087593 score_exp_den_worker_ms=0.47319 rescale_worker_ms=0.041889 weighted_spmm_worker_ms=1.638362 packing_worker_ms=0.133007 gemm_load_compute_store_worker_ms=0.442545 normalization_scatter_worker_ms=0.037463 AMX_rescale_spill_bytes=0 AMX_rescale_reload_bytes=0 U_global_bytes=0
ONLINE_STATS layer=3 blocks=197586 running_max_updates_including_initial=175516 rescales=6173 rescaled_feature_elements=1580288 rescale_per_block=0.03124209205 row_head_ratio_P50=0 P90=0 P95=0 P99=0.5 empty_rows_ratio=0
LOCAL_COMPLETE numerical_smoke=PASS task_accuracy=UNVERIFIED performance=EXPLORATORY
