CONFIG N=35 E=1083 Din=128 C=40 threads=16 block=32 panel=64 tile_rows=16 degree_sort_ms=0.005595 seed=11 untrained=true global_U=false global_Z_local=false global_e_alpha=false AMX_products=4 precision_local=FP32_U_FP32_attention_BF16_hi_lo_UW
STATIC layer=1 bLR_and_weight_pack_ms=0.395693 local_scratch_bytes_per_worker=20480
STATIC layer=2 bLR_and_weight_pack_ms=0.715793 local_scratch_bytes_per_worker=36864
STATIC layer=3 bLR_and_weight_pack_ms=0.123134 local_scratch_bytes_per_worker=36864
CHECK path=B0_FP32 layer=1 max_abs_error=0 mean_abs_error=0 relative_L2_error=0 finite=1 reference=B0_FP32 task_acceptance=UNVERIFIED
CHECK path=B0_FP32 layer=2 max_abs_error=0 mean_abs_error=0 relative_L2_error=0 finite=1 reference=B0_FP32 task_acceptance=UNVERIFIED
CHECK path=B0_FP32 layer=3 max_abs_error=0 mean_abs_error=0 relative_L2_error=0 finite=1 reference=B0_FP32 task_acceptance=UNVERIFIED
CHECK path=B0_BF16 layer=1 max_abs_error=0.002696696669 mean_abs_error=0.0002501466288 relative_L2_error=0.002700156349 finite=1 reference=B0_FP32 task_acceptance=UNVERIFIED
CHECK path=B0_BF16 layer=2 max_abs_error=0.001907706261 mean_abs_error=0.0002262755458 relative_L2_error=0.004006286641 finite=1 reference=B0_FP32 task_acceptance=UNVERIFIED
CHECK path=B0_BF16 layer=3 max_abs_error=0.001137506217 mean_abs_error=0.000218497238 relative_L2_error=0.004291444972 finite=1 reference=B0_FP32 task_acceptance=UNVERIFIED
CHECK path=B1_TFS layer=1 max_abs_error=0.002696696669 mean_abs_error=0.0002936579796 relative_L2_error=0.003080997666 finite=1 reference=B0_FP32 task_acceptance=UNVERIFIED
CHECK path=B1_TFS layer=2 max_abs_error=0.001957952976 mean_abs_error=0.0002414483289 relative_L2_error=0.004341157667 finite=1 reference=B0_FP32 task_acceptance=UNVERIFIED
CHECK path=B1_TFS layer=3 max_abs_error=0.0009650504217 mean_abs_error=0.0002291806605 relative_L2_error=0.004533888996 finite=1 reference=B0_FP32 task_acceptance=UNVERIFIED
CHECK path=local_online_fp32 layer=1 max_abs_error=4.172325134e-07 mean_abs_error=2.825627234e-08 relative_L2_error=3.526679942e-07 finite=1 reference=B0_FP32 task_acceptance=UNVERIFIED
CHECK path=local_online_fp32 layer=2 max_abs_error=3.576278687e-07 mean_abs_error=3.333968164e-08 relative_L2_error=6.628869849e-07 finite=1 reference=B0_FP32 task_acceptance=UNVERIFIED
CHECK path=local_online_fp32 layer=3 max_abs_error=2.086162567e-07 mean_abs_error=3.304600146e-08 relative_L2_error=6.581295433e-07 finite=1 reference=B0_FP32 task_acceptance=UNVERIFIED
CHECK path=local_online_amx_hilo layer=1 max_abs_error=3.665685654e-06 mean_abs_error=2.6100484e-07 relative_L2_error=3.35671668e-06 finite=1 reference=B0_FP32 task_acceptance=UNVERIFIED
CHECK path=local_online_amx_hilo layer=2 max_abs_error=2.801418304e-06 mean_abs_error=2.475625773e-07 relative_L2_error=4.521140854e-06 finite=1 reference=B0_FP32 task_acceptance=UNVERIFIED
CHECK path=local_online_amx_hilo layer=3 max_abs_error=1.102685928e-06 mean_abs_error=2.440666451e-07 relative_L2_error=4.834375536e-06 finite=1 reference=B0_FP32 task_acceptance=UNVERIFIED
{"path":"B0_FP32","rep":0,"layer":1,"e2e_ms":0.174346,"layer_ms":0.063927,"lr_ms":0.002325,"kernel_ms":0.043213,"projection_ms":0.008425,"conversion_ms":2e-05,"max_prescan_ms":0.002579,"normalization_ms":0.003144,"activation_ms":0.004042}
{"path":"B0_FP32","rep":0,"layer":2,"e2e_ms":0.174346,"layer_ms":0.065961,"lr_ms":0.002597,"kernel_ms":0.041287,"projection_ms":0.011164,"conversion_ms":1.9e-05,"max_prescan_ms":0.002866,"normalization_ms":0.00336,"activation_ms":0.004489}
{"path":"B0_FP32","rep":0,"layer":3,"e2e_ms":0.174346,"layer_ms":0.044081,"lr_ms":0.013159,"kernel_ms":0.017662,"projection_ms":0.007787,"conversion_ms":2e-05,"max_prescan_ms":0.002831,"normalization_ms":0.002414,"activation_ms":2.6e-05}
{"path":"B0_BF16","rep":0,"layer":1,"e2e_ms":0.179585,"layer_ms":0.070883,"lr_ms":0.003236,"kernel_ms":0.042798,"projection_ms":0.011811,"conversion_ms":0.002375,"max_prescan_ms":0.002785,"normalization_ms":0.003192,"activation_ms":0.004506}
{"path":"B0_BF16","rep":0,"layer":2,"e2e_ms":0.179585,"layer_ms":0.074686,"lr_ms":0.003377,"kernel_ms":0.046345,"projection_ms":0.011778,"conversion_ms":0.00239,"max_prescan_ms":0.002639,"normalization_ms":0.003114,"activation_ms":0.00478}
{"path":"B0_BF16","rep":0,"layer":3,"e2e_ms":0.179585,"layer_ms":0.033821,"lr_ms":0.003126,"kernel_ms":0.01611,"projection_ms":0.00741,"conversion_ms":0.001967,"max_prescan_ms":0.00275,"normalization_ms":0.002238,"activation_ms":2.6e-05}
{"path":"B1_TFS","rep":0,"layer":1,"e2e_ms":2.029007,"layer_ms":0.672147,"lr_ms":0.025679,"kernel_ms":0.634386,"projection_ms":0,"conversion_ms":0.002207,"max_prescan_ms":0.003875,"normalization_ms":0.002815,"activation_ms":0.003024}
{"path":"B1_TFS","rep":0,"layer":2,"e2e_ms":2.029007,"layer_ms":1.151432,"lr_ms":0.00919,"kernel_ms":1.13025,"projection_ms":0,"conversion_ms":0.00259,"max_prescan_ms":0.002575,"normalization_ms":0.003371,"activation_ms":0.003299}
{"path":"B1_TFS","rep":0,"layer":3,"e2e_ms":2.029007,"layer_ms":0.205096,"lr_ms":0.007064,"kernel_ms":0.189777,"projection_ms":0,"conversion_ms":0.003065,"max_prescan_ms":0.002694,"normalization_ms":0.002295,"activation_ms":3.3e-05}
{"path":"local_online_fp32","rep":0,"layer":1,"e2e_ms":0.449008,"layer_ms":0.144779,"lr_ms":0.001996,"kernel_ms":0.138937,"projection_ms":0,"conversion_ms":0,"max_prescan_ms":0,"normalization_ms":0,"activation_ms":0.003759}
{"path":"local_online_fp32","rep":0,"layer":2,"e2e_ms":0.449008,"layer_ms":0.258144,"lr_ms":0.003789,"kernel_ms":0.250071,"projection_ms":0,"conversion_ms":0,"max_prescan_ms":0,"normalization_ms":0,"activation_ms":0.004202}
{"path":"local_online_fp32","rep":0,"layer":3,"e2e_ms":0.449008,"layer_ms":0.045709,"lr_ms":0.003994,"kernel_ms":0.041595,"projection_ms":0,"conversion_ms":0,"max_prescan_ms":0,"normalization_ms":0,"activation_ms":3e-05}
{"path":"local_online_amx_hilo","rep":0,"layer":1,"e2e_ms":0.5278,"layer_ms":0.170352,"lr_ms":0.00298,"kernel_ms":0.16357,"projection_ms":0,"conversion_ms":0,"max_prescan_ms":0,"normalization_ms":0,"activation_ms":0.003721}
{"path":"local_online_amx_hilo","rep":0,"layer":2,"e2e_ms":0.5278,"layer_ms":0.305998,"lr_ms":0.003663,"kernel_ms":0.295848,"projection_ms":0,"conversion_ms":0,"max_prescan_ms":0,"normalization_ms":0,"activation_ms":0.006405}
{"path":"local_online_amx_hilo","rep":0,"layer":3,"e2e_ms":0.5278,"layer_ms":0.051031,"lr_ms":0.004014,"kernel_ms":0.046896,"projection_ms":0,"conversion_ms":0,"max_prescan_ms":0,"normalization_ms":0,"activation_ms":3.3e-05}
{"path":"local_online_amx_hilo","rep":1,"layer":1,"e2e_ms":0.51988,"layer_ms":0.165623,"lr_ms":0.002867,"kernel_ms":0.159656,"projection_ms":0,"conversion_ms":0,"max_prescan_ms":0,"normalization_ms":0,"activation_ms":0.003017}
{"path":"local_online_amx_hilo","rep":1,"layer":2,"e2e_ms":0.51988,"layer_ms":0.30652,"lr_ms":0.00386,"kernel_ms":0.299305,"projection_ms":0,"conversion_ms":0,"max_prescan_ms":0,"normalization_ms":0,"activation_ms":0.003272}
{"path":"local_online_amx_hilo","rep":1,"layer":3,"e2e_ms":0.51988,"layer_ms":0.047328,"lr_ms":0.004028,"kernel_ms":0.043181,"projection_ms":0,"conversion_ms":0,"max_prescan_ms":0,"normalization_ms":0,"activation_ms":3.2e-05}
{"path":"local_online_fp32","rep":1,"layer":1,"e2e_ms":0.447334,"layer_ms":0.150319,"lr_ms":0.003177,"kernel_ms":0.143452,"projection_ms":0,"conversion_ms":0,"max_prescan_ms":0,"normalization_ms":0,"activation_ms":0.003608}
{"path":"local_online_fp32","rep":1,"layer":2,"e2e_ms":0.447334,"layer_ms":0.255678,"lr_ms":0.003666,"kernel_ms":0.248166,"projection_ms":0,"conversion_ms":0,"max_prescan_ms":0,"normalization_ms":0,"activation_ms":0.003761}
{"path":"local_online_fp32","rep":1,"layer":3,"e2e_ms":0.447334,"layer_ms":0.041028,"lr_ms":0.003948,"kernel_ms":0.036964,"projection_ms":0,"conversion_ms":0,"max_prescan_ms":0,"normalization_ms":0,"activation_ms":3.3e-05}
{"path":"B1_TFS","rep":1,"layer":1,"e2e_ms":2.097871,"layer_ms":0.672499,"lr_ms":0.026451,"kernel_ms":0.634507,"projection_ms":0,"conversion_ms":0.002176,"max_prescan_ms":0.00289,"normalization_ms":0.00309,"activation_ms":0.003189}
{"path":"B1_TFS","rep":1,"layer":2,"e2e_ms":2.097871,"layer_ms":1.21829,"lr_ms":0.010147,"kernel_ms":1.197267,"projection_ms":0,"conversion_ms":0.002306,"max_prescan_ms":0.003228,"normalization_ms":0.002701,"activation_ms":0.002434}
{"path":"B1_TFS","rep":1,"layer":3,"e2e_ms":2.097871,"layer_ms":0.206775,"lr_ms":0.007149,"kernel_ms":0.193059,"projection_ms":0,"conversion_ms":0.002114,"max_prescan_ms":0.002393,"normalization_ms":0.001883,"activation_ms":1.8e-05}
{"path":"B0_BF16","rep":1,"layer":1,"e2e_ms":0.185709,"layer_ms":0.070998,"lr_ms":0.004355,"kernel_ms":0.042953,"projection_ms":0.010448,"conversion_ms":0.002382,"max_prescan_ms":0.002784,"normalization_ms":0.003107,"activation_ms":0.004776}
{"path":"B0_BF16","rep":1,"layer":2,"e2e_ms":0.185709,"layer_ms":0.076859,"lr_ms":0.005063,"kernel_ms":0.041564,"projection_ms":0.016862,"conversion_ms":0.003181,"max_prescan_ms":0.002516,"normalization_ms":0.002952,"activation_ms":0.004531}
{"path":"B0_BF16","rep":1,"layer":3,"e2e_ms":0.185709,"layer_ms":0.037594,"lr_ms":0.003993,"kernel_ms":0.016348,"projection_ms":0.008963,"conversion_ms":0.002162,"max_prescan_ms":0.003381,"normalization_ms":0.002507,"activation_ms":3.2e-05}
{"path":"B0_FP32","rep":1,"layer":1,"e2e_ms":0.174138,"layer_ms":0.066388,"lr_ms":0.002461,"kernel_ms":0.04559,"projection_ms":0.008162,"conversion_ms":1.9e-05,"max_prescan_ms":0.002603,"normalization_ms":0.003364,"activation_ms":0.004012}
{"path":"B0_FP32","rep":1,"layer":2,"e2e_ms":0.174138,"layer_ms":0.064857,"lr_ms":0.00238,"kernel_ms":0.04062,"projection_ms":0.011247,"conversion_ms":1.9e-05,"max_prescan_ms":0.002859,"normalization_ms":0.003036,"activation_ms":0.004521}
{"path":"B0_FP32","rep":1,"layer":3,"e2e_ms":0.174138,"layer_ms":0.042593,"lr_ms":0.013207,"kernel_ms":0.015704,"projection_ms":0.008442,"conversion_ms":2e-05,"max_prescan_ms":0.002745,"normalization_ms":0.00226,"activation_ms":3.5e-05}
{"path":"B0_FP32","rep":2,"layer":1,"e2e_ms":0.174621,"layer_ms":0.065904,"lr_ms":0.002764,"kernel_ms":0.044947,"projection_ms":0.007753,"conversion_ms":1.9e-05,"max_prescan_ms":0.002625,"normalization_ms":0.003129,"activation_ms":0.004491}
{"path":"B0_FP32","rep":2,"layer":2,"e2e_ms":0.174621,"layer_ms":0.065087,"lr_ms":0.002805,"kernel_ms":0.040673,"projection_ms":0.010876,"conversion_ms":1.9e-05,"max_prescan_ms":0.002713,"normalization_ms":0.003331,"activation_ms":0.004491}
{"path":"B0_FP32","rep":2,"layer":3,"e2e_ms":0.174621,"layer_ms":0.04332,"lr_ms":0.012669,"kernel_ms":0.015835,"projection_ms":0.008966,"conversion_ms":2e-05,"max_prescan_ms":0.003274,"normalization_ms":0.002359,"activation_ms":1.9e-05}
{"path":"B0_BF16","rep":2,"layer":1,"e2e_ms":0.181237,"layer_ms":0.070844,"lr_ms":0.003727,"kernel_ms":0.042581,"projection_ms":0.01077,"conversion_ms":0.002415,"max_prescan_ms":0.002453,"normalization_ms":0.002978,"activation_ms":0.005733}
{"path":"B0_BF16","rep":2,"layer":2,"e2e_ms":0.181237,"layer_ms":0.072263,"lr_ms":0.003754,"kernel_ms":0.045973,"projection_ms":0.010818,"conversion_ms":0.002576,"max_prescan_ms":0.002903,"normalization_ms":0.003138,"activation_ms":0.002918}
{"path":"B0_BF16","rep":2,"layer":3,"e2e_ms":0.181237,"layer_ms":0.03789,"lr_ms":0.003174,"kernel_ms":0.017976,"projection_ms":0.008803,"conversion_ms":0.002084,"max_prescan_ms":0.003023,"normalization_ms":0.002622,"activation_ms":2.1e-05}
{"path":"B1_TFS","rep":2,"layer":1,"e2e_ms":1.959794,"layer_ms":0.640044,"lr_ms":0.024211,"kernel_ms":0.603125,"projection_ms":0,"conversion_ms":0.003275,"max_prescan_ms":0.003186,"normalization_ms":0.002718,"activation_ms":0.003358}
{"path":"B1_TFS","rep":2,"layer":2,"e2e_ms":1.959794,"layer_ms":1.130897,"lr_ms":0.008962,"kernel_ms":1.110122,"projection_ms":0,"conversion_ms":0.002055,"max_prescan_ms":0.00267,"normalization_ms":0.003121,"activation_ms":0.003795}
{"path":"B1_TFS","rep":2,"layer":3,"e2e_ms":1.959794,"layer_ms":0.188464,"lr_ms":0.007264,"kernel_ms":0.173895,"projection_ms":0,"conversion_ms":0.002526,"max_prescan_ms":0.002415,"normalization_ms":0.002161,"activation_ms":3.4e-05}
{"path":"local_online_fp32","rep":2,"layer":1,"e2e_ms":0.495526,"layer_ms":0.148257,"lr_ms":0.002299,"kernel_ms":0.138427,"projection_ms":0,"conversion_ms":0,"max_prescan_ms":0,"normalization_ms":0,"activation_ms":0.007451}
{"path":"local_online_fp32","rep":2,"layer":2,"e2e_ms":0.495526,"layer_ms":0.302873,"lr_ms":0.003888,"kernel_ms":0.293773,"projection_ms":0,"conversion_ms":0,"max_prescan_ms":0,"normalization_ms":0,"activation_ms":0.00513}
{"path":"local_online_fp32","rep":2,"layer":3,"e2e_ms":0.495526,"layer_ms":0.044031,"lr_ms":0.003988,"kernel_ms":0.039928,"projection_ms":0,"conversion_ms":0,"max_prescan_ms":0,"normalization_ms":0,"activation_ms":3.2e-05}
{"path":"local_online_amx_hilo","rep":2,"layer":1,"e2e_ms":0.530228,"layer_ms":0.187859,"lr_ms":0.003038,"kernel_ms":0.180889,"projection_ms":0,"conversion_ms":0,"max_prescan_ms":0,"normalization_ms":0,"activation_ms":0.003852}
{"path":"local_online_amx_hilo","rep":2,"layer":2,"e2e_ms":0.530228,"layer_ms":0.290477,"lr_ms":0.0039,"kernel_ms":0.281903,"projection_ms":0,"conversion_ms":0,"max_prescan_ms":0,"normalization_ms":0,"activation_ms":0.004589}
{"path":"local_online_amx_hilo","rep":2,"layer":3,"e2e_ms":0.530228,"layer_ms":0.051476,"lr_ms":0.004332,"kernel_ms":0.047031,"projection_ms":0,"conversion_ms":0,"max_prescan_ms":0,"normalization_ms":0,"activation_ms":3e-05}
PROFILE path=local_online_fp32 layer=1 layer_wall_ms=0.282655 kernel_wall_ms=0.276851 sampled_tiles=1 init_worker_ms=0.000163 score_exp_den_worker_ms=0.002933 rescale_worker_ms=0.000306 weighted_spmm_worker_ms=0.003475 packing_worker_ms=5e-05 gemm_load_compute_store_worker_ms=0.000655 normalization_scatter_worker_ms=0.000225 AMX_rescale_spill_bytes=0 AMX_rescale_reload_bytes=0 U_global_bytes=0
ONLINE_STATS layer=1 blocks=408 running_max_updates_including_initial=256 rescales=0 rescaled_feature_elements=0 rescale_per_block=0 row_head_ratio_P50=0 P90=0 P95=0 P99=0 empty_rows_ratio=0
PROFILE path=local_online_fp32 layer=2 layer_wall_ms=0.274513 kernel_wall_ms=0.266326 sampled_tiles=1 init_worker_ms=0.00026 score_exp_den_worker_ms=0.001463 rescale_worker_ms=0.000347 weighted_spmm_worker_ms=0.006631 packing_worker_ms=5.3e-05 gemm_load_compute_store_worker_ms=0.000912 normalization_scatter_worker_ms=0.00018 AMX_rescale_spill_bytes=0 AMX_rescale_reload_bytes=0 U_global_bytes=0
ONLINE_STATS layer=2 blocks=408 running_max_updates_including_initial=256 rescales=0 rescaled_feature_elements=0 rescale_per_block=0 row_head_ratio_P50=0 P90=0 P95=0 P99=0 empty_rows_ratio=0
PROFILE path=local_online_fp32 layer=3 layer_wall_ms=0.043721 kernel_wall_ms=0.039879 sampled_tiles=0 init_worker_ms=0 score_exp_den_worker_ms=0 rescale_worker_ms=0 weighted_spmm_worker_ms=0 packing_worker_ms=0 gemm_load_compute_store_worker_ms=0 normalization_scatter_worker_ms=0 AMX_rescale_spill_bytes=0 AMX_rescale_reload_bytes=0 U_global_bytes=0
ONLINE_STATS layer=3 blocks=51 running_max_updates_including_initial=32 rescales=0 rescaled_feature_elements=0 rescale_per_block=0 row_head_ratio_P50=0 P90=0 P95=0 P99=0 empty_rows_ratio=0
PROFILE path=local_online_amx_hilo layer=1 layer_wall_ms=0.159957 kernel_wall_ms=0.153475 sampled_tiles=1 init_worker_ms=0.000141 score_exp_den_worker_ms=0.001211 rescale_worker_ms=0.000267 weighted_spmm_worker_ms=0.003189 packing_worker_ms=0.000294 gemm_load_compute_store_worker_ms=0.001129 normalization_scatter_worker_ms=0.000121 AMX_rescale_spill_bytes=0 AMX_rescale_reload_bytes=0 U_global_bytes=0
ONLINE_STATS layer=1 blocks=408 running_max_updates_including_initial=256 rescales=0 rescaled_feature_elements=0 rescale_per_block=0 row_head_ratio_P50=0 P90=0 P95=0 P99=0 empty_rows_ratio=0
PROFILE path=local_online_amx_hilo layer=2 layer_wall_ms=0.307833 kernel_wall_ms=0.300308 sampled_tiles=1 init_worker_ms=0.000299 score_exp_den_worker_ms=0.001423 rescale_worker_ms=0.000309 weighted_spmm_worker_ms=0.006219 packing_worker_ms=0.001048 gemm_load_compute_store_worker_ms=0.002131 normalization_scatter_worker_ms=0.00013 AMX_rescale_spill_bytes=0 AMX_rescale_reload_bytes=0 U_global_bytes=0
ONLINE_STATS layer=2 blocks=408 running_max_updates_including_initial=256 rescales=0 rescaled_feature_elements=0 rescale_per_block=0 row_head_ratio_P50=0 P90=0 P95=0 P99=0 empty_rows_ratio=0
PROFILE path=local_online_amx_hilo layer=3 layer_wall_ms=0.055403 kernel_wall_ms=0.051578 sampled_tiles=0 init_worker_ms=0 score_exp_den_worker_ms=0 rescale_worker_ms=0 weighted_spmm_worker_ms=0 packing_worker_ms=0 gemm_load_compute_store_worker_ms=0 normalization_scatter_worker_ms=0 AMX_rescale_spill_bytes=0 AMX_rescale_reload_bytes=0 U_global_bytes=0
ONLINE_STATS layer=3 blocks=51 running_max_updates_including_initial=32 rescales=0 rescaled_feature_elements=0 rescale_per_block=0 row_head_ratio_P50=0 P90=0 P95=0 P99=0 empty_rows_ratio=0
LOCAL_COMPLETE numerical_smoke=PASS task_accuracy=UNVERIFIED performance=EXPLORATORY
