CONFIG N=2449029 E=126167053 Din=100 C=47 threads=16 block=32 panel=64 tile_rows=16 degree_sort_ms=348.773444 seed=11 untrained=true global_U=false global_Z_local=false global_e_alpha=false AMX_products=4 precision_local=FP32_U_FP32_attention_BF16_hi_lo_UW
STATIC layer=1 bLR_and_weight_pack_ms=0.411954 local_scratch_bytes_per_worker=20480
STATIC layer=2 bLR_and_weight_pack_ms=0.786382 local_scratch_bytes_per_worker=36864
STATIC layer=3 bLR_and_weight_pack_ms=0.186816 local_scratch_bytes_per_worker=36864
CHECK path=B0_FP32 layer=1 max_abs_error=0 mean_abs_error=0 relative_L2_error=0 finite=1 reference=B0_FP32 task_acceptance=UNVERIFIED
CHECK path=B0_FP32 layer=2 max_abs_error=0 mean_abs_error=0 relative_L2_error=0 finite=1 reference=B0_FP32 task_acceptance=UNVERIFIED
CHECK path=B0_FP32 layer=3 max_abs_error=0 mean_abs_error=0 relative_L2_error=0 finite=1 reference=B0_FP32 task_acceptance=UNVERIFIED
CHECK path=B0_BF16 layer=1 max_abs_error=14.97061157 mean_abs_error=0.001196926866 relative_L2_error=0.00353063577 finite=1 reference=B0_FP32 task_acceptance=UNVERIFIED
CHECK path=B0_BF16 layer=2 max_abs_error=35.88376617 mean_abs_error=0.007239285378 relative_L2_error=0.01193282218 finite=1 reference=B0_FP32 task_acceptance=UNVERIFIED
CHECK path=B0_BF16 layer=3 max_abs_error=25.12095833 mean_abs_error=0.01664321417 relative_L2_error=0.02537834115 finite=1 reference=B0_FP32 task_acceptance=UNVERIFIED
CHECK path=B1_TFS layer=1 max_abs_error=9.706626892 mean_abs_error=0.00122580577 relative_L2_error=0.003251915925 finite=1 reference=B0_FP32 task_acceptance=UNVERIFIED
CHECK path=B1_TFS layer=2 max_abs_error=35.25817108 mean_abs_error=0.00740328381 relative_L2_error=0.009776568894 finite=1 reference=B0_FP32 task_acceptance=UNVERIFIED
CHECK path=B1_TFS layer=3 max_abs_error=11.54813194 mean_abs_error=0.01748293218 relative_L2_error=0.02008994657 finite=1 reference=B0_FP32 task_acceptance=UNVERIFIED
CHECK path=local_online_fp32 layer=1 max_abs_error=0.006065368652 mean_abs_error=1.359055058e-07 relative_L2_error=7.747678031e-07 finite=1 reference=B0_FP32 task_acceptance=UNVERIFIED
CHECK path=local_online_fp32 layer=2 max_abs_error=0.04167938232 mean_abs_error=5.007239518e-06 relative_L2_error=1.380325697e-05 finite=1 reference=B0_FP32 task_acceptance=UNVERIFIED
CHECK path=local_online_fp32 layer=3 max_abs_error=0.006918907166 mean_abs_error=9.832648583e-06 relative_L2_error=1.494269012e-05 finite=1 reference=B0_FP32 task_acceptance=UNVERIFIED
CHECK path=local_online_amx_hilo layer=1 max_abs_error=0.005966186523 mean_abs_error=1.598417621e-06 relative_L2_error=3.542528458e-06 finite=1 reference=B0_FP32 task_acceptance=UNVERIFIED
CHECK path=local_online_amx_hilo layer=2 max_abs_error=0.04858016968 mean_abs_error=1.106283199e-05 relative_L2_error=1.533625585e-05 finite=1 reference=B0_FP32 task_acceptance=UNVERIFIED
CHECK path=local_online_amx_hilo layer=3 max_abs_error=0.009335517883 mean_abs_error=2.029293546e-05 relative_L2_error=2.001789948e-05 finite=1 reference=B0_FP32 task_acceptance=UNVERIFIED
{"path":"B0_FP32","rep":0,"layer":1,"e2e_ms":3920.635091,"layer_ms":1650.228654,"lr_ms":18.920301,"kernel_ms":1484.615237,"projection_ms":64.765688,"conversion_ms":0.000142,"max_prescan_ms":40.846046,"normalization_ms":19.450479,"activation_ms":21.630058}
{"path":"B0_FP32","rep":0,"layer":2,"e2e_ms":3920.635091,"layer_ms":1743.211697,"lr_ms":18.748742,"kernel_ms":1494.398374,"projection_ms":147.100955,"conversion_ms":0.00014,"max_prescan_ms":41.730774,"normalization_ms":19.360355,"activation_ms":21.871912}
{"path":"B0_FP32","rep":0,"layer":3,"e2e_ms":3920.635091,"layer_ms":527.191168,"lr_ms":3.90671,"kernel_ms":418.04278,"projection_ms":69.575854,"conversion_ms":2e-05,"max_prescan_ms":32.48017,"normalization_ms":3.18519,"activation_ms":5.8e-05}
{"path":"B0_BF16","rep":0,"layer":1,"e2e_ms":3817.678465,"layer_ms":1642.626519,"lr_ms":18.029049,"kernel_ms":1477.331376,"projection_ms":57.028945,"conversion_ms":8.431213,"max_prescan_ms":40.994669,"normalization_ms":19.360872,"activation_ms":21.44986}
{"path":"B0_BF16","rep":0,"layer":2,"e2e_ms":3817.678465,"layer_ms":1677.036047,"lr_ms":18.171745,"kernel_ms":1492.838354,"projection_ms":64.586971,"conversion_ms":19.869647,"max_prescan_ms":40.137265,"normalization_ms":19.3821,"activation_ms":22.049607}
{"path":"B0_BF16","rep":0,"layer":3,"e2e_ms":3817.678465,"layer_ms":498.014034,"lr_ms":3.933788,"kernel_ms":422.18037,"projection_ms":15.461421,"conversion_ms":19.800324,"max_prescan_ms":33.455969,"normalization_ms":3.181617,"activation_ms":2.6e-05}
{"path":"B1_TFS","rep":0,"layer":1,"e2e_ms":15850.88399,"layer_ms":5210.596409,"lr_ms":6.594518,"kernel_ms":5116.038292,"projection_ms":0,"conversion_ms":9.147876,"max_prescan_ms":38.749292,"normalization_ms":18.751233,"activation_ms":21.314752}
{"path":"B1_TFS","rep":0,"layer":2,"e2e_ms":15850.88399,"layer_ms":9324.167601,"lr_ms":11.526601,"kernel_ms":9212.405545,"projection_ms":0,"conversion_ms":19.226851,"max_prescan_ms":40.347302,"normalization_ms":18.879989,"activation_ms":21.780927}
{"path":"B1_TFS","rep":0,"layer":3,"e2e_ms":15850.88399,"layer_ms":1316.116878,"lr_ms":8.706903,"kernel_ms":1249.00272,"projection_ms":0,"conversion_ms":19.760446,"max_prescan_ms":35.296375,"normalization_ms":3.350003,"activation_ms":2.7e-05}
{"path":"local_online_fp32","rep":0,"layer":1,"e2e_ms":8221.781675,"layer_ms":2384.95551,"lr_ms":11.702825,"kernel_ms":2351.965147,"projection_ms":0,"conversion_ms":0,"max_prescan_ms":0,"normalization_ms":0,"activation_ms":21.287361}
{"path":"local_online_fp32","rep":0,"layer":2,"e2e_ms":8221.781675,"layer_ms":4824.238989,"lr_ms":18.924658,"kernel_ms":4783.649478,"projection_ms":0,"conversion_ms":0,"max_prescan_ms":0,"normalization_ms":0,"activation_ms":21.664519}
{"path":"local_online_fp32","rep":0,"layer":3,"e2e_ms":8221.781675,"layer_ms":1012.583639,"lr_ms":18.887652,"kernel_ms":993.695294,"projection_ms":0,"conversion_ms":0,"max_prescan_ms":0,"normalization_ms":0,"activation_ms":4e-05}
{"path":"local_online_amx_hilo","rep":0,"layer":1,"e2e_ms":8470.345611,"layer_ms":2457.922736,"lr_ms":11.275066,"kernel_ms":2425.23093,"projection_ms":0,"conversion_ms":0,"max_prescan_ms":0,"normalization_ms":0,"activation_ms":21.416609}
{"path":"local_online_amx_hilo","rep":0,"layer":2,"e2e_ms":8470.345611,"layer_ms":4981.594135,"lr_ms":19.026459,"kernel_ms":4940.791824,"projection_ms":0,"conversion_ms":0,"max_prescan_ms":0,"normalization_ms":0,"activation_ms":21.775557}
{"path":"local_online_amx_hilo","rep":0,"layer":3,"e2e_ms":8470.345611,"layer_ms":1030.825643,"lr_ms":18.839024,"kernel_ms":1011.986334,"projection_ms":0,"conversion_ms":0,"max_prescan_ms":0,"normalization_ms":0,"activation_ms":4.3e-05}
{"path":"local_online_amx_hilo","rep":1,"layer":1,"e2e_ms":8613.521405,"layer_ms":2498.197892,"lr_ms":11.053893,"kernel_ms":2465.688339,"projection_ms":0,"conversion_ms":0,"max_prescan_ms":0,"normalization_ms":0,"activation_ms":21.455537}
{"path":"local_online_amx_hilo","rep":1,"layer":2,"e2e_ms":8613.521405,"layer_ms":5086.415613,"lr_ms":18.88334,"kernel_ms":5045.771552,"projection_ms":0,"conversion_ms":0,"max_prescan_ms":0,"normalization_ms":0,"activation_ms":21.760406}
{"path":"local_online_amx_hilo","rep":1,"layer":3,"e2e_ms":8613.521405,"layer_ms":1028.904818,"lr_ms":18.676406,"kernel_ms":1010.227904,"projection_ms":0,"conversion_ms":0,"max_prescan_ms":0,"normalization_ms":0,"activation_ms":0.000122}
{"path":"local_online_fp32","rep":1,"layer":1,"e2e_ms":8157.537161,"layer_ms":2295.149108,"lr_ms":10.98992,"kernel_ms":2262.552628,"projection_ms":0,"conversion_ms":0,"max_prescan_ms":0,"normalization_ms":0,"activation_ms":21.606395}
{"path":"local_online_fp32","rep":1,"layer":2,"e2e_ms":8157.537161,"layer_ms":4840.405423,"lr_ms":19.213577,"kernel_ms":4799.471023,"projection_ms":0,"conversion_ms":0,"max_prescan_ms":0,"normalization_ms":0,"activation_ms":21.720464}
{"path":"local_online_fp32","rep":1,"layer":3,"e2e_ms":8157.537161,"layer_ms":1021.979865,"lr_ms":18.905486,"kernel_ms":1003.074009,"projection_ms":0,"conversion_ms":0,"max_prescan_ms":0,"normalization_ms":0,"activation_ms":3.4e-05}
{"path":"B1_TFS","rep":1,"layer":1,"e2e_ms":15800.57557,"layer_ms":5194.821649,"lr_ms":6.513227,"kernel_ms":5101.700143,"projection_ms":0,"conversion_ms":7.851661,"max_prescan_ms":38.858143,"normalization_ms":18.68265,"activation_ms":21.215277}
{"path":"B1_TFS","rep":1,"layer":2,"e2e_ms":15800.57557,"layer_ms":9282.8984,"lr_ms":11.285927,"kernel_ms":9173.201267,"projection_ms":0,"conversion_ms":18.883749,"max_prescan_ms":39.012174,"normalization_ms":18.677091,"activation_ms":21.837816}
{"path":"B1_TFS","rep":1,"layer":3,"e2e_ms":15800.57557,"layer_ms":1322.852716,"lr_ms":8.659749,"kernel_ms":1255.888827,"projection_ms":0,"conversion_ms":19.572842,"max_prescan_ms":35.387647,"normalization_ms":3.343121,"activation_ms":3.8e-05}
{"path":"B0_BF16","rep":1,"layer":1,"e2e_ms":3823.389115,"layer_ms":1646.154617,"lr_ms":18.042014,"kernel_ms":1480.737224,"projection_ms":58.103305,"conversion_ms":7.963158,"max_prescan_ms":40.274354,"normalization_ms":19.449607,"activation_ms":21.584435}
{"path":"B0_BF16","rep":1,"layer":2,"e2e_ms":3823.389115,"layer_ms":1678.29747,"lr_ms":18.245122,"kernel_ms":1493.36972,"projection_ms":65.141429,"conversion_ms":19.978604,"max_prescan_ms":39.842227,"normalization_ms":19.482682,"activation_ms":22.23735}
{"path":"B0_BF16","rep":1,"layer":3,"e2e_ms":3823.389115,"layer_ms":498.934866,"lr_ms":4.002986,"kernel_ms":422.077114,"projection_ms":15.591942,"conversion_ms":19.877194,"max_prescan_ms":34.137969,"normalization_ms":3.24717,"activation_ms":3.8e-05}
{"path":"B0_FP32","rep":1,"layer":1,"e2e_ms":3903.400157,"layer_ms":1639.433751,"lr_ms":18.103718,"kernel_ms":1478.971741,"projection_ms":62.692482,"conversion_ms":0.000175,"max_prescan_ms":39.121433,"normalization_ms":19.329275,"activation_ms":21.214394}
{"path":"B0_FP32","rep":1,"layer":2,"e2e_ms":3903.400157,"layer_ms":1736.06811,"lr_ms":18.875893,"kernel_ms":1484.750883,"projection_ms":146.129323,"conversion_ms":3.6e-05,"max_prescan_ms":44.751535,"normalization_ms":19.488013,"activation_ms":22.071955}
{"path":"B0_FP32","rep":1,"layer":3,"e2e_ms":3903.400157,"layer_ms":527.896244,"lr_ms":3.81857,"kernel_ms":418.91623,"projection_ms":69.316018,"conversion_ms":2e-05,"max_prescan_ms":32.707544,"normalization_ms":3.13741,"activation_ms":2.5e-05}
{"path":"B0_FP32","rep":2,"layer":1,"e2e_ms":3908.667693,"layer_ms":1642.826048,"lr_ms":18.13441,"kernel_ms":1481.212588,"projection_ms":62.730938,"conversion_ms":1.9e-05,"max_prescan_ms":40.014908,"normalization_ms":19.359544,"activation_ms":21.373281}
{"path":"B0_FP32","rep":2,"layer":2,"e2e_ms":3908.667693,"layer_ms":1735.000327,"lr_ms":18.606953,"kernel_ms":1485.7698,"projection_ms":145.968739,"conversion_ms":3.8e-05,"max_prescan_ms":42.913447,"normalization_ms":19.564279,"activation_ms":22.176632}
{"path":"B0_FP32","rep":2,"layer":3,"e2e_ms":3908.667693,"layer_ms":530.839801,"lr_ms":3.827638,"kernel_ms":421.541186,"projection_ms":69.450162,"conversion_ms":1.8e-05,"max_prescan_ms":32.710599,"normalization_ms":3.309691,"activation_ms":7e-05}
{"path":"B0_BF16","rep":2,"layer":1,"e2e_ms":3804.878482,"layer_ms":1643.302883,"lr_ms":17.842669,"kernel_ms":1480.701048,"projection_ms":57.010087,"conversion_ms":7.957573,"max_prescan_ms":39.055303,"normalization_ms":19.318096,"activation_ms":21.417705}
{"path":"B0_BF16","rep":2,"layer":2,"e2e_ms":3804.878482,"layer_ms":1666.747556,"lr_ms":18.075401,"kernel_ms":1484.012735,"projection_ms":64.314381,"conversion_ms":19.562927,"max_prescan_ms":39.549992,"normalization_ms":19.369211,"activation_ms":21.862503}
{"path":"B0_BF16","rep":2,"layer":3,"e2e_ms":3804.878482,"layer_ms":494.825818,"lr_ms":4.010323,"kernel_ms":418.197941,"projection_ms":15.569779,"conversion_ms":19.323814,"max_prescan_ms":34.533804,"normalization_ms":3.189627,"activation_ms":4e-05}
{"path":"B1_TFS","rep":2,"layer":1,"e2e_ms":15807.12099,"layer_ms":5159.779856,"lr_ms":6.489878,"kernel_ms":5064.522177,"projection_ms":0,"conversion_ms":8.688933,"max_prescan_ms":40.168938,"normalization_ms":18.786379,"activation_ms":21.123151}
{"path":"B1_TFS","rep":2,"layer":2,"e2e_ms":15807.12099,"layer_ms":9348.674987,"lr_ms":11.45435,"kernel_ms":9238.073914,"projection_ms":0,"conversion_ms":18.854908,"max_prescan_ms":39.733987,"normalization_ms":18.772799,"activation_ms":21.784736}
{"path":"B1_TFS","rep":2,"layer":3,"e2e_ms":15807.12099,"layer_ms":1298.663251,"lr_ms":8.635157,"kernel_ms":1233.062642,"projection_ms":0,"conversion_ms":19.616458,"max_prescan_ms":33.961014,"normalization_ms":3.387531,"activation_ms":2.6e-05}
{"path":"local_online_fp32","rep":2,"layer":1,"e2e_ms":8233.776907,"layer_ms":2304.137138,"lr_ms":11.561168,"kernel_ms":2271.385847,"projection_ms":0,"conversion_ms":0,"max_prescan_ms":0,"normalization_ms":0,"activation_ms":21.189877}
{"path":"local_online_fp32","rep":2,"layer":2,"e2e_ms":8233.776907,"layer_ms":4920.058584,"lr_ms":18.921646,"kernel_ms":4879.522566,"projection_ms":0,"conversion_ms":0,"max_prescan_ms":0,"normalization_ms":0,"activation_ms":21.614032}
{"path":"local_online_fp32","rep":2,"layer":3,"e2e_ms":8233.776907,"layer_ms":1009.578135,"lr_ms":18.967223,"kernel_ms":990.610664,"projection_ms":0,"conversion_ms":0,"max_prescan_ms":0,"normalization_ms":0,"activation_ms":4.1e-05}
{"path":"local_online_amx_hilo","rep":2,"layer":1,"e2e_ms":8534.03703,"layer_ms":2429.11014,"lr_ms":11.363704,"kernel_ms":2396.266705,"projection_ms":0,"conversion_ms":0,"max_prescan_ms":0,"normalization_ms":0,"activation_ms":21.479577}
{"path":"local_online_amx_hilo","rep":2,"layer":2,"e2e_ms":8534.03703,"layer_ms":5058.029376,"lr_ms":19.339416,"kernel_ms":5017.029928,"projection_ms":0,"conversion_ms":0,"max_prescan_ms":0,"normalization_ms":0,"activation_ms":21.659688}
{"path":"local_online_amx_hilo","rep":2,"layer":3,"e2e_ms":8534.03703,"layer_ms":1046.894099,"lr_ms":18.711644,"kernel_ms":1028.182221,"projection_ms":0,"conversion_ms":0,"max_prescan_ms":0,"normalization_ms":0,"activation_ms":3.1e-05}
PROFILE path=local_online_fp32 layer=1 layer_wall_ms=2445.825338 kernel_wall_ms=2412.826174 sampled_tiles=9834 init_worker_ms=2.09568 score_exp_den_worker_ms=75.499101 rescale_worker_ms=7.325276 weighted_spmm_worker_ms=251.788648 packing_worker_ms=0.252715 gemm_load_compute_store_worker_ms=12.031337 normalization_scatter_worker_ms=1.957691 AMX_rescale_spill_bytes=0 AMX_rescale_reload_bytes=0 U_global_bytes=0
ONLINE_STATS layer=1 blocks=42882792 running_max_updates_including_initial=25358082 rescales=5765850 rescaled_feature_elements=576585000 rescale_per_block=0.1344560308 row_head_ratio_P50=0 P90=0.3333333433 P95=0.5 P99=0.6666666865 empty_rows_ratio=0
PROFILE path=local_online_fp32 layer=2 layer_wall_ms=4916.280381 kernel_wall_ms=4875.640023 sampled_tiles=9834 init_worker_ms=4.503162 score_exp_den_worker_ms=96.543432 rescale_worker_ms=8.119326 weighted_spmm_worker_ms=552.154237 packing_worker_ms=0.372928 gemm_load_compute_store_worker_ms=26.981478 normalization_scatter_worker_ms=2.605966 AMX_rescale_spill_bytes=0 AMX_rescale_reload_bytes=0 U_global_bytes=0
ONLINE_STATS layer=2 blocks=42882792 running_max_updates_including_initial=24069181 rescales=4476949 rescaled_feature_elements=1146098944 rescale_per_block=0.1043996622 row_head_ratio_P50=0 P90=0.3333333433 P95=0.5 P99=0.5 empty_rows_ratio=0
PROFILE path=local_online_fp32 layer=3 layer_wall_ms=1029.363564 kernel_wall_ms=1010.610414 sampled_tiles=1306 init_worker_ms=0.751103 score_exp_den_worker_ms=19.846918 rescale_worker_ms=1.149319 weighted_spmm_worker_ms=125.112103 packing_worker_ms=0.038187 gemm_load_compute_store_worker_ms=5.105001 normalization_scatter_worker_ms=0.632885 AMX_rescale_spill_bytes=0 AMX_rescale_reload_bytes=0 U_global_bytes=0
ONLINE_STATS layer=3 blocks=5360349 running_max_updates_including_initial=3253695 rescales=804666 rescaled_feature_elements=205994496 rescale_per_block=0.1501144795 row_head_ratio_P50=0 P90=0.400000006 P95=0.5 P99=0.6666666865 empty_rows_ratio=0
PROFILE path=local_online_amx_hilo layer=1 layer_wall_ms=2559.345039 kernel_wall_ms=2526.27839 sampled_tiles=9834 init_worker_ms=4.947171 score_exp_den_worker_ms=76.817866 rescale_worker_ms=7.623119 weighted_spmm_worker_ms=252.053811 packing_worker_ms=6.486227 gemm_load_compute_store_worker_ms=14.9275 normalization_scatter_worker_ms=2.021169 AMX_rescale_spill_bytes=0 AMX_rescale_reload_bytes=0 U_global_bytes=0
ONLINE_STATS layer=1 blocks=42882792 running_max_updates_including_initial=25358082 rescales=5765850 rescaled_feature_elements=576585000 rescale_per_block=0.1344560308 row_head_ratio_P50=0 P90=0.3333333433 P95=0.5 P99=0.6666666865 empty_rows_ratio=0
PROFILE path=local_online_amx_hilo layer=2 layer_wall_ms=5038.669897 kernel_wall_ms=4997.347198 sampled_tiles=9834 init_worker_ms=6.689607 score_exp_den_worker_ms=97.381112 rescale_worker_ms=8.268193 weighted_spmm_worker_ms=567.849415 packing_worker_ms=13.826391 gemm_load_compute_store_worker_ms=29.707267 normalization_scatter_worker_ms=2.463364 AMX_rescale_spill_bytes=0 AMX_rescale_reload_bytes=0 U_global_bytes=0
ONLINE_STATS layer=2 blocks=42882792 running_max_updates_including_initial=24069292 rescales=4477060 rescaled_feature_elements=1146127360 rescale_per_block=0.1044022507 row_head_ratio_P50=0 P90=0.3333333433 P95=0.5 P99=0.5 empty_rows_ratio=0
PROFILE path=local_online_amx_hilo layer=3 layer_wall_ms=1039.061504 kernel_wall_ms=1020.361178 sampled_tiles=1306 init_worker_ms=1.032464 score_exp_den_worker_ms=19.789703 rescale_worker_ms=1.120759 weighted_spmm_worker_ms=126.541271 packing_worker_ms=1.726983 gemm_load_compute_store_worker_ms=4.160573 normalization_scatter_worker_ms=0.551869 AMX_rescale_spill_bytes=0 AMX_rescale_reload_bytes=0 U_global_bytes=0
ONLINE_STATS layer=3 blocks=5360349 running_max_updates_including_initial=3253778 rescales=804749 rescaled_feature_elements=206015744 rescale_per_block=0.1501299636 row_head_ratio_P50=0 P90=0.400000006 P95=0.5 P99=0.6666666865 empty_rows_ratio=0
LOCAL_COMPLETE numerical_smoke=PASS task_accuracy=UNVERIFIED performance=EXPLORATORY
