Loading intel/intel-oneapi-compilers/2024.1.0/gcc8.5.0-5ndeojp
  Loading requirement: intel/glibc/2.28/gcc8.5.0-4tqvnf5
    intel/gcc-runtime/8.5.0/gcc8.5.0-cplyhzx
Loading intel/intel-oneapi-mkl/2023.2.0/oneapi2023.2.0-vuihbr3
  Loading requirement:
    intel/intel-oneapi-runtime/2023.2.0/oneapi2023.2.0-dtykzom
    intel/libpciaccess/0.17/gcc8.5.0-ef2polq intel/xz/5.4.6/gcc8.5.0-2y2bu6q
    intel/zlib-ng/2.1.6/gcc8.5.0-azgekxn intel/libxml2/2.10.3/gcc8.5.0-a37qzwu
    intel/ncurses/6.5/gcc8.5.0-7le5bly intel/hwloc/2.9.1/gcc8.5.0-dbnwaak
    intel/intel-tbb/2021.9.0/intel2021.10.0-lute5pk
=== MKL ALL 25 MATRICES (K=128, 32T) ===
Node: qhcn043
Date: Tue Mar 10 19:08:07 CST 2026

============================================
Matrix: amazon0601
============================================
MKL Two-Step Baseline: SpMM + GeMM
Threads: 32

Loading: /home/huangjianqiang_group/hdacp1/data/SpMM_project/data/amazon0601/amazon0601.csrbin
  csrbin: N=403394  NNZ=3387388
Matrix: amazon0601  N=403394  NNZ=3387388  avg_deg=8.4  K=128
  run 0: SpMM=13.72  GeMM=3.29  Total=17.01 ms
  run 1: SpMM=13.34  GeMM=3.25  Total=16.59 ms
  run 2: SpMM=13.36  GeMM=3.29  Total=16.64 ms
  run 3: SpMM=14.04  GeMM=3.26  Total=17.30 ms
  run 4: SpMM=13.69  GeMM=3.22  Total=16.92 ms
  BEST: SpMM=13.34  GeMM=3.22  Total=16.59 ms


============================================
Matrix: as-Skitter
============================================
MKL Two-Step Baseline: SpMM + GeMM
Threads: 32

Loading: /home/huangjianqiang_group/hdacp1/data/SpMM_project/data/as-Skitter/as-Skitter.csrbin
  csrbin: N=1696415  NNZ=22190596
Matrix: as-Skitter  N=1696415  NNZ=22190596  avg_deg=13.1  K=128
  run 0: SpMM=101.94  GeMM=13.79  Total=115.73 ms
  run 1: SpMM=100.91  GeMM=13.80  Total=114.71 ms
  run 2: SpMM=100.89  GeMM=13.73  Total=114.61 ms
  run 3: SpMM=101.26  GeMM=13.71  Total=114.98 ms
  run 4: SpMM=101.28  GeMM=13.74  Total=115.02 ms
  BEST: SpMM=100.89  GeMM=13.71  Total=114.61 ms


============================================
Matrix: cage15
============================================
MKL Two-Step Baseline: SpMM + GeMM
Threads: 32

Loading: /home/huangjianqiang_group/hdacp1/data/SpMM_project/data/cage15/cage15.csrbin
  csrbin: N=5154859  NNZ=99199551
Matrix: cage15  N=5154859  NNZ=99199551  avg_deg=19.2  K=128
  run 0: SpMM=422.21  GeMM=42.82  Total=465.03 ms
  run 1: SpMM=417.32  GeMM=42.72  Total=460.04 ms
  run 2: SpMM=416.80  GeMM=43.06  Total=459.86 ms
  run 3: SpMM=418.60  GeMM=42.85  Total=461.45 ms
  run 4: SpMM=420.66  GeMM=42.78  Total=463.44 ms
  BEST: SpMM=416.80  GeMM=42.72  Total=459.86 ms


============================================
Matrix: cit-Patents
============================================
MKL Two-Step Baseline: SpMM + GeMM
Threads: 32

Loading: /home/huangjianqiang_group/hdacp1/data/SpMM_project/data/cit-Patents/cit-Patents.csrbin
  csrbin: N=3774768  NNZ=16518948
Matrix: cit-Patents  N=3774768  NNZ=16518948  avg_deg=4.4  K=128
  run 0: SpMM=171.25  GeMM=30.75  Total=202.01 ms
  run 1: SpMM=172.47  GeMM=30.89  Total=203.36 ms
  run 2: SpMM=172.53  GeMM=30.79  Total=203.31 ms
  run 3: SpMM=173.76  GeMM=30.77  Total=204.53 ms
  run 4: SpMM=172.86  GeMM=30.85  Total=203.71 ms
  BEST: SpMM=171.25  GeMM=30.75  Total=202.01 ms


============================================
Matrix: com-Friendster
============================================
MKL Two-Step Baseline: SpMM + GeMM
Threads: 32

Loading: /home/huangjianqiang_group/hdacp1/data/SpMM_project/data/com-Friendster/com-Friendster.csrbin
  csrbin: N=65608366  NNZ=3612134270
Matrix: com-Friendster  N=65608366  NNZ=3612134270  avg_deg=55.1  K=128
timeout: the monitored command dumped core
/var/spool/slurmd/job4624075/slurm_script: line 27: 1909883 Segmentation fault      timeout 1200 ./mkl_baseline $DDIR $mat 128
  ERROR (exit=139)

============================================
Matrix: com-LiveJournal
============================================
MKL Two-Step Baseline: SpMM + GeMM
Threads: 32

Loading: /home/huangjianqiang_group/hdacp1/data/SpMM_project/data/com-LiveJournal/com-LiveJournal.csrbin
  csrbin: N=3997962  NNZ=69362378
Matrix: com-LiveJournal  N=3997962  NNZ=69362378  avg_deg=17.3  K=128
  run 0: SpMM=415.89  GeMM=32.60  Total=448.48 ms
  run 1: SpMM=418.90  GeMM=32.68  Total=451.58 ms
  run 2: SpMM=415.33  GeMM=32.58  Total=447.91 ms
  run 3: SpMM=416.24  GeMM=32.68  Total=448.92 ms
  run 4: SpMM=417.41  GeMM=32.71  Total=450.12 ms
  BEST: SpMM=415.33  GeMM=32.58  Total=447.91 ms


============================================
Matrix: com-Youtube
============================================
MKL Two-Step Baseline: SpMM + GeMM
Threads: 32

Loading: /home/huangjianqiang_group/hdacp1/data/SpMM_project/data/com-Youtube/com-Youtube.csrbin
  csrbin: N=1134890  NNZ=5975248
Matrix: com-Youtube  N=1134890  NNZ=5975248  avg_deg=5.3  K=128
  run 0: SpMM=24.25  GeMM=9.31  Total=33.56 ms
  run 1: SpMM=24.02  GeMM=9.15  Total=33.17 ms
  run 2: SpMM=23.96  GeMM=9.18  Total=33.14 ms
  run 3: SpMM=23.91  GeMM=9.28  Total=33.19 ms
  run 4: SpMM=23.87  GeMM=9.24  Total=33.11 ms
  BEST: SpMM=23.87  GeMM=9.15  Total=33.11 ms


============================================
Matrix: email-Enron
============================================
MKL Two-Step Baseline: SpMM + GeMM
Threads: 32

Loading: /home/huangjianqiang_group/hdacp1/data/SpMM_project/data/email-Enron/email-Enron.csrbin
  csrbin: N=36692  NNZ=367662
Matrix: email-Enron  N=36692  NNZ=367662  avg_deg=10.0  K=128
  run 0: SpMM=0.51  GeMM=0.32  Total=0.83 ms
  run 1: SpMM=0.52  GeMM=0.28  Total=0.80 ms
  run 2: SpMM=0.51  GeMM=0.27  Total=0.79 ms
  run 3: SpMM=0.51  GeMM=0.27  Total=0.78 ms
  run 4: SpMM=0.51  GeMM=0.36  Total=0.87 ms
  BEST: SpMM=0.51  GeMM=0.27  Total=0.78 ms


============================================
Matrix: FullChip
============================================
MKL Two-Step Baseline: SpMM + GeMM
Threads: 32

Loading: /home/huangjianqiang_group/hdacp1/data/SpMM_project/data/FullChip/FullChip.csrbin
  csrbin: N=2987012  NNZ=26621990
Matrix: FullChip  N=2987012  NNZ=26621990  avg_deg=8.9  K=128
  run 0: SpMM=150.12  GeMM=24.21  Total=174.33 ms
  run 1: SpMM=150.68  GeMM=24.34  Total=175.02 ms
  run 2: SpMM=149.73  GeMM=24.25  Total=173.97 ms
  run 3: SpMM=150.81  GeMM=24.21  Total=175.01 ms
  run 4: SpMM=149.90  GeMM=24.30  Total=174.20 ms
  BEST: SpMM=149.73  GeMM=24.21  Total=173.97 ms


============================================
Matrix: hollywood-2009
============================================
MKL Two-Step Baseline: SpMM + GeMM
Threads: 32

Loading: /home/huangjianqiang_group/hdacp1/data/SpMM_project/data/hollywood-2009/hollywood-2009.csrbin
  csrbin: N=1139905  NNZ=113891327
Matrix: hollywood-2009  N=1139905  NNZ=113891327  avg_deg=99.9  K=128
  run 0: SpMM=269.31  GeMM=9.18  Total=278.48 ms
  run 1: SpMM=269.58  GeMM=9.13  Total=278.71 ms
  run 2: SpMM=269.89  GeMM=9.15  Total=279.04 ms
  run 3: SpMM=269.58  GeMM=9.12  Total=278.70 ms
  run 4: SpMM=269.78  GeMM=9.12  Total=278.90 ms
  BEST: SpMM=269.31  GeMM=9.12  Total=278.48 ms


============================================
Matrix: indochina-2004
============================================
MKL Two-Step Baseline: SpMM + GeMM
Threads: 32

Loading: /home/huangjianqiang_group/hdacp1/data/SpMM_project/data/indochina-2004/indochina-2004.csrbin
  csrbin: N=7414866  NNZ=194109311
Matrix: indochina-2004  N=7414866  NNZ=194109311  avg_deg=26.2  K=128
  run 0: SpMM=334.84  GeMM=61.40  Total=396.24 ms
  run 1: SpMM=337.94  GeMM=61.47  Total=399.42 ms
  run 2: SpMM=335.49  GeMM=61.57  Total=397.06 ms
  run 3: SpMM=337.65  GeMM=61.52  Total=399.17 ms
  run 4: SpMM=337.11  GeMM=61.42  Total=398.53 ms
  BEST: SpMM=334.84  GeMM=61.40  Total=396.24 ms


============================================
Matrix: kron_g500-logn21
============================================
MKL Two-Step Baseline: SpMM + GeMM
Threads: 32

Loading: /home/huangjianqiang_group/hdacp1/data/SpMM_project/data/kron_g500-logn21/kron_g500-logn21.csrbin
  csrbin: N=2097152  NNZ=182082942
Matrix: kron_g500-logn21  N=2097152  NNZ=182082942  avg_deg=86.8  K=128
  run 0: SpMM=373.20  GeMM=16.81  Total=390.02 ms
  run 1: SpMM=373.64  GeMM=16.79  Total=390.43 ms
  run 2: SpMM=374.37  GeMM=16.84  Total=391.21 ms
  run 3: SpMM=375.10  GeMM=16.82  Total=391.92 ms
  run 4: SpMM=374.89  GeMM=16.84  Total=391.73 ms
  BEST: SpMM=373.20  GeMM=16.79  Total=390.02 ms


============================================
Matrix: mycielskian19
============================================
MKL Two-Step Baseline: SpMM + GeMM
Threads: 32

Loading: /home/huangjianqiang_group/hdacp1/data/SpMM_project/data/mycielskian19/mycielskian19.csrbin
  csrbin: N=393215  NNZ=903194710
Matrix: mycielskian19  N=393215  NNZ=903194710  avg_deg=2296.9  K=128
  run 0: SpMM=3006.37  GeMM=3.50  Total=3009.88 ms
  run 1: SpMM=3008.19  GeMM=3.47  Total=3011.66 ms
  run 2: SpMM=3007.16  GeMM=3.50  Total=3010.67 ms
  run 3: SpMM=3007.26  GeMM=3.46  Total=3010.72 ms
  run 4: SpMM=3007.60  GeMM=3.46  Total=3011.06 ms
  BEST: SpMM=3006.37  GeMM=3.46  Total=3009.88 ms


============================================
Matrix: ogbn-products
============================================
MKL Two-Step Baseline: SpMM + GeMM
Threads: 32

Loading: /home/huangjianqiang_group/hdacp1/data/SpMM_project/data/ogbn-products/ogbn-products.csrbin
  csrbin: N=2449029  NNZ=123718152
Matrix: ogbn-products  N=2449029  NNZ=123718152  avg_deg=50.5  K=128
  run 0: SpMM=1099.35  GeMM=19.87  Total=1119.22 ms
  run 1: SpMM=1099.44  GeMM=20.01  Total=1119.44 ms
  run 2: SpMM=1100.29  GeMM=19.93  Total=1120.23 ms
  run 3: SpMM=1101.95  GeMM=19.96  Total=1121.91 ms
  run 4: SpMM=1096.22  GeMM=19.94  Total=1116.16 ms
  BEST: SpMM=1096.22  GeMM=19.87  Total=1116.16 ms


============================================
Matrix: rajat31
============================================
MKL Two-Step Baseline: SpMM + GeMM
Threads: 32

Loading: /home/huangjianqiang_group/hdacp1/data/SpMM_project/data/rajat31/rajat31.csrbin
  csrbin: N=4690002  NNZ=20316253
Matrix: rajat31  N=4690002  NNZ=20316253  avg_deg=4.3  K=128
  run 0: SpMM=41.88  GeMM=37.45  Total=79.33 ms
  run 1: SpMM=41.93  GeMM=37.46  Total=79.39 ms
  run 2: SpMM=41.99  GeMM=37.41  Total=79.40 ms
  run 3: SpMM=42.79  GeMM=37.45  Total=80.24 ms
  run 4: SpMM=41.81  GeMM=37.46  Total=79.27 ms
  BEST: SpMM=41.81  GeMM=37.41  Total=79.27 ms


============================================
Matrix: reddit
============================================
MKL Two-Step Baseline: SpMM + GeMM
Threads: 32

Loading: /home/huangjianqiang_group/hdacp1/data/SpMM_project/data/reddit/reddit.csrbin
  csrbin: N=232965  NNZ=114615892
Matrix: reddit  N=232965  NNZ=114615892  avg_deg=492.0  K=128
  run 0: SpMM=331.39  GeMM=1.93  Total=333.32 ms
  run 1: SpMM=332.20  GeMM=1.90  Total=334.10 ms
  run 2: SpMM=331.79  GeMM=1.95  Total=333.74 ms
  run 3: SpMM=331.93  GeMM=1.89  Total=333.83 ms
  run 4: SpMM=331.66  GeMM=1.89  Total=333.55 ms
  BEST: SpMM=331.39  GeMM=1.89  Total=333.32 ms


============================================
Matrix: rgg_n_2_24_s0
============================================
MKL Two-Step Baseline: SpMM + GeMM
Threads: 32

Loading: /home/huangjianqiang_group/hdacp1/data/SpMM_project/data/rgg_n_2_24_s0/rgg_n_2_24_s0.csrbin
  csrbin: N=16777216  NNZ=265114400
Matrix: rgg_n_2_24_s0  N=16777216  NNZ=265114400  avg_deg=15.8  K=128
  run 0: SpMM=1462.34  GeMM=142.64  Total=1604.98 ms
  run 1: SpMM=1460.24  GeMM=142.95  Total=1603.19 ms
  run 2: SpMM=1458.98  GeMM=143.05  Total=1602.04 ms
  run 3: SpMM=1462.16  GeMM=142.93  Total=1605.09 ms
  run 4: SpMM=1458.66  GeMM=142.88  Total=1601.54 ms
  BEST: SpMM=1458.66  GeMM=142.64  Total=1601.54 ms


============================================
Matrix: roadNet-CA
============================================
MKL Two-Step Baseline: SpMM + GeMM
Threads: 32

Loading: /home/huangjianqiang_group/hdacp1/data/SpMM_project/data/roadNet-CA/roadNet-CA.csrbin
  csrbin: N=1971281  NNZ=5533214
Matrix: roadNet-CA  N=1971281  NNZ=5533214  avg_deg=2.8  K=128
  run 0: SpMM=22.66  GeMM=15.79  Total=38.46 ms
  run 1: SpMM=22.31  GeMM=16.52  Total=38.83 ms
  run 2: SpMM=22.52  GeMM=15.68  Total=38.20 ms
  run 3: SpMM=22.95  GeMM=15.60  Total=38.54 ms
  run 4: SpMM=22.24  GeMM=15.62  Total=37.86 ms
  BEST: SpMM=22.24  GeMM=15.60  Total=37.86 ms


============================================
Matrix: road_usa
============================================
MKL Two-Step Baseline: SpMM + GeMM
Threads: 32

Loading: /home/huangjianqiang_group/hdacp1/data/SpMM_project/data/road_usa/road_usa.csrbin
  csrbin: N=23947347  NNZ=57708624
Matrix: road_usa  N=23947347  NNZ=57708624  avg_deg=2.4  K=128
  run 0: SpMM=303.05  GeMM=205.47  Total=508.52 ms
  run 1: SpMM=306.78  GeMM=205.50  Total=512.28 ms
  run 2: SpMM=306.98  GeMM=206.06  Total=513.04 ms
  run 3: SpMM=307.42  GeMM=205.82  Total=513.24 ms
  run 4: SpMM=312.16  GeMM=206.20  Total=518.35 ms
  BEST: SpMM=303.05  GeMM=205.47  Total=508.52 ms


============================================
Matrix: scircuit
============================================
MKL Two-Step Baseline: SpMM + GeMM
Threads: 32

Loading: /home/huangjianqiang_group/hdacp1/data/SpMM_project/data/scircuit/scircuit.csrbin
  csrbin: N=170998  NNZ=958936
Matrix: scircuit  N=170998  NNZ=958936  avg_deg=5.6  K=128
  run 0: SpMM=2.90  GeMM=1.42  Total=4.32 ms
  run 1: SpMM=2.80  GeMM=1.43  Total=4.23 ms
  run 2: SpMM=2.75  GeMM=1.43  Total=4.18 ms
  run 3: SpMM=2.75  GeMM=1.42  Total=4.17 ms
  run 4: SpMM=2.83  GeMM=1.35  Total=4.17 ms
  BEST: SpMM=2.75  GeMM=1.35  Total=4.17 ms


============================================
Matrix: soc-LiveJournal1
============================================
MKL Two-Step Baseline: SpMM + GeMM
Threads: 32

Loading: /home/huangjianqiang_group/hdacp1/data/SpMM_project/data/soc-LiveJournal1/soc-LiveJournal1.csrbin
  csrbin: N=4847571  NNZ=68993773
Matrix: soc-LiveJournal1  N=4847571  NNZ=68993773  avg_deg=14.2  K=128
  run 0: SpMM=429.82  GeMM=39.65  Total=469.47 ms
  run 1: SpMM=430.68  GeMM=40.06  Total=470.74 ms
  run 2: SpMM=429.36  GeMM=39.70  Total=469.06 ms
  run 3: SpMM=432.61  GeMM=39.63  Total=472.24 ms
  run 4: SpMM=429.60  GeMM=39.81  Total=469.41 ms
  BEST: SpMM=429.36  GeMM=39.63  Total=469.06 ms


============================================
Matrix: soc-Pokec
============================================
MKL Two-Step Baseline: SpMM + GeMM
Threads: 32

Loading: /home/huangjianqiang_group/hdacp1/data/SpMM_project/data/soc-Pokec/soc-Pokec.csrbin
  csrbin: N=1632803  NNZ=30622564
Matrix: soc-Pokec  N=1632803  NNZ=30622564  avg_deg=18.8  K=128
  run 0: SpMM=241.41  GeMM=13.28  Total=254.69 ms
  run 1: SpMM=241.68  GeMM=13.31  Total=255.00 ms
  run 2: SpMM=243.09  GeMM=13.22  Total=256.31 ms
  run 3: SpMM=241.53  GeMM=13.15  Total=254.68 ms
  run 4: SpMM=241.29  GeMM=13.14  Total=254.43 ms
  BEST: SpMM=241.29  GeMM=13.14  Total=254.43 ms


============================================
Matrix: sx-stackoverflow
============================================
MKL Two-Step Baseline: SpMM + GeMM
Threads: 32

Loading: /home/huangjianqiang_group/hdacp1/data/SpMM_project/data/sx-stackoverflow/sx-stackoverflow.csrbin
  csrbin: N=2601977  NNZ=11370342
Matrix: sx-stackoverflow  N=2601977  NNZ=11370342  avg_deg=4.4  K=128
  run 0: SpMM=34.15  GeMM=21.24  Total=55.39 ms
  run 1: SpMM=35.74  GeMM=21.08  Total=56.81 ms
  run 2: SpMM=33.45  GeMM=21.13  Total=54.59 ms
  run 3: SpMM=34.99  GeMM=21.08  Total=56.07 ms
  run 4: SpMM=34.42  GeMM=21.23  Total=55.66 ms
  BEST: SpMM=33.45  GeMM=21.08  Total=54.59 ms


============================================
Matrix: web-Google
============================================
MKL Two-Step Baseline: SpMM + GeMM
Threads: 32

Loading: /home/huangjianqiang_group/hdacp1/data/SpMM_project/data/web-Google/web-Google.csrbin
  csrbin: N=916428  NNZ=5105039
Matrix: web-Google  N=916428  NNZ=5105039  avg_deg=5.6  K=128
  run 0: SpMM=23.46  GeMM=7.30  Total=30.77 ms
  run 1: SpMM=23.18  GeMM=7.28  Total=30.46 ms
  run 2: SpMM=23.16  GeMM=7.29  Total=30.45 ms
  run 3: SpMM=23.16  GeMM=7.28  Total=30.45 ms
  run 4: SpMM=23.14  GeMM=7.26  Total=30.40 ms
  BEST: SpMM=23.14  GeMM=7.26  Total=30.40 ms


============================================
Matrix: wiki-Talk
============================================
MKL Two-Step Baseline: SpMM + GeMM
Threads: 32

Loading: /home/huangjianqiang_group/hdacp1/data/SpMM_project/data/wiki-Talk/wiki-Talk.csrbin
  csrbin: N=2394385  NNZ=5021410
Matrix: wiki-Talk  N=2394385  NNZ=5021410  avg_deg=2.1  K=128
  run 0: SpMM=29.64  GeMM=19.93  Total=49.57 ms
  run 1: SpMM=29.49  GeMM=19.90  Total=49.39 ms
  run 2: SpMM=29.44  GeMM=19.93  Total=49.37 ms
  run 3: SpMM=29.44  GeMM=19.95  Total=49.40 ms
  run 4: SpMM=29.43  GeMM=19.86  Total=49.29 ms
  BEST: SpMM=29.43  GeMM=19.86  Total=49.29 ms


=== Done: Tue Mar 10 19:14:18 CST 2026 ===
