ENV mkl=2023.0.2 processor=Intel(R) Advanced Vector Extensions 512 (Intel(R) AVX-512) with Intel(R) DL Boost, bfloat16 support, Intel(R) AMX with bfloat16 and 8-bit integer support, and FP16 instructions threads=2 source_input=/home/huangjianqiang_group/hdacp1/data/wzh/GAT/baseline/../data/smoke1024.gatbin checkpoint=random_fixture_not_trained profile=0 vendor_amx_status=UNVERIFIED_UNTIL_DISPATCH_EVIDENCE
STATIC degree_sort_ms=0 model_prepare_ms=0.63842 bytes=478208 graph_policy=as_loaded_no_mutation
MKL_VERBOSE oneMKL 2023.0 Update 2 Product build 20230613 for Intel(R) 64 architecture Intel(R) Advanced Vector Extensions 512 (Intel(R) AVX-512) with Intel(R) DL Boost, bfloat16 support, Intel(R) AMX with bfloat16 and 8-bit integer support, and FP16 instructions, Lnx 3.10GHz lp64 intel_thread
MKL_VERBOSE SGEMM(N,N,256,1024,128,0x7ffe95f7db48,0x151ac10d0010,256,0x151ac0beb010,128,0x7ffe95f7db50,0x151ac09e9010,256) 14.03ms CNR:OFF Dyn:0 FastMM:1 TID:0  NThr:2
MICRO name=convert_rne layer=2 median_ms=0.013809 p95_ms=0.013942
MKL_VERBOSE GEMM_BF16BF16F32(N,N,256,1024,256,0x7ffe95f7dba8,0xb412f0,256,0xca38f0,256,0x7ffe95f7dbb0,0xd23900,256) 829.19us CNR:OFF Dyn:0 FastMM:1 TID:0  NThr:2
MKL_VERBOSE GEMM_BF16BF16F32(N,N,256,1024,256,0x7ffe95f7dba8,0xb412f0,256,0xca38f0,256,0x7ffe95f7dbb0,0xd23900,256) 127.36us CNR:OFF Dyn:0 FastMM:1 TID:0  NThr:2
MKL_VERBOSE GEMM_BF16BF16F32(N,N,256,1024,256,0x7ffe95f7dba8,0xb412f0,256,0xca38f0,256,0x7ffe95f7dbb0,0xd23900,256) 104.27us CNR:OFF Dyn:0 FastMM:1 TID:0  NThr:2
MKL_VERBOSE GEMM_BF16BF16F32(N,N,256,1024,256,0x7ffe95f7dba8,0xb412f0,256,0xca38f0,256,0x7ffe95f7dbb0,0xd23900,256) 87.58us CNR:OFF Dyn:0 FastMM:1 TID:0  NThr:2
MICRO name=projection_bf16 layer=2 median_ms=0.108278 p95_ms=0.135324
MICRO name=lr_z_avx layer=2 median_ms=0.026568 p95_ms=0.02657
MKL_VERBOSE SGEMM(N,N,2,1024,32,0x7ffe95f7daf8,0xe43990,2,0xd23900,256,0x7ffe95f7db00,0xe43aa0,2) 51.62us CNR:OFF Dyn:0 FastMM:1 TID:0  NThr:2
MKL_VERBOSE SGEMM(N,N,2,1024,32,0x7ffe95f7daf8,0xe43990,2,0xd23980,256,0x7ffe95f7db00,0xe43aa0,2) 12.21us CNR:OFF Dyn:0 FastMM:1 TID:0  NThr:2
MKL_VERBOSE SGEMM(N,N,2,1024,32,0x7ffe95f7daf8,0xe43990,2,0xd23a00,256,0x7ffe95f7db00,0xe43aa0,2) 9.44us CNR:OFF Dyn:0 FastMM:1 TID:0  NThr:2
MKL_VERBOSE SGEMM(N,N,2,1024,32,0x7ffe95f7daf8,0xe43990,2,0xd23a80,256,0x7ffe95f7db00,0xe43aa0,2) 9.72us CNR:OFF Dyn:0 FastMM:1 TID:0  NThr:2
MKL_VERBOSE SGEMM(N,N,2,1024,32,0x7ffe95f7daf8,0xe43990,2,0xd23b00,256,0x7ffe95f7db00,0xe43aa0,2) 9.91us CNR:OFF Dyn:0 FastMM:1 TID:0  NThr:2
MKL_VERBOSE SGEMM(N,N,2,1024,32,0x7ffe95f7daf8,0xe43990,2,0xd23b80,256,0x7ffe95f7db00,0xe43aa0,2) 9.83us CNR:OFF Dyn:0 FastMM:1 TID:0  NThr:2
MKL_VERBOSE SGEMM(N,N,2,1024,32,0x7ffe95f7daf8,0xe43990,2,0xd23c00,256,0x7ffe95f7db00,0xe43aa0,2) 10.11us CNR:OFF Dyn:0 FastMM:1 TID:0  NThr:2
MKL_VERBOSE SGEMM(N,N,2,1024,32,0x7ffe95f7daf8,0xe43990,2,0xd23c80,256,0x7ffe95f7db00,0xe43aa0,2) 9.32us CNR:OFF Dyn:0 FastMM:1 TID:0  NThr:2
MKL_VERBOSE SGEMM(N,N,2,1024,32,0x7ffe95f7daf8,0xe43990,2,0xd23900,256,0x7ffe95f7db00,0xe43aa0,2) 12.02us CNR:OFF Dyn:0 FastMM:1 TID:0  NThr:2
MKL_VERBOSE SGEMM(N,N,2,1024,32,0x7ffe95f7daf8,0xe43990,2,0xd23980,256,0x7ffe95f7db00,0xe43aa0,2) 9.23us CNR:OFF Dyn:0 FastMM:1 TID:0  NThr:2
MKL_VERBOSE SGEMM(N,N,2,1024,32,0x7ffe95f7daf8,0xe43990,2,0xd23a00,256,0x7ffe95f7db00,0xe43aa0,2) 9.20us CNR:OFF Dyn:0 FastMM:1 TID:0  NThr:2
MKL_VERBOSE SGEMM(N,N,2,1024,32,0x7ffe95f7daf8,0xe43990,2,0xd23a80,256,0x7ffe95f7db00,0xe43aa0,2) 9.38us CNR:OFF Dyn:0 FastMM:1 TID:0  NThr:2
MKL_VERBOSE SGEMM(N,N,2,1024,32,0x7ffe95f7daf8,0xe43990,2,0xd23b00,256,0x7ffe95f7db00,0xe43aa0,2) 9.22us CNR:OFF Dyn:0 FastMM:1 TID:0  NThr:2
MKL_VERBOSE SGEMM(N,N,2,1024,32,0x7ffe95f7daf8,0xe43990,2,0xd23b80,256,0x7ffe95f7db00,0xe43aa0,2) 9.29us CNR:OFF Dyn:0 FastMM:1 TID:0  NThr:2
MKL_VERBOSE SGEMM(N,N,2,1024,32,0x7ffe95f7daf8,0xe43990,2,0xd23c00,256,0x7ffe95f7db00,0xe43aa0,2) 9.29us CNR:OFF Dyn:0 FastMM:1 TID:0  NThr:2
MKL_VERBOSE SGEMM(N,N,2,1024,32,0x7ffe95f7daf8,0xe43990,2,0xd23c80,256,0x7ffe95f7db00,0xe43aa0,2) 9.25us CNR:OFF Dyn:0 FastMM:1 TID:0  NThr:2
MKL_VERBOSE SGEMM(N,N,2,1024,32,0x7ffe95f7daf8,0xe43990,2,0xd23900,256,0x7ffe95f7db00,0xe43aa0,2) 9.35us CNR:OFF Dyn:0 FastMM:1 TID:0  NThr:2
MKL_VERBOSE SGEMM(N,N,2,1024,32,0x7ffe95f7daf8,0xe43990,2,0xd23980,256,0x7ffe95f7db00,0xe43aa0,2) 11.95us CNR:OFF Dyn:0 FastMM:1 TID:0  NThr:2
MKL_VERBOSE SGEMM(N,N,2,1024,32,0x7ffe95f7daf8,0xe43990,2,0xd23a00,256,0x7ffe95f7db00,0xe43aa0,2) 9.34us CNR:OFF Dyn:0 FastMM:1 TID:0  NThr:2
MKL_VERBOSE SGEMM(N,N,2,1024,32,0x7ffe95f7daf8,0xe43990,2,0xd23a80,256,0x7ffe95f7db00,0xe43aa0,2) 9.47us CNR:OFF Dyn:0 FastMM:1 TID:0  NThr:2
MKL_VERBOSE SGEMM(N,N,2,1024,32,0x7ffe95f7daf8,0xe43990,2,0xd23b00,256,0x7ffe95f7db00,0xe43aa0,2) 9.18us CNR:OFF Dyn:0 FastMM:1 TID:0  NThr:2
MKL_VERBOSE SGEMM(N,N,2,1024,32,0x7ffe95f7daf8,0xe43990,2,0xd23b80,256,0x7ffe95f7db00,0xe43aa0,2) 9.34us CNR:OFF Dyn:0 FastMM:1 TID:0  NThr:2
MKL_VERBOSE SGEMM(N,N,2,1024,32,0x7ffe95f7daf8,0xe43990,2,0xd23c00,256,0x7ffe95f7db00,0xe43aa0,2) 9.30us CNR:OFF Dyn:0 FastMM:1 TID:0  NThr:2
MKL_VERBOSE SGEMM(N,N,2,1024,32,0x7ffe95f7daf8,0xe43990,2,0xd23c80,256,0x7ffe95f7db00,0xe43aa0,2) 9.33us CNR:OFF Dyn:0 FastMM:1 TID:0  NThr:2
MKL_VERBOSE SGEMM(N,N,2,1024,32,0x7ffe95f7daf8,0xe43990,2,0xd23900,256,0x7ffe95f7db00,0xe43aa0,2) 9.31us CNR:OFF Dyn:0 FastMM:1 TID:0  NThr:2
MKL_VERBOSE SGEMM(N,N,2,1024,32,0x7ffe95f7daf8,0xe43990,2,0xd23980,256,0x7ffe95f7db00,0xe43aa0,2) 9.23us CNR:OFF Dyn:0 FastMM:1 TID:0  NThr:2
MKL_VERBOSE SGEMM(N,N,2,1024,32,0x7ffe95f7daf8,0xe43990,2,0xd23a00,256,0x7ffe95f7db00,0xe43aa0,2) 9.26us CNR:OFF Dyn:0 FastMM:1 TID:0  NThr:2
MKL_VERBOSE SGEMM(N,N,2,1024,32,0x7ffe95f7daf8,0xe43990,2,0xd23a80,256,0x7ffe95f7db00,0xe43aa0,2) 9.28us CNR:OFF Dyn:0 FastMM:1 TID:0  NThr:2
MKL_VERBOSE SGEMM(N,N,2,1024,32,0x7ffe95f7daf8,0xe43990,2,0xd23b00,256,0x7ffe95f7db00,0xe43aa0,2) 9.23us CNR:OFF Dyn:0 FastMM:1 TID:0  NThr:2
MKL_VERBOSE SGEMM(N,N,2,1024,32,0x7ffe95f7daf8,0xe43990,2,0xd23b80,256,0x7ffe95f7db00,0xe43aa0,2) 9.37us CNR:OFF Dyn:0 FastMM:1 TID:0  NThr:2
MKL_VERBOSE SGEMM(N,N,2,1024,32,0x7ffe95f7daf8,0xe43990,2,0xd23c00,256,0x7ffe95f7db00,0xe43aa0,2) 9.30us CNR:OFF Dyn:0 FastMM:1 TID:0  NThr:2
MKL_VERBOSE SGEMM(N,N,2,1024,32,0x7ffe95f7daf8,0xe43990,2,0xd23c80,256,0x7ffe95f7db00,0xe43aa0,2) 9.25us CNR:OFF Dyn:0 FastMM:1 TID:0  NThr:2
MICRO name=lr_z_sgemm_including_skinny_setup layer=2 median_ms=0.114073 p95_ms=0.159898
ERROR path=micro layer=2 stage=lr_z_mkl_vs_avx_L finite=1 max_abs=3.576278687e-07 mean_abs=1.210230138e-08 relative_l2=1.220878566e-07 rmse=2.219809229e-08 p50=7.450580597e-09 p90=2.980232239e-08 p99=8.940696716e-08
MKL_VERBOSE GEMM_BF16BF16F32(N,N,16,1024,256,0x7ffe95f7db38,0xb65310,16,0xca38f0,256,0x7ffe95f7db40,0xe23910,16) 50.70us CNR:OFF Dyn:0 FastMM:1 TID:0  NThr:2
MKL_VERBOSE GEMM_BF16BF16F32(N,N,16,1024,256,0x7ffe95f7db38,0xb65310,16,0xca38f0,256,0x7ffe95f7db40,0xe23910,16) 18.55us CNR:OFF Dyn:0 FastMM:1 TID:0  NThr:2
MKL_VERBOSE GEMM_BF16BF16F32(N,N,16,1024,256,0x7ffe95f7db38,0xb65310,16,0xca38f0,256,0x7ffe95f7db40,0xe23910,16) 18.42us CNR:OFF Dyn:0 FastMM:1 TID:0  NThr:2
MKL_VERBOSE GEMM_BF16BF16F32(N,N,16,1024,256,0x7ffe95f7db38,0xb65310,16,0xca38f0,256,0x7ffe95f7db40,0xe23910,16) 15.05us CNR:OFF Dyn:0 FastMM:1 TID:0  NThr:2
MICRO name=lr_reordered_bf16 layer=2 median_ms=0.026354 p95_ms=0.027276
MKL_VERBOSE SGEMM(N,N,16,1024,256,0x7ffe95f7db38,0xb61300,16,0x151ac0aea010,256,0x7ffe95f7db40,0xe23910,16) 64.24us CNR:OFF Dyn:0 FastMM:1 TID:0  NThr:2
MKL_VERBOSE SGEMM(N,N,16,1024,256,0x7ffe95f7db38,0xb61300,16,0x151ac0aea010,256,0x7ffe95f7db40,0xe23910,16) 35.76us CNR:OFF Dyn:0 FastMM:1 TID:0  NThr:2
MKL_VERBOSE SGEMM(N,N,16,1024,256,0x7ffe95f7db38,0xb61300,16,0x151ac0aea010,256,0x7ffe95f7db40,0xe23910,16) 32.30us CNR:OFF Dyn:0 FastMM:1 TID:0  NThr:2
MKL_VERBOSE SGEMM(N,N,16,1024,256,0x7ffe95f7db38,0xb61300,16,0x151ac0aea010,256,0x7ffe95f7db40,0xe23910,16) 32.07us CNR:OFF Dyn:0 FastMM:1 TID:0  NThr:2
MICRO name=lr_reordered_fp32 layer=2 median_ms=0.039218 p95_ms=0.04312
MICRO name=lr_reordered_avx layer=2 median_ms=1.763044 p95_ms=1.930397
MICRO name=max_prescan layer=2 median_ms=0.025316 p95_ms=0.02563
MICRO name=weighted_spmm_score_exp layer=2 median_ms=0.730957 p95_ms=0.741251
