ENV mkl=2023.0.2 processor=Intel(R) Advanced Vector Extensions 512 (Intel(R) AVX-512) with Intel(R) DL Boost, bfloat16 support, Intel(R) AMX with bfloat16 and 8-bit integer support, and FP16 instructions threads=2 source_input=/home/huangjianqiang_group/hdacp1/data/wzh/GAT/baseline/../data/smoke1024.gatbin checkpoint=random_fixture_not_trained profile=0 vendor_amx_status=UNVERIFIED_UNTIL_DISPATCH_EVIDENCE
STATIC degree_sort_ms=0 model_prepare_ms=0.720173 bytes=478208 graph_policy=as_loaded_no_mutation
MICRO name=convert_rne layer=1 median_ms=0.008992 p95_ms=0.009098
MKL_VERBOSE oneMKL 2023.0 Update 2 Product build 20230613 for Intel(R) 64 architecture Intel(R) Advanced Vector Extensions 512 (Intel(R) AVX-512) with Intel(R) DL Boost, bfloat16 support, Intel(R) AMX with bfloat16 and 8-bit integer support, and FP16 instructions, Lnx 3.10GHz lp64 intel_thread
MKL_VERBOSE GEMM_BF16BF16F32(N,N,256,1024,128,0x7fffcb0b5ad8,0xb352b0,256,0x14e05c064010,128,0x7fffcb0b5ae0,0x14e057eff010,256) 13.89ms CNR:OFF Dyn:0 FastMM:1 TID:0  NThr:2
MKL_VERBOSE GEMM_BF16BF16F32(N,N,256,1024,128,0x7fffcb0b5ad8,0xb352b0,256,0x14e05c064010,128,0x7fffcb0b5ae0,0x14e057eff010,256) 148.29us CNR:OFF Dyn:0 FastMM:1 TID:0  NThr:2
MKL_VERBOSE GEMM_BF16BF16F32(N,N,256,1024,128,0x7fffcb0b5ad8,0xb352b0,256,0x14e05c064010,128,0x7fffcb0b5ae0,0x14e057eff010,256) 73.07us CNR:OFF Dyn:0 FastMM:1 TID:0  NThr:2
MKL_VERBOSE GEMM_BF16BF16F32(N,N,256,1024,128,0x7fffcb0b5ad8,0xb352b0,256,0x14e05c064010,128,0x7fffcb0b5ae0,0x14e057eff010,256) 72.27us CNR:OFF Dyn:0 FastMM:1 TID:0  NThr:2
MICRO name=projection_bf16 layer=1 median_ms=0.077571 p95_ms=0.157389
MICRO name=lr_z_avx layer=1 median_ms=0.024933 p95_ms=0.025932
MKL_VERBOSE SGEMM(N,N,2,1024,32,0x7fffcb0b5a28,0xbda960,2,0x14e057eff010,256,0x7fffcb0b5a30,0xbdaa70,2) 86.28us CNR:OFF Dyn:0 FastMM:1 TID:0  NThr:2
MKL_VERBOSE SGEMM(N,N,2,1024,32,0x7fffcb0b5a28,0xbda960,2,0x14e057eff090,256,0x7fffcb0b5a30,0xbdaa70,2) 13.05us CNR:OFF Dyn:0 FastMM:1 TID:0  NThr:2
MKL_VERBOSE SGEMM(N,N,2,1024,32,0x7fffcb0b5a28,0xbda960,2,0x14e057eff110,256,0x7fffcb0b5a30,0xbdaa70,2) 13.14us CNR:OFF Dyn:0 FastMM:1 TID:0  NThr:2
MKL_VERBOSE SGEMM(N,N,2,1024,32,0x7fffcb0b5a28,0xbda960,2,0x14e057eff190,256,0x7fffcb0b5a30,0xbdaa70,2) 15.05us CNR:OFF Dyn:0 FastMM:1 TID:0  NThr:2
MKL_VERBOSE SGEMM(N,N,2,1024,32,0x7fffcb0b5a28,0xbda960,2,0x14e057eff210,256,0x7fffcb0b5a30,0xbdaa70,2) 15.54us CNR:OFF Dyn:0 FastMM:1 TID:0  NThr:2
MKL_VERBOSE SGEMM(N,N,2,1024,32,0x7fffcb0b5a28,0xbda960,2,0x14e057eff290,256,0x7fffcb0b5a30,0xbdaa70,2) 15.02us CNR:OFF Dyn:0 FastMM:1 TID:0  NThr:2
MKL_VERBOSE SGEMM(N,N,2,1024,32,0x7fffcb0b5a28,0xbda960,2,0x14e057eff310,256,0x7fffcb0b5a30,0xbdaa70,2) 13.79us CNR:OFF Dyn:0 FastMM:1 TID:0  NThr:2
MKL_VERBOSE SGEMM(N,N,2,1024,32,0x7fffcb0b5a28,0xbda960,2,0x14e057eff390,256,0x7fffcb0b5a30,0xbdaa70,2) 13.83us CNR:OFF Dyn:0 FastMM:1 TID:0  NThr:2
MKL_VERBOSE SGEMM(N,N,2,1024,32,0x7fffcb0b5a28,0xbda960,2,0x14e057eff010,256,0x7fffcb0b5a30,0xbdaa70,2) 13.75us CNR:OFF Dyn:0 FastMM:1 TID:0  NThr:2
MKL_VERBOSE SGEMM(N,N,2,1024,32,0x7fffcb0b5a28,0xbda960,2,0x14e057eff090,256,0x7fffcb0b5a30,0xbdaa70,2) 13.79us CNR:OFF Dyn:0 FastMM:1 TID:0  NThr:2
MKL_VERBOSE SGEMM(N,N,2,1024,32,0x7fffcb0b5a28,0xbda960,2,0x14e057eff110,256,0x7fffcb0b5a30,0xbdaa70,2) 13.57us CNR:OFF Dyn:0 FastMM:1 TID:0  NThr:2
MKL_VERBOSE SGEMM(N,N,2,1024,32,0x7fffcb0b5a28,0xbda960,2,0x14e057eff190,256,0x7fffcb0b5a30,0xbdaa70,2) 13.82us CNR:OFF Dyn:0 FastMM:1 TID:0  NThr:2
MKL_VERBOSE SGEMM(N,N,2,1024,32,0x7fffcb0b5a28,0xbda960,2,0x14e057eff210,256,0x7fffcb0b5a30,0xbdaa70,2) 13.79us CNR:OFF Dyn:0 FastMM:1 TID:0  NThr:2
MKL_VERBOSE SGEMM(N,N,2,1024,32,0x7fffcb0b5a28,0xbda960,2,0x14e057eff290,256,0x7fffcb0b5a30,0xbdaa70,2) 10.87us CNR:OFF Dyn:0 FastMM:1 TID:0  NThr:2
MKL_VERBOSE SGEMM(N,N,2,1024,32,0x7fffcb0b5a28,0xbda960,2,0x14e057eff310,256,0x7fffcb0b5a30,0xbdaa70,2) 11.51us CNR:OFF Dyn:0 FastMM:1 TID:0  NThr:2
MKL_VERBOSE SGEMM(N,N,2,1024,32,0x7fffcb0b5a28,0xbda960,2,0x14e057eff390,256,0x7fffcb0b5a30,0xbdaa70,2) 9.42us CNR:OFF Dyn:0 FastMM:1 TID:0  NThr:2
MKL_VERBOSE SGEMM(N,N,2,1024,32,0x7fffcb0b5a28,0xbda960,2,0x14e057eff010,256,0x7fffcb0b5a30,0xbdaa70,2) 12.01us CNR:OFF Dyn:0 FastMM:1 TID:0  NThr:2
MKL_VERBOSE SGEMM(N,N,2,1024,32,0x7fffcb0b5a28,0xbda960,2,0x14e057eff090,256,0x7fffcb0b5a30,0xbdaa70,2) 11.88us CNR:OFF Dyn:0 FastMM:1 TID:0  NThr:2
MKL_VERBOSE SGEMM(N,N,2,1024,32,0x7fffcb0b5a28,0xbda960,2,0x14e057eff110,256,0x7fffcb0b5a30,0xbdaa70,2) 12.16us CNR:OFF Dyn:0 FastMM:1 TID:0  NThr:2
MKL_VERBOSE SGEMM(N,N,2,1024,32,0x7fffcb0b5a28,0xbda960,2,0x14e057eff190,256,0x7fffcb0b5a30,0xbdaa70,2) 17.49us CNR:OFF Dyn:0 FastMM:1 TID:0  NThr:2
MKL_VERBOSE SGEMM(N,N,2,1024,32,0x7fffcb0b5a28,0xbda960,2,0x14e057eff210,256,0x7fffcb0b5a30,0xbdaa70,2) 9.38us CNR:OFF Dyn:0 FastMM:1 TID:0  NThr:2
MKL_VERBOSE SGEMM(N,N,2,1024,32,0x7fffcb0b5a28,0xbda960,2,0x14e057eff290,256,0x7fffcb0b5a30,0xbdaa70,2) 9.41us CNR:OFF Dyn:0 FastMM:1 TID:0  NThr:2
MKL_VERBOSE SGEMM(N,N,2,1024,32,0x7fffcb0b5a28,0xbda960,2,0x14e057eff310,256,0x7fffcb0b5a30,0xbdaa70,2) 9.21us CNR:OFF Dyn:0 FastMM:1 TID:0  NThr:2
MKL_VERBOSE SGEMM(N,N,2,1024,32,0x7fffcb0b5a28,0xbda960,2,0x14e057eff390,256,0x7fffcb0b5a30,0xbdaa70,2) 9.38us CNR:OFF Dyn:0 FastMM:1 TID:0  NThr:2
MKL_VERBOSE SGEMM(N,N,2,1024,32,0x7fffcb0b5a28,0xbda960,2,0x14e057eff010,256,0x7fffcb0b5a30,0xbdaa70,2) 12.84us CNR:OFF Dyn:0 FastMM:1 TID:0  NThr:2
MKL_VERBOSE SGEMM(N,N,2,1024,32,0x7fffcb0b5a28,0xbda960,2,0x14e057eff090,256,0x7fffcb0b5a30,0xbdaa70,2) 9.38us CNR:OFF Dyn:0 FastMM:1 TID:0  NThr:2
MKL_VERBOSE SGEMM(N,N,2,1024,32,0x7fffcb0b5a28,0xbda960,2,0x14e057eff110,256,0x7fffcb0b5a30,0xbdaa70,2) 9.41us CNR:OFF Dyn:0 FastMM:1 TID:0  NThr:2
MKL_VERBOSE SGEMM(N,N,2,1024,32,0x7fffcb0b5a28,0xbda960,2,0x14e057eff190,256,0x7fffcb0b5a30,0xbdaa70,2) 12.40us CNR:OFF Dyn:0 FastMM:1 TID:0  NThr:2
MKL_VERBOSE SGEMM(N,N,2,1024,32,0x7fffcb0b5a28,0xbda960,2,0x14e057eff210,256,0x7fffcb0b5a30,0xbdaa70,2) 9.36us CNR:OFF Dyn:0 FastMM:1 TID:0  NThr:2
MKL_VERBOSE SGEMM(N,N,2,1024,32,0x7fffcb0b5a28,0xbda960,2,0x14e057eff290,256,0x7fffcb0b5a30,0xbdaa70,2) 9.42us CNR:OFF Dyn:0 FastMM:1 TID:0  NThr:2
MKL_VERBOSE SGEMM(N,N,2,1024,32,0x7fffcb0b5a28,0xbda960,2,0x14e057eff310,256,0x7fffcb0b5a30,0xbdaa70,2) 9.26us CNR:OFF Dyn:0 FastMM:1 TID:0  NThr:2
MKL_VERBOSE SGEMM(N,N,2,1024,32,0x7fffcb0b5a28,0xbda960,2,0x14e057eff390,256,0x7fffcb0b5a30,0xbdaa70,2) 9.35us CNR:OFF Dyn:0 FastMM:1 TID:0  NThr:2
MICRO name=lr_z_sgemm_including_skinny_setup layer=1 median_ms=0.146697 p95_ms=0.152684
ERROR path=micro layer=1 stage=lr_z_mkl_vs_avx_L finite=1 max_abs=5.960464478e-07 mean_abs=4.48155717e-08 relative_l2=1.176518465e-07 rmse=6.494026331e-08 p50=2.980232239e-08 p90=1.192092896e-07 p99=2.384185791e-07
MKL_VERBOSE GEMM_BF16BF16F32(N,N,16,1024,128,0x7fffcb0b5a68,0xb472d0,16,0x14e05c064010,128,0x7fffcb0b5a70,0xba9380,16) 29.62us CNR:OFF Dyn:0 FastMM:1 TID:0  NThr:2
MKL_VERBOSE GEMM_BF16BF16F32(N,N,16,1024,128,0x7fffcb0b5a68,0xb472d0,16,0x14e05c064010,128,0x7fffcb0b5a70,0xba9380,16) 12.66us CNR:OFF Dyn:0 FastMM:1 TID:0  NThr:2
MKL_VERBOSE GEMM_BF16BF16F32(N,N,16,1024,128,0x7fffcb0b5a68,0xb472d0,16,0x14e05c064010,128,0x7fffcb0b5a70,0xba9380,16) 11.92us CNR:OFF Dyn:0 FastMM:1 TID:0  NThr:2
MKL_VERBOSE GEMM_BF16BF16F32(N,N,16,1024,128,0x7fffcb0b5a68,0xb472d0,16,0x14e05c064010,128,0x7fffcb0b5a70,0xba9380,16) 11.99us CNR:OFF Dyn:0 FastMM:1 TID:0  NThr:2
MICRO name=lr_reordered_bf16 layer=1 median_ms=0.020779 p95_ms=0.021232
MKL_VERBOSE SGEMM(N,N,16,1024,128,0x7fffcb0b5a68,0xb452c0,16,0x14e05c1a6010,128,0x7fffcb0b5a70,0xba9380,16) 72.74us CNR:OFF Dyn:0 FastMM:1 TID:0  NThr:2
MKL_VERBOSE SGEMM(N,N,16,1024,128,0x7fffcb0b5a68,0xb452c0,16,0x14e05c1a6010,128,0x7fffcb0b5a70,0xba9380,16) 21.30us CNR:OFF Dyn:0 FastMM:1 TID:0  NThr:2
MKL_VERBOSE SGEMM(N,N,16,1024,128,0x7fffcb0b5a68,0xb452c0,16,0x14e05c1a6010,128,0x7fffcb0b5a70,0xba9380,16) 21.30us CNR:OFF Dyn:0 FastMM:1 TID:0  NThr:2
MKL_VERBOSE SGEMM(N,N,16,1024,128,0x7fffcb0b5a68,0xb452c0,16,0x14e05c1a6010,128,0x7fffcb0b5a70,0xba9380,16) 23.66us CNR:OFF Dyn:0 FastMM:1 TID:0  NThr:2
MICRO name=lr_reordered_fp32 layer=1 median_ms=0.030588 p95_ms=0.031599
MICRO name=lr_reordered_avx layer=1 median_ms=0.973229 p95_ms=0.974223
MICRO name=max_prescan layer=1 median_ms=0.022418 p95_ms=0.02289
MICRO name=weighted_spmm_score_exp layer=1 median_ms=0.82708 p95_ms=0.834104
