GCN E2E Inference Benchmark (2-layer, K=128)
TFS V3 (BF16 AMX) vs MKL (FP32 two-step)
Threads: 4

Loading: /home/huangjianqiang_group/hdacp1/data/wzh/GCN-extra/runs/source-smoke-10864752/fixtures/source_high_tail/source_high_tail.csrbin
Matrix: source_high_tail  N=137  NNZ=9826  avg_deg=71.7

=== TFS V3 (BF16 AMX Fusion) ===
  run 0: 0.31 ms
  run 1: 0.31 ms
  run 2: 0.32 ms
  run 3: 0.32 ms
  run 4: 0.32 ms
  TFS V3 E2E BEST: 0.31 ms

=== MKL FP32 Two-Step ===
  run 0: 0.08 ms
  run 1: 0.08 ms
  run 2: 0.07 ms
  run 3: 0.07 ms
  run 4: 0.08 ms
  MKL E2E BEST: 0.07 ms

=== E2E Summary ===
  TFS V3:  0.31 ms
  MKL:     0.07 ms
  Speedup: 0.22×

=== Precision Analysis ===
Layer 1 (after ReLU):
  TFS_BF16 vs MKL_FP32: max_rel_err=0.005365  RMSE=1.277375e-01  max|diff|=6.965714e-01
Layer 2 (final output):
  TFS_BF16 vs MKL_FP32: max_rel_err=0.011368  RMSE=1.108281e+02  max|diff|=4.217188e+02

First 8 output values:
  TFS: 0.0000 0.0000 0.0000 0.0000 0.0000 0.0000 0.0000 0.0000 
  MKL: 0.0000 0.0000 0.0000 0.0000 0.0000 0.0000 0.0000 0.0000 
SOURCE_CONFIG graph=source_high_tail N=137 E=9826 D=128 F=128 R=64 TR=16 repeats=5 warmups=1 mkl_max_threads=4 mkl_dynamic=1 policy=default_no_numactl
SOURCE_INPUT graph=source_high_tail H0=6653655381886611830 W1=7515093975424777444 W2=521590717466722379
SOURCE_CORRECT graph=source_high_tail method=original_nozero boundary=kernel reference=source_original_tfs max_abs=0 mean_abs=0 relative_l2=0 normalized_max=0 pass=1
SOURCE_CORRECT graph=source_high_tail method=original_nozero boundary=e2e reference=source_original_tfs max_abs=0 mean_abs=0 relative_l2=0 normalized_max=0 pass=1
SOURCE_CORRECT graph=source_high_tail method=original_nozero boundary=e2e reference=source_mkl_fp32 max_abs=421.71875 mean_abs=73.552722279 relative_l2=0.0103539739938 normalized_max=0.0113681283423 pass=1
SOURCE_CORRECT graph=source_high_tail method=shared_b1_fast_nozero boundary=kernel reference=source_original_tfs max_abs=0 mean_abs=0 relative_l2=0 normalized_max=0 pass=1
SOURCE_CORRECT graph=source_high_tail method=shared_b1_fast_nozero boundary=e2e reference=source_original_tfs max_abs=0 mean_abs=0 relative_l2=0 normalized_max=0 pass=1
SOURCE_CORRECT graph=source_high_tail method=shared_b1_fast_nozero boundary=e2e reference=source_mkl_fp32 max_abs=421.71875 mean_abs=73.552722279 relative_l2=0.0103539739938 normalized_max=0.0113681283423 pass=1
SOURCE_CORRECT graph=source_high_tail method=shared_b1_accurate_nozero boundary=kernel reference=source_original_tfs max_abs=0 mean_abs=0 relative_l2=0 normalized_max=0 pass=1
SOURCE_CORRECT graph=source_high_tail method=shared_b1_accurate_nozero boundary=e2e reference=source_original_tfs max_abs=0 mean_abs=0 relative_l2=0 normalized_max=0 pass=1
SOURCE_CORRECT graph=source_high_tail method=shared_b1_accurate_nozero boundary=e2e reference=source_mkl_fp32 max_abs=421.71875 mean_abs=73.552722279 relative_l2=0.0103539739938 normalized_max=0.0113681283423 pass=1
SOURCE_CORRECT graph=source_high_tail method=shared_b2_fast_nozero boundary=kernel reference=source_original_tfs max_abs=0.366394042969 mean_abs=0.0551669390763 relative_l2=0.00242621255099 normalized_max=0.00275385068308 pass=1
SOURCE_CORRECT graph=source_high_tail method=shared_b2_fast_nozero boundary=e2e reference=source_original_tfs max_abs=115.375 mean_abs=21.620965348 relative_l2=0.00297134833718 normalized_max=0.00314491358462 pass=1
SOURCE_CORRECT graph=source_high_tail method=shared_b2_fast_nozero boundary=e2e reference=source_mkl_fp32 max_abs=511.02734375 mean_abs=93.8457814284 relative_l2=0.0130950101862 normalized_max=0.0137755896085 pass=1
SOURCE_CORRECT graph=source_high_tail method=shared_b2_accurate_nozero boundary=kernel reference=source_original_tfs max_abs=0.000179290771484 mean_abs=1.00193173883e-05 relative_l2=5.19989543338e-07 normalized_max=1.34756561412e-06 pass=1
SOURCE_CORRECT graph=source_high_tail method=shared_b2_accurate_nozero boundary=e2e reference=source_original_tfs max_abs=0.51171875 mean_abs=0.139618480945 relative_l2=2.05665557432e-05 normalized_max=1.39485265298e-05 pass=1
SOURCE_CORRECT graph=source_high_tail method=shared_b2_accurate_nozero boundary=e2e reference=source_mkl_fp32 max_abs=421.83203125 mean_abs=73.5872883536 relative_l2=0.0103569429652 normalized_max=0.0113711820263 pass=1
SOURCE_CORRECT graph=source_high_tail method=shared_b4_fast_nozero boundary=kernel reference=source_original_tfs max_abs=0.445373535156 mean_abs=0.0676195698681 relative_l2=0.00297118826254 normalized_max=0.0033474676719 pass=1
SOURCE_CORRECT graph=source_high_tail method=shared_b4_fast_nozero boundary=e2e reference=source_original_tfs max_abs=181.32421875 mean_abs=34.3798299424 relative_l2=0.00477834871439 normalized_max=0.00494256987014 pass=1
SOURCE_CORRECT graph=source_high_tail method=shared_b4_fast_nozero boundary=e2e reference=source_mkl_fp32 max_abs=590.44140625 mean_abs=106.950078099 relative_l2=0.0149632982327 normalized_max=0.0159163273743 pass=1
SOURCE_CORRECT graph=source_high_tail method=shared_b4_accurate_nozero boundary=kernel reference=source_original_tfs max_abs=0.000144958496094 mean_abs=8.64860897435e-06 relative_l2=4.47095317063e-07 normalized_max=1.08952113482e-06 pass=1
SOURCE_CORRECT graph=source_high_tail method=shared_b4_accurate_nozero boundary=e2e reference=source_original_tfs max_abs=0.0390625 mean_abs=0.00269241954615 relative_l2=4.18923618762e-07 normalized_max=1.06477301754e-06 pass=1
SOURCE_CORRECT graph=source_high_tail method=shared_b4_accurate_nozero boundary=e2e reference=source_mkl_fp32 max_abs=421.71875 mean_abs=73.5531365376 relative_l2=0.0103540203443 normalized_max=0.0113681283423 pass=1
SOURCE_CORRECT graph=source_high_tail method=shared_b8_fast_nozero boundary=kernel reference=source_original_tfs max_abs=0.452178955078 mean_abs=0.0715261912211 relative_l2=0.00311092634722 normalized_max=0.00339861782202 pass=1
SOURCE_CORRECT graph=source_high_tail method=shared_b8_fast_nozero boundary=e2e reference=source_original_tfs max_abs=208.21484375 mean_abs=38.5323258255 relative_l2=0.00536813887177 normalized_max=0.00567555961542 pass=1
SOURCE_CORRECT graph=source_high_tail method=shared_b8_fast_nozero boundary=e2e reference=source_mkl_fp32 max_abs=606.01953125 mean_abs=111.037872297 relative_l2=0.0155130078455 normalized_max=0.0163362615706 pass=1
SOURCE_CORRECT graph=source_high_tail method=shared_b8_accurate_nozero boundary=kernel reference=source_original_tfs max_abs=0.000129699707031 mean_abs=9.39740464567e-06 relative_l2=4.92213372108e-07 normalized_max=9.74834699574e-07 pass=1
SOURCE_CORRECT graph=source_high_tail method=shared_b8_accurate_nozero boundary=e2e reference=source_original_tfs max_abs=0.048828125 mean_abs=0.00602897234859 relative_l2=8.5432197434e-07 normalized_max=1.33096627193e-06 pass=1
SOURCE_CORRECT graph=source_high_tail method=shared_b8_accurate_nozero boundary=e2e reference=source_mkl_fp32 max_abs=421.73828125 mean_abs=73.5554049086 relative_l2=0.0103543819626 normalized_max=0.0113686548396 pass=1
SOURCE_CORRECT graph=source_high_tail method=shared_b16_fast_nozero boundary=kernel reference=source_original_tfs max_abs=0.50513458252 mean_abs=0.0722203632769 relative_l2=0.00315100751736 normalized_max=0.00379663709553 pass=1
SOURCE_CORRECT graph=source_high_tail method=shared_b16_fast_nozero boundary=e2e reference=source_original_tfs max_abs=211.98046875 mean_abs=39.7713145433 relative_l2=0.00552331432214 normalized_max=0.00577820373431 pass=1
SOURCE_CORRECT graph=source_high_tail method=shared_b16_fast_nozero boundary=e2e reference=source_mkl_fp32 max_abs=615.69921875 mean_abs=112.453884761 relative_l2=0.0156872186751 normalized_max=0.0165971936012 pass=1
SOURCE_CORRECT graph=source_high_tail method=shared_b16_accurate_nozero boundary=kernel reference=source_original_tfs max_abs=0.000350952148438 mean_abs=4.3182607475e-05 relative_l2=1.95285893882e-06 normalized_max=2.63778801061e-06 pass=1
SOURCE_CORRECT graph=source_high_tail method=shared_b16_accurate_nozero boundary=e2e reference=source_original_tfs max_abs=0.3310546875 mean_abs=0.0563624517272 relative_l2=7.80916559183e-06 normalized_max=9.02395132369e-06 pass=1
SOURCE_CORRECT graph=source_high_tail method=shared_b16_accurate_nozero boundary=e2e reference=source_mkl_fp32 max_abs=421.7578125 mean_abs=73.5614719572 relative_l2=0.0103552266726 normalized_max=0.0113691813368 pass=1
SOURCE_CORRECT graph=source_high_tail method=shared_b32_fast_nozero boundary=kernel reference=source_original_tfs max_abs=0.522689819336 mean_abs=0.0748652394446 relative_l2=0.00325866067677 normalized_max=0.00392858383928 pass=1
SOURCE_CORRECT graph=source_high_tail method=shared_b32_fast_nozero boundary=e2e reference=source_original_tfs max_abs=250.5625 mean_abs=41.6413683867 relative_l2=0.00577737663956 normalized_max=0.00682988004374 pass=1
SOURCE_CORRECT graph=source_high_tail method=shared_b32_fast_nozero boundary=e2e reference=source_mkl_fp32 max_abs=655.38671875 mean_abs=114.173542707 relative_l2=0.0159084451778 normalized_max=0.0176670359869 pass=1
SOURCE_CORRECT graph=source_high_tail method=shared_b32_accurate_nozero boundary=kernel reference=source_original_tfs max_abs=0.000757217407227 mean_abs=8.85235121045e-05 relative_l2=3.92675112923e-06 normalized_max=5.69131434898e-06 pass=1
SOURCE_CORRECT graph=source_high_tail method=shared_b32_accurate_nozero boundary=e2e reference=source_original_tfs max_abs=0.849609375 mean_abs=0.183394944363 relative_l2=2.48622861785e-05 normalized_max=2.31588131316e-05 pass=1
SOURCE_CORRECT graph=source_high_tail method=shared_b32_accurate_nozero boundary=e2e reference=source_mkl_fp32 max_abs=421.98828125 mean_abs=73.6206134016 relative_l2=0.0103614105014 normalized_max=0.0113753940042 pass=1
SOURCE_CORRECT graph=source_high_tail method=shared_b64_fast_nozero boundary=kernel reference=source_original_tfs max_abs=0.499420166016 mean_abs=0.0746616166269 relative_l2=0.00325501810486 normalized_max=0.00375368702554 pass=1
SOURCE_CORRECT graph=source_high_tail method=shared_b64_fast_nozero boundary=e2e reference=source_original_tfs max_abs=256.42578125 mean_abs=41.4989377431 relative_l2=0.00578435356516 normalized_max=0.00698970247367 pass=1
SOURCE_CORRECT graph=source_high_tail method=shared_b64_fast_nozero boundary=e2e reference=source_mkl_fp32 max_abs=660.88671875 mean_abs=113.824762808 relative_l2=0.0158715163779 normalized_max=0.0178152976089 pass=1
SOURCE_CORRECT graph=source_high_tail method=shared_b64_accurate_nozero boundary=kernel reference=source_original_tfs max_abs=0.00112152099609 mean_abs=0.000128679097941 relative_l2=5.72719790234e-06 normalized_max=8.42945299043e-06 pass=1
SOURCE_CORRECT graph=source_high_tail method=shared_b64_accurate_nozero boundary=e2e reference=source_original_tfs max_abs=1.041015625 mean_abs=0.17013799856 relative_l2=2.39716985197e-05 normalized_max=2.83762009176e-05 pass=1
SOURCE_CORRECT graph=source_high_tail method=shared_b64_accurate_nozero boundary=e2e reference=source_mkl_fp32 max_abs=421.68359375 mean_abs=73.6285715706 relative_l2=0.0103627655235 normalized_max=0.0113671806473 pass=1
SOURCE_CORRECT graph=source_high_tail method=shared_bfull_fast_nozero boundary=kernel reference=source_original_tfs max_abs=0.510925292969 mean_abs=0.075495500002 relative_l2=0.00329494786255 normalized_max=0.00384016059771 pass=1
SOURCE_CORRECT graph=source_high_tail method=shared_bfull_fast_nozero boundary=e2e reference=source_original_tfs max_abs=264.484375 mean_abs=41.5323481301 relative_l2=0.00579912674128 normalized_max=0.00720936514719 pass=1
SOURCE_CORRECT graph=source_high_tail method=shared_bfull_fast_nozero boundary=e2e reference=source_mkl_fp32 max_abs=655.67578125 mean_abs=113.657875344 relative_l2=0.0158381698771 normalized_max=0.017674828146 pass=1
SOURCE_CORRECT graph=source_high_tail method=shared_bfull_accurate_nozero boundary=kernel reference=source_original_tfs max_abs=0.00125122070312 mean_abs=0.000145194409407 relative_l2=6.57690143927e-06 normalized_max=9.40428769001e-06 pass=1
SOURCE_CORRECT graph=source_high_tail method=shared_bfull_accurate_nozero boundary=e2e reference=source_original_tfs max_abs=1.06640625 mean_abs=0.199332936184 relative_l2=2.73137676203e-05 normalized_max=2.9068303379e-05 pass=1
SOURCE_CORRECT graph=source_high_tail method=shared_bfull_accurate_nozero boundary=e2e reference=source_mkl_fp32 max_abs=421.78125 mean_abs=73.6498147743 relative_l2=0.0103650770385 normalized_max=0.0113698131335 pass=1
SOURCE_TIME graph=source_high_tail method=source_mkl_fp32 kind=kernel repeat=0 ms=0.0309944152832
SOURCE_TIME graph=source_high_tail method=source_mkl_fp32 kind=kernel repeat=1 ms=0.0321865081787
SOURCE_TIME graph=source_high_tail method=source_mkl_fp32 kind=kernel repeat=2 ms=0.0309944152832
SOURCE_TIME graph=source_high_tail method=source_mkl_fp32 kind=kernel repeat=3 ms=0.0319480895996
SOURCE_TIME graph=source_high_tail method=source_mkl_fp32 kind=kernel repeat=4 ms=0.0309944152832
SOURCE_TIME graph=source_high_tail method=source_original_tfs kind=kernel repeat=0 ms=0.154972076416
SOURCE_TIME graph=source_high_tail method=source_original_tfs kind=kernel repeat=1 ms=0.153064727783
SOURCE_TIME graph=source_high_tail method=source_original_tfs kind=kernel repeat=2 ms=0.153064727783
SOURCE_TIME graph=source_high_tail method=source_original_tfs kind=kernel repeat=3 ms=0.147104263306
SOURCE_TIME graph=source_high_tail method=source_original_tfs kind=kernel repeat=4 ms=0.1540184021
SOURCE_TIME graph=source_high_tail method=original_nozero kind=kernel repeat=0 ms=0.157833099365
SOURCE_TIME graph=source_high_tail method=original_nozero kind=kernel repeat=1 ms=0.142097473145
SOURCE_TIME graph=source_high_tail method=original_nozero kind=kernel repeat=2 ms=0.147104263306
SOURCE_TIME graph=source_high_tail method=original_nozero kind=kernel repeat=3 ms=0.141143798828
SOURCE_TIME graph=source_high_tail method=original_nozero kind=kernel repeat=4 ms=0.141143798828
SOURCE_TIME graph=source_high_tail method=original_nozero kind=e2e repeat=0 ms=0.303983688354
SOURCE_TIME graph=source_high_tail method=original_nozero kind=e2e repeat=1 ms=0.303983688354
SOURCE_TIME graph=source_high_tail method=original_nozero kind=e2e repeat=2 ms=0.31590461731
SOURCE_TIME graph=source_high_tail method=original_nozero kind=e2e repeat=3 ms=0.314950942993
SOURCE_TIME graph=source_high_tail method=original_nozero kind=e2e repeat=4 ms=0.305891036987
SOURCE_STAGE graph=source_high_tail method=original_nozero repeat=0 layer1_ms=0.147104263306 relu_ms=0.00190734863281 conversion_ms=0.00190734863281 layer2_ms=0.153064727783 total_ms=0.303983688354
SOURCE_STAGE graph=source_high_tail method=original_nozero repeat=1 layer1_ms=0.152826309204 relu_ms=0.00214576721191 conversion_ms=0.00190734863281 layer2_ms=0.149965286255 total_ms=0.306844711304
SOURCE_STAGE graph=source_high_tail method=original_nozero repeat=2 layer1_ms=0.147819519043 relu_ms=0.00309944152832 conversion_ms=0.00190734863281 layer2_ms=0.149011611938 total_ms=0.301837921143
SOURCE_TIME graph=source_high_tail method=shared_b1_fast_nozero kind=kernel repeat=0 ms=0.375032424927
SOURCE_TIME graph=source_high_tail method=shared_b1_fast_nozero kind=kernel repeat=1 ms=0.375032424927
SOURCE_TIME graph=source_high_tail method=shared_b1_fast_nozero kind=kernel repeat=2 ms=0.370025634766
SOURCE_TIME graph=source_high_tail method=shared_b1_fast_nozero kind=kernel repeat=3 ms=0.369071960449
SOURCE_TIME graph=source_high_tail method=shared_b1_fast_nozero kind=kernel repeat=4 ms=0.380992889404
SOURCE_TIME graph=source_high_tail method=shared_b1_fast_nozero kind=e2e repeat=0 ms=0.84400177002
SOURCE_TIME graph=source_high_tail method=shared_b1_fast_nozero kind=e2e repeat=1 ms=0.750064849854
SOURCE_TIME graph=source_high_tail method=shared_b1_fast_nozero kind=e2e repeat=2 ms=0.764846801758
SOURCE_TIME graph=source_high_tail method=shared_b1_fast_nozero kind=e2e repeat=3 ms=0.761985778809
SOURCE_TIME graph=source_high_tail method=shared_b1_fast_nozero kind=e2e repeat=4 ms=0.765085220337
SOURCE_STAGE graph=source_high_tail method=shared_b1_fast_nozero repeat=0 layer1_ms=0.439882278442 relu_ms=0.00309944152832 conversion_ms=0.00190734863281 layer2_ms=0.45919418335 total_ms=0.904083251953
SOURCE_STAGE graph=source_high_tail method=shared_b1_fast_nozero repeat=1 layer1_ms=0.363111495972 relu_ms=0.00190734863281 conversion_ms=0.00309944152832 layer2_ms=0.380039215088 total_ms=0.748157501221
SOURCE_STAGE graph=source_high_tail method=shared_b1_fast_nozero repeat=2 layer1_ms=0.377893447876 relu_ms=0.00309944152832 conversion_ms=0.00309944152832 layer2_ms=0.374794006348 total_ms=0.75888633728
SOURCE_PROFILE graph=source_high_tail method=shared_b1_fast_nozero phase=output_zero sampled_thread_ms=0 sampled_tiles=2 profile_wall_ms=0.895977020264
SOURCE_PROFILE graph=source_high_tail method=shared_b1_fast_nozero phase=row_schedule sampled_thread_ms=0 sampled_tiles=2 profile_wall_ms=0.895977020264
SOURCE_PROFILE graph=source_high_tail method=shared_b1_fast_nozero phase=partial_zero sampled_thread_ms=0.0171661376953 sampled_tiles=2 profile_wall_ms=0.895977020264
SOURCE_PROFILE graph=source_high_tail method=shared_b1_fast_nozero phase=csr_prefetch sampled_thread_ms=0.0371932983398 sampled_tiles=2 profile_wall_ms=0.895977020264
SOURCE_PROFILE graph=source_high_tail method=shared_b1_fast_nozero phase=feature_gather_decode sampled_thread_ms=0.0455379486084 sampled_tiles=2 profile_wall_ms=0.895977020264
SOURCE_PROFILE graph=source_high_tail method=shared_b1_fast_nozero phase=fp32_neighbor_reduction sampled_thread_ms=0.072717666626 sampled_tiles=2 profile_wall_ms=0.895977020264
SOURCE_PROFILE graph=source_high_tail method=shared_b1_fast_nozero phase=partial_bf16_conversion sampled_thread_ms=0.0159740447998 sampled_tiles=2 profile_wall_ms=0.895977020264
SOURCE_PROFILE graph=source_high_tail method=shared_b1_fast_nozero phase=tile_load sampled_thread_ms=0.100374221802 sampled_tiles=2 profile_wall_ms=0.895977020264
SOURCE_PROFILE graph=source_high_tail method=shared_b1_fast_nozero phase=tile_compute sampled_thread_ms=0.226020812988 sampled_tiles=2 profile_wall_ms=0.895977020264
SOURCE_PROFILE graph=source_high_tail method=shared_b1_fast_nozero phase=tile_store sampled_thread_ms=0.0209808349609 sampled_tiles=2 profile_wall_ms=0.895977020264
SOURCE_PROFILE graph=source_high_tail method=shared_b1_fast_nozero phase=output_scatter sampled_thread_ms=0.000953674316406 sampled_tiles=2 profile_wall_ms=0.895977020264
SOURCE_PROFILE graph=source_high_tail method=shared_b1_fast_nozero phase=thread_amx_setup sampled_thread_ms=0.00190734863281 sampled_tiles=2 profile_wall_ms=0.895977020264
SOURCE_TIME graph=source_high_tail method=shared_b1_accurate_nozero kind=kernel repeat=0 ms=0.703096389771
SOURCE_TIME graph=source_high_tail method=shared_b1_accurate_nozero kind=kernel repeat=1 ms=0.680923461914
SOURCE_TIME graph=source_high_tail method=shared_b1_accurate_nozero kind=kernel repeat=2 ms=0.637054443359
SOURCE_TIME graph=source_high_tail method=shared_b1_accurate_nozero kind=kernel repeat=3 ms=0.633955001831
SOURCE_TIME graph=source_high_tail method=shared_b1_accurate_nozero kind=kernel repeat=4 ms=0.627994537354
SOURCE_TIME graph=source_high_tail method=shared_b1_accurate_nozero kind=e2e repeat=0 ms=1.41096115112
SOURCE_TIME graph=source_high_tail method=shared_b1_accurate_nozero kind=e2e repeat=1 ms=1.27601623535
SOURCE_TIME graph=source_high_tail method=shared_b1_accurate_nozero kind=e2e repeat=2 ms=1.28602981567
SOURCE_TIME graph=source_high_tail method=shared_b1_accurate_nozero kind=e2e repeat=3 ms=1.26910209656
SOURCE_TIME graph=source_high_tail method=shared_b1_accurate_nozero kind=e2e repeat=4 ms=1.41000747681
SOURCE_STAGE graph=source_high_tail method=shared_b1_accurate_nozero repeat=0 layer1_ms=0.638008117676 relu_ms=0.00190734863281 conversion_ms=0.00286102294922 layer2_ms=0.642061233521 total_ms=1.28483772278
SOURCE_STAGE graph=source_high_tail method=shared_b1_accurate_nozero repeat=1 layer1_ms=0.627994537354 relu_ms=0.00286102294922 conversion_ms=0.00214576721191 layer2_ms=0.653028488159 total_ms=1.28602981567
SOURCE_STAGE graph=source_high_tail method=shared_b1_accurate_nozero repeat=2 layer1_ms=0.639915466309 relu_ms=0.00309944152832 conversion_ms=0.00286102294922 layer2_ms=0.632047653198 total_ms=1.27792358398
SOURCE_PROFILE graph=source_high_tail method=shared_b1_accurate_nozero phase=output_zero sampled_thread_ms=0 sampled_tiles=2 profile_wall_ms=1.29890441895
SOURCE_PROFILE graph=source_high_tail method=shared_b1_accurate_nozero phase=row_schedule sampled_thread_ms=0 sampled_tiles=2 profile_wall_ms=1.29890441895
SOURCE_PROFILE graph=source_high_tail method=shared_b1_accurate_nozero phase=partial_zero sampled_thread_ms=0.0195503234863 sampled_tiles=2 profile_wall_ms=1.29890441895
SOURCE_PROFILE graph=source_high_tail method=shared_b1_accurate_nozero phase=csr_prefetch sampled_thread_ms=0.0364780426025 sampled_tiles=2 profile_wall_ms=1.29890441895
SOURCE_PROFILE graph=source_high_tail method=shared_b1_accurate_nozero phase=feature_gather_decode sampled_thread_ms=0.0495910644531 sampled_tiles=2 profile_wall_ms=1.29890441895
SOURCE_PROFILE graph=source_high_tail method=shared_b1_accurate_nozero phase=fp32_neighbor_reduction sampled_thread_ms=0.0801086425781 sampled_tiles=2 profile_wall_ms=1.29890441895
SOURCE_PROFILE graph=source_high_tail method=shared_b1_accurate_nozero phase=partial_bf16_conversion sampled_thread_ms=0.0324249267578 sampled_tiles=2 profile_wall_ms=1.29890441895
SOURCE_PROFILE graph=source_high_tail method=shared_b1_accurate_nozero phase=tile_load sampled_thread_ms=0.169277191162 sampled_tiles=2 profile_wall_ms=1.29890441895
SOURCE_PROFILE graph=source_high_tail method=shared_b1_accurate_nozero phase=tile_compute sampled_thread_ms=0.461578369141 sampled_tiles=2 profile_wall_ms=1.29890441895
SOURCE_PROFILE graph=source_high_tail method=shared_b1_accurate_nozero phase=tile_store sampled_thread_ms=0.00953674316406 sampled_tiles=2 profile_wall_ms=1.29890441895
SOURCE_PROFILE graph=source_high_tail method=shared_b1_accurate_nozero phase=output_scatter sampled_thread_ms=0 sampled_tiles=2 profile_wall_ms=1.29890441895
SOURCE_PROFILE graph=source_high_tail method=shared_b1_accurate_nozero phase=thread_amx_setup sampled_thread_ms=0 sampled_tiles=2 profile_wall_ms=1.29890441895
SOURCE_TIME graph=source_high_tail method=shared_b2_fast_nozero kind=kernel repeat=0 ms=0.255823135376
SOURCE_TIME graph=source_high_tail method=shared_b2_fast_nozero kind=kernel repeat=1 ms=0.25486946106
SOURCE_TIME graph=source_high_tail method=shared_b2_fast_nozero kind=kernel repeat=2 ms=0.256061553955
SOURCE_TIME graph=source_high_tail method=shared_b2_fast_nozero kind=kernel repeat=3 ms=0.280141830444
SOURCE_TIME graph=source_high_tail method=shared_b2_fast_nozero kind=kernel repeat=4 ms=0.252962112427
SOURCE_TIME graph=source_high_tail method=shared_b2_fast_nozero kind=e2e repeat=0 ms=0.622987747192
SOURCE_TIME graph=source_high_tail method=shared_b2_fast_nozero kind=e2e repeat=1 ms=0.53596496582
SOURCE_TIME graph=source_high_tail method=shared_b2_fast_nozero kind=e2e repeat=2 ms=0.515937805176
SOURCE_TIME graph=source_high_tail method=shared_b2_fast_nozero kind=e2e repeat=3 ms=0.518798828125
SOURCE_TIME graph=source_high_tail method=shared_b2_fast_nozero kind=e2e repeat=4 ms=0.574827194214
SOURCE_STAGE graph=source_high_tail method=shared_b2_fast_nozero repeat=0 layer1_ms=0.256061553955 relu_ms=0.00190734863281 conversion_ms=0.00309944152832 layer2_ms=0.253915786743 total_ms=0.514984130859
SOURCE_STAGE graph=source_high_tail method=shared_b2_fast_nozero repeat=1 layer1_ms=0.252962112427 relu_ms=0.00286102294922 conversion_ms=0.00214576721191 layer2_ms=0.277996063232 total_ms=0.53596496582
SOURCE_STAGE graph=source_high_tail method=shared_b2_fast_nozero repeat=2 layer1_ms=0.290155410767 relu_ms=0.00286102294922 conversion_ms=0.00309944152832 layer2_ms=0.255823135376 total_ms=0.55193901062
SOURCE_PROFILE graph=source_high_tail method=shared_b2_fast_nozero phase=output_zero sampled_thread_ms=0 sampled_tiles=2 profile_wall_ms=0.468015670776
SOURCE_PROFILE graph=source_high_tail method=shared_b2_fast_nozero phase=row_schedule sampled_thread_ms=0 sampled_tiles=2 profile_wall_ms=0.468015670776
SOURCE_PROFILE graph=source_high_tail method=shared_b2_fast_nozero phase=partial_zero sampled_thread_ms=0.00810623168945 sampled_tiles=2 profile_wall_ms=0.468015670776
SOURCE_PROFILE graph=source_high_tail method=shared_b2_fast_nozero phase=csr_prefetch sampled_thread_ms=0.0340938568115 sampled_tiles=2 profile_wall_ms=0.468015670776
SOURCE_PROFILE graph=source_high_tail method=shared_b2_fast_nozero phase=feature_gather_decode sampled_thread_ms=0.0348091125488 sampled_tiles=2 profile_wall_ms=0.468015670776
SOURCE_PROFILE graph=source_high_tail method=shared_b2_fast_nozero phase=fp32_neighbor_reduction sampled_thread_ms=0.0467300415039 sampled_tiles=2 profile_wall_ms=0.468015670776
SOURCE_PROFILE graph=source_high_tail method=shared_b2_fast_nozero phase=partial_bf16_conversion sampled_thread_ms=0.00977516174316 sampled_tiles=2 profile_wall_ms=0.468015670776
SOURCE_PROFILE graph=source_high_tail method=shared_b2_fast_nozero phase=tile_load sampled_thread_ms=0.0455379486084 sampled_tiles=2 profile_wall_ms=0.468015670776
SOURCE_PROFILE graph=source_high_tail method=shared_b2_fast_nozero phase=tile_compute sampled_thread_ms=0.0698566436768 sampled_tiles=2 profile_wall_ms=0.468015670776
SOURCE_PROFILE graph=source_high_tail method=shared_b2_fast_nozero phase=tile_store sampled_thread_ms=0.00619888305664 sampled_tiles=2 profile_wall_ms=0.468015670776
SOURCE_PROFILE graph=source_high_tail method=shared_b2_fast_nozero phase=output_scatter sampled_thread_ms=0 sampled_tiles=2 profile_wall_ms=0.468015670776
SOURCE_PROFILE graph=source_high_tail method=shared_b2_fast_nozero phase=thread_amx_setup sampled_thread_ms=0 sampled_tiles=2 profile_wall_ms=0.468015670776
SOURCE_TIME graph=source_high_tail method=shared_b2_accurate_nozero kind=kernel repeat=0 ms=0.347137451172
SOURCE_TIME graph=source_high_tail method=shared_b2_accurate_nozero kind=kernel repeat=1 ms=0.348806381226
SOURCE_TIME graph=source_high_tail method=shared_b2_accurate_nozero kind=kernel repeat=2 ms=0.351190567017
SOURCE_TIME graph=source_high_tail method=shared_b2_accurate_nozero kind=kernel repeat=3 ms=0.348091125488
SOURCE_TIME graph=source_high_tail method=shared_b2_accurate_nozero kind=kernel repeat=4 ms=0.34499168396
SOURCE_TIME graph=source_high_tail method=shared_b2_accurate_nozero kind=e2e repeat=0 ms=0.700950622559
SOURCE_TIME graph=source_high_tail method=shared_b2_accurate_nozero kind=e2e repeat=1 ms=0.785112380981
SOURCE_TIME graph=source_high_tail method=shared_b2_accurate_nozero kind=e2e repeat=2 ms=0.764131546021
SOURCE_TIME graph=source_high_tail method=shared_b2_accurate_nozero kind=e2e repeat=3 ms=0.709056854248
SOURCE_TIME graph=source_high_tail method=shared_b2_accurate_nozero kind=e2e repeat=4 ms=0.701904296875
SOURCE_STAGE graph=source_high_tail method=shared_b2_accurate_nozero repeat=0 layer1_ms=0.349998474121 relu_ms=0.00190734863281 conversion_ms=0.00214576721191 layer2_ms=0.351905822754 total_ms=0.70595741272
SOURCE_STAGE graph=source_high_tail method=shared_b2_accurate_nozero repeat=1 layer1_ms=0.346899032593 relu_ms=0.00309944152832 conversion_ms=0.00190734863281 layer2_ms=0.356912612915 total_ms=0.708818435669
SOURCE_STAGE graph=source_high_tail method=shared_b2_accurate_nozero repeat=2 layer1_ms=0.341892242432 relu_ms=0.00190734863281 conversion_ms=0.00214576721191 layer2_ms=0.350952148438 total_ms=0.696897506714
SOURCE_PROFILE graph=source_high_tail method=shared_b2_accurate_nozero phase=output_zero sampled_thread_ms=0 sampled_tiles=2 profile_wall_ms=0.626087188721
SOURCE_PROFILE graph=source_high_tail method=shared_b2_accurate_nozero phase=row_schedule sampled_thread_ms=0.000953674316406 sampled_tiles=2 profile_wall_ms=0.626087188721
SOURCE_PROFILE graph=source_high_tail method=shared_b2_accurate_nozero phase=partial_zero sampled_thread_ms=0.0114440917969 sampled_tiles=2 profile_wall_ms=0.626087188721
SOURCE_PROFILE graph=source_high_tail method=shared_b2_accurate_nozero phase=csr_prefetch sampled_thread_ms=0.0338554382324 sampled_tiles=2 profile_wall_ms=0.626087188721
SOURCE_PROFILE graph=source_high_tail method=shared_b2_accurate_nozero phase=feature_gather_decode sampled_thread_ms=0.0436305999756 sampled_tiles=2 profile_wall_ms=0.626087188721
SOURCE_PROFILE graph=source_high_tail method=shared_b2_accurate_nozero phase=fp32_neighbor_reduction sampled_thread_ms=0.0512599945068 sampled_tiles=2 profile_wall_ms=0.626087188721
SOURCE_PROFILE graph=source_high_tail method=shared_b2_accurate_nozero phase=partial_bf16_conversion sampled_thread_ms=0.0183582305908 sampled_tiles=2 profile_wall_ms=0.626087188721
SOURCE_PROFILE graph=source_high_tail method=shared_b2_accurate_nozero phase=tile_load sampled_thread_ms=0.0884532928467 sampled_tiles=2 profile_wall_ms=0.626087188721
SOURCE_PROFILE graph=source_high_tail method=shared_b2_accurate_nozero phase=tile_compute sampled_thread_ms=0.0808238983154 sampled_tiles=2 profile_wall_ms=0.626087188721
SOURCE_PROFILE graph=source_high_tail method=shared_b2_accurate_nozero phase=tile_store sampled_thread_ms=0.00905990600586 sampled_tiles=2 profile_wall_ms=0.626087188721
SOURCE_PROFILE graph=source_high_tail method=shared_b2_accurate_nozero phase=output_scatter sampled_thread_ms=0.000953674316406 sampled_tiles=2 profile_wall_ms=0.626087188721
SOURCE_PROFILE graph=source_high_tail method=shared_b2_accurate_nozero phase=thread_amx_setup sampled_thread_ms=0 sampled_tiles=2 profile_wall_ms=0.626087188721
SOURCE_TIME graph=source_high_tail method=shared_b4_fast_nozero kind=kernel repeat=0 ms=0.159025192261
SOURCE_TIME graph=source_high_tail method=shared_b4_fast_nozero kind=kernel repeat=1 ms=0.156879425049
SOURCE_TIME graph=source_high_tail method=shared_b4_fast_nozero kind=kernel repeat=2 ms=0.159978866577
SOURCE_TIME graph=source_high_tail method=shared_b4_fast_nozero kind=kernel repeat=3 ms=0.159025192261
SOURCE_TIME graph=source_high_tail method=shared_b4_fast_nozero kind=kernel repeat=4 ms=0.158071517944
SOURCE_TIME graph=source_high_tail method=shared_b4_fast_nozero kind=e2e repeat=0 ms=0.323057174683
SOURCE_TIME graph=source_high_tail method=shared_b4_fast_nozero kind=e2e repeat=1 ms=0.323057174683
SOURCE_TIME graph=source_high_tail method=shared_b4_fast_nozero kind=e2e repeat=2 ms=0.319004058838
SOURCE_TIME graph=source_high_tail method=shared_b4_fast_nozero kind=e2e repeat=3 ms=0.32901763916
SOURCE_TIME graph=source_high_tail method=shared_b4_fast_nozero kind=e2e repeat=4 ms=0.313997268677
SOURCE_STAGE graph=source_high_tail method=shared_b4_fast_nozero repeat=0 layer1_ms=0.1540184021 relu_ms=0.00286102294922 conversion_ms=0.00214576721191 layer2_ms=0.155925750732 total_ms=0.314950942993
SOURCE_STAGE graph=source_high_tail method=shared_b4_fast_nozero repeat=1 layer1_ms=0.157117843628 relu_ms=0.00190734863281 conversion_ms=0.00309944152832 layer2_ms=0.159978866577 total_ms=0.322103500366
SOURCE_STAGE graph=source_high_tail method=shared_b4_fast_nozero repeat=2 layer1_ms=0.157117843628 relu_ms=0.00286102294922 conversion_ms=0.00214576721191 layer2_ms=0.152826309204 total_ms=0.314950942993
SOURCE_PROFILE graph=source_high_tail method=shared_b4_fast_nozero phase=output_zero sampled_thread_ms=0 sampled_tiles=2 profile_wall_ms=0.359058380127
SOURCE_PROFILE graph=source_high_tail method=shared_b4_fast_nozero phase=row_schedule sampled_thread_ms=0 sampled_tiles=2 profile_wall_ms=0.359058380127
SOURCE_PROFILE graph=source_high_tail method=shared_b4_fast_nozero phase=partial_zero sampled_thread_ms=0.00500679016113 sampled_tiles=2 profile_wall_ms=0.359058380127
SOURCE_PROFILE graph=source_high_tail method=shared_b4_fast_nozero phase=csr_prefetch sampled_thread_ms=0.0295639038086 sampled_tiles=2 profile_wall_ms=0.359058380127
SOURCE_PROFILE graph=source_high_tail method=shared_b4_fast_nozero phase=feature_gather_decode sampled_thread_ms=0.0424385070801 sampled_tiles=2 profile_wall_ms=0.359058380127
SOURCE_PROFILE graph=source_high_tail method=shared_b4_fast_nozero phase=fp32_neighbor_reduction sampled_thread_ms=0.051736831665 sampled_tiles=2 profile_wall_ms=0.359058380127
SOURCE_PROFILE graph=source_high_tail method=shared_b4_fast_nozero phase=partial_bf16_conversion sampled_thread_ms=0.00500679016113 sampled_tiles=2 profile_wall_ms=0.359058380127
SOURCE_PROFILE graph=source_high_tail method=shared_b4_fast_nozero phase=tile_load sampled_thread_ms=0.0269412994385 sampled_tiles=2 profile_wall_ms=0.359058380127
SOURCE_PROFILE graph=source_high_tail method=shared_b4_fast_nozero phase=tile_compute sampled_thread_ms=0.032901763916 sampled_tiles=2 profile_wall_ms=0.359058380127
SOURCE_PROFILE graph=source_high_tail method=shared_b4_fast_nozero phase=tile_store sampled_thread_ms=0.00286102294922 sampled_tiles=2 profile_wall_ms=0.359058380127
SOURCE_PROFILE graph=source_high_tail method=shared_b4_fast_nozero phase=output_scatter sampled_thread_ms=0 sampled_tiles=2 profile_wall_ms=0.359058380127
SOURCE_PROFILE graph=source_high_tail method=shared_b4_fast_nozero phase=thread_amx_setup sampled_thread_ms=0.00286102294922 sampled_tiles=2 profile_wall_ms=0.359058380127
SOURCE_TIME graph=source_high_tail method=shared_b4_accurate_nozero kind=kernel repeat=0 ms=0.209093093872
SOURCE_TIME graph=source_high_tail method=shared_b4_accurate_nozero kind=kernel repeat=1 ms=0.201940536499
SOURCE_TIME graph=source_high_tail method=shared_b4_accurate_nozero kind=kernel repeat=2 ms=0.201940536499
SOURCE_TIME graph=source_high_tail method=shared_b4_accurate_nozero kind=kernel repeat=3 ms=0.205993652344
SOURCE_TIME graph=source_high_tail method=shared_b4_accurate_nozero kind=kernel repeat=4 ms=0.200986862183
SOURCE_TIME graph=source_high_tail method=shared_b4_accurate_nozero kind=e2e repeat=0 ms=0.463008880615
SOURCE_TIME graph=source_high_tail method=shared_b4_accurate_nozero kind=e2e repeat=1 ms=0.424861907959
SOURCE_TIME graph=source_high_tail method=shared_b4_accurate_nozero kind=e2e repeat=2 ms=0.411987304688
SOURCE_TIME graph=source_high_tail method=shared_b4_accurate_nozero kind=e2e repeat=3 ms=0.417947769165
SOURCE_TIME graph=source_high_tail method=shared_b4_accurate_nozero kind=e2e repeat=4 ms=0.412940979004
SOURCE_STAGE graph=source_high_tail method=shared_b4_accurate_nozero repeat=0 layer1_ms=0.202894210815 relu_ms=0.00214576721191 conversion_ms=0.00286102294922 layer2_ms=0.209093093872 total_ms=0.416994094849
SOURCE_STAGE graph=source_high_tail method=shared_b4_accurate_nozero repeat=1 layer1_ms=0.200986862183 relu_ms=0.00214576721191 conversion_ms=0.00286102294922 layer2_ms=0.204086303711 total_ms=0.410079956055
SOURCE_STAGE graph=source_high_tail method=shared_b4_accurate_nozero repeat=2 layer1_ms=0.226020812988 relu_ms=0.00190734863281 conversion_ms=0.00214576721191 layer2_ms=0.251054763794 total_ms=0.481128692627
SOURCE_PROFILE graph=source_high_tail method=shared_b4_accurate_nozero phase=output_zero sampled_thread_ms=0 sampled_tiles=2 profile_wall_ms=0.432014465332
SOURCE_PROFILE graph=source_high_tail method=shared_b4_accurate_nozero phase=row_schedule sampled_thread_ms=0 sampled_tiles=2 profile_wall_ms=0.432014465332
SOURCE_PROFILE graph=source_high_tail method=shared_b4_accurate_nozero phase=partial_zero sampled_thread_ms=0.0152587890625 sampled_tiles=2 profile_wall_ms=0.432014465332
SOURCE_PROFILE graph=source_high_tail method=shared_b4_accurate_nozero phase=csr_prefetch sampled_thread_ms=0.037670135498 sampled_tiles=2 profile_wall_ms=0.432014465332
SOURCE_PROFILE graph=source_high_tail method=shared_b4_accurate_nozero phase=feature_gather_decode sampled_thread_ms=0.0331401824951 sampled_tiles=2 profile_wall_ms=0.432014465332
SOURCE_PROFILE graph=source_high_tail method=shared_b4_accurate_nozero phase=fp32_neighbor_reduction sampled_thread_ms=0.0483989715576 sampled_tiles=2 profile_wall_ms=0.432014465332
SOURCE_PROFILE graph=source_high_tail method=shared_b4_accurate_nozero phase=partial_bf16_conversion sampled_thread_ms=0.0245571136475 sampled_tiles=2 profile_wall_ms=0.432014465332
SOURCE_PROFILE graph=source_high_tail method=shared_b4_accurate_nozero phase=tile_load sampled_thread_ms=0.0455379486084 sampled_tiles=2 profile_wall_ms=0.432014465332
SOURCE_PROFILE graph=source_high_tail method=shared_b4_accurate_nozero phase=tile_compute sampled_thread_ms=0.0307559967041 sampled_tiles=2 profile_wall_ms=0.432014465332
SOURCE_PROFILE graph=source_high_tail method=shared_b4_accurate_nozero phase=tile_store sampled_thread_ms=0.00572204589844 sampled_tiles=2 profile_wall_ms=0.432014465332
SOURCE_PROFILE graph=source_high_tail method=shared_b4_accurate_nozero phase=output_scatter sampled_thread_ms=0 sampled_tiles=2 profile_wall_ms=0.432014465332
SOURCE_PROFILE graph=source_high_tail method=shared_b4_accurate_nozero phase=thread_amx_setup sampled_thread_ms=0 sampled_tiles=2 profile_wall_ms=0.432014465332
SOURCE_TIME graph=source_high_tail method=shared_b8_fast_nozero kind=kernel repeat=0 ms=0.0979900360107
SOURCE_TIME graph=source_high_tail method=shared_b8_fast_nozero kind=kernel repeat=1 ms=0.117063522339
SOURCE_TIME graph=source_high_tail method=shared_b8_fast_nozero kind=kernel repeat=2 ms=0.0989437103271
SOURCE_TIME graph=source_high_tail method=shared_b8_fast_nozero kind=kernel repeat=3 ms=0.093936920166
SOURCE_TIME graph=source_high_tail method=shared_b8_fast_nozero kind=kernel repeat=4 ms=0.104904174805
SOURCE_TIME graph=source_high_tail method=shared_b8_fast_nozero kind=e2e repeat=0 ms=0.201940536499
SOURCE_TIME graph=source_high_tail method=shared_b8_fast_nozero kind=e2e repeat=1 ms=0.205039978027
SOURCE_TIME graph=source_high_tail method=shared_b8_fast_nozero kind=e2e repeat=2 ms=0.20694732666
SOURCE_TIME graph=source_high_tail method=shared_b8_fast_nozero kind=e2e repeat=3 ms=0.209093093872
SOURCE_TIME graph=source_high_tail method=shared_b8_fast_nozero kind=e2e repeat=4 ms=0.200986862183
SOURCE_STAGE graph=source_high_tail method=shared_b8_fast_nozero repeat=0 layer1_ms=0.101089477539 relu_ms=0.00190734863281 conversion_ms=0.00190734863281 layer2_ms=0.100135803223 total_ms=0.205039978027
SOURCE_STAGE graph=source_high_tail method=shared_b8_fast_nozero repeat=1 layer1_ms=0.0970363616943 relu_ms=0.00190734863281 conversion_ms=0.00214576721191 layer2_ms=0.0989437103271 total_ms=0.200033187866
SOURCE_STAGE graph=source_high_tail method=shared_b8_fast_nozero repeat=2 layer1_ms=0.101089477539 relu_ms=0.00309944152832 conversion_ms=0.00190734863281 layer2_ms=0.0989437103271 total_ms=0.205039978027
SOURCE_PROFILE graph=source_high_tail method=shared_b8_fast_nozero phase=output_zero sampled_thread_ms=0 sampled_tiles=2 profile_wall_ms=0.301837921143
SOURCE_PROFILE graph=source_high_tail method=shared_b8_fast_nozero phase=row_schedule sampled_thread_ms=0 sampled_tiles=2 profile_wall_ms=0.301837921143
SOURCE_PROFILE graph=source_high_tail method=shared_b8_fast_nozero phase=partial_zero sampled_thread_ms=0.00214576721191 sampled_tiles=2 profile_wall_ms=0.301837921143
SOURCE_PROFILE graph=source_high_tail method=shared_b8_fast_nozero phase=csr_prefetch sampled_thread_ms=0.0290870666504 sampled_tiles=2 profile_wall_ms=0.301837921143
SOURCE_PROFILE graph=source_high_tail method=shared_b8_fast_nozero phase=feature_gather_decode sampled_thread_ms=0.0455379486084 sampled_tiles=2 profile_wall_ms=0.301837921143
SOURCE_PROFILE graph=source_high_tail method=shared_b8_fast_nozero phase=fp32_neighbor_reduction sampled_thread_ms=0.0379085540771 sampled_tiles=2 profile_wall_ms=0.301837921143
SOURCE_PROFILE graph=source_high_tail method=shared_b8_fast_nozero phase=partial_bf16_conversion sampled_thread_ms=0.00286102294922 sampled_tiles=2 profile_wall_ms=0.301837921143
SOURCE_PROFILE graph=source_high_tail method=shared_b8_fast_nozero phase=tile_load sampled_thread_ms=0.00715255737305 sampled_tiles=2 profile_wall_ms=0.301837921143
SOURCE_PROFILE graph=source_high_tail method=shared_b8_fast_nozero phase=tile_compute sampled_thread_ms=0.0200271606445 sampled_tiles=2 profile_wall_ms=0.301837921143
SOURCE_PROFILE graph=source_high_tail method=shared_b8_fast_nozero phase=tile_store sampled_thread_ms=0.00214576721191 sampled_tiles=2 profile_wall_ms=0.301837921143
SOURCE_PROFILE graph=source_high_tail method=shared_b8_fast_nozero phase=output_scatter sampled_thread_ms=0 sampled_tiles=2 profile_wall_ms=0.301837921143
SOURCE_PROFILE graph=source_high_tail method=shared_b8_fast_nozero phase=thread_amx_setup sampled_thread_ms=0.000953674316406 sampled_tiles=2 profile_wall_ms=0.301837921143
SOURCE_TIME graph=source_high_tail method=shared_b8_accurate_nozero kind=kernel repeat=0 ms=0.123023986816
SOURCE_TIME graph=source_high_tail method=shared_b8_accurate_nozero kind=kernel repeat=1 ms=0.125885009766
SOURCE_TIME graph=source_high_tail method=shared_b8_accurate_nozero kind=kernel repeat=2 ms=0.120878219604
SOURCE_TIME graph=source_high_tail method=shared_b8_accurate_nozero kind=kernel repeat=3 ms=0.124931335449
SOURCE_TIME graph=source_high_tail method=shared_b8_accurate_nozero kind=kernel repeat=4 ms=0.123023986816
SOURCE_TIME graph=source_high_tail method=shared_b8_accurate_nozero kind=e2e repeat=0 ms=0.247955322266
SOURCE_TIME graph=source_high_tail method=shared_b8_accurate_nozero kind=e2e repeat=1 ms=0.247001647949
SOURCE_TIME graph=source_high_tail method=shared_b8_accurate_nozero kind=e2e repeat=2 ms=0.256061553955
SOURCE_TIME graph=source_high_tail method=shared_b8_accurate_nozero kind=e2e repeat=3 ms=0.252962112427
SOURCE_TIME graph=source_high_tail method=shared_b8_accurate_nozero kind=e2e repeat=4 ms=0.251054763794
SOURCE_STAGE graph=source_high_tail method=shared_b8_accurate_nozero repeat=0 layer1_ms=0.123977661133 relu_ms=0.00309944152832 conversion_ms=0.00190734863281 layer2_ms=0.121116638184 total_ms=0.250101089478
SOURCE_STAGE graph=source_high_tail method=shared_b8_accurate_nozero repeat=1 layer1_ms=0.118970870972 relu_ms=0.00405311584473 conversion_ms=0.000953674316406 layer2_ms=0.127077102661 total_ms=0.251054763794
SOURCE_STAGE graph=source_high_tail method=shared_b8_accurate_nozero repeat=2 layer1_ms=0.124931335449 relu_ms=0.00214576721191 conversion_ms=0.00190734863281 layer2_ms=0.123023986816 total_ms=0.25200843811
SOURCE_PROFILE graph=source_high_tail method=shared_b8_accurate_nozero phase=output_zero sampled_thread_ms=0 sampled_tiles=2 profile_wall_ms=0.333070755005
SOURCE_PROFILE graph=source_high_tail method=shared_b8_accurate_nozero phase=row_schedule sampled_thread_ms=0 sampled_tiles=2 profile_wall_ms=0.333070755005
SOURCE_PROFILE graph=source_high_tail method=shared_b8_accurate_nozero phase=partial_zero sampled_thread_ms=0.00524520874023 sampled_tiles=2 profile_wall_ms=0.333070755005
SOURCE_PROFILE graph=source_high_tail method=shared_b8_accurate_nozero phase=csr_prefetch sampled_thread_ms=0.0355243682861 sampled_tiles=2 profile_wall_ms=0.333070755005
SOURCE_PROFILE graph=source_high_tail method=shared_b8_accurate_nozero phase=feature_gather_decode sampled_thread_ms=0.0419616699219 sampled_tiles=2 profile_wall_ms=0.333070755005
SOURCE_PROFILE graph=source_high_tail method=shared_b8_accurate_nozero phase=fp32_neighbor_reduction sampled_thread_ms=0.0395774841309 sampled_tiles=2 profile_wall_ms=0.333070755005
SOURCE_PROFILE graph=source_high_tail method=shared_b8_accurate_nozero phase=partial_bf16_conversion sampled_thread_ms=0.00524520874023 sampled_tiles=2 profile_wall_ms=0.333070755005
SOURCE_PROFILE graph=source_high_tail method=shared_b8_accurate_nozero phase=tile_load sampled_thread_ms=0.0228881835938 sampled_tiles=2 profile_wall_ms=0.333070755005
SOURCE_PROFILE graph=source_high_tail method=shared_b8_accurate_nozero phase=tile_compute sampled_thread_ms=0.0197887420654 sampled_tiles=2 profile_wall_ms=0.333070755005
SOURCE_PROFILE graph=source_high_tail method=shared_b8_accurate_nozero phase=tile_store sampled_thread_ms=0.000953674316406 sampled_tiles=2 profile_wall_ms=0.333070755005
SOURCE_PROFILE graph=source_high_tail method=shared_b8_accurate_nozero phase=output_scatter sampled_thread_ms=0 sampled_tiles=2 profile_wall_ms=0.333070755005
SOURCE_PROFILE graph=source_high_tail method=shared_b8_accurate_nozero phase=thread_amx_setup sampled_thread_ms=0 sampled_tiles=2 profile_wall_ms=0.333070755005
SOURCE_TIME graph=source_high_tail method=shared_b16_fast_nozero kind=kernel repeat=0 ms=0.0679492950439
SOURCE_TIME graph=source_high_tail method=shared_b16_fast_nozero kind=kernel repeat=1 ms=0.0698566436768
SOURCE_TIME graph=source_high_tail method=shared_b16_fast_nozero kind=kernel repeat=2 ms=0.0731945037842
SOURCE_TIME graph=source_high_tail method=shared_b16_fast_nozero kind=kernel repeat=3 ms=0.0650882720947
SOURCE_TIME graph=source_high_tail method=shared_b16_fast_nozero kind=kernel repeat=4 ms=0.0660419464111
SOURCE_TIME graph=source_high_tail method=shared_b16_fast_nozero kind=e2e repeat=0 ms=0.142097473145
SOURCE_TIME graph=source_high_tail method=shared_b16_fast_nozero kind=e2e repeat=1 ms=0.14591217041
SOURCE_TIME graph=source_high_tail method=shared_b16_fast_nozero kind=e2e repeat=2 ms=0.145196914673
SOURCE_TIME graph=source_high_tail method=shared_b16_fast_nozero kind=e2e repeat=3 ms=0.148057937622
SOURCE_TIME graph=source_high_tail method=shared_b16_fast_nozero kind=e2e repeat=4 ms=0.149965286255
SOURCE_STAGE graph=source_high_tail method=shared_b16_fast_nozero repeat=0 layer1_ms=0.0669956207275 relu_ms=0.00286102294922 conversion_ms=0.00214576721191 layer2_ms=0.0720024108887 total_ms=0.144004821777
SOURCE_STAGE graph=source_high_tail method=shared_b16_fast_nozero repeat=1 layer1_ms=0.0720024108887 relu_ms=0.00309944152832 conversion_ms=0.00190734863281 layer2_ms=0.0710487365723 total_ms=0.148057937622
SOURCE_STAGE graph=source_high_tail method=shared_b16_fast_nozero repeat=2 layer1_ms=0.0691413879395 relu_ms=0.00190734863281 conversion_ms=0.00309944152832 layer2_ms=0.0720024108887 total_ms=0.146150588989
SOURCE_PROFILE graph=source_high_tail method=shared_b16_fast_nozero phase=output_zero sampled_thread_ms=0 sampled_tiles=2 profile_wall_ms=0.264883041382
SOURCE_PROFILE graph=source_high_tail method=shared_b16_fast_nozero phase=row_schedule sampled_thread_ms=0 sampled_tiles=2 profile_wall_ms=0.264883041382
SOURCE_PROFILE graph=source_high_tail method=shared_b16_fast_nozero phase=partial_zero sampled_thread_ms=0.00214576721191 sampled_tiles=2 profile_wall_ms=0.264883041382
SOURCE_PROFILE graph=source_high_tail method=shared_b16_fast_nozero phase=csr_prefetch sampled_thread_ms=0.0290870666504 sampled_tiles=2 profile_wall_ms=0.264883041382
SOURCE_PROFILE graph=source_high_tail method=shared_b16_fast_nozero phase=feature_gather_decode sampled_thread_ms=0.037670135498 sampled_tiles=2 profile_wall_ms=0.264883041382
SOURCE_PROFILE graph=source_high_tail method=shared_b16_fast_nozero phase=fp32_neighbor_reduction sampled_thread_ms=0.0481605529785 sampled_tiles=2 profile_wall_ms=0.264883041382
SOURCE_PROFILE graph=source_high_tail method=shared_b16_fast_nozero phase=partial_bf16_conversion sampled_thread_ms=0.000953674316406 sampled_tiles=2 profile_wall_ms=0.264883041382
SOURCE_PROFILE graph=source_high_tail method=shared_b16_fast_nozero phase=tile_load sampled_thread_ms=0.00572204589844 sampled_tiles=2 profile_wall_ms=0.264883041382
SOURCE_PROFILE graph=source_high_tail method=shared_b16_fast_nozero phase=tile_compute sampled_thread_ms=0.00786781311035 sampled_tiles=2 profile_wall_ms=0.264883041382
SOURCE_PROFILE graph=source_high_tail method=shared_b16_fast_nozero phase=tile_store sampled_thread_ms=0.000953674316406 sampled_tiles=2 profile_wall_ms=0.264883041382
SOURCE_PROFILE graph=source_high_tail method=shared_b16_fast_nozero phase=output_scatter sampled_thread_ms=0 sampled_tiles=2 profile_wall_ms=0.264883041382
SOURCE_PROFILE graph=source_high_tail method=shared_b16_fast_nozero phase=thread_amx_setup sampled_thread_ms=0 sampled_tiles=2 profile_wall_ms=0.264883041382
SOURCE_TIME graph=source_high_tail method=shared_b16_accurate_nozero kind=kernel repeat=0 ms=0.0789165496826
SOURCE_TIME graph=source_high_tail method=shared_b16_accurate_nozero kind=kernel repeat=1 ms=0.0860691070557
SOURCE_TIME graph=source_high_tail method=shared_b16_accurate_nozero kind=kernel repeat=2 ms=0.0770092010498
SOURCE_TIME graph=source_high_tail method=shared_b16_accurate_nozero kind=kernel repeat=3 ms=0.0841617584229
SOURCE_TIME graph=source_high_tail method=shared_b16_accurate_nozero kind=kernel repeat=4 ms=0.0839233398438
SOURCE_TIME graph=source_high_tail method=shared_b16_accurate_nozero kind=e2e repeat=0 ms=0.190019607544
SOURCE_TIME graph=source_high_tail method=shared_b16_accurate_nozero kind=e2e repeat=1 ms=0.185012817383
SOURCE_TIME graph=source_high_tail method=shared_b16_accurate_nozero kind=e2e repeat=2 ms=0.169038772583
SOURCE_TIME graph=source_high_tail method=shared_b16_accurate_nozero kind=e2e repeat=3 ms=0.169992446899
SOURCE_TIME graph=source_high_tail method=shared_b16_accurate_nozero kind=e2e repeat=4 ms=0.169992446899
SOURCE_STAGE graph=source_high_tail method=shared_b16_accurate_nozero repeat=0 layer1_ms=0.149011611938 relu_ms=0.00309944152832 conversion_ms=0.00190734863281 layer2_ms=0.0829696655273 total_ms=0.236988067627
SOURCE_STAGE graph=source_high_tail method=shared_b16_accurate_nozero repeat=1 layer1_ms=0.0829696655273 relu_ms=0.00190734863281 conversion_ms=0.00309944152832 layer2_ms=0.0839233398438 total_ms=0.171899795532
SOURCE_STAGE graph=source_high_tail method=shared_b16_accurate_nozero repeat=2 layer1_ms=0.0791549682617 relu_ms=0.00286102294922 conversion_ms=0.00214576721191 layer2_ms=0.0789165496826 total_ms=0.163078308105
SOURCE_PROFILE graph=source_high_tail method=shared_b16_accurate_nozero phase=output_zero sampled_thread_ms=0 sampled_tiles=2 profile_wall_ms=0.28920173645
SOURCE_PROFILE graph=source_high_tail method=shared_b16_accurate_nozero phase=row_schedule sampled_thread_ms=0 sampled_tiles=2 profile_wall_ms=0.28920173645
SOURCE_PROFILE graph=source_high_tail method=shared_b16_accurate_nozero phase=partial_zero sampled_thread_ms=0.00119209289551 sampled_tiles=2 profile_wall_ms=0.28920173645
SOURCE_PROFILE graph=source_high_tail method=shared_b16_accurate_nozero phase=csr_prefetch sampled_thread_ms=0.0348091125488 sampled_tiles=2 profile_wall_ms=0.28920173645
SOURCE_PROFILE graph=source_high_tail method=shared_b16_accurate_nozero phase=feature_gather_decode sampled_thread_ms=0.0474452972412 sampled_tiles=2 profile_wall_ms=0.28920173645
SOURCE_PROFILE graph=source_high_tail method=shared_b16_accurate_nozero phase=fp32_neighbor_reduction sampled_thread_ms=0.0395774841309 sampled_tiles=2 profile_wall_ms=0.28920173645
SOURCE_PROFILE graph=source_high_tail method=shared_b16_accurate_nozero phase=partial_bf16_conversion sampled_thread_ms=0.00190734863281 sampled_tiles=2 profile_wall_ms=0.28920173645
SOURCE_PROFILE graph=source_high_tail method=shared_b16_accurate_nozero phase=tile_load sampled_thread_ms=0.0119209289551 sampled_tiles=2 profile_wall_ms=0.28920173645
SOURCE_PROFILE graph=source_high_tail method=shared_b16_accurate_nozero phase=tile_compute sampled_thread_ms=0.0109672546387 sampled_tiles=2 profile_wall_ms=0.28920173645
SOURCE_PROFILE graph=source_high_tail method=shared_b16_accurate_nozero phase=tile_store sampled_thread_ms=0 sampled_tiles=2 profile_wall_ms=0.28920173645
SOURCE_PROFILE graph=source_high_tail method=shared_b16_accurate_nozero phase=output_scatter sampled_thread_ms=0.000953674316406 sampled_tiles=2 profile_wall_ms=0.28920173645
SOURCE_PROFILE graph=source_high_tail method=shared_b16_accurate_nozero phase=thread_amx_setup sampled_thread_ms=0.00357627868652 sampled_tiles=2 profile_wall_ms=0.28920173645
SOURCE_TIME graph=source_high_tail method=shared_b32_fast_nozero kind=kernel repeat=0 ms=0.0541210174561
SOURCE_TIME graph=source_high_tail method=shared_b32_fast_nozero kind=kernel repeat=1 ms=0.0500679016113
SOURCE_TIME graph=source_high_tail method=shared_b32_fast_nozero kind=kernel repeat=2 ms=0.0500679016113
SOURCE_TIME graph=source_high_tail method=shared_b32_fast_nozero kind=kernel repeat=3 ms=0.0510215759277
SOURCE_TIME graph=source_high_tail method=shared_b32_fast_nozero kind=kernel repeat=4 ms=0.0500679016113
SOURCE_TIME graph=source_high_tail method=shared_b32_fast_nozero kind=e2e repeat=0 ms=0.11682510376
SOURCE_TIME graph=source_high_tail method=shared_b32_fast_nozero kind=e2e repeat=1 ms=0.114917755127
SOURCE_TIME graph=source_high_tail method=shared_b32_fast_nozero kind=e2e repeat=2 ms=0.111818313599
SOURCE_TIME graph=source_high_tail method=shared_b32_fast_nozero kind=e2e repeat=3 ms=0.118970870972
SOURCE_TIME graph=source_high_tail method=shared_b32_fast_nozero kind=e2e repeat=4 ms=0.116109848022
SOURCE_STAGE graph=source_high_tail method=shared_b32_fast_nozero repeat=0 layer1_ms=0.0550746917725 relu_ms=0.00286102294922 conversion_ms=0.00309944152832 layer2_ms=0.0529289245605 total_ms=0.113964080811
SOURCE_STAGE graph=source_high_tail method=shared_b32_fast_nozero repeat=1 layer1_ms=0.053882598877 relu_ms=0.00309944152832 conversion_ms=0.00190734863281 layer2_ms=0.0529289245605 total_ms=0.111818313599
SOURCE_STAGE graph=source_high_tail method=shared_b32_fast_nozero repeat=2 layer1_ms=0.0679492950439 relu_ms=0.00286102294922 conversion_ms=0.00309944152832 layer2_ms=0.0519752502441 total_ms=0.125885009766
SOURCE_PROFILE graph=source_high_tail method=shared_b32_fast_nozero phase=output_zero sampled_thread_ms=0 sampled_tiles=2 profile_wall_ms=0.250101089478
SOURCE_PROFILE graph=source_high_tail method=shared_b32_fast_nozero phase=row_schedule sampled_thread_ms=0 sampled_tiles=2 profile_wall_ms=0.250101089478
SOURCE_PROFILE graph=source_high_tail method=shared_b32_fast_nozero phase=partial_zero sampled_thread_ms=0 sampled_tiles=2 profile_wall_ms=0.250101089478
SOURCE_PROFILE graph=source_high_tail method=shared_b32_fast_nozero phase=csr_prefetch sampled_thread_ms=0.0348091125488 sampled_tiles=2 profile_wall_ms=0.250101089478
SOURCE_PROFILE graph=source_high_tail method=shared_b32_fast_nozero phase=feature_gather_decode sampled_thread_ms=0.0414848327637 sampled_tiles=2 profile_wall_ms=0.250101089478
SOURCE_PROFILE graph=source_high_tail method=shared_b32_fast_nozero phase=fp32_neighbor_reduction sampled_thread_ms=0.0319480895996 sampled_tiles=2 profile_wall_ms=0.250101089478
SOURCE_PROFILE graph=source_high_tail method=shared_b32_fast_nozero phase=partial_bf16_conversion sampled_thread_ms=0.000953674316406 sampled_tiles=2 profile_wall_ms=0.250101089478
SOURCE_PROFILE graph=source_high_tail method=shared_b32_fast_nozero phase=tile_load sampled_thread_ms=0.00596046447754 sampled_tiles=2 profile_wall_ms=0.250101089478
SOURCE_PROFILE graph=source_high_tail method=shared_b32_fast_nozero phase=tile_compute sampled_thread_ms=0.00524520874023 sampled_tiles=2 profile_wall_ms=0.250101089478
SOURCE_PROFILE graph=source_high_tail method=shared_b32_fast_nozero phase=tile_store sampled_thread_ms=0 sampled_tiles=2 profile_wall_ms=0.250101089478
SOURCE_PROFILE graph=source_high_tail method=shared_b32_fast_nozero phase=output_scatter sampled_thread_ms=0.000953674316406 sampled_tiles=2 profile_wall_ms=0.250101089478
SOURCE_PROFILE graph=source_high_tail method=shared_b32_fast_nozero phase=thread_amx_setup sampled_thread_ms=0.000953674316406 sampled_tiles=2 profile_wall_ms=0.250101089478
SOURCE_TIME graph=source_high_tail method=shared_b32_accurate_nozero kind=kernel repeat=0 ms=0.0569820404053
SOURCE_TIME graph=source_high_tail method=shared_b32_accurate_nozero kind=kernel repeat=1 ms=0.0629425048828
SOURCE_TIME graph=source_high_tail method=shared_b32_accurate_nozero kind=kernel repeat=2 ms=0.0598430633545
SOURCE_TIME graph=source_high_tail method=shared_b32_accurate_nozero kind=kernel repeat=3 ms=0.0638961791992
SOURCE_TIME graph=source_high_tail method=shared_b32_accurate_nozero kind=kernel repeat=4 ms=0.0600814819336
SOURCE_TIME graph=source_high_tail method=shared_b32_accurate_nozero kind=e2e repeat=0 ms=0.131130218506
SOURCE_TIME graph=source_high_tail method=shared_b32_accurate_nozero kind=e2e repeat=1 ms=0.130891799927
SOURCE_TIME graph=source_high_tail method=shared_b32_accurate_nozero kind=e2e repeat=2 ms=0.130176544189
SOURCE_TIME graph=source_high_tail method=shared_b32_accurate_nozero kind=e2e repeat=3 ms=0.134944915771
SOURCE_TIME graph=source_high_tail method=shared_b32_accurate_nozero kind=e2e repeat=4 ms=0.126123428345
SOURCE_STAGE graph=source_high_tail method=shared_b32_accurate_nozero repeat=0 layer1_ms=0.0641345977783 relu_ms=0.00190734863281 conversion_ms=0.00214576721191 layer2_ms=0.0607967376709 total_ms=0.128984451294
SOURCE_STAGE graph=source_high_tail method=shared_b32_accurate_nozero repeat=1 layer1_ms=0.0638961791992 relu_ms=0.00309944152832 conversion_ms=0.00190734863281 layer2_ms=0.06103515625 total_ms=0.12993812561
SOURCE_STAGE graph=source_high_tail method=shared_b32_accurate_nozero repeat=2 layer1_ms=0.0638961791992 relu_ms=0.00309944152832 conversion_ms=0.00190734863281 layer2_ms=0.06103515625 total_ms=0.12993812561
SOURCE_PROFILE graph=source_high_tail method=shared_b32_accurate_nozero phase=output_zero sampled_thread_ms=0 sampled_tiles=2 profile_wall_ms=0.267028808594
SOURCE_PROFILE graph=source_high_tail method=shared_b32_accurate_nozero phase=row_schedule sampled_thread_ms=0 sampled_tiles=2 profile_wall_ms=0.267028808594
SOURCE_PROFILE graph=source_high_tail method=shared_b32_accurate_nozero phase=partial_zero sampled_thread_ms=0.000953674316406 sampled_tiles=2 profile_wall_ms=0.267028808594
SOURCE_PROFILE graph=source_high_tail method=shared_b32_accurate_nozero phase=csr_prefetch sampled_thread_ms=0.0350475311279 sampled_tiles=2 profile_wall_ms=0.267028808594
SOURCE_PROFILE graph=source_high_tail method=shared_b32_accurate_nozero phase=feature_gather_decode sampled_thread_ms=0.0448226928711 sampled_tiles=2 profile_wall_ms=0.267028808594
SOURCE_PROFILE graph=source_high_tail method=shared_b32_accurate_nozero phase=fp32_neighbor_reduction sampled_thread_ms=0.0340938568115 sampled_tiles=2 profile_wall_ms=0.267028808594
SOURCE_PROFILE graph=source_high_tail method=shared_b32_accurate_nozero phase=partial_bf16_conversion sampled_thread_ms=0.00214576721191 sampled_tiles=2 profile_wall_ms=0.267028808594
SOURCE_PROFILE graph=source_high_tail method=shared_b32_accurate_nozero phase=tile_load sampled_thread_ms=0.00810623168945 sampled_tiles=2 profile_wall_ms=0.267028808594
SOURCE_PROFILE graph=source_high_tail method=shared_b32_accurate_nozero phase=tile_compute sampled_thread_ms=0.0112056732178 sampled_tiles=2 profile_wall_ms=0.267028808594
SOURCE_PROFILE graph=source_high_tail method=shared_b32_accurate_nozero phase=tile_store sampled_thread_ms=0.00190734863281 sampled_tiles=2 profile_wall_ms=0.267028808594
SOURCE_PROFILE graph=source_high_tail method=shared_b32_accurate_nozero phase=output_scatter sampled_thread_ms=0.00119209289551 sampled_tiles=2 profile_wall_ms=0.267028808594
SOURCE_PROFILE graph=source_high_tail method=shared_b32_accurate_nozero phase=thread_amx_setup sampled_thread_ms=0 sampled_tiles=2 profile_wall_ms=0.267028808594
SOURCE_TIME graph=source_high_tail method=shared_b64_fast_nozero kind=kernel repeat=0 ms=0.0441074371338
SOURCE_TIME graph=source_high_tail method=shared_b64_fast_nozero kind=kernel repeat=1 ms=0.0519752502441
SOURCE_TIME graph=source_high_tail method=shared_b64_fast_nozero kind=kernel repeat=2 ms=0.0450611114502
SOURCE_TIME graph=source_high_tail method=shared_b64_fast_nozero kind=kernel repeat=3 ms=0.0460147857666
SOURCE_TIME graph=source_high_tail method=shared_b64_fast_nozero kind=kernel repeat=4 ms=0.0498294830322
SOURCE_TIME graph=source_high_tail method=shared_b64_fast_nozero kind=e2e repeat=0 ms=0.101089477539
SOURCE_TIME graph=source_high_tail method=shared_b64_fast_nozero kind=e2e repeat=1 ms=0.102043151855
SOURCE_TIME graph=source_high_tail method=shared_b64_fast_nozero kind=e2e repeat=2 ms=0.103950500488
SOURCE_TIME graph=source_high_tail method=shared_b64_fast_nozero kind=e2e repeat=3 ms=0.103950500488
SOURCE_TIME graph=source_high_tail method=shared_b64_fast_nozero kind=e2e repeat=4 ms=0.0989437103271
SOURCE_STAGE graph=source_high_tail method=shared_b64_fast_nozero repeat=0 layer1_ms=0.0460147857666 relu_ms=0.00214576721191 conversion_ms=0.00286102294922 layer2_ms=0.0510215759277 total_ms=0.102043151855
SOURCE_STAGE graph=source_high_tail method=shared_b64_fast_nozero repeat=1 layer1_ms=0.046968460083 relu_ms=0.00214576721191 conversion_ms=0.00190734863281 layer2_ms=0.0529289245605 total_ms=0.103950500488
SOURCE_STAGE graph=source_high_tail method=shared_b64_fast_nozero repeat=2 layer1_ms=0.0450611114502 relu_ms=0.00190734863281 conversion_ms=0.00309944152832 layer2_ms=0.0457763671875 total_ms=0.0958442687988
SOURCE_PROFILE graph=source_high_tail method=shared_b64_fast_nozero phase=output_zero sampled_thread_ms=0 sampled_tiles=2 profile_wall_ms=0.241994857788
SOURCE_PROFILE graph=source_high_tail method=shared_b64_fast_nozero phase=row_schedule sampled_thread_ms=0.000953674316406 sampled_tiles=2 profile_wall_ms=0.241994857788
SOURCE_PROFILE graph=source_high_tail method=shared_b64_fast_nozero phase=partial_zero sampled_thread_ms=0 sampled_tiles=2 profile_wall_ms=0.241994857788
SOURCE_PROFILE graph=source_high_tail method=shared_b64_fast_nozero phase=csr_prefetch sampled_thread_ms=0.0364780426025 sampled_tiles=2 profile_wall_ms=0.241994857788
SOURCE_PROFILE graph=source_high_tail method=shared_b64_fast_nozero phase=feature_gather_decode sampled_thread_ms=0.0412464141846 sampled_tiles=2 profile_wall_ms=0.241994857788
SOURCE_PROFILE graph=source_high_tail method=shared_b64_fast_nozero phase=fp32_neighbor_reduction sampled_thread_ms=0.0393390655518 sampled_tiles=2 profile_wall_ms=0.241994857788
SOURCE_PROFILE graph=source_high_tail method=shared_b64_fast_nozero phase=partial_bf16_conversion sampled_thread_ms=0 sampled_tiles=2 profile_wall_ms=0.241994857788
SOURCE_PROFILE graph=source_high_tail method=shared_b64_fast_nozero phase=tile_load sampled_thread_ms=0.00309944152832 sampled_tiles=2 profile_wall_ms=0.241994857788
SOURCE_PROFILE graph=source_high_tail method=shared_b64_fast_nozero phase=tile_compute sampled_thread_ms=0.00286102294922 sampled_tiles=2 profile_wall_ms=0.241994857788
SOURCE_PROFILE graph=source_high_tail method=shared_b64_fast_nozero phase=tile_store sampled_thread_ms=0 sampled_tiles=2 profile_wall_ms=0.241994857788
SOURCE_PROFILE graph=source_high_tail method=shared_b64_fast_nozero phase=output_scatter sampled_thread_ms=0.00119209289551 sampled_tiles=2 profile_wall_ms=0.241994857788
SOURCE_PROFILE graph=source_high_tail method=shared_b64_fast_nozero phase=thread_amx_setup sampled_thread_ms=0 sampled_tiles=2 profile_wall_ms=0.241994857788
SOURCE_TIME graph=source_high_tail method=shared_b64_accurate_nozero kind=kernel repeat=0 ms=0.0500679016113
SOURCE_TIME graph=source_high_tail method=shared_b64_accurate_nozero kind=kernel repeat=1 ms=0.0457763671875
SOURCE_TIME graph=source_high_tail method=shared_b64_accurate_nozero kind=kernel repeat=2 ms=0.0531673431396
SOURCE_TIME graph=source_high_tail method=shared_b64_accurate_nozero kind=kernel repeat=3 ms=0.0519752502441
SOURCE_TIME graph=source_high_tail method=shared_b64_accurate_nozero kind=kernel repeat=4 ms=0.0510215759277
SOURCE_TIME graph=source_high_tail method=shared_b64_accurate_nozero kind=e2e repeat=0 ms=0.108957290649
SOURCE_TIME graph=source_high_tail method=shared_b64_accurate_nozero kind=e2e repeat=1 ms=0.113010406494
SOURCE_TIME graph=source_high_tail method=shared_b64_accurate_nozero kind=e2e repeat=2 ms=0.109910964966
SOURCE_TIME graph=source_high_tail method=shared_b64_accurate_nozero kind=e2e repeat=3 ms=0.105142593384
SOURCE_TIME graph=source_high_tail method=shared_b64_accurate_nozero kind=e2e repeat=4 ms=0.108003616333
SOURCE_STAGE graph=source_high_tail method=shared_b64_accurate_nozero repeat=0 layer1_ms=0.0491142272949 relu_ms=0.00309944152832 conversion_ms=0.00190734863281 layer2_ms=0.0519752502441 total_ms=0.1060962677
SOURCE_STAGE graph=source_high_tail method=shared_b64_accurate_nozero repeat=1 layer1_ms=0.0510215759277 relu_ms=0.00309944152832 conversion_ms=0.00190734863281 layer2_ms=0.0510215759277 total_ms=0.107049942017
SOURCE_STAGE graph=source_high_tail method=shared_b64_accurate_nozero repeat=2 layer1_ms=0.0498294830322 relu_ms=0.00309944152832 conversion_ms=0.000953674316406 layer2_ms=0.0641345977783 total_ms=0.118017196655
SOURCE_PROFILE graph=source_high_tail method=shared_b64_accurate_nozero phase=output_zero sampled_thread_ms=0 sampled_tiles=2 profile_wall_ms=0.256061553955
SOURCE_PROFILE graph=source_high_tail method=shared_b64_accurate_nozero phase=row_schedule sampled_thread_ms=0 sampled_tiles=2 profile_wall_ms=0.256061553955
SOURCE_PROFILE graph=source_high_tail method=shared_b64_accurate_nozero phase=partial_zero sampled_thread_ms=0.00190734863281 sampled_tiles=2 profile_wall_ms=0.256061553955
SOURCE_PROFILE graph=source_high_tail method=shared_b64_accurate_nozero phase=csr_prefetch sampled_thread_ms=0.0355243682861 sampled_tiles=2 profile_wall_ms=0.256061553955
SOURCE_PROFILE graph=source_high_tail method=shared_b64_accurate_nozero phase=feature_gather_decode sampled_thread_ms=0.0481605529785 sampled_tiles=2 profile_wall_ms=0.256061553955
SOURCE_PROFILE graph=source_high_tail method=shared_b64_accurate_nozero phase=fp32_neighbor_reduction sampled_thread_ms=0.0345706939697 sampled_tiles=2 profile_wall_ms=0.256061553955
SOURCE_PROFILE graph=source_high_tail method=shared_b64_accurate_nozero phase=partial_bf16_conversion sampled_thread_ms=0 sampled_tiles=2 profile_wall_ms=0.256061553955
SOURCE_PROFILE graph=source_high_tail method=shared_b64_accurate_nozero phase=tile_load sampled_thread_ms=0.00214576721191 sampled_tiles=2 profile_wall_ms=0.256061553955
SOURCE_PROFILE graph=source_high_tail method=shared_b64_accurate_nozero phase=tile_compute sampled_thread_ms=0.00953674316406 sampled_tiles=2 profile_wall_ms=0.256061553955
SOURCE_PROFILE graph=source_high_tail method=shared_b64_accurate_nozero phase=tile_store sampled_thread_ms=0 sampled_tiles=2 profile_wall_ms=0.256061553955
SOURCE_PROFILE graph=source_high_tail method=shared_b64_accurate_nozero phase=output_scatter sampled_thread_ms=0 sampled_tiles=2 profile_wall_ms=0.256061553955
SOURCE_PROFILE graph=source_high_tail method=shared_b64_accurate_nozero phase=thread_amx_setup sampled_thread_ms=0 sampled_tiles=2 profile_wall_ms=0.256061553955
SOURCE_TIME graph=source_high_tail method=shared_bfull_fast_nozero kind=kernel repeat=0 ms=0.046968460083
SOURCE_TIME graph=source_high_tail method=shared_bfull_fast_nozero kind=kernel repeat=1 ms=0.0548362731934
SOURCE_TIME graph=source_high_tail method=shared_bfull_fast_nozero kind=kernel repeat=2 ms=0.0450611114502
SOURCE_TIME graph=source_high_tail method=shared_bfull_fast_nozero kind=kernel repeat=3 ms=0.0560283660889
SOURCE_TIME graph=source_high_tail method=shared_bfull_fast_nozero kind=kernel repeat=4 ms=0.0431537628174
SOURCE_TIME graph=source_high_tail method=shared_bfull_fast_nozero kind=e2e repeat=0 ms=0.0929832458496
SOURCE_TIME graph=source_high_tail method=shared_bfull_fast_nozero kind=e2e repeat=1 ms=0.0941753387451
SOURCE_TIME graph=source_high_tail method=shared_bfull_fast_nozero kind=e2e repeat=2 ms=0.0948905944824
SOURCE_TIME graph=source_high_tail method=shared_bfull_fast_nozero kind=e2e repeat=3 ms=0.0910758972168
SOURCE_TIME graph=source_high_tail method=shared_bfull_fast_nozero kind=e2e repeat=4 ms=0.0920295715332
SOURCE_STAGE graph=source_high_tail method=shared_bfull_fast_nozero repeat=0 layer1_ms=0.0450611114502 relu_ms=0.00309944152832 conversion_ms=0.00190734863281 layer2_ms=0.0410079956055 total_ms=0.0910758972168
SOURCE_STAGE graph=source_high_tail method=shared_bfull_fast_nozero repeat=1 layer1_ms=0.0450611114502 relu_ms=0.00190734863281 conversion_ms=0.00309944152832 layer2_ms=0.0441074371338 total_ms=0.0941753387451
SOURCE_STAGE graph=source_high_tail method=shared_bfull_fast_nozero repeat=2 layer1_ms=0.0441074371338 relu_ms=0.00286102294922 conversion_ms=0.00190734863281 layer2_ms=0.0431537628174 total_ms=0.0920295715332
SOURCE_PROFILE graph=source_high_tail method=shared_bfull_fast_nozero phase=output_zero sampled_thread_ms=0 sampled_tiles=2 profile_wall_ms=0.236034393311
SOURCE_PROFILE graph=source_high_tail method=shared_bfull_fast_nozero phase=row_schedule sampled_thread_ms=0 sampled_tiles=2 profile_wall_ms=0.236034393311
SOURCE_PROFILE graph=source_high_tail method=shared_bfull_fast_nozero phase=partial_zero sampled_thread_ms=0 sampled_tiles=2 profile_wall_ms=0.236034393311
SOURCE_PROFILE graph=source_high_tail method=shared_bfull_fast_nozero phase=csr_prefetch sampled_thread_ms=0.035285949707 sampled_tiles=2 profile_wall_ms=0.236034393311
SOURCE_PROFILE graph=source_high_tail method=shared_bfull_fast_nozero phase=feature_gather_decode sampled_thread_ms=0.0412464141846 sampled_tiles=2 profile_wall_ms=0.236034393311
SOURCE_PROFILE graph=source_high_tail method=shared_bfull_fast_nozero phase=fp32_neighbor_reduction sampled_thread_ms=0.0336170196533 sampled_tiles=2 profile_wall_ms=0.236034393311
SOURCE_PROFILE graph=source_high_tail method=shared_bfull_fast_nozero phase=partial_bf16_conversion sampled_thread_ms=0.000953674316406 sampled_tiles=2 profile_wall_ms=0.236034393311
SOURCE_PROFILE graph=source_high_tail method=shared_bfull_fast_nozero phase=tile_load sampled_thread_ms=0.00190734863281 sampled_tiles=2 profile_wall_ms=0.236034393311
SOURCE_PROFILE graph=source_high_tail method=shared_bfull_fast_nozero phase=tile_compute sampled_thread_ms=0.00214576721191 sampled_tiles=2 profile_wall_ms=0.236034393311
SOURCE_PROFILE graph=source_high_tail method=shared_bfull_fast_nozero phase=tile_store sampled_thread_ms=0 sampled_tiles=2 profile_wall_ms=0.236034393311
SOURCE_PROFILE graph=source_high_tail method=shared_bfull_fast_nozero phase=output_scatter sampled_thread_ms=0 sampled_tiles=2 profile_wall_ms=0.236034393311
SOURCE_PROFILE graph=source_high_tail method=shared_bfull_fast_nozero phase=thread_amx_setup sampled_thread_ms=0 sampled_tiles=2 profile_wall_ms=0.236034393311
SOURCE_TIME graph=source_high_tail method=shared_bfull_accurate_nozero kind=kernel repeat=0 ms=0.0438690185547
SOURCE_TIME graph=source_high_tail method=shared_bfull_accurate_nozero kind=kernel repeat=1 ms=0.0479221343994
SOURCE_TIME graph=source_high_tail method=shared_bfull_accurate_nozero kind=kernel repeat=2 ms=0.0441074371338
SOURCE_TIME graph=source_high_tail method=shared_bfull_accurate_nozero kind=kernel repeat=3 ms=0.0429153442383
SOURCE_TIME graph=source_high_tail method=shared_bfull_accurate_nozero kind=kernel repeat=4 ms=0.0400543212891
SOURCE_TIME graph=source_high_tail method=shared_bfull_accurate_nozero kind=e2e repeat=0 ms=0.0989437103271
SOURCE_TIME graph=source_high_tail method=shared_bfull_accurate_nozero kind=e2e repeat=1 ms=0.0970363616943
SOURCE_TIME graph=source_high_tail method=shared_bfull_accurate_nozero kind=e2e repeat=2 ms=0.0951290130615
SOURCE_TIME graph=source_high_tail method=shared_bfull_accurate_nozero kind=e2e repeat=3 ms=0.0970363616943
SOURCE_TIME graph=source_high_tail method=shared_bfull_accurate_nozero kind=e2e repeat=4 ms=0.0979900360107
SOURCE_STAGE graph=source_high_tail method=shared_bfull_accurate_nozero repeat=0 layer1_ms=0.0441074371338 relu_ms=0.00190734863281 conversion_ms=0.00309944152832 layer2_ms=0.0460147857666 total_ms=0.0951290130615
SOURCE_STAGE graph=source_high_tail method=shared_bfull_accurate_nozero repeat=1 layer1_ms=0.0441074371338 relu_ms=0.00190734863281 conversion_ms=0.00309944152832 layer2_ms=0.0460147857666 total_ms=0.0951290130615
SOURCE_STAGE graph=source_high_tail method=shared_bfull_accurate_nozero repeat=2 layer1_ms=0.0441074371338 relu_ms=0.00190734863281 conversion_ms=0.00309944152832 layer2_ms=0.0448226928711 total_ms=0.093936920166
SOURCE_PROFILE graph=source_high_tail method=shared_bfull_accurate_nozero phase=output_zero sampled_thread_ms=0 sampled_tiles=2 profile_wall_ms=0.237941741943
SOURCE_PROFILE graph=source_high_tail method=shared_bfull_accurate_nozero phase=row_schedule sampled_thread_ms=0.000953674316406 sampled_tiles=2 profile_wall_ms=0.237941741943
SOURCE_PROFILE graph=source_high_tail method=shared_bfull_accurate_nozero phase=partial_zero sampled_thread_ms=0 sampled_tiles=2 profile_wall_ms=0.237941741943
SOURCE_PROFILE graph=source_high_tail method=shared_bfull_accurate_nozero phase=csr_prefetch sampled_thread_ms=0.0391006469727 sampled_tiles=2 profile_wall_ms=0.237941741943
SOURCE_PROFILE graph=source_high_tail method=shared_bfull_accurate_nozero phase=feature_gather_decode sampled_thread_ms=0.0450611114502 sampled_tiles=2 profile_wall_ms=0.237941741943
SOURCE_PROFILE graph=source_high_tail method=shared_bfull_accurate_nozero phase=fp32_neighbor_reduction sampled_thread_ms=0.0355243682861 sampled_tiles=2 profile_wall_ms=0.237941741943
SOURCE_PROFILE graph=source_high_tail method=shared_bfull_accurate_nozero phase=partial_bf16_conversion sampled_thread_ms=0 sampled_tiles=2 profile_wall_ms=0.237941741943
SOURCE_PROFILE graph=source_high_tail method=shared_bfull_accurate_nozero phase=tile_load sampled_thread_ms=0 sampled_tiles=2 profile_wall_ms=0.237941741943
SOURCE_PROFILE graph=source_high_tail method=shared_bfull_accurate_nozero phase=tile_compute sampled_thread_ms=0.00286102294922 sampled_tiles=2 profile_wall_ms=0.237941741943
SOURCE_PROFILE graph=source_high_tail method=shared_bfull_accurate_nozero phase=tile_store sampled_thread_ms=0 sampled_tiles=2 profile_wall_ms=0.237941741943
SOURCE_PROFILE graph=source_high_tail method=shared_bfull_accurate_nozero phase=output_scatter sampled_thread_ms=0.000953674316406 sampled_tiles=2 profile_wall_ms=0.237941741943
SOURCE_PROFILE graph=source_high_tail method=shared_bfull_accurate_nozero phase=thread_amx_setup sampled_thread_ms=0 sampled_tiles=2 profile_wall_ms=0.237941741943
SOURCE_COMPLETE graph=source_high_tail pass=1 max_rss_kib=39820
