ENV mkl=2023.0.2 processor=Intel(R) Advanced Vector Extensions 512 (Intel(R) AVX-512) with Intel(R) DL Boost, bfloat16 support, Intel(R) AMX with bfloat16 and 8-bit integer support, and FP16 instructions threads=1 source_input=/home/huangjianqiang_group/hdacp1/data/wzh/GAT/baseline/../data/arxiv.gatbin checkpoint=random_fixture_not_trained profile=0 vendor_amx_status=UNVERIFIED_UNTIL_DISPATCH_EVIDENCE
STATIC degree_sort_ms=16.4016 model_prepare_ms=0.512216 bytes=1182204 graph_policy=as_loaded_no_mutation
ERROR path=quantized_XW_fp32_accum layer=1 stage=Z finite=1 max_abs=0.004397161305 mean_abs=0.0004440201589 relative_l2=0.002401979464 rmse=0.0005591892437 p50=0.0003733336926 p90=0.0009151995182 p99=0.001468420029
ERROR path=quantized_XW_fp32_accum layer=1 stage=layer finite=1 max_abs=0.002939939499 mean_abs=0.0003106010392 relative_l2=0.001907852059 rmse=0.0003872947195 p50=0.0002663731575 p90=0.0006327629089 p99=0.0009826123714
ERROR path=standard_fp32 layer=1 stage=Z finite=1 max_abs=0 mean_abs=0 relative_l2=0 rmse=0 p50=0 p90=0 p99=0
ERROR path=standard_fp32 layer=1 stage=Z_accum_vs_quantized_fp32 finite=1 max_abs=0.004397161305 mean_abs=0.0004440201589 relative_l2=0.002401882652 rmse=0.0005591892437 p50=0.0003733336926 p90=0.0009151995182 p99=0.001468420029
ERROR path=standard_fp32 layer=1 stage=L finite=1 max_abs=2.980232239e-07 mean_abs=2.010391861e-08 relative_l2=1.233117815e-07 rmse=2.863334835e-08 p50=1.490116119e-08 p90=4.470348358e-08 p99=8.940696716e-08
ERROR path=standard_fp32 layer=1 stage=R finite=1 max_abs=2.980232239e-07 mean_abs=2.035797238e-08 relative_l2=1.32170024e-07 rmse=2.848922726e-08 p50=1.490116119e-08 p90=4.470348358e-08 p99=8.940696716e-08
ERROR path=standard_fp32 layer=1 stage=row_max finite=1 max_abs=3.576278687e-07 mean_abs=3.251954078e-08 relative_l2=1.150382554e-07 rmse=4.830562109e-08 p50=2.980232239e-08 p90=7.450580597e-08 p99=1.192092896e-07
ERROR path=standard_fp32 layer=1 stage=denominator finite=1 max_abs=0.001953125 mean_abs=7.71801976e-07 relative_l2=1.114021379e-07 rmse=4.782772777e-06 p50=1.192092896e-07 p90=1.907348633e-06 p99=7.629394531e-06
ERROR path=standard_fp32 layer=1 stage=layer finite=1 max_abs=1.847743988e-06 mean_abs=4.064765275e-08 relative_l2=2.986495818e-07 rmse=6.062598274e-08 p50=2.980232239e-08 p90=1.11758709e-07 p99=1.741573215e-07
{"path":"standard_fp32","mode":"correctness","layer":1,"rep":0,"N":169343,"E":2484941,"D":128,"K":8,"d":32,"threads":1,"profile":false,"precision":"FP32","projection_ms":80.129108,"lr_ms":17.457576,"max_prescan_ms":8.669701,"score_exp_aggregate_ms":370.741729,"normalize_ms":16.685617,"activation_ms":20.282246,"convert_ms":3.8e-05,"total_ms":513.967488,"workspace_bytes":411842176,"static_preprocess_ms":16.913802,"panel_R":64,"tile_rows":16,"score_exp_worker_ms":0,"gather_weight_convert_worker_ms":0,"tile_load_worker_ms":0,"amx_compute_worker_ms":0,"tile_store_worker_ms":0,"tile_config_worker_ms":0,"scheduling_worker_ms":0,"output_write_worker_ms":0,"neighbor_steps":0,"executed_fma":0,"padding_executed_flops":0}
ERROR path=standard_bf16 layer=1 stage=Z finite=1 max_abs=0.004397153854 mean_abs=0.0004440201568 relative_l2=0.002401979453 rmse=0.0005591892412 p50=0.0003733336926 p90=0.0009151995182 p99=0.001468420029
ERROR path=standard_bf16 layer=1 stage=Z_accum_vs_quantized_fp32 finite=1 max_abs=3.576278687e-07 mean_abs=1.112321824e-08 relative_l2=8.426099154e-08 rmse=1.961704503e-08 p50=3.725290298e-09 p90=2.980232239e-08 p99=5.960464478e-08
ERROR path=standard_bf16 layer=1 stage=L finite=1 max_abs=0.004310011864 mean_abs=0.0003968939288 relative_l2=0.002181547556 rmse=0.0005065615821 p50=0.0003253221512 p90=0.0008333846927 p99=0.00136590749
ERROR path=standard_bf16 layer=1 stage=R finite=1 max_abs=0.003252148628 mean_abs=0.0004147556488 relative_l2=0.002411475537 rmse=0.0005197931615 p50=0.0003513097763 p90=0.0008528828621 p99=0.001339584589
ERROR path=standard_bf16 layer=1 stage=row_max finite=1 max_abs=0.004197597504 mean_abs=0.0005541785753 relative_l2=0.001724760067 rmse=0.0007242426092 p50=0.0004413574934 p90=0.001207590103 p99=0.001977622509
ERROR path=standard_bf16 layer=1 stage=denominator finite=1 max_abs=6.580566406 mean_abs=0.004426261702 relative_l2=0.0005661660338 rmse=0.02430692574 p50=0.001393795013 p90=0.009547233582 p99=0.04104232788
ERROR path=standard_bf16 layer=1 stage=layer finite=1 max_abs=0.002940009348 mean_abs=0.0003106008243 relative_l2=0.001907846706 rmse=0.0003872936327 p50=0.0002663731575 p90=0.0006327629089 p99=0.0009825974703
{"path":"standard_bf16","mode":"correctness","layer":1,"rep":0,"N":169343,"E":2484941,"D":128,"K":8,"d":32,"threads":1,"profile":false,"precision":"BF16_RNE_FP32_state","projection_ms":55.490692,"lr_ms":17.267464,"max_prescan_ms":8.548597,"score_exp_aggregate_ms":370.695397,"normalize_ms":16.751605,"activation_ms":20.284043,"convert_ms":8.315859,"total_ms":497.354582,"workspace_bytes":411842176,"static_preprocess_ms":16.913802,"panel_R":64,"tile_rows":16,"score_exp_worker_ms":0,"gather_weight_convert_worker_ms":0,"tile_load_worker_ms":0,"amx_compute_worker_ms":0,"tile_store_worker_ms":0,"tile_config_worker_ms":0,"scheduling_worker_ms":0,"output_write_worker_ms":0,"neighbor_steps":0,"executed_fma":0,"padding_executed_flops":0}
ERROR path=tfs_bf16 layer=1 stage=L finite=1 max_abs=0.003415763378 mean_abs=0.0004515601766 relative_l2=0.002490270183 rmse=0.0005782478591 p50=0.0003677085042 p90=0.0009529273957 p99=0.001577533782
ERROR path=tfs_bf16 layer=1 stage=R finite=1 max_abs=0.003470361233 mean_abs=0.0003868311406 relative_l2=0.002263039333 rmse=0.0004877977618 p50=0.000324010849 p90=0.000799164176 p99=0.00128364563
ERROR path=tfs_bf16 layer=1 stage=row_max finite=1 max_abs=0.004490852356 mean_abs=0.0005082882722 relative_l2=0.001611804954 rmse=0.0006768117191 p50=0.0003887116909 p90=0.001123487949 p99=0.001962423325
ERROR path=tfs_bf16 layer=1 stage=denominator finite=1 max_abs=9.577148438 mean_abs=0.004390771996 relative_l2=0.0006321966554 rmse=0.0271417857 p50=0.001373291016 p90=0.00936126709 p99=0.04051971436
ERROR path=tfs_bf16 layer=1 stage=layer finite=1 max_abs=0.002868019394 mean_abs=0.0003248944866 relative_l2=0.002004384662 rmse=0.000406890876 p50=0.0002765245736 p90=0.0006642853841 p99=0.001050010324
{"path":"tfs_bf16","mode":"correctness","layer":1,"rep":0,"N":169343,"E":2484941,"D":128,"K":8,"d":32,"threads":1,"profile":false,"precision":"BF16_RNE_FP32_state","projection_ms":0,"lr_ms":6.759512,"max_prescan_ms":8.64102,"score_exp_aggregate_ms":1502.081619,"normalize_ms":16.699899,"activation_ms":20.282538,"convert_ms":8.283673,"total_ms":1562.749347,"workspace_bytes":249281088,"static_preprocess_ms":16.913802,"panel_R":64,"tile_rows":16,"score_exp_worker_ms":0,"gather_weight_convert_worker_ms":0,"tile_load_worker_ms":0,"amx_compute_worker_ms":0,"tile_store_worker_ms":0,"tile_config_worker_ms":0,"scheduling_worker_ms":0,"output_write_worker_ms":0,"neighbor_steps":0,"executed_fma":0,"padding_executed_flops":0}
ERROR path=matched_attention layer=1 stage=Z finite=1 max_abs=0.004397153854 mean_abs=0.0004440201568 relative_l2=0.002401979453 rmse=0.0005591892412 p50=0.0003733336926 p90=0.0009151995182 p99=0.001468420029
ERROR path=matched_attention layer=1 stage=Z_accum_vs_quantized_fp32 finite=1 max_abs=3.576278687e-07 mean_abs=1.112321824e-08 relative_l2=8.426099154e-08 rmse=1.961704503e-08 p50=3.725290298e-09 p90=2.980232239e-08 p99=5.960464478e-08
ERROR path=matched_attention layer=1 stage=L finite=1 max_abs=0.003415763378 mean_abs=0.0004515601766 relative_l2=0.002490270183 rmse=0.0005782478591 p50=0.0003677085042 p90=0.0009529273957 p99=0.001577533782
ERROR path=matched_attention layer=1 stage=R finite=1 max_abs=0.003470361233 mean_abs=0.0003868311406 relative_l2=0.002263039333 rmse=0.0004877977618 p50=0.000324010849 p90=0.000799164176 p99=0.00128364563
ERROR path=matched_attention layer=1 stage=row_max finite=1 max_abs=0.004490852356 mean_abs=0.0005082882722 relative_l2=0.001611804954 rmse=0.0006768117191 p50=0.0003887116909 p90=0.001123487949 p99=0.001962423325
ERROR path=matched_attention layer=1 stage=denominator finite=1 max_abs=9.577148438 mean_abs=0.004390771996 relative_l2=0.0006321966554 rmse=0.0271417857 p50=0.001373291016 p90=0.00936126709 p99=0.04051971436
ERROR path=matched_attention layer=1 stage=layer finite=1 max_abs=0.003004441969 mean_abs=0.0003105922969 relative_l2=0.001907574922 rmse=0.0003872384605 p50=0.0002663880587 p90=0.000632584095 p99=0.0009823143482
{"path":"matched_attention","mode":"correctness","layer":1,"rep":0,"N":169343,"E":2484941,"D":128,"K":8,"d":32,"threads":1,"profile":false,"precision":"BF16_RNE_FP32_state","projection_ms":53.581561,"lr_ms":6.616132,"max_prescan_ms":8.562157,"score_exp_aggregate_ms":373.266667,"normalize_ms":16.778749,"activation_ms":20.307064,"convert_ms":8.29991,"total_ms":487.41386,"workspace_bytes":422680128,"static_preprocess_ms":16.913802,"panel_R":64,"tile_rows":16,"score_exp_worker_ms":0,"gather_weight_convert_worker_ms":0,"tile_load_worker_ms":0,"amx_compute_worker_ms":0,"tile_store_worker_ms":0,"tile_config_worker_ms":0,"scheduling_worker_ms":0,"output_write_worker_ms":0,"neighbor_steps":0,"executed_fma":0,"padding_executed_flops":0}
ERROR path=attention_reorder_fp32 layer=1 stage=L finite=1 max_abs=7.748603821e-07 mean_abs=5.88957394e-08 relative_l2=3.368905497e-07 rmse=7.822694921e-08 p50=4.470348358e-08 p90=1.192092896e-07 p99=2.384185791e-07
ERROR path=attention_reorder_fp32 layer=1 stage=R finite=1 max_abs=8.344650269e-07 mean_abs=5.850137007e-08 relative_l2=3.643859284e-07 rmse=7.854332785e-08 p50=4.470348358e-08 p90=1.192092896e-07 p99=2.384185791e-07
ERROR path=quantized_XW_fp32_accum layer=2 stage=Z finite=1 max_abs=0.003118500113 mean_abs=0.000381828742 relative_l2=0.002236018541 rmse=0.0004795522244 p50=0.0003221333027 p90=0.0007863342762 p99=0.00124771893
ERROR path=quantized_XW_fp32_accum layer=2 stage=layer finite=1 max_abs=0.002412885427 mean_abs=0.0002682975354 relative_l2=0.001752174703 rmse=0.0003399333595 p50=0.0002248287201 p90=0.0005550459027 p99=0.000913888216
ERROR path=standard_fp32 layer=2 stage=Z finite=1 max_abs=0 mean_abs=0 relative_l2=0 rmse=0 p50=0 p90=0 p99=0
ERROR path=standard_fp32 layer=2 stage=Z_accum_vs_quantized_fp32 finite=1 max_abs=0.003118500113 mean_abs=0.000381828742 relative_l2=0.002235823793 rmse=0.0004795522244 p50=0.0003221333027 p90=0.0007863342762 p99=0.00124771893
ERROR path=standard_fp32 layer=2 stage=L finite=1 max_abs=1.937150955e-07 mean_abs=1.783749374e-08 relative_l2=1.166559928e-07 rmse=2.589014263e-08 p50=1.490116119e-08 p90=3.725290298e-08 p99=8.940696716e-08
ERROR path=standard_fp32 layer=2 stage=R finite=1 max_abs=2.384185791e-07 mean_abs=1.961623286e-08 relative_l2=9.436443855e-08 rmse=2.876262427e-08 p50=1.490116119e-08 p90=5.960464478e-08 p99=8.940696716e-08
ERROR path=standard_fp32 layer=2 stage=row_max finite=1 max_abs=3.576278687e-07 mean_abs=1.962698422e-08 relative_l2=9.09537756e-08 rmse=3.455942719e-08 p50=7.450580597e-09 p90=5.960464478e-08 p99=1.192092896e-07
ERROR path=standard_fp32 layer=2 stage=denominator finite=1 max_abs=0.001953125 mean_abs=7.915522204e-07 relative_l2=9.223074412e-08 rmse=5.774701832e-06 p50=1.192092896e-07 p90=1.907348633e-06 p99=7.629394531e-06
ERROR path=standard_fp32 layer=2 stage=layer finite=1 max_abs=1.847743988e-06 mean_abs=4.27134006e-08 relative_l2=3.232383274e-07 rmse=6.271035095e-08 p50=2.980232239e-08 p90=1.192092896e-07 p99=1.769512892e-07
{"path":"standard_fp32","mode":"correctness","layer":2,"rep":0,"N":169343,"E":2484941,"D":256,"K":8,"d":32,"threads":1,"profile":false,"precision":"FP32","projection_ms":157.560318,"lr_ms":17.568492,"max_prescan_ms":8.535143,"score_exp_aggregate_ms":372.592363,"normalize_ms":16.82193,"activation_ms":20.109199,"convert_ms":3.5e-05,"total_ms":593.189126,"workspace_bytes":455193984,"static_preprocess_ms":16.913802,"panel_R":64,"tile_rows":16,"score_exp_worker_ms":0,"gather_weight_convert_worker_ms":0,"tile_load_worker_ms":0,"amx_compute_worker_ms":0,"tile_store_worker_ms":0,"tile_config_worker_ms":0,"scheduling_worker_ms":0,"output_write_worker_ms":0,"neighbor_steps":0,"executed_fma":0,"padding_executed_flops":0}
ERROR path=standard_bf16 layer=2 stage=Z finite=1 max_abs=0.003118526191 mean_abs=0.0003818287404 relative_l2=0.002236018548 rmse=0.0004795522259 p50=0.0003221333027 p90=0.0007863342762 p99=0.001247724518
ERROR path=standard_bf16 layer=2 stage=Z_accum_vs_quantized_fp32 finite=1 max_abs=4.172325134e-07 mean_abs=1.599012575e-08 relative_l2=1.218701774e-07 rmse=2.613940993e-08 p50=1.11758709e-08 p90=2.980232239e-08 p99=8.940696716e-08
ERROR path=standard_bf16 layer=2 stage=L finite=1 max_abs=0.0028013587 mean_abs=0.000411503334 relative_l2=0.002289967538 rmse=0.0005082258077 p50=0.0003575980663 p90=0.0008309185505 p99=0.001256790012
ERROR path=standard_bf16 layer=2 stage=R finite=1 max_abs=0.002707958221 mean_abs=0.0003959271651 relative_l2=0.001622774006 rmse=0.0004946274225 p50=0.0003365278244 p90=0.0008135586977 p99=0.001260176301
ERROR path=standard_bf16 layer=2 stage=row_max finite=1 max_abs=0.00363779068 mean_abs=0.0003895629816 relative_l2=0.00144818841 rmse=0.000550263709 p50=0.000241369009 p90=0.000967245549 p99=0.001665178686
ERROR path=standard_bf16 layer=2 stage=denominator finite=1 max_abs=9.375488281 mean_abs=0.003037675218 relative_l2=0.0004255401099 rmse=0.02664368889 p50=0.0007333755493 p90=0.006189346313 p99=0.03096008301
ERROR path=standard_bf16 layer=2 stage=layer finite=1 max_abs=0.002412891015 mean_abs=0.0002682955829 relative_l2=0.001752170373 rmse=0.0003399325195 p50=0.0002248287201 p90=0.0005550477654 p99=0.0009138886817
{"path":"standard_bf16","mode":"correctness","layer":2,"rep":0,"N":169343,"E":2484941,"D":256,"K":8,"d":32,"threads":1,"profile":false,"precision":"BF16_RNE_FP32_state","projection_ms":61.534341,"lr_ms":17.309245,"max_prescan_ms":8.587072,"score_exp_aggregate_ms":370.722456,"normalize_ms":16.826474,"activation_ms":20.311258,"convert_ms":16.888665,"total_ms":512.180124,"workspace_bytes":455193984,"static_preprocess_ms":16.913802,"panel_R":64,"tile_rows":16,"score_exp_worker_ms":0,"gather_weight_convert_worker_ms":0,"tile_load_worker_ms":0,"amx_compute_worker_ms":0,"tile_store_worker_ms":0,"tile_config_worker_ms":0,"scheduling_worker_ms":0,"output_write_worker_ms":0,"neighbor_steps":0,"executed_fma":0,"padding_executed_flops":0}
ERROR path=tfs_bf16 layer=2 stage=L finite=1 max_abs=0.003159612417 mean_abs=0.0003746988619 relative_l2=0.002102241101 rmse=0.0004665625882 p50=0.0003209263086 p90=0.0007646083832 p99=0.00118342042
ERROR path=tfs_bf16 layer=2 stage=R finite=1 max_abs=0.002722918987 mean_abs=0.00044175285 relative_l2=0.001792345907 rmse=0.0005463135548 p50=0.0003827214241 p90=0.0008964538574 p99=0.001349076629
ERROR path=tfs_bf16 layer=2 stage=row_max finite=1 max_abs=0.003517508507 mean_abs=0.0004049307546 relative_l2=0.001564538473 rmse=0.0005944728855 p50=0.0002081096172 p90=0.001066818833 p99=0.001763194799
ERROR path=tfs_bf16 layer=2 stage=denominator finite=1 max_abs=10.04394531 mean_abs=0.002909039804 relative_l2=0.0003615864603 rmse=0.02263945732 p50=0.0007264614105 p90=0.006061553955 p99=0.02935028076
ERROR path=tfs_bf16 layer=2 stage=layer finite=1 max_abs=0.002605968155 mean_abs=0.00028180821 relative_l2=0.001843001839 rmse=0.0003575544184 p50=0.0002348672133 p90=0.0005835611373 p99=0.0009688287973
{"path":"tfs_bf16","mode":"correctness","layer":2,"rep":0,"N":169343,"E":2484941,"D":256,"K":8,"d":32,"threads":1,"profile":false,"precision":"BF16_RNE_FP32_state","projection_ms":0,"lr_ms":10.303832,"max_prescan_ms":8.693299,"score_exp_aggregate_ms":2431.949882,"normalize_ms":16.904369,"activation_ms":20.328763,"convert_ms":16.872442,"total_ms":2505.053625,"workspace_bytes":292636992,"static_preprocess_ms":16.913802,"panel_R":64,"tile_rows":16,"score_exp_worker_ms":0,"gather_weight_convert_worker_ms":0,"tile_load_worker_ms":0,"amx_compute_worker_ms":0,"tile_store_worker_ms":0,"tile_config_worker_ms":0,"scheduling_worker_ms":0,"output_write_worker_ms":0,"neighbor_steps":0,"executed_fma":0,"padding_executed_flops":0}
ERROR path=matched_attention layer=2 stage=Z finite=1 max_abs=0.003118526191 mean_abs=0.0003818287404 relative_l2=0.002236018548 rmse=0.0004795522259 p50=0.0003221333027 p90=0.0007863342762 p99=0.001247724518
ERROR path=matched_attention layer=2 stage=Z_accum_vs_quantized_fp32 finite=1 max_abs=4.172325134e-07 mean_abs=1.599012575e-08 relative_l2=1.218701774e-07 rmse=2.613940993e-08 p50=1.11758709e-08 p90=2.980232239e-08 p99=8.940696716e-08
ERROR path=matched_attention layer=2 stage=L finite=1 max_abs=0.003159612417 mean_abs=0.0003746988619 relative_l2=0.002102241101 rmse=0.0004665625882 p50=0.0003209263086 p90=0.0007646083832 p99=0.00118342042
ERROR path=matched_attention layer=2 stage=R finite=1 max_abs=0.002722918987 mean_abs=0.00044175285 relative_l2=0.001792345907 rmse=0.0005463135548 p50=0.0003827214241 p90=0.0008964538574 p99=0.001349076629
ERROR path=matched_attention layer=2 stage=row_max finite=1 max_abs=0.003517508507 mean_abs=0.0004049307546 relative_l2=0.001564538473 rmse=0.0005944728855 p50=0.0002081096172 p90=0.001066818833 p99=0.001763194799
ERROR path=matched_attention layer=2 stage=denominator finite=1 max_abs=10.04394531 mean_abs=0.002909039804 relative_l2=0.0003615864603 rmse=0.02263945732 p50=0.0007264614105 p90=0.006061553955 p99=0.02935028076
ERROR path=matched_attention layer=2 stage=layer finite=1 max_abs=0.002411033958 mean_abs=0.0002682735003 relative_l2=0.001752019354 rmse=0.0003399032209 p50=0.0002247840166 p90=0.0005550384521 p99=0.0009137578309
{"path":"matched_attention","mode":"correctness","layer":2,"rep":0,"N":169343,"E":2484941,"D":256,"K":8,"d":32,"threads":1,"profile":false,"precision":"BF16_RNE_FP32_state","projection_ms":59.68209,"lr_ms":10.357236,"max_prescan_ms":8.606976,"score_exp_aggregate_ms":372.217383,"normalize_ms":16.884414,"activation_ms":20.297273,"convert_ms":16.775376,"total_ms":504.821734,"workspace_bytes":466031936,"static_preprocess_ms":16.913802,"panel_R":64,"tile_rows":16,"score_exp_worker_ms":0,"gather_weight_convert_worker_ms":0,"tile_load_worker_ms":0,"amx_compute_worker_ms":0,"tile_store_worker_ms":0,"tile_config_worker_ms":0,"scheduling_worker_ms":0,"output_write_worker_ms":0,"neighbor_steps":0,"executed_fma":0,"padding_executed_flops":0}
ERROR path=attention_reorder_fp32 layer=2 stage=L finite=1 max_abs=7.152557373e-07 mean_abs=6.999769839e-08 relative_l2=4.136516252e-07 rmse=9.180410979e-08 p50=5.960464478e-08 p90=1.490116119e-07 p99=2.682209015e-07
ERROR path=attention_reorder_fp32 layer=2 stage=R finite=1 max_abs=1.132488251e-06 mean_abs=8.566800463e-08 relative_l2=3.73168422e-07 rmse=1.13743093e-07 p50=5.960464478e-08 p90=1.788139343e-07 p99=3.576278687e-07
ERROR path=quantized_XW_fp32_accum layer=3 stage=Z finite=1 max_abs=0.002392560244 mean_abs=0.0003457430946 relative_l2=0.002106141982 rmse=0.0004354940437 p50=0.0002892315388 p90=0.0007192194462 p99=0.001134067774
ERROR path=quantized_XW_fp32_accum layer=3 stage=layer finite=1 max_abs=0.001916974783 mean_abs=0.0002515818979 relative_l2=0.001560805682 rmse=0.0003214364345 p50=0.0002025067806 p90=0.0005512163043 p99=0.000815808773
ERROR path=standard_fp32 layer=3 stage=Z finite=1 max_abs=0 mean_abs=0 relative_l2=0 rmse=0 p50=0 p90=0 p99=0
ERROR path=standard_fp32 layer=3 stage=Z_accum_vs_quantized_fp32 finite=1 max_abs=0.002392560244 mean_abs=0.0003457430946 relative_l2=0.002107077421 rmse=0.0004354940437 p50=0.0002892315388 p90=0.0007192194462 p99=0.001134067774
ERROR path=standard_fp32 layer=3 stage=L finite=1 max_abs=1.192092896e-07 mean_abs=1.408757784e-08 relative_l2=3.75737632e-07 rmse=1.794344383e-08 p50=1.11758709e-08 p90=2.980232239e-08 p99=4.842877388e-08
ERROR path=standard_fp32 layer=3 stage=R finite=1 max_abs=1.490116119e-07 mean_abs=2.098090588e-08 relative_l2=1.138276628e-07 rmse=2.858084437e-08 p50=1.490116119e-08 p90=4.470348358e-08 p99=8.940696716e-08
ERROR path=standard_fp32 layer=3 stage=row_max finite=1 max_abs=1.341104507e-07 mean_abs=4.937408163e-09 relative_l2=1.565257334e-07 rmse=6.650155431e-09 p50=3.725290298e-09 p90=1.11758709e-08 p99=1.862645149e-08
ERROR path=standard_fp32 layer=3 stage=denominator finite=1 max_abs=0.0009765625 mean_abs=7.584614757e-07 relative_l2=8.065304871e-08 rmse=5.541854351e-06 p50=1.192092896e-07 p90=1.907348633e-06 p99=7.629394531e-06
ERROR path=standard_fp32 layer=3 stage=layer finite=1 max_abs=1.609325409e-06 mean_abs=1.186492488e-08 relative_l2=1.050240564e-07 rmse=2.162893088e-08 p50=7.450580597e-09 p90=2.980232239e-08 p99=7.450580597e-08
{"path":"standard_fp32","mode":"correctness","layer":3,"rep":0,"N":169343,"E":2484941,"D":256,"K":1,"d":40,"threads":1,"profile":false,"precision":"FP32","projection_ms":31.311936,"lr_ms":3.361843,"max_prescan_ms":5.554078,"score_exp_aggregate_ms":81.160427,"normalize_ms":2.750912,"activation_ms":3.8e-05,"convert_ms":2.7e-05,"total_ms":124.14005,"workspace_bytes":143602864,"static_preprocess_ms":16.913802,"panel_R":64,"tile_rows":16,"score_exp_worker_ms":0,"gather_weight_convert_worker_ms":0,"tile_load_worker_ms":0,"amx_compute_worker_ms":0,"tile_store_worker_ms":0,"tile_config_worker_ms":0,"scheduling_worker_ms":0,"output_write_worker_ms":0,"neighbor_steps":0,"executed_fma":0,"padding_executed_flops":0}
ERROR path=standard_bf16 layer=3 stage=Z finite=1 max_abs=0.002392590046 mean_abs=0.0003457430924 relative_l2=0.002106141925 rmse=0.0004354940319 p50=0.0002892315388 p90=0.0007192194462 p99=0.001134069636
ERROR path=standard_bf16 layer=3 stage=Z_accum_vs_quantized_fp32 finite=1 max_abs=2.980232239e-07 mean_abs=1.342572853e-08 relative_l2=1.070368692e-07 rmse=2.212254687e-08 p50=7.450580597e-09 p90=2.980232239e-08 p99=5.960464478e-08
ERROR path=standard_bf16 layer=3 stage=L finite=1 max_abs=0.001947741956 mean_abs=0.0004341633596 relative_l2=0.01090776852 rmse=0.0005209031914 p50=0.0003988426179 p90=0.0008326657116 p99=0.001195214689
ERROR path=standard_bf16 layer=3 stage=R finite=1 max_abs=0.001689553261 mean_abs=0.0003842431254 relative_l2=0.001840568957 rmse=0.0004621461393 p50=0.0003509521484 p90=0.0007402598858 p99=0.001073569059
ERROR path=standard_bf16 layer=3 stage=row_max finite=1 max_abs=0.001341983676 mean_abs=7.382041754e-05 relative_l2=0.002200824921 rmse=9.350429148e-05 p50=6.195530295e-05 p90=0.0001519545913 p99=0.0002415031195
ERROR path=standard_bf16 layer=3 stage=denominator finite=1 max_abs=0.884765625 mean_abs=0.0006813729083 relative_l2=5.52606678e-05 rmse=0.003797086126 p50=0.000244140625 p90=0.001441955566 p99=0.005912780762
ERROR path=standard_bf16 layer=3 stage=layer finite=1 max_abs=0.001916944981 mean_abs=0.0002515818871 relative_l2=0.001560805604 rmse=0.0003214364184 p50=0.0002025067806 p90=0.0005512163043 p99=0.000815808773
{"path":"standard_bf16","mode":"correctness","layer":3,"rep":0,"N":169343,"E":2484941,"D":256,"K":1,"d":40,"threads":1,"profile":false,"precision":"BF16_RNE_FP32_state","projection_ms":13.227484,"lr_ms":3.480093,"max_prescan_ms":5.60113,"score_exp_aggregate_ms":81.508045,"normalize_ms":2.72375,"activation_ms":2.6e-05,"convert_ms":16.36981,"total_ms":122.911399,"workspace_bytes":143602864,"static_preprocess_ms":16.913802,"panel_R":64,"tile_rows":16,"score_exp_worker_ms":0,"gather_weight_convert_worker_ms":0,"tile_load_worker_ms":0,"amx_compute_worker_ms":0,"tile_store_worker_ms":0,"tile_config_worker_ms":0,"scheduling_worker_ms":0,"output_write_worker_ms":0,"neighbor_steps":0,"executed_fma":0,"padding_executed_flops":0}
ERROR path=tfs_bf16 layer=3 stage=L finite=1 max_abs=0.001905253157 mean_abs=0.0004158638949 relative_l2=0.01049471334 rmse=0.0005011776391 p50=0.0003781244159 p90=0.0008059889078 p99=0.001158244908
ERROR path=tfs_bf16 layer=3 stage=R finite=1 max_abs=0.001693353057 mean_abs=0.0002922100853 relative_l2=0.001454991946 rmse=0.0003653320935 p50=0.0002488493919 p90=0.0006004273891 p99=0.0009344518185
ERROR path=tfs_bf16 layer=3 stage=row_max finite=1 max_abs=0.002221293747 mean_abs=0.0001208940448 relative_l2=0.003439951276 rmse=0.0001461498385 p50=0.0001110769808 p90=0.000229537487 p99=0.0003321766853
ERROR path=tfs_bf16 layer=3 stage=denominator finite=1 max_abs=1.42578125 mean_abs=0.0006930919291 relative_l2=7.369060008e-05 rmse=0.005063448675 p50=0.0002446174622 p90=0.001445770264 p99=0.005962371826
ERROR path=tfs_bf16 layer=3 stage=layer finite=1 max_abs=0.002296715975 mean_abs=0.0002665790072 relative_l2=0.001648329743 rmse=0.0003394613703 p50=0.0002173110843 p90=0.0005711317062 p99=0.0008806139231
{"path":"tfs_bf16","mode":"correctness","layer":3,"rep":0,"N":169343,"E":2484941,"D":256,"K":1,"d":40,"threads":1,"profile":false,"precision":"BF16_RNE_FP32_state","projection_ms":0,"lr_ms":8.168879,"max_prescan_ms":5.445998,"score_exp_aggregate_ms":324.632242,"normalize_ms":2.753493,"activation_ms":2.7e-05,"convert_ms":16.363416,"total_ms":357.365058,"workspace_bytes":117875016,"static_preprocess_ms":16.913802,"panel_R":64,"tile_rows":16,"score_exp_worker_ms":0,"gather_weight_convert_worker_ms":0,"tile_load_worker_ms":0,"amx_compute_worker_ms":0,"tile_store_worker_ms":0,"tile_config_worker_ms":0,"scheduling_worker_ms":0,"output_write_worker_ms":0,"neighbor_steps":0,"executed_fma":0,"padding_executed_flops":0}
ERROR path=matched_attention layer=3 stage=Z finite=1 max_abs=0.002392590046 mean_abs=0.0003457430924 relative_l2=0.002106141925 rmse=0.0004354940319 p50=0.0002892315388 p90=0.0007192194462 p99=0.001134069636
ERROR path=matched_attention layer=3 stage=Z_accum_vs_quantized_fp32 finite=1 max_abs=2.980232239e-07 mean_abs=1.342572853e-08 relative_l2=1.070368692e-07 rmse=2.212254687e-08 p50=7.450580597e-09 p90=2.980232239e-08 p99=5.960464478e-08
ERROR path=matched_attention layer=3 stage=L finite=1 max_abs=0.001905253157 mean_abs=0.0004158638949 relative_l2=0.01049471334 rmse=0.0005011776391 p50=0.0003781244159 p90=0.0008059889078 p99=0.001158244908
ERROR path=matched_attention layer=3 stage=R finite=1 max_abs=0.001693353057 mean_abs=0.0002922100853 relative_l2=0.001454991946 rmse=0.0003653320935 p50=0.0002488493919 p90=0.0006004273891 p99=0.0009344518185
ERROR path=matched_attention layer=3 stage=row_max finite=1 max_abs=0.002221293747 mean_abs=0.0001208940448 relative_l2=0.003439951276 rmse=0.0001461498385 p50=0.0001110769808 p90=0.000229537487 p99=0.0003321766853
ERROR path=matched_attention layer=3 stage=denominator finite=1 max_abs=1.42578125 mean_abs=0.0006930919291 relative_l2=7.369060008e-05 rmse=0.005063448675 p50=0.0002446174622 p90=0.001445770264 p99=0.005962371826
ERROR path=matched_attention layer=3 stage=layer finite=1 max_abs=0.001916974783 mean_abs=0.0002515841322 relative_l2=0.001560822296 rmse=0.0003214398562 p50=0.0002025067806 p90=0.0005512237549 p99=0.0008158162236
{"path":"matched_attention","mode":"correctness","layer":3,"rep":0,"N":169343,"E":2484941,"D":256,"K":1,"d":40,"threads":1,"profile":false,"precision":"BF16_RNE_FP32_state","projection_ms":12.52703,"lr_ms":7.715486,"max_prescan_ms":5.452098,"score_exp_aggregate_ms":82.156754,"normalize_ms":2.672829,"activation_ms":1.9e-05,"convert_ms":16.389191,"total_ms":126.914392,"workspace_bytes":144957608,"static_preprocess_ms":16.913802,"panel_R":64,"tile_rows":16,"score_exp_worker_ms":0,"gather_weight_convert_worker_ms":0,"tile_load_worker_ms":0,"amx_compute_worker_ms":0,"tile_store_worker_ms":0,"tile_config_worker_ms":0,"scheduling_worker_ms":0,"output_write_worker_ms":0,"neighbor_steps":0,"executed_fma":0,"padding_executed_flops":0}
ERROR path=attention_reorder_fp32 layer=3 stage=L finite=1 max_abs=4.284083843e-07 mean_abs=6.07443933e-08 relative_l2=1.600577621e-06 rmse=7.643598135e-08 p50=5.215406418e-08 p90=1.266598701e-07 p99=1.996522769e-07
ERROR path=attention_reorder_fp32 layer=3 stage=R finite=1 max_abs=5.066394806e-07 mean_abs=6.996444937e-08 relative_l2=3.539137337e-07 rmse=8.886375327e-08 p50=5.960464478e-08 p90=1.490116119e-07 p99=2.384185791e-07
ERROR path=standard_fp32 layer=3 stage=model_path_specific_chain finite=1 max_abs=1.609325409e-06 mean_abs=5.22807096e-08 relative_l2=3.321897722e-07 rmse=6.841203695e-08 p50=4.470348358e-08 p90=1.192092896e-07 p99=1.937150955e-07
ERROR path=standard_bf16 layer=3 stage=model_path_specific_chain finite=1 max_abs=0.003334864974 mean_abs=0.0004973200768 relative_l2=0.003105356883 rmse=0.0006395253785 p50=0.0003996193409 p90=0.001010805368 p99=0.001940494403
ERROR path=tfs_bf16 layer=3 stage=model_path_specific_chain finite=1 max_abs=0.003769811243 mean_abs=0.0005079099889 relative_l2=0.003176968491 rmse=0.0006542732616 p50=0.0004122667015 p90=0.001029998064 p99=0.001962549984
ERROR path=matched_attention layer=3 stage=model_path_specific_chain finite=1 max_abs=0.003292255104 mean_abs=0.0004972907613 relative_l2=0.00310452758 rmse=0.0006393545896 p50=0.0003995746374 p90=0.001010484993 p99=0.001943960786
CORRECTNESS finite=1 accuracy_gate=UNCONFIGURED_NOT_ACCEPTED task_metric=UNAVAILABLE
