ENV mkl=2023.0.2 processor=Intel(R) Advanced Vector Extensions 512 (Intel(R) AVX-512) with Intel(R) DL Boost, bfloat16 support, Intel(R) AMX with bfloat16 and 8-bit integer support, and FP16 instructions threads=1 source_input=/home/huangjianqiang_group/hdacp1/data/wzh/GAT/baseline/../data/arxiv.gatbin checkpoint=/home/huangjianqiang_group/hdacp1/data/wzh/GAT/baseline/runs/arxiv-10808152/arxiv.weights profile=0 vendor_amx_status=UNVERIFIED_UNTIL_DISPATCH_EVIDENCE
STATIC degree_sort_ms=0 model_prepare_ms=0.486033 bytes=504832 graph_policy=as_loaded_no_mutation
MKL_VERBOSE oneMKL 2023.0 Update 2 Product build 20230613 for Intel(R) 64 architecture Intel(R) Advanced Vector Extensions 512 (Intel(R) AVX-512) with Intel(R) DL Boost, bfloat16 support, Intel(R) AMX with bfloat16 and 8-bit integer support, and FP16 instructions, Lnx 3.50GHz lp64 intel_thread
MKL_VERBOSE SGEMM(N,N,256,169343,128,0x7ffd487329b8,0x148401caf010,256,0x1483e5856010,128,0x7ffd487329c0,0x1483cf8ea010,256) 93.42ms CNR:OFF Dyn:0 FastMM:1 TID:0  NThr:1
MKL_VERBOSE SGEMM(N,N,256,169343,256,0x7ffd487329b8,0x1483eab27010,256,0x1483db2f6010,256,0x7ffd487329c0,0x1483c6836010,256) 158.03ms CNR:OFF Dyn:0 FastMM:1 TID:0  NThr:1
MICRO name=convert_rne layer=3 median_ms=16.2102 p95_ms=16.4687
MKL_VERBOSE GEMM_BF16BF16F32(N,N,40,169343,256,0x7ffd48732a18,0x13d6660,40,0x1483e3e7f010,256,0x7ffd48732a20,0x1483e24a8010,40) 13.09ms CNR:OFF Dyn:0 FastMM:1 TID:0  NThr:1
MKL_VERBOSE GEMM_BF16BF16F32(N,N,40,169343,256,0x7ffd48732a18,0x13d6660,40,0x1483e3e7f010,256,0x7ffd48732a20,0x1483e24a8010,40) 12.66ms CNR:OFF Dyn:0 FastMM:1 TID:0  NThr:1
MKL_VERBOSE GEMM_BF16BF16F32(N,N,40,169343,256,0x7ffd48732a18,0x13d6660,40,0x1483e3e7f010,256,0x7ffd48732a20,0x1483e24a8010,40) 12.57ms CNR:OFF Dyn:0 FastMM:1 TID:0  NThr:1
MKL_VERBOSE GEMM_BF16BF16F32(N,N,40,169343,256,0x7ffd48732a18,0x13d6660,40,0x1483e3e7f010,256,0x7ffd48732a20,0x1483e24a8010,40) 12.46ms CNR:OFF Dyn:0 FastMM:1 TID:0  NThr:1
MKL_VERBOSE GEMM_BF16BF16F32(N,N,40,169343,256,0x7ffd48732a18,0x13d6660,40,0x1483e3e7f010,256,0x7ffd48732a20,0x1483e24a8010,40) 12.68ms CNR:OFF Dyn:0 FastMM:1 TID:0  NThr:1
MKL_VERBOSE GEMM_BF16BF16F32(N,N,40,169343,256,0x7ffd48732a18,0x13d6660,40,0x1483e3e7f010,256,0x7ffd48732a20,0x1483e24a8010,40) 12.55ms CNR:OFF Dyn:0 FastMM:1 TID:0  NThr:1
MKL_VERBOSE GEMM_BF16BF16F32(N,N,40,169343,256,0x7ffd48732a18,0x13d6660,40,0x1483e3e7f010,256,0x7ffd48732a20,0x1483e24a8010,40) 12.48ms CNR:OFF Dyn:0 FastMM:1 TID:0  NThr:1
MKL_VERBOSE GEMM_BF16BF16F32(N,N,40,169343,256,0x7ffd48732a18,0x13d6660,40,0x1483e3e7f010,256,0x7ffd48732a20,0x1483e24a8010,40) 12.66ms CNR:OFF Dyn:0 FastMM:1 TID:0  NThr:1
MKL_VERBOSE GEMM_BF16BF16F32(N,N,40,169343,256,0x7ffd48732a18,0x13d6660,40,0x1483e3e7f010,256,0x7ffd48732a20,0x1483e24a8010,40) 12.34ms CNR:OFF Dyn:0 FastMM:1 TID:0  NThr:1
MICRO name=projection_bf16 layer=3 median_ms=12.577 p95_ms=12.6935
MICRO name=lr_z_avx layer=3 median_ms=2.89389 p95_ms=3.15323
MKL_VERBOSE SGEMM(N,N,2,169343,40,0x7ffd487329e8,0x191f050,2,0x1483e24a8010,40,0x7ffd487329f0,0x17d4450,2) 3.28ms CNR:OFF Dyn:0 FastMM:1 TID:0  NThr:1
MKL_VERBOSE SGEMM(N,N,2,169343,40,0x7ffd487329e8,0x191f050,2,0x1483e24a8010,40,0x7ffd487329f0,0x17d4450,2) 3.27ms CNR:OFF Dyn:0 FastMM:1 TID:0  NThr:1
MKL_VERBOSE SGEMM(N,N,2,169343,40,0x7ffd487329e8,0x191f050,2,0x1483e24a8010,40,0x7ffd487329f0,0x17d4450,2) 3.27ms CNR:OFF Dyn:0 FastMM:1 TID:0  NThr:1
MKL_VERBOSE SGEMM(N,N,2,169343,40,0x7ffd487329e8,0x191f050,2,0x1483e24a8010,40,0x7ffd487329f0,0x17d4450,2) 3.27ms CNR:OFF Dyn:0 FastMM:1 TID:0  NThr:1
MKL_VERBOSE SGEMM(N,N,2,169343,40,0x7ffd487329e8,0x191f050,2,0x1483e24a8010,40,0x7ffd487329f0,0x17d4450,2) 3.26ms CNR:OFF Dyn:0 FastMM:1 TID:0  NThr:1
MKL_VERBOSE SGEMM(N,N,2,169343,40,0x7ffd487329e8,0x191f050,2,0x1483e24a8010,40,0x7ffd487329f0,0x17d4450,2) 3.28ms CNR:OFF Dyn:0 FastMM:1 TID:0  NThr:1
MKL_VERBOSE SGEMM(N,N,2,169343,40,0x7ffd487329e8,0x191f050,2,0x1483e24a8010,40,0x7ffd487329f0,0x17d4450,2) 3.27ms CNR:OFF Dyn:0 FastMM:1 TID:0  NThr:1
MKL_VERBOSE SGEMM(N,N,2,169343,40,0x7ffd487329e8,0x191f050,2,0x1483e24a8010,40,0x7ffd487329f0,0x17d4450,2) 3.27ms CNR:OFF Dyn:0 FastMM:1 TID:0  NThr:1
MKL_VERBOSE SGEMM(N,N,2,169343,40,0x7ffd487329e8,0x191f050,2,0x1483e24a8010,40,0x7ffd487329f0,0x17d4450,2) 3.27ms CNR:OFF Dyn:0 FastMM:1 TID:0  NThr:1
MICRO name=lr_z_sgemm_static_workspace layer=3 median_ms=3.48673 p95_ms=3.57714
ERROR path=micro layer=3 stage=lr_z_mkl_vs_avx_L finite=1 max_abs=8.940696716e-08 mean_abs=1.411739023e-08 relative_l2=3.749508211e-07 rmse=1.796169192e-08 p50=1.11758709e-08 p90=2.980232239e-08 p99=4.842877388e-08
MKL_VERBOSE GEMM_BF16BF16F32(N,N,2,169343,256,0x7ffd487329a8,0x13dbe80,2,0x1483e3e7f010,256,0x7ffd487329b0,0x1689850,2) 7.84ms CNR:OFF Dyn:0 FastMM:1 TID:0  NThr:1
MKL_VERBOSE GEMM_BF16BF16F32(N,N,2,169343,256,0x7ffd487329a8,0x13dbe80,2,0x1483e3e7f010,256,0x7ffd487329b0,0x1689850,2) 7.40ms CNR:OFF Dyn:0 FastMM:1 TID:0  NThr:1
MKL_VERBOSE GEMM_BF16BF16F32(N,N,2,169343,256,0x7ffd487329a8,0x13dbe80,2,0x1483e3e7f010,256,0x7ffd487329b0,0x1689850,2) 7.61ms CNR:OFF Dyn:0 FastMM:1 TID:0  NThr:1
MKL_VERBOSE GEMM_BF16BF16F32(N,N,2,169343,256,0x7ffd487329a8,0x13dbe80,2,0x1483e3e7f010,256,0x7ffd487329b0,0x1689850,2) 7.37ms CNR:OFF Dyn:0 FastMM:1 TID:0  NThr:1
MKL_VERBOSE GEMM_BF16BF16F32(N,N,2,169343,256,0x7ffd487329a8,0x13dbe80,2,0x1483e3e7f010,256,0x7ffd487329b0,0x1689850,2) 7.27ms CNR:OFF Dyn:0 FastMM:1 TID:0  NThr:1
MKL_VERBOSE GEMM_BF16BF16F32(N,N,2,169343,256,0x7ffd487329a8,0x13dbe80,2,0x1483e3e7f010,256,0x7ffd487329b0,0x1689850,2) 7.56ms CNR:OFF Dyn:0 FastMM:1 TID:0  NThr:1
MKL_VERBOSE GEMM_BF16BF16F32(N,N,2,169343,256,0x7ffd487329a8,0x13dbe80,2,0x1483e3e7f010,256,0x7ffd487329b0,0x1689850,2) 7.19ms CNR:OFF Dyn:0 FastMM:1 TID:0  NThr:1
MKL_VERBOSE GEMM_BF16BF16F32(N,N,2,169343,256,0x7ffd487329a8,0x13dbe80,2,0x1483e3e7f010,256,0x7ffd487329b0,0x1689850,2) 7.33ms CNR:OFF Dyn:0 FastMM:1 TID:0  NThr:1
MKL_VERBOSE GEMM_BF16BF16F32(N,N,2,169343,256,0x7ffd487329a8,0x13dbe80,2,0x1483e3e7f010,256,0x7ffd487329b0,0x1689850,2) 7.58ms CNR:OFF Dyn:0 FastMM:1 TID:0  NThr:1
MICRO name=lr_reordered_bf16 layer=3 median_ms=7.631248 p95_ms=7.859924
MKL_VERBOSE SGEMM(N,N,2,169343,256,0x7ffd487329a8,0x13db670,2,0x1483d0d96010,256,0x7ffd487329b0,0x1689850,2) 18.74ms CNR:OFF Dyn:0 FastMM:1 TID:0  NThr:1
MKL_VERBOSE SGEMM(N,N,2,169343,256,0x7ffd487329a8,0x13db670,2,0x1483d0d96010,256,0x7ffd487329b0,0x1689850,2) 18.59ms CNR:OFF Dyn:0 FastMM:1 TID:0  NThr:1
MKL_VERBOSE SGEMM(N,N,2,169343,256,0x7ffd487329a8,0x13db670,2,0x1483d0d96010,256,0x7ffd487329b0,0x1689850,2) 18.54ms CNR:OFF Dyn:0 FastMM:1 TID:0  NThr:1
MKL_VERBOSE SGEMM(N,N,2,169343,256,0x7ffd487329a8,0x13db670,2,0x1483d0d96010,256,0x7ffd487329b0,0x1689850,2) 18.52ms CNR:OFF Dyn:0 FastMM:1 TID:0  NThr:1
MKL_VERBOSE SGEMM(N,N,2,169343,256,0x7ffd487329a8,0x13db670,2,0x1483d0d96010,256,0x7ffd487329b0,0x1689850,2) 18.54ms CNR:OFF Dyn:0 FastMM:1 TID:0  NThr:1
MKL_VERBOSE SGEMM(N,N,2,169343,256,0x7ffd487329a8,0x13db670,2,0x1483d0d96010,256,0x7ffd487329b0,0x1689850,2) 18.48ms CNR:OFF Dyn:0 FastMM:1 TID:0  NThr:1
MKL_VERBOSE SGEMM(N,N,2,169343,256,0x7ffd487329a8,0x13db670,2,0x1483d0d96010,256,0x7ffd487329b0,0x1689850,2) 18.56ms CNR:OFF Dyn:0 FastMM:1 TID:0  NThr:1
MKL_VERBOSE SGEMM(N,N,2,169343,256,0x7ffd487329a8,0x13db670,2,0x1483d0d96010,256,0x7ffd487329b0,0x1689850,2) 18.45ms CNR:OFF Dyn:0 FastMM:1 TID:0  NThr:1
MKL_VERBOSE SGEMM(N,N,2,169343,256,0x7ffd487329a8,0x13db670,2,0x1483d0d96010,256,0x7ffd487329b0,0x1689850,2) 18.44ms CNR:OFF Dyn:0 FastMM:1 TID:0  NThr:1
MICRO name=lr_reordered_fp32 layer=3 median_ms=18.76845 p95_ms=18.808716
MICRO name=lr_reordered_avx layer=3 median_ms=12.265018 p95_ms=12.272453
MICRO name=max_prescan layer=3 median_ms=5.117529 p95_ms=5.135822
MICRO name=weighted_spmm_score_exp layer=3 median_ms=82.735663 p95_ms=91.616821
