ENV mkl=2023.0.2 processor=Intel(R) Advanced Vector Extensions 512 (Intel(R) AVX-512) with Intel(R) DL Boost, bfloat16 support, Intel(R) AMX with bfloat16 and 8-bit integer support, and FP16 instructions threads=1 source_input=/home/huangjianqiang_group/hdacp1/data/wzh/GAT/baseline/../data/arxiv.gatbin checkpoint=/home/huangjianqiang_group/hdacp1/data/wzh/GAT/baseline/runs/arxiv-10808152/arxiv.weights profile=0 vendor_amx_status=UNVERIFIED_UNTIL_DISPATCH_EVIDENCE
STATIC degree_sort_ms=0 model_prepare_ms=0.482183 bytes=504832 graph_policy=as_loaded_no_mutation
MICRO name=convert_rne layer=1 median_ms=8.00802 p95_ms=8.06571
MKL_VERBOSE oneMKL 2023.0 Update 2 Product build 20230613 for Intel(R) 64 architecture Intel(R) Advanced Vector Extensions 512 (Intel(R) AVX-512) with Intel(R) DL Boost, bfloat16 support, Intel(R) AMX with bfloat16 and 8-bit integer support, and FP16 instructions, Lnx 3.10GHz lp64 intel_thread
MKL_VERBOSE GEMM_BF16BF16F32(N,N,256,169343,128,0x7ffd5d4a0fd8,0x10df430,256,0x14f468c18010,128,0x7ffd5d4a0fe0,0x14f45e6b8010,256) 68.78ms CNR:OFF Dyn:0 FastMM:1 TID:0  NThr:1
MKL_VERBOSE GEMM_BF16BF16F32(N,N,256,169343,128,0x7ffd5d4a0fd8,0x10df430,256,0x14f468c18010,128,0x7ffd5d4a0fe0,0x14f45e6b8010,256) 55.55ms CNR:OFF Dyn:0 FastMM:1 TID:0  NThr:1
MKL_VERBOSE GEMM_BF16BF16F32(N,N,256,169343,128,0x7ffd5d4a0fd8,0x10df430,256,0x14f468c18010,128,0x7ffd5d4a0fe0,0x14f45e6b8010,256) 54.98ms CNR:OFF Dyn:0 FastMM:1 TID:0  NThr:1
MKL_VERBOSE GEMM_BF16BF16F32(N,N,256,169343,128,0x7ffd5d4a0fd8,0x10df430,256,0x14f468c18010,128,0x7ffd5d4a0fe0,0x14f45e6b8010,256) 54.89ms CNR:OFF Dyn:0 FastMM:1 TID:0  NThr:1
MKL_VERBOSE GEMM_BF16BF16F32(N,N,256,169343,128,0x7ffd5d4a0fd8,0x10df430,256,0x14f468c18010,128,0x7ffd5d4a0fe0,0x14f45e6b8010,256) 54.89ms CNR:OFF Dyn:0 FastMM:1 TID:0  NThr:1
MKL_VERBOSE GEMM_BF16BF16F32(N,N,256,169343,128,0x7ffd5d4a0fd8,0x10df430,256,0x14f468c18010,128,0x7ffd5d4a0fe0,0x14f45e6b8010,256) 54.87ms CNR:OFF Dyn:0 FastMM:1 TID:0  NThr:1
MKL_VERBOSE GEMM_BF16BF16F32(N,N,256,169343,128,0x7ffd5d4a0fd8,0x10df430,256,0x14f468c18010,128,0x7ffd5d4a0fe0,0x14f45e6b8010,256) 54.72ms CNR:OFF Dyn:0 FastMM:1 TID:0  NThr:1
MKL_VERBOSE GEMM_BF16BF16F32(N,N,256,169343,128,0x7ffd5d4a0fd8,0x10df430,256,0x14f468c18010,128,0x7ffd5d4a0fe0,0x14f45e6b8010,256) 54.45ms CNR:OFF Dyn:0 FastMM:1 TID:0  NThr:1
MKL_VERBOSE GEMM_BF16BF16F32(N,N,256,169343,128,0x7ffd5d4a0fd8,0x10df430,256,0x14f468c18010,128,0x7ffd5d4a0fe0,0x14f45e6b8010,256) 54.67ms CNR:OFF Dyn:0 FastMM:1 TID:0  NThr:1
MICRO name=projection_bf16 layer=1 median_ms=54.8892 p95_ms=55.0001
MICRO name=lr_z_avx layer=1 median_ms=17.0572 p95_ms=17.1832
MKL_VERBOSE SGEMM(N,N,2,169343,32,0x7ffd5d4a0fa8,0x1138ab0,2,0x14f45e6b8010,256,0x7ffd5d4a0fb0,0x14f45db17010,2) 6.01ms CNR:OFF Dyn:0 FastMM:1 TID:0  NThr:1
MKL_VERBOSE SGEMM(N,N,2,169343,32,0x7ffd5d4a0fa8,0x1138bb0,2,0x14f45e6b8090,256,0x7ffd5d4a0fb0,0x14f45db17010,2) 5.41ms CNR:OFF Dyn:0 FastMM:1 TID:0  NThr:1
MKL_VERBOSE SGEMM(N,N,2,169343,32,0x7ffd5d4a0fa8,0x1138cb0,2,0x14f45e6b8110,256,0x7ffd5d4a0fb0,0x14f45db17010,2) 5.55ms CNR:OFF Dyn:0 FastMM:1 TID:0  NThr:1
MKL_VERBOSE SGEMM(N,N,2,169343,32,0x7ffd5d4a0fa8,0x1138db0,2,0x14f45e6b8190,256,0x7ffd5d4a0fb0,0x14f45db17010,2) 5.39ms CNR:OFF Dyn:0 FastMM:1 TID:0  NThr:1
MKL_VERBOSE SGEMM(N,N,2,169343,32,0x7ffd5d4a0fa8,0x1138eb0,2,0x14f45e6b8210,256,0x7ffd5d4a0fb0,0x14f45db17010,2) 5.41ms CNR:OFF Dyn:0 FastMM:1 TID:0  NThr:1
MKL_VERBOSE SGEMM(N,N,2,169343,32,0x7ffd5d4a0fa8,0x1138fb0,2,0x14f45e6b8290,256,0x7ffd5d4a0fb0,0x14f45db17010,2) 5.45ms CNR:OFF Dyn:0 FastMM:1 TID:0  NThr:1
MKL_VERBOSE SGEMM(N,N,2,169343,32,0x7ffd5d4a0fa8,0x11390b0,2,0x14f45e6b8310,256,0x7ffd5d4a0fb0,0x14f45db17010,2) 5.94ms CNR:OFF Dyn:0 FastMM:1 TID:0  NThr:1
MKL_VERBOSE SGEMM(N,N,2,169343,32,0x7ffd5d4a0fa8,0x11391b0,2,0x14f45e6b8390,256,0x7ffd5d4a0fb0,0x14f45db17010,2) 5.90ms CNR:OFF Dyn:0 FastMM:1 TID:0  NThr:1
MKL_VERBOSE SGEMM(N,N,2,169343,32,0x7ffd5d4a0fa8,0x1138ab0,2,0x14f45e6b8010,256,0x7ffd5d4a0fb0,0x14f45db17010,2) 5.89ms CNR:OFF Dyn:0 FastMM:1 TID:0  NThr:1
MKL_VERBOSE SGEMM(N,N,2,169343,32,0x7ffd5d4a0fa8,0x1138bb0,2,0x14f45e6b8090,256,0x7ffd5d4a0fb0,0x14f45db17010,2) 5.61ms CNR:OFF Dyn:0 FastMM:1 TID:0  NThr:1
MKL_VERBOSE SGEMM(N,N,2,169343,32,0x7ffd5d4a0fa8,0x1138cb0,2,0x14f45e6b8110,256,0x7ffd5d4a0fb0,0x14f45db17010,2) 5.60ms CNR:OFF Dyn:0 FastMM:1 TID:0  NThr:1
MKL_VERBOSE SGEMM(N,N,2,169343,32,0x7ffd5d4a0fa8,0x1138db0,2,0x14f45e6b8190,256,0x7ffd5d4a0fb0,0x14f45db17010,2) 5.40ms CNR:OFF Dyn:0 FastMM:1 TID:0  NThr:1
MKL_VERBOSE SGEMM(N,N,2,169343,32,0x7ffd5d4a0fa8,0x1138eb0,2,0x14f45e6b8210,256,0x7ffd5d4a0fb0,0x14f45db17010,2) 5.42ms CNR:OFF Dyn:0 FastMM:1 TID:0  NThr:1
MKL_VERBOSE SGEMM(N,N,2,169343,32,0x7ffd5d4a0fa8,0x1138fb0,2,0x14f45e6b8290,256,0x7ffd5d4a0fb0,0x14f45db17010,2) 5.44ms CNR:OFF Dyn:0 FastMM:1 TID:0  NThr:1
MKL_VERBOSE SGEMM(N,N,2,169343,32,0x7ffd5d4a0fa8,0x11390b0,2,0x14f45e6b8310,256,0x7ffd5d4a0fb0,0x14f45db17010,2) 5.91ms CNR:OFF Dyn:0 FastMM:1 TID:0  NThr:1
MKL_VERBOSE SGEMM(N,N,2,169343,32,0x7ffd5d4a0fa8,0x11391b0,2,0x14f45e6b8390,256,0x7ffd5d4a0fb0,0x14f45db17010,2) 5.86ms CNR:OFF Dyn:0 FastMM:1 TID:0  NThr:1
MKL_VERBOSE SGEMM(N,N,2,169343,32,0x7ffd5d4a0fa8,0x1138ab0,2,0x14f45e6b8010,256,0x7ffd5d4a0fb0,0x14f45db17010,2) 5.87ms CNR:OFF Dyn:0 FastMM:1 TID:0  NThr:1
MKL_VERBOSE SGEMM(N,N,2,169343,32,0x7ffd5d4a0fa8,0x1138bb0,2,0x14f45e6b8090,256,0x7ffd5d4a0fb0,0x14f45db17010,2) 5.36ms CNR:OFF Dyn:0 FastMM:1 TID:0  NThr:1
MKL_VERBOSE SGEMM(N,N,2,169343,32,0x7ffd5d4a0fa8,0x1138cb0,2,0x14f45e6b8110,256,0x7ffd5d4a0fb0,0x14f45db17010,2) 5.50ms CNR:OFF Dyn:0 FastMM:1 TID:0  NThr:1
MKL_VERBOSE SGEMM(N,N,2,169343,32,0x7ffd5d4a0fa8,0x1138db0,2,0x14f45e6b8190,256,0x7ffd5d4a0fb0,0x14f45db17010,2) 5.35ms CNR:OFF Dyn:0 FastMM:1 TID:0  NThr:1
MKL_VERBOSE SGEMM(N,N,2,169343,32,0x7ffd5d4a0fa8,0x1138eb0,2,0x14f45e6b8210,256,0x7ffd5d4a0fb0,0x14f45db17010,2) 5.37ms CNR:OFF Dyn:0 FastMM:1 TID:0  NThr:1
MKL_VERBOSE SGEMM(N,N,2,169343,32,0x7ffd5d4a0fa8,0x1138fb0,2,0x14f45e6b8290,256,0x7ffd5d4a0fb0,0x14f45db17010,2) 5.41ms CNR:OFF Dyn:0 FastMM:1 TID:0  NThr:1
MKL_VERBOSE SGEMM(N,N,2,169343,32,0x7ffd5d4a0fa8,0x11390b0,2,0x14f45e6b8310,256,0x7ffd5d4a0fb0,0x14f45db17010,2) 5.89ms CNR:OFF Dyn:0 FastMM:1 TID:0  NThr:1
MKL_VERBOSE SGEMM(N,N,2,169343,32,0x7ffd5d4a0fa8,0x11391b0,2,0x14f45e6b8390,256,0x7ffd5d4a0fb0,0x14f45db17010,2) 5.85ms CNR:OFF Dyn:0 FastMM:1 TID:0  NThr:1
MKL_VERBOSE SGEMM(N,N,2,169343,32,0x7ffd5d4a0fa8,0x1138ab0,2,0x14f45e6b8010,256,0x7ffd5d4a0fb0,0x14f45db17010,2) 5.83ms CNR:OFF Dyn:0 FastMM:1 TID:0  NThr:1
MKL_VERBOSE SGEMM(N,N,2,169343,32,0x7ffd5d4a0fa8,0x1138bb0,2,0x14f45e6b8090,256,0x7ffd5d4a0fb0,0x14f45db17010,2) 5.40ms CNR:OFF Dyn:0 FastMM:1 TID:0  NThr:1
MKL_VERBOSE SGEMM(N,N,2,169343,32,0x7ffd5d4a0fa8,0x1138cb0,2,0x14f45e6b8110,256,0x7ffd5d4a0fb0,0x14f45db17010,2) 5.52ms CNR:OFF Dyn:0 FastMM:1 TID:0  NThr:1
MKL_VERBOSE SGEMM(N,N,2,169343,32,0x7ffd5d4a0fa8,0x1138db0,2,0x14f45e6b8190,256,0x7ffd5d4a0fb0,0x14f45db17010,2) 5.36ms CNR:OFF Dyn:0 FastMM:1 TID:0  NThr:1
MKL_VERBOSE SGEMM(N,N,2,169343,32,0x7ffd5d4a0fa8,0x1138eb0,2,0x14f45e6b8210,256,0x7ffd5d4a0fb0,0x14f45db17010,2) 5.37ms CNR:OFF Dyn:0 FastMM:1 TID:0  NThr:1
MKL_VERBOSE SGEMM(N,N,2,169343,32,0x7ffd5d4a0fa8,0x1138fb0,2,0x14f45e6b8290,256,0x7ffd5d4a0fb0,0x14f45db17010,2) 5.40ms CNR:OFF Dyn:0 FastMM:1 TID:0  NThr:1
MKL_VERBOSE SGEMM(N,N,2,169343,32,0x7ffd5d4a0fa8,0x11390b0,2,0x14f45e6b8310,256,0x7ffd5d4a0fb0,0x14f45db17010,2) 5.88ms CNR:OFF Dyn:0 FastMM:1 TID:0  NThr:1
MKL_VERBOSE SGEMM(N,N,2,169343,32,0x7ffd5d4a0fa8,0x11391b0,2,0x14f45e6b8390,256,0x7ffd5d4a0fb0,0x14f45db17010,2) 5.86ms CNR:OFF Dyn:0 FastMM:1 TID:0  NThr:1
MKL_VERBOSE SGEMM(N,N,2,169343,32,0x7ffd5d4a0fa8,0x1138ab0,2,0x14f45e6b8010,256,0x7ffd5d4a0fb0,0x14f45db17010,2) 5.83ms CNR:OFF Dyn:0 FastMM:1 TID:0  NThr:1
MKL_VERBOSE SGEMM(N,N,2,169343,32,0x7ffd5d4a0fa8,0x1138bb0,2,0x14f45e6b8090,256,0x7ffd5d4a0fb0,0x14f45db17010,2) 5.36ms CNR:OFF Dyn:0 FastMM:1 TID:0  NThr:1
MKL_VERBOSE SGEMM(N,N,2,169343,32,0x7ffd5d4a0fa8,0x1138cb0,2,0x14f45e6b8110,256,0x7ffd5d4a0fb0,0x14f45db17010,2) 5.48ms CNR:OFF Dyn:0 FastMM:1 TID:0  NThr:1
MKL_VERBOSE SGEMM(N,N,2,169343,32,0x7ffd5d4a0fa8,0x1138db0,2,0x14f45e6b8190,256,0x7ffd5d4a0fb0,0x14f45db17010,2) 5.35ms CNR:OFF Dyn:0 FastMM:1 TID:0  NThr:1
MKL_VERBOSE SGEMM(N,N,2,169343,32,0x7ffd5d4a0fa8,0x1138eb0,2,0x14f45e6b8210,256,0x7ffd5d4a0fb0,0x14f45db17010,2) 5.36ms CNR:OFF Dyn:0 FastMM:1 TID:0  NThr:1
MKL_VERBOSE SGEMM(N,N,2,169343,32,0x7ffd5d4a0fa8,0x1138fb0,2,0x14f45e6b8290,256,0x7ffd5d4a0fb0,0x14f45db17010,2) 5.40ms CNR:OFF Dyn:0 FastMM:1 TID:0  NThr:1
MKL_VERBOSE SGEMM(N,N,2,169343,32,0x7ffd5d4a0fa8,0x11390b0,2,0x14f45e6b8310,256,0x7ffd5d4a0fb0,0x14f45db17010,2) 5.84ms CNR:OFF Dyn:0 FastMM:1 TID:0  NThr:1
MKL_VERBOSE SGEMM(N,N,2,169343,32,0x7ffd5d4a0fa8,0x11391b0,2,0x14f45e6b8390,256,0x7ffd5d4a0fb0,0x14f45db17010,2) 5.85ms CNR:OFF Dyn:0 FastMM:1 TID:0  NThr:1
MKL_VERBOSE SGEMM(N,N,2,169343,32,0x7ffd5d4a0fa8,0x1138ab0,2,0x14f45e6b8010,256,0x7ffd5d4a0fb0,0x14f45db17010,2) 5.83ms CNR:OFF Dyn:0 FastMM:1 TID:0  NThr:1
MKL_VERBOSE SGEMM(N,N,2,169343,32,0x7ffd5d4a0fa8,0x1138bb0,2,0x14f45e6b8090,256,0x7ffd5d4a0fb0,0x14f45db17010,2) 5.37ms CNR:OFF Dyn:0 FastMM:1 TID:0  NThr:1
MKL_VERBOSE SGEMM(N,N,2,169343,32,0x7ffd5d4a0fa8,0x1138cb0,2,0x14f45e6b8110,256,0x7ffd5d4a0fb0,0x14f45db17010,2) 5.49ms CNR:OFF Dyn:0 FastMM:1 TID:0  NThr:1
MKL_VERBOSE SGEMM(N,N,2,169343,32,0x7ffd5d4a0fa8,0x1138db0,2,0x14f45e6b8190,256,0x7ffd5d4a0fb0,0x14f45db17010,2) 5.35ms CNR:OFF Dyn:0 FastMM:1 TID:0  NThr:1
MKL_VERBOSE SGEMM(N,N,2,169343,32,0x7ffd5d4a0fa8,0x1138eb0,2,0x14f45e6b8210,256,0x7ffd5d4a0fb0,0x14f45db17010,2) 5.36ms CNR:OFF Dyn:0 FastMM:1 TID:0  NThr:1
MKL_VERBOSE SGEMM(N,N,2,169343,32,0x7ffd5d4a0fa8,0x1138fb0,2,0x14f45e6b8290,256,0x7ffd5d4a0fb0,0x14f45db17010,2) 5.40ms CNR:OFF Dyn:0 FastMM:1 TID:0  NThr:1
MKL_VERBOSE SGEMM(N,N,2,169343,32,0x7ffd5d4a0fa8,0x11390b0,2,0x14f45e6b8310,256,0x7ffd5d4a0fb0,0x14f45db17010,2) 5.86ms CNR:OFF Dyn:0 FastMM:1 TID:0  NThr:1
MKL_VERBOSE SGEMM(N,N,2,169343,32,0x7ffd5d4a0fa8,0x11391b0,2,0x14f45e6b8390,256,0x7ffd5d4a0fb0,0x14f45db17010,2) 5.84ms CNR:OFF Dyn:0 FastMM:1 TID:0  NThr:1
MKL_VERBOSE SGEMM(N,N,2,169343,32,0x7ffd5d4a0fa8,0x1138ab0,2,0x14f45e6b8010,256,0x7ffd5d4a0fb0,0x14f45db17010,2) 5.86ms CNR:OFF Dyn:0 FastMM:1 TID:0  NThr:1
MKL_VERBOSE SGEMM(N,N,2,169343,32,0x7ffd5d4a0fa8,0x1138bb0,2,0x14f45e6b8090,256,0x7ffd5d4a0fb0,0x14f45db17010,2) 5.35ms CNR:OFF Dyn:0 FastMM:1 TID:0  NThr:1
MKL_VERBOSE SGEMM(N,N,2,169343,32,0x7ffd5d4a0fa8,0x1138cb0,2,0x14f45e6b8110,256,0x7ffd5d4a0fb0,0x14f45db17010,2) 5.48ms CNR:OFF Dyn:0 FastMM:1 TID:0  NThr:1
MKL_VERBOSE SGEMM(N,N,2,169343,32,0x7ffd5d4a0fa8,0x1138db0,2,0x14f45e6b8190,256,0x7ffd5d4a0fb0,0x14f45db17010,2) 5.35ms CNR:OFF Dyn:0 FastMM:1 TID:0  NThr:1
MKL_VERBOSE SGEMM(N,N,2,169343,32,0x7ffd5d4a0fa8,0x1138eb0,2,0x14f45e6b8210,256,0x7ffd5d4a0fb0,0x14f45db17010,2) 5.35ms CNR:OFF Dyn:0 FastMM:1 TID:0  NThr:1
MKL_VERBOSE SGEMM(N,N,2,169343,32,0x7ffd5d4a0fa8,0x1138fb0,2,0x14f45e6b8290,256,0x7ffd5d4a0fb0,0x14f45db17010,2) 5.39ms CNR:OFF Dyn:0 FastMM:1 TID:0  NThr:1
MKL_VERBOSE SGEMM(N,N,2,169343,32,0x7ffd5d4a0fa8,0x11390b0,2,0x14f45e6b8310,256,0x7ffd5d4a0fb0,0x14f45db17010,2) 5.85ms CNR:OFF Dyn:0 FastMM:1 TID:0  NThr:1
MKL_VERBOSE SGEMM(N,N,2,169343,32,0x7ffd5d4a0fa8,0x11391b0,2,0x14f45e6b8390,256,0x7ffd5d4a0fb0,0x14f45db17010,2) 5.87ms CNR:OFF Dyn:0 FastMM:1 TID:0  NThr:1
MKL_VERBOSE SGEMM(N,N,2,169343,32,0x7ffd5d4a0fa8,0x1138ab0,2,0x14f45e6b8010,256,0x7ffd5d4a0fb0,0x14f45db17010,2) 5.85ms CNR:OFF Dyn:0 FastMM:1 TID:0  NThr:1
MKL_VERBOSE SGEMM(N,N,2,169343,32,0x7ffd5d4a0fa8,0x1138bb0,2,0x14f45e6b8090,256,0x7ffd5d4a0fb0,0x14f45db17010,2) 5.38ms CNR:OFF Dyn:0 FastMM:1 TID:0  NThr:1
MKL_VERBOSE SGEMM(N,N,2,169343,32,0x7ffd5d4a0fa8,0x1138cb0,2,0x14f45e6b8110,256,0x7ffd5d4a0fb0,0x14f45db17010,2) 5.50ms CNR:OFF Dyn:0 FastMM:1 TID:0  NThr:1
MKL_VERBOSE SGEMM(N,N,2,169343,32,0x7ffd5d4a0fa8,0x1138db0,2,0x14f45e6b8190,256,0x7ffd5d4a0fb0,0x14f45db17010,2) 5.34ms CNR:OFF Dyn:0 FastMM:1 TID:0  NThr:1
MKL_VERBOSE SGEMM(N,N,2,169343,32,0x7ffd5d4a0fa8,0x1138eb0,2,0x14f45e6b8210,256,0x7ffd5d4a0fb0,0x14f45db17010,2) 5.36ms CNR:OFF Dyn:0 FastMM:1 TID:0  NThr:1
MKL_VERBOSE SGEMM(N,N,2,169343,32,0x7ffd5d4a0fa8,0x1138fb0,2,0x14f45e6b8290,256,0x7ffd5d4a0fb0,0x14f45db17010,2) 5.40ms CNR:OFF Dyn:0 FastMM:1 TID:0  NThr:1
MKL_VERBOSE SGEMM(N,N,2,169343,32,0x7ffd5d4a0fa8,0x11390b0,2,0x14f45e6b8310,256,0x7ffd5d4a0fb0,0x14f45db17010,2) 5.87ms CNR:OFF Dyn:0 FastMM:1 TID:0  NThr:1
MKL_VERBOSE SGEMM(N,N,2,169343,32,0x7ffd5d4a0fa8,0x11391b0,2,0x14f45e6b8390,256,0x7ffd5d4a0fb0,0x14f45db17010,2) 5.85ms CNR:OFF Dyn:0 FastMM:1 TID:0  NThr:1
MKL_VERBOSE SGEMM(N,N,2,169343,32,0x7ffd5d4a0fa8,0x1138ab0,2,0x14f45e6b8010,256,0x7ffd5d4a0fb0,0x14f45db17010,2) 5.85ms CNR:OFF Dyn:0 FastMM:1 TID:0  NThr:1
MKL_VERBOSE SGEMM(N,N,2,169343,32,0x7ffd5d4a0fa8,0x1138bb0,2,0x14f45e6b8090,256,0x7ffd5d4a0fb0,0x14f45db17010,2) 5.37ms CNR:OFF Dyn:0 FastMM:1 TID:0  NThr:1
MKL_VERBOSE SGEMM(N,N,2,169343,32,0x7ffd5d4a0fa8,0x1138cb0,2,0x14f45e6b8110,256,0x7ffd5d4a0fb0,0x14f45db17010,2) 5.51ms CNR:OFF Dyn:0 FastMM:1 TID:0  NThr:1
MKL_VERBOSE SGEMM(N,N,2,169343,32,0x7ffd5d4a0fa8,0x1138db0,2,0x14f45e6b8190,256,0x7ffd5d4a0fb0,0x14f45db17010,2) 5.35ms CNR:OFF Dyn:0 FastMM:1 TID:0  NThr:1
MKL_VERBOSE SGEMM(N,N,2,169343,32,0x7ffd5d4a0fa8,0x1138eb0,2,0x14f45e6b8210,256,0x7ffd5d4a0fb0,0x14f45db17010,2) 5.36ms CNR:OFF Dyn:0 FastMM:1 TID:0  NThr:1
MKL_VERBOSE SGEMM(N,N,2,169343,32,0x7ffd5d4a0fa8,0x1138fb0,2,0x14f45e6b8290,256,0x7ffd5d4a0fb0,0x14f45db17010,2) 5.41ms CNR:OFF Dyn:0 FastMM:1 TID:0  NThr:1
MKL_VERBOSE SGEMM(N,N,2,169343,32,0x7ffd5d4a0fa8,0x11390b0,2,0x14f45e6b8310,256,0x7ffd5d4a0fb0,0x14f45db17010,2) 5.87ms CNR:OFF Dyn:0 FastMM:1 TID:0  NThr:1
MKL_VERBOSE SGEMM(N,N,2,169343,32,0x7ffd5d4a0fa8,0x11391b0,2,0x14f45e6b8390,256,0x7ffd5d4a0fb0,0x14f45db17010,2) 5.84ms CNR:OFF Dyn:0 FastMM:1 TID:0  NThr:1
MICRO name=lr_z_sgemm_static_workspace layer=1 median_ms=49.9452 p95_ms=50.018
ERROR path=micro layer=1 stage=lr_z_mkl_vs_avx_L finite=1 max_abs=2.980232239e-07 mean_abs=2.010335604e-08 relative_l2=1.234365755e-07 rmse=2.865999135e-08 p50=1.490116119e-08 p90=4.470348358e-08 p99=8.940696716e-08
MKL_VERBOSE GEMM_BF16BF16F32(N,N,16,169343,128,0x7ffd5d4a0f68,0x10ef440,16,0x14f468c18010,128,0x7ffd5d4a0f70,0x14f45dc62010,16) 5.62ms CNR:OFF Dyn:0 FastMM:1 TID:0  NThr:1
MKL_VERBOSE GEMM_BF16BF16F32(N,N,16,169343,128,0x7ffd5d4a0f68,0x10ef440,16,0x14f468c18010,128,0x7ffd5d4a0f70,0x14f45dc62010,16) 5.20ms CNR:OFF Dyn:0 FastMM:1 TID:0  NThr:1
MKL_VERBOSE GEMM_BF16BF16F32(N,N,16,169343,128,0x7ffd5d4a0f68,0x10ef440,16,0x14f468c18010,128,0x7ffd5d4a0f70,0x14f45dc62010,16) 5.08ms CNR:OFF Dyn:0 FastMM:1 TID:0  NThr:1
MKL_VERBOSE GEMM_BF16BF16F32(N,N,16,169343,128,0x7ffd5d4a0f68,0x10ef440,16,0x14f468c18010,128,0x7ffd5d4a0f70,0x14f45dc62010,16) 4.87ms CNR:OFF Dyn:0 FastMM:1 TID:0  NThr:1
MKL_VERBOSE GEMM_BF16BF16F32(N,N,16,169343,128,0x7ffd5d4a0f68,0x10ef440,16,0x14f468c18010,128,0x7ffd5d4a0f70,0x14f45dc62010,16) 4.83ms CNR:OFF Dyn:0 FastMM:1 TID:0  NThr:1
MKL_VERBOSE GEMM_BF16BF16F32(N,N,16,169343,128,0x7ffd5d4a0f68,0x10ef440,16,0x14f468c18010,128,0x7ffd5d4a0f70,0x14f45dc62010,16) 4.82ms CNR:OFF Dyn:0 FastMM:1 TID:0  NThr:1
MKL_VERBOSE GEMM_BF16BF16F32(N,N,16,169343,128,0x7ffd5d4a0f68,0x10ef440,16,0x14f468c18010,128,0x7ffd5d4a0f70,0x14f45dc62010,16) 4.81ms CNR:OFF Dyn:0 FastMM:1 TID:0  NThr:1
MKL_VERBOSE GEMM_BF16BF16F32(N,N,16,169343,128,0x7ffd5d4a0f68,0x10ef440,16,0x14f468c18010,128,0x7ffd5d4a0f70,0x14f45dc62010,16) 4.84ms CNR:OFF Dyn:0 FastMM:1 TID:0  NThr:1
MKL_VERBOSE GEMM_BF16BF16F32(N,N,16,169343,128,0x7ffd5d4a0f68,0x10ef440,16,0x14f468c18010,128,0x7ffd5d4a0f70,0x14f45dc62010,16) 4.85ms CNR:OFF Dyn:0 FastMM:1 TID:0  NThr:1
MICRO name=lr_reordered_bf16 layer=1 median_ms=6.059591 p95_ms=6.359448
MKL_VERBOSE SGEMM(N,N,16,169343,128,0x7ffd5d4a0f68,0x10d23f0,16,0x14f476f7c010,128,0x7ffd5d4a0f70,0x14f45dc62010,16) 12.39ms CNR:OFF Dyn:0 FastMM:1 TID:0  NThr:1
MKL_VERBOSE SGEMM(N,N,16,169343,128,0x7ffd5d4a0f68,0x10d23f0,16,0x14f476f7c010,128,0x7ffd5d4a0f70,0x14f45dc62010,16) 12.31ms CNR:OFF Dyn:0 FastMM:1 TID:0  NThr:1
MKL_VERBOSE SGEMM(N,N,16,169343,128,0x7ffd5d4a0f68,0x10d23f0,16,0x14f476f7c010,128,0x7ffd5d4a0f70,0x14f45dc62010,16) 12.29ms CNR:OFF Dyn:0 FastMM:1 TID:0  NThr:1
MKL_VERBOSE SGEMM(N,N,16,169343,128,0x7ffd5d4a0f68,0x10d23f0,16,0x14f476f7c010,128,0x7ffd5d4a0f70,0x14f45dc62010,16) 12.26ms CNR:OFF Dyn:0 FastMM:1 TID:0  NThr:1
MKL_VERBOSE SGEMM(N,N,16,169343,128,0x7ffd5d4a0f68,0x10d23f0,16,0x14f476f7c010,128,0x7ffd5d4a0f70,0x14f45dc62010,16) 12.31ms CNR:OFF Dyn:0 FastMM:1 TID:0  NThr:1
MKL_VERBOSE SGEMM(N,N,16,169343,128,0x7ffd5d4a0f68,0x10d23f0,16,0x14f476f7c010,128,0x7ffd5d4a0f70,0x14f45dc62010,16) 12.29ms CNR:OFF Dyn:0 FastMM:1 TID:0  NThr:1
MKL_VERBOSE SGEMM(N,N,16,169343,128,0x7ffd5d4a0f68,0x10d23f0,16,0x14f476f7c010,128,0x7ffd5d4a0f70,0x14f45dc62010,16) 12.26ms CNR:OFF Dyn:0 FastMM:1 TID:0  NThr:1
MKL_VERBOSE SGEMM(N,N,16,169343,128,0x7ffd5d4a0f68,0x10d23f0,16,0x14f476f7c010,128,0x7ffd5d4a0f70,0x14f45dc62010,16) 12.27ms CNR:OFF Dyn:0 FastMM:1 TID:0  NThr:1
MKL_VERBOSE SGEMM(N,N,16,169343,128,0x7ffd5d4a0f68,0x10d23f0,16,0x14f476f7c010,128,0x7ffd5d4a0f70,0x14f45dc62010,16) 12.31ms CNR:OFF Dyn:0 FastMM:1 TID:0  NThr:1
MICRO name=lr_reordered_fp32 layer=1 median_ms=13.475254 p95_ms=13.516422
MICRO name=lr_reordered_avx layer=1 median_ms=25.793274 p95_ms=25.88402
MICRO name=max_prescan layer=1 median_ms=7.881537 p95_ms=7.955499
MICRO name=weighted_spmm_score_exp layer=1 median_ms=364.48125 p95_ms=366.426351
