ENV mkl=2023.0.2 processor=Intel(R) Advanced Vector Extensions 512 (Intel(R) AVX-512) with Intel(R) DL Boost, bfloat16 support, Intel(R) AMX with bfloat16 and 8-bit integer support, and FP16 instructions threads=1 source_input=/home/huangjianqiang_group/hdacp1/data/wzh/GAT/baseline/../data/arxiv.gatbin checkpoint=/home/huangjianqiang_group/hdacp1/data/wzh/GAT/baseline/runs/arxiv-10808152/arxiv.weights profile=0 vendor_amx_status=UNVERIFIED_UNTIL_DISPATCH_EVIDENCE
STATIC degree_sort_ms=0 model_prepare_ms=0.473996 bytes=504832 graph_policy=as_loaded_no_mutation
MKL_VERBOSE oneMKL 2023.0 Update 2 Product build 20230613 for Intel(R) 64 architecture Intel(R) Advanced Vector Extensions 512 (Intel(R) AVX-512) with Intel(R) DL Boost, bfloat16 support, Intel(R) AMX with bfloat16 and 8-bit integer support, and FP16 instructions, Lnx 3.50GHz lp64 intel_thread
MKL_VERBOSE SGEMM(N,N,256,169343,128,0x7fff1b6eb618,0x152b0c360010,256,0x152aeff07010,128,0x7fff1b6eb620,0x152ad9f9b010,256) 93.61ms CNR:OFF Dyn:0 FastMM:1 TID:0  NThr:1
MICRO name=convert_rne layer=2 median_ms=16.3252 p95_ms=16.4632
MKL_VERBOSE GEMM_BF16BF16F32(N,N,256,169343,256,0x7fff1b6eb678,0x14b6500,256,0x152aeff07010,256,0x7fff1b6eb680,0x152ad0ee7010,256) 61.61ms CNR:OFF Dyn:0 FastMM:1 TID:0  NThr:1
MKL_VERBOSE GEMM_BF16BF16F32(N,N,256,169343,256,0x7fff1b6eb678,0x14b6500,256,0x152aeff07010,256,0x7fff1b6eb680,0x152ad0ee7010,256) 61.43ms CNR:OFF Dyn:0 FastMM:1 TID:0  NThr:1
MKL_VERBOSE GEMM_BF16BF16F32(N,N,256,169343,256,0x7fff1b6eb678,0x14b6500,256,0x152aeff07010,256,0x7fff1b6eb680,0x152ad0ee7010,256) 61.12ms CNR:OFF Dyn:0 FastMM:1 TID:0  NThr:1
MKL_VERBOSE GEMM_BF16BF16F32(N,N,256,169343,256,0x7fff1b6eb678,0x14b6500,256,0x152aeff07010,256,0x7fff1b6eb680,0x152ad0ee7010,256) 61.45ms CNR:OFF Dyn:0 FastMM:1 TID:0  NThr:1
MKL_VERBOSE GEMM_BF16BF16F32(N,N,256,169343,256,0x7fff1b6eb678,0x14b6500,256,0x152aeff07010,256,0x7fff1b6eb680,0x152ad0ee7010,256) 61.11ms CNR:OFF Dyn:0 FastMM:1 TID:0  NThr:1
MKL_VERBOSE GEMM_BF16BF16F32(N,N,256,169343,256,0x7fff1b6eb678,0x14b6500,256,0x152aeff07010,256,0x7fff1b6eb680,0x152ad0ee7010,256) 60.86ms CNR:OFF Dyn:0 FastMM:1 TID:0  NThr:1
MKL_VERBOSE GEMM_BF16BF16F32(N,N,256,169343,256,0x7fff1b6eb678,0x14b6500,256,0x152aeff07010,256,0x7fff1b6eb680,0x152ad0ee7010,256) 60.97ms CNR:OFF Dyn:0 FastMM:1 TID:0  NThr:1
MKL_VERBOSE GEMM_BF16BF16F32(N,N,256,169343,256,0x7fff1b6eb678,0x14b6500,256,0x152aeff07010,256,0x7fff1b6eb680,0x152ad0ee7010,256) 60.54ms CNR:OFF Dyn:0 FastMM:1 TID:0  NThr:1
MKL_VERBOSE GEMM_BF16BF16F32(N,N,256,169343,256,0x7fff1b6eb678,0x14b6500,256,0x152aeff07010,256,0x7fff1b6eb680,0x152ad0ee7010,256) 60.31ms CNR:OFF Dyn:0 FastMM:1 TID:0  NThr:1
MICRO name=projection_bf16 layer=2 median_ms=60.9822 p95_ms=61.4628
MICRO name=lr_z_avx layer=2 median_ms=16.9345 p95_ms=16.9618
MKL_VERBOSE SGEMM(N,N,2,169343,32,0x7fff1b6eb648,0x2af4bd0,2,0x152ad0ee7010,256,0x7fff1b6eb650,0x29a9fd0,2) 5.64ms CNR:OFF Dyn:0 FastMM:1 TID:0  NThr:1
MKL_VERBOSE SGEMM(N,N,2,169343,32,0x7fff1b6eb648,0x2af4cd0,2,0x152ad0ee7090,256,0x7fff1b6eb650,0x29a9fd0,2) 5.17ms CNR:OFF Dyn:0 FastMM:1 TID:0  NThr:1
MKL_VERBOSE SGEMM(N,N,2,169343,32,0x7fff1b6eb648,0x2af4dd0,2,0x152ad0ee7110,256,0x7fff1b6eb650,0x29a9fd0,2) 5.25ms CNR:OFF Dyn:0 FastMM:1 TID:0  NThr:1
MKL_VERBOSE SGEMM(N,N,2,169343,32,0x7fff1b6eb648,0x2af4ed0,2,0x152ad0ee7190,256,0x7fff1b6eb650,0x29a9fd0,2) 5.20ms CNR:OFF Dyn:0 FastMM:1 TID:0  NThr:1
MKL_VERBOSE SGEMM(N,N,2,169343,32,0x7fff1b6eb648,0x2af4fd0,2,0x152ad0ee7210,256,0x7fff1b6eb650,0x29a9fd0,2) 5.22ms CNR:OFF Dyn:0 FastMM:1 TID:0  NThr:1
MKL_VERBOSE SGEMM(N,N,2,169343,32,0x7fff1b6eb648,0x2af50d0,2,0x152ad0ee7290,256,0x7fff1b6eb650,0x29a9fd0,2) 5.22ms CNR:OFF Dyn:0 FastMM:1 TID:0  NThr:1
MKL_VERBOSE SGEMM(N,N,2,169343,32,0x7fff1b6eb648,0x2af51d0,2,0x152ad0ee7310,256,0x7fff1b6eb650,0x29a9fd0,2) 5.77ms CNR:OFF Dyn:0 FastMM:1 TID:0  NThr:1
MKL_VERBOSE SGEMM(N,N,2,169343,32,0x7fff1b6eb648,0x2af52d0,2,0x152ad0ee7390,256,0x7fff1b6eb650,0x29a9fd0,2) 5.79ms CNR:OFF Dyn:0 FastMM:1 TID:0  NThr:1
MKL_VERBOSE SGEMM(N,N,2,169343,32,0x7fff1b6eb648,0x2af4bd0,2,0x152ad0ee7010,256,0x7fff1b6eb650,0x29a9fd0,2) 5.74ms CNR:OFF Dyn:0 FastMM:1 TID:0  NThr:1
MKL_VERBOSE SGEMM(N,N,2,169343,32,0x7fff1b6eb648,0x2af4cd0,2,0x152ad0ee7090,256,0x7fff1b6eb650,0x29a9fd0,2) 5.20ms CNR:OFF Dyn:0 FastMM:1 TID:0  NThr:1
MKL_VERBOSE SGEMM(N,N,2,169343,32,0x7fff1b6eb648,0x2af4dd0,2,0x152ad0ee7110,256,0x7fff1b6eb650,0x29a9fd0,2) 5.27ms CNR:OFF Dyn:0 FastMM:1 TID:0  NThr:1
MKL_VERBOSE SGEMM(N,N,2,169343,32,0x7fff1b6eb648,0x2af4ed0,2,0x152ad0ee7190,256,0x7fff1b6eb650,0x29a9fd0,2) 5.22ms CNR:OFF Dyn:0 FastMM:1 TID:0  NThr:1
MKL_VERBOSE SGEMM(N,N,2,169343,32,0x7fff1b6eb648,0x2af4fd0,2,0x152ad0ee7210,256,0x7fff1b6eb650,0x29a9fd0,2) 5.24ms CNR:OFF Dyn:0 FastMM:1 TID:0  NThr:1
MKL_VERBOSE SGEMM(N,N,2,169343,32,0x7fff1b6eb648,0x2af50d0,2,0x152ad0ee7290,256,0x7fff1b6eb650,0x29a9fd0,2) 5.23ms CNR:OFF Dyn:0 FastMM:1 TID:0  NThr:1
MKL_VERBOSE SGEMM(N,N,2,169343,32,0x7fff1b6eb648,0x2af51d0,2,0x152ad0ee7310,256,0x7fff1b6eb650,0x29a9fd0,2) 5.80ms CNR:OFF Dyn:0 FastMM:1 TID:0  NThr:1
MKL_VERBOSE SGEMM(N,N,2,169343,32,0x7fff1b6eb648,0x2af52d0,2,0x152ad0ee7390,256,0x7fff1b6eb650,0x29a9fd0,2) 5.79ms CNR:OFF Dyn:0 FastMM:1 TID:0  NThr:1
MKL_VERBOSE SGEMM(N,N,2,169343,32,0x7fff1b6eb648,0x2af4bd0,2,0x152ad0ee7010,256,0x7fff1b6eb650,0x29a9fd0,2) 5.77ms CNR:OFF Dyn:0 FastMM:1 TID:0  NThr:1
MKL_VERBOSE SGEMM(N,N,2,169343,32,0x7fff1b6eb648,0x2af4cd0,2,0x152ad0ee7090,256,0x7fff1b6eb650,0x29a9fd0,2) 5.21ms CNR:OFF Dyn:0 FastMM:1 TID:0  NThr:1
MKL_VERBOSE SGEMM(N,N,2,169343,32,0x7fff1b6eb648,0x2af4dd0,2,0x152ad0ee7110,256,0x7fff1b6eb650,0x29a9fd0,2) 5.26ms CNR:OFF Dyn:0 FastMM:1 TID:0  NThr:1
MKL_VERBOSE SGEMM(N,N,2,169343,32,0x7fff1b6eb648,0x2af4ed0,2,0x152ad0ee7190,256,0x7fff1b6eb650,0x29a9fd0,2) 5.22ms CNR:OFF Dyn:0 FastMM:1 TID:0  NThr:1
MKL_VERBOSE SGEMM(N,N,2,169343,32,0x7fff1b6eb648,0x2af4fd0,2,0x152ad0ee7210,256,0x7fff1b6eb650,0x29a9fd0,2) 5.22ms CNR:OFF Dyn:0 FastMM:1 TID:0  NThr:1
MKL_VERBOSE SGEMM(N,N,2,169343,32,0x7fff1b6eb648,0x2af50d0,2,0x152ad0ee7290,256,0x7fff1b6eb650,0x29a9fd0,2) 5.23ms CNR:OFF Dyn:0 FastMM:1 TID:0  NThr:1
MKL_VERBOSE SGEMM(N,N,2,169343,32,0x7fff1b6eb648,0x2af51d0,2,0x152ad0ee7310,256,0x7fff1b6eb650,0x29a9fd0,2) 5.80ms CNR:OFF Dyn:0 FastMM:1 TID:0  NThr:1
MKL_VERBOSE SGEMM(N,N,2,169343,32,0x7fff1b6eb648,0x2af52d0,2,0x152ad0ee7390,256,0x7fff1b6eb650,0x29a9fd0,2) 5.80ms CNR:OFF Dyn:0 FastMM:1 TID:0  NThr:1
MKL_VERBOSE SGEMM(N,N,2,169343,32,0x7fff1b6eb648,0x2af4bd0,2,0x152ad0ee7010,256,0x7fff1b6eb650,0x29a9fd0,2) 5.73ms CNR:OFF Dyn:0 FastMM:1 TID:0  NThr:1
MKL_VERBOSE SGEMM(N,N,2,169343,32,0x7fff1b6eb648,0x2af4cd0,2,0x152ad0ee7090,256,0x7fff1b6eb650,0x29a9fd0,2) 5.20ms CNR:OFF Dyn:0 FastMM:1 TID:0  NThr:1
MKL_VERBOSE SGEMM(N,N,2,169343,32,0x7fff1b6eb648,0x2af4dd0,2,0x152ad0ee7110,256,0x7fff1b6eb650,0x29a9fd0,2) 5.28ms CNR:OFF Dyn:0 FastMM:1 TID:0  NThr:1
MKL_VERBOSE SGEMM(N,N,2,169343,32,0x7fff1b6eb648,0x2af4ed0,2,0x152ad0ee7190,256,0x7fff1b6eb650,0x29a9fd0,2) 5.20ms CNR:OFF Dyn:0 FastMM:1 TID:0  NThr:1
MKL_VERBOSE SGEMM(N,N,2,169343,32,0x7fff1b6eb648,0x2af4fd0,2,0x152ad0ee7210,256,0x7fff1b6eb650,0x29a9fd0,2) 5.22ms CNR:OFF Dyn:0 FastMM:1 TID:0  NThr:1
MKL_VERBOSE SGEMM(N,N,2,169343,32,0x7fff1b6eb648,0x2af50d0,2,0x152ad0ee7290,256,0x7fff1b6eb650,0x29a9fd0,2) 5.23ms CNR:OFF Dyn:0 FastMM:1 TID:0  NThr:1
MKL_VERBOSE SGEMM(N,N,2,169343,32,0x7fff1b6eb648,0x2af51d0,2,0x152ad0ee7310,256,0x7fff1b6eb650,0x29a9fd0,2) 5.77ms CNR:OFF Dyn:0 FastMM:1 TID:0  NThr:1
MKL_VERBOSE SGEMM(N,N,2,169343,32,0x7fff1b6eb648,0x2af52d0,2,0x152ad0ee7390,256,0x7fff1b6eb650,0x29a9fd0,2) 5.79ms CNR:OFF Dyn:0 FastMM:1 TID:0  NThr:1
MKL_VERBOSE SGEMM(N,N,2,169343,32,0x7fff1b6eb648,0x2af4bd0,2,0x152ad0ee7010,256,0x7fff1b6eb650,0x29a9fd0,2) 5.74ms CNR:OFF Dyn:0 FastMM:1 TID:0  NThr:1
MKL_VERBOSE SGEMM(N,N,2,169343,32,0x7fff1b6eb648,0x2af4cd0,2,0x152ad0ee7090,256,0x7fff1b6eb650,0x29a9fd0,2) 5.19ms CNR:OFF Dyn:0 FastMM:1 TID:0  NThr:1
MKL_VERBOSE SGEMM(N,N,2,169343,32,0x7fff1b6eb648,0x2af4dd0,2,0x152ad0ee7110,256,0x7fff1b6eb650,0x29a9fd0,2) 5.26ms CNR:OFF Dyn:0 FastMM:1 TID:0  NThr:1
MKL_VERBOSE SGEMM(N,N,2,169343,32,0x7fff1b6eb648,0x2af4ed0,2,0x152ad0ee7190,256,0x7fff1b6eb650,0x29a9fd0,2) 5.21ms CNR:OFF Dyn:0 FastMM:1 TID:0  NThr:1
MKL_VERBOSE SGEMM(N,N,2,169343,32,0x7fff1b6eb648,0x2af4fd0,2,0x152ad0ee7210,256,0x7fff1b6eb650,0x29a9fd0,2) 5.23ms CNR:OFF Dyn:0 FastMM:1 TID:0  NThr:1
MKL_VERBOSE SGEMM(N,N,2,169343,32,0x7fff1b6eb648,0x2af50d0,2,0x152ad0ee7290,256,0x7fff1b6eb650,0x29a9fd0,2) 5.22ms CNR:OFF Dyn:0 FastMM:1 TID:0  NThr:1
MKL_VERBOSE SGEMM(N,N,2,169343,32,0x7fff1b6eb648,0x2af51d0,2,0x152ad0ee7310,256,0x7fff1b6eb650,0x29a9fd0,2) 5.79ms CNR:OFF Dyn:0 FastMM:1 TID:0  NThr:1
MKL_VERBOSE SGEMM(N,N,2,169343,32,0x7fff1b6eb648,0x2af52d0,2,0x152ad0ee7390,256,0x7fff1b6eb650,0x29a9fd0,2) 5.80ms CNR:OFF Dyn:0 FastMM:1 TID:0  NThr:1
MKL_VERBOSE SGEMM(N,N,2,169343,32,0x7fff1b6eb648,0x2af4bd0,2,0x152ad0ee7010,256,0x7fff1b6eb650,0x29a9fd0,2) 5.72ms CNR:OFF Dyn:0 FastMM:1 TID:0  NThr:1
MKL_VERBOSE SGEMM(N,N,2,169343,32,0x7fff1b6eb648,0x2af4cd0,2,0x152ad0ee7090,256,0x7fff1b6eb650,0x29a9fd0,2) 5.19ms CNR:OFF Dyn:0 FastMM:1 TID:0  NThr:1
MKL_VERBOSE SGEMM(N,N,2,169343,32,0x7fff1b6eb648,0x2af4dd0,2,0x152ad0ee7110,256,0x7fff1b6eb650,0x29a9fd0,2) 5.27ms CNR:OFF Dyn:0 FastMM:1 TID:0  NThr:1
MKL_VERBOSE SGEMM(N,N,2,169343,32,0x7fff1b6eb648,0x2af4ed0,2,0x152ad0ee7190,256,0x7fff1b6eb650,0x29a9fd0,2) 5.22ms CNR:OFF Dyn:0 FastMM:1 TID:0  NThr:1
MKL_VERBOSE SGEMM(N,N,2,169343,32,0x7fff1b6eb648,0x2af4fd0,2,0x152ad0ee7210,256,0x7fff1b6eb650,0x29a9fd0,2) 5.22ms CNR:OFF Dyn:0 FastMM:1 TID:0  NThr:1
MKL_VERBOSE SGEMM(N,N,2,169343,32,0x7fff1b6eb648,0x2af50d0,2,0x152ad0ee7290,256,0x7fff1b6eb650,0x29a9fd0,2) 5.21ms CNR:OFF Dyn:0 FastMM:1 TID:0  NThr:1
MKL_VERBOSE SGEMM(N,N,2,169343,32,0x7fff1b6eb648,0x2af51d0,2,0x152ad0ee7310,256,0x7fff1b6eb650,0x29a9fd0,2) 5.79ms CNR:OFF Dyn:0 FastMM:1 TID:0  NThr:1
MKL_VERBOSE SGEMM(N,N,2,169343,32,0x7fff1b6eb648,0x2af52d0,2,0x152ad0ee7390,256,0x7fff1b6eb650,0x29a9fd0,2) 5.76ms CNR:OFF Dyn:0 FastMM:1 TID:0  NThr:1
MKL_VERBOSE SGEMM(N,N,2,169343,32,0x7fff1b6eb648,0x2af4bd0,2,0x152ad0ee7010,256,0x7fff1b6eb650,0x29a9fd0,2) 5.71ms CNR:OFF Dyn:0 FastMM:1 TID:0  NThr:1
MKL_VERBOSE SGEMM(N,N,2,169343,32,0x7fff1b6eb648,0x2af4cd0,2,0x152ad0ee7090,256,0x7fff1b6eb650,0x29a9fd0,2) 5.19ms CNR:OFF Dyn:0 FastMM:1 TID:0  NThr:1
MKL_VERBOSE SGEMM(N,N,2,169343,32,0x7fff1b6eb648,0x2af4dd0,2,0x152ad0ee7110,256,0x7fff1b6eb650,0x29a9fd0,2) 5.26ms CNR:OFF Dyn:0 FastMM:1 TID:0  NThr:1
MKL_VERBOSE SGEMM(N,N,2,169343,32,0x7fff1b6eb648,0x2af4ed0,2,0x152ad0ee7190,256,0x7fff1b6eb650,0x29a9fd0,2) 5.23ms CNR:OFF Dyn:0 FastMM:1 TID:0  NThr:1
MKL_VERBOSE SGEMM(N,N,2,169343,32,0x7fff1b6eb648,0x2af4fd0,2,0x152ad0ee7210,256,0x7fff1b6eb650,0x29a9fd0,2) 5.22ms CNR:OFF Dyn:0 FastMM:1 TID:0  NThr:1
MKL_VERBOSE SGEMM(N,N,2,169343,32,0x7fff1b6eb648,0x2af50d0,2,0x152ad0ee7290,256,0x7fff1b6eb650,0x29a9fd0,2) 5.21ms CNR:OFF Dyn:0 FastMM:1 TID:0  NThr:1
MKL_VERBOSE SGEMM(N,N,2,169343,32,0x7fff1b6eb648,0x2af51d0,2,0x152ad0ee7310,256,0x7fff1b6eb650,0x29a9fd0,2) 5.76ms CNR:OFF Dyn:0 FastMM:1 TID:0  NThr:1
MKL_VERBOSE SGEMM(N,N,2,169343,32,0x7fff1b6eb648,0x2af52d0,2,0x152ad0ee7390,256,0x7fff1b6eb650,0x29a9fd0,2) 5.78ms CNR:OFF Dyn:0 FastMM:1 TID:0  NThr:1
MKL_VERBOSE SGEMM(N,N,2,169343,32,0x7fff1b6eb648,0x2af4bd0,2,0x152ad0ee7010,256,0x7fff1b6eb650,0x29a9fd0,2) 5.74ms CNR:OFF Dyn:0 FastMM:1 TID:0  NThr:1
MKL_VERBOSE SGEMM(N,N,2,169343,32,0x7fff1b6eb648,0x2af4cd0,2,0x152ad0ee7090,256,0x7fff1b6eb650,0x29a9fd0,2) 5.20ms CNR:OFF Dyn:0 FastMM:1 TID:0  NThr:1
MKL_VERBOSE SGEMM(N,N,2,169343,32,0x7fff1b6eb648,0x2af4dd0,2,0x152ad0ee7110,256,0x7fff1b6eb650,0x29a9fd0,2) 5.29ms CNR:OFF Dyn:0 FastMM:1 TID:0  NThr:1
MKL_VERBOSE SGEMM(N,N,2,169343,32,0x7fff1b6eb648,0x2af4ed0,2,0x152ad0ee7190,256,0x7fff1b6eb650,0x29a9fd0,2) 5.21ms CNR:OFF Dyn:0 FastMM:1 TID:0  NThr:1
MKL_VERBOSE SGEMM(N,N,2,169343,32,0x7fff1b6eb648,0x2af4fd0,2,0x152ad0ee7210,256,0x7fff1b6eb650,0x29a9fd0,2) 5.21ms CNR:OFF Dyn:0 FastMM:1 TID:0  NThr:1
MKL_VERBOSE SGEMM(N,N,2,169343,32,0x7fff1b6eb648,0x2af50d0,2,0x152ad0ee7290,256,0x7fff1b6eb650,0x29a9fd0,2) 5.22ms CNR:OFF Dyn:0 FastMM:1 TID:0  NThr:1
MKL_VERBOSE SGEMM(N,N,2,169343,32,0x7fff1b6eb648,0x2af51d0,2,0x152ad0ee7310,256,0x7fff1b6eb650,0x29a9fd0,2) 5.77ms CNR:OFF Dyn:0 FastMM:1 TID:0  NThr:1
MKL_VERBOSE SGEMM(N,N,2,169343,32,0x7fff1b6eb648,0x2af52d0,2,0x152ad0ee7390,256,0x7fff1b6eb650,0x29a9fd0,2) 5.80ms CNR:OFF Dyn:0 FastMM:1 TID:0  NThr:1
MKL_VERBOSE SGEMM(N,N,2,169343,32,0x7fff1b6eb648,0x2af4bd0,2,0x152ad0ee7010,256,0x7fff1b6eb650,0x29a9fd0,2) 5.72ms CNR:OFF Dyn:0 FastMM:1 TID:0  NThr:1
MKL_VERBOSE SGEMM(N,N,2,169343,32,0x7fff1b6eb648,0x2af4cd0,2,0x152ad0ee7090,256,0x7fff1b6eb650,0x29a9fd0,2) 5.20ms CNR:OFF Dyn:0 FastMM:1 TID:0  NThr:1
MKL_VERBOSE SGEMM(N,N,2,169343,32,0x7fff1b6eb648,0x2af4dd0,2,0x152ad0ee7110,256,0x7fff1b6eb650,0x29a9fd0,2) 5.27ms CNR:OFF Dyn:0 FastMM:1 TID:0  NThr:1
MKL_VERBOSE SGEMM(N,N,2,169343,32,0x7fff1b6eb648,0x2af4ed0,2,0x152ad0ee7190,256,0x7fff1b6eb650,0x29a9fd0,2) 5.21ms CNR:OFF Dyn:0 FastMM:1 TID:0  NThr:1
MKL_VERBOSE SGEMM(N,N,2,169343,32,0x7fff1b6eb648,0x2af4fd0,2,0x152ad0ee7210,256,0x7fff1b6eb650,0x29a9fd0,2) 5.22ms CNR:OFF Dyn:0 FastMM:1 TID:0  NThr:1
MKL_VERBOSE SGEMM(N,N,2,169343,32,0x7fff1b6eb648,0x2af50d0,2,0x152ad0ee7290,256,0x7fff1b6eb650,0x29a9fd0,2) 5.21ms CNR:OFF Dyn:0 FastMM:1 TID:0  NThr:1
MKL_VERBOSE SGEMM(N,N,2,169343,32,0x7fff1b6eb648,0x2af51d0,2,0x152ad0ee7310,256,0x7fff1b6eb650,0x29a9fd0,2) 5.78ms CNR:OFF Dyn:0 FastMM:1 TID:0  NThr:1
MKL_VERBOSE SGEMM(N,N,2,169343,32,0x7fff1b6eb648,0x2af52d0,2,0x152ad0ee7390,256,0x7fff1b6eb650,0x29a9fd0,2) 5.79ms CNR:OFF Dyn:0 FastMM:1 TID:0  NThr:1
MICRO name=lr_z_sgemm_static_workspace layer=2 median_ms=48.9245 p95_ms=49.0631
ERROR path=micro layer=2 stage=lr_z_mkl_vs_avx_L finite=1 max_abs=2.384185791e-07 mean_abs=1.783586996e-08 relative_l2=1.16643311e-07 rmse=2.588387533e-08 p50=1.490116119e-08 p90=3.725290298e-08 p99=8.940696716e-08
MKL_VERBOSE GEMM_BF16BF16F32(N,N,16,169343,256,0x7fff1b6eb608,0x14da520,16,0x152aeff07010,256,0x7fff1b6eb610,0x152ad0491010,16) 8.85ms CNR:OFF Dyn:0 FastMM:1 TID:0  NThr:1
MKL_VERBOSE GEMM_BF16BF16F32(N,N,16,169343,256,0x7fff1b6eb608,0x14da520,16,0x152aeff07010,256,0x7fff1b6eb610,0x152ad0491010,16) 8.81ms CNR:OFF Dyn:0 FastMM:1 TID:0  NThr:1
MKL_VERBOSE GEMM_BF16BF16F32(N,N,16,169343,256,0x7fff1b6eb608,0x14da520,16,0x152aeff07010,256,0x7fff1b6eb610,0x152ad0491010,16) 8.80ms CNR:OFF Dyn:0 FastMM:1 TID:0  NThr:1
MKL_VERBOSE GEMM_BF16BF16F32(N,N,16,169343,256,0x7fff1b6eb608,0x14da520,16,0x152aeff07010,256,0x7fff1b6eb610,0x152ad0491010,16) 8.52ms CNR:OFF Dyn:0 FastMM:1 TID:0  NThr:1
MKL_VERBOSE GEMM_BF16BF16F32(N,N,16,169343,256,0x7fff1b6eb608,0x14da520,16,0x152aeff07010,256,0x7fff1b6eb610,0x152ad0491010,16) 8.27ms CNR:OFF Dyn:0 FastMM:1 TID:0  NThr:1
MKL_VERBOSE GEMM_BF16BF16F32(N,N,16,169343,256,0x7fff1b6eb608,0x14da520,16,0x152aeff07010,256,0x7fff1b6eb610,0x152ad0491010,16) 8.51ms CNR:OFF Dyn:0 FastMM:1 TID:0  NThr:1
MKL_VERBOSE GEMM_BF16BF16F32(N,N,16,169343,256,0x7fff1b6eb608,0x14da520,16,0x152aeff07010,256,0x7fff1b6eb610,0x152ad0491010,16) 8.30ms CNR:OFF Dyn:0 FastMM:1 TID:0  NThr:1
MKL_VERBOSE GEMM_BF16BF16F32(N,N,16,169343,256,0x7fff1b6eb608,0x14da520,16,0x152aeff07010,256,0x7fff1b6eb610,0x152ad0491010,16) 8.26ms CNR:OFF Dyn:0 FastMM:1 TID:0  NThr:1
MKL_VERBOSE GEMM_BF16BF16F32(N,N,16,169343,256,0x7fff1b6eb608,0x14da520,16,0x152aeff07010,256,0x7fff1b6eb610,0x152ad0491010,16) 8.48ms CNR:OFF Dyn:0 FastMM:1 TID:0  NThr:1
MICRO name=lr_reordered_bf16 layer=2 median_ms=9.764759 p95_ms=10.151052
MKL_VERBOSE SGEMM(N,N,16,169343,256,0x7fff1b6eb608,0x14d6510,16,0x152ae59a7010,256,0x7fff1b6eb610,0x152ad0491010,16) 18.59ms CNR:OFF Dyn:0 FastMM:1 TID:0  NThr:1
MKL_VERBOSE SGEMM(N,N,16,169343,256,0x7fff1b6eb608,0x14d6510,16,0x152ae59a7010,256,0x7fff1b6eb610,0x152ad0491010,16) 18.47ms CNR:OFF Dyn:0 FastMM:1 TID:0  NThr:1
MKL_VERBOSE SGEMM(N,N,16,169343,256,0x7fff1b6eb608,0x14d6510,16,0x152ae59a7010,256,0x7fff1b6eb610,0x152ad0491010,16) 18.48ms CNR:OFF Dyn:0 FastMM:1 TID:0  NThr:1
MKL_VERBOSE SGEMM(N,N,16,169343,256,0x7fff1b6eb608,0x14d6510,16,0x152ae59a7010,256,0x7fff1b6eb610,0x152ad0491010,16) 18.50ms CNR:OFF Dyn:0 FastMM:1 TID:0  NThr:1
MKL_VERBOSE SGEMM(N,N,16,169343,256,0x7fff1b6eb608,0x14d6510,16,0x152ae59a7010,256,0x7fff1b6eb610,0x152ad0491010,16) 18.50ms CNR:OFF Dyn:0 FastMM:1 TID:0  NThr:1
MKL_VERBOSE SGEMM(N,N,16,169343,256,0x7fff1b6eb608,0x14d6510,16,0x152ae59a7010,256,0x7fff1b6eb610,0x152ad0491010,16) 18.41ms CNR:OFF Dyn:0 FastMM:1 TID:0  NThr:1
MKL_VERBOSE SGEMM(N,N,16,169343,256,0x7fff1b6eb608,0x14d6510,16,0x152ae59a7010,256,0x7fff1b6eb610,0x152ad0491010,16) 18.43ms CNR:OFF Dyn:0 FastMM:1 TID:0  NThr:1
MKL_VERBOSE SGEMM(N,N,16,169343,256,0x7fff1b6eb608,0x14d6510,16,0x152ae59a7010,256,0x7fff1b6eb610,0x152ad0491010,16) 18.50ms CNR:OFF Dyn:0 FastMM:1 TID:0  NThr:1
MKL_VERBOSE SGEMM(N,N,16,169343,256,0x7fff1b6eb608,0x14d6510,16,0x152ae59a7010,256,0x7fff1b6eb610,0x152ad0491010,16) 18.54ms CNR:OFF Dyn:0 FastMM:1 TID:0  NThr:1
MICRO name=lr_reordered_fp32 layer=2 median_ms=19.781749 p95_ms=19.854743
MICRO name=lr_reordered_avx layer=2 median_ms=47.914257 p95_ms=48.057793
MICRO name=max_prescan layer=2 median_ms=6.574474 p95_ms=6.660606
MICRO name=weighted_spmm_score_exp layer=2 median_ms=363.301317 p95_ms=367.650527
