ORACLE layer=1 stage=z max_abs=4.32664615e-07 relative_l2=1.98833241e-07
ORACLE layer=1 stage=left max_abs=2.6032943e-07 relative_l2=2.49877312e-07
ORACLE layer=1 stage=right max_abs=3.14443973e-07 relative_l2=3.15283115e-07
ORACLE layer=1 stage=max max_abs=4.00859989e-07 relative_l2=2.46903109e-07
ORACLE layer=1 stage=den max_abs=9.53797636e-05 relative_l2=3.20661781e-07
ORACLE layer=1 stage=score max_abs=4.8673013e-07 relative_l2=3.01227603e-07
ORACLE layer=1 stage=p max_abs=3.59460481e-07 relative_l2=8.602634e-08
ORACLE layer=1 stage=alpha max_abs=5.91900872e-08 relative_l2=6.13637397e-08
ORACLE layer=1 stage=output max_abs=2.89650983e-07 relative_l2=2.99901671e-07
ORACLE layer=2 stage=z max_abs=5.68611488e-07 relative_l2=4.03536249e-07
ORACLE layer=2 stage=left max_abs=3.39579569e-07 relative_l2=3.42536526e-07
ORACLE layer=2 stage=right max_abs=2.8992555e-07 relative_l2=4.28953703e-07
ORACLE layer=2 stage=max max_abs=3.69716297e-07 relative_l2=3.90287126e-07
ORACLE layer=2 stage=den max_abs=9.01232021e-05 relative_l2=3.42719306e-07
ORACLE layer=2 stage=score max_abs=3.69716297e-07 relative_l2=4.86140869e-07
ORACLE layer=2 stage=p max_abs=2.43714953e-07 relative_l2=6.58557937e-08
ORACLE layer=2 stage=alpha max_abs=1.07025499e-07 relative_l2=5.97670155e-08
ORACLE layer=2 stage=output max_abs=4.19896437e-07 relative_l2=5.04655759e-07
ORACLE layer=3 stage=z max_abs=2.11785112e-07 relative_l2=5.53577019e-07
ORACLE layer=3 stage=left max_abs=7.8100016e-08 relative_l2=1.14089656e-06
ORACLE layer=3 stage=right max_abs=1.34462127e-07 relative_l2=4.89241972e-07
ORACLE layer=3 stage=max max_abs=6.45613205e-08 relative_l2=6.07593357e-07
ORACLE layer=3 stage=den max_abs=2.92405749e-05 relative_l2=1.57866055e-07
ORACLE layer=3 stage=score max_abs=1.51181273e-07 relative_l2=9.54099603e-07
ORACLE layer=3 stage=p max_abs=1.41752547e-07 relative_l2=3.523724e-08
ORACLE layer=3 stage=alpha max_abs=1.68179292e-08 relative_l2=4.37543013e-08
ORACLE layer=3 stage=output max_abs=1.3807936e-07 relative_l2=5.3283841e-07
NUMPY_ORACLE PASS three_layer_chain=true
