GCN E2E v3 — Hybrid Pipeline (FP32 inter-layer + BF16 final)
Threads: 32

Loading: /home/huangjianqiang_group/hdacp1/data/yx/TFS/data/wiki-Talk/wiki-Talk.csrbin
Matrix: wiki-Talk  N=2394385  NNZ=5021410  avg_deg=2.1

=== TFS V3 Hybrid Pipeline ===
  run 0: 109.09 ms
  run 1: 106.32 ms
  run 2: 110.33 ms
  run 3: 108.12 ms
  run 4: 106.77 ms
  TFS V3 E2E BEST: 106.32 ms

=== MKL FP32 Two-Step ===
  run 0: 91.03 ms
  run 1: 90.80 ms
  run 2: 90.83 ms
  run 3: 90.91 ms
  run 4: 91.01 ms
  MKL E2E BEST: 90.80 ms

=== E2E Summary ===
  TFS V3 (hybrid): 106.32 ms
  MKL (FP32):      90.80 ms
  E2E Speedup:     0.85×

=== Precision ===
  TFS_hybrid vs MKL_FP32: max_rel_err=0.010017  RMSE=3.4860e+01
First 8:
  TFS: 0.00 0.00 0.00 0.00 0.00 0.00 0.00 0.00 
  MKL: 0.00 0.00 0.00 0.00 0.00 0.00 0.00 0.00 
