/home/huangjianqiang_group/hdacp1/data/wzh/GCN-extra/runs/selective-shape-build-20261005-122940/source_snapshot/selective_shape.cpp:33:62: warning: implicit conversion from 'int' to 'float' changes value from 2147483647 to 2147483648 [-Wimplicit-const-int-float-conversion]
   33 |  srand(12345);for(size_t k=0;k<w1.n;k++)w1[k]=((float)rand()/RAND_MAX-.5f)*.1f;for(size_t k=0;k<w2.n;k++)w2[k]=((float)rand()/RAND_MAX-.5f)*.1f;
      |                                                             ~^~~~~~~~
/usr/include/stdlib.h:86:18: note: expanded from macro 'RAND_MAX'
   86 | #define RAND_MAX        2147483647
      |                         ^~~~~~~~~~
/home/huangjianqiang_group/hdacp1/data/wzh/GCN-extra/runs/selective-shape-build-20261005-122940/source_snapshot/selective_shape.cpp:33:127: warning: implicit conversion from 'int' to 'float' changes value from 2147483647 to 2147483648 [-Wimplicit-const-int-float-conversion]
   33 |  srand(12345);for(size_t k=0;k<w1.n;k++)w1[k]=((float)rand()/RAND_MAX-.5f)*.1f;for(size_t k=0;k<w2.n;k++)w2[k]=((float)rand()/RAND_MAX-.5f)*.1f;
      |                                                                                                                              ~^~~~~~~~
/usr/include/stdlib.h:86:18: note: expanded from macro 'RAND_MAX'
   86 | #define RAND_MAX        2147483647
      |                         ^~~~~~~~~~
/home/huangjianqiang_group/hdacp1/data/wzh/GCN-extra/runs/selective-shape-build-20261005-122940/source_snapshot/selective_shape.cpp:34:46: warning: implicit conversion from 'int' to 'float' changes value from 2147483647 to 2147483648 [-Wimplicit-const-int-float-conversion]
   34 |  for(size_t k=0;k<nd;k++)h0[k]=(float)rand()/RAND_MAX-.5f;
      |                                             ~^~~~~~~~
/usr/include/stdlib.h:86:18: note: expanded from macro 'RAND_MAX'
   86 | #define RAND_MAX        2147483647
      |                         ^~~~~~~~~~
/home/huangjianqiang_group/hdacp1/data/wzh/GCN-extra/runs/selective-shape-build-20261005-122940/source_snapshot/selective_shape.cpp:33:62: warning: implicit conversion from 'int' to 'float' changes value from 2147483647 to 2147483648 [-Wimplicit-const-int-float-conversion]
   33 |  srand(12345);for(size_t k=0;k<w1.n;k++)w1[k]=((float)rand()/RAND_MAX-.5f)*.1f;for(size_t k=0;k<w2.n;k++)w2[k]=((float)rand()/RAND_MAX-.5f)*.1f;
      |                                                             ~^~~~~~~~
/usr/include/stdlib.h:86:18: note: expanded from macro 'RAND_MAX'
   86 | #define RAND_MAX        2147483647
      |                         ^~~~~~~~~~
/home/huangjianqiang_group/hdacp1/data/wzh/GCN-extra/runs/selective-shape-build-20261005-122940/source_snapshot/selective_shape.cpp:97:99: note: in instantiation of function template specialization 'selective::run<32>' requested here
   97 |   int* perm=make_degree_perm(g.indptr,g.N);auto plans=selective::plans(g,perm,argv[2]);selective::run<32>(g,perm,plans,argv[2]);selective::run<128>(g,perm,plans,argv[2]);
      |                                                                                                   ^
/home/huangjianqiang_group/hdacp1/data/wzh/GCN-extra/runs/selective-shape-build-20261005-122940/source_snapshot/selective_shape.cpp:33:127: warning: implicit conversion from 'int' to 'float' changes value from 2147483647 to 2147483648 [-Wimplicit-const-int-float-conversion]
   33 |  srand(12345);for(size_t k=0;k<w1.n;k++)w1[k]=((float)rand()/RAND_MAX-.5f)*.1f;for(size_t k=0;k<w2.n;k++)w2[k]=((float)rand()/RAND_MAX-.5f)*.1f;
      |                                                                                                                              ~^~~~~~~~
/usr/include/stdlib.h:86:18: note: expanded from macro 'RAND_MAX'
   86 | #define RAND_MAX        2147483647
      |                         ^~~~~~~~~~
/home/huangjianqiang_group/hdacp1/data/wzh/GCN-extra/runs/selective-shape-build-20261005-122940/source_snapshot/selective_shape.cpp:34:46: warning: implicit conversion from 'int' to 'float' changes value from 2147483647 to 2147483648 [-Wimplicit-const-int-float-conversion]
   34 |  for(size_t k=0;k<nd;k++)h0[k]=(float)rand()/RAND_MAX-.5f;
      |                                             ~^~~~~~~~
/usr/include/stdlib.h:86:18: note: expanded from macro 'RAND_MAX'
   86 | #define RAND_MAX        2147483647
      |                         ^~~~~~~~~~
/home/huangjianqiang_group/hdacp1/data/wzh/GCN-extra/runs/selective-shape-build-20261005-122940/source_snapshot/selective_shape.cpp:33:62: warning: implicit conversion from 'int' to 'float' changes value from 2147483647 to 2147483648 [-Wimplicit-const-int-float-conversion]
   33 |  srand(12345);for(size_t k=0;k<w1.n;k++)w1[k]=((float)rand()/RAND_MAX-.5f)*.1f;for(size_t k=0;k<w2.n;k++)w2[k]=((float)rand()/RAND_MAX-.5f)*.1f;
      |                                                             ~^~~~~~~~
/usr/include/stdlib.h:86:18: note: expanded from macro 'RAND_MAX'
   86 | #define RAND_MAX        2147483647
      |                         ^~~~~~~~~~
/home/huangjianqiang_group/hdacp1/data/wzh/GCN-extra/runs/selective-shape-build-20261005-122940/source_snapshot/selective_shape.cpp:97:140: note: in instantiation of function template specialization 'selective::run<128>' requested here
   97 |   int* perm=make_degree_perm(g.indptr,g.N);auto plans=selective::plans(g,perm,argv[2]);selective::run<32>(g,perm,plans,argv[2]);selective::run<128>(g,perm,plans,argv[2]);
      |                                                                                                                                            ^
/home/huangjianqiang_group/hdacp1/data/wzh/GCN-extra/runs/selective-shape-build-20261005-122940/source_snapshot/selective_shape.cpp:33:127: warning: implicit conversion from 'int' to 'float' changes value from 2147483647 to 2147483648 [-Wimplicit-const-int-float-conversion]
   33 |  srand(12345);for(size_t k=0;k<w1.n;k++)w1[k]=((float)rand()/RAND_MAX-.5f)*.1f;for(size_t k=0;k<w2.n;k++)w2[k]=((float)rand()/RAND_MAX-.5f)*.1f;
      |                                                                                                                              ~^~~~~~~~
/usr/include/stdlib.h:86:18: note: expanded from macro 'RAND_MAX'
   86 | #define RAND_MAX        2147483647
      |                         ^~~~~~~~~~
/home/huangjianqiang_group/hdacp1/data/wzh/GCN-extra/runs/selective-shape-build-20261005-122940/source_snapshot/selective_shape.cpp:34:46: warning: implicit conversion from 'int' to 'float' changes value from 2147483647 to 2147483648 [-Wimplicit-const-int-float-conversion]
   34 |  for(size_t k=0;k<nd;k++)h0[k]=(float)rand()/RAND_MAX-.5f;
      |                                             ~^~~~~~~~
/usr/include/stdlib.h:86:18: note: expanded from macro 'RAND_MAX'
   86 | #define RAND_MAX        2147483647
      |                         ^~~~~~~~~~
9 warnings generated.
