CONFIG N=169343 E=2484941 Din=128 C=40 threads=16 seed=11 untrained=true warmups=1 repeats=3 degree_sort_ms=16.546632 panel=64 tile_rows=16 LR_policy=fp32 online_max_prescan=false output_accumulator=TMM output_rescale_dim=d task_accuracy=UNVERIFIED performance=EXPLORATORY
STATIC layer=1 prepare_ms=1.717462 online_workspace_bytes=281917824 global_Z_bytes=0 global_edge_score_bytes=0 global_alpha_bytes=0
STATIC layer=2 prepare_ms=0.305287 online_workspace_bytes=325335168 global_Z_bytes=0 global_edge_score_bytes=0 global_alpha_bytes=0
STATIC layer=3 prepare_ms=0.057238 online_workspace_bytes=122123568 global_Z_bytes=0 global_edge_score_bytes=0 global_alpha_bytes=0
CHECK path=ICPP_TFS_ONLINE_B16 layer=1 reference=B1_PREMAX_same_input_same_LR max_abs_error=0.000658452510834 mean_abs_error=4.74850501919e-06 relative_L2_error=9.91038541017e-05 finite=1 original_abs_003_gate=PASS task_accuracy=UNVERIFIED
CHECK path=ICPP_TFS_ONLINE_B32 layer=1 reference=B1_PREMAX_same_input_same_LR max_abs_error=0.000493060797453 mean_abs_error=1.00257926896e-06 relative_L2_error=3.91769380613e-05 finite=1 original_abs_003_gate=PASS task_accuracy=UNVERIFIED
CHECK path=ICPP_TFS_ONLINE_B64 layer=1 reference=B1_PREMAX_same_input_same_LR max_abs_error=0.000284015201032 mean_abs_error=2.11041776118e-07 relative_L2_error=1.48369266179e-05 finite=1 original_abs_003_gate=PASS task_accuracy=UNVERIFIED
ORACLE_COVERAGE layer=1 rows=8 edges=13707 global_max_degree_node=1353 global_max_degree=13162 global_max_degree_included=true complete_neighborhoods=true activation=false outputs_rounded_to_fp32=true
CHECK path=ICPP_ONLINE_FIXED_INPUT layer=1 reference=FP64_master_same_LR_selected_rows max_abs_error=0.00134247541428 mean_abs_error=0.000316946416539 relative_L2_error=0.00190391023473 finite=1 original_abs_003_gate=PASS task_accuracy=UNVERIFIED
CHECK path=ICPP_ONLINE_FIXED_INPUT layer=1 reference=FP64_quantized_H_W_same_LR_without_pH_quantization max_abs_error=0.000537175685167 mean_abs_error=5.41729794561e-05 relative_L2_error=0.000411067378087 finite=1 original_abs_003_gate=PASS task_accuracy=UNVERIFIED
CHECK path=ICPP_TFS_ONLINE_B16 layer=2 reference=B1_PREMAX_same_input_same_LR max_abs_error=0.00083589553833 mean_abs_error=4.22834136242e-06 relative_L2_error=8.99164175491e-05 finite=1 original_abs_003_gate=PASS task_accuracy=UNVERIFIED
CHECK path=ICPP_TFS_ONLINE_B32 layer=2 reference=B1_PREMAX_same_input_same_LR max_abs_error=0.000472784042358 mean_abs_error=9.14611608913e-07 relative_L2_error=3.58739229596e-05 finite=1 original_abs_003_gate=PASS task_accuracy=UNVERIFIED
CHECK path=ICPP_TFS_ONLINE_B64 layer=2 reference=B1_PREMAX_same_input_same_LR max_abs_error=0.00029706209898 mean_abs_error=1.92218497495e-07 relative_L2_error=1.35513110016e-05 finite=1 original_abs_003_gate=PASS task_accuracy=UNVERIFIED
ORACLE_COVERAGE layer=2 rows=8 edges=13707 global_max_degree_node=1353 global_max_degree=13162 global_max_degree_included=true complete_neighborhoods=true activation=false outputs_rounded_to_fp32=true
CHECK path=ICPP_ONLINE_FIXED_INPUT layer=2 reference=FP64_master_same_LR_selected_rows max_abs_error=0.00126444920897 mean_abs_error=0.000278401506605 relative_L2_error=0.00167668530914 finite=1 original_abs_003_gate=PASS task_accuracy=UNVERIFIED
CHECK path=ICPP_ONLINE_FIXED_INPUT layer=2 reference=FP64_quantized_H_W_same_LR_without_pH_quantization max_abs_error=0.000496707856655 mean_abs_error=4.6301764554e-05 relative_L2_error=0.000354635010139 finite=1 original_abs_003_gate=PASS task_accuracy=UNVERIFIED
CHECK path=ICPP_TFS_ONLINE_B16 layer=3 reference=B1_PREMAX_same_input_same_LR max_abs_error=0.00105315446854 mean_abs_error=4.54657593957e-06 relative_L2_error=0.000107019406967 finite=1 original_abs_003_gate=PASS task_accuracy=UNVERIFIED
CHECK path=ICPP_TFS_ONLINE_B32 layer=3 reference=B1_PREMAX_same_input_same_LR max_abs_error=0.000793129205704 mean_abs_error=1.06984136778e-06 relative_L2_error=4.71734192071e-05 finite=1 original_abs_003_gate=PASS task_accuracy=UNVERIFIED
CHECK path=ICPP_TFS_ONLINE_B64 layer=3 reference=B1_PREMAX_same_input_same_LR max_abs_error=0.000620126724243 mean_abs_error=2.49309414196e-07 relative_L2_error=2.03380281648e-05 finite=1 original_abs_003_gate=PASS task_accuracy=UNVERIFIED
ORACLE_COVERAGE layer=3 rows=8 edges=13707 global_max_degree_node=1353 global_max_degree=13162 global_max_degree_included=true complete_neighborhoods=true activation=false outputs_rounded_to_fp32=true
CHECK path=ICPP_ONLINE_FIXED_INPUT layer=3 reference=FP64_master_same_LR_selected_rows max_abs_error=0.000983971403912 mean_abs_error=0.000234345842873 relative_L2_error=0.00150353483108 finite=1 original_abs_003_gate=PASS task_accuracy=UNVERIFIED
CHECK path=ICPP_ONLINE_FIXED_INPUT layer=3 reference=FP64_quantized_H_W_same_LR_without_pH_quantization max_abs_error=0.000267326831818 mean_abs_error=5.22305211376e-05 relative_L2_error=0.000376213006085 finite=1 original_abs_003_gate=PASS task_accuracy=UNVERIFIED
CHECK path=B0_FP32 layer=1 reference=B0_FP32_own_output_3layer max_abs_error=0 mean_abs_error=0 relative_L2_error=0 finite=1 original_abs_003_gate=PASS task_accuracy=UNVERIFIED
CHECK path=B0_FP32 layer=2 reference=B0_FP32_own_output_3layer max_abs_error=0 mean_abs_error=0 relative_L2_error=0 finite=1 original_abs_003_gate=PASS task_accuracy=UNVERIFIED
CHECK path=B0_FP32 layer=3 reference=B0_FP32_own_output_3layer max_abs_error=0 mean_abs_error=0 relative_L2_error=0 finite=1 original_abs_003_gate=PASS task_accuracy=UNVERIFIED
CHECK path=B0_BF16 layer=1 reference=B0_FP32_own_output_3layer max_abs_error=0.00294017791748 mean_abs_error=0.000310601022267 relative_L2_error=0.00190785210806 finite=1 original_abs_003_gate=PASS task_accuracy=UNVERIFIED
CHECK path=B0_BF16 layer=2 reference=B0_FP32_own_output_3layer max_abs_error=0.00309580564499 mean_abs_error=0.00039252464584 relative_L2_error=0.00253741964854 finite=1 original_abs_003_gate=FAIL task_accuracy=UNVERIFIED
CHECK path=B0_BF16 layer=3 reference=B0_FP32_own_output_3layer max_abs_error=0.00333481281996 mean_abs_error=0.000497330746597 relative_L2_error=0.00310539759334 finite=1 original_abs_003_gate=FAIL task_accuracy=UNVERIFIED
CHECK path=B1_TFS_PREMAX layer=1 reference=B0_FP32_own_output_3layer max_abs_error=0.00283050537109 mean_abs_error=0.000324652559823 relative_L2_error=0.00200285454356 finite=1 original_abs_003_gate=PASS task_accuracy=UNVERIFIED
CHECK path=B1_TFS_PREMAX layer=2 reference=B0_FP32_own_output_3layer max_abs_error=0.00316774845123 mean_abs_error=0.000403762014627 relative_L2_error=0.00261417664794 finite=1 original_abs_003_gate=FAIL task_accuracy=UNVERIFIED
CHECK path=B1_TFS_PREMAX layer=3 reference=B0_FP32_own_output_3layer max_abs_error=0.00358102470636 mean_abs_error=0.000507655094412 relative_L2_error=0.00317628988381 finite=1 original_abs_003_gate=FAIL task_accuracy=UNVERIFIED
CHECK path=ICPP_TFS_ONLINE_B16 layer=1 reference=B0_FP32_own_output_3layer max_abs_error=0.00283050537109 mean_abs_error=0.000324639743912 relative_L2_error=0.00200278461345 finite=1 original_abs_003_gate=PASS task_accuracy=UNVERIFIED
CHECK path=ICPP_TFS_ONLINE_B16 layer=2 reference=B0_FP32_own_output_3layer max_abs_error=0.00316774845123 mean_abs_error=0.000403766166699 relative_L2_error=0.00261390871184 finite=1 original_abs_003_gate=FAIL task_accuracy=UNVERIFIED
CHECK path=ICPP_TFS_ONLINE_B16 layer=3 reference=B0_FP32_own_output_3layer max_abs_error=0.00358102470636 mean_abs_error=0.000507762897172 relative_L2_error=0.00317708458324 finite=1 original_abs_003_gate=FAIL task_accuracy=UNVERIFIED
CHECK path=ICPP_TFS_ONLINE_B32 layer=1 reference=B0_FP32_own_output_3layer max_abs_error=0.00283050537109 mean_abs_error=0.000324651427297 relative_L2_error=0.00200284778633 finite=1 original_abs_003_gate=PASS task_accuracy=UNVERIFIED
CHECK path=ICPP_TFS_ONLINE_B32 layer=2 reference=B0_FP32_own_output_3layer max_abs_error=0.00316774845123 mean_abs_error=0.000403769447044 relative_L2_error=0.00261402987839 finite=1 original_abs_003_gate=FAIL task_accuracy=UNVERIFIED
CHECK path=ICPP_TFS_ONLINE_B32 layer=3 reference=B0_FP32_own_output_3layer max_abs_error=0.00358102470636 mean_abs_error=0.0005077876489 relative_L2_error=0.00317680528182 finite=1 original_abs_003_gate=FAIL task_accuracy=UNVERIFIED
CHECK path=ICPP_TFS_ONLINE_B64 layer=1 reference=B0_FP32_own_output_3layer max_abs_error=0.00283050537109 mean_abs_error=0.000324651641813 relative_L2_error=0.0020028513883 finite=1 original_abs_003_gate=PASS task_accuracy=UNVERIFIED
CHECK path=ICPP_TFS_ONLINE_B64 layer=2 reference=B0_FP32_own_output_3layer max_abs_error=0.00316774845123 mean_abs_error=0.00040376536131 relative_L2_error=0.0026140311366 finite=1 original_abs_003_gate=FAIL task_accuracy=UNVERIFIED
CHECK path=ICPP_TFS_ONLINE_B64 layer=3 reference=B0_FP32_own_output_3layer max_abs_error=0.00358102470636 mean_abs_error=0.000507772613554 relative_L2_error=0.00317686247392 finite=1 original_abs_003_gate=FAIL task_accuracy=UNVERIFIED
{"path":"B0_FP32","rep":0,"layer":1,"e2e_ms":75.69117,"layer_ms":31.435336,"projection_ms":5.28272,"conversion_ms":0.000142,"lr_ms":1.316787,"max_prescan_ms":0.658265,"kernel_ms":21.357111,"normalization_ms":1.30493,"activation_ms":1.514581,"block":0}
{"path":"B0_FP32","rep":0,"layer":2,"e2e_ms":75.69117,"layer_ms":36.419617,"projection_ms":10.256472,"conversion_ms":0.000129,"lr_ms":1.345275,"max_prescan_ms":0.641935,"kernel_ms":21.364247,"normalization_ms":1.300668,"activation_ms":1.510221,"block":0}
{"path":"B0_FP32","rep":0,"layer":3,"e2e_ms":75.69117,"layer_ms":7.833873,"projection_ms":3.016195,"conversion_ms":3e-05,"lr_ms":0.244651,"max_prescan_ms":0.416905,"kernel_ms":3.955265,"normalization_ms":0.200307,"activation_ms":0.000136,"block":0}
{"path":"B0_BF16","rep":0,"layer":1,"e2e_ms":70.310173,"layer_ms":31.521133,"projection_ms":4.492633,"conversion_ms":0.943863,"lr_ms":1.341099,"max_prescan_ms":0.643685,"kernel_ms":21.281362,"normalization_ms":1.303986,"activation_ms":1.513412,"block":0}
{"path":"B0_BF16","rep":0,"layer":2,"e2e_ms":70.310173,"layer_ms":31.522256,"projection_ms":4.230912,"conversion_ms":1.296621,"lr_ms":1.320927,"max_prescan_ms":0.620868,"kernel_ms":21.23089,"normalization_ms":1.310237,"activation_ms":1.510872,"block":0}
{"path":"B0_BF16","rep":0,"layer":3,"e2e_ms":70.310173,"layer_ms":7.264639,"projection_ms":1.024552,"conversion_ms":1.459324,"lr_ms":0.230716,"max_prescan_ms":0.403639,"kernel_ms":3.946392,"normalization_ms":0.199386,"activation_ms":0.000166,"block":0}
{"path":"B1_TFS_PREMAX","rep":0,"layer":1,"e2e_ms":424.856746,"layer_ms":132.020758,"projection_ms":0,"conversion_ms":0.633292,"lr_ms":1.007024,"max_prescan_ms":0.72176,"kernel_ms":126.852156,"normalization_ms":1.316062,"activation_ms":1.489206,"block":0}
{"path":"B1_TFS_PREMAX","rep":0,"layer":2,"e2e_ms":424.856746,"layer_ms":263.320366,"projection_ms":0,"conversion_ms":1.417468,"lr_ms":1.422509,"max_prescan_ms":0.740476,"kernel_ms":256.925965,"normalization_ms":1.312492,"activation_ms":1.5007,"block":0}
{"path":"B1_TFS_PREMAX","rep":0,"layer":3,"e2e_ms":424.856746,"layer_ms":29.51233,"projection_ms":0,"conversion_ms":1.299711,"lr_ms":1.3356,"max_prescan_ms":0.39503,"kernel_ms":26.268782,"normalization_ms":0.212652,"activation_ms":3.4e-05,"block":0}
{"path":"ICPP_TFS_ONLINE_B16","rep":0,"layer":1,"e2e_ms":433.716191,"layer_ms":148.22754,"projection_ms":0,"conversion_ms":0.620664,"lr_ms":1.010329,"max_prescan_ms":0,"kernel_ms":143.738044,"normalization_ms":1.313475,"activation_ms":1.544271,"block":16}
{"path":"ICPP_TFS_ONLINE_B16","rep":0,"layer":2,"e2e_ms":433.716191,"layer_ms":255.62234,"projection_ms":0,"conversion_ms":1.301569,"lr_ms":1.421967,"max_prescan_ms":0,"kernel_ms":249.90702,"normalization_ms":1.387731,"activation_ms":1.603294,"block":16}
{"path":"ICPP_TFS_ONLINE_B16","rep":0,"layer":3,"e2e_ms":433.716191,"layer_ms":29.860972,"projection_ms":0,"conversion_ms":1.41546,"lr_ms":1.382084,"max_prescan_ms":0,"kernel_ms":26.857851,"normalization_ms":0.204711,"activation_ms":0.00014,"block":16}
{"path":"ICPP_TFS_ONLINE_B32","rep":0,"layer":1,"e2e_ms":441.301835,"layer_ms":146.233004,"projection_ms":0,"conversion_ms":0.629988,"lr_ms":0.998442,"max_prescan_ms":0,"kernel_ms":141.736545,"normalization_ms":1.300362,"activation_ms":1.566805,"block":32}
{"path":"ICPP_TFS_ONLINE_B32","rep":0,"layer":2,"e2e_ms":441.301835,"layer_ms":265.077045,"projection_ms":0,"conversion_ms":1.302325,"lr_ms":1.405042,"max_prescan_ms":0,"kernel_ms":259.409133,"normalization_ms":1.375484,"activation_ms":1.584172,"block":32}
{"path":"ICPP_TFS_ONLINE_B32","rep":0,"layer":3,"e2e_ms":441.301835,"layer_ms":29.987463,"projection_ms":0,"conversion_ms":1.375281,"lr_ms":1.37062,"max_prescan_ms":0,"kernel_ms":27.036391,"normalization_ms":0.204524,"activation_ms":2.9e-05,"block":32}
{"path":"ICPP_TFS_ONLINE_B64","rep":0,"layer":1,"e2e_ms":441.918665,"layer_ms":146.28473,"projection_ms":0,"conversion_ms":0.625853,"lr_ms":0.999459,"max_prescan_ms":0,"kernel_ms":141.759752,"normalization_ms":1.336925,"activation_ms":1.562083,"block":64}
{"path":"ICPP_TFS_ONLINE_B64","rep":0,"layer":2,"e2e_ms":441.918665,"layer_ms":264.769482,"projection_ms":0,"conversion_ms":1.296588,"lr_ms":1.399759,"max_prescan_ms":0,"kernel_ms":259.104883,"normalization_ms":1.379841,"activation_ms":1.587669,"block":64}
{"path":"ICPP_TFS_ONLINE_B64","rep":0,"layer":3,"e2e_ms":441.918665,"layer_ms":30.860799,"projection_ms":0,"conversion_ms":1.377434,"lr_ms":1.378638,"max_prescan_ms":0,"kernel_ms":27.899615,"normalization_ms":0.204495,"activation_ms":2.8e-05,"block":64}
{"path":"ICPP_TFS_ONLINE_B64","rep":1,"layer":1,"e2e_ms":446.770402,"layer_ms":144.281483,"projection_ms":0,"conversion_ms":0.620302,"lr_ms":0.994117,"max_prescan_ms":0,"kernel_ms":139.804111,"normalization_ms":1.312093,"activation_ms":1.550116,"block":64}
{"path":"ICPP_TFS_ONLINE_B64","rep":1,"layer":2,"e2e_ms":446.770402,"layer_ms":271.927566,"projection_ms":0,"conversion_ms":1.295007,"lr_ms":1.413894,"max_prescan_ms":0,"kernel_ms":266.264347,"normalization_ms":1.368718,"activation_ms":1.58485,"block":64}
{"path":"ICPP_TFS_ONLINE_B64","rep":1,"layer":3,"e2e_ms":446.770402,"layer_ms":30.557498,"projection_ms":0,"conversion_ms":1.380956,"lr_ms":1.376726,"max_prescan_ms":0,"kernel_ms":27.583786,"normalization_ms":0.214482,"activation_ms":0.00044,"block":64}
{"path":"ICPP_TFS_ONLINE_B32","rep":1,"layer":1,"e2e_ms":441.642124,"layer_ms":147.671833,"projection_ms":0,"conversion_ms":0.626115,"lr_ms":0.991007,"max_prescan_ms":0,"kernel_ms":143.198231,"normalization_ms":1.309947,"activation_ms":1.545736,"block":32}
{"path":"ICPP_TFS_ONLINE_B32","rep":1,"layer":2,"e2e_ms":441.642124,"layer_ms":264.215875,"projection_ms":0,"conversion_ms":1.312428,"lr_ms":1.396974,"max_prescan_ms":0,"kernel_ms":258.531041,"normalization_ms":1.387848,"activation_ms":1.586851,"block":32}
{"path":"ICPP_TFS_ONLINE_B32","rep":1,"layer":3,"e2e_ms":441.642124,"layer_ms":29.751413,"projection_ms":0,"conversion_ms":1.388474,"lr_ms":1.36959,"max_prescan_ms":0,"kernel_ms":26.784298,"normalization_ms":0.208204,"activation_ms":2.7e-05,"block":32}
{"path":"ICPP_TFS_ONLINE_B16","rep":1,"layer":1,"e2e_ms":443.104402,"layer_ms":147.335447,"projection_ms":0,"conversion_ms":0.625436,"lr_ms":0.993573,"max_prescan_ms":0,"kernel_ms":142.835987,"normalization_ms":1.319015,"activation_ms":1.560641,"block":16}
{"path":"ICPP_TFS_ONLINE_B16","rep":1,"layer":2,"e2e_ms":443.104402,"layer_ms":265.329227,"projection_ms":0,"conversion_ms":1.290274,"lr_ms":1.413339,"max_prescan_ms":0,"kernel_ms":259.660954,"normalization_ms":1.370358,"activation_ms":1.593376,"block":16}
{"path":"ICPP_TFS_ONLINE_B16","rep":1,"layer":3,"e2e_ms":443.104402,"layer_ms":30.436522,"projection_ms":0,"conversion_ms":1.385241,"lr_ms":1.37077,"max_prescan_ms":0,"kernel_ms":27.47319,"normalization_ms":0.206552,"activation_ms":0.00014,"block":16}
{"path":"B1_TFS_PREMAX","rep":1,"layer":1,"e2e_ms":425.159327,"layer_ms":131.307765,"projection_ms":0,"conversion_ms":0.629253,"lr_ms":0.991616,"max_prescan_ms":0.732089,"kernel_ms":126.122018,"normalization_ms":1.308159,"activation_ms":1.523843,"block":0}
{"path":"B1_TFS_PREMAX","rep":1,"layer":2,"e2e_ms":425.159327,"layer_ms":263.807764,"projection_ms":0,"conversion_ms":1.407072,"lr_ms":1.412155,"max_prescan_ms":0.727361,"kernel_ms":257.449181,"normalization_ms":1.318688,"activation_ms":1.49255,"block":0}
{"path":"B1_TFS_PREMAX","rep":1,"layer":3,"e2e_ms":425.159327,"layer_ms":30.040541,"projection_ms":0,"conversion_ms":1.301044,"lr_ms":1.311928,"max_prescan_ms":0.407307,"kernel_ms":26.800829,"normalization_ms":0.218742,"activation_ms":0.000146,"block":0}
{"path":"B0_BF16","rep":1,"layer":1,"e2e_ms":69.442469,"layer_ms":30.519143,"projection_ms":3.912663,"conversion_ms":0.629721,"lr_ms":1.295443,"max_prescan_ms":0.625756,"kernel_ms":21.270937,"normalization_ms":1.296319,"activation_ms":1.487482,"block":0}
{"path":"B0_BF16","rep":1,"layer":2,"e2e_ms":69.442469,"layer_ms":31.597258,"projection_ms":4.266208,"conversion_ms":1.306439,"lr_ms":1.307738,"max_prescan_ms":0.633739,"kernel_ms":21.292158,"normalization_ms":1.298421,"activation_ms":1.491525,"block":0}
{"path":"B0_BF16","rep":1,"layer":3,"e2e_ms":69.442469,"layer_ms":7.323275,"projection_ms":1.050561,"conversion_ms":1.460726,"lr_ms":0.247437,"max_prescan_ms":0.389121,"kernel_ms":3.972873,"normalization_ms":0.201982,"activation_ms":0.000111,"block":0}
{"path":"B0_FP32","rep":1,"layer":1,"e2e_ms":75.58337,"layer_ms":31.346571,"projection_ms":5.214828,"conversion_ms":3.4e-05,"lr_ms":1.338538,"max_prescan_ms":0.644672,"kernel_ms":21.330419,"normalization_ms":1.313413,"activation_ms":1.503957,"block":0}
{"path":"B0_FP32","rep":1,"layer":2,"e2e_ms":75.58337,"layer_ms":36.363227,"projection_ms":10.218813,"conversion_ms":3.8e-05,"lr_ms":1.311782,"max_prescan_ms":0.651306,"kernel_ms":21.369945,"normalization_ms":1.306879,"activation_ms":1.503746,"block":0}
{"path":"B0_FP32","rep":1,"layer":3,"e2e_ms":75.58337,"layer_ms":7.871276,"projection_ms":3.027883,"conversion_ms":3e-05,"lr_ms":0.246644,"max_prescan_ms":0.422964,"kernel_ms":3.972547,"normalization_ms":0.200838,"activation_ms":2.8e-05,"block":0}
{"path":"B0_FP32","rep":2,"layer":1,"e2e_ms":75.72841,"layer_ms":31.456101,"projection_ms":5.281937,"conversion_ms":1.9e-05,"lr_ms":1.32217,"max_prescan_ms":0.658241,"kernel_ms":21.374068,"normalization_ms":1.319669,"activation_ms":1.498788,"block":0}
{"path":"B0_FP32","rep":2,"layer":2,"e2e_ms":75.72841,"layer_ms":36.378994,"projection_ms":10.241793,"conversion_ms":2e-05,"lr_ms":1.321378,"max_prescan_ms":0.654723,"kernel_ms":21.345095,"normalization_ms":1.310414,"activation_ms":1.504887,"block":0}
{"path":"B0_FP32","rep":2,"layer":3,"e2e_ms":75.72841,"layer_ms":7.892226,"projection_ms":3.056039,"conversion_ms":2e-05,"lr_ms":0.242405,"max_prescan_ms":0.409146,"kernel_ms":3.970238,"normalization_ms":0.21381,"activation_ms":3.5e-05,"block":0}
{"path":"B0_BF16","rep":2,"layer":1,"e2e_ms":69.330256,"layer_ms":30.489963,"projection_ms":3.850668,"conversion_ms":0.633272,"lr_ms":1.302811,"max_prescan_ms":0.637598,"kernel_ms":21.242923,"normalization_ms":1.320154,"activation_ms":1.501706,"block":0}
{"path":"B0_BF16","rep":2,"layer":2,"e2e_ms":69.330256,"layer_ms":31.555616,"projection_ms":4.289145,"conversion_ms":1.303093,"lr_ms":1.300512,"max_prescan_ms":0.625363,"kernel_ms":21.227803,"normalization_ms":1.304224,"activation_ms":1.504669,"block":0}
{"path":"B0_BF16","rep":2,"layer":3,"e2e_ms":69.330256,"layer_ms":7.283019,"projection_ms":1.02893,"conversion_ms":1.455868,"lr_ms":0.229143,"max_prescan_ms":0.396238,"kernel_ms":3.972498,"normalization_ms":0.199847,"activation_ms":2.8e-05,"block":0}
{"path":"B1_TFS_PREMAX","rep":2,"layer":1,"e2e_ms":432.197626,"layer_ms":134.951484,"projection_ms":0,"conversion_ms":0.640895,"lr_ms":1.006192,"max_prescan_ms":0.736753,"kernel_ms":129.770647,"normalization_ms":1.305662,"activation_ms":1.490404,"block":0}
{"path":"B1_TFS_PREMAX","rep":2,"layer":2,"e2e_ms":432.197626,"layer_ms":267.367075,"projection_ms":0,"conversion_ms":1.409146,"lr_ms":1.418404,"max_prescan_ms":0.733643,"kernel_ms":260.985897,"normalization_ms":1.312814,"activation_ms":1.506416,"block":0}
{"path":"B1_TFS_PREMAX","rep":2,"layer":3,"e2e_ms":432.197626,"layer_ms":29.876896,"projection_ms":0,"conversion_ms":1.300937,"lr_ms":1.313328,"max_prescan_ms":0.389169,"kernel_ms":26.668503,"normalization_ms":0.204093,"activation_ms":3.4e-05,"block":0}
{"path":"ICPP_TFS_ONLINE_B16","rep":2,"layer":1,"e2e_ms":444.235187,"layer_ms":148.015155,"projection_ms":0,"conversion_ms":0.637998,"lr_ms":1.0037,"max_prescan_ms":0,"kernel_ms":143.531975,"normalization_ms":1.308442,"activation_ms":1.532077,"block":16}
{"path":"ICPP_TFS_ONLINE_B16","rep":2,"layer":2,"e2e_ms":444.235187,"layer_ms":265.848711,"projection_ms":0,"conversion_ms":1.30617,"lr_ms":1.404541,"max_prescan_ms":0,"kernel_ms":260.160399,"normalization_ms":1.37218,"activation_ms":1.604684,"block":16}
{"path":"ICPP_TFS_ONLINE_B16","rep":2,"layer":3,"e2e_ms":444.235187,"layer_ms":30.366307,"projection_ms":0,"conversion_ms":1.399502,"lr_ms":1.371933,"max_prescan_ms":0,"kernel_ms":27.388457,"normalization_ms":0.205583,"activation_ms":3.7e-05,"block":16}
{"path":"ICPP_TFS_ONLINE_B32","rep":2,"layer":1,"e2e_ms":441.17081,"layer_ms":146.965297,"projection_ms":0,"conversion_ms":0.621861,"lr_ms":1.000856,"max_prescan_ms":0,"kernel_ms":142.488833,"normalization_ms":1.302062,"activation_ms":1.5507,"block":32}
{"path":"ICPP_TFS_ONLINE_B32","rep":2,"layer":2,"e2e_ms":441.17081,"layer_ms":263.797642,"projection_ms":0,"conversion_ms":1.313924,"lr_ms":1.394845,"max_prescan_ms":0,"kernel_ms":258.129386,"normalization_ms":1.382257,"activation_ms":1.576491,"block":32}
{"path":"ICPP_TFS_ONLINE_B32","rep":2,"layer":3,"e2e_ms":441.17081,"layer_ms":30.4036,"projection_ms":0,"conversion_ms":1.387159,"lr_ms":1.380843,"max_prescan_ms":0,"kernel_ms":27.420561,"normalization_ms":0.214378,"activation_ms":2.9e-05,"block":32}
{"path":"ICPP_TFS_ONLINE_B64","rep":2,"layer":1,"e2e_ms":441.54142,"layer_ms":146.027894,"projection_ms":0,"conversion_ms":0.632137,"lr_ms":0.993118,"max_prescan_ms":0,"kernel_ms":141.523498,"normalization_ms":1.319781,"activation_ms":1.558323,"block":64}
{"path":"ICPP_TFS_ONLINE_B64","rep":2,"layer":2,"e2e_ms":441.54142,"layer_ms":265.195841,"projection_ms":0,"conversion_ms":1.286133,"lr_ms":1.396738,"max_prescan_ms":0,"kernel_ms":259.544969,"normalization_ms":1.370158,"activation_ms":1.597084,"block":64}
{"path":"ICPP_TFS_ONLINE_B64","rep":2,"layer":3,"e2e_ms":441.54142,"layer_ms":30.313865,"projection_ms":0,"conversion_ms":1.376167,"lr_ms":1.372676,"max_prescan_ms":0,"kernel_ms":27.357707,"normalization_ms":0.206812,"activation_ms":2.8e-05,"block":64}
PROFILE_IDENTITY layer=1 block=16 bit_fingerprint_equal=1
PROFILE path=ICPP_TFS_ONLINE_B16 layer=1 layer_wall_ms=165.318441 kernel_wall_ms=160.819926 sampled_tiles=1323 worker_times_are_sampled_sums=true score_generation_worker_ms=3.981091 block_max_worker_ms=0.648084 exp_den_worker_ms=0.228884 rescale_store_worker_ms=0.023016 rescale_vector_worker_ms=0.087965 rescale_reload_worker_ms=0.027725 source_gather_worker_ms=51.4011559999 weighted_convert_worker_ms=54.867037 tile_load_worker_ms=8.80625 amx_compute_worker_ms=23.48196 final_store_worker_ms=0.052932 output_write_worker_ms=1.889748 scheduling_worker_ms=4.234475 tile_config_worker_ms=0.068665
ONLINE_STATS layer=1 block=16 heads=8 D=128 d=32 blocks=2040112 max_updates_including_initial=1509298 rescales=154554 rescale_per_block=0.0757576054648 P50=0 P90=0 P95=0.333333333333 P99=0.5 rescaled_feature_elements=4945728 expected_elements=4945728 rescaled_padded_feature_elements=4945728 rescale_events=34791 spill_bytes=71251968 reload_bytes=71251968 row_scale_load_bytes=19782912 row_scale_store_bytes=19782912 amx_calls=10552640 neighbor_steps=1319080 executed_fma=86447226880 total_tiles=84672
PROFILE_IDENTITY layer=2 block=16 bit_fingerprint_equal=1
PROFILE path=ICPP_TFS_ONLINE_B16 layer=2 layer_wall_ms=300.635985 kernel_wall_ms=294.9423 sampled_tiles=1323 worker_times_are_sampled_sums=true score_generation_worker_ms=5.406997 block_max_worker_ms=0.674988 exp_den_worker_ms=0.273708 rescale_store_worker_ms=0.033597 rescale_vector_worker_ms=0.105305 rescale_reload_worker_ms=0.039766 source_gather_worker_ms=102.301166 weighted_convert_worker_ms=109.336458 tile_load_worker_ms=17.160468 amx_compute_worker_ms=28.613822 final_store_worker_ms=0.059966 output_write_worker_ms=1.684649 scheduling_worker_ms=8.330568 tile_config_worker_ms=0.077771
ONLINE_STATS layer=2 block=16 heads=8 D=256 d=32 blocks=2040112 max_updates_including_initial=1515381 rescales=160637 rescale_per_block=0.0787393045088 P50=0 P90=0 P95=0.4 P99=0.5 rescaled_feature_elements=5140384 expected_elements=5140384 rescaled_padded_feature_elements=5140384 rescale_events=35332 spill_bytes=72359936 reload_bytes=72359936 row_scale_load_bytes=20561536 row_scale_store_bytes=20561536 amx_calls=21105280 neighbor_steps=1319080 executed_fma=172894453760 total_tiles=84672
PROFILE_IDENTITY layer=3 block=16 bit_fingerprint_equal=1
PROFILE path=ICPP_TFS_ONLINE_B16 layer=3 layer_wall_ms=32.901459 kernel_wall_ms=29.982871 sampled_tiles=166 worker_times_are_sampled_sums=true score_generation_worker_ms=0.366225 block_max_worker_ms=0.094057 exp_den_worker_ms=0.034253 rescale_store_worker_ms=0.006887 rescale_vector_worker_ms=0.014503 rescale_reload_worker_ms=0.005603 source_gather_worker_ms=13.55606 weighted_convert_worker_ms=14.484144 tile_load_worker_ms=2.369524 amx_compute_worker_ms=4.65345 final_store_worker_ms=0.015128 output_write_worker_ms=0.162312 scheduling_worker_ms=1.040514 tile_config_worker_ms=0.077351
ONLINE_STATS layer=3 block=16 heads=1 D=256 d=40 blocks=255014 max_updates_including_initial=189568 rescales=20225 rescale_per_block=0.0793093712502 P50=0 P90=0 P95=0.4 P99=0.5 rescaled_feature_elements=809000 expected_elements=809000 rescaled_padded_feature_elements=970800 rescale_events=4440 spill_bytes=13639680 reload_bytes=13639680 row_scale_load_bytes=3883200 row_scale_store_bytes=3883200 amx_calls=3957240 neighbor_steps=164885 executed_fma=32417710080 total_tiles=10584
PROFILE_IDENTITY layer=1 block=32 bit_fingerprint_equal=1
PROFILE path=ICPP_TFS_ONLINE_B32 layer=1 layer_wall_ms=162.528557 kernel_wall_ms=158.085177 sampled_tiles=1323 worker_times_are_sampled_sums=true score_generation_worker_ms=3.970768 block_max_worker_ms=0.582442 exp_den_worker_ms=0.220229 rescale_store_worker_ms=0.007463 rescale_vector_worker_ms=0.029065 rescale_reload_worker_ms=0.010524 source_gather_worker_ms=51.4329219999 weighted_convert_worker_ms=54.799905 tile_load_worker_ms=8.72743 amx_compute_worker_ms=22.889275 final_store_worker_ms=0.053487 output_write_worker_ms=1.903869 scheduling_worker_ms=4.259082 tile_config_worker_ms=0.068453
ONLINE_STATS layer=1 block=32 heads=8 D=128 d=32 blocks=1580688 max_updates_including_initial=1400775 rescales=46031 rescale_per_block=0.0291208638264 P50=0 P90=0 P95=0 P99=0.5 rescaled_feature_elements=1472992 expected_elements=1472992 rescaled_padded_feature_elements=1472992 rescale_events=11188 spill_bytes=22913024 reload_bytes=22913024 row_scale_load_bytes=5891968 row_scale_store_bytes=5891968 amx_calls=10552640 neighbor_steps=1319080 executed_fma=86447226880 total_tiles=84672
PROFILE_IDENTITY layer=2 block=32 bit_fingerprint_equal=1
PROFILE path=ICPP_TFS_ONLINE_B32 layer=2 layer_wall_ms=295.874341 kernel_wall_ms=290.199303 sampled_tiles=1323 worker_times_are_sampled_sums=true score_generation_worker_ms=5.533607 block_max_worker_ms=0.610004 exp_den_worker_ms=0.239291 rescale_store_worker_ms=0.015062 rescale_vector_worker_ms=0.037262 rescale_reload_worker_ms=0.015289 source_gather_worker_ms=102.705637 weighted_convert_worker_ms=109.386868 tile_load_worker_ms=17.384679 amx_compute_worker_ms=30.310427 final_store_worker_ms=0.059677 output_write_worker_ms=1.690276 scheduling_worker_ms=8.490827 tile_config_worker_ms=0.063644
ONLINE_STATS layer=2 block=32 heads=8 D=256 d=32 blocks=1580688 max_updates_including_initial=1403397 rescales=48653 rescale_per_block=0.0307796351968 P50=0 P90=0 P95=0 P99=0.5 rescaled_feature_elements=1556896 expected_elements=1556896 rescaled_padded_feature_elements=1556896 rescale_events=11360 spill_bytes=23265280 reload_bytes=23265280 row_scale_load_bytes=6227584 row_scale_store_bytes=6227584 amx_calls=21105280 neighbor_steps=1319080 executed_fma=172894453760 total_tiles=84672
PROFILE_IDENTITY layer=3 block=32 bit_fingerprint_equal=1
PROFILE path=ICPP_TFS_ONLINE_B32 layer=3 layer_wall_ms=34.387059 kernel_wall_ms=31.471067 sampled_tiles=166 worker_times_are_sampled_sums=true score_generation_worker_ms=0.380197 block_max_worker_ms=0.079616 exp_den_worker_ms=0.03314 rescale_store_worker_ms=0.002691 rescale_vector_worker_ms=0.00505 rescale_reload_worker_ms=0.002155 source_gather_worker_ms=13.683087 weighted_convert_worker_ms=14.598388 tile_load_worker_ms=2.397129 amx_compute_worker_ms=4.669276 final_store_worker_ms=0.01528 output_write_worker_ms=0.18209 scheduling_worker_ms=1.043392 tile_config_worker_ms=0.072947
ONLINE_STATS layer=3 block=32 heads=1 D=256 d=40 blocks=197586 max_updates_including_initial=175523 rescales=6180 rescale_per_block=0.0312775196623 P50=0 P90=0 P95=0 P99=0.5 rescaled_feature_elements=247200 expected_elements=247200 rescaled_padded_feature_elements=296640 rescale_events=1433 spill_bytes=4402176 reload_bytes=4402176 row_scale_load_bytes=1186560 row_scale_store_bytes=1186560 amx_calls=3957240 neighbor_steps=164885 executed_fma=32417710080 total_tiles=10584
PROFILE_IDENTITY layer=1 block=64 bit_fingerprint_equal=1
PROFILE path=ICPP_TFS_ONLINE_B64 layer=1 layer_wall_ms=165.743122 kernel_wall_ms=161.324485 sampled_tiles=1323 worker_times_are_sampled_sums=true score_generation_worker_ms=3.95608 block_max_worker_ms=0.583005 exp_den_worker_ms=0.211993 rescale_store_worker_ms=0.003026 rescale_vector_worker_ms=0.00896 rescale_reload_worker_ms=0.003276 source_gather_worker_ms=51.4943689999 weighted_convert_worker_ms=54.996585 tile_load_worker_ms=8.780085 amx_compute_worker_ms=23.82515 final_store_worker_ms=0.053275 output_write_worker_ms=1.876882 scheduling_worker_ms=4.222922 tile_config_worker_ms=0.065283
ONLINE_STATS layer=1 block=64 heads=8 D=128 d=32 blocks=1425584 max_updates_including_initial=1369272 rescales=14528 rescale_per_block=0.0101909112336 P50=0 P90=0 P95=0 P99=0 rescaled_feature_elements=464896 expected_elements=464896 rescaled_padded_feature_elements=464896 rescale_events=3526 spill_bytes=7221248 reload_bytes=7221248 row_scale_load_bytes=1859584 row_scale_store_bytes=1859584 amx_calls=10552640 neighbor_steps=1319080 executed_fma=86447226880 total_tiles=84672
PROFILE_IDENTITY layer=2 block=64 bit_fingerprint_equal=1
PROFILE path=ICPP_TFS_ONLINE_B64 layer=2 layer_wall_ms=293.460313 kernel_wall_ms=287.817928 sampled_tiles=1323 worker_times_are_sampled_sums=true score_generation_worker_ms=5.588661 block_max_worker_ms=0.585212 exp_den_worker_ms=0.234435 rescale_store_worker_ms=0.005569 rescale_vector_worker_ms=0.011979 rescale_reload_worker_ms=0.004833 source_gather_worker_ms=102.252366 weighted_convert_worker_ms=108.691439 tile_load_worker_ms=17.395169 amx_compute_worker_ms=30.381866 final_store_worker_ms=0.059755 output_write_worker_ms=1.671636 scheduling_worker_ms=8.472857 tile_config_worker_ms=0.073439
ONLINE_STATS layer=2 block=64 heads=8 D=256 d=32 blocks=1425584 max_updates_including_initial=1370150 rescales=15406 rescale_per_block=0.0108067991784 P50=0 P90=0 P95=0 P99=0 rescaled_feature_elements=492992 expected_elements=492992 rescaled_padded_feature_elements=492992 rescale_events=3541 spill_bytes=7251968 reload_bytes=7251968 row_scale_load_bytes=1971968 row_scale_store_bytes=1971968 amx_calls=21105280 neighbor_steps=1319080 executed_fma=172894453760 total_tiles=84672
PROFILE_IDENTITY layer=3 block=64 bit_fingerprint_equal=1
PROFILE path=ICPP_TFS_ONLINE_B64 layer=3 layer_wall_ms=34.203581 kernel_wall_ms=31.306322 sampled_tiles=166 worker_times_are_sampled_sums=true score_generation_worker_ms=0.385155 block_max_worker_ms=0.074686 exp_den_worker_ms=0.03127 rescale_store_worker_ms=0.001301 rescale_vector_worker_ms=0.001567 rescale_reload_worker_ms=0.001071 source_gather_worker_ms=13.656866 weighted_convert_worker_ms=14.561946 tile_load_worker_ms=2.390607 amx_compute_worker_ms=4.628536 final_store_worker_ms=0.015301 output_write_worker_ms=0.164158 scheduling_worker_ms=1.05796 tile_config_worker_ms=0.062104
ONLINE_STATS layer=3 block=64 heads=1 D=256 d=40 blocks=178198 max_updates_including_initial=171289 rescales=1946 rescale_per_block=0.0109204368175 P50=0 P90=0 P95=0 P99=0 rescaled_feature_elements=77840 expected_elements=77840 rescaled_padded_feature_elements=93408 rescale_events=445 spill_bytes=1367040 reload_bytes=1367040 row_scale_load_bytes=373632 row_scale_store_bytes=373632 amx_calls=3957240 neighbor_steps=164885 executed_fma=32417710080 total_tiles=10584
ICPP_ONLINE_COMPLETE architecture=original_TFS_neighbor_AMX_fusion_preserved master_gate=SEE_PER_LAYER_ERRORS task_accuracy=UNVERIFIED performance=EXPLORATORY
