CONFIG N=2449029 E=126167053 Din=100 C=47 threads=16 seed=11 untrained=true warmups=1 repeats=3 degree_sort_ms=326.120225 panel=64 tile_rows=16 LR_policy=fp32 online_max_prescan=false output_accumulator=TMM output_rescale_dim=d task_accuracy=UNVERIFIED performance=EXPLORATORY
STATIC layer=1 prepare_ms=1.925472 online_workspace_bytes=3938169704 global_Z_bytes=0 global_edge_score_bytes=0 global_alpha_bytes=0
STATIC layer=2 prepare_ms=0.312174 online_workspace_bytes=4702332288 global_Z_bytes=0 global_edge_score_bytes=0 global_alpha_bytes=0
STATIC layer=3 prepare_ms=0.0832 online_workspace_bytes=1832070300 global_Z_bytes=0 global_edge_score_bytes=0 global_alpha_bytes=0
CHECK path=ICPP_TFS_ONLINE_B32 layer=1 reference=B1_PREMAX_same_input_same_LR max_abs_error=0.561538696289 mean_abs_error=3.7662365319e-05 relative_L2_error=0.000196039698076 finite=1 original_abs_003_gate=FAIL task_accuracy=UNVERIFIED
ORACLE_COVERAGE layer=1 rows=8 edges=17941 global_max_degree_node=86036 global_max_degree=17482 global_max_degree_included=true complete_neighborhoods=true activation=false outputs_rounded_to_fp32=true
CHECK path=ICPP_ONLINE_FIXED_INPUT layer=1 reference=FP64_master_same_LR_selected_rows max_abs_error=0.0894794464111 mean_abs_error=0.00194532939477 relative_L2_error=0.00262947153198 finite=1 original_abs_003_gate=FAIL task_accuracy=UNVERIFIED
CHECK path=ICPP_ONLINE_FIXED_INPUT layer=1 reference=FP64_quantized_H_W_same_LR_without_pH_quantization max_abs_error=0.00296211242676 mean_abs_error=0.000184064540235 relative_L2_error=0.000117295034573 finite=1 original_abs_003_gate=PASS task_accuracy=UNVERIFIED
CHECK path=ICPP_TFS_ONLINE_B32 layer=2 reference=B1_PREMAX_same_input_same_LR max_abs_error=0.478546142578 mean_abs_error=0.00010616743799 relative_L2_error=0.000156421581265 finite=1 original_abs_003_gate=FAIL task_accuracy=UNVERIFIED
ORACLE_COVERAGE layer=2 rows=8 edges=17941 global_max_degree_node=86036 global_max_degree=17482 global_max_degree_included=true complete_neighborhoods=true activation=false outputs_rounded_to_fp32=true
CHECK path=ICPP_ONLINE_FIXED_INPUT layer=2 reference=FP64_master_same_LR_selected_rows max_abs_error=0.111123085022 mean_abs_error=0.00587805585147 relative_L2_error=0.00217936234105 finite=1 original_abs_003_gate=FAIL task_accuracy=UNVERIFIED
CHECK path=ICPP_ONLINE_FIXED_INPUT layer=2 reference=FP64_quantized_H_W_same_LR_without_pH_quantization max_abs_error=0.0224990844727 mean_abs_error=0.000695395711716 relative_L2_error=0.000338734415238 finite=1 original_abs_003_gate=FAIL task_accuracy=UNVERIFIED
CHECK path=ICPP_TFS_ONLINE_B32 layer=3 reference=B1_PREMAX_same_input_same_LR max_abs_error=0.118934631348 mean_abs_error=0.000110367321321 relative_L2_error=0.000160059086659 finite=1 original_abs_003_gate=FAIL task_accuracy=UNVERIFIED
ORACLE_COVERAGE layer=3 rows=8 edges=17941 global_max_degree_node=86036 global_max_degree=17482 global_max_degree_included=true complete_neighborhoods=true activation=false outputs_rounded_to_fp32=true
CHECK path=ICPP_ONLINE_FIXED_INPUT layer=3 reference=FP64_master_same_LR_selected_rows max_abs_error=0.0487976074219 mean_abs_error=0.00297202411736 relative_L2_error=0.0018965747257 finite=1 original_abs_003_gate=FAIL task_accuracy=UNVERIFIED
CHECK path=ICPP_ONLINE_FIXED_INPUT layer=3 reference=FP64_quantized_H_W_same_LR_without_pH_quantization max_abs_error=0.0106296539307 mean_abs_error=0.000602992515191 relative_L2_error=0.000422981835241 finite=1 original_abs_003_gate=FAIL task_accuracy=UNVERIFIED
CHECK path=B0_FP32 layer=1 reference=B0_FP32_own_output_3layer max_abs_error=0 mean_abs_error=0 relative_L2_error=0 finite=1 original_abs_003_gate=PASS task_accuracy=UNVERIFIED
CHECK path=B0_FP32 layer=2 reference=B0_FP32_own_output_3layer max_abs_error=0 mean_abs_error=0 relative_L2_error=0 finite=1 original_abs_003_gate=PASS task_accuracy=UNVERIFIED
CHECK path=B0_FP32 layer=3 reference=B0_FP32_own_output_3layer max_abs_error=0 mean_abs_error=0 relative_L2_error=0 finite=1 original_abs_003_gate=PASS task_accuracy=UNVERIFIED
CHECK path=B0_BF16 layer=1 reference=B0_FP32_own_output_3layer max_abs_error=14.9706115723 mean_abs_error=0.00119692686635 relative_L2_error=0.00353063576973 finite=1 original_abs_003_gate=FAIL task_accuracy=UNVERIFIED
CHECK path=B0_BF16 layer=2 reference=B0_FP32_own_output_3layer max_abs_error=35.8837661743 mean_abs_error=0.00723928537782 relative_L2_error=0.011932822175 finite=1 original_abs_003_gate=FAIL task_accuracy=UNVERIFIED
CHECK path=B0_BF16 layer=3 reference=B0_FP32_own_output_3layer max_abs_error=25.1209583282 mean_abs_error=0.016643214169 relative_L2_error=0.0253783411542 finite=1 original_abs_003_gate=FAIL task_accuracy=UNVERIFIED
CHECK path=B1_TFS_PREMAX layer=1 reference=B0_FP32_own_output_3layer max_abs_error=1.22430419922 mean_abs_error=0.000970540471734 relative_L2_error=0.00227497348632 finite=1 original_abs_003_gate=FAIL task_accuracy=UNVERIFIED
CHECK path=B1_TFS_PREMAX layer=2 reference=B0_FP32_own_output_3layer max_abs_error=25.7524185181 mean_abs_error=0.00527628179888 relative_L2_error=0.00586198824051 finite=1 original_abs_003_gate=FAIL task_accuracy=UNVERIFIED
CHECK path=B1_TFS_PREMAX layer=3 reference=B0_FP32_own_output_3layer max_abs_error=6.08370304108 mean_abs_error=0.0135726650523 relative_L2_error=0.0150830626942 finite=1 original_abs_003_gate=FAIL task_accuracy=UNVERIFIED
CHECK path=ICPP_TFS_ONLINE_B32 layer=1 reference=B0_FP32_own_output_3layer max_abs_error=1.22430419922 mean_abs_error=0.000969079499589 relative_L2_error=0.00226808801184 finite=1 original_abs_003_gate=FAIL task_accuracy=UNVERIFIED
CHECK path=ICPP_TFS_ONLINE_B32 layer=2 reference=B0_FP32_own_output_3layer max_abs_error=25.6116943359 mean_abs_error=0.00526787531363 relative_L2_error=0.00585282620417 finite=1 original_abs_003_gate=FAIL task_accuracy=UNVERIFIED
CHECK path=ICPP_TFS_ONLINE_B32 layer=3 reference=B0_FP32_own_output_3layer max_abs_error=6.01900291443 mean_abs_error=0.0135793652594 relative_L2_error=0.015091784138 finite=1 original_abs_003_gate=FAIL task_accuracy=UNVERIFIED
{"path":"B0_FP32","rep":0,"layer":1,"e2e_ms":3937.84333,"layer_ms":1657.217016,"projection_ms":65.830806,"conversion_ms":3.3e-05,"lr_ms":19.280267,"max_prescan_ms":41.115221,"kernel_ms":1487.655306,"normalization_ms":20.667074,"activation_ms":22.66759,"block":0}
{"path":"B0_FP32","rep":0,"layer":2,"e2e_ms":3937.84333,"layer_ms":1752.20302,"projection_ms":147.314093,"conversion_ms":0.000202,"lr_ms":19.975685,"max_prescan_ms":41.192311,"kernel_ms":1500.441121,"normalization_ms":20.628138,"activation_ms":22.650625,"block":0}
{"path":"B0_FP32","rep":0,"layer":3,"e2e_ms":3937.84333,"layer_ms":528.418479,"projection_ms":69.365329,"conversion_ms":9.8e-05,"lr_ms":4.1564,"max_prescan_ms":26.227601,"kernel_ms":425.212313,"normalization_ms":3.4561,"activation_ms":3.7e-05,"block":0}
{"path":"B0_BF16","rep":0,"layer":1,"e2e_ms":3829.41228,"layer_ms":1649.163191,"projection_ms":53.063042,"conversion_ms":11.696012,"lr_ms":19.214188,"max_prescan_ms":41.108629,"kernel_ms":1481.144976,"normalization_ms":20.647888,"activation_ms":22.287654,"block":0}
{"path":"B0_BF16","rep":0,"layer":2,"e2e_ms":3829.41228,"layer_ms":1685.118928,"projection_ms":60.004473,"conversion_ms":21.58009,"lr_ms":19.259682,"max_prescan_ms":41.148177,"kernel_ms":1499.997122,"normalization_ms":20.575198,"activation_ms":22.552695,"block":0}
{"path":"B0_BF16","rep":0,"layer":3,"e2e_ms":3829.41228,"layer_ms":495.12756,"projection_ms":14.642123,"conversion_ms":21.707596,"lr_ms":3.880917,"max_prescan_ms":26.316119,"kernel_ms":425.116539,"normalization_ms":3.463529,"activation_ms":3.6e-05,"block":0}
{"path":"B1_TFS_PREMAX","rep":0,"layer":1,"e2e_ms":15780.998627,"layer_ms":5293.507768,"projection_ms":0,"conversion_ms":13.002068,"lr_ms":13.217215,"max_prescan_ms":41.02907,"kernel_ms":5184.280625,"normalization_ms":19.7336,"activation_ms":22.244365,"block":0}
{"path":"B1_TFS_PREMAX","rep":0,"layer":2,"e2e_ms":15780.998627,"layer_ms":9196.441597,"projection_ms":0,"conversion_ms":21.036806,"lr_ms":21.072861,"max_prescan_ms":41.167103,"kernel_ms":9070.413117,"normalization_ms":19.924134,"activation_ms":22.82639,"block":0}
{"path":"B1_TFS_PREMAX","rep":0,"layer":3,"e2e_ms":15780.998627,"layer_ms":1291.045513,"projection_ms":0,"conversion_ms":22.23717,"lr_ms":19.865861,"max_prescan_ms":26.102552,"kernel_ms":1219.336608,"normalization_ms":3.502283,"activation_ms":3.5e-05,"block":0}
{"path":"ICPP_TFS_ONLINE_B32","rep":0,"layer":1,"e2e_ms":13882.425689,"layer_ms":4172.882237,"projection_ms":0,"conversion_ms":9.919412,"lr_ms":13.233884,"max_prescan_ms":0,"kernel_ms":4106.945781,"normalization_ms":20.138061,"activation_ms":22.644201,"block":32}
{"path":"ICPP_TFS_ONLINE_B32","rep":0,"layer":2,"e2e_ms":13882.425689,"layer_ms":8411.02208,"projection_ms":0,"conversion_ms":22.153865,"lr_ms":21.413992,"max_prescan_ms":0,"kernel_ms":8323.745749,"normalization_ms":20.721686,"activation_ms":22.985804,"block":32}
{"path":"ICPP_TFS_ONLINE_B32","rep":0,"layer":3,"e2e_ms":13882.425689,"layer_ms":1298.509017,"projection_ms":0,"conversion_ms":21.861847,"lr_ms":19.295675,"max_prescan_ms":0,"kernel_ms":1253.85851,"normalization_ms":3.492314,"activation_ms":3.6e-05,"block":32}
{"path":"ICPP_TFS_ONLINE_B32","rep":1,"layer":1,"e2e_ms":13887.870457,"layer_ms":4155.960679,"projection_ms":0,"conversion_ms":8.982322,"lr_ms":12.758692,"max_prescan_ms":0,"kernel_ms":4090.932473,"normalization_ms":20.426383,"activation_ms":22.860151,"block":32}
{"path":"ICPP_TFS_ONLINE_B32","rep":1,"layer":2,"e2e_ms":13887.870457,"layer_ms":8421.645016,"projection_ms":0,"conversion_ms":20.146767,"lr_ms":20.9557,"max_prescan_ms":0,"kernel_ms":8336.735036,"normalization_ms":20.755237,"activation_ms":23.051282,"block":32}
{"path":"ICPP_TFS_ONLINE_B32","rep":1,"layer":3,"e2e_ms":13887.870457,"layer_ms":1310.25663,"projection_ms":0,"conversion_ms":20.213237,"lr_ms":19.296004,"max_prescan_ms":0,"kernel_ms":1267.276979,"normalization_ms":3.469641,"activation_ms":3.5e-05,"block":32}
{"path":"B1_TFS_PREMAX","rep":1,"layer":1,"e2e_ms":15876.421867,"layer_ms":5296.563431,"projection_ms":0,"conversion_ms":9.482991,"lr_ms":12.754129,"max_prescan_ms":41.046514,"kernel_ms":5191.214767,"normalization_ms":19.769828,"activation_ms":22.294544,"block":0}
{"path":"B1_TFS_PREMAX","rep":1,"layer":2,"e2e_ms":15876.421867,"layer_ms":9289.011685,"projection_ms":0,"conversion_ms":20.007761,"lr_ms":20.812482,"max_prescan_ms":41.114167,"kernel_ms":9164.52498,"normalization_ms":19.877121,"activation_ms":22.674461,"block":0}
{"path":"B1_TFS_PREMAX","rep":1,"layer":3,"e2e_ms":15876.421867,"layer_ms":1290.842237,"projection_ms":0,"conversion_ms":21.097758,"lr_ms":19.850467,"max_prescan_ms":26.055838,"kernel_ms":1220.326088,"normalization_ms":3.511318,"activation_ms":2.6e-05,"block":0}
{"path":"B0_BF16","rep":1,"layer":1,"e2e_ms":3839.59108,"layer_ms":1658.17081,"projection_ms":56.445146,"conversion_ms":10.577648,"lr_ms":19.250967,"max_prescan_ms":41.126499,"kernel_ms":1487.555232,"normalization_ms":20.647568,"activation_ms":22.566929,"block":0}
{"path":"B0_BF16","rep":1,"layer":2,"e2e_ms":3839.59108,"layer_ms":1685.752031,"projection_ms":61.782984,"conversion_ms":21.323888,"lr_ms":19.38582,"max_prescan_ms":41.209481,"kernel_ms":1499.116873,"normalization_ms":20.527497,"activation_ms":22.40456,"block":0}
{"path":"B0_BF16","rep":1,"layer":3,"e2e_ms":3839.59108,"layer_ms":495.665385,"projection_ms":15.189991,"conversion_ms":21.176426,"lr_ms":3.87465,"max_prescan_ms":26.316568,"kernel_ms":425.649723,"normalization_ms":3.45697,"activation_ms":5.6e-05,"block":0}
{"path":"B0_FP32","rep":1,"layer":1,"e2e_ms":3923.192752,"layer_ms":1645.951961,"projection_ms":64.061405,"conversion_ms":3.6e-05,"lr_ms":19.319122,"max_prescan_ms":41.037562,"kernel_ms":1478.391641,"normalization_ms":20.692785,"activation_ms":22.44841,"block":0}
{"path":"B0_FP32","rep":1,"layer":2,"e2e_ms":3923.192752,"layer_ms":1748.85603,"projection_ms":145.822792,"conversion_ms":0.000122,"lr_ms":19.890178,"max_prescan_ms":41.114927,"kernel_ms":1498.814347,"normalization_ms":20.563921,"activation_ms":22.648564,"block":0}
{"path":"B0_FP32","rep":1,"layer":3,"e2e_ms":3923.192752,"layer_ms":528.381974,"projection_ms":69.193323,"conversion_ms":3.8e-05,"lr_ms":4.137216,"max_prescan_ms":26.270348,"kernel_ms":425.332014,"normalization_ms":3.448411,"activation_ms":3.4e-05,"block":0}
{"path":"B0_FP32","rep":2,"layer":1,"e2e_ms":3922.598484,"layer_ms":1645.592969,"projection_ms":63.59902,"conversion_ms":0.000171,"lr_ms":19.210982,"max_prescan_ms":41.013903,"kernel_ms":1478.575927,"normalization_ms":20.701811,"activation_ms":22.490486,"block":0}
{"path":"B0_FP32","rep":2,"layer":2,"e2e_ms":3922.598484,"layer_ms":1748.901772,"projection_ms":146.242139,"conversion_ms":0.000201,"lr_ms":19.882987,"max_prescan_ms":41.139769,"kernel_ms":1498.494822,"normalization_ms":20.557856,"activation_ms":22.582622,"block":0}
{"path":"B0_FP32","rep":2,"layer":3,"e2e_ms":3922.598484,"layer_ms":528.100475,"projection_ms":69.076205,"conversion_ms":0.000198,"lr_ms":4.136806,"max_prescan_ms":26.19943,"kernel_ms":425.216169,"normalization_ms":3.471058,"activation_ms":3.4e-05,"block":0}
{"path":"B0_BF16","rep":2,"layer":1,"e2e_ms":3821.140748,"layer_ms":1645.422959,"projection_ms":53.426465,"conversion_ms":10.567224,"lr_ms":19.12896,"max_prescan_ms":41.059673,"kernel_ms":1478.283577,"normalization_ms":20.69317,"activation_ms":22.263002,"block":0}
{"path":"B0_BF16","rep":2,"layer":2,"e2e_ms":3821.140748,"layer_ms":1682.419135,"projection_ms":59.621719,"conversion_ms":20.365649,"lr_ms":19.359516,"max_prescan_ms":41.14792,"kernel_ms":1498.877275,"normalization_ms":20.546427,"activation_ms":22.499551,"block":0}
{"path":"B0_BF16","rep":2,"layer":3,"e2e_ms":3821.140748,"layer_ms":493.29667,"projection_ms":14.714853,"conversion_ms":19.466446,"lr_ms":3.881111,"max_prescan_ms":26.322003,"kernel_ms":425.446156,"normalization_ms":3.465373,"activation_ms":3.5e-05,"block":0}
{"path":"B1_TFS_PREMAX","rep":2,"layer":1,"e2e_ms":15865.410591,"layer_ms":5277.176588,"projection_ms":0,"conversion_ms":12.360437,"lr_ms":13.032183,"max_prescan_ms":40.974918,"kernel_ms":5168.73134,"normalization_ms":19.855199,"activation_ms":22.221513,"block":0}
{"path":"B1_TFS_PREMAX","rep":2,"layer":2,"e2e_ms":15865.410591,"layer_ms":9299.941825,"projection_ms":0,"conversion_ms":19.958992,"lr_ms":21.043833,"max_prescan_ms":41.192498,"kernel_ms":9175.038951,"normalization_ms":19.884781,"activation_ms":22.821724,"block":0}
{"path":"B1_TFS_PREMAX","rep":2,"layer":3,"e2e_ms":15865.410591,"layer_ms":1288.286877,"projection_ms":0,"conversion_ms":21.176938,"lr_ms":19.949907,"max_prescan_ms":26.123722,"kernel_ms":1217.513074,"normalization_ms":3.522534,"activation_ms":4.3e-05,"block":0}
{"path":"ICPP_TFS_ONLINE_B32","rep":2,"layer":1,"e2e_ms":13824.986362,"layer_ms":4128.585352,"projection_ms":0,"conversion_ms":9.953618,"lr_ms":13.145658,"max_prescan_ms":0,"kernel_ms":4062.816438,"normalization_ms":20.050282,"activation_ms":22.617774,"block":32}
{"path":"ICPP_TFS_ONLINE_B32","rep":2,"layer":2,"e2e_ms":13824.986362,"layer_ms":8367.645317,"projection_ms":0,"conversion_ms":22.158209,"lr_ms":21.534394,"max_prescan_ms":0,"kernel_ms":8280.24348,"normalization_ms":20.681608,"activation_ms":23.026811,"block":32}
{"path":"ICPP_TFS_ONLINE_B32","rep":2,"layer":3,"e2e_ms":13824.986362,"layer_ms":1328.745203,"projection_ms":0,"conversion_ms":22.020273,"lr_ms":19.198689,"max_prescan_ms":0,"kernel_ms":1284.07959,"normalization_ms":3.445363,"activation_ms":3.6e-05,"block":32}
PROFILE_IDENTITY layer=1 block=32 bit_fingerprint_equal=1
PROFILE path=ICPP_TFS_ONLINE_B32 layer=1 layer_wall_ms=4632.608931 kernel_wall_ms=4567.881506 sampled_tiles=9567 worker_times_are_sampled_sums=true score_generation_worker_ms=154.874579 block_max_worker_ms=13.43366 exp_den_worker_ms=4.676798 rescale_store_worker_ms=0.527899 rescale_vector_worker_ms=1.648979 rescale_reload_worker_ms=0.579358 source_gather_worker_ms=1236.39890006 weighted_convert_worker_ms=1223.98888407 tile_load_worker_ms=111.639196 amx_compute_worker_ms=398.701008999 final_store_worker_ms=0.462624 output_write_worker_ms=14.745744 scheduling_worker_ms=140.203138 tile_config_worker_ms=0.072198
ONLINE_STATS layer=1 block=32 heads=8 D=100 d=32 blocks=42882792 max_updates_including_initial=25358082 rescales=5765850 rescale_per_block=0.134456030755 P50=0 P90=0.333333333333 P95=0.5 P99=0.666666666667 rescaled_feature_elements=184507200 expected_elements=184507200 rescaled_padded_feature_elements=184507200 rescale_events=1282420 spill_bytes=2626396160 reload_bytes=2626396160 row_scale_load_bytes=738028800 row_scale_store_bytes=738028800 amx_calls=505820352 neighbor_steps=63227544 executed_fma=4143680323584 total_tiles=1224520
PROFILE_IDENTITY layer=2 block=32 bit_fingerprint_equal=1
PROFILE path=ICPP_TFS_ONLINE_B32 layer=2 layer_wall_ms=9350.382664 kernel_wall_ms=9265.801638 sampled_tiles=9567 worker_times_are_sampled_sums=true score_generation_worker_ms=177.494124 block_max_worker_ms=15.76738 exp_den_worker_ms=5.501437 rescale_store_worker_ms=0.623337 rescale_vector_worker_ms=1.690452 rescale_reload_worker_ms=0.667478 source_gather_worker_ms=2682.39154786 weighted_convert_worker_ms=2876.37109869 tile_load_worker_ms=363.982804 amx_compute_worker_ms=792.995995004 final_store_worker_ms=0.653789 output_write_worker_ms=12.89607 scheduling_worker_ms=336.159123 tile_config_worker_ms=0.070929
ONLINE_STATS layer=2 block=32 heads=8 D=256 d=32 blocks=42882792 max_updates_including_initial=24072096 rescales=4479864 rescale_per_block=0.104467638208 P50=0 P90=0.333333333333 P95=0.5 P99=0.5 rescaled_feature_elements=143355648 expected_elements=143355648 rescaled_padded_feature_elements=143355648 rescale_events=1203201 spill_bytes=2464155648 reload_bytes=2464155648 row_scale_load_bytes=573422592 row_scale_store_bytes=573422592 amx_calls=1011640704 neighbor_steps=63227544 executed_fma=8287360647168 total_tiles=1224520
PROFILE_IDENTITY layer=3 block=32 bit_fingerprint_equal=1
PROFILE path=ICPP_TFS_ONLINE_B32 layer=3 layer_wall_ms=1401.015779 kernel_wall_ms=1358.035076 sampled_tiles=1196 worker_times_are_sampled_sums=true score_generation_worker_ms=17.179488 block_max_worker_ms=1.876239 exp_den_worker_ms=0.634221 rescale_store_worker_ms=0.139391 rescale_vector_worker_ms=0.261252 rescale_reload_worker_ms=0.11247 source_gather_worker_ms=329.973498997 weighted_convert_worker_ms=353.570337995 tile_load_worker_ms=71.759452 amx_compute_worker_ms=96.239641 final_store_worker_ms=0.123831 output_write_worker_ms=1.604834 scheduling_worker_ms=42.229979 tile_config_worker_ms=0.068689
ONLINE_STATS layer=3 block=32 heads=1 D=256 d=47 blocks=5360349 max_updates_including_initial=3254124 rescales=805095 rescale_per_block=0.150194511589 P50=0 P90=0.4 P95=0.5 P99=0.666666666667 rescaled_feature_elements=37839465 expected_elements=37839465 rescaled_padded_feature_elements=38644560 rescale_events=162173 spill_bytes=498195456 reload_bytes=498195456 row_scale_load_bytes=154578240 row_scale_store_bytes=154578240 amx_calls=189682632 neighbor_steps=7903443 executed_fma=1553880121344 total_tiles=153065
ICPP_ONLINE_COMPLETE architecture=original_TFS_neighbor_AMX_fusion_preserved master_gate=SEE_PER_LAYER_ERRORS task_accuracy=UNVERIFIED performance=EXPLORATORY
