OVERLAP_CONFIG case=hot1024_d1 tiles=1024 degree=1 source_pool=1024 source_bytes=262144 source_visits=16384 feature_adds=2097152 partial_pack_vectors=131072 tdpbf16ps=32768 output_store_bytes=8388608 threads=1 NUMA=default buffer_count=2
OVERLAP_GATE case=hot1024_d1 bitwise=1 finite=1 pass=1
OVERLAP_TIME case=hot1024_d1 method=serial repeat=0 order=0 ms=1.47914886475
OVERLAP_TIME case=hot1024_d1 method=interleaved repeat=0 order=1 ms=1.48916244507
OVERLAP_TIME case=hot1024_d1 method=interleaved repeat=1 order=0 ms=1.42192840576
OVERLAP_TIME case=hot1024_d1 method=serial repeat=1 order=1 ms=1.49297714233
OVERLAP_TIME case=hot1024_d1 method=serial repeat=2 order=0 ms=1.46007537842
OVERLAP_TIME case=hot1024_d1 method=interleaved repeat=2 order=1 ms=1.35111808777
OVERLAP_TIME case=hot1024_d1 method=interleaved repeat=3 order=0 ms=1.34205818176
OVERLAP_TIME case=hot1024_d1 method=serial repeat=3 order=1 ms=1.44600868225
OVERLAP_TIME case=hot1024_d1 method=serial repeat=4 order=0 ms=1.47604942322
OVERLAP_TIME case=hot1024_d1 method=interleaved repeat=4 order=1 ms=1.32203102112
OVERLAP_TIME case=hot1024_d1 method=interleaved repeat=5 order=0 ms=1.32083892822
OVERLAP_TIME case=hot1024_d1 method=serial repeat=5 order=1 ms=1.42097473145
OVERLAP_TIME case=hot1024_d1 method=serial repeat=6 order=0 ms=1.42884254456
OVERLAP_TIME case=hot1024_d1 method=interleaved repeat=6 order=1 ms=1.30200386047
OVERLAP_PROFILE_GATE case=hot1024_d1 method=serial bitwise=1 pass=1
OVERLAP_DETAIL case=hot1024_d1 method=serial phase=csr_prefetch sampled_thread_ms=0.00476837158203 clocked_sections=272 additive_wall=0
OVERLAP_DETAIL case=hot1024_d1 method=serial phase=source_load_decode sampled_thread_ms=0.00691413879395 clocked_sections=272 additive_wall=0
OVERLAP_DETAIL case=hot1024_d1 method=serial phase=fp32_add sampled_thread_ms=0.0102519989014 clocked_sections=272 additive_wall=0
OVERLAP_DETAIL case=hot1024_d1 method=serial phase=partial_store sampled_thread_ms=0.00619888305664 clocked_sections=272 additive_wall=0
OVERLAP_DETAIL case=hot1024_d1 method=serial phase=partial_pack sampled_thread_ms=0.0100135803223 clocked_sections=17 additive_wall=0
OVERLAP_DETAIL case=hot1024_d1 method=serial phase=amx_a_load sampled_thread_ms=0.00214576721191 clocked_sections=128 additive_wall=0
OVERLAP_DETAIL case=hot1024_d1 method=serial phase=amx_b_load sampled_thread_ms=0.0138282775879 clocked_sections=256 additive_wall=0
OVERLAP_DETAIL case=hot1024_d1 method=serial phase=amx_tdp sampled_thread_ms=0.0131130218506 clocked_sections=256 additive_wall=0
OVERLAP_DETAIL case=hot1024_d1 method=serial phase=amx_zero sampled_thread_ms=0 clocked_sections=32 additive_wall=0
OVERLAP_DETAIL case=hot1024_d1 method=serial phase=amx_c_store sampled_thread_ms=0.00190734863281 clocked_sections=32 additive_wall=0
METHOD_PMU graph="hot1024_d1" method="serial" repeat=0 available=1 coverage_complete=1 scaled_complete=1 initial_threads=1 final_threads=1 counted_threads=1 failed_threads=0 scaled_threads=1 zero_running_threads=0 new_threads=0 disappeared_threads=0 errno=0 error="" region_begin_s=11558311.965084005 region_end_s=11558311.966667052 region_wall_ms=1.583047 start_enable_span_ms=0.019500 stop_disable_span_ms=0.010112 start_control_ms=0.020822 stop_control_ms=0.079992 cpu_family=6 cpu_model=143 event_count=6 amx_busy_requested=1 amx_busy_type=raw amx_busy_config=0x02b7 amx_busy_semantics=speculative_arithmetic_busy_cycles event_scope=generic_userspace_hardware cycles_scope=thread_sum coverage_definition=initial_final_snapshots transient_thread_coverage=unverified cycles_raw=3823712 cycles_scaled=3823712.000000 instructions_raw=1580582 instructions_scaled=1580582.000000 cache_misses_raw=3144 cache_misses_scaled=3144.000000 cache_references_raw=4235 cache_references_scaled=4235.000000 ref_cycles_raw=4237920 ref_cycles_scaled=4237920.000000 amx_busy_raw=525424 amx_busy_scaled=525424.000000 new_tids=none disappeared_tids=none
METHOD_PMU_THREAD graph="hot1024_d1" method="serial" repeat=0 tid=842740 available=1 present_at_stop=1 scaled_valid=1 zero_running_time=0 errno=0 error="" time_enabled_ns=1599358 time_running_ns=1599358 scale=1.000000000 running_fraction=1.000000000 cycles_raw=3823712 cycles_scaled=3823712.000000 instructions_raw=1580582 instructions_scaled=1580582.000000 cache_misses_raw=3144 cache_misses_scaled=3144.000000 cache_references_raw=4235 cache_references_scaled=4235.000000 ref_cycles_raw=4237920 ref_cycles_scaled=4237920.000000 amx_busy_raw=525424 amx_busy_scaled=525424.000000
OVERLAP_PMU_WALL case=hot1024_d1 method=serial repeat=0 ms=1.57690048218
METHOD_PMU graph="hot1024_d1" method="serial" repeat=1 available=1 coverage_complete=1 scaled_complete=1 initial_threads=1 final_threads=1 counted_threads=1 failed_threads=0 scaled_threads=1 zero_running_threads=0 new_threads=0 disappeared_threads=0 errno=0 error="" region_begin_s=11558311.968402525 region_end_s=11558311.969916496 region_wall_ms=1.513971 start_enable_span_ms=0.016537 stop_disable_span_ms=0.007506 start_control_ms=0.017517 stop_control_ms=0.039328 cpu_family=6 cpu_model=143 event_count=6 amx_busy_requested=1 amx_busy_type=raw amx_busy_config=0x02b7 amx_busy_semantics=speculative_arithmetic_busy_cycles event_scope=generic_userspace_hardware cycles_scope=thread_sum coverage_definition=initial_final_snapshots transient_thread_coverage=unverified cycles_raw=3925577 cycles_scaled=3925577.000000 instructions_raw=1580581 instructions_scaled=1580581.000000 cache_misses_raw=799 cache_misses_scaled=799.000000 cache_references_raw=2537 cache_references_scaled=2537.000000 ref_cycles_raw=4066524 ref_cycles_scaled=4066524.000000 amx_busy_raw=524368 amx_busy_scaled=524368.000000 new_tids=none disappeared_tids=none
METHOD_PMU_THREAD graph="hot1024_d1" method="serial" repeat=1 tid=842740 available=1 present_at_stop=1 scaled_valid=1 zero_running_time=0 errno=0 error="" time_enabled_ns=1527418 time_running_ns=1527418 scale=1.000000000 running_fraction=1.000000000 cycles_raw=3925577 cycles_scaled=3925577.000000 instructions_raw=1580581 instructions_scaled=1580581.000000 cache_misses_raw=799 cache_misses_scaled=799.000000 cache_references_raw=2537 cache_references_scaled=2537.000000 ref_cycles_raw=4066524 ref_cycles_scaled=4066524.000000 amx_busy_raw=524368 amx_busy_scaled=524368.000000
OVERLAP_PMU_WALL case=hot1024_d1 method=serial repeat=1 ms=1.51300430298
METHOD_PMU graph="hot1024_d1" method="serial" repeat=2 available=1 coverage_complete=1 scaled_complete=1 initial_threads=1 final_threads=1 counted_threads=1 failed_threads=0 scaled_threads=1 zero_running_threads=0 new_threads=0 disappeared_threads=0 errno=0 error="" region_begin_s=11558311.971505040 region_end_s=11558311.973023033 region_wall_ms=1.517992 start_enable_span_ms=0.014504 stop_disable_span_ms=0.006924 start_control_ms=0.015358 stop_control_ms=0.033796 cpu_family=6 cpu_model=143 event_count=6 amx_busy_requested=1 amx_busy_type=raw amx_busy_config=0x02b7 amx_busy_semantics=speculative_arithmetic_busy_cycles event_scope=generic_userspace_hardware cycles_scope=thread_sum coverage_definition=initial_final_snapshots transient_thread_coverage=unverified cycles_raw=3802597 cycles_scaled=3802597.000000 instructions_raw=1580583 instructions_scaled=1580583.000000 cache_misses_raw=672 cache_misses_scaled=672.000000 cache_references_raw=2384 cache_references_scaled=2384.000000 ref_cycles_raw=3949128 ref_cycles_scaled=3949128.000000 amx_busy_raw=524320 amx_busy_scaled=524320.000000 new_tids=none disappeared_tids=none
METHOD_PMU_THREAD graph="hot1024_d1" method="serial" repeat=2 tid=842740 available=1 present_at_stop=1 scaled_valid=1 zero_running_time=0 errno=0 error="" time_enabled_ns=1505258 time_running_ns=1505258 scale=1.000000000 running_fraction=1.000000000 cycles_raw=3802597 cycles_scaled=3802597.000000 instructions_raw=1580583 instructions_scaled=1580583.000000 cache_misses_raw=672 cache_misses_scaled=672.000000 cache_references_raw=2384 cache_references_scaled=2384.000000 ref_cycles_raw=3949128 ref_cycles_scaled=3949128.000000 amx_busy_raw=524320 amx_busy_scaled=524320.000000
OVERLAP_PMU_WALL case=hot1024_d1 method=serial repeat=2 ms=1.51801109314
OVERLAP_PROFILE_GATE case=hot1024_d1 method=interleaved bitwise=1 pass=1
OVERLAP_DETAIL case=hot1024_d1 method=interleaved phase=csr_prefetch sampled_thread_ms=0.0107288360596 clocked_sections=272 additive_wall=0
OVERLAP_DETAIL case=hot1024_d1 method=interleaved phase=source_load_decode sampled_thread_ms=0.00858306884766 clocked_sections=272 additive_wall=0
OVERLAP_DETAIL case=hot1024_d1 method=interleaved phase=fp32_add sampled_thread_ms=0.00905990600586 clocked_sections=272 additive_wall=0
OVERLAP_DETAIL case=hot1024_d1 method=interleaved phase=partial_store sampled_thread_ms=0.00691413879395 clocked_sections=272 additive_wall=0
OVERLAP_DETAIL case=hot1024_d1 method=interleaved phase=partial_pack sampled_thread_ms=0.00619888305664 clocked_sections=17 additive_wall=0
OVERLAP_DETAIL case=hot1024_d1 method=interleaved phase=amx_a_load sampled_thread_ms=0.00619888305664 clocked_sections=128 additive_wall=0
OVERLAP_DETAIL case=hot1024_d1 method=interleaved phase=amx_b_load sampled_thread_ms=0.0114440917969 clocked_sections=256 additive_wall=0
OVERLAP_DETAIL case=hot1024_d1 method=interleaved phase=amx_tdp sampled_thread_ms=0.0524520874023 clocked_sections=256 additive_wall=0
OVERLAP_DETAIL case=hot1024_d1 method=interleaved phase=amx_zero sampled_thread_ms=0.00119209289551 clocked_sections=32 additive_wall=0
OVERLAP_DETAIL case=hot1024_d1 method=interleaved phase=amx_c_store sampled_thread_ms=0.00500679016113 clocked_sections=32 additive_wall=0
METHOD_PMU graph="hot1024_d1" method="interleaved" repeat=0 available=1 coverage_complete=1 scaled_complete=1 initial_threads=1 final_threads=1 counted_threads=1 failed_threads=0 scaled_threads=1 zero_running_threads=0 new_threads=0 disappeared_threads=0 errno=0 error="" region_begin_s=11558311.977336140 region_end_s=11558311.978676537 region_wall_ms=1.340397 start_enable_span_ms=0.016144 stop_disable_span_ms=0.005656 start_control_ms=0.016830 stop_control_ms=0.030758 cpu_family=6 cpu_model=143 event_count=6 amx_busy_requested=1 amx_busy_type=raw amx_busy_config=0x02b7 amx_busy_semantics=speculative_arithmetic_busy_cycles event_scope=generic_userspace_hardware cycles_scope=thread_sum coverage_definition=initial_final_snapshots transient_thread_coverage=unverified cycles_raw=3470263 cycles_scaled=3470263.000000 instructions_raw=1710515 instructions_scaled=1710515.000000 cache_misses_raw=398 cache_misses_scaled=398.000000 cache_references_raw=2239 cache_references_scaled=2239.000000 ref_cycles_raw=3598776 ref_cycles_scaled=3598776.000000 amx_busy_raw=524288 amx_busy_scaled=524288.000000 new_tids=none disappeared_tids=none
METHOD_PMU_THREAD graph="hot1024_d1" method="interleaved" repeat=0 tid=842740 available=1 present_at_stop=1 scaled_valid=1 zero_running_time=0 errno=0 error="" time_enabled_ns=1352147 time_running_ns=1352147 scale=1.000000000 running_fraction=1.000000000 cycles_raw=3470263 cycles_scaled=3470263.000000 instructions_raw=1710515 instructions_scaled=1710515.000000 cache_misses_raw=398 cache_misses_scaled=398.000000 cache_references_raw=2239 cache_references_scaled=2239.000000 ref_cycles_raw=3598776 ref_cycles_scaled=3598776.000000 amx_busy_raw=524288 amx_busy_scaled=524288.000000
OVERLAP_PMU_WALL case=hot1024_d1 method=interleaved repeat=0 ms=1.33991241455
METHOD_PMU graph="hot1024_d1" method="interleaved" repeat=1 available=1 coverage_complete=1 scaled_complete=1 initial_threads=1 final_threads=1 counted_threads=1 failed_threads=0 scaled_threads=1 zero_running_threads=0 new_threads=0 disappeared_threads=0 errno=0 error="" region_begin_s=11558311.980121285 region_end_s=11558311.981447766 region_wall_ms=1.326481 start_enable_span_ms=0.012522 stop_disable_span_ms=0.006143 start_control_ms=0.012936 stop_control_ms=0.026443 cpu_family=6 cpu_model=143 event_count=6 amx_busy_requested=1 amx_busy_type=raw amx_busy_config=0x02b7 amx_busy_semantics=speculative_arithmetic_busy_cycles event_scope=generic_userspace_hardware cycles_scope=thread_sum coverage_definition=initial_final_snapshots transient_thread_coverage=unverified cycles_raw=3431856 cycles_scaled=3431856.000000 instructions_raw=1710515 instructions_scaled=1710515.000000 cache_misses_raw=108 cache_misses_scaled=108.000000 cache_references_raw=2152 cache_references_scaled=2152.000000 ref_cycles_raw=3562272 ref_cycles_scaled=3562272.000000 amx_busy_raw=524336 amx_busy_scaled=524336.000000 new_tids=none disappeared_tids=none
METHOD_PMU_THREAD graph="hot1024_d1" method="interleaved" repeat=1 tid=842740 available=1 present_at_stop=1 scaled_valid=1 zero_running_time=0 errno=0 error="" time_enabled_ns=1336656 time_running_ns=1336656 scale=1.000000000 running_fraction=1.000000000 cycles_raw=3431856 cycles_scaled=3431856.000000 instructions_raw=1710515 instructions_scaled=1710515.000000 cache_misses_raw=108 cache_misses_scaled=108.000000 cache_references_raw=2152 cache_references_scaled=2152.000000 ref_cycles_raw=3562272 ref_cycles_scaled=3562272.000000 amx_busy_raw=524336 amx_busy_scaled=524336.000000
OVERLAP_PMU_WALL case=hot1024_d1 method=interleaved repeat=1 ms=1.32584571838
METHOD_PMU graph="hot1024_d1" method="interleaved" repeat=2 available=1 coverage_complete=1 scaled_complete=1 initial_threads=1 final_threads=1 counted_threads=1 failed_threads=0 scaled_threads=1 zero_running_threads=0 new_threads=0 disappeared_threads=0 errno=0 error="" region_begin_s=11558311.982880184 region_end_s=11558311.984217908 region_wall_ms=1.337724 start_enable_span_ms=0.011828 stop_disable_span_ms=0.006076 start_control_ms=0.012242 stop_control_ms=0.025872 cpu_family=6 cpu_model=143 event_count=6 amx_busy_requested=1 amx_busy_type=raw amx_busy_config=0x02b7 amx_busy_semantics=speculative_arithmetic_busy_cycles event_scope=generic_userspace_hardware cycles_scope=thread_sum coverage_definition=initial_final_snapshots transient_thread_coverage=unverified cycles_raw=3440872 cycles_scaled=3440872.000000 instructions_raw=1710516 instructions_scaled=1710516.000000 cache_misses_raw=50 cache_misses_scaled=50.000000 cache_references_raw=2096 cache_references_scaled=2096.000000 ref_cycles_raw=3571344 ref_cycles_scaled=3571344.000000 amx_busy_raw=524336 amx_busy_scaled=524336.000000 new_tids=none disappeared_tids=none
METHOD_PMU_THREAD graph="hot1024_d1" method="interleaved" repeat=2 tid=842740 available=1 present_at_stop=1 scaled_valid=1 zero_running_time=0 errno=0 error="" time_enabled_ns=1347310 time_running_ns=1347310 scale=1.000000000 running_fraction=1.000000000 cycles_raw=3440872 cycles_scaled=3440872.000000 instructions_raw=1710516 instructions_scaled=1710516.000000 cache_misses_raw=50 cache_misses_scaled=50.000000 cache_references_raw=2096 cache_references_scaled=2096.000000 ref_cycles_raw=3571344 ref_cycles_scaled=3571344.000000 amx_busy_raw=524336 amx_busy_scaled=524336.000000
OVERLAP_PMU_WALL case=hot1024_d1 method=interleaved repeat=2 ms=1.3370513916
OVERLAP_CONFIG case=hot1024_d8 tiles=1024 degree=8 source_pool=1024 source_bytes=262144 source_visits=131072 feature_adds=16777216 partial_pack_vectors=131072 tdpbf16ps=32768 output_store_bytes=8388608 threads=1 NUMA=default buffer_count=2
OVERLAP_GATE case=hot1024_d8 bitwise=1 finite=1 pass=1
OVERLAP_TIME case=hot1024_d8 method=serial repeat=0 order=0 ms=1.9268989563
OVERLAP_TIME case=hot1024_d8 method=interleaved repeat=0 order=1 ms=2.06089019775
OVERLAP_TIME case=hot1024_d8 method=interleaved repeat=1 order=0 ms=1.95693969727
OVERLAP_TIME case=hot1024_d8 method=serial repeat=1 order=1 ms=2.0010471344
OVERLAP_TIME case=hot1024_d8 method=serial repeat=2 order=0 ms=2.00605392456
OVERLAP_TIME case=hot1024_d8 method=interleaved repeat=2 order=1 ms=1.89399719238
OVERLAP_TIME case=hot1024_d8 method=interleaved repeat=3 order=0 ms=1.9199848175
OVERLAP_TIME case=hot1024_d8 method=serial repeat=3 order=1 ms=1.97696685791
OVERLAP_TIME case=hot1024_d8 method=serial repeat=4 order=0 ms=1.92809104919
OVERLAP_TIME case=hot1024_d8 method=interleaved repeat=4 order=1 ms=1.90877914429
OVERLAP_TIME case=hot1024_d8 method=interleaved repeat=5 order=0 ms=1.94001197815
OVERLAP_TIME case=hot1024_d8 method=serial repeat=5 order=1 ms=1.94096565247
OVERLAP_TIME case=hot1024_d8 method=serial repeat=6 order=0 ms=1.93214416504
OVERLAP_TIME case=hot1024_d8 method=interleaved repeat=6 order=1 ms=1.88994407654
OVERLAP_PROFILE_GATE case=hot1024_d8 method=serial bitwise=1 pass=1
OVERLAP_DETAIL case=hot1024_d8 method=serial phase=csr_prefetch sampled_thread_ms=0.0686645507812 clocked_sections=2176 additive_wall=0
OVERLAP_DETAIL case=hot1024_d8 method=serial phase=source_load_decode sampled_thread_ms=0.0689029693604 clocked_sections=2176 additive_wall=0
OVERLAP_DETAIL case=hot1024_d8 method=serial phase=fp32_add sampled_thread_ms=0.0667572021484 clocked_sections=2176 additive_wall=0
OVERLAP_DETAIL case=hot1024_d8 method=serial phase=partial_store sampled_thread_ms=0.0119209289551 clocked_sections=272 additive_wall=0
OVERLAP_DETAIL case=hot1024_d8 method=serial phase=partial_pack sampled_thread_ms=0.00500679016113 clocked_sections=17 additive_wall=0
OVERLAP_DETAIL case=hot1024_d8 method=serial phase=amx_a_load sampled_thread_ms=0.00286102294922 clocked_sections=128 additive_wall=0
OVERLAP_DETAIL case=hot1024_d8 method=serial phase=amx_b_load sampled_thread_ms=0.00810623168945 clocked_sections=256 additive_wall=0
OVERLAP_DETAIL case=hot1024_d8 method=serial phase=amx_tdp sampled_thread_ms=0.0245571136475 clocked_sections=256 additive_wall=0
OVERLAP_DETAIL case=hot1024_d8 method=serial phase=amx_zero sampled_thread_ms=0 clocked_sections=32 additive_wall=0
OVERLAP_DETAIL case=hot1024_d8 method=serial phase=amx_c_store sampled_thread_ms=0.000953674316406 clocked_sections=32 additive_wall=0
METHOD_PMU graph="hot1024_d8" method="serial" repeat=0 available=1 coverage_complete=1 scaled_complete=1 initial_threads=1 final_threads=1 counted_threads=1 failed_threads=0 scaled_threads=1 zero_running_threads=0 new_threads=0 disappeared_threads=0 errno=0 error="" region_begin_s=11558312.028532296 region_end_s=11558312.030435480 region_wall_ms=1.903184 start_enable_span_ms=0.015504 stop_disable_span_ms=0.006511 start_control_ms=0.016232 stop_control_ms=0.032469 cpu_family=6 cpu_model=143 event_count=6 amx_busy_requested=1 amx_busy_type=raw amx_busy_config=0x02b7 amx_busy_semantics=speculative_arithmetic_busy_cycles event_scope=generic_userspace_hardware cycles_scope=thread_sum coverage_definition=initial_final_snapshots transient_thread_coverage=unverified cycles_raw=4902046 cycles_scaled=4902046.000000 instructions_raw=5611046 instructions_scaled=5611046.000000 cache_misses_raw=2351 cache_misses_scaled=2351.000000 cache_references_raw=8596 cache_references_scaled=8596.000000 ref_cycles_raw=5087772 ref_cycles_scaled=5087772.000000 amx_busy_raw=524288 amx_busy_scaled=524288.000000 new_tids=none disappeared_tids=none
METHOD_PMU_THREAD graph="hot1024_d8" method="serial" repeat=0 tid=842740 available=1 present_at_stop=1 scaled_valid=1 zero_running_time=0 errno=0 error="" time_enabled_ns=1915196 time_running_ns=1915196 scale=1.000000000 running_fraction=1.000000000 cycles_raw=4902046 cycles_scaled=4902046.000000 instructions_raw=5611046 instructions_scaled=5611046.000000 cache_misses_raw=2351 cache_misses_scaled=2351.000000 cache_references_raw=8596 cache_references_scaled=8596.000000 ref_cycles_raw=5087772 ref_cycles_scaled=5087772.000000 amx_busy_raw=524288 amx_busy_scaled=524288.000000
OVERLAP_PMU_WALL case=hot1024_d8 method=serial repeat=0 ms=1.90305709839
METHOD_PMU graph="hot1024_d8" method="serial" repeat=1 available=1 coverage_complete=1 scaled_complete=1 initial_threads=1 final_threads=1 counted_threads=1 failed_threads=0 scaled_threads=1 zero_running_threads=0 new_threads=0 disappeared_threads=0 errno=0 error="" region_begin_s=11558312.032430358 region_end_s=11558312.034308348 region_wall_ms=1.877990 start_enable_span_ms=0.013770 stop_disable_span_ms=0.006077 start_control_ms=0.014182 stop_control_ms=0.028545 cpu_family=6 cpu_model=143 event_count=6 amx_busy_requested=1 amx_busy_type=raw amx_busy_config=0x02b7 amx_busy_semantics=speculative_arithmetic_busy_cycles event_scope=generic_userspace_hardware cycles_scope=thread_sum coverage_definition=initial_final_snapshots transient_thread_coverage=unverified cycles_raw=4855516 cycles_scaled=4855516.000000 instructions_raw=5611046 instructions_scaled=5611046.000000 cache_misses_raw=267 cache_misses_scaled=267.000000 cache_references_raw=8563 cache_references_scaled=8563.000000 ref_cycles_raw=5037660 ref_cycles_scaled=5037660.000000 amx_busy_raw=524288 amx_busy_scaled=524288.000000 new_tids=none disappeared_tids=none
METHOD_PMU_THREAD graph="hot1024_d8" method="serial" repeat=1 tid=842740 available=1 present_at_stop=1 scaled_valid=1 zero_running_time=0 errno=0 error="" time_enabled_ns=1888785 time_running_ns=1888785 scale=1.000000000 running_fraction=1.000000000 cycles_raw=4855516 cycles_scaled=4855516.000000 instructions_raw=5611046 instructions_scaled=5611046.000000 cache_misses_raw=267 cache_misses_scaled=267.000000 cache_references_raw=8563 cache_references_scaled=8563.000000 ref_cycles_raw=5037660 ref_cycles_scaled=5037660.000000 amx_busy_raw=524288 amx_busy_scaled=524288.000000
OVERLAP_PMU_WALL case=hot1024_d8 method=serial repeat=1 ms=1.87683105469
METHOD_PMU graph="hot1024_d8" method="serial" repeat=2 available=1 coverage_complete=1 scaled_complete=1 initial_threads=1 final_threads=1 counted_threads=1 failed_threads=0 scaled_threads=1 zero_running_threads=0 new_threads=0 disappeared_threads=0 errno=0 error="" region_begin_s=11558312.036293333 region_end_s=11558312.038155256 region_wall_ms=1.861922 start_enable_span_ms=0.012945 stop_disable_span_ms=0.005711 start_control_ms=0.013361 stop_control_ms=0.025823 cpu_family=6 cpu_model=143 event_count=6 amx_busy_requested=1 amx_busy_type=raw amx_busy_config=0x02b7 amx_busy_semantics=speculative_arithmetic_busy_cycles event_scope=generic_userspace_hardware cycles_scope=thread_sum coverage_definition=initial_final_snapshots transient_thread_coverage=unverified cycles_raw=4810464 cycles_scaled=4810464.000000 instructions_raw=5611046 instructions_scaled=5611046.000000 cache_misses_raw=146 cache_misses_scaled=146.000000 cache_references_raw=8600 cache_references_scaled=8600.000000 ref_cycles_raw=4993380 ref_cycles_scaled=4993380.000000 amx_busy_raw=524288 amx_busy_scaled=524288.000000 new_tids=none disappeared_tids=none
METHOD_PMU_THREAD graph="hot1024_d8" method="serial" repeat=2 tid=842740 available=1 present_at_stop=1 scaled_valid=1 zero_running_time=0 errno=0 error="" time_enabled_ns=1872315 time_running_ns=1872315 scale=1.000000000 running_fraction=1.000000000 cycles_raw=4810464 cycles_scaled=4810464.000000 instructions_raw=5611046 instructions_scaled=5611046.000000 cache_misses_raw=146 cache_misses_scaled=146.000000 cache_references_raw=8600 cache_references_scaled=8600.000000 ref_cycles_raw=4993380 ref_cycles_scaled=4993380.000000 amx_busy_raw=524288 amx_busy_scaled=524288.000000
OVERLAP_PMU_WALL case=hot1024_d8 method=serial repeat=2 ms=1.86109542847
OVERLAP_PROFILE_GATE case=hot1024_d8 method=interleaved bitwise=1 pass=1
OVERLAP_DETAIL case=hot1024_d8 method=interleaved phase=csr_prefetch sampled_thread_ms=0.0762939453125 clocked_sections=2176 additive_wall=0
OVERLAP_DETAIL case=hot1024_d8 method=interleaved phase=source_load_decode sampled_thread_ms=0.0655651092529 clocked_sections=2176 additive_wall=0
OVERLAP_DETAIL case=hot1024_d8 method=interleaved phase=fp32_add sampled_thread_ms=0.0722408294678 clocked_sections=2176 additive_wall=0
OVERLAP_DETAIL case=hot1024_d8 method=interleaved phase=partial_store sampled_thread_ms=0.011682510376 clocked_sections=272 additive_wall=0
OVERLAP_DETAIL case=hot1024_d8 method=interleaved phase=partial_pack sampled_thread_ms=0.00286102294922 clocked_sections=17 additive_wall=0
OVERLAP_DETAIL case=hot1024_d8 method=interleaved phase=amx_a_load sampled_thread_ms=0.00500679016113 clocked_sections=128 additive_wall=0
OVERLAP_DETAIL case=hot1024_d8 method=interleaved phase=amx_b_load sampled_thread_ms=0.00667572021484 clocked_sections=256 additive_wall=0
OVERLAP_DETAIL case=hot1024_d8 method=interleaved phase=amx_tdp sampled_thread_ms=0.11134147644 clocked_sections=256 additive_wall=0
OVERLAP_DETAIL case=hot1024_d8 method=interleaved phase=amx_zero sampled_thread_ms=0 clocked_sections=32 additive_wall=0
OVERLAP_DETAIL case=hot1024_d8 method=interleaved phase=amx_c_store sampled_thread_ms=0.00405311584473 clocked_sections=32 additive_wall=0
METHOD_PMU graph="hot1024_d8" method="interleaved" repeat=0 available=1 coverage_complete=1 scaled_complete=1 initial_threads=1 final_threads=1 counted_threads=1 failed_threads=0 scaled_threads=1 zero_running_threads=0 new_threads=0 disappeared_threads=0 errno=0 error="" region_begin_s=11558312.044360384 region_end_s=11558312.046354605 region_wall_ms=1.994221 start_enable_span_ms=0.015292 stop_disable_span_ms=0.007840 start_control_ms=0.016360 stop_control_ms=0.041296 cpu_family=6 cpu_model=143 event_count=6 amx_busy_requested=1 amx_busy_type=raw amx_busy_config=0x02b7 amx_busy_semantics=speculative_arithmetic_busy_cycles event_scope=generic_userspace_hardware cycles_scope=thread_sum coverage_definition=initial_final_snapshots transient_thread_coverage=unverified cycles_raw=5154478 cycles_scaled=5154478.000000 instructions_raw=5773716 instructions_scaled=5773716.000000 cache_misses_raw=6290 cache_misses_scaled=6290.000000 cache_references_raw=9109 cache_references_scaled=9109.000000 ref_cycles_raw=5350428 ref_cycles_scaled=5350428.000000 amx_busy_raw=525224 amx_busy_scaled=525224.000000 new_tids=none disappeared_tids=none
METHOD_PMU_THREAD graph="hot1024_d8" method="interleaved" repeat=0 tid=842740 available=1 present_at_stop=1 scaled_valid=1 zero_running_time=0 errno=0 error="" time_enabled_ns=2006469 time_running_ns=2006469 scale=1.000000000 running_fraction=1.000000000 cycles_raw=5154478 cycles_scaled=5154478.000000 instructions_raw=5773716 instructions_scaled=5773716.000000 cache_misses_raw=6290 cache_misses_scaled=6290.000000 cache_references_raw=9109 cache_references_scaled=9109.000000 ref_cycles_raw=5350428 ref_cycles_scaled=5350428.000000 amx_busy_raw=525224 amx_busy_scaled=525224.000000
OVERLAP_PMU_WALL case=hot1024_d8 method=interleaved repeat=0 ms=1.99389457703
METHOD_PMU graph="hot1024_d8" method="interleaved" repeat=1 available=1 coverage_complete=1 scaled_complete=1 initial_threads=1 final_threads=1 counted_threads=1 failed_threads=0 scaled_threads=1 zero_running_threads=0 new_threads=0 disappeared_threads=0 errno=0 error="" region_begin_s=11558312.048433453 region_end_s=11558312.050404077 region_wall_ms=1.970625 start_enable_span_ms=0.014924 stop_disable_span_ms=0.007859 start_control_ms=0.015752 stop_control_ms=0.037471 cpu_family=6 cpu_model=143 event_count=6 amx_busy_requested=1 amx_busy_type=raw amx_busy_config=0x02b7 amx_busy_semantics=speculative_arithmetic_busy_cycles event_scope=generic_userspace_hardware cycles_scope=thread_sum coverage_definition=initial_final_snapshots transient_thread_coverage=unverified cycles_raw=5092474 cycles_scaled=5092474.000000 instructions_raw=5773716 instructions_scaled=5773716.000000 cache_misses_raw=7856 cache_misses_scaled=7856.000000 cache_references_raw=8672 cache_references_scaled=8672.000000 ref_cycles_raw=5280444 ref_cycles_scaled=5280444.000000 amx_busy_raw=525176 amx_busy_scaled=525176.000000 new_tids=none disappeared_tids=none
METHOD_PMU_THREAD graph="hot1024_d8" method="interleaved" repeat=1 tid=842740 available=1 present_at_stop=1 scaled_valid=1 zero_running_time=0 errno=0 error="" time_enabled_ns=1982932 time_running_ns=1982932 scale=1.000000000 running_fraction=1.000000000 cycles_raw=5092474 cycles_scaled=5092474.000000 instructions_raw=5773716 instructions_scaled=5773716.000000 cache_misses_raw=7856 cache_misses_scaled=7856.000000 cache_references_raw=8672 cache_references_scaled=8672.000000 ref_cycles_raw=5280444 ref_cycles_scaled=5280444.000000 amx_busy_raw=525176 amx_busy_scaled=525176.000000
OVERLAP_PMU_WALL case=hot1024_d8 method=interleaved repeat=1 ms=1.97005271912
METHOD_PMU graph="hot1024_d8" method="interleaved" repeat=2 available=1 coverage_complete=1 scaled_complete=1 initial_threads=1 final_threads=1 counted_threads=1 failed_threads=0 scaled_threads=1 zero_running_threads=0 new_threads=0 disappeared_threads=0 errno=0 error="" region_begin_s=11558312.052467439 region_end_s=11558312.054377252 region_wall_ms=1.909813 start_enable_span_ms=0.014395 stop_disable_span_ms=0.007688 start_control_ms=0.015211 stop_control_ms=0.036412 cpu_family=6 cpu_model=143 event_count=6 amx_busy_requested=1 amx_busy_type=raw amx_busy_config=0x02b7 amx_busy_semantics=speculative_arithmetic_busy_cycles event_scope=generic_userspace_hardware cycles_scope=thread_sum coverage_definition=initial_final_snapshots transient_thread_coverage=unverified cycles_raw=4897519 cycles_scaled=4897519.000000 instructions_raw=5773716 instructions_scaled=5773716.000000 cache_misses_raw=6847 cache_misses_scaled=6847.000000 cache_references_raw=8662 cache_references_scaled=8662.000000 ref_cycles_raw=5083668 ref_cycles_scaled=5083668.000000 amx_busy_raw=524692 amx_busy_scaled=524692.000000 new_tids=none disappeared_tids=none
METHOD_PMU_THREAD graph="hot1024_d8" method="interleaved" repeat=2 tid=842740 available=1 present_at_stop=1 scaled_valid=1 zero_running_time=0 errno=0 error="" time_enabled_ns=1921128 time_running_ns=1921128 scale=1.000000000 running_fraction=1.000000000 cycles_raw=4897519 cycles_scaled=4897519.000000 instructions_raw=5773716 instructions_scaled=5773716.000000 cache_misses_raw=6847 cache_misses_scaled=6847.000000 cache_references_raw=8662 cache_references_scaled=8662.000000 ref_cycles_raw=5083668 ref_cycles_scaled=5083668.000000 amx_busy_raw=524692 amx_busy_scaled=524692.000000
OVERLAP_PMU_WALL case=hot1024_d8 method=interleaved repeat=2 ms=1.90901756287
OVERLAP_CONFIG case=hot1024_d64 tiles=1024 degree=64 source_pool=1024 source_bytes=262144 source_visits=1048576 feature_adds=134217728 partial_pack_vectors=131072 tdpbf16ps=32768 output_store_bytes=8388608 threads=1 NUMA=default buffer_count=2
OVERLAP_GATE case=hot1024_d64 bitwise=1 finite=1 pass=1
OVERLAP_TIME case=hot1024_d64 method=serial repeat=0 order=0 ms=6.21199607849
OVERLAP_TIME case=hot1024_d64 method=interleaved repeat=0 order=1 ms=7.45892524719
OVERLAP_TIME case=hot1024_d64 method=interleaved repeat=1 order=0 ms=7.45606422424
OVERLAP_TIME case=hot1024_d64 method=serial repeat=1 order=1 ms=6.0760974884
OVERLAP_TIME case=hot1024_d64 method=serial repeat=2 order=0 ms=6.09397888184
OVERLAP_TIME case=hot1024_d64 method=interleaved repeat=2 order=1 ms=7.36403465271
OVERLAP_TIME case=hot1024_d64 method=interleaved repeat=3 order=0 ms=7.38120079041
OVERLAP_TIME case=hot1024_d64 method=serial repeat=3 order=1 ms=6.30116462708
OVERLAP_TIME case=hot1024_d64 method=serial repeat=4 order=0 ms=6.13808631897
OVERLAP_TIME case=hot1024_d64 method=interleaved repeat=4 order=1 ms=7.4257850647
OVERLAP_TIME case=hot1024_d64 method=interleaved repeat=5 order=0 ms=7.38406181335
OVERLAP_TIME case=hot1024_d64 method=serial repeat=5 order=1 ms=6.2370300293
OVERLAP_TIME case=hot1024_d64 method=serial repeat=6 order=0 ms=6.00695610046
OVERLAP_TIME case=hot1024_d64 method=interleaved repeat=6 order=1 ms=7.36379623413
OVERLAP_PROFILE_GATE case=hot1024_d64 method=serial bitwise=1 pass=1
OVERLAP_DETAIL case=hot1024_d64 method=serial phase=csr_prefetch sampled_thread_ms=0.519752502441 clocked_sections=17408 additive_wall=0
OVERLAP_DETAIL case=hot1024_d64 method=serial phase=source_load_decode sampled_thread_ms=0.527858734131 clocked_sections=17408 additive_wall=0
OVERLAP_DETAIL case=hot1024_d64 method=serial phase=fp32_add sampled_thread_ms=0.558137893677 clocked_sections=17408 additive_wall=0
OVERLAP_DETAIL case=hot1024_d64 method=serial phase=partial_store sampled_thread_ms=0.00286102294922 clocked_sections=272 additive_wall=0
OVERLAP_DETAIL case=hot1024_d64 method=serial phase=partial_pack sampled_thread_ms=0.00476837158203 clocked_sections=17 additive_wall=0
OVERLAP_DETAIL case=hot1024_d64 method=serial phase=amx_a_load sampled_thread_ms=0.00810623168945 clocked_sections=128 additive_wall=0
OVERLAP_DETAIL case=hot1024_d64 method=serial phase=amx_b_load sampled_thread_ms=0.0119209289551 clocked_sections=256 additive_wall=0
OVERLAP_DETAIL case=hot1024_d64 method=serial phase=amx_tdp sampled_thread_ms=0.0219345092773 clocked_sections=256 additive_wall=0
OVERLAP_DETAIL case=hot1024_d64 method=serial phase=amx_zero sampled_thread_ms=0 clocked_sections=32 additive_wall=0
OVERLAP_DETAIL case=hot1024_d64 method=serial phase=amx_c_store sampled_thread_ms=0.000953674316406 clocked_sections=32 additive_wall=0
METHOD_PMU graph="hot1024_d64" method="serial" repeat=0 available=1 coverage_complete=1 scaled_complete=1 initial_threads=1 final_threads=1 counted_threads=1 failed_threads=0 scaled_threads=1 zero_running_threads=0 new_threads=0 disappeared_threads=0 errno=0 error="" region_begin_s=11558312.206508597 region_end_s=11558312.212901197 region_wall_ms=6.392600 start_enable_span_ms=0.014941 stop_disable_span_ms=0.006619 start_control_ms=0.015819 stop_control_ms=0.043619 cpu_family=6 cpu_model=143 event_count=6 amx_busy_requested=1 amx_busy_type=raw amx_busy_config=0x02b7 amx_busy_semantics=speculative_arithmetic_busy_cycles event_scope=generic_userspace_hardware cycles_scope=thread_sum coverage_definition=initial_final_snapshots transient_thread_coverage=unverified cycles_raw=17784610 cycles_scaled=17784610.000000 instructions_raw=37723690 instructions_scaled=37723690.000000 cache_misses_raw=66067 cache_misses_scaled=66067.000000 cache_references_raw=66313 cache_references_scaled=66313.000000 ref_cycles_raw=17147916 ref_cycles_scaled=17147916.000000 amx_busy_raw=524648 amx_busy_scaled=524648.000000 new_tids=none disappeared_tids=none
METHOD_PMU_THREAD graph="hot1024_d64" method="serial" repeat=0 tid=842740 available=1 present_at_stop=1 scaled_valid=1 zero_running_time=0 errno=0 error="" time_enabled_ns=6404650 time_running_ns=6404650 scale=1.000000000 running_fraction=1.000000000 cycles_raw=17784610 cycles_scaled=17784610.000000 instructions_raw=37723690 instructions_scaled=37723690.000000 cache_misses_raw=66067 cache_misses_scaled=66067.000000 cache_references_raw=66313 cache_references_scaled=66313.000000 ref_cycles_raw=17147916 ref_cycles_scaled=17147916.000000 amx_busy_raw=524648 amx_busy_scaled=524648.000000
OVERLAP_PMU_WALL case=hot1024_d64 method=serial repeat=0 ms=6.39200210571
METHOD_PMU graph="hot1024_d64" method="serial" repeat=1 available=1 coverage_complete=1 scaled_complete=1 initial_threads=1 final_threads=1 counted_threads=1 failed_threads=0 scaled_threads=1 zero_running_threads=0 new_threads=0 disappeared_threads=0 errno=0 error="" region_begin_s=11558312.219071265 region_end_s=11558312.225341925 region_wall_ms=6.270660 start_enable_span_ms=0.014689 stop_disable_span_ms=0.007355 start_control_ms=0.015353 stop_control_ms=0.032831 cpu_family=6 cpu_model=143 event_count=6 amx_busy_requested=1 amx_busy_type=raw amx_busy_config=0x02b7 amx_busy_semantics=speculative_arithmetic_busy_cycles event_scope=generic_userspace_hardware cycles_scope=thread_sum coverage_definition=initial_final_snapshots transient_thread_coverage=unverified cycles_raw=17464158 cycles_scaled=17464158.000000 instructions_raw=37723690 instructions_scaled=37723690.000000 cache_misses_raw=61838 cache_misses_scaled=61838.000000 cache_references_raw=66075 cache_references_scaled=66075.000000 ref_cycles_raw=16839576 ref_cycles_scaled=16839576.000000 amx_busy_raw=524288 amx_busy_scaled=524288.000000 new_tids=none disappeared_tids=none
METHOD_PMU_THREAD graph="hot1024_d64" method="serial" repeat=1 tid=842740 available=1 present_at_stop=1 scaled_valid=1 zero_running_time=0 errno=0 error="" time_enabled_ns=6282948 time_running_ns=6282948 scale=1.000000000 running_fraction=1.000000000 cycles_raw=17464158 cycles_scaled=17464158.000000 instructions_raw=37723690 instructions_scaled=37723690.000000 cache_misses_raw=61838 cache_misses_scaled=61838.000000 cache_references_raw=66075 cache_references_scaled=66075.000000 ref_cycles_raw=16839576 ref_cycles_scaled=16839576.000000 amx_busy_raw=524288 amx_busy_scaled=524288.000000
OVERLAP_PMU_WALL case=hot1024_d64 method=serial repeat=1 ms=6.26993179321
METHOD_PMU graph="hot1024_d64" method="serial" repeat=2 available=1 coverage_complete=1 scaled_complete=1 initial_threads=1 final_threads=1 counted_threads=1 failed_threads=0 scaled_threads=1 zero_running_threads=0 new_threads=0 disappeared_threads=0 errno=0 error="" region_begin_s=11558312.231704924 region_end_s=11558312.238122985 region_wall_ms=6.418061 start_enable_span_ms=0.015122 stop_disable_span_ms=0.008436 start_control_ms=0.015762 stop_control_ms=0.045554 cpu_family=6 cpu_model=143 event_count=6 amx_busy_requested=1 amx_busy_type=raw amx_busy_config=0x02b7 amx_busy_semantics=speculative_arithmetic_busy_cycles event_scope=generic_userspace_hardware cycles_scope=thread_sum coverage_definition=initial_final_snapshots transient_thread_coverage=unverified cycles_raw=17846144 cycles_scaled=17846144.000000 instructions_raw=37723691 instructions_scaled=37723691.000000 cache_misses_raw=66189 cache_misses_scaled=66189.000000 cache_references_raw=66473 cache_references_scaled=66473.000000 ref_cycles_raw=17205048 ref_cycles_scaled=17205048.000000 amx_busy_raw=525716 amx_busy_scaled=525716.000000 new_tids=none disappeared_tids=none
METHOD_PMU_THREAD graph="hot1024_d64" method="serial" repeat=2 tid=842740 available=1 present_at_stop=1 scaled_valid=1 zero_running_time=0 errno=0 error="" time_enabled_ns=6431551 time_running_ns=6431551 scale=1.000000000 running_fraction=1.000000000 cycles_raw=17846144 cycles_scaled=17846144.000000 instructions_raw=37723691 instructions_scaled=37723691.000000 cache_misses_raw=66189 cache_misses_scaled=66189.000000 cache_references_raw=66473 cache_references_scaled=66473.000000 ref_cycles_raw=17205048 ref_cycles_scaled=17205048.000000 amx_busy_raw=525716 amx_busy_scaled=525716.000000
OVERLAP_PMU_WALL case=hot1024_d64 method=serial repeat=2 ms=6.41798973083
OVERLAP_PROFILE_GATE case=hot1024_d64 method=interleaved bitwise=1 pass=1
OVERLAP_DETAIL case=hot1024_d64 method=interleaved phase=csr_prefetch sampled_thread_ms=0.507831573486 clocked_sections=17408 additive_wall=0
OVERLAP_DETAIL case=hot1024_d64 method=interleaved phase=source_load_decode sampled_thread_ms=0.54931640625 clocked_sections=17408 additive_wall=0
OVERLAP_DETAIL case=hot1024_d64 method=interleaved phase=fp32_add sampled_thread_ms=0.547409057617 clocked_sections=17408 additive_wall=0
OVERLAP_DETAIL case=hot1024_d64 method=interleaved phase=partial_store sampled_thread_ms=0.0102519989014 clocked_sections=272 additive_wall=0
OVERLAP_DETAIL case=hot1024_d64 method=interleaved phase=partial_pack sampled_thread_ms=0.00882148742676 clocked_sections=17 additive_wall=0
OVERLAP_DETAIL case=hot1024_d64 method=interleaved phase=amx_a_load sampled_thread_ms=0.00476837158203 clocked_sections=128 additive_wall=0
OVERLAP_DETAIL case=hot1024_d64 method=interleaved phase=amx_b_load sampled_thread_ms=0.0150203704834 clocked_sections=256 additive_wall=0
OVERLAP_DETAIL case=hot1024_d64 method=interleaved phase=amx_tdp sampled_thread_ms=0.1380443573 clocked_sections=256 additive_wall=0
OVERLAP_DETAIL case=hot1024_d64 method=interleaved phase=amx_zero sampled_thread_ms=0.00190734863281 clocked_sections=32 additive_wall=0
OVERLAP_DETAIL case=hot1024_d64 method=interleaved phase=amx_c_store sampled_thread_ms=0.00500679016113 clocked_sections=32 additive_wall=0
METHOD_PMU graph="hot1024_d64" method="interleaved" repeat=0 available=1 coverage_complete=1 scaled_complete=1 initial_threads=1 final_threads=1 counted_threads=1 failed_threads=0 scaled_threads=1 zero_running_threads=0 new_threads=0 disappeared_threads=0 errno=0 error="" region_begin_s=11558312.262598192 region_end_s=11558312.270069404 region_wall_ms=7.471211 start_enable_span_ms=0.015304 stop_disable_span_ms=0.006533 start_control_ms=0.016308 stop_control_ms=0.036901 cpu_family=6 cpu_model=143 event_count=6 amx_busy_requested=1 amx_busy_type=raw amx_busy_config=0x02b7 amx_busy_semantics=speculative_arithmetic_busy_cycles event_scope=generic_userspace_hardware cycles_scope=thread_sum coverage_definition=initial_final_snapshots transient_thread_coverage=unverified cycles_raw=20687518 cycles_scaled=20687518.000000 instructions_raw=37886363 instructions_scaled=37886363.000000 cache_misses_raw=62983 cache_misses_scaled=62983.000000 cache_references_raw=66328 cache_references_scaled=66328.000000 ref_cycles_raw=19946520 ref_cycles_scaled=19946520.000000 amx_busy_raw=524356 amx_busy_scaled=524356.000000 new_tids=none disappeared_tids=none
METHOD_PMU_THREAD graph="hot1024_d64" method="interleaved" repeat=0 tid=842740 available=1 present_at_stop=1 scaled_valid=1 zero_running_time=0 errno=0 error="" time_enabled_ns=7460491 time_running_ns=7460491 scale=1.000000000 running_fraction=1.000000000 cycles_raw=20687518 cycles_scaled=20687518.000000 instructions_raw=37886363 instructions_scaled=37886363.000000 cache_misses_raw=62983 cache_misses_scaled=62983.000000 cache_references_raw=66328 cache_references_scaled=66328.000000 ref_cycles_raw=19946520 ref_cycles_scaled=19946520.000000 amx_busy_raw=524356 amx_busy_scaled=524356.000000
OVERLAP_PMU_WALL case=hot1024_d64 method=interleaved repeat=0 ms=7.47013092041
METHOD_PMU graph="hot1024_d64" method="interleaved" repeat=1 available=1 coverage_complete=1 scaled_complete=1 initial_threads=1 final_threads=1 counted_threads=1 failed_threads=0 scaled_threads=1 zero_running_threads=0 new_threads=0 disappeared_threads=0 errno=0 error="" region_begin_s=11558312.277574411 region_end_s=11558312.285122804 region_wall_ms=7.548394 start_enable_span_ms=0.013178 stop_disable_span_ms=0.008436 start_control_ms=0.013606 stop_control_ms=0.041448 cpu_family=6 cpu_model=143 event_count=6 amx_busy_requested=1 amx_busy_type=raw amx_busy_config=0x02b7 amx_busy_semantics=speculative_arithmetic_busy_cycles event_scope=generic_userspace_hardware cycles_scope=thread_sum coverage_definition=initial_final_snapshots transient_thread_coverage=unverified cycles_raw=20995105 cycles_scaled=20995105.000000 instructions_raw=37886362 instructions_scaled=37886362.000000 cache_misses_raw=63087 cache_misses_scaled=63087.000000 cache_references_raw=67980 cache_references_scaled=67980.000000 ref_cycles_raw=20251512 ref_cycles_scaled=20251512.000000 amx_busy_raw=526796 amx_busy_scaled=526796.000000 new_tids=none disappeared_tids=none
METHOD_PMU_THREAD graph="hot1024_d64" method="interleaved" repeat=1 tid=842740 available=1 present_at_stop=1 scaled_valid=1 zero_running_time=0 errno=0 error="" time_enabled_ns=7560022 time_running_ns=7560022 scale=1.000000000 running_fraction=1.000000000 cycles_raw=20995105 cycles_scaled=20995105.000000 instructions_raw=37886362 instructions_scaled=37886362.000000 cache_misses_raw=63087 cache_misses_scaled=63087.000000 cache_references_raw=67980 cache_references_scaled=67980.000000 ref_cycles_raw=20251512 ref_cycles_scaled=20251512.000000 amx_busy_raw=526796 amx_busy_scaled=526796.000000
OVERLAP_PMU_WALL case=hot1024_d64 method=interleaved repeat=1 ms=7.54809379578
METHOD_PMU graph="hot1024_d64" method="interleaved" repeat=2 available=1 coverage_complete=1 scaled_complete=1 initial_threads=1 final_threads=1 counted_threads=1 failed_threads=0 scaled_threads=1 zero_running_threads=0 new_threads=0 disappeared_threads=0 errno=0 error="" region_begin_s=11558312.292709708 region_end_s=11558312.300247665 region_wall_ms=7.537957 start_enable_span_ms=0.015533 stop_disable_span_ms=0.007147 start_control_ms=0.016323 stop_control_ms=0.039375 cpu_family=6 cpu_model=143 event_count=6 amx_busy_requested=1 amx_busy_type=raw amx_busy_config=0x02b7 amx_busy_semantics=speculative_arithmetic_busy_cycles event_scope=generic_userspace_hardware cycles_scope=thread_sum coverage_definition=initial_final_snapshots transient_thread_coverage=unverified cycles_raw=20739288 cycles_scaled=20739288.000000 instructions_raw=37886364 instructions_scaled=37886364.000000 cache_misses_raw=66128 cache_misses_scaled=66128.000000 cache_references_raw=66455 cache_references_scaled=66455.000000 ref_cycles_raw=19993500 ref_cycles_scaled=19993500.000000 amx_busy_raw=525516 amx_busy_scaled=525516.000000 new_tids=none disappeared_tids=none
METHOD_PMU_THREAD graph="hot1024_d64" method="interleaved" repeat=2 tid=842740 available=1 present_at_stop=1 scaled_valid=1 zero_running_time=0 errno=0 error="" time_enabled_ns=7500304 time_running_ns=7500304 scale=1.000000000 running_fraction=1.000000000 cycles_raw=20739288 cycles_scaled=20739288.000000 instructions_raw=37886364 instructions_scaled=37886364.000000 cache_misses_raw=66128 cache_misses_scaled=66128.000000 cache_references_raw=66455 cache_references_scaled=66455.000000 ref_cycles_raw=19993500 ref_cycles_scaled=19993500.000000 amx_busy_raw=525516 amx_busy_scaled=525516.000000
OVERLAP_PMU_WALL case=hot1024_d64 method=interleaved repeat=2 ms=7.53784179688
OVERLAP_CONFIG case=random524288_d64 tiles=1024 degree=64 source_pool=524288 source_bytes=134217728 source_visits=1048576 feature_adds=134217728 partial_pack_vectors=131072 tdpbf16ps=32768 output_store_bytes=8388608 threads=1 NUMA=default buffer_count=2
OVERLAP_GATE case=random524288_d64 bitwise=1 finite=1 pass=1
OVERLAP_TIME case=random524288_d64 method=serial repeat=0 order=0 ms=37.0290279388
OVERLAP_TIME case=random524288_d64 method=interleaved repeat=0 order=1 ms=37.7049446106
OVERLAP_TIME case=random524288_d64 method=interleaved repeat=1 order=0 ms=36.7910861969
OVERLAP_TIME case=random524288_d64 method=serial repeat=1 order=1 ms=36.4429950714
OVERLAP_TIME case=random524288_d64 method=serial repeat=2 order=0 ms=36.1478328705
OVERLAP_TIME case=random524288_d64 method=interleaved repeat=2 order=1 ms=36.5388393402
OVERLAP_TIME case=random524288_d64 method=interleaved repeat=3 order=0 ms=37.5678539276
OVERLAP_TIME case=random524288_d64 method=serial repeat=3 order=1 ms=36.994934082
OVERLAP_TIME case=random524288_d64 method=serial repeat=4 order=0 ms=36.572933197
OVERLAP_TIME case=random524288_d64 method=interleaved repeat=4 order=1 ms=36.6261005402
OVERLAP_TIME case=random524288_d64 method=interleaved repeat=5 order=0 ms=37.5778675079
OVERLAP_TIME case=random524288_d64 method=serial repeat=5 order=1 ms=36.8769168854
OVERLAP_TIME case=random524288_d64 method=serial repeat=6 order=0 ms=36.5090370178
OVERLAP_TIME case=random524288_d64 method=interleaved repeat=6 order=1 ms=36.9701385498
OVERLAP_PROFILE_GATE case=random524288_d64 method=serial bitwise=1 pass=1
OVERLAP_DETAIL case=random524288_d64 method=serial phase=csr_prefetch sampled_thread_ms=0.455379486084 clocked_sections=17408 additive_wall=0
OVERLAP_DETAIL case=random524288_d64 method=serial phase=source_load_decode sampled_thread_ms=0.68473815918 clocked_sections=17408 additive_wall=0
OVERLAP_DETAIL case=random524288_d64 method=serial phase=fp32_add sampled_thread_ms=0.539302825928 clocked_sections=17408 additive_wall=0
OVERLAP_DETAIL case=random524288_d64 method=serial phase=partial_store sampled_thread_ms=0.00381469726562 clocked_sections=272 additive_wall=0
OVERLAP_DETAIL case=random524288_d64 method=serial phase=partial_pack sampled_thread_ms=0.00786781311035 clocked_sections=17 additive_wall=0
OVERLAP_DETAIL case=random524288_d64 method=serial phase=amx_a_load sampled_thread_ms=0.00715255737305 clocked_sections=128 additive_wall=0
OVERLAP_DETAIL case=random524288_d64 method=serial phase=amx_b_load sampled_thread_ms=0.0145435333252 clocked_sections=256 additive_wall=0
OVERLAP_DETAIL case=random524288_d64 method=serial phase=amx_tdp sampled_thread_ms=0.018835067749 clocked_sections=256 additive_wall=0
OVERLAP_DETAIL case=random524288_d64 method=serial phase=amx_zero sampled_thread_ms=0.00214576721191 clocked_sections=32 additive_wall=0
OVERLAP_DETAIL case=random524288_d64 method=serial phase=amx_c_store sampled_thread_ms=0.00119209289551 clocked_sections=32 additive_wall=0
METHOD_PMU graph="random524288_d64" method="serial" repeat=0 available=1 coverage_complete=1 scaled_complete=1 initial_threads=1 final_threads=1 counted_threads=1 failed_threads=0 scaled_threads=1 zero_running_threads=0 new_threads=0 disappeared_threads=0 errno=0 error="" region_begin_s=11558313.524093051 region_end_s=11558313.563591681 region_wall_ms=39.498631 start_enable_span_ms=0.021678 stop_disable_span_ms=0.010763 start_control_ms=0.023658 stop_control_ms=0.079511 cpu_family=6 cpu_model=143 event_count=6 amx_busy_requested=1 amx_busy_type=raw amx_busy_config=0x02b7 amx_busy_semantics=speculative_arithmetic_busy_cycles event_scope=generic_userspace_hardware cycles_scope=thread_sum coverage_definition=initial_final_snapshots transient_thread_coverage=unverified cycles_raw=110910411 cycles_scaled=110910411.000000 instructions_raw=37723729 instructions_scaled=37723729.000000 cache_misses_raw=4598511 cache_misses_scaled=4598511.000000 cache_references_raw=4671000 cache_references_scaled=4671000.000000 ref_cycles_raw=102889872 ref_cycles_scaled=102889872.000000 amx_busy_raw=525760 amx_busy_scaled=525760.000000 new_tids=none disappeared_tids=none
METHOD_PMU_THREAD graph="random524288_d64" method="serial" repeat=0 tid=842740 available=1 present_at_stop=1 scaled_valid=1 zero_running_time=0 errno=0 error="" time_enabled_ns=38470288 time_running_ns=38470288 scale=1.000000000 running_fraction=1.000000000 cycles_raw=110910411 cycles_scaled=110910411.000000 instructions_raw=37723729 instructions_scaled=37723729.000000 cache_misses_raw=4598511 cache_misses_scaled=4598511.000000 cache_references_raw=4671000 cache_references_scaled=4671000.000000 ref_cycles_raw=102889872 ref_cycles_scaled=102889872.000000 amx_busy_raw=525760 amx_busy_scaled=525760.000000
OVERLAP_PMU_WALL case=random524288_d64 method=serial repeat=0 ms=39.4959449768
METHOD_PMU graph="random524288_d64" method="serial" repeat=1 available=1 coverage_complete=1 scaled_complete=1 initial_threads=1 final_threads=1 counted_threads=1 failed_threads=0 scaled_threads=1 zero_running_threads=0 new_threads=0 disappeared_threads=0 errno=0 error="" region_begin_s=11558313.601802850 region_end_s=11558313.639101507 region_wall_ms=37.298657 start_enable_span_ms=0.016417 stop_disable_span_ms=0.008586 start_control_ms=0.017525 stop_control_ms=0.048754 cpu_family=6 cpu_model=143 event_count=6 amx_busy_requested=1 amx_busy_type=raw amx_busy_config=0x02b7 amx_busy_semantics=speculative_arithmetic_busy_cycles event_scope=generic_userspace_hardware cycles_scope=thread_sum coverage_definition=initial_final_snapshots transient_thread_coverage=unverified cycles_raw=107766366 cycles_scaled=107766366.000000 instructions_raw=37723722 instructions_scaled=37723722.000000 cache_misses_raw=4517135 cache_misses_scaled=4517135.000000 cache_references_raw=4675915 cache_references_scaled=4675915.000000 ref_cycles_raw=100105848 ref_cycles_scaled=100105848.000000 amx_busy_raw=525756 amx_busy_scaled=525756.000000 new_tids=none disappeared_tids=none
METHOD_PMU_THREAD graph="random524288_d64" method="serial" repeat=1 tid=842740 available=1 present_at_stop=1 scaled_valid=1 zero_running_time=0 errno=0 error="" time_enabled_ns=37311748 time_running_ns=37311748 scale=1.000000000 running_fraction=1.000000000 cycles_raw=107766366 cycles_scaled=107766366.000000 instructions_raw=37723722 instructions_scaled=37723722.000000 cache_misses_raw=4517135 cache_misses_scaled=4517135.000000 cache_references_raw=4675915 cache_references_scaled=4675915.000000 ref_cycles_raw=100105848 ref_cycles_scaled=100105848.000000 amx_busy_raw=525756 amx_busy_scaled=525756.000000
OVERLAP_PMU_WALL case=random524288_d64 method=serial repeat=1 ms=37.2970104218
METHOD_PMU graph="random524288_d64" method="serial" repeat=2 available=1 coverage_complete=1 scaled_complete=1 initial_threads=1 final_threads=1 counted_threads=1 failed_threads=0 scaled_threads=1 zero_running_threads=0 new_threads=0 disappeared_threads=0 errno=0 error="" region_begin_s=11558313.676292652 region_end_s=11558313.712581599 region_wall_ms=36.288947 start_enable_span_ms=0.016248 stop_disable_span_ms=0.009542 start_control_ms=0.017116 stop_control_ms=0.048656 cpu_family=6 cpu_model=143 event_count=6 amx_busy_requested=1 amx_busy_type=raw amx_busy_config=0x02b7 amx_busy_semantics=speculative_arithmetic_busy_cycles event_scope=generic_userspace_hardware cycles_scope=thread_sum coverage_definition=initial_final_snapshots transient_thread_coverage=unverified cycles_raw=104826669 cycles_scaled=104826669.000000 instructions_raw=37723721 instructions_scaled=37723721.000000 cache_misses_raw=4417746 cache_misses_scaled=4417746.000000 cache_references_raw=4670218 cache_references_scaled=4670218.000000 ref_cycles_raw=97414920 ref_cycles_scaled=97414920.000000 amx_busy_raw=525304 amx_busy_scaled=525304.000000 new_tids=none disappeared_tids=none
METHOD_PMU_THREAD graph="random524288_d64" method="serial" repeat=2 tid=842740 available=1 present_at_stop=1 scaled_valid=1 zero_running_time=0 errno=0 error="" time_enabled_ns=36285507 time_running_ns=36285507 scale=1.000000000 running_fraction=1.000000000 cycles_raw=104826669 cycles_scaled=104826669.000000 instructions_raw=37723721 instructions_scaled=37723721.000000 cache_misses_raw=4417746 cache_misses_scaled=4417746.000000 cache_references_raw=4670218 cache_references_scaled=4670218.000000 ref_cycles_raw=97414920 ref_cycles_scaled=97414920.000000 amx_busy_raw=525304 amx_busy_scaled=525304.000000
OVERLAP_PMU_WALL case=random524288_d64 method=serial repeat=2 ms=36.2868309021
OVERLAP_PROFILE_GATE case=random524288_d64 method=interleaved bitwise=1 pass=1
OVERLAP_DETAIL case=random524288_d64 method=interleaved phase=csr_prefetch sampled_thread_ms=0.501155853271 clocked_sections=17408 additive_wall=0
OVERLAP_DETAIL case=random524288_d64 method=interleaved phase=source_load_decode sampled_thread_ms=0.774145126343 clocked_sections=17408 additive_wall=0
OVERLAP_DETAIL case=random524288_d64 method=interleaved phase=fp32_add sampled_thread_ms=0.553131103516 clocked_sections=17408 additive_wall=0
OVERLAP_DETAIL case=random524288_d64 method=interleaved phase=partial_store sampled_thread_ms=0.00715255737305 clocked_sections=272 additive_wall=0
OVERLAP_DETAIL case=random524288_d64 method=interleaved phase=partial_pack sampled_thread_ms=0.00476837158203 clocked_sections=17 additive_wall=0
OVERLAP_DETAIL case=random524288_d64 method=interleaved phase=amx_a_load sampled_thread_ms=0.00929832458496 clocked_sections=128 additive_wall=0
OVERLAP_DETAIL case=random524288_d64 method=interleaved phase=amx_b_load sampled_thread_ms=0.0138282775879 clocked_sections=256 additive_wall=0
OVERLAP_DETAIL case=random524288_d64 method=interleaved phase=amx_tdp sampled_thread_ms=0.216245651245 clocked_sections=256 additive_wall=0
OVERLAP_DETAIL case=random524288_d64 method=interleaved phase=amx_zero sampled_thread_ms=0.00214576721191 clocked_sections=32 additive_wall=0
OVERLAP_DETAIL case=random524288_d64 method=interleaved phase=amx_c_store sampled_thread_ms=0.00286102294922 clocked_sections=32 additive_wall=0
METHOD_PMU graph="random524288_d64" method="interleaved" repeat=0 available=1 coverage_complete=1 scaled_complete=1 initial_threads=1 final_threads=1 counted_threads=1 failed_threads=0 scaled_threads=1 zero_running_threads=0 new_threads=0 disappeared_threads=0 errno=0 error="" region_begin_s=11558313.796329426 region_end_s=11558313.834135085 region_wall_ms=37.805660 start_enable_span_ms=0.015093 stop_disable_span_ms=0.009563 start_control_ms=0.015741 stop_control_ms=0.049775 cpu_family=6 cpu_model=143 event_count=6 amx_busy_requested=1 amx_busy_type=raw amx_busy_config=0x02b7 amx_busy_semantics=speculative_arithmetic_busy_cycles event_scope=generic_userspace_hardware cycles_scope=thread_sum coverage_definition=initial_final_snapshots transient_thread_coverage=unverified cycles_raw=107690642 cycles_scaled=107690642.000000 instructions_raw=37886393 instructions_scaled=37886393.000000 cache_misses_raw=4509992 cache_misses_scaled=4509992.000000 cache_references_raw=4677159 cache_references_scaled=4677159.000000 ref_cycles_raw=101355408 ref_cycles_scaled=101355408.000000 amx_busy_raw=527236 amx_busy_scaled=527236.000000 new_tids=none disappeared_tids=none
METHOD_PMU_THREAD graph="random524288_d64" method="interleaved" repeat=0 tid=842740 available=1 present_at_stop=1 scaled_valid=1 zero_running_time=0 errno=0 error="" time_enabled_ns=37793393 time_running_ns=37793393 scale=1.000000000 running_fraction=1.000000000 cycles_raw=107690642 cycles_scaled=107690642.000000 instructions_raw=37886393 instructions_scaled=37886393.000000 cache_misses_raw=4509992 cache_misses_scaled=4509992.000000 cache_references_raw=4677159 cache_references_scaled=4677159.000000 ref_cycles_raw=101355408 ref_cycles_scaled=101355408.000000 amx_busy_raw=527236 amx_busy_scaled=527236.000000
OVERLAP_PMU_WALL case=random524288_d64 method=interleaved repeat=0 ms=37.8050804138
METHOD_PMU graph="random524288_d64" method="interleaved" repeat=1 available=1 coverage_complete=1 scaled_complete=1 initial_threads=1 final_threads=1 counted_threads=1 failed_threads=0 scaled_threads=1 zero_running_threads=0 new_threads=0 disappeared_threads=0 errno=0 error="" region_begin_s=11558313.870837897 region_end_s=11558313.908348856 region_wall_ms=37.510959 start_enable_span_ms=0.014016 stop_disable_span_ms=0.008956 start_control_ms=0.014712 stop_control_ms=0.044978 cpu_family=6 cpu_model=143 event_count=6 amx_busy_requested=1 amx_busy_type=raw amx_busy_config=0x02b7 amx_busy_semantics=speculative_arithmetic_busy_cycles event_scope=generic_userspace_hardware cycles_scope=thread_sum coverage_definition=initial_final_snapshots transient_thread_coverage=unverified cycles_raw=107055581 cycles_scaled=107055581.000000 instructions_raw=37886393 instructions_scaled=37886393.000000 cache_misses_raw=4567121 cache_misses_scaled=4567121.000000 cache_references_raw=4675512 cache_references_scaled=4675512.000000 ref_cycles_raw=100582776 ref_cycles_scaled=100582776.000000 amx_busy_raw=527372 amx_busy_scaled=527372.000000 new_tids=none disappeared_tids=none
METHOD_PMU_THREAD graph="random524288_d64" method="interleaved" repeat=1 tid=842740 available=1 present_at_stop=1 scaled_valid=1 zero_running_time=0 errno=0 error="" time_enabled_ns=37506048 time_running_ns=37506048 scale=1.000000000 running_fraction=1.000000000 cycles_raw=107055581 cycles_scaled=107055581.000000 instructions_raw=37886393 instructions_scaled=37886393.000000 cache_misses_raw=4567121 cache_misses_scaled=4567121.000000 cache_references_raw=4675512 cache_references_scaled=4675512.000000 ref_cycles_raw=100582776 ref_cycles_scaled=100582776.000000 amx_busy_raw=527372 amx_busy_scaled=527372.000000
OVERLAP_PMU_WALL case=random524288_d64 method=interleaved repeat=1 ms=37.5111103058
METHOD_PMU graph="random524288_d64" method="interleaved" repeat=2 available=1 coverage_complete=1 scaled_complete=1 initial_threads=1 final_threads=1 counted_threads=1 failed_threads=0 scaled_threads=1 zero_running_threads=0 new_threads=0 disappeared_threads=0 errno=0 error="" region_begin_s=11558313.945511905 region_end_s=11558313.984119305 region_wall_ms=38.607400 start_enable_span_ms=0.014059 stop_disable_span_ms=0.009363 start_control_ms=0.015029 stop_control_ms=0.047703 cpu_family=6 cpu_model=143 event_count=6 amx_busy_requested=1 amx_busy_type=raw amx_busy_config=0x02b7 amx_busy_semantics=speculative_arithmetic_busy_cycles event_scope=generic_userspace_hardware cycles_scope=thread_sum coverage_definition=initial_final_snapshots transient_thread_coverage=unverified cycles_raw=109173179 cycles_scaled=109173179.000000 instructions_raw=37886395 instructions_scaled=37886395.000000 cache_misses_raw=4581322 cache_misses_scaled=4581322.000000 cache_references_raw=4674633 cache_references_scaled=4674633.000000 ref_cycles_raw=103405248 ref_cycles_scaled=103405248.000000 amx_busy_raw=526784 amx_busy_scaled=526784.000000 new_tids=none disappeared_tids=none
METHOD_PMU_THREAD graph="random524288_d64" method="interleaved" repeat=2 tid=842740 available=1 present_at_stop=1 scaled_valid=1 zero_running_time=0 errno=0 error="" time_enabled_ns=38571010 time_running_ns=38571010 scale=1.000000000 running_fraction=1.000000000 cycles_raw=109173179 cycles_scaled=109173179.000000 instructions_raw=37886395 instructions_scaled=37886395.000000 cache_misses_raw=4581322 cache_misses_scaled=4581322.000000 cache_references_raw=4674633 cache_references_scaled=4674633.000000 ref_cycles_raw=103405248 ref_cycles_scaled=103405248.000000 amx_busy_raw=526784 amx_busy_scaled=526784.000000
OVERLAP_PMU_WALL case=random524288_d64 method=interleaved repeat=2 ms=38.6049747467
OVERLAP_CONFIG case=random524288_d128 tiles=1024 degree=128 source_pool=524288 source_bytes=134217728 source_visits=2097152 feature_adds=268435456 partial_pack_vectors=131072 tdpbf16ps=32768 output_store_bytes=8388608 threads=1 NUMA=default buffer_count=2
OVERLAP_GATE case=random524288_d128 bitwise=1 finite=1 pass=1
OVERLAP_TIME case=random524288_d128 method=serial repeat=0 order=0 ms=72.2100734711
OVERLAP_TIME case=random524288_d128 method=interleaved repeat=0 order=1 ms=72.8459358215
OVERLAP_TIME case=random524288_d128 method=interleaved repeat=1 order=0 ms=73.5449790955
OVERLAP_TIME case=random524288_d128 method=serial repeat=1 order=1 ms=71.7279911041
OVERLAP_TIME case=random524288_d128 method=serial repeat=2 order=0 ms=72.0031261444
OVERLAP_TIME case=random524288_d128 method=interleaved repeat=2 order=1 ms=72.5829601288
OVERLAP_TIME case=random524288_d128 method=interleaved repeat=3 order=0 ms=73.0769634247
OVERLAP_TIME case=random524288_d128 method=serial repeat=3 order=1 ms=74.0950107574
OVERLAP_TIME case=random524288_d128 method=serial repeat=4 order=0 ms=72.448015213
OVERLAP_TIME case=random524288_d128 method=interleaved repeat=4 order=1 ms=73.3399391174
OVERLAP_TIME case=random524288_d128 method=interleaved repeat=5 order=0 ms=73.5459327698
OVERLAP_TIME case=random524288_d128 method=serial repeat=5 order=1 ms=73.3630657196
OVERLAP_TIME case=random524288_d128 method=serial repeat=6 order=0 ms=72.1440315247
OVERLAP_TIME case=random524288_d128 method=interleaved repeat=6 order=1 ms=71.6190338135
OVERLAP_PROFILE_GATE case=random524288_d128 method=serial bitwise=1 pass=1
OVERLAP_DETAIL case=random524288_d128 method=serial phase=csr_prefetch sampled_thread_ms=0.885486602783 clocked_sections=34816 additive_wall=0
OVERLAP_DETAIL case=random524288_d128 method=serial phase=source_load_decode sampled_thread_ms=1.36470794678 clocked_sections=34816 additive_wall=0
OVERLAP_DETAIL case=random524288_d128 method=serial phase=fp32_add sampled_thread_ms=1.01852416992 clocked_sections=34816 additive_wall=0
OVERLAP_DETAIL case=random524288_d128 method=serial phase=partial_store sampled_thread_ms=0.0152587890625 clocked_sections=272 additive_wall=0
OVERLAP_DETAIL case=random524288_d128 method=serial phase=partial_pack sampled_thread_ms=0.00715255737305 clocked_sections=17 additive_wall=0
OVERLAP_DETAIL case=random524288_d128 method=serial phase=amx_a_load sampled_thread_ms=0.00381469726562 clocked_sections=128 additive_wall=0
OVERLAP_DETAIL case=random524288_d128 method=serial phase=amx_b_load sampled_thread_ms=0.0157356262207 clocked_sections=256 additive_wall=0
OVERLAP_DETAIL case=random524288_d128 method=serial phase=amx_tdp sampled_thread_ms=0.0324249267578 clocked_sections=256 additive_wall=0
OVERLAP_DETAIL case=random524288_d128 method=serial phase=amx_zero sampled_thread_ms=0.00405311584473 clocked_sections=32 additive_wall=0
OVERLAP_DETAIL case=random524288_d128 method=serial phase=amx_c_store sampled_thread_ms=0.00190734863281 clocked_sections=32 additive_wall=0
METHOD_PMU graph="random524288_d128" method="serial" repeat=0 available=1 coverage_complete=1 scaled_complete=1 initial_threads=1 final_threads=1 counted_threads=1 failed_threads=0 scaled_threads=1 zero_running_threads=0 new_threads=0 disappeared_threads=0 errno=0 error="" region_begin_s=11558315.938063823 region_end_s=11558316.011912333 region_wall_ms=73.848510 start_enable_span_ms=0.017586 stop_disable_span_ms=0.009140 start_control_ms=0.019248 stop_control_ms=0.059068 cpu_family=6 cpu_model=143 event_count=6 amx_busy_requested=1 amx_busy_type=raw amx_busy_config=0x02b7 amx_busy_semantics=speculative_arithmetic_busy_cycles event_scope=generic_userspace_hardware cycles_scope=thread_sum coverage_definition=initial_final_snapshots transient_thread_coverage=unverified cycles_raw=214928717 cycles_scaled=214928717.000000 instructions_raw=74423920 instructions_scaled=74423920.000000 cache_misses_raw=9107187 cache_misses_scaled=9107187.000000 cache_references_raw=9377869 cache_references_scaled=9377869.000000 ref_cycles_raw=197922312 ref_cycles_scaled=197922312.000000 amx_busy_raw=526584 amx_busy_scaled=526584.000000 new_tids=none disappeared_tids=none
METHOD_PMU_THREAD graph="random524288_d128" method="serial" repeat=0 tid=842740 available=1 present_at_stop=1 scaled_valid=1 zero_running_time=0 errno=0 error="" time_enabled_ns=73776202 time_running_ns=73776202 scale=1.000000000 running_fraction=1.000000000 cycles_raw=214928717 cycles_scaled=214928717.000000 instructions_raw=74423920 instructions_scaled=74423920.000000 cache_misses_raw=9107187 cache_misses_scaled=9107187.000000 cache_references_raw=9377869 cache_references_scaled=9377869.000000 ref_cycles_raw=197922312 ref_cycles_scaled=197922312.000000 amx_busy_raw=526584 amx_busy_scaled=526584.000000
OVERLAP_PMU_WALL case=random524288_d128 method=serial repeat=0 ms=73.8470554352
METHOD_PMU graph="random524288_d128" method="serial" repeat=1 available=1 coverage_complete=1 scaled_complete=1 initial_threads=1 final_threads=1 counted_threads=1 failed_threads=0 scaled_threads=1 zero_running_threads=0 new_threads=0 disappeared_threads=0 errno=0 error="" region_begin_s=11558316.084790941 region_end_s=11558316.158110538 region_wall_ms=73.319597 start_enable_span_ms=0.016001 stop_disable_span_ms=0.008238 start_control_ms=0.017145 stop_control_ms=0.047514 cpu_family=6 cpu_model=143 event_count=6 amx_busy_requested=1 amx_busy_type=raw amx_busy_config=0x02b7 amx_busy_semantics=speculative_arithmetic_busy_cycles event_scope=generic_userspace_hardware cycles_scope=thread_sum coverage_definition=initial_final_snapshots transient_thread_coverage=unverified cycles_raw=212589489 cycles_scaled=212589489.000000 instructions_raw=74423920 instructions_scaled=74423920.000000 cache_misses_raw=9101885 cache_misses_scaled=9101885.000000 cache_references_raw=9368621 cache_references_scaled=9368621.000000 ref_cycles_raw=196504056 ref_cycles_scaled=196504056.000000 amx_busy_raw=526644 amx_busy_scaled=526644.000000 new_tids=none disappeared_tids=none
METHOD_PMU_THREAD graph="random524288_d128" method="serial" repeat=1 tid=842740 available=1 present_at_stop=1 scaled_valid=1 zero_running_time=0 errno=0 error="" time_enabled_ns=73226748 time_running_ns=73226748 scale=1.000000000 running_fraction=1.000000000 cycles_raw=212589489 cycles_scaled=212589489.000000 instructions_raw=74423920 instructions_scaled=74423920.000000 cache_misses_raw=9101885 cache_misses_scaled=9101885.000000 cache_references_raw=9368621 cache_references_scaled=9368621.000000 ref_cycles_raw=196504056 ref_cycles_scaled=196504056.000000 amx_busy_raw=526644 amx_busy_scaled=526644.000000
OVERLAP_PMU_WALL case=random524288_d128 method=serial repeat=1 ms=73.3177661896
METHOD_PMU graph="random524288_d128" method="serial" repeat=2 available=1 coverage_complete=1 scaled_complete=1 initial_threads=1 final_threads=1 counted_threads=1 failed_threads=0 scaled_threads=1 zero_running_threads=0 new_threads=0 disappeared_threads=0 errno=0 error="" region_begin_s=11558316.232215056 region_end_s=11558316.305277517 region_wall_ms=73.062461 start_enable_span_ms=0.015857 stop_disable_span_ms=0.008048 start_control_ms=0.016773 stop_control_ms=0.042752 cpu_family=6 cpu_model=143 event_count=6 amx_busy_requested=1 amx_busy_type=raw amx_busy_config=0x02b7 amx_busy_semantics=speculative_arithmetic_busy_cycles event_scope=generic_userspace_hardware cycles_scope=thread_sum coverage_definition=initial_final_snapshots transient_thread_coverage=unverified cycles_raw=211937665 cycles_scaled=211937665.000000 instructions_raw=74423919 instructions_scaled=74423919.000000 cache_misses_raw=9060235 cache_misses_scaled=9060235.000000 cache_references_raw=9363726 cache_references_scaled=9363726.000000 ref_cycles_raw=195866100 ref_cycles_scaled=195866100.000000 amx_busy_raw=526300 amx_busy_scaled=526300.000000 new_tids=none disappeared_tids=none
METHOD_PMU_THREAD graph="random524288_d128" method="serial" repeat=2 tid=842740 available=1 present_at_stop=1 scaled_valid=1 zero_running_time=0 errno=0 error="" time_enabled_ns=72992519 time_running_ns=72992519 scale=1.000000000 running_fraction=1.000000000 cycles_raw=211937665 cycles_scaled=211937665.000000 instructions_raw=74423919 instructions_scaled=74423919.000000 cache_misses_raw=9060235 cache_misses_scaled=9060235.000000 cache_references_raw=9363726 cache_references_scaled=9363726.000000 ref_cycles_raw=195866100 ref_cycles_scaled=195866100.000000 amx_busy_raw=526300 amx_busy_scaled=526300.000000
OVERLAP_PMU_WALL case=random524288_d128 method=serial repeat=2 ms=73.0609893799
OVERLAP_PROFILE_GATE case=random524288_d128 method=interleaved bitwise=1 pass=1
OVERLAP_DETAIL case=random524288_d128 method=interleaved phase=csr_prefetch sampled_thread_ms=0.927925109863 clocked_sections=34816 additive_wall=0
OVERLAP_DETAIL case=random524288_d128 method=interleaved phase=source_load_decode sampled_thread_ms=1.44457817078 clocked_sections=34816 additive_wall=0
OVERLAP_DETAIL case=random524288_d128 method=interleaved phase=fp32_add sampled_thread_ms=1.08337402344 clocked_sections=34816 additive_wall=0
OVERLAP_DETAIL case=random524288_d128 method=interleaved phase=partial_store sampled_thread_ms=0.0209808349609 clocked_sections=272 additive_wall=0
OVERLAP_DETAIL case=random524288_d128 method=interleaved phase=partial_pack sampled_thread_ms=0.00500679016113 clocked_sections=17 additive_wall=0
OVERLAP_DETAIL case=random524288_d128 method=interleaved phase=amx_a_load sampled_thread_ms=0.00834465026855 clocked_sections=128 additive_wall=0
OVERLAP_DETAIL case=random524288_d128 method=interleaved phase=amx_b_load sampled_thread_ms=0.0231266021729 clocked_sections=256 additive_wall=0
OVERLAP_DETAIL case=random524288_d128 method=interleaved phase=amx_tdp sampled_thread_ms=0.211477279663 clocked_sections=256 additive_wall=0
OVERLAP_DETAIL case=random524288_d128 method=interleaved phase=amx_zero sampled_thread_ms=0.000953674316406 clocked_sections=32 additive_wall=0
OVERLAP_DETAIL case=random524288_d128 method=interleaved phase=amx_c_store sampled_thread_ms=0.00882148742676 clocked_sections=32 additive_wall=0
METHOD_PMU graph="random524288_d128" method="interleaved" repeat=0 available=1 coverage_complete=1 scaled_complete=1 initial_threads=1 final_threads=1 counted_threads=1 failed_threads=0 scaled_threads=1 zero_running_threads=0 new_threads=0 disappeared_threads=0 errno=0 error="" region_begin_s=11558316.468097497 region_end_s=11558316.541837873 region_wall_ms=73.740376 start_enable_span_ms=0.015112 stop_disable_span_ms=0.008386 start_control_ms=0.015808 stop_control_ms=0.047880 cpu_family=6 cpu_model=143 event_count=6 amx_busy_requested=1 amx_busy_type=raw amx_busy_config=0x02b7 amx_busy_semantics=speculative_arithmetic_busy_cycles event_scope=generic_userspace_hardware cycles_scope=thread_sum coverage_definition=initial_final_snapshots transient_thread_coverage=unverified cycles_raw=210887811 cycles_scaled=210887811.000000 instructions_raw=74586588 instructions_scaled=74586588.000000 cache_misses_raw=9135673 cache_misses_scaled=9135673.000000 cache_references_raw=9381481 cache_references_scaled=9381481.000000 ref_cycles_raw=197715384 ref_cycles_scaled=197715384.000000 amx_busy_raw=527448 amx_busy_scaled=527448.000000 new_tids=none disappeared_tids=none
METHOD_PMU_THREAD graph="random524288_d128" method="interleaved" repeat=0 tid=842740 available=1 present_at_stop=1 scaled_valid=1 zero_running_time=0 errno=0 error="" time_enabled_ns=73700814 time_running_ns=73700814 scale=1.000000000 running_fraction=1.000000000 cycles_raw=210887811 cycles_scaled=210887811.000000 instructions_raw=74586588 instructions_scaled=74586588.000000 cache_misses_raw=9135673 cache_misses_scaled=9135673.000000 cache_references_raw=9381481 cache_references_scaled=9381481.000000 ref_cycles_raw=197715384 ref_cycles_scaled=197715384.000000 amx_busy_raw=527448 amx_busy_scaled=527448.000000
OVERLAP_PMU_WALL case=random524288_d128 method=interleaved repeat=0 ms=73.7388134003
METHOD_PMU graph="random524288_d128" method="interleaved" repeat=1 available=1 coverage_complete=1 scaled_complete=1 initial_threads=1 final_threads=1 counted_threads=1 failed_threads=0 scaled_threads=1 zero_running_threads=0 new_threads=0 disappeared_threads=0 errno=0 error="" region_begin_s=11558316.616579080 region_end_s=11558316.689342408 region_wall_ms=72.763328 start_enable_span_ms=0.014939 stop_disable_span_ms=0.008971 start_control_ms=0.015775 stop_control_ms=0.045921 cpu_family=6 cpu_model=143 event_count=6 amx_busy_requested=1 amx_busy_type=raw amx_busy_config=0x02b7 amx_busy_semantics=speculative_arithmetic_busy_cycles event_scope=generic_userspace_hardware cycles_scope=thread_sum coverage_definition=initial_final_snapshots transient_thread_coverage=unverified cycles_raw=208285895 cycles_scaled=208285895.000000 instructions_raw=74586589 instructions_scaled=74586589.000000 cache_misses_raw=9047640 cache_misses_scaled=9047640.000000 cache_references_raw=9382076 cache_references_scaled=9382076.000000 ref_cycles_raw=194973156 ref_cycles_scaled=194973156.000000 amx_busy_raw=526212 amx_busy_scaled=526212.000000 new_tids=none disappeared_tids=none
METHOD_PMU_THREAD graph="random524288_d128" method="interleaved" repeat=1 tid=842740 available=1 present_at_stop=1 scaled_valid=1 zero_running_time=0 errno=0 error="" time_enabled_ns=72667131 time_running_ns=72667131 scale=1.000000000 running_fraction=1.000000000 cycles_raw=208285895 cycles_scaled=208285895.000000 instructions_raw=74586589 instructions_scaled=74586589.000000 cache_misses_raw=9047640 cache_misses_scaled=9047640.000000 cache_references_raw=9382076 cache_references_scaled=9382076.000000 ref_cycles_raw=194973156 ref_cycles_scaled=194973156.000000 amx_busy_raw=526212 amx_busy_scaled=526212.000000
OVERLAP_PMU_WALL case=random524288_d128 method=interleaved repeat=1 ms=72.7620124817
METHOD_PMU graph="random524288_d128" method="interleaved" repeat=2 available=1 coverage_complete=1 scaled_complete=1 initial_threads=1 final_threads=1 counted_threads=1 failed_threads=0 scaled_threads=1 zero_running_threads=0 new_threads=0 disappeared_threads=0 errno=0 error="" region_begin_s=11558316.763606498 region_end_s=11558316.836674130 region_wall_ms=73.067632 start_enable_span_ms=0.014197 stop_disable_span_ms=0.008379 start_control_ms=0.015005 stop_control_ms=0.048123 cpu_family=6 cpu_model=143 event_count=6 amx_busy_requested=1 amx_busy_type=raw amx_busy_config=0x02b7 amx_busy_semantics=speculative_arithmetic_busy_cycles event_scope=generic_userspace_hardware cycles_scope=thread_sum coverage_definition=initial_final_snapshots transient_thread_coverage=unverified cycles_raw=208706433 cycles_scaled=208706433.000000 instructions_raw=74586591 instructions_scaled=74586591.000000 cache_misses_raw=8968593 cache_misses_scaled=8968593.000000 cache_references_raw=9390210 cache_references_scaled=9390210.000000 ref_cycles_raw=195873660 ref_cycles_scaled=195873660.000000 amx_busy_raw=526024 amx_busy_scaled=526024.000000 new_tids=none disappeared_tids=none
METHOD_PMU_THREAD graph="random524288_d128" method="interleaved" repeat=2 tid=842740 available=1 present_at_stop=1 scaled_valid=1 zero_running_time=0 errno=0 error="" time_enabled_ns=73003290 time_running_ns=73003290 scale=1.000000000 running_fraction=1.000000000 cycles_raw=208706433 cycles_scaled=208706433.000000 instructions_raw=74586591 instructions_scaled=74586591.000000 cache_misses_raw=8968593 cache_misses_scaled=8968593.000000 cache_references_raw=9390210 cache_references_scaled=9390210.000000 ref_cycles_raw=195873660 ref_cycles_scaled=195873660.000000 amx_busy_raw=526024 amx_busy_scaled=526024.000000
OVERLAP_PMU_WALL case=random524288_d128 method=interleaved repeat=2 ms=73.0669498444
OVERLAP_COMPLETE cases=5 output_gates=5 profile_gates=10 pass=1
