CORRECT graph=regular-n262144-q16 method=mkl_bf16_inputs boundary=kernel_sample reference=fp64_bf16_inputs rel_l2=1.76694663e-07 max_abs=2.36071646e-05 max_norm=3.46292118e-07 pass=1
CONFIG graph=regular-n262144-q16 N=262144 E=4194304 threads=32 R=64 D=128 F=128 repeats=10 warmups=1
CORRECT graph=regular-n262144-q16 method=mkl_fp32 boundary=kernel_full reference=mkl_bf16_inputs rel_l2=0.00531020316 max_abs=0.442153931 max_norm=0.00484612544 pass=1
CORRECT graph=regular-n262144-q16 method=mkl_fp32 boundary=kernel_full reference=mkl_fp32 rel_l2=0 max_abs=0 max_norm=0 pass=1
CORRECT graph=regular-n262144-q16 method=mkl_fp32 boundary=kernel_sample reference=fp64_bf16_inputs rel_l2=0.00529148703 max_abs=0.327534959 max_norm=0.00480459117 pass=1
CORRECT graph=regular-n262144-q16 method=mkl_bf16_inputs boundary=kernel_full reference=mkl_bf16_inputs rel_l2=0 max_abs=0 max_norm=0 pass=1
CORRECT graph=regular-n262144-q16 method=mkl_bf16_inputs boundary=kernel_full reference=mkl_fp32 rel_l2=0.00528456652 max_abs=0.442153931 max_norm=0.00482275377 pass=1
CORRECT graph=regular-n262144-q16 method=mkl_bf16_inputs boundary=kernel_sample reference=fp64_bf16_inputs rel_l2=1.76694663e-07 max_abs=2.36071646e-05 max_norm=3.46292118e-07 pass=1
CORRECT graph=regular-n262144-q16 method=original boundary=kernel_full reference=mkl_bf16_inputs rel_l2=2.31480324e-07 max_abs=4.95910645e-05 max_norm=5.43531342e-07 pass=1
CORRECT graph=regular-n262144-q16 method=original boundary=kernel_full reference=mkl_fp32 rel_l2=0.00528456656 max_abs=0.442153931 max_norm=0.00482275377 pass=1
CORRECT graph=regular-n262144-q16 method=original boundary=kernel_sample reference=fp64_bf16_inputs rel_l2=1.50733619e-07 max_abs=2.14129686e-05 max_norm=3.14105586e-07 pass=1
CORRECT graph=regular-n262144-q16 method=original_nozero boundary=kernel_full reference=mkl_bf16_inputs rel_l2=2.31480324e-07 max_abs=4.95910645e-05 max_norm=5.43531342e-07 pass=1
CORRECT graph=regular-n262144-q16 method=original_nozero boundary=kernel_full reference=mkl_fp32 rel_l2=0.00528456656 max_abs=0.442153931 max_norm=0.00482275377 pass=1
CORRECT graph=regular-n262144-q16 method=original_nozero boundary=kernel_sample reference=fp64_bf16_inputs rel_l2=1.50733619e-07 max_abs=2.14129686e-05 max_norm=3.14105586e-07 pass=1
CORRECT graph=regular-n262144-q16 method=original_nozero boundary=nozero_identity reference=unchanged_original rel_l2=0 max_abs=0 max_norm=0 pass=1
CORRECT graph=regular-n262144-q16 method=shared_b2_fast_nozero boundary=kernel_full reference=mkl_bf16_inputs rel_l2=0.00238921473 max_abs=0.206031799 max_norm=0.00225816367 pass=1
CORRECT graph=regular-n262144-q16 method=shared_b2_fast_nozero boundary=kernel_full reference=mkl_fp32 rel_l2=0.00709404331 max_abs=0.625572205 max_norm=0.00682337191 pass=1
CORRECT graph=regular-n262144-q16 method=shared_b2_fast_nozero boundary=kernel_sample reference=fp64_bf16_inputs rel_l2=0.00237912333 max_abs=0.137572225 max_norm=0.00201803893 pass=1
CORRECT graph=regular-n262144-q16 method=shared_b2_accurate_nozero boundary=kernel_full reference=mkl_bf16_inputs rel_l2=2.31660575e-07 max_abs=6.10351562e-05 max_norm=6.68961651e-07 pass=1
CORRECT graph=regular-n262144-q16 method=shared_b2_accurate_nozero boundary=kernel_full reference=mkl_fp32 rel_l2=0.00528456656 max_abs=0.44216156 max_norm=0.00482283699 pass=1
CORRECT graph=regular-n262144-q16 method=shared_b2_accurate_nozero boundary=kernel_sample reference=fp64_bf16_inputs rel_l2=1.5151151e-07 max_abs=2.21431255e-05 max_norm=3.24816215e-07 pass=1
CORRECT graph=regular-n262144-q16 method=shared_b4_fast_nozero boundary=kernel_full reference=mkl_bf16_inputs rel_l2=0.00299215182 max_abs=0.266830444 max_norm=0.0029245331 pass=1
CORRECT graph=regular-n262144-q16 method=shared_b4_fast_nozero boundary=kernel_full reference=mkl_fp32 rel_l2=0.00774213294 max_abs=0.708984375 max_norm=0.00773318257 pass=1
CORRECT graph=regular-n262144-q16 method=shared_b4_fast_nozero boundary=kernel_sample reference=fp64_bf16_inputs rel_l2=0.00298838184 max_abs=0.183027208 max_norm=0.00268481542 pass=1
CORRECT graph=regular-n262144-q16 method=shared_b4_accurate_nozero boundary=kernel_full reference=mkl_bf16_inputs rel_l2=2.08372402e-07 max_abs=4.57763672e-05 max_norm=5.01721238e-07 pass=1
CORRECT graph=regular-n262144-q16 method=shared_b4_accurate_nozero boundary=kernel_full reference=mkl_fp32 rel_l2=0.00528456658 max_abs=0.442146301 max_norm=0.00482267055 pass=1
CORRECT graph=regular-n262144-q16 method=shared_b4_accurate_nozero boundary=kernel_sample reference=fp64_bf16_inputs rel_l2=1.11379758e-07 max_abs=1.34855509e-05 max_norm=1.97818758e-07 pass=1
CORRECT graph=regular-n262144-q16 method=shared_b8_fast_nozero boundary=kernel_full reference=mkl_bf16_inputs rel_l2=0.00317338626 max_abs=0.27973938 max_norm=0.00306601849 pass=1
CORRECT graph=regular-n262144-q16 method=shared_b8_fast_nozero boundary=kernel_full reference=mkl_fp32 rel_l2=0.00796017187 max_abs=0.70476532 max_norm=0.00768716361 pass=1
CORRECT graph=regular-n262144-q16 method=shared_b8_fast_nozero boundary=kernel_sample reference=fp64_bf16_inputs rel_l2=0.00319713961 max_abs=0.209686108 max_norm=0.00307587327 pass=1
CORRECT graph=regular-n262144-q16 method=shared_b8_accurate_nozero boundary=kernel_full reference=mkl_bf16_inputs rel_l2=6.28210732e-07 max_abs=0.000166893005 max_norm=1.82919201e-06 pass=1
CORRECT graph=regular-n262144-q16 method=shared_b8_accurate_nozero boundary=kernel_full reference=mkl_fp32 rel_l2=0.00528458975 max_abs=0.442153931 max_norm=0.00482275377 pass=1
CORRECT graph=regular-n262144-q16 method=shared_b8_accurate_nozero boundary=kernel_sample reference=fp64_bf16_inputs rel_l2=7.09081905e-07 max_abs=6.2033534e-05 max_norm=9.09966286e-07 pass=1
CORRECT graph=regular-n262144-q16 method=replay_b8_fast_nozero boundary=kernel_full reference=mkl_bf16_inputs rel_l2=0.00317338626 max_abs=0.27973938 max_norm=0.00306601849 pass=1
CORRECT graph=regular-n262144-q16 method=replay_b8_fast_nozero boundary=kernel_full reference=mkl_fp32 rel_l2=0.00796017187 max_abs=0.70476532 max_norm=0.00768716361 pass=1
CORRECT graph=regular-n262144-q16 method=replay_b8_fast_nozero boundary=kernel_sample reference=fp64_bf16_inputs rel_l2=0.00319713961 max_abs=0.209686108 max_norm=0.00307587327 pass=1
CORRECT graph=regular-n262144-q16 method=shared_b16_fast_nozero boundary=kernel_full reference=mkl_bf16_inputs rel_l2=0.00327337216 max_abs=0.288131714 max_norm=0.00315800071 pass=1
CORRECT graph=regular-n262144-q16 method=shared_b16_fast_nozero boundary=kernel_full reference=mkl_fp32 rel_l2=0.00806897169 max_abs=0.691802979 max_norm=0.00754577805 pass=1
CORRECT graph=regular-n262144-q16 method=shared_b16_fast_nozero boundary=kernel_sample reference=fp64_bf16_inputs rel_l2=0.00327901683 max_abs=0.219362199 max_norm=0.00321781128 pass=1
CORRECT graph=regular-n262144-q16 method=shared_b16_accurate_nozero boundary=kernel_full reference=mkl_bf16_inputs rel_l2=1.91860523e-06 max_abs=0.000332832336 max_norm=3.6479315e-06 pass=1
CORRECT graph=regular-n262144-q16 method=shared_b16_accurate_nozero boundary=kernel_full reference=mkl_fp32 rel_l2=0.00528482842 max_abs=0.442153931 max_norm=0.00482275377 pass=1
CORRECT graph=regular-n262144-q16 method=shared_b16_accurate_nozero boundary=kernel_sample reference=fp64_bf16_inputs rel_l2=2.0847021e-06 max_abs=0.000159867108 max_norm=2.34508126e-06 pass=1
CORRECT graph=regular-n262144-q16 method=shared_b32_fast_nozero boundary=kernel_full reference=mkl_bf16_inputs rel_l2=0.00327337216 max_abs=0.288131714 max_norm=0.00315800071 pass=1
CORRECT graph=regular-n262144-q16 method=shared_b32_fast_nozero boundary=kernel_full reference=mkl_fp32 rel_l2=0.00806897169 max_abs=0.691802979 max_norm=0.00754577805 pass=1
CORRECT graph=regular-n262144-q16 method=shared_b32_fast_nozero boundary=kernel_sample reference=fp64_bf16_inputs rel_l2=0.00327901683 max_abs=0.219362199 max_norm=0.00321781128 pass=1
CORRECT graph=regular-n262144-q16 method=shared_b32_accurate_nozero boundary=kernel_full reference=mkl_bf16_inputs rel_l2=1.91860523e-06 max_abs=0.000332832336 max_norm=3.6479315e-06 pass=1
CORRECT graph=regular-n262144-q16 method=shared_b32_accurate_nozero boundary=kernel_full reference=mkl_fp32 rel_l2=0.00528482842 max_abs=0.442153931 max_norm=0.00482275377 pass=1
CORRECT graph=regular-n262144-q16 method=shared_b32_accurate_nozero boundary=kernel_sample reference=fp64_bf16_inputs rel_l2=2.0847021e-06 max_abs=0.000159867108 max_norm=2.34508126e-06 pass=1
CORRECT graph=regular-n262144-q16 method=replay_b32_fast_nozero boundary=kernel_full reference=mkl_bf16_inputs rel_l2=0.00327337216 max_abs=0.288131714 max_norm=0.00315800071 pass=1
CORRECT graph=regular-n262144-q16 method=replay_b32_fast_nozero boundary=kernel_full reference=mkl_fp32 rel_l2=0.00806897169 max_abs=0.691802979 max_norm=0.00754577805 pass=1
CORRECT graph=regular-n262144-q16 method=replay_b32_fast_nozero boundary=kernel_sample reference=fp64_bf16_inputs rel_l2=0.00327901683 max_abs=0.219362199 max_norm=0.00321781128 pass=1
CORRECT graph=regular-n262144-q16 method=shared_b64_fast_nozero boundary=kernel_full reference=mkl_bf16_inputs rel_l2=0.00327337216 max_abs=0.288131714 max_norm=0.00315800071 pass=1
CORRECT graph=regular-n262144-q16 method=shared_b64_fast_nozero boundary=kernel_full reference=mkl_fp32 rel_l2=0.00806897169 max_abs=0.691802979 max_norm=0.00754577805 pass=1
CORRECT graph=regular-n262144-q16 method=shared_b64_fast_nozero boundary=kernel_sample reference=fp64_bf16_inputs rel_l2=0.00327901683 max_abs=0.219362199 max_norm=0.00321781128 pass=1
CORRECT graph=regular-n262144-q16 method=shared_b64_accurate_nozero boundary=kernel_full reference=mkl_bf16_inputs rel_l2=1.91860523e-06 max_abs=0.000332832336 max_norm=3.6479315e-06 pass=1
CORRECT graph=regular-n262144-q16 method=shared_b64_accurate_nozero boundary=kernel_full reference=mkl_fp32 rel_l2=0.00528482842 max_abs=0.442153931 max_norm=0.00482275377 pass=1
CORRECT graph=regular-n262144-q16 method=shared_b64_accurate_nozero boundary=kernel_sample reference=fp64_bf16_inputs rel_l2=2.0847021e-06 max_abs=0.000159867108 max_norm=2.34508126e-06 pass=1
CORRECT graph=regular-n262144-q16 method=shared_bfull_fast_nozero boundary=kernel_full reference=mkl_bf16_inputs rel_l2=0.00327337216 max_abs=0.288131714 max_norm=0.00315800071 pass=1
CORRECT graph=regular-n262144-q16 method=shared_bfull_fast_nozero boundary=kernel_full reference=mkl_fp32 rel_l2=0.00806897169 max_abs=0.691802979 max_norm=0.00754577805 pass=1
CORRECT graph=regular-n262144-q16 method=shared_bfull_fast_nozero boundary=kernel_sample reference=fp64_bf16_inputs rel_l2=0.00327901683 max_abs=0.219362199 max_norm=0.00321781128 pass=1
CORRECT graph=regular-n262144-q16 method=shared_bfull_accurate_nozero boundary=kernel_full reference=mkl_bf16_inputs rel_l2=1.91860523e-06 max_abs=0.000332832336 max_norm=3.6479315e-06 pass=1
CORRECT graph=regular-n262144-q16 method=shared_bfull_accurate_nozero boundary=kernel_full reference=mkl_fp32 rel_l2=0.00528482842 max_abs=0.442153931 max_norm=0.00482275377 pass=1
CORRECT graph=regular-n262144-q16 method=shared_bfull_accurate_nozero boundary=kernel_sample reference=fp64_bf16_inputs rel_l2=2.0847021e-06 max_abs=0.000159867108 max_norm=2.34508126e-06 pass=1
CORRECT graph=regular-n262144-q16 method=replay_bfull_fast_nozero boundary=kernel_full reference=mkl_bf16_inputs rel_l2=0.00327337216 max_abs=0.288131714 max_norm=0.00315800071 pass=1
CORRECT graph=regular-n262144-q16 method=replay_bfull_fast_nozero boundary=kernel_full reference=mkl_fp32 rel_l2=0.00806897169 max_abs=0.691802979 max_norm=0.00754577805 pass=1
CORRECT graph=regular-n262144-q16 method=replay_bfull_fast_nozero boundary=kernel_sample reference=fp64_bf16_inputs rel_l2=0.00327901683 max_abs=0.219362199 max_norm=0.00321781128 pass=1
TIME graph=regular-n262144-q16 method=mkl_bf16_inputs kernel rep=0 ms=10.277987
TIME graph=regular-n262144-q16 method=original kernel rep=0 ms=17.738104
TIME graph=regular-n262144-q16 method=original_nozero kernel rep=0 ms=4.597902
TIME graph=regular-n262144-q16 method=shared_b2_fast_nozero kernel rep=0 ms=6.201982
TIME graph=regular-n262144-q16 method=shared_b2_accurate_nozero kernel rep=0 ms=7.803202
TIME graph=regular-n262144-q16 method=shared_b4_fast_nozero kernel rep=0 ms=4.281998
TIME graph=regular-n262144-q16 method=shared_b4_accurate_nozero kernel rep=0 ms=5.073071
TIME graph=regular-n262144-q16 method=shared_b8_fast_nozero kernel rep=0 ms=3.381968
TIME graph=regular-n262144-q16 method=shared_b8_accurate_nozero kernel rep=0 ms=3.681898
TIME graph=regular-n262144-q16 method=replay_b8_fast_nozero kernel rep=0 ms=4.449844
TIME graph=regular-n262144-q16 method=shared_b16_fast_nozero kernel rep=0 ms=3.030062
TIME graph=regular-n262144-q16 method=shared_b16_accurate_nozero kernel rep=0 ms=3.103971
TIME graph=regular-n262144-q16 method=shared_b32_fast_nozero kernel rep=0 ms=2.861977
TIME graph=regular-n262144-q16 method=shared_b32_accurate_nozero kernel rep=0 ms=3.035069
TIME graph=regular-n262144-q16 method=replay_b32_fast_nozero kernel rep=0 ms=3.899097
TIME graph=regular-n262144-q16 method=shared_b64_fast_nozero kernel rep=0 ms=2.878904
TIME graph=regular-n262144-q16 method=shared_b64_accurate_nozero kernel rep=0 ms=3.050804
TIME graph=regular-n262144-q16 method=shared_bfull_fast_nozero kernel rep=0 ms=2.893925
TIME graph=regular-n262144-q16 method=shared_bfull_accurate_nozero kernel rep=0 ms=3.090858
TIME graph=regular-n262144-q16 method=replay_bfull_fast_nozero kernel rep=0 ms=3.882885
TIME graph=regular-n262144-q16 method=mkl_fp32 kernel rep=0 ms=10.385990
TIME graph=regular-n262144-q16 method=original kernel rep=1 ms=17.896891
TIME graph=regular-n262144-q16 method=original_nozero kernel rep=1 ms=4.612923
TIME graph=regular-n262144-q16 method=shared_b2_fast_nozero kernel rep=1 ms=6.191015
TIME graph=regular-n262144-q16 method=shared_b2_accurate_nozero kernel rep=1 ms=7.829905
TIME graph=regular-n262144-q16 method=shared_b4_fast_nozero kernel rep=1 ms=4.272938
TIME graph=regular-n262144-q16 method=shared_b4_accurate_nozero kernel rep=1 ms=5.045176
TIME graph=regular-n262144-q16 method=shared_b8_fast_nozero kernel rep=1 ms=3.401041
TIME graph=regular-n262144-q16 method=shared_b8_accurate_nozero kernel rep=1 ms=3.691912
TIME graph=regular-n262144-q16 method=replay_b8_fast_nozero kernel rep=1 ms=4.426956
TIME graph=regular-n262144-q16 method=shared_b16_fast_nozero kernel rep=1 ms=2.870798
TIME graph=regular-n262144-q16 method=shared_b16_accurate_nozero kernel rep=1 ms=3.083944
TIME graph=regular-n262144-q16 method=shared_b32_fast_nozero kernel rep=1 ms=2.954006
TIME graph=regular-n262144-q16 method=shared_b32_accurate_nozero kernel rep=1 ms=3.031969
TIME graph=regular-n262144-q16 method=replay_b32_fast_nozero kernel rep=1 ms=3.938913
TIME graph=regular-n262144-q16 method=shared_b64_fast_nozero kernel rep=1 ms=2.959013
TIME graph=regular-n262144-q16 method=shared_b64_accurate_nozero kernel rep=1 ms=3.065109
TIME graph=regular-n262144-q16 method=shared_bfull_fast_nozero kernel rep=1 ms=2.869129
TIME graph=regular-n262144-q16 method=shared_bfull_accurate_nozero kernel rep=1 ms=3.005981
TIME graph=regular-n262144-q16 method=replay_bfull_fast_nozero kernel rep=1 ms=3.871918
TIME graph=regular-n262144-q16 method=mkl_fp32 kernel rep=1 ms=10.939121
TIME graph=regular-n262144-q16 method=mkl_bf16_inputs kernel rep=1 ms=9.254217
TIME graph=regular-n262144-q16 method=original_nozero kernel rep=2 ms=5.000114
TIME graph=regular-n262144-q16 method=shared_b2_fast_nozero kernel rep=2 ms=6.198883
TIME graph=regular-n262144-q16 method=shared_b2_accurate_nozero kernel rep=2 ms=7.833958
TIME graph=regular-n262144-q16 method=shared_b4_fast_nozero kernel rep=2 ms=4.286051
TIME graph=regular-n262144-q16 method=shared_b4_accurate_nozero kernel rep=2 ms=5.051136
TIME graph=regular-n262144-q16 method=shared_b8_fast_nozero kernel rep=2 ms=3.368139
TIME graph=regular-n262144-q16 method=shared_b8_accurate_nozero kernel rep=2 ms=3.759146
TIME graph=regular-n262144-q16 method=replay_b8_fast_nozero kernel rep=2 ms=4.418135
TIME graph=regular-n262144-q16 method=shared_b16_fast_nozero kernel rep=2 ms=2.948046
TIME graph=regular-n262144-q16 method=shared_b16_accurate_nozero kernel rep=2 ms=3.124952
TIME graph=regular-n262144-q16 method=shared_b32_fast_nozero kernel rep=2 ms=2.957821
TIME graph=regular-n262144-q16 method=shared_b32_accurate_nozero kernel rep=2 ms=3.047943
TIME graph=regular-n262144-q16 method=replay_b32_fast_nozero kernel rep=2 ms=3.936052
TIME graph=regular-n262144-q16 method=shared_b64_fast_nozero kernel rep=2 ms=2.954006
TIME graph=regular-n262144-q16 method=shared_b64_accurate_nozero kernel rep=2 ms=3.077984
TIME graph=regular-n262144-q16 method=shared_bfull_fast_nozero kernel rep=2 ms=2.860069
TIME graph=regular-n262144-q16 method=shared_bfull_accurate_nozero kernel rep=2 ms=3.039122
TIME graph=regular-n262144-q16 method=replay_bfull_fast_nozero kernel rep=2 ms=3.854990
TIME graph=regular-n262144-q16 method=mkl_fp32 kernel rep=2 ms=10.897875
TIME graph=regular-n262144-q16 method=mkl_bf16_inputs kernel rep=2 ms=9.330034
TIME graph=regular-n262144-q16 method=original kernel rep=2 ms=17.372131
TIME graph=regular-n262144-q16 method=shared_b2_fast_nozero kernel rep=3 ms=6.150961
TIME graph=regular-n262144-q16 method=shared_b2_accurate_nozero kernel rep=3 ms=7.796049
TIME graph=regular-n262144-q16 method=shared_b4_fast_nozero kernel rep=3 ms=4.269123
TIME graph=regular-n262144-q16 method=shared_b4_accurate_nozero kernel rep=3 ms=5.046129
TIME graph=regular-n262144-q16 method=shared_b8_fast_nozero kernel rep=3 ms=3.412008
TIME graph=regular-n262144-q16 method=shared_b8_accurate_nozero kernel rep=3 ms=3.710985
TIME graph=regular-n262144-q16 method=replay_b8_fast_nozero kernel rep=3 ms=4.446983
TIME graph=regular-n262144-q16 method=shared_b16_fast_nozero kernel rep=3 ms=2.895117
TIME graph=regular-n262144-q16 method=shared_b16_accurate_nozero kernel rep=3 ms=3.109932
TIME graph=regular-n262144-q16 method=shared_b32_fast_nozero kernel rep=3 ms=2.922058
TIME graph=regular-n262144-q16 method=shared_b32_accurate_nozero kernel rep=3 ms=3.072023
TIME graph=regular-n262144-q16 method=replay_b32_fast_nozero kernel rep=3 ms=3.943205
TIME graph=regular-n262144-q16 method=shared_b64_fast_nozero kernel rep=3 ms=2.932072
TIME graph=regular-n262144-q16 method=shared_b64_accurate_nozero kernel rep=3 ms=3.066063
TIME graph=regular-n262144-q16 method=shared_bfull_fast_nozero kernel rep=3 ms=2.876997
TIME graph=regular-n262144-q16 method=shared_bfull_accurate_nozero kernel rep=3 ms=2.992153
TIME graph=regular-n262144-q16 method=replay_bfull_fast_nozero kernel rep=3 ms=3.876925
TIME graph=regular-n262144-q16 method=mkl_fp32 kernel rep=3 ms=10.228872
TIME graph=regular-n262144-q16 method=mkl_bf16_inputs kernel rep=3 ms=9.361982
TIME graph=regular-n262144-q16 method=original kernel rep=3 ms=17.893076
TIME graph=regular-n262144-q16 method=original_nozero kernel rep=3 ms=4.608154
TIME graph=regular-n262144-q16 method=shared_b2_accurate_nozero kernel rep=4 ms=7.872105
TIME graph=regular-n262144-q16 method=shared_b4_fast_nozero kernel rep=4 ms=4.261017
TIME graph=regular-n262144-q16 method=shared_b4_accurate_nozero kernel rep=4 ms=5.060911
TIME graph=regular-n262144-q16 method=shared_b8_fast_nozero kernel rep=4 ms=3.403187
TIME graph=regular-n262144-q16 method=shared_b8_accurate_nozero kernel rep=4 ms=3.729105
TIME graph=regular-n262144-q16 method=replay_b8_fast_nozero kernel rep=4 ms=4.451990
TIME graph=regular-n262144-q16 method=shared_b16_fast_nozero kernel rep=4 ms=2.810001
TIME graph=regular-n262144-q16 method=shared_b16_accurate_nozero kernel rep=4 ms=3.093958
TIME graph=regular-n262144-q16 method=shared_b32_fast_nozero kernel rep=4 ms=2.747059
TIME graph=regular-n262144-q16 method=shared_b32_accurate_nozero kernel rep=4 ms=3.129005
TIME graph=regular-n262144-q16 method=replay_b32_fast_nozero kernel rep=4 ms=3.745794
TIME graph=regular-n262144-q16 method=shared_b64_fast_nozero kernel rep=4 ms=2.807856
TIME graph=regular-n262144-q16 method=shared_b64_accurate_nozero kernel rep=4 ms=3.042936
TIME graph=regular-n262144-q16 method=shared_bfull_fast_nozero kernel rep=4 ms=2.922058
TIME graph=regular-n262144-q16 method=shared_bfull_accurate_nozero kernel rep=4 ms=3.130913
TIME graph=regular-n262144-q16 method=replay_bfull_fast_nozero kernel rep=4 ms=3.894091
TIME graph=regular-n262144-q16 method=mkl_fp32 kernel rep=4 ms=10.277987
TIME graph=regular-n262144-q16 method=mkl_bf16_inputs kernel rep=4 ms=9.382963
TIME graph=regular-n262144-q16 method=original kernel rep=4 ms=17.613173
TIME graph=regular-n262144-q16 method=original_nozero kernel rep=4 ms=4.603863
TIME graph=regular-n262144-q16 method=shared_b2_fast_nozero kernel rep=4 ms=6.155014
TIME graph=regular-n262144-q16 method=shared_b4_fast_nozero kernel rep=5 ms=4.244089
TIME graph=regular-n262144-q16 method=shared_b4_accurate_nozero kernel rep=5 ms=5.031109
TIME graph=regular-n262144-q16 method=shared_b8_fast_nozero kernel rep=5 ms=3.393173
TIME graph=regular-n262144-q16 method=shared_b8_accurate_nozero kernel rep=5 ms=3.696918
TIME graph=regular-n262144-q16 method=replay_b8_fast_nozero kernel rep=5 ms=4.437923
TIME graph=regular-n262144-q16 method=shared_b16_fast_nozero kernel rep=5 ms=2.946138
TIME graph=regular-n262144-q16 method=shared_b16_accurate_nozero kernel rep=5 ms=3.072977
TIME graph=regular-n262144-q16 method=shared_b32_fast_nozero kernel rep=5 ms=2.928972
TIME graph=regular-n262144-q16 method=shared_b32_accurate_nozero kernel rep=5 ms=3.055811
TIME graph=regular-n262144-q16 method=replay_b32_fast_nozero kernel rep=5 ms=3.842831
TIME graph=regular-n262144-q16 method=shared_b64_fast_nozero kernel rep=5 ms=2.913952
TIME graph=regular-n262144-q16 method=shared_b64_accurate_nozero kernel rep=5 ms=3.084183
TIME graph=regular-n262144-q16 method=shared_bfull_fast_nozero kernel rep=5 ms=2.910137
TIME graph=regular-n262144-q16 method=shared_bfull_accurate_nozero kernel rep=5 ms=3.026962
TIME graph=regular-n262144-q16 method=replay_bfull_fast_nozero kernel rep=5 ms=3.823042
TIME graph=regular-n262144-q16 method=mkl_fp32 kernel rep=5 ms=10.402918
TIME graph=regular-n262144-q16 method=mkl_bf16_inputs kernel rep=5 ms=9.402990
TIME graph=regular-n262144-q16 method=original kernel rep=5 ms=17.810106
TIME graph=regular-n262144-q16 method=original_nozero kernel rep=5 ms=4.606009
TIME graph=regular-n262144-q16 method=shared_b2_fast_nozero kernel rep=5 ms=6.206036
TIME graph=regular-n262144-q16 method=shared_b2_accurate_nozero kernel rep=5 ms=7.796049
TIME graph=regular-n262144-q16 method=shared_b4_accurate_nozero kernel rep=6 ms=5.064011
TIME graph=regular-n262144-q16 method=shared_b8_fast_nozero kernel rep=6 ms=3.386021
TIME graph=regular-n262144-q16 method=shared_b8_accurate_nozero kernel rep=6 ms=3.706932
TIME graph=regular-n262144-q16 method=replay_b8_fast_nozero kernel rep=6 ms=4.448175
TIME graph=regular-n262144-q16 method=shared_b16_fast_nozero kernel rep=6 ms=2.834082
TIME graph=regular-n262144-q16 method=shared_b16_accurate_nozero kernel rep=6 ms=3.016949
TIME graph=regular-n262144-q16 method=shared_b32_fast_nozero kernel rep=6 ms=2.923012
TIME graph=regular-n262144-q16 method=shared_b32_accurate_nozero kernel rep=6 ms=3.139973
TIME graph=regular-n262144-q16 method=replay_b32_fast_nozero kernel rep=6 ms=3.954172
TIME graph=regular-n262144-q16 method=shared_b64_fast_nozero kernel rep=6 ms=2.940178
TIME graph=regular-n262144-q16 method=shared_b64_accurate_nozero kernel rep=6 ms=3.118038
TIME graph=regular-n262144-q16 method=shared_bfull_fast_nozero kernel rep=6 ms=2.896070
TIME graph=regular-n262144-q16 method=shared_bfull_accurate_nozero kernel rep=6 ms=3.067017
TIME graph=regular-n262144-q16 method=replay_bfull_fast_nozero kernel rep=6 ms=3.880978
TIME graph=regular-n262144-q16 method=mkl_fp32 kernel rep=6 ms=10.928869
TIME graph=regular-n262144-q16 method=mkl_bf16_inputs kernel rep=6 ms=9.408951
TIME graph=regular-n262144-q16 method=original kernel rep=6 ms=17.394066
TIME graph=regular-n262144-q16 method=original_nozero kernel rep=6 ms=4.547119
TIME graph=regular-n262144-q16 method=shared_b2_fast_nozero kernel rep=6 ms=6.145954
TIME graph=regular-n262144-q16 method=shared_b2_accurate_nozero kernel rep=6 ms=7.799149
TIME graph=regular-n262144-q16 method=shared_b4_fast_nozero kernel rep=6 ms=4.256964
TIME graph=regular-n262144-q16 method=shared_b8_fast_nozero kernel rep=7 ms=3.342867
TIME graph=regular-n262144-q16 method=shared_b8_accurate_nozero kernel rep=7 ms=3.774881
TIME graph=regular-n262144-q16 method=replay_b8_fast_nozero kernel rep=7 ms=4.456043
TIME graph=regular-n262144-q16 method=shared_b16_fast_nozero kernel rep=7 ms=2.917051
TIME graph=regular-n262144-q16 method=shared_b16_accurate_nozero kernel rep=7 ms=3.101110
TIME graph=regular-n262144-q16 method=shared_b32_fast_nozero kernel rep=7 ms=2.867937
TIME graph=regular-n262144-q16 method=shared_b32_accurate_nozero kernel rep=7 ms=2.986908
TIME graph=regular-n262144-q16 method=replay_b32_fast_nozero kernel rep=7 ms=3.887892
TIME graph=regular-n262144-q16 method=shared_b64_fast_nozero kernel rep=7 ms=2.960920
TIME graph=regular-n262144-q16 method=shared_b64_accurate_nozero kernel rep=7 ms=3.071070
TIME graph=regular-n262144-q16 method=shared_bfull_fast_nozero kernel rep=7 ms=2.919912
TIME graph=regular-n262144-q16 method=shared_bfull_accurate_nozero kernel rep=7 ms=2.988100
TIME graph=regular-n262144-q16 method=replay_bfull_fast_nozero kernel rep=7 ms=3.890991
TIME graph=regular-n262144-q16 method=mkl_fp32 kernel rep=7 ms=10.390997
TIME graph=regular-n262144-q16 method=mkl_bf16_inputs kernel rep=7 ms=9.285927
TIME graph=regular-n262144-q16 method=original kernel rep=7 ms=17.848015
TIME graph=regular-n262144-q16 method=original_nozero kernel rep=7 ms=4.597187
TIME graph=regular-n262144-q16 method=shared_b2_fast_nozero kernel rep=7 ms=6.201029
TIME graph=regular-n262144-q16 method=shared_b2_accurate_nozero kernel rep=7 ms=7.794857
TIME graph=regular-n262144-q16 method=shared_b4_fast_nozero kernel rep=7 ms=4.268885
TIME graph=regular-n262144-q16 method=shared_b4_accurate_nozero kernel rep=7 ms=5.031824
TIME graph=regular-n262144-q16 method=shared_b8_accurate_nozero kernel rep=8 ms=3.727913
TIME graph=regular-n262144-q16 method=replay_b8_fast_nozero kernel rep=8 ms=4.414797
TIME graph=regular-n262144-q16 method=shared_b16_fast_nozero kernel rep=8 ms=2.907038
TIME graph=regular-n262144-q16 method=shared_b16_accurate_nozero kernel rep=8 ms=3.087044
TIME graph=regular-n262144-q16 method=shared_b32_fast_nozero kernel rep=8 ms=2.996206
TIME graph=regular-n262144-q16 method=shared_b32_accurate_nozero kernel rep=8 ms=3.044128
TIME graph=regular-n262144-q16 method=replay_b32_fast_nozero kernel rep=8 ms=3.926039
TIME graph=regular-n262144-q16 method=shared_b64_fast_nozero kernel rep=8 ms=2.989054
TIME graph=regular-n262144-q16 method=shared_b64_accurate_nozero kernel rep=8 ms=3.062963
TIME graph=regular-n262144-q16 method=shared_bfull_fast_nozero kernel rep=8 ms=2.893925
TIME graph=regular-n262144-q16 method=shared_bfull_accurate_nozero kernel rep=8 ms=2.997875
TIME graph=regular-n262144-q16 method=replay_bfull_fast_nozero kernel rep=8 ms=3.874063
TIME graph=regular-n262144-q16 method=mkl_fp32 kernel rep=8 ms=10.252953
TIME graph=regular-n262144-q16 method=mkl_bf16_inputs kernel rep=8 ms=9.407043
TIME graph=regular-n262144-q16 method=original kernel rep=8 ms=17.817974
TIME graph=regular-n262144-q16 method=original_nozero kernel rep=8 ms=4.597902
TIME graph=regular-n262144-q16 method=shared_b2_fast_nozero kernel rep=8 ms=6.204128
TIME graph=regular-n262144-q16 method=shared_b2_accurate_nozero kernel rep=8 ms=7.801056
TIME graph=regular-n262144-q16 method=shared_b4_fast_nozero kernel rep=8 ms=4.267931
TIME graph=regular-n262144-q16 method=shared_b4_accurate_nozero kernel rep=8 ms=5.028963
TIME graph=regular-n262144-q16 method=shared_b8_fast_nozero kernel rep=8 ms=3.381014
TIME graph=regular-n262144-q16 method=replay_b8_fast_nozero kernel rep=9 ms=4.444122
TIME graph=regular-n262144-q16 method=shared_b16_fast_nozero kernel rep=9 ms=2.854109
TIME graph=regular-n262144-q16 method=shared_b16_accurate_nozero kernel rep=9 ms=3.020048
TIME graph=regular-n262144-q16 method=shared_b32_fast_nozero kernel rep=9 ms=2.972841
TIME graph=regular-n262144-q16 method=shared_b32_accurate_nozero kernel rep=9 ms=3.074884
TIME graph=regular-n262144-q16 method=replay_b32_fast_nozero kernel rep=9 ms=3.934860
TIME graph=regular-n262144-q16 method=shared_b64_fast_nozero kernel rep=9 ms=2.928019
TIME graph=regular-n262144-q16 method=shared_b64_accurate_nozero kernel rep=9 ms=3.075123
TIME graph=regular-n262144-q16 method=shared_bfull_fast_nozero kernel rep=9 ms=2.929211
TIME graph=regular-n262144-q16 method=shared_bfull_accurate_nozero kernel rep=9 ms=3.000975
TIME graph=regular-n262144-q16 method=replay_bfull_fast_nozero kernel rep=9 ms=3.850222
TIME graph=regular-n262144-q16 method=mkl_fp32 kernel rep=9 ms=11.018991
TIME graph=regular-n262144-q16 method=mkl_bf16_inputs kernel rep=9 ms=9.712934
TIME graph=regular-n262144-q16 method=original kernel rep=9 ms=17.945051
TIME graph=regular-n262144-q16 method=original_nozero kernel rep=9 ms=4.591942
TIME graph=regular-n262144-q16 method=shared_b2_fast_nozero kernel rep=9 ms=6.222010
TIME graph=regular-n262144-q16 method=shared_b2_accurate_nozero kernel rep=9 ms=7.786989
TIME graph=regular-n262144-q16 method=shared_b4_fast_nozero kernel rep=9 ms=4.279852
TIME graph=regular-n262144-q16 method=shared_b4_accurate_nozero kernel rep=9 ms=5.033970
TIME graph=regular-n262144-q16 method=shared_b8_fast_nozero kernel rep=9 ms=3.359795
TIME graph=regular-n262144-q16 method=shared_b8_accurate_nozero kernel rep=9 ms=3.738880
CORRECT graph=regular-n262144-q16 method=original boundary=instrumented_kernel reference=unchanged_original rel_l2=0 max_abs=0 max_norm=0 pass=1
CORRECT graph=regular-n262144-q16 method=original_nozero boundary=instrumented_kernel reference=unchanged_original rel_l2=0 max_abs=0 max_norm=0 pass=1
CORRECT graph=regular-n262144-q16 method=shared_b2_fast_nozero boundary=instrumented_kernel reference=mkl_bf16_inputs rel_l2=0.00238921473 max_abs=0.206031799 max_norm=0.00225816367 pass=1
CORRECT graph=regular-n262144-q16 method=shared_b2_accurate_nozero boundary=instrumented_kernel reference=mkl_bf16_inputs rel_l2=2.31660575e-07 max_abs=6.10351562e-05 max_norm=6.68961651e-07 pass=1
CORRECT graph=regular-n262144-q16 method=shared_b4_fast_nozero boundary=instrumented_kernel reference=mkl_bf16_inputs rel_l2=0.00299215182 max_abs=0.266830444 max_norm=0.0029245331 pass=1
CORRECT graph=regular-n262144-q16 method=shared_b4_accurate_nozero boundary=instrumented_kernel reference=mkl_bf16_inputs rel_l2=2.08372402e-07 max_abs=4.57763672e-05 max_norm=5.01721238e-07 pass=1
CORRECT graph=regular-n262144-q16 method=shared_b8_fast_nozero boundary=instrumented_kernel reference=mkl_bf16_inputs rel_l2=0.00317338626 max_abs=0.27973938 max_norm=0.00306601849 pass=1
CORRECT graph=regular-n262144-q16 method=shared_b8_accurate_nozero boundary=instrumented_kernel reference=mkl_bf16_inputs rel_l2=6.28210732e-07 max_abs=0.000166893005 max_norm=1.82919201e-06 pass=1
CORRECT graph=regular-n262144-q16 method=replay_b8_fast_nozero boundary=instrumented_kernel reference=mkl_bf16_inputs rel_l2=0.00317338626 max_abs=0.27973938 max_norm=0.00306601849 pass=1
CORRECT graph=regular-n262144-q16 method=shared_b16_fast_nozero boundary=instrumented_kernel reference=mkl_bf16_inputs rel_l2=0.00327337216 max_abs=0.288131714 max_norm=0.00315800071 pass=1
CORRECT graph=regular-n262144-q16 method=shared_b16_accurate_nozero boundary=instrumented_kernel reference=mkl_bf16_inputs rel_l2=1.91860523e-06 max_abs=0.000332832336 max_norm=3.6479315e-06 pass=1
CORRECT graph=regular-n262144-q16 method=shared_b32_fast_nozero boundary=instrumented_kernel reference=mkl_bf16_inputs rel_l2=0.00327337216 max_abs=0.288131714 max_norm=0.00315800071 pass=1
CORRECT graph=regular-n262144-q16 method=shared_b32_accurate_nozero boundary=instrumented_kernel reference=mkl_bf16_inputs rel_l2=1.91860523e-06 max_abs=0.000332832336 max_norm=3.6479315e-06 pass=1
CORRECT graph=regular-n262144-q16 method=replay_b32_fast_nozero boundary=instrumented_kernel reference=mkl_bf16_inputs rel_l2=0.00327337216 max_abs=0.288131714 max_norm=0.00315800071 pass=1
CORRECT graph=regular-n262144-q16 method=shared_b64_fast_nozero boundary=instrumented_kernel reference=mkl_bf16_inputs rel_l2=0.00327337216 max_abs=0.288131714 max_norm=0.00315800071 pass=1
CORRECT graph=regular-n262144-q16 method=shared_b64_accurate_nozero boundary=instrumented_kernel reference=mkl_bf16_inputs rel_l2=1.91860523e-06 max_abs=0.000332832336 max_norm=3.6479315e-06 pass=1
CORRECT graph=regular-n262144-q16 method=shared_bfull_fast_nozero boundary=instrumented_kernel reference=mkl_bf16_inputs rel_l2=0.00327337216 max_abs=0.288131714 max_norm=0.00315800071 pass=1
CORRECT graph=regular-n262144-q16 method=shared_bfull_accurate_nozero boundary=instrumented_kernel reference=mkl_bf16_inputs rel_l2=1.91860523e-06 max_abs=0.000332832336 max_norm=3.6479315e-06 pass=1
CORRECT graph=regular-n262144-q16 method=replay_bfull_fast_nozero boundary=instrumented_kernel reference=mkl_bf16_inputs rel_l2=0.00327337216 max_abs=0.288131714 max_norm=0.00315800071 pass=1
CORRECT graph=regular-n262144-q16 method=mkl_fp32 boundary=two_layer_e2e reference=mkl_bf16_inputs rel_l2=0.0105811301 max_abs=30.8139648 max_norm=0.0108525271 pass=1
CORRECT graph=regular-n262144-q16 method=mkl_fp32 boundary=two_layer_e2e reference=mkl_fp32 rel_l2=0 max_abs=0 max_norm=0 pass=1
CORRECT graph=regular-n262144-q16 method=mkl_bf16_inputs boundary=two_layer_e2e reference=mkl_bf16_inputs rel_l2=0 max_abs=0 max_norm=0 pass=1
CORRECT graph=regular-n262144-q16 method=mkl_bf16_inputs boundary=two_layer_e2e reference=mkl_fp32 rel_l2=0.0104723351 max_abs=30.8139648 max_norm=0.0107382996 pass=1
CORRECT graph=regular-n262144-q16 method=original boundary=two_layer_e2e reference=mkl_bf16_inputs rel_l2=1.2912522e-05 max_abs=0.349197388 max_norm=0.000122985605 pass=1
CORRECT graph=regular-n262144-q16 method=original boundary=two_layer_e2e reference=mkl_fp32 rel_l2=0.0104723461 max_abs=30.8139648 max_norm=0.0107382996 pass=1
CORRECT graph=regular-n262144-q16 method=original_nozero boundary=two_layer_e2e reference=mkl_bf16_inputs rel_l2=1.2912522e-05 max_abs=0.349197388 max_norm=0.000122985605 pass=1
CORRECT graph=regular-n262144-q16 method=original_nozero boundary=two_layer_e2e reference=mkl_fp32 rel_l2=0.0104723461 max_abs=30.8139648 max_norm=0.0107382996 pass=1
CORRECT graph=regular-n262144-q16 method=shared_b2_fast_nozero boundary=two_layer_e2e reference=mkl_bf16_inputs rel_l2=0.00312245517 max_abs=10.2124023 max_norm=0.00359675795 pass=1
CORRECT graph=regular-n262144-q16 method=shared_b2_fast_nozero boundary=two_layer_e2e reference=mkl_fp32 rel_l2=0.0132214915 max_abs=40.0056152 max_norm=0.0139414802 pass=1
CORRECT graph=regular-n262144-q16 method=shared_b2_accurate_nozero boundary=two_layer_e2e reference=mkl_bf16_inputs rel_l2=1.33008443e-05 max_abs=0.364990234 max_norm=0.000128547768 pass=1
CORRECT graph=regular-n262144-q16 method=shared_b2_accurate_nozero boundary=two_layer_e2e reference=mkl_fp32 rel_l2=0.0104723317 max_abs=30.814209 max_norm=0.0107383847 pass=1
CORRECT graph=regular-n262144-q16 method=shared_b4_fast_nozero boundary=two_layer_e2e reference=mkl_bf16_inputs rel_l2=0.00471728826 max_abs=15.0974121 max_norm=0.00531723439 pass=1
CORRECT graph=regular-n262144-q16 method=shared_b4_fast_nozero boundary=two_layer_e2e reference=mkl_fp32 rel_l2=0.0148502886 max_abs=44.7614746 max_norm=0.0155988405 pass=1
CORRECT graph=regular-n262144-q16 method=shared_b4_accurate_nozero boundary=two_layer_e2e reference=mkl_bf16_inputs rel_l2=1.19811097e-05 max_abs=0.300231934 max_norm=0.000105740212 pass=1
CORRECT graph=regular-n262144-q16 method=shared_b4_accurate_nozero boundary=two_layer_e2e reference=mkl_fp32 rel_l2=0.0104723503 max_abs=30.8139648 max_norm=0.0107382996 pass=1
CORRECT graph=regular-n262144-q16 method=shared_b8_fast_nozero boundary=two_layer_e2e reference=mkl_bf16_inputs rel_l2=0.00552296801 max_abs=18.2287598 max_norm=0.00642007966 pass=1
CORRECT graph=regular-n262144-q16 method=shared_b8_fast_nozero boundary=two_layer_e2e reference=mkl_fp32 rel_l2=0.0156432484 max_abs=45.8564453 max_norm=0.0159804248 pass=1
CORRECT graph=regular-n262144-q16 method=shared_b8_accurate_nozero boundary=two_layer_e2e reference=mkl_bf16_inputs rel_l2=1.55002368e-05 max_abs=0.358169556 max_norm=0.000126145558 pass=1
CORRECT graph=regular-n262144-q16 method=shared_b8_accurate_nozero boundary=two_layer_e2e reference=mkl_fp32 rel_l2=0.0104724688 max_abs=30.8139648 max_norm=0.0107382996 pass=1
CORRECT graph=regular-n262144-q16 method=replay_b8_fast_nozero boundary=two_layer_e2e reference=mkl_bf16_inputs rel_l2=0.00552296801 max_abs=18.2287598 max_norm=0.00642007966 pass=1
CORRECT graph=regular-n262144-q16 method=replay_b8_fast_nozero boundary=two_layer_e2e reference=mkl_fp32 rel_l2=0.0156432484 max_abs=45.8564453 max_norm=0.0159804248 pass=1
CORRECT graph=regular-n262144-q16 method=shared_b16_fast_nozero boundary=two_layer_e2e reference=mkl_bf16_inputs rel_l2=0.00591471456 max_abs=18.5664062 max_norm=0.00653899709 pass=1
CORRECT graph=regular-n262144-q16 method=shared_b16_fast_nozero boundary=two_layer_e2e reference=mkl_fp32 rel_l2=0.0159724134 max_abs=48.2954102 max_norm=0.016830375 pass=1
CORRECT graph=regular-n262144-q16 method=shared_b16_accurate_nozero boundary=two_layer_e2e reference=mkl_bf16_inputs rel_l2=3.00318252e-05 max_abs=0.436431885 max_norm=0.000153709166 pass=1
CORRECT graph=regular-n262144-q16 method=shared_b16_accurate_nozero boundary=two_layer_e2e reference=mkl_fp32 rel_l2=0.0104730883 max_abs=30.8125 max_norm=0.0107377891 pass=1
CORRECT graph=regular-n262144-q16 method=shared_b32_fast_nozero boundary=two_layer_e2e reference=mkl_bf16_inputs rel_l2=0.00591471456 max_abs=18.5664062 max_norm=0.00653899709 pass=1
CORRECT graph=regular-n262144-q16 method=shared_b32_fast_nozero boundary=two_layer_e2e reference=mkl_fp32 rel_l2=0.0159724134 max_abs=48.2954102 max_norm=0.016830375 pass=1
CORRECT graph=regular-n262144-q16 method=shared_b32_accurate_nozero boundary=two_layer_e2e reference=mkl_bf16_inputs rel_l2=3.00318252e-05 max_abs=0.436431885 max_norm=0.000153709166 pass=1
CORRECT graph=regular-n262144-q16 method=shared_b32_accurate_nozero boundary=two_layer_e2e reference=mkl_fp32 rel_l2=0.0104730883 max_abs=30.8125 max_norm=0.0107377891 pass=1
CORRECT graph=regular-n262144-q16 method=replay_b32_fast_nozero boundary=two_layer_e2e reference=mkl_bf16_inputs rel_l2=0.00591471456 max_abs=18.5664062 max_norm=0.00653899709 pass=1
CORRECT graph=regular-n262144-q16 method=replay_b32_fast_nozero boundary=two_layer_e2e reference=mkl_fp32 rel_l2=0.0159724134 max_abs=48.2954102 max_norm=0.016830375 pass=1
CORRECT graph=regular-n262144-q16 method=shared_b64_fast_nozero boundary=two_layer_e2e reference=mkl_bf16_inputs rel_l2=0.00591471456 max_abs=18.5664062 max_norm=0.00653899709 pass=1
CORRECT graph=regular-n262144-q16 method=shared_b64_fast_nozero boundary=two_layer_e2e reference=mkl_fp32 rel_l2=0.0159724134 max_abs=48.2954102 max_norm=0.016830375 pass=1
CORRECT graph=regular-n262144-q16 method=shared_b64_accurate_nozero boundary=two_layer_e2e reference=mkl_bf16_inputs rel_l2=3.00318252e-05 max_abs=0.436431885 max_norm=0.000153709166 pass=1
CORRECT graph=regular-n262144-q16 method=shared_b64_accurate_nozero boundary=two_layer_e2e reference=mkl_fp32 rel_l2=0.0104730883 max_abs=30.8125 max_norm=0.0107377891 pass=1
CORRECT graph=regular-n262144-q16 method=shared_bfull_fast_nozero boundary=two_layer_e2e reference=mkl_bf16_inputs rel_l2=0.00591471456 max_abs=18.5664062 max_norm=0.00653899709 pass=1
CORRECT graph=regular-n262144-q16 method=shared_bfull_fast_nozero boundary=two_layer_e2e reference=mkl_fp32 rel_l2=0.0159724134 max_abs=48.2954102 max_norm=0.016830375 pass=1
CORRECT graph=regular-n262144-q16 method=shared_bfull_accurate_nozero boundary=two_layer_e2e reference=mkl_bf16_inputs rel_l2=3.00318252e-05 max_abs=0.436431885 max_norm=0.000153709166 pass=1
CORRECT graph=regular-n262144-q16 method=shared_bfull_accurate_nozero boundary=two_layer_e2e reference=mkl_fp32 rel_l2=0.0104730883 max_abs=30.8125 max_norm=0.0107377891 pass=1
CORRECT graph=regular-n262144-q16 method=replay_bfull_fast_nozero boundary=two_layer_e2e reference=mkl_bf16_inputs rel_l2=0.00591471456 max_abs=18.5664062 max_norm=0.00653899709 pass=1
CORRECT graph=regular-n262144-q16 method=replay_bfull_fast_nozero boundary=two_layer_e2e reference=mkl_fp32 rel_l2=0.0159724134 max_abs=48.2954102 max_norm=0.016830375 pass=1
TIME graph=regular-n262144-q16 method=mkl_bf16_inputs e2e rep=0 ms=21.898985 L1=10.366917 act_convert=1.951933 L2=9.580135
TIME graph=regular-n262144-q16 method=original e2e rep=0 ms=34.337044 L1=16.575098 act_convert=1.044035 L2=16.717911
TIME graph=regular-n262144-q16 method=original_nozero e2e rep=0 ms=12.423992 L1=5.767107 act_convert=1.029015 L2=5.627871
TIME graph=regular-n262144-q16 method=shared_b2_fast_nozero e2e rep=0 ms=15.775919 L1=7.324934 act_convert=1.050949 L2=7.400036
TIME graph=regular-n262144-q16 method=shared_b2_accurate_nozero e2e rep=0 ms=18.647194 L1=8.818150 act_convert=1.021862 L2=8.807182
TIME graph=regular-n262144-q16 method=shared_b4_fast_nozero e2e rep=0 ms=11.855125 L1=5.371094 act_convert=1.040936 L2=5.443096
TIME graph=regular-n262144-q16 method=shared_b4_accurate_nozero e2e rep=0 ms=13.448000 L1=6.170034 act_convert=1.059771 L2=6.218195
TIME graph=regular-n262144-q16 method=shared_b8_fast_nozero e2e rep=0 ms=9.773970 L1=4.413128 act_convert=1.065016 L2=4.295826
TIME graph=regular-n262144-q16 method=shared_b8_accurate_nozero e2e rep=0 ms=10.786057 L1=4.806995 act_convert=1.061916 L2=4.917145
TIME graph=regular-n262144-q16 method=replay_b8_fast_nozero e2e rep=0 ms=12.454987 L1=5.212069 act_convert=1.568079 L2=5.674839
TIME graph=regular-n262144-q16 method=shared_b16_fast_nozero e2e rep=0 ms=9.114981 L1=4.055977 act_convert=1.059055 L2=3.999949
TIME graph=regular-n262144-q16 method=shared_b16_accurate_nozero e2e rep=0 ms=10.530949 L1=4.705906 act_convert=1.061916 L2=4.763126
TIME graph=regular-n262144-q16 method=shared_b32_fast_nozero e2e rep=0 ms=10.076046 L1=4.336119 act_convert=1.021862 L2=4.718065
TIME graph=regular-n262144-q16 method=shared_b32_accurate_nozero e2e rep=0 ms=10.790825 L1=4.704952 act_convert=1.060009 L2=5.025864
TIME graph=regular-n262144-q16 method=replay_b32_fast_nozero e2e rep=0 ms=11.898041 L1=5.146980 act_convert=1.018047 L2=5.733013
TIME graph=regular-n262144-q16 method=shared_b64_fast_nozero e2e rep=0 ms=10.363817 L1=4.578829 act_convert=1.060963 L2=4.724026
TIME graph=regular-n262144-q16 method=shared_b64_accurate_nozero e2e rep=0 ms=10.540962 L1=4.554033 act_convert=1.055002 L2=4.931927
TIME graph=regular-n262144-q16 method=shared_bfull_fast_nozero e2e rep=0 ms=9.984970 L1=4.264832 act_convert=1.020193 L2=4.699945
TIME graph=regular-n262144-q16 method=shared_bfull_accurate_nozero e2e rep=0 ms=10.668993 L1=4.587173 act_convert=1.055956 L2=5.025864
TIME graph=regular-n262144-q16 method=replay_bfull_fast_nozero e2e rep=0 ms=11.801958 L1=5.024910 act_convert=1.025200 L2=5.751848
TIME graph=regular-n262144-q16 method=mkl_fp32 e2e rep=0 ms=20.005941 L1=10.133028 act_convert=0.849009 L2=9.023905
TIME graph=regular-n262144-q16 method=original e2e rep=1 ms=35.820961 L1=17.730951 act_convert=1.001120 L2=17.088890
TIME graph=regular-n262144-q16 method=original_nozero e2e rep=1 ms=12.670994 L1=5.916119 act_convert=1.024008 L2=5.730867
TIME graph=regular-n262144-q16 method=shared_b2_fast_nozero e2e rep=1 ms=15.688181 L1=7.303953 act_convert=1.057148 L2=7.327080
TIME graph=regular-n262144-q16 method=shared_b2_accurate_nozero e2e rep=1 ms=18.625021 L1=8.744955 act_convert=1.027107 L2=8.852959
TIME graph=regular-n262144-q16 method=shared_b4_fast_nozero e2e rep=1 ms=11.848927 L1=5.460978 act_convert=1.055002 L2=5.332947
TIME graph=regular-n262144-q16 method=shared_b4_accurate_nozero e2e rep=1 ms=13.318062 L1=6.131887 act_convert=1.061201 L2=6.124973
TIME graph=regular-n262144-q16 method=shared_b8_fast_nozero e2e rep=1 ms=9.632111 L1=4.370213 act_convert=1.060963 L2=4.200935
TIME graph=regular-n262144-q16 method=shared_b8_accurate_nozero e2e rep=1 ms=10.832071 L1=4.623175 act_convert=1.059055 L2=5.149841
TIME graph=regular-n262144-q16 method=replay_b8_fast_nozero e2e rep=1 ms=11.792898 L1=5.378008 act_convert=1.064062 L2=5.350828
TIME graph=regular-n262144-q16 method=shared_b16_fast_nozero e2e rep=1 ms=9.581089 L1=3.953934 act_convert=1.068115 L2=4.559040
TIME graph=regular-n262144-q16 method=shared_b16_accurate_nozero e2e rep=1 ms=10.180950 L1=4.354000 act_convert=1.048088 L2=4.778862
TIME graph=regular-n262144-q16 method=shared_b32_fast_nozero e2e rep=1 ms=9.660006 L1=4.088163 act_convert=1.017809 L2=4.554033
TIME graph=regular-n262144-q16 method=shared_b32_accurate_nozero e2e rep=1 ms=10.747910 L1=4.632950 act_convert=1.046181 L2=5.068779
TIME graph=regular-n262144-q16 method=replay_b32_fast_nozero e2e rep=1 ms=11.929035 L1=5.210161 act_convert=1.024008 L2=5.694866
TIME graph=regular-n262144-q16 method=shared_b64_fast_nozero e2e rep=1 ms=10.473967 L1=4.618883 act_convert=1.053095 L2=4.801989
TIME graph=regular-n262144-q16 method=shared_b64_accurate_nozero e2e rep=1 ms=10.614157 L1=4.460096 act_convert=1.071930 L2=5.082130
TIME graph=regular-n262144-q16 method=shared_bfull_fast_nozero e2e rep=1 ms=10.173082 L1=4.304171 act_convert=1.086950 L2=4.781961
TIME graph=regular-n262144-q16 method=shared_bfull_accurate_nozero e2e rep=1 ms=10.785103 L1=4.534006 act_convert=1.058102 L2=5.192995
TIME graph=regular-n262144-q16 method=replay_bfull_fast_nozero e2e rep=1 ms=12.033939 L1=5.213976 act_convert=1.018047 L2=5.801916
TIME graph=regular-n262144-q16 method=mkl_fp32 e2e rep=1 ms=20.358086 L1=10.390043 act_convert=0.887871 L2=9.080172
TIME graph=regular-n262144-q16 method=mkl_bf16_inputs e2e rep=1 ms=20.900011 L1=9.634018 act_convert=2.079010 L2=9.186983
TIME graph=regular-n262144-q16 method=original_nozero e2e rep=2 ms=11.936188 L1=5.164146 act_convert=0.995874 L2=5.776167
TIME graph=regular-n262144-q16 method=shared_b2_fast_nozero e2e rep=2 ms=15.693903 L1=7.254124 act_convert=1.061916 L2=7.377863
TIME graph=regular-n262144-q16 method=shared_b2_accurate_nozero e2e rep=2 ms=18.959045 L1=8.909941 act_convert=1.031160 L2=9.017944
TIME graph=regular-n262144-q16 method=shared_b4_fast_nozero e2e rep=2 ms=12.142897 L1=5.532980 act_convert=1.070023 L2=5.539894
TIME graph=regular-n262144-q16 method=shared_b4_accurate_nozero e2e rep=2 ms=13.797045 L1=6.406069 act_convert=1.071930 L2=6.319046
TIME graph=regular-n262144-q16 method=shared_b8_fast_nozero e2e rep=2 ms=10.242939 L1=4.510880 act_convert=1.078129 L2=4.653931
TIME graph=regular-n262144-q16 method=shared_b8_accurate_nozero e2e rep=2 ms=11.175871 L1=4.863977 act_convert=1.070976 L2=5.240917
TIME graph=regular-n262144-q16 method=replay_b8_fast_nozero e2e rep=2 ms=12.049913 L1=5.508900 act_convert=1.055956 L2=5.485058
TIME graph=regular-n262144-q16 method=shared_b16_fast_nozero e2e rep=2 ms=9.536982 L1=4.037857 act_convert=1.064062 L2=4.435062
TIME graph=regular-n262144-q16 method=shared_b16_accurate_nozero e2e rep=2 ms=10.498047 L1=4.626036 act_convert=1.061916 L2=4.810095
TIME graph=regular-n262144-q16 method=shared_b32_fast_nozero e2e rep=2 ms=9.858847 L1=4.204035 act_convert=1.012802 L2=4.642010
TIME graph=regular-n262144-q16 method=shared_b32_accurate_nozero e2e rep=2 ms=10.521889 L1=4.627943 act_convert=1.064062 L2=4.829884
TIME graph=regular-n262144-q16 method=replay_b32_fast_nozero e2e rep=2 ms=11.859894 L1=5.070925 act_convert=1.016140 L2=5.772829
TIME graph=regular-n262144-q16 method=shared_b64_fast_nozero e2e rep=2 ms=10.496140 L1=4.698038 act_convert=1.063108 L2=4.734993
TIME graph=regular-n262144-q16 method=shared_b64_accurate_nozero e2e rep=2 ms=10.412931 L1=4.423141 act_convert=1.056910 L2=4.932880
TIME graph=regular-n262144-q16 method=shared_bfull_fast_nozero e2e rep=2 ms=9.711981 L1=4.117012 act_convert=1.011133 L2=4.583836
TIME graph=regular-n262144-q16 method=shared_bfull_accurate_nozero e2e rep=2 ms=10.514021 L1=4.419088 act_convert=1.057863 L2=5.037069
TIME graph=regular-n262144-q16 method=replay_bfull_fast_nozero e2e rep=2 ms=11.879206 L1=5.147219 act_convert=1.022816 L2=5.709171
TIME graph=regular-n262144-q16 method=mkl_fp32 e2e rep=2 ms=20.081043 L1=10.290146 act_convert=0.874996 L2=8.915901
TIME graph=regular-n262144-q16 method=mkl_bf16_inputs e2e rep=2 ms=20.315170 L1=9.319067 act_convert=1.910925 L2=9.085178
TIME graph=regular-n262144-q16 method=original e2e rep=2 ms=34.546852 L1=16.654015 act_convert=0.985861 L2=16.906977
TIME graph=regular-n262144-q16 method=shared_b2_fast_nozero e2e rep=3 ms=15.967131 L1=7.477999 act_convert=1.060009 L2=7.429123
TIME graph=regular-n262144-q16 method=shared_b2_accurate_nozero e2e rep=3 ms=18.615961 L1=8.800030 act_convert=1.029015 L2=8.786917
TIME graph=regular-n262144-q16 method=shared_b4_fast_nozero e2e rep=3 ms=11.616945 L1=5.316019 act_convert=1.048803 L2=5.252123
TIME graph=regular-n262144-q16 method=shared_b4_accurate_nozero e2e rep=3 ms=13.278008 L1=6.029844 act_convert=1.057148 L2=6.191015
TIME graph=regular-n262144-q16 method=shared_b8_fast_nozero e2e rep=3 ms=9.742975 L1=4.293919 act_convert=1.070976 L2=4.378080
TIME graph=regular-n262144-q16 method=shared_b8_accurate_nozero e2e rep=3 ms=10.567904 L1=4.602909 act_convert=1.061916 L2=4.903078
TIME graph=regular-n262144-q16 method=replay_b8_fast_nozero e2e rep=3 ms=11.672974 L1=5.282879 act_convert=1.068115 L2=5.321980
TIME graph=regular-n262144-q16 method=shared_b16_fast_nozero e2e rep=3 ms=9.192944 L1=3.854990 act_convert=1.050949 L2=4.287004
TIME graph=regular-n262144-q16 method=shared_b16_accurate_nozero e2e rep=3 ms=10.362148 L1=4.557133 act_convert=1.055002 L2=4.750013
TIME graph=regular-n262144-q16 method=shared_b32_fast_nozero e2e rep=3 ms=9.670973 L1=4.126072 act_convert=1.018047 L2=4.526854
TIME graph=regular-n262144-q16 method=shared_b32_accurate_nozero e2e rep=3 ms=10.663986 L1=4.669905 act_convert=1.062155 L2=4.931927
TIME graph=regular-n262144-q16 method=replay_b32_fast_nozero e2e rep=3 ms=11.929989 L1=5.213976 act_convert=1.015902 L2=5.700111
TIME graph=regular-n262144-q16 method=shared_b64_fast_nozero e2e rep=3 ms=10.422945 L1=4.599094 act_convert=1.060009 L2=4.763842
TIME graph=regular-n262144-q16 method=shared_b64_accurate_nozero e2e rep=3 ms=10.549068 L1=4.467964 act_convert=1.060009 L2=5.021095
TIME graph=regular-n262144-q16 method=shared_bfull_fast_nozero e2e rep=3 ms=10.097027 L1=4.247189 act_convert=1.014948 L2=4.834890
TIME graph=regular-n262144-q16 method=shared_bfull_accurate_nozero e2e rep=3 ms=10.606050 L1=4.435062 act_convert=1.057863 L2=5.113125
TIME graph=regular-n262144-q16 method=replay_bfull_fast_nozero e2e rep=3 ms=11.946917 L1=5.175829 act_convert=1.072168 L2=5.698919
TIME graph=regular-n262144-q16 method=mkl_fp32 e2e rep=3 ms=20.227194 L1=10.280132 act_convert=0.856876 L2=9.090185
TIME graph=regular-n262144-q16 method=mkl_bf16_inputs e2e rep=3 ms=20.823002 L1=9.624004 act_convert=2.028942 L2=9.170055
TIME graph=regular-n262144-q16 method=original e2e rep=3 ms=35.459995 L1=16.813993 act_convert=1.008034 L2=17.637968
TIME graph=regular-n262144-q16 method=original_nozero e2e rep=3 ms=13.148069 L1=6.091833 act_convert=1.052141 L2=6.004095
TIME graph=regular-n262144-q16 method=shared_b2_accurate_nozero e2e rep=4 ms=18.882036 L1=8.939028 act_convert=1.028061 L2=8.914948
TIME graph=regular-n262144-q16 method=shared_b4_fast_nozero e2e rep=4 ms=11.831999 L1=5.428076 act_convert=1.096010 L2=5.307913
TIME graph=regular-n262144-q16 method=shared_b4_accurate_nozero e2e rep=4 ms=13.321161 L1=6.205082 act_convert=1.063108 L2=6.052971
TIME graph=regular-n262144-q16 method=shared_b8_fast_nozero e2e rep=4 ms=9.473085 L1=4.170895 act_convert=1.062155 L2=4.240036
TIME graph=regular-n262144-q16 method=shared_b8_accurate_nozero e2e rep=4 ms=10.689020 L1=4.539013 act_convert=1.058102 L2=5.091906
TIME graph=regular-n262144-q16 method=replay_b8_fast_nozero e2e rep=4 ms=11.798143 L1=5.386114 act_convert=1.056910 L2=5.355120
TIME graph=regular-n262144-q16 method=shared_b16_fast_nozero e2e rep=4 ms=9.366989 L1=4.029036 act_convert=1.064062 L2=4.273891
TIME graph=regular-n262144-q16 method=shared_b16_accurate_nozero e2e rep=4 ms=10.035992 L1=4.408836 act_convert=1.058102 L2=4.569054
TIME graph=regular-n262144-q16 method=shared_b32_fast_nozero e2e rep=4 ms=9.546041 L1=3.919125 act_convert=1.016855 L2=4.610062
TIME graph=regular-n262144-q16 method=shared_b32_accurate_nozero e2e rep=4 ms=10.390043 L1=4.507065 act_convert=1.061916 L2=4.821062
TIME graph=regular-n262144-q16 method=replay_b32_fast_nozero e2e rep=4 ms=11.384964 L1=4.930973 act_convert=1.015902 L2=5.438089
TIME graph=regular-n262144-q16 method=shared_b64_fast_nozero e2e rep=4 ms=10.053158 L1=4.404068 act_convert=1.057148 L2=4.591942
TIME graph=regular-n262144-q16 method=shared_b64_accurate_nozero e2e rep=4 ms=10.390997 L1=4.364967 act_convert=1.060963 L2=4.965067
TIME graph=regular-n262144-q16 method=shared_bfull_fast_nozero e2e rep=4 ms=9.930849 L1=4.292011 act_convert=1.024961 L2=4.613876
TIME graph=regular-n262144-q16 method=shared_bfull_accurate_nozero e2e rep=4 ms=10.709047 L1=4.667997 act_convert=1.065016 L2=4.976034
TIME graph=regular-n262144-q16 method=replay_bfull_fast_nozero e2e rep=4 ms=11.906862 L1=5.172014 act_convert=1.022816 L2=5.712032
TIME graph=regular-n262144-q16 method=mkl_fp32 e2e rep=4 ms=19.963980 L1=10.187864 act_convert=0.830173 L2=8.945942
TIME graph=regular-n262144-q16 method=mkl_bf16_inputs e2e rep=4 ms=20.770073 L1=9.573936 act_convert=1.990080 L2=9.206057
TIME graph=regular-n262144-q16 method=original e2e rep=4 ms=35.477877 L1=16.777992 act_convert=0.999928 L2=17.699957
TIME graph=regular-n262144-q16 method=original_nozero e2e rep=4 ms=13.022184 L1=6.041050 act_convert=1.044035 L2=5.937099
TIME graph=regular-n262144-q16 method=shared_b2_fast_nozero e2e rep=4 ms=15.702963 L1=7.301807 act_convert=1.060009 L2=7.341146
TIME graph=regular-n262144-q16 method=shared_b4_fast_nozero e2e rep=5 ms=11.779070 L1=5.346060 act_convert=1.073122 L2=5.359888
TIME graph=regular-n262144-q16 method=shared_b4_accurate_nozero e2e rep=5 ms=13.339043 L1=6.130934 act_convert=1.068115 L2=6.139994
TIME graph=regular-n262144-q16 method=shared_b8_fast_nozero e2e rep=5 ms=9.627819 L1=4.264832 act_convert=1.064062 L2=4.298925
TIME graph=regular-n262144-q16 method=shared_b8_accurate_nozero e2e rep=5 ms=10.645866 L1=4.575014 act_convert=1.051903 L2=5.018950
TIME graph=regular-n262144-q16 method=replay_b8_fast_nozero e2e rep=5 ms=11.885881 L1=5.377054 act_convert=1.055956 L2=5.452871
TIME graph=regular-n262144-q16 method=shared_b16_fast_nozero e2e rep=5 ms=9.252071 L1=3.966093 act_convert=1.055956 L2=4.230022
TIME graph=regular-n262144-q16 method=shared_b16_accurate_nozero e2e rep=5 ms=10.201931 L1=4.495859 act_convert=1.063108 L2=4.642963
TIME graph=regular-n262144-q16 method=shared_b32_fast_nozero e2e rep=5 ms=9.435892 L1=3.903866 act_convert=1.013994 L2=4.518032
TIME graph=regular-n262144-q16 method=shared_b32_accurate_nozero e2e rep=5 ms=10.190964 L1=4.351854 act_convert=1.059055 L2=4.780054
TIME graph=regular-n262144-q16 method=replay_b32_fast_nozero e2e rep=5 ms=11.640072 L1=5.016088 act_convert=1.019001 L2=5.604982
TIME graph=regular-n262144-q16 method=shared_b64_fast_nozero e2e rep=5 ms=10.127068 L1=4.467964 act_convert=1.064062 L2=4.595041
TIME graph=regular-n262144-q16 method=shared_b64_accurate_nozero e2e rep=5 ms=10.303020 L1=4.412174 act_convert=1.055002 L2=4.835844
TIME graph=regular-n262144-q16 method=shared_bfull_fast_nozero e2e rep=5 ms=9.826899 L1=4.227877 act_convert=1.016140 L2=4.582882
TIME graph=regular-n262144-q16 method=shared_bfull_accurate_nozero e2e rep=5 ms=10.829926 L1=4.688025 act_convert=1.097918 L2=5.043983
TIME graph=regular-n262144-q16 method=replay_bfull_fast_nozero e2e rep=5 ms=11.853933 L1=4.998922 act_convert=1.018047 L2=5.836964
TIME graph=regular-n262144-q16 method=mkl_fp32 e2e rep=5 ms=20.289898 L1=10.334969 act_convert=0.838995 L2=9.115934
TIME graph=regular-n262144-q16 method=mkl_bf16_inputs e2e rep=5 ms=20.891190 L1=9.627104 act_convert=2.047062 L2=9.217024
TIME graph=regular-n262144-q16 method=original e2e rep=5 ms=35.192966 L1=16.735792 act_convert=1.002073 L2=17.455101
TIME graph=regular-n262144-q16 method=original_nozero e2e rep=5 ms=12.605190 L1=5.782127 act_convert=1.028061 L2=5.795002
TIME graph=regular-n262144-q16 method=shared_b2_fast_nozero e2e rep=5 ms=15.845060 L1=7.388115 act_convert=1.045942 L2=7.411003
TIME graph=regular-n262144-q16 method=shared_b2_accurate_nozero e2e rep=5 ms=18.846035 L1=8.854866 act_convert=1.027107 L2=8.964062
TIME graph=regular-n262144-q16 method=shared_b4_accurate_nozero e2e rep=6 ms=13.477087 L1=6.283045 act_convert=1.073122 L2=6.120920
TIME graph=regular-n262144-q16 method=shared_b8_fast_nozero e2e rep=6 ms=9.755135 L1=4.364014 act_convert=1.057148 L2=4.333973
TIME graph=regular-n262144-q16 method=shared_b8_accurate_nozero e2e rep=6 ms=33.707142 L1=4.594088 act_convert=1.061916 L2=28.051138
TIME graph=regular-n262144-q16 method=replay_b8_fast_nozero e2e rep=6 ms=20.666122 L1=13.571978 act_convert=0.998020 L2=6.096125
TIME graph=regular-n262144-q16 method=shared_b16_fast_nozero e2e rep=6 ms=9.278059 L1=4.045963 act_convert=1.051903 L2=4.180193
TIME graph=regular-n262144-q16 method=shared_b16_accurate_nozero e2e rep=6 ms=10.513783 L1=4.745007 act_convert=1.046896 L2=4.721880
TIME graph=regular-n262144-q16 method=shared_b32_fast_nozero e2e rep=6 ms=10.087967 L1=4.389048 act_convert=1.019955 L2=4.678965
TIME graph=regular-n262144-q16 method=shared_b32_accurate_nozero e2e rep=6 ms=10.717869 L1=4.655838 act_convert=1.057148 L2=5.004883
TIME graph=regular-n262144-q16 method=replay_b32_fast_nozero e2e rep=6 ms=11.678934 L1=5.042076 act_convert=1.018047 L2=5.618811
TIME graph=regular-n262144-q16 method=shared_b64_fast_nozero e2e rep=6 ms=10.159016 L1=4.451036 act_convert=1.052856 L2=4.655123
TIME graph=regular-n262144-q16 method=shared_b64_accurate_nozero e2e rep=6 ms=10.189056 L1=4.344225 act_convert=1.052856 L2=4.791975
TIME graph=regular-n262144-q16 method=shared_bfull_fast_nozero e2e rep=6 ms=9.828091 L1=4.189968 act_convert=1.007080 L2=4.631042
TIME graph=regular-n262144-q16 method=shared_bfull_accurate_nozero e2e rep=6 ms=10.888100 L1=4.812002 act_convert=1.062155 L2=5.013943
TIME graph=regular-n262144-q16 method=replay_bfull_fast_nozero e2e rep=6 ms=11.777878 L1=5.104780 act_convert=1.024008 L2=5.649090
TIME graph=regular-n262144-q16 method=mkl_fp32 e2e rep=6 ms=19.761086 L1=10.079145 act_convert=0.812054 L2=8.869886
TIME graph=regular-n262144-q16 method=mkl_bf16_inputs e2e rep=6 ms=20.280838 L1=9.388924 act_convert=1.882076 L2=9.009838
TIME graph=regular-n262144-q16 method=original e2e rep=6 ms=33.051968 L1=15.968084 act_convert=0.990868 L2=16.093016
TIME graph=regular-n262144-q16 method=original_nozero e2e rep=6 ms=12.365103 L1=5.544901 act_convert=1.010180 L2=5.810022
TIME graph=regular-n262144-q16 method=shared_b2_fast_nozero e2e rep=6 ms=15.687943 L1=7.232904 act_convert=1.055002 L2=7.400036
TIME graph=regular-n262144-q16 method=shared_b2_accurate_nozero e2e rep=6 ms=18.959999 L1=8.769989 act_convert=1.018047 L2=9.171963
TIME graph=regular-n262144-q16 method=shared_b4_fast_nozero e2e rep=6 ms=12.068987 L1=5.516052 act_convert=1.062155 L2=5.490780
TIME graph=regular-n262144-q16 method=shared_b8_fast_nozero e2e rep=7 ms=10.180950 L1=4.573107 act_convert=1.063824 L2=4.544020
TIME graph=regular-n262144-q16 method=shared_b8_accurate_nozero e2e rep=7 ms=10.998964 L1=4.759073 act_convert=1.057863 L2=5.182028
TIME graph=regular-n262144-q16 method=replay_b8_fast_nozero e2e rep=7 ms=11.868000 L1=5.414009 act_convert=1.070023 L2=5.383968
TIME graph=regular-n262144-q16 method=shared_b16_fast_nozero e2e rep=7 ms=9.456158 L1=4.014969 act_convert=1.067162 L2=4.374027
TIME graph=regular-n262144-q16 method=shared_b16_accurate_nozero e2e rep=7 ms=9.844065 L1=4.318953 act_convert=1.055956 L2=4.469156
TIME graph=regular-n262144-q16 method=shared_b32_fast_nozero e2e rep=7 ms=9.525061 L1=4.143000 act_convert=1.016140 L2=4.365921
TIME graph=regular-n262144-q16 method=shared_b32_accurate_nozero e2e rep=7 ms=10.673046 L1=4.770041 act_convert=1.063108 L2=4.839897
TIME graph=regular-n262144-q16 method=replay_b32_fast_nozero e2e rep=7 ms=11.945009 L1=5.314112 act_convert=1.024961 L2=5.605936
TIME graph=regular-n262144-q16 method=shared_b64_fast_nozero e2e rep=7 ms=10.334969 L1=4.395008 act_convert=1.055002 L2=4.884958
TIME graph=regular-n262144-q16 method=shared_b64_accurate_nozero e2e rep=7 ms=10.532141 L1=4.481077 act_convert=1.055002 L2=4.996061
TIME graph=regular-n262144-q16 method=shared_bfull_fast_nozero e2e rep=7 ms=10.158062 L1=4.307032 act_convert=1.019955 L2=4.831076
TIME graph=regular-n262144-q16 method=shared_bfull_accurate_nozero e2e rep=7 ms=10.532856 L1=4.457951 act_convert=1.055956 L2=5.018950
TIME graph=regular-n262144-q16 method=replay_bfull_fast_nozero e2e rep=7 ms=12.016773 L1=5.274773 act_convert=1.020193 L2=5.721807
TIME graph=regular-n262144-q16 method=mkl_fp32 e2e rep=7 ms=20.209074 L1=10.207891 act_convert=0.857115 L2=9.144068
TIME graph=regular-n262144-q16 method=mkl_bf16_inputs e2e rep=7 ms=20.713091 L1=9.537935 act_convert=2.015114 L2=9.160042
TIME graph=regular-n262144-q16 method=original e2e rep=7 ms=35.542965 L1=16.802073 act_convert=1.008987 L2=17.731905
TIME graph=regular-n262144-q16 method=original_nozero e2e rep=7 ms=13.105869 L1=6.100893 act_convert=1.035929 L2=5.969048
TIME graph=regular-n262144-q16 method=shared_b2_fast_nozero e2e rep=7 ms=15.847921 L1=7.306814 act_convert=1.058102 L2=7.483006
TIME graph=regular-n262144-q16 method=shared_b2_accurate_nozero e2e rep=7 ms=18.838167 L1=8.851051 act_convert=1.049042 L2=8.938074
TIME graph=regular-n262144-q16 method=shared_b4_fast_nozero e2e rep=7 ms=11.851072 L1=5.455017 act_convert=1.089096 L2=5.306959
TIME graph=regular-n262144-q16 method=shared_b4_accurate_nozero e2e rep=7 ms=13.433933 L1=6.063938 act_convert=1.129150 L2=6.240845
TIME graph=regular-n262144-q16 method=shared_b8_accurate_nozero e2e rep=8 ms=11.036158 L1=4.975080 act_convert=1.067877 L2=4.993200
TIME graph=regular-n262144-q16 method=replay_b8_fast_nozero e2e rep=8 ms=11.783838 L1=5.290985 act_convert=1.065016 L2=5.427837
TIME graph=regular-n262144-q16 method=shared_b16_fast_nozero e2e rep=8 ms=8.929968 L1=3.879070 act_convert=1.058817 L2=3.992081
TIME graph=regular-n262144-q16 method=shared_b16_accurate_nozero e2e rep=8 ms=21.995068 L1=4.163027 act_convert=1.058102 L2=16.773939
TIME graph=regular-n262144-q16 method=shared_b32_fast_nozero e2e rep=8 ms=10.497093 L1=4.837036 act_convert=1.056910 L2=4.603148
TIME graph=regular-n262144-q16 method=shared_b32_accurate_nozero e2e rep=8 ms=10.505915 L1=4.508972 act_convert=1.059055 L2=4.937887
TIME graph=regular-n262144-q16 method=replay_b32_fast_nozero e2e rep=8 ms=11.456966 L1=4.682064 act_convert=1.011848 L2=5.763054
TIME graph=regular-n262144-q16 method=shared_b64_fast_nozero e2e rep=8 ms=10.467052 L1=4.752874 act_convert=1.059055 L2=4.655123
TIME graph=regular-n262144-q16 method=shared_b64_accurate_nozero e2e rep=8 ms=10.571003 L1=4.481077 act_convert=1.055002 L2=5.034924
TIME graph=regular-n262144-q16 method=shared_bfull_fast_nozero e2e rep=8 ms=10.274172 L1=4.401207 act_convert=1.017809 L2=4.855156
TIME graph=regular-n262144-q16 method=shared_bfull_accurate_nozero e2e rep=8 ms=10.519981 L1=4.425049 act_convert=1.051903 L2=5.043030
TIME graph=regular-n262144-q16 method=replay_bfull_fast_nozero e2e rep=8 ms=11.873007 L1=5.059958 act_convert=1.008034 L2=5.805016
TIME graph=regular-n262144-q16 method=mkl_fp32 e2e rep=8 ms=20.493031 L1=10.134220 act_convert=0.821829 L2=9.536982
TIME graph=regular-n262144-q16 method=mkl_bf16_inputs e2e rep=8 ms=20.059824 L1=9.216785 act_convert=1.911163 L2=8.931875
TIME graph=regular-n262144-q16 method=original e2e rep=8 ms=34.128904 L1=16.339064 act_convert=0.987053 L2=16.802788
TIME graph=regular-n262144-q16 method=original_nozero e2e rep=8 ms=12.603045 L1=5.835056 act_convert=1.035929 L2=5.732059
TIME graph=regular-n262144-q16 method=shared_b2_fast_nozero e2e rep=8 ms=15.744925 L1=7.333040 act_convert=1.061916 L2=7.349968
TIME graph=regular-n262144-q16 method=shared_b2_accurate_nozero e2e rep=8 ms=18.642902 L1=8.765936 act_convert=1.023054 L2=8.853912
TIME graph=regular-n262144-q16 method=shared_b4_fast_nozero e2e rep=8 ms=11.682034 L1=5.334854 act_convert=1.060009 L2=5.287170
TIME graph=regular-n262144-q16 method=shared_b4_accurate_nozero e2e rep=8 ms=13.345003 L1=6.078005 act_convert=1.052856 L2=6.214142
TIME graph=regular-n262144-q16 method=shared_b8_fast_nozero e2e rep=8 ms=9.843111 L1=4.400015 act_convert=1.069069 L2=4.374027
TIME graph=regular-n262144-q16 method=replay_b8_fast_nozero e2e rep=9 ms=12.282133 L1=5.409002 act_convert=1.041174 L2=5.831957
TIME graph=regular-n262144-q16 method=shared_b16_fast_nozero e2e rep=9 ms=9.024143 L1=3.965139 act_convert=1.065969 L2=3.993034
TIME graph=regular-n262144-q16 method=shared_b16_accurate_nozero e2e rep=9 ms=10.773897 L1=4.813910 act_convert=1.055956 L2=4.904032
TIME graph=regular-n262144-q16 method=shared_b32_fast_nozero e2e rep=9 ms=10.273933 L1=4.398823 act_convert=1.015186 L2=4.859924
TIME graph=regular-n262144-q16 method=shared_b32_accurate_nozero e2e rep=9 ms=10.699034 L1=4.647017 act_convert=1.055956 L2=4.996061
TIME graph=regular-n262144-q16 method=replay_b32_fast_nozero e2e rep=9 ms=11.900902 L1=5.157948 act_convert=1.024961 L2=5.717993
TIME graph=regular-n262144-q16 method=shared_b64_fast_nozero e2e rep=9 ms=10.637045 L1=4.650116 act_convert=1.057863 L2=4.929066
TIME graph=regular-n262144-q16 method=shared_b64_accurate_nozero e2e rep=9 ms=10.791063 L1=4.628897 act_convert=1.065969 L2=5.096197
TIME graph=regular-n262144-q16 method=shared_bfull_fast_nozero e2e rep=9 ms=10.351896 L1=4.504919 act_convert=1.013041 L2=4.833937
TIME graph=regular-n262144-q16 method=shared_bfull_accurate_nozero e2e rep=9 ms=10.642052 L1=4.606962 act_convert=1.055956 L2=4.979134
TIME graph=regular-n262144-q16 method=replay_bfull_fast_nozero e2e rep=9 ms=12.073040 L1=5.148888 act_convert=1.022100 L2=5.902052
TIME graph=regular-n262144-q16 method=mkl_fp32 e2e rep=9 ms=20.409107 L1=10.385990 act_convert=0.866175 L2=9.156942
TIME graph=regular-n262144-q16 method=mkl_bf16_inputs e2e rep=9 ms=20.764112 L1=9.606123 act_convert=1.967907 L2=9.190083
TIME graph=regular-n262144-q16 method=original e2e rep=9 ms=35.475969 L1=16.867876 act_convert=1.006126 L2=17.601967
TIME graph=regular-n262144-q16 method=original_nozero e2e rep=9 ms=13.054132 L1=6.021976 act_convert=1.039028 L2=5.993128
TIME graph=regular-n262144-q16 method=shared_b2_fast_nozero e2e rep=9 ms=15.820026 L1=7.354021 act_convert=1.055002 L2=7.411003
TIME graph=regular-n262144-q16 method=shared_b2_accurate_nozero e2e rep=9 ms=18.791914 L1=8.867025 act_convert=1.019001 L2=8.905888
TIME graph=regular-n262144-q16 method=shared_b4_fast_nozero e2e rep=9 ms=11.835098 L1=5.359888 act_convert=1.054049 L2=5.421162
TIME graph=regular-n262144-q16 method=shared_b4_accurate_nozero e2e rep=9 ms=13.295889 L1=6.184101 act_convert=1.065016 L2=6.046772
TIME graph=regular-n262144-q16 method=shared_b8_fast_nozero e2e rep=9 ms=9.582043 L1=4.220963 act_convert=1.059055 L2=4.302025
TIME graph=regular-n262144-q16 method=shared_b8_accurate_nozero e2e rep=9 ms=10.577917 L1=4.513979 act_convert=1.020908 L2=5.043030
COMPLETE graph=regular-n262144-q16 status=PASS max_rss_kib=1689348
