CONFIG N=2449029 E=126167053 Din=100 C=47 threads=16 warmups=1 repeats=3 block=32 panel=64 tile_rows=16 seed=11 untrained=true degree_sort_ms=329.211701 global_U=false global_Z_joint=false global_e_alpha_joint=false precision_joint=FP32 task_acceptance=UNVERIFIED
STATIC layer=1 prepare_ms=7.802357 joint_U_scratch_bytes_per_worker=65536
STATIC layer=2 prepare_ms=0.74288 joint_U_scratch_bytes_per_worker=131072
STATIC layer=3 prepare_ms=0.168582 joint_U_scratch_bytes_per_worker=16384
ORACLE_SELECTION path=common_input layer=1 graph_nodes=2449029 graph_edges=126167053 selected_row_count=24 selected_edges=2955 projection_products=75648000 max_projection_products=100000000 effective_max_row_edges=625 oversized_graph_rows=8500 global_max_degree_node=86036 global_max_degree=17482 quantiles=admissible_rows full_neighborhood=true coverage=sampled_only row_ids=0,7939,4677,253,304,1761,2125,188,68,262,78,28,177,56,234,233,17,278,174,265,136,123,1446,2449028
ORACLE_SKIPPED path=common_input layer=1 node=86036 degree=17482 reason=row_cost_limit
ATTENTION_DRIFT path=contracted_vs_B0 layer=1 row_heads=192 edge_heads=23640 left_max_abs=8.34465026855e-07 left_mean_abs=1.11190956886e-07 left_relative_L2=3.13632429068e-07 left_finite=true right_edge_weighted_max_abs=7.62939453125e-06 right_edge_weighted_mean_abs=1.30908337263e-07 right_edge_weighted_relative_L2=2.10451088941e-07 right_edge_weighted_finite=true score_max_abs=5.72204589844e-06 score_mean_abs=1.06845091191e-07 score_relative_L2=2.58537832068e-07 score_finite=true probability_max_abs=4.42338058182e-07 probability_mean_abs=1.05125988066e-09 probability_relative_L2=2.09874912265e-07 probability_finite=true max_score_node=234 max_score_edge=36621 max_score_head=2 max_probability_node=1446 max_probability_edge=241816 max_probability_head=2 same_input_required=true softmax_eval=FP64_stable coverage=sampled_only
ORACLE_CHECK path=FP64_fixed_attention_associativity layer=1 compared_values=6144 output_max_abs=2.84217094304e-14 output_mean_abs=4.84491999837e-16 output_relative_L2=3.85868095072e-16 output_finite=true max_error_node=234 head=1 dim=27 reference_at_max=70.379656345 actual_at_max=70.379656345 score_eval=FP32_add_LeakyReLU softmax_eval=FP64_stable coverage=sampled_only
ORACLE_CHECK path=B0_vs_fixed_attention_FP64 layer=1 compared_values=6144 output_max_abs=2.30784184581e-05 output_mean_abs=2.47974634094e-07 output_relative_L2=2.38314363205e-07 output_finite=true max_error_node=234 head=1 dim=12 reference_at_max=46.7784193044 actual_at_max=46.7784423828 score_eval=FP32_add_LeakyReLU softmax_eval=FP64_stable coverage=sampled_only
CHECK path=fixed_LR_joint_g1 layer=1 reference=local_same_input_same_LR max_abs_error=0 mean_abs_error=0 relative_L2_error=0 finite=1 task_acceptance=UNVERIFIED
MATCHED_IDENTITY layer=1 group=1 bit_equal=1
ORACLE_CHECK path=joint_fixed_LR_g1 layer=1 compared_values=6144 output_max_abs=9.59039572024e-06 output_mean_abs=1.96148770673e-07 output_relative_L2=1.30897030019e-07 output_finite=true max_error_node=234 head=2 dim=8 reference_at_max=79.7104854047 actual_at_max=79.7104949951 score_eval=FP32_add_LeakyReLU softmax_eval=FP64_stable coverage=sampled_only
CHECK path=fixed_LR_TF_vs_AF_g1 layer=1 reference=B0_same_input_same_LR max_abs_error=0.00605010986328 mean_abs_error=1.72347290289e-07 relative_L2_error=7.12726936108e-07 finite=1 task_acceptance=UNVERIFIED
CHECK path=fixed_LR_joint_g2 layer=1 reference=local_same_input_same_LR max_abs_error=0 mean_abs_error=0 relative_L2_error=0 finite=1 task_acceptance=UNVERIFIED
MATCHED_IDENTITY layer=1 group=2 bit_equal=1
ORACLE_CHECK path=joint_fixed_LR_g2 layer=1 compared_values=6144 output_max_abs=9.59039572024e-06 output_mean_abs=1.96148770673e-07 output_relative_L2=1.30897030019e-07 output_finite=true max_error_node=234 head=2 dim=8 reference_at_max=79.7104854047 actual_at_max=79.7104949951 score_eval=FP32_add_LeakyReLU softmax_eval=FP64_stable coverage=sampled_only
CHECK path=fixed_LR_TF_vs_AF_g2 layer=1 reference=B0_same_input_same_LR max_abs_error=0.00605010986328 mean_abs_error=1.72347290289e-07 relative_L2_error=7.12726936108e-07 finite=1 task_acceptance=UNVERIFIED
CHECK path=fixed_LR_joint_g4 layer=1 reference=local_same_input_same_LR max_abs_error=0 mean_abs_error=0 relative_L2_error=0 finite=1 task_acceptance=UNVERIFIED
MATCHED_IDENTITY layer=1 group=4 bit_equal=1
ORACLE_CHECK path=joint_fixed_LR_g4 layer=1 compared_values=6144 output_max_abs=9.59039572024e-06 output_mean_abs=1.96148770673e-07 output_relative_L2=1.30897030019e-07 output_finite=true max_error_node=234 head=2 dim=8 reference_at_max=79.7104854047 actual_at_max=79.7104949951 score_eval=FP32_add_LeakyReLU softmax_eval=FP64_stable coverage=sampled_only
CHECK path=fixed_LR_TF_vs_AF_g4 layer=1 reference=B0_same_input_same_LR max_abs_error=0.00605010986328 mean_abs_error=1.72347290289e-07 relative_L2_error=7.12726936108e-07 finite=1 task_acceptance=UNVERIFIED
CHECK path=fixed_LR_joint_g8 layer=1 reference=local_same_input_same_LR max_abs_error=0 mean_abs_error=0 relative_L2_error=0 finite=1 task_acceptance=UNVERIFIED
MATCHED_IDENTITY layer=1 group=8 bit_equal=1
ORACLE_CHECK path=joint_fixed_LR_g8 layer=1 compared_values=6144 output_max_abs=9.59039572024e-06 output_mean_abs=1.96148770673e-07 output_relative_L2=1.30897030019e-07 output_finite=true max_error_node=234 head=2 dim=8 reference_at_max=79.7104854047 actual_at_max=79.7104949951 score_eval=FP32_add_LeakyReLU softmax_eval=FP64_stable coverage=sampled_only
CHECK path=fixed_LR_TF_vs_AF_g8 layer=1 reference=B0_same_input_same_LR max_abs_error=0.00605010986328 mean_abs_error=1.72347290289e-07 relative_L2_error=7.12726936108e-07 finite=1 task_acceptance=UNVERIFIED
CHECK path=TF_attention_only_shift layer=1 reference=same_Z_original_B0_LR max_abs_error=0.00163269042969 mean_abs_error=9.61353499838e-08 relative_L2_error=2.25861410762e-07 finite=1 task_acceptance=UNVERIFIED
CHECK path=contracted_fixed_LR_TF_vs_AF layer=1 reference=TF_same_contracted_LR max_abs_error=0.00606536865234 mean_abs_error=1.72336394855e-07 relative_L2_error=7.12734460133e-07 finite=1 task_acceptance=UNVERIFIED
ORACLE_SELECTION path=common_input layer=2 graph_nodes=2449029 graph_edges=126167053 selected_row_count=20 selected_edges=1519 projection_products=99549184 max_projection_products=100000000 effective_max_row_edges=244 oversized_graph_rows=57920 global_max_degree_node=86036 global_max_degree=17482 quantiles=admissible_rows full_neighborhood=true coverage=sampled_only row_ids=0,245,4677,75,455,574,545,188,68,262,78,28,177,56,234,233,17,278,174,2449028
ORACLE_SKIPPED path=common_input layer=2 node=86036 degree=17482 reason=row_cost_limit
ORACLE_SKIPPED path=common_input layer=2 node=265 degree=129 reason=total_cost_limit
ATTENTION_DRIFT path=contracted_vs_B0 layer=2 row_heads=160 edge_heads=12152 left_max_abs=1.52587890625e-05 left_mean_abs=5.11860707775e-07 left_relative_L2=3.83990473507e-07 left_finite=true right_edge_weighted_max_abs=3.81469726562e-05 right_edge_weighted_mean_abs=6.15928546793e-07 right_edge_weighted_relative_L2=4.39735342638e-07 right_edge_weighted_finite=true score_max_abs=4.19616699219e-05 score_mean_abs=6.05809970973e-07 score_relative_L2=6.28067043832e-07 score_finite=true probability_max_abs=1.5228414898e-06 probability_mean_abs=7.76885559058e-09 probability_relative_L2=7.42601994027e-07 probability_finite=true max_score_node=234 max_score_edge=36632 max_score_head=5 max_probability_node=233 max_probability_edge=36538 max_probability_head=7 same_input_required=true softmax_eval=FP64_stable coverage=sampled_only
ORACLE_CHECK path=FP64_fixed_attention_associativity layer=2 compared_values=5120 output_max_abs=5.68434188608e-14 output_mean_abs=1.6394619561e-15 output_relative_L2=6.87512078475e-16 output_finite=true max_error_node=233 head=3 dim=29 reference_at_max=32.0990298121 actual_at_max=32.0990298121 score_eval=FP32_add_LeakyReLU softmax_eval=FP64_stable coverage=sampled_only
ORACLE_CHECK path=B0_vs_fixed_attention_FP64 layer=2 compared_values=5120 output_max_abs=2.53076531465e-05 output_mean_abs=7.3602846156e-07 output_relative_L2=3.24418155731e-07 output_finite=true max_error_node=0 head=7 dim=19 reference_at_max=18.79722544 actual_at_max=18.7972507477 score_eval=FP32_add_LeakyReLU softmax_eval=FP64_stable coverage=sampled_only
CHECK path=fixed_LR_joint_g1 layer=2 reference=local_same_input_same_LR max_abs_error=0 mean_abs_error=0 relative_L2_error=0 finite=1 task_acceptance=UNVERIFIED
MATCHED_IDENTITY layer=2 group=1 bit_equal=1
ORACLE_CHECK path=joint_fixed_LR_g1 layer=2 compared_values=5120 output_max_abs=1.89238159365e-05 output_mean_abs=7.53520699487e-07 output_relative_L2=3.10192857689e-07 output_finite=true max_error_node=234 head=7 dim=29 reference_at_max=57.9737931795 actual_at_max=57.9738121033 score_eval=FP32_add_LeakyReLU softmax_eval=FP64_stable coverage=sampled_only
CHECK path=fixed_LR_TF_vs_AF_g1 layer=2 reference=B0_same_input_same_LR max_abs_error=0.0223770141602 mean_abs_error=8.28826236932e-07 relative_L2_error=9.18400470477e-07 finite=1 task_acceptance=UNVERIFIED
CHECK path=fixed_LR_joint_g2 layer=2 reference=local_same_input_same_LR max_abs_error=0 mean_abs_error=0 relative_L2_error=0 finite=1 task_acceptance=UNVERIFIED
MATCHED_IDENTITY layer=2 group=2 bit_equal=1
ORACLE_CHECK path=joint_fixed_LR_g2 layer=2 compared_values=5120 output_max_abs=1.89238159365e-05 output_mean_abs=7.53520699487e-07 output_relative_L2=3.10192857689e-07 output_finite=true max_error_node=234 head=7 dim=29 reference_at_max=57.9737931795 actual_at_max=57.9738121033 score_eval=FP32_add_LeakyReLU softmax_eval=FP64_stable coverage=sampled_only
CHECK path=fixed_LR_TF_vs_AF_g2 layer=2 reference=B0_same_input_same_LR max_abs_error=0.0223770141602 mean_abs_error=8.28826236932e-07 relative_L2_error=9.18400470477e-07 finite=1 task_acceptance=UNVERIFIED
CHECK path=fixed_LR_joint_g4 layer=2 reference=local_same_input_same_LR max_abs_error=0 mean_abs_error=0 relative_L2_error=0 finite=1 task_acceptance=UNVERIFIED
MATCHED_IDENTITY layer=2 group=4 bit_equal=1
ORACLE_CHECK path=joint_fixed_LR_g4 layer=2 compared_values=5120 output_max_abs=1.89238159365e-05 output_mean_abs=7.53520699487e-07 output_relative_L2=3.10192857689e-07 output_finite=true max_error_node=234 head=7 dim=29 reference_at_max=57.9737931795 actual_at_max=57.9738121033 score_eval=FP32_add_LeakyReLU softmax_eval=FP64_stable coverage=sampled_only
CHECK path=fixed_LR_TF_vs_AF_g4 layer=2 reference=B0_same_input_same_LR max_abs_error=0.0223770141602 mean_abs_error=8.28826236932e-07 relative_L2_error=9.18400470477e-07 finite=1 task_acceptance=UNVERIFIED
CHECK path=fixed_LR_joint_g8 layer=2 reference=local_same_input_same_LR max_abs_error=0 mean_abs_error=0 relative_L2_error=0 finite=1 task_acceptance=UNVERIFIED
MATCHED_IDENTITY layer=2 group=8 bit_equal=1
ORACLE_CHECK path=joint_fixed_LR_g8 layer=2 compared_values=5120 output_max_abs=1.89238159365e-05 output_mean_abs=7.53520699487e-07 output_relative_L2=3.10192857689e-07 output_finite=true max_error_node=234 head=7 dim=29 reference_at_max=57.9737931795 actual_at_max=57.9738121033 score_eval=FP32_add_LeakyReLU softmax_eval=FP64_stable coverage=sampled_only
CHECK path=fixed_LR_TF_vs_AF_g8 layer=2 reference=B0_same_input_same_LR max_abs_error=0.0223770141602 mean_abs_error=8.28826236932e-07 relative_L2_error=9.18400470477e-07 finite=1 task_acceptance=UNVERIFIED
CHECK path=TF_attention_only_shift layer=2 reference=same_Z_original_B0_LR max_abs_error=0.00836181640625 mean_abs_error=6.50602351533e-07 relative_L2_error=8.93894539167e-07 finite=1 task_acceptance=UNVERIFIED
CHECK path=contracted_fixed_LR_TF_vs_AF layer=2 reference=TF_same_contracted_LR max_abs_error=0.0223770141602 mean_abs_error=8.29010190135e-07 relative_L2_error=9.18361591172e-07 finite=1 task_acceptance=UNVERIFIED
ORACLE_SELECTION path=common_input layer=3 graph_nodes=2449029 graph_edges=126167053 selected_row_count=27 selected_edges=6778 projection_products=81552896 max_projection_products=100000000 effective_max_row_edges=1329 oversized_graph_rows=1480 global_max_degree_node=86036 global_max_degree=17482 quantiles=admissible_rows full_neighborhood=true coverage=sampled_only row_ids=0,31634,4677,253,247,873,5252,188,68,262,78,28,177,56,234,233,17,278,174,265,136,123,1446,16083,7869,45256,2449028
ORACLE_SKIPPED path=common_input layer=3 node=86036 degree=17482 reason=row_cost_limit
ATTENTION_DRIFT path=contracted_vs_B0 layer=3 row_heads=27 edge_heads=6778 left_max_abs=9.53674316406e-06 left_mean_abs=1.30426552561e-06 left_relative_L2=4.07352273533e-07 left_finite=true right_edge_weighted_max_abs=3.0517578125e-05 right_edge_weighted_mean_abs=1.25884377159e-06 right_edge_weighted_relative_L2=2.54595338512e-07 right_edge_weighted_finite=true score_max_abs=9.53674316406e-06 score_mean_abs=8.48489019725e-07 score_relative_L2=1.76769519318e-07 score_finite=true probability_max_abs=8.7140019922e-07 probability_mean_abs=1.43548475561e-09 probability_relative_L2=6.52683928497e-07 probability_finite=true max_score_node=233 max_score_edge=36516 max_score_head=0 max_probability_node=45256 max_probability_edge=7790776 max_probability_head=0 same_input_required=true softmax_eval=FP64_stable coverage=sampled_only
ORACLE_CHECK path=FP64_fixed_attention_associativity layer=3 compared_values=1269 output_max_abs=4.26325641456e-14 output_mean_abs=1.49151219453e-15 output_relative_L2=9.44328592628e-16 output_finite=true max_error_node=45256 head=0 dim=20 reference_at_max=29.5138853155 actual_at_max=29.5138853155 score_eval=FP32_add_LeakyReLU softmax_eval=FP64_stable coverage=sampled_only
ORACLE_CHECK path=B0_vs_fixed_attention_FP64 layer=3 compared_values=1269 output_max_abs=3.03585874804e-05 output_mean_abs=6.53706766346e-07 output_relative_L2=5.88688913654e-07 output_finite=true max_error_node=45256 head=0 dim=25 reference_at_max=-15.6557682355 actual_at_max=-15.6557378769 score_eval=FP32_add_LeakyReLU softmax_eval=FP64_stable coverage=sampled_only
CHECK path=fixed_LR_joint_g1 layer=3 reference=local_same_input_same_LR max_abs_error=0 mean_abs_error=0 relative_L2_error=0 finite=1 task_acceptance=UNVERIFIED
MATCHED_IDENTITY layer=3 group=1 bit_equal=1
ORACLE_CHECK path=joint_fixed_LR_g1 layer=3 compared_values=1269 output_max_abs=2.97121554609e-05 output_mean_abs=9.3119552966e-07 output_relative_L2=7.16005425279e-07 output_finite=true max_error_node=45256 head=0 dim=24 reference_at_max=0.399447054431 actual_at_max=0.399476766586 score_eval=FP32_add_LeakyReLU softmax_eval=FP64_stable coverage=sampled_only
CHECK path=fixed_LR_TF_vs_AF_g1 layer=3 reference=B0_same_input_same_LR max_abs_error=0.00084114074707 mean_abs_error=5.71405685952e-07 relative_L2_error=4.66209920535e-07 finite=1 task_acceptance=UNVERIFIED
CHECK path=fixed_LR_joint_g2 layer=3 reference=local_same_input_same_LR max_abs_error=0 mean_abs_error=0 relative_L2_error=0 finite=1 task_acceptance=UNVERIFIED
MATCHED_IDENTITY layer=3 group=2 bit_equal=1
ORACLE_CHECK path=joint_fixed_LR_g2 layer=3 compared_values=1269 output_max_abs=2.97121554609e-05 output_mean_abs=9.3119552966e-07 output_relative_L2=7.16005425279e-07 output_finite=true max_error_node=45256 head=0 dim=24 reference_at_max=0.399447054431 actual_at_max=0.399476766586 score_eval=FP32_add_LeakyReLU softmax_eval=FP64_stable coverage=sampled_only
CHECK path=fixed_LR_TF_vs_AF_g2 layer=3 reference=B0_same_input_same_LR max_abs_error=0.00084114074707 mean_abs_error=5.71405685952e-07 relative_L2_error=4.66209920535e-07 finite=1 task_acceptance=UNVERIFIED
CHECK path=fixed_LR_joint_g4 layer=3 reference=local_same_input_same_LR max_abs_error=0 mean_abs_error=0 relative_L2_error=0 finite=1 task_acceptance=UNVERIFIED
MATCHED_IDENTITY layer=3 group=4 bit_equal=1
ORACLE_CHECK path=joint_fixed_LR_g4 layer=3 compared_values=1269 output_max_abs=2.97121554609e-05 output_mean_abs=9.3119552966e-07 output_relative_L2=7.16005425279e-07 output_finite=true max_error_node=45256 head=0 dim=24 reference_at_max=0.399447054431 actual_at_max=0.399476766586 score_eval=FP32_add_LeakyReLU softmax_eval=FP64_stable coverage=sampled_only
CHECK path=fixed_LR_TF_vs_AF_g4 layer=3 reference=B0_same_input_same_LR max_abs_error=0.00084114074707 mean_abs_error=5.71405685952e-07 relative_L2_error=4.66209920535e-07 finite=1 task_acceptance=UNVERIFIED
CHECK path=fixed_LR_joint_g8 layer=3 reference=local_same_input_same_LR max_abs_error=0 mean_abs_error=0 relative_L2_error=0 finite=1 task_acceptance=UNVERIFIED
MATCHED_IDENTITY layer=3 group=8 bit_equal=1
ORACLE_CHECK path=joint_fixed_LR_g8 layer=3 compared_values=1269 output_max_abs=2.97121554609e-05 output_mean_abs=9.3119552966e-07 output_relative_L2=7.16005425279e-07 output_finite=true max_error_node=45256 head=0 dim=24 reference_at_max=0.399447054431 actual_at_max=0.399476766586 score_eval=FP32_add_LeakyReLU softmax_eval=FP64_stable coverage=sampled_only
CHECK path=fixed_LR_TF_vs_AF_g8 layer=3 reference=B0_same_input_same_LR max_abs_error=0.00084114074707 mean_abs_error=5.71405685952e-07 relative_L2_error=4.66209920535e-07 finite=1 task_acceptance=UNVERIFIED
CHECK path=TF_attention_only_shift layer=3 reference=same_Z_original_B0_LR max_abs_error=0.000245571136475 mean_abs_error=3.80693058686e-07 relative_L2_error=4.07792627223e-07 finite=1 task_acceptance=UNVERIFIED
CHECK path=contracted_fixed_LR_TF_vs_AF layer=3 reference=TF_same_contracted_LR max_abs_error=0.000846862792969 mean_abs_error=5.71306587532e-07 relative_L2_error=4.65919886515e-07 finite=1 task_acceptance=UNVERIFIED
CHECK path=B0_FP32 layer=1 reference=B0_FP32_full_model max_abs_error=0 mean_abs_error=0 relative_L2_error=0 finite=1 task_acceptance=UNVERIFIED
CHECK path=B0_FP32 layer=2 reference=B0_FP32_full_model max_abs_error=0 mean_abs_error=0 relative_L2_error=0 finite=1 task_acceptance=UNVERIFIED
CHECK path=B0_FP32 layer=3 reference=B0_FP32_full_model max_abs_error=0 mean_abs_error=0 relative_L2_error=0 finite=1 task_acceptance=UNVERIFIED
CHECK path=B0_BF16 layer=1 reference=B0_FP32_full_model max_abs_error=14.9706115723 mean_abs_error=0.00119692686635 relative_L2_error=0.00353063576973 finite=1 task_acceptance=UNVERIFIED
CHECK path=B0_BF16 layer=2 reference=B0_FP32_full_model max_abs_error=35.8837661743 mean_abs_error=0.00723928537782 relative_L2_error=0.011932822175 finite=1 task_acceptance=UNVERIFIED
CHECK path=B0_BF16 layer=3 reference=B0_FP32_full_model max_abs_error=25.1209583282 mean_abs_error=0.016643214169 relative_L2_error=0.0253783411542 finite=1 task_acceptance=UNVERIFIED
CHECK path=B1_TFS layer=1 reference=B0_FP32_full_model max_abs_error=9.70662689209 mean_abs_error=0.0012258057698 relative_L2_error=0.00325191592453 finite=1 task_acceptance=UNVERIFIED
CHECK path=B1_TFS layer=2 reference=B0_FP32_full_model max_abs_error=35.2581710815 mean_abs_error=0.00740328380953 relative_L2_error=0.00977656889393 finite=1 task_acceptance=UNVERIFIED
CHECK path=B1_TFS layer=3 reference=B0_FP32_full_model max_abs_error=11.5481319427 mean_abs_error=0.017482932183 relative_L2_error=0.0200899465651 finite=1 task_acceptance=UNVERIFIED
CHECK path=local_online_fp32 layer=1 reference=B0_FP32_full_model max_abs_error=0.00606536865234 mean_abs_error=1.35905505803e-07 relative_L2_error=7.74767803114e-07 finite=1 task_acceptance=UNVERIFIED
CHECK path=local_online_fp32 layer=2 reference=B0_FP32_full_model max_abs_error=0.0416793823242 mean_abs_error=5.00723951823e-06 relative_L2_error=1.38032569677e-05 finite=1 task_acceptance=UNVERIFIED
CHECK path=local_online_fp32 layer=3 reference=B0_FP32_full_model max_abs_error=0.00691890716553 mean_abs_error=9.83264858265e-06 relative_L2_error=1.49426901194e-05 finite=1 task_acceptance=UNVERIFIED
CHECK path=joint_g1 layer=1 reference=B0_FP32_full_model max_abs_error=0.00606536865234 mean_abs_error=1.35905505803e-07 relative_L2_error=7.74767803114e-07 finite=1 task_acceptance=UNVERIFIED
CHECK path=joint_g1 layer=2 reference=B0_FP32_full_model max_abs_error=0.0416793823242 mean_abs_error=5.00723951823e-06 relative_L2_error=1.38032569677e-05 finite=1 task_acceptance=UNVERIFIED
CHECK path=joint_g1 layer=3 reference=B0_FP32_full_model max_abs_error=0.00691890716553 mean_abs_error=9.83264858265e-06 relative_L2_error=1.49426901194e-05 finite=1 task_acceptance=UNVERIFIED
CHECK path=joint_g2 layer=1 reference=B0_FP32_full_model max_abs_error=0.00606536865234 mean_abs_error=1.35905505803e-07 relative_L2_error=7.74767803114e-07 finite=1 task_acceptance=UNVERIFIED
CHECK path=joint_g2 layer=2 reference=B0_FP32_full_model max_abs_error=0.0416793823242 mean_abs_error=5.00723951823e-06 relative_L2_error=1.38032569677e-05 finite=1 task_acceptance=UNVERIFIED
CHECK path=joint_g2 layer=3 reference=B0_FP32_full_model max_abs_error=0.00691890716553 mean_abs_error=9.83264858265e-06 relative_L2_error=1.49426901194e-05 finite=1 task_acceptance=UNVERIFIED
CHECK path=joint_g4 layer=1 reference=B0_FP32_full_model max_abs_error=0.00606536865234 mean_abs_error=1.35905505803e-07 relative_L2_error=7.74767803114e-07 finite=1 task_acceptance=UNVERIFIED
CHECK path=joint_g4 layer=2 reference=B0_FP32_full_model max_abs_error=0.0416793823242 mean_abs_error=5.00723951823e-06 relative_L2_error=1.38032569677e-05 finite=1 task_acceptance=UNVERIFIED
CHECK path=joint_g4 layer=3 reference=B0_FP32_full_model max_abs_error=0.00691890716553 mean_abs_error=9.83264858265e-06 relative_L2_error=1.49426901194e-05 finite=1 task_acceptance=UNVERIFIED
CHECK path=joint_g8 layer=1 reference=B0_FP32_full_model max_abs_error=0.00606536865234 mean_abs_error=1.35905505803e-07 relative_L2_error=7.74767803114e-07 finite=1 task_acceptance=UNVERIFIED
CHECK path=joint_g8 layer=2 reference=B0_FP32_full_model max_abs_error=0.0416793823242 mean_abs_error=5.00723951823e-06 relative_L2_error=1.38032569677e-05 finite=1 task_acceptance=UNVERIFIED
CHECK path=joint_g8 layer=3 reference=B0_FP32_full_model max_abs_error=0.00691890716553 mean_abs_error=9.83264858265e-06 relative_L2_error=1.49426901194e-05 finite=1 task_acceptance=UNVERIFIED
{"path":"B0_FP32","rep":0,"layer":1,"e2e_ms":3820.758131,"layer_ms":1609.730026,"lr_ms":17.841443,"kernel_ms":1445.653444,"projection_ms":64.491466,"conversion_ms":3.9e-05,"max_prescan_ms":41.101479,"normalization_ms":19.262966,"activation_ms":21.37869,"source_logical_fp32_bytes":0}
{"path":"B0_FP32","rep":0,"layer":2,"e2e_ms":3820.758131,"layer_ms":1688.217488,"lr_ms":17.696775,"kernel_ms":1439.558123,"projection_ms":146.901342,"conversion_ms":3e-05,"max_prescan_ms":41.138154,"normalization_ms":20.133172,"activation_ms":22.789569,"source_logical_fp32_bytes":0}
{"path":"B0_FP32","rep":0,"layer":3,"e2e_ms":3820.758131,"layer_ms":522.807126,"lr_ms":3.703544,"kernel_ms":421.168588,"projection_ms":68.610754,"conversion_ms":1.9e-05,"max_prescan_ms":25.989413,"normalization_ms":3.334379,"activation_ms":0.000109,"source_logical_fp32_bytes":0}
{"path":"B0_BF16","rep":0,"layer":1,"e2e_ms":3723.108644,"layer_ms":1612.240999,"lr_ms":17.794895,"kernel_ms":1449.54554,"projection_ms":53.052443,"conversion_ms":10.061859,"max_prescan_ms":41.046952,"normalization_ms":19.520838,"activation_ms":21.218044,"source_logical_fp32_bytes":0}
{"path":"B0_BF16","rep":0,"layer":2,"e2e_ms":3723.108644,"layer_ms":1621.143788,"lr_ms":17.554293,"kernel_ms":1438.839301,"projection_ms":60.704,"conversion_ms":20.30382,"max_prescan_ms":41.152306,"normalization_ms":20.125362,"activation_ms":22.464448,"source_logical_fp32_bytes":0}
{"path":"B0_BF16","rep":0,"layer":3,"e2e_ms":3723.108644,"layer_ms":489.720452,"lr_ms":3.54106,"kernel_ms":420.887149,"projection_ms":14.71207,"conversion_ms":21.172838,"max_prescan_ms":26.078471,"normalization_ms":3.328347,"activation_ms":0.000111,"source_logical_fp32_bytes":0}
{"path":"B1_TFS","rep":0,"layer":1,"e2e_ms":15698.649803,"layer_ms":5304.31211,"lr_ms":6.80982,"kernel_ms":5205.311177,"projection_ms":0,"conversion_ms":11.183898,"max_prescan_ms":41.094989,"normalization_ms":18.68577,"activation_ms":21.22622,"source_logical_fp32_bytes":0}
{"path":"B1_TFS","rep":0,"layer":2,"e2e_ms":15698.649803,"layer_ms":9124.147677,"lr_ms":11.822789,"kernel_ms":9010.648239,"projection_ms":0,"conversion_ms":19.937527,"max_prescan_ms":41.173842,"normalization_ms":19.124949,"activation_ms":21.440101,"source_logical_fp32_bytes":0}
{"path":"B1_TFS","rep":0,"layer":3,"e2e_ms":15698.649803,"layer_ms":1270.186824,"lr_ms":8.487516,"kernel_ms":1210.429521,"projection_ms":0,"conversion_ms":21.809326,"max_prescan_ms":25.958021,"normalization_ms":3.502109,"activation_ms":2.5e-05,"source_logical_fp32_bytes":0}
{"path":"local_online_fp32","rep":0,"layer":1,"e2e_ms":7982.355176,"layer_ms":2341.148571,"lr_ms":12.455333,"kernel_ms":2307.134955,"projection_ms":0,"conversion_ms":0,"max_prescan_ms":0,"normalization_ms":0,"activation_ms":21.558155,"source_logical_fp32_bytes":403734569600}
{"path":"local_online_fp32","rep":0,"layer":2,"e2e_ms":7982.355176,"layer_ms":4652.281602,"lr_ms":18.785836,"kernel_ms":4611.733741,"projection_ms":0,"conversion_ms":0,"max_prescan_ms":0,"normalization_ms":0,"activation_ms":21.76173,"source_logical_fp32_bytes":1033560498176}
{"path":"local_online_fp32","rep":0,"layer":3,"e2e_ms":7982.355176,"layer_ms":988.920573,"lr_ms":18.179996,"kernel_ms":970.740441,"projection_ms":0,"conversion_ms":0,"max_prescan_ms":0,"normalization_ms":0,"activation_ms":4.3e-05,"source_logical_fp32_bytes":129195062272}
{"path":"joint_g1","rep":0,"layer":1,"e2e_ms":6380.318251,"layer_ms":1784.471883,"lr_ms":11.461047,"kernel_ms":1751.117309,"projection_ms":0,"conversion_ms":0,"max_prescan_ms":0,"normalization_ms":0,"activation_ms":21.893401,"source_logical_fp32_bytes":403734569600}
{"path":"joint_g1","rep":0,"layer":2,"e2e_ms":6380.318251,"layer_ms":3591.152019,"lr_ms":18.603654,"kernel_ms":3550.415957,"projection_ms":0,"conversion_ms":0,"max_prescan_ms":0,"normalization_ms":0,"activation_ms":22.131919,"source_logical_fp32_bytes":1033560498176}
{"path":"joint_g1","rep":0,"layer":3,"e2e_ms":6380.318251,"layer_ms":1004.685533,"lr_ms":18.532484,"kernel_ms":986.152916,"projection_ms":0,"conversion_ms":0,"max_prescan_ms":0,"normalization_ms":0,"activation_ms":4.2e-05,"source_logical_fp32_bytes":129195062272}
{"path":"joint_g2","rep":0,"layer":1,"e2e_ms":4499.233311,"layer_ms":1230.07683,"lr_ms":10.859011,"kernel_ms":1197.567341,"projection_ms":0,"conversion_ms":0,"max_prescan_ms":0,"normalization_ms":0,"activation_ms":21.650235,"source_logical_fp32_bytes":201867284800}
{"path":"joint_g2","rep":0,"layer":2,"e2e_ms":4499.233311,"layer_ms":2243.382134,"lr_ms":18.471624,"kernel_ms":2202.815713,"projection_ms":0,"conversion_ms":0,"max_prescan_ms":0,"normalization_ms":0,"activation_ms":22.094627,"source_logical_fp32_bytes":516780249088}
{"path":"joint_g2","rep":0,"layer":3,"e2e_ms":4499.233311,"layer_ms":1025.767537,"lr_ms":18.376648,"kernel_ms":1007.390565,"projection_ms":0,"conversion_ms":0,"max_prescan_ms":0,"normalization_ms":0,"activation_ms":0.000183,"source_logical_fp32_bytes":129195062272}
{"path":"joint_g4","rep":0,"layer":1,"e2e_ms":4940.558192,"layer_ms":1545.669945,"lr_ms":10.905112,"kernel_ms":1513.217598,"projection_ms":0,"conversion_ms":0,"max_prescan_ms":0,"normalization_ms":0,"activation_ms":21.547127,"source_logical_fp32_bytes":100933642400}
{"path":"joint_g4","rep":0,"layer":2,"e2e_ms":4940.558192,"layer_ms":2371.03007,"lr_ms":18.463281,"kernel_ms":2330.496982,"projection_ms":0,"conversion_ms":0,"max_prescan_ms":0,"normalization_ms":0,"activation_ms":22.069698,"source_logical_fp32_bytes":258390124544}
{"path":"joint_g4","rep":0,"layer":3,"e2e_ms":4940.558192,"layer_ms":1023.85304,"lr_ms":18.560034,"kernel_ms":1005.292832,"projection_ms":0,"conversion_ms":0,"max_prescan_ms":0,"normalization_ms":0,"activation_ms":3.3e-05,"source_logical_fp32_bytes":129195062272}
{"path":"joint_g8","rep":0,"layer":1,"e2e_ms":4661.920985,"layer_ms":1563.220659,"lr_ms":10.90858,"kernel_ms":1530.698154,"projection_ms":0,"conversion_ms":0,"max_prescan_ms":0,"normalization_ms":0,"activation_ms":21.613708,"source_logical_fp32_bytes":50466821200}
{"path":"joint_g8","rep":0,"layer":2,"e2e_ms":4661.920985,"layer_ms":2077.520216,"lr_ms":18.524599,"kernel_ms":2036.835855,"projection_ms":0,"conversion_ms":0,"max_prescan_ms":0,"normalization_ms":0,"activation_ms":22.159655,"source_logical_fp32_bytes":129195062272}
{"path":"joint_g8","rep":0,"layer":3,"e2e_ms":4661.920985,"layer_ms":1021.174131,"lr_ms":18.605835,"kernel_ms":1002.568004,"projection_ms":0,"conversion_ms":0,"max_prescan_ms":0,"normalization_ms":0,"activation_ms":0.000151,"source_logical_fp32_bytes":129195062272}
{"path":"joint_g8","rep":1,"layer":1,"e2e_ms":4653.891479,"layer_ms":1562.577967,"lr_ms":10.851389,"kernel_ms":1530.196984,"projection_ms":0,"conversion_ms":0,"max_prescan_ms":0,"normalization_ms":0,"activation_ms":21.52938,"source_logical_fp32_bytes":50466821200}
{"path":"joint_g8","rep":1,"layer":2,"e2e_ms":4653.891479,"layer_ms":2083.908382,"lr_ms":18.454316,"kernel_ms":2043.368946,"projection_ms":0,"conversion_ms":0,"max_prescan_ms":0,"normalization_ms":0,"activation_ms":22.085003,"source_logical_fp32_bytes":129195062272}
{"path":"joint_g8","rep":1,"layer":3,"e2e_ms":4653.891479,"layer_ms":1007.399745,"lr_ms":18.62939,"kernel_ms":988.769949,"projection_ms":0,"conversion_ms":0,"max_prescan_ms":0,"normalization_ms":0,"activation_ms":4.1e-05,"source_logical_fp32_bytes":129195062272}
{"path":"joint_g4","rep":1,"layer":1,"e2e_ms":4914.221103,"layer_ms":1532.524044,"lr_ms":10.900977,"kernel_ms":1499.936901,"projection_ms":0,"conversion_ms":0,"max_prescan_ms":0,"normalization_ms":0,"activation_ms":21.685959,"source_logical_fp32_bytes":100933642400}
{"path":"joint_g4","rep":1,"layer":2,"e2e_ms":4914.221103,"layer_ms":2373.06514,"lr_ms":18.467256,"kernel_ms":2332.456822,"projection_ms":0,"conversion_ms":0,"max_prescan_ms":0,"normalization_ms":0,"activation_ms":22.140901,"source_logical_fp32_bytes":258390124544}
{"path":"joint_g4","rep":1,"layer":3,"e2e_ms":4914.221103,"layer_ms":1008.626649,"lr_ms":18.576473,"kernel_ms":990.0499,"projection_ms":0,"conversion_ms":0,"max_prescan_ms":0,"normalization_ms":0,"activation_ms":0.000146,"source_logical_fp32_bytes":129195062272}
{"path":"joint_g2","rep":1,"layer":1,"e2e_ms":4465.397412,"layer_ms":1228.405759,"lr_ms":10.865477,"kernel_ms":1195.960177,"projection_ms":0,"conversion_ms":0,"max_prescan_ms":0,"normalization_ms":0,"activation_ms":21.579855,"source_logical_fp32_bytes":201867284800}
{"path":"joint_g2","rep":1,"layer":2,"e2e_ms":4465.397412,"layer_ms":2216.239466,"lr_ms":18.46627,"kernel_ms":2175.565872,"projection_ms":0,"conversion_ms":0,"max_prescan_ms":0,"normalization_ms":0,"activation_ms":22.207183,"source_logical_fp32_bytes":516780249088}
{"path":"joint_g2","rep":1,"layer":3,"e2e_ms":4465.397412,"layer_ms":1020.746257,"lr_ms":18.581129,"kernel_ms":1002.164819,"projection_ms":0,"conversion_ms":0,"max_prescan_ms":0,"normalization_ms":0,"activation_ms":0.000163,"source_logical_fp32_bytes":129195062272}
{"path":"joint_g1","rep":1,"layer":1,"e2e_ms":6332.123771,"layer_ms":1752.396454,"lr_ms":10.906425,"kernel_ms":1719.863477,"projection_ms":0,"conversion_ms":0,"max_prescan_ms":0,"normalization_ms":0,"activation_ms":21.626459,"source_logical_fp32_bytes":403734569600}
{"path":"joint_g1","rep":1,"layer":2,"e2e_ms":6332.123771,"layer_ms":3575.624449,"lr_ms":18.700964,"kernel_ms":3534.844721,"projection_ms":0,"conversion_ms":0,"max_prescan_ms":0,"normalization_ms":0,"activation_ms":22.078577,"source_logical_fp32_bytes":1033560498176}
{"path":"joint_g1","rep":1,"layer":3,"e2e_ms":6332.123771,"layer_ms":1004.098182,"lr_ms":18.529438,"kernel_ms":985.568468,"projection_ms":0,"conversion_ms":0,"max_prescan_ms":0,"normalization_ms":0,"activation_ms":0.000158,"source_logical_fp32_bytes":129195062272}
{"path":"local_online_fp32","rep":1,"layer":1,"e2e_ms":7974.643166,"layer_ms":2339.691223,"lr_ms":10.952236,"kernel_ms":2307.204601,"projection_ms":0,"conversion_ms":0,"max_prescan_ms":0,"normalization_ms":0,"activation_ms":21.534257,"source_logical_fp32_bytes":403734569600}
{"path":"local_online_fp32","rep":1,"layer":2,"e2e_ms":7974.643166,"layer_ms":4648.014513,"lr_ms":18.601111,"kernel_ms":4607.551534,"projection_ms":0,"conversion_ms":0,"max_prescan_ms":0,"normalization_ms":0,"activation_ms":21.861632,"source_logical_fp32_bytes":1033560498176}
{"path":"local_online_fp32","rep":1,"layer":3,"e2e_ms":7974.643166,"layer_ms":986.933326,"lr_ms":18.188496,"kernel_ms":968.744481,"projection_ms":0,"conversion_ms":0,"max_prescan_ms":0,"normalization_ms":0,"activation_ms":0.00015,"source_logical_fp32_bytes":129195062272}
{"path":"B1_TFS","rep":1,"layer":1,"e2e_ms":15698.65456,"layer_ms":5314.24007,"lr_ms":6.513973,"kernel_ms":5217.943199,"projection_ms":0,"conversion_ms":8.800483,"max_prescan_ms":41.042001,"normalization_ms":18.689508,"activation_ms":21.250576,"source_logical_fp32_bytes":0}
{"path":"B1_TFS","rep":1,"layer":2,"e2e_ms":15698.65456,"layer_ms":9116.377329,"lr_ms":11.548307,"kernel_ms":9004.051798,"projection_ms":0,"conversion_ms":19.117679,"max_prescan_ms":41.1559,"normalization_ms":19.154559,"activation_ms":21.348765,"source_logical_fp32_bytes":0}
{"path":"B1_TFS","rep":1,"layer":3,"e2e_ms":15698.65456,"layer_ms":1268.03388,"lr_ms":8.452239,"kernel_ms":1210.354652,"projection_ms":0,"conversion_ms":19.748866,"max_prescan_ms":26.003551,"normalization_ms":3.474252,"activation_ms":4.1e-05,"source_logical_fp32_bytes":0}
{"path":"B0_BF16","rep":1,"layer":1,"e2e_ms":3740.246371,"layer_ms":1618.559298,"lr_ms":17.938513,"kernel_ms":1452.21288,"projection_ms":56.534258,"conversion_ms":10.320682,"max_prescan_ms":41.035046,"normalization_ms":19.216869,"activation_ms":21.299446,"source_logical_fp32_bytes":0}
{"path":"B0_BF16","rep":1,"layer":2,"e2e_ms":3740.246371,"layer_ms":1631.758424,"lr_ms":17.775316,"kernel_ms":1446.871399,"projection_ms":62.749007,"conversion_ms":20.272793,"max_prescan_ms":41.192177,"normalization_ms":20.187189,"activation_ms":22.710284,"source_logical_fp32_bytes":0}
{"path":"B0_BF16","rep":1,"layer":3,"e2e_ms":3740.246371,"layer_ms":489.925761,"lr_ms":3.51718,"kernel_ms":421.023938,"projection_ms":14.942409,"conversion_ms":21.065363,"max_prescan_ms":26.054448,"normalization_ms":3.322043,"activation_ms":2.6e-05,"source_logical_fp32_bytes":0}
{"path":"B0_FP32","rep":1,"layer":1,"e2e_ms":3819.11903,"layer_ms":1609.160555,"lr_ms":17.684532,"kernel_ms":1447.643776,"projection_ms":62.293572,"conversion_ms":3.8e-05,"max_prescan_ms":41.000952,"normalization_ms":19.28487,"activation_ms":21.252337,"source_logical_fp32_bytes":0}
{"path":"B0_FP32","rep":1,"layer":2,"e2e_ms":3819.11903,"layer_ms":1687.635578,"lr_ms":17.579321,"kernel_ms":1441.149689,"projection_ms":145.173059,"conversion_ms":3.6e-05,"max_prescan_ms":41.0489,"normalization_ms":20.185326,"activation_ms":22.498827,"source_logical_fp32_bytes":0}
{"path":"B0_FP32","rep":1,"layer":3,"e2e_ms":3819.11903,"layer_ms":522.319197,"lr_ms":3.700463,"kernel_ms":420.680349,"projection_ms":68.577405,"conversion_ms":3.7e-05,"max_prescan_ms":26.025893,"normalization_ms":3.334587,"activation_ms":2.6e-05,"source_logical_fp32_bytes":0}
{"path":"B0_FP32","rep":2,"layer":1,"e2e_ms":3823.576802,"layer_ms":1608.77529,"lr_ms":17.724303,"kernel_ms":1447.736817,"projection_ms":61.751407,"conversion_ms":1.9e-05,"max_prescan_ms":41.062341,"normalization_ms":19.225942,"activation_ms":21.273689,"source_logical_fp32_bytes":0}
{"path":"B0_FP32","rep":2,"layer":2,"e2e_ms":3823.576802,"layer_ms":1692.250044,"lr_ms":17.564888,"kernel_ms":1445.805771,"projection_ms":145.069007,"conversion_ms":0.000326,"max_prescan_ms":41.157701,"normalization_ms":20.16498,"activation_ms":22.486795,"source_logical_fp32_bytes":0}
{"path":"B0_FP32","rep":2,"layer":3,"e2e_ms":3823.576802,"layer_ms":522.549231,"lr_ms":3.725679,"kernel_ms":420.950018,"projection_ms":68.556697,"conversion_ms":1.8e-05,"max_prescan_ms":25.971523,"normalization_ms":3.344924,"activation_ms":2.5e-05,"source_logical_fp32_bytes":0}
{"path":"B0_BF16","rep":2,"layer":1,"e2e_ms":3717.187988,"layer_ms":1602.214117,"lr_ms":17.822227,"kernel_ms":1441.266919,"projection_ms":52.483973,"conversion_ms":9.029935,"max_prescan_ms":41.044915,"normalization_ms":19.262573,"activation_ms":21.302984,"source_logical_fp32_bytes":0}
{"path":"B0_BF16","rep":2,"layer":2,"e2e_ms":3717.187988,"layer_ms":1626.604403,"lr_ms":17.496466,"kernel_ms":1445.424513,"projection_ms":61.099869,"conversion_ms":18.849444,"max_prescan_ms":41.11299,"normalization_ms":20.150325,"activation_ms":22.470541,"source_logical_fp32_bytes":0}
{"path":"B0_BF16","rep":2,"layer":3,"e2e_ms":3717.187988,"layer_ms":488.366314,"lr_ms":3.547235,"kernel_ms":421.067525,"projection_ms":14.602807,"conversion_ms":19.713712,"max_prescan_ms":26.093194,"normalization_ms":3.341461,"activation_ms":2.6e-05,"source_logical_fp32_bytes":0}
{"path":"B1_TFS","rep":2,"layer":1,"e2e_ms":15656.267157,"layer_ms":5302.028507,"lr_ms":6.551147,"kernel_ms":5204.113653,"projection_ms":0,"conversion_ms":10.194856,"max_prescan_ms":41.083853,"normalization_ms":18.787426,"activation_ms":21.297312,"source_logical_fp32_bytes":0}
{"path":"B1_TFS","rep":2,"layer":2,"e2e_ms":15656.267157,"layer_ms":9085.198037,"lr_ms":11.601199,"kernel_ms":8972.714704,"projection_ms":0,"conversion_ms":19.25319,"max_prescan_ms":41.110833,"normalization_ms":19.138748,"activation_ms":21.379032,"source_logical_fp32_bytes":0}
{"path":"B1_TFS","rep":2,"layer":3,"e2e_ms":15656.267157,"layer_ms":1269.038699,"lr_ms":8.418431,"kernel_ms":1211.661105,"projection_ms":0,"conversion_ms":19.535214,"max_prescan_ms":25.927796,"normalization_ms":3.495716,"activation_ms":2.6e-05,"source_logical_fp32_bytes":0}
{"path":"local_online_fp32","rep":2,"layer":1,"e2e_ms":8165.258323,"layer_ms":2408.496687,"lr_ms":12.384598,"kernel_ms":2374.598336,"projection_ms":0,"conversion_ms":0,"max_prescan_ms":0,"normalization_ms":0,"activation_ms":21.513627,"source_logical_fp32_bytes":403734569600}
{"path":"local_online_fp32","rep":2,"layer":2,"e2e_ms":8165.258323,"layer_ms":4769.666722,"lr_ms":18.715074,"kernel_ms":4728.868091,"projection_ms":0,"conversion_ms":0,"max_prescan_ms":0,"normalization_ms":0,"activation_ms":22.083402,"source_logical_fp32_bytes":1033560498176}
{"path":"local_online_fp32","rep":2,"layer":3,"e2e_ms":8165.258323,"layer_ms":987.091493,"lr_ms":18.315841,"kernel_ms":968.77539,"projection_ms":0,"conversion_ms":0,"max_prescan_ms":0,"normalization_ms":0,"activation_ms":0.000171,"source_logical_fp32_bytes":129195062272}
{"path":"joint_g1","rep":2,"layer":1,"e2e_ms":6396.393801,"layer_ms":1746.937969,"lr_ms":11.527134,"kernel_ms":1713.849846,"projection_ms":0,"conversion_ms":0,"max_prescan_ms":0,"normalization_ms":0,"activation_ms":21.560878,"source_logical_fp32_bytes":403734569600}
{"path":"joint_g1","rep":2,"layer":2,"e2e_ms":6396.393801,"layer_ms":3644.69802,"lr_ms":18.603325,"kernel_ms":3603.921211,"projection_ms":0,"conversion_ms":0,"max_prescan_ms":0,"normalization_ms":0,"activation_ms":22.17317,"source_logical_fp32_bytes":1033560498176}
{"path":"joint_g1","rep":2,"layer":3,"e2e_ms":6396.393801,"layer_ms":1004.749639,"lr_ms":18.487034,"kernel_ms":986.262319,"projection_ms":0,"conversion_ms":0,"max_prescan_ms":0,"normalization_ms":0,"activation_ms":0.000164,"source_logical_fp32_bytes":129195062272}
{"path":"joint_g2","rep":2,"layer":1,"e2e_ms":4554.580679,"layer_ms":1252.424076,"lr_ms":10.91317,"kernel_ms":1219.702819,"projection_ms":0,"conversion_ms":0,"max_prescan_ms":0,"normalization_ms":0,"activation_ms":21.807869,"source_logical_fp32_bytes":201867284800}
{"path":"joint_g2","rep":2,"layer":2,"e2e_ms":4554.580679,"layer_ms":2293.681031,"lr_ms":18.509819,"kernel_ms":2253.055933,"projection_ms":0,"conversion_ms":0,"max_prescan_ms":0,"normalization_ms":0,"activation_ms":22.114583,"source_logical_fp32_bytes":516780249088}
{"path":"joint_g2","rep":2,"layer":3,"e2e_ms":4554.580679,"layer_ms":1008.469872,"lr_ms":18.451946,"kernel_ms":990.017613,"projection_ms":0,"conversion_ms":0,"max_prescan_ms":0,"normalization_ms":0,"activation_ms":0.00016,"source_logical_fp32_bytes":129195062272}
{"path":"joint_g4","rep":2,"layer":1,"e2e_ms":4974.95198,"layer_ms":1544.148732,"lr_ms":10.889421,"kernel_ms":1511.48521,"projection_ms":0,"conversion_ms":0,"max_prescan_ms":0,"normalization_ms":0,"activation_ms":21.774007,"source_logical_fp32_bytes":100933642400}
{"path":"joint_g4","rep":2,"layer":2,"e2e_ms":4974.95198,"layer_ms":2426.9167,"lr_ms":18.596864,"kernel_ms":2386.224595,"projection_ms":0,"conversion_ms":0,"max_prescan_ms":0,"normalization_ms":0,"activation_ms":22.095079,"source_logical_fp32_bytes":258390124544}
{"path":"joint_g4","rep":2,"layer":3,"e2e_ms":4974.95198,"layer_ms":1003.881463,"lr_ms":18.462242,"kernel_ms":985.418969,"projection_ms":0,"conversion_ms":0,"max_prescan_ms":0,"normalization_ms":0,"activation_ms":0.000161,"source_logical_fp32_bytes":129195062272}
{"path":"joint_g8","rep":2,"layer":1,"e2e_ms":4713.941385,"layer_ms":1588.008739,"lr_ms":10.903591,"kernel_ms":1555.229133,"projection_ms":0,"conversion_ms":0,"max_prescan_ms":0,"normalization_ms":0,"activation_ms":21.87581,"source_logical_fp32_bytes":50466821200}
{"path":"joint_g8","rep":2,"layer":2,"e2e_ms":4713.941385,"layer_ms":2100.38063,"lr_ms":18.632217,"kernel_ms":2059.6624,"projection_ms":0,"conversion_ms":0,"max_prescan_ms":0,"normalization_ms":0,"activation_ms":22.085742,"source_logical_fp32_bytes":129195062272}
{"path":"joint_g8","rep":2,"layer":3,"e2e_ms":4713.941385,"layer_ms":1025.545972,"lr_ms":18.658813,"kernel_ms":1006.886743,"projection_ms":0,"conversion_ms":0,"max_prescan_ms":0,"normalization_ms":0,"activation_ms":0.000157,"source_logical_fp32_bytes":129195062272}
PROFILE path=joint_g8 layer=1 layer_wall_ms=1613.269993 kernel_wall_ms=1580.467953 sampled_tiles=1306 sampled_neighbor_group_blocks=46688 sampled_row_head_blocks=373504 sampled_source_vector_loads=7711900 sampled_fma_vectors=61695200 init_worker_ms=1.318932 score_exp_den_worker_ms=53.043145 weighted_spmm_rescale_worker_ms=152.892358 UW_worker_ms=11.78361 normalization_scatter_worker_ms=1.860419 U_global_bytes=0 rescale_timing=fused_with_weighted_spmm
JOINT_ONLINE_STATS layer=1 blocks=42882792 running_max_updates_including_initial=25358082 rescales=5765850 rescaled_feature_elements=576585000 rescale_per_block=0.1344560308 row_head_ratio_P50=0 P90=0.3333333433 P95=0.5 P99=0.6666666865 rescale_timing=fused_with_weighted_spmm
PROFILE path=joint_g8 layer=2 layer_wall_ms=2173.196231 kernel_wall_ms=2132.575175 sampled_tiles=1306 sampled_neighbor_group_blocks=46688 sampled_row_head_blocks=373504 sampled_source_vector_loads=17627200 sampled_fma_vectors=141017600 init_worker_ms=4.055895 score_exp_den_worker_ms=56.513079 weighted_spmm_rescale_worker_ms=207.666187 UW_worker_ms=21.816288 normalization_scatter_worker_ms=1.953879 U_global_bytes=0 rescale_timing=fused_with_weighted_spmm
JOINT_ONLINE_STATS layer=2 blocks=42882792 running_max_updates_including_initial=24069181 rescales=4476949 rescaled_feature_elements=1146098944 rescale_per_block=0.1043996622 row_head_ratio_P50=0 P90=0.3333333433 P95=0.5 P99=0.5 rescale_timing=fused_with_weighted_spmm
PROFILE path=joint_g8 layer=3 layer_wall_ms=1037.547972 kernel_wall_ms=1019.108798 sampled_tiles=1306 sampled_neighbor_group_blocks=46688 sampled_row_head_blocks=46688 sampled_source_vector_loads=17627200 sampled_fma_vectors=17627200 init_worker_ms=0.643903 score_exp_den_worker_ms=20.548316 weighted_spmm_rescale_worker_ms=124.712669 UW_worker_ms=5.03653 normalization_scatter_worker_ms=0.582469 U_global_bytes=0 rescale_timing=fused_with_weighted_spmm
JOINT_ONLINE_STATS layer=3 blocks=5360349 running_max_updates_including_initial=3253695 rescales=804666 rescaled_feature_elements=205994496 rescale_per_block=0.1501144795 row_head_ratio_P50=0 P90=0.400000006 P95=0.5 P99=0.6666666865 rescale_timing=fused_with_weighted_spmm
JOINT_COMPLETE implementation_gate=PASS master_reference_gate=UNVERIFIED task_accuracy=UNVERIFIED performance=EXPLORATORY
