GCN E2E v3 — Hybrid Pipeline (FP32 inter-layer + BF16 final)
Threads: 32

Loading: /home/huangjianqiang_group/hdacp1/data/yx/TFS/data/com-Youtube/com-Youtube.csrbin
Matrix: com-Youtube  N=1134890  NNZ=5975248  avg_deg=5.3

=== TFS V3 Hybrid Pipeline ===
  run 0: 46.95 ms
  run 1: 46.82 ms
  run 2: 47.51 ms
  run 3: 48.32 ms
  run 4: 46.78 ms
  TFS V3 E2E BEST: 46.78 ms

=== MKL FP32 Two-Step ===
  run 0: 53.70 ms
  run 1: 53.72 ms
  run 2: 53.56 ms
  run 3: 53.56 ms
  run 4: 53.62 ms
  MKL E2E BEST: 53.56 ms

=== E2E Summary ===
  TFS V3 (hybrid): 46.78 ms
  MKL (FP32):      53.56 ms
  E2E Speedup:     1.15×

=== Precision ===
  TFS_hybrid vs MKL_FP32: max_rel_err=0.010551  RMSE=3.8059e+01
First 8:
  TFS: -2351.26 -6218.97 -4421.02 -752.56 -857.43 -2407.82 -5064.00 -5634.36 
  MKL: -2364.53 -6275.42 -4456.55 -765.30 -868.71 -2435.09 -5125.71 -5678.16 
METHOD_CONFIG graph=com-Youtube N=1134890 E=5975248 D=128 F=128 R=64 TR=16 warmups=1 repeats=5 final_output=BF16 mkl_threads=32 mkl_dynamic=1 numa=default
METHOD_CHECK graph=com-Youtube method=paper_tfs boundary=kernel_FP32 reference=paper_tfs max_abs=0 mean_abs=0 relative_L2=0 normalized_max=0 gate=0.01 pass=1
METHOD_CHECK graph=com-Youtube method=paper_tfs boundary=e2e_FP32_final reference=paper_tfs max_abs=0 mean_abs=0 relative_L2=0 normalized_max=0 gate=0.01 pass=1
METHOD_CHECK graph=com-Youtube method=paper_tfs boundary=e2e_BF16_final reference=paper_tfs max_abs=0 mean_abs=0 relative_L2=0 normalized_max=0 gate=0.02 pass=1
METHOD_CHECK graph=com-Youtube method=paper_tfs boundary=e2e_BF16_final reference=source_MKL_FP32 max_abs=44704.25 mean_abs=10.0235319013 relative_L2=0.0124641391878 normalized_max=0.012141452948 gate=0.03 pass=1
METHOD_CHECK graph=com-Youtube method=b8_fast boundary=kernel_FP32 reference=paper_tfs max_abs=7.95727539062 mean_abs=0.00997925770985 relative_L2=0.00290417585826 normalized_max=0.00296558814966 gate=0.01 pass=1
METHOD_CHECK graph=com-Youtube method=b8_fast boundary=e2e_FP32_final reference=paper_tfs max_abs=18632 mean_abs=4.27291340807 relative_L2=0.00528831086368 normalized_max=0.00511431799052 gate=0.01 pass=1
METHOD_CHECK graph=com-Youtube method=b8_fast boundary=e2e_BF16_final reference=paper_tfs max_abs=16384 mean_abs=4.26571404968 relative_L2=0.00572619578521 normalized_max=0.0045045045045 gate=0.02 pass=1
METHOD_CHECK graph=com-Youtube method=b8_fast boundary=e2e_BF16_final reference=source_MKL_FP32 max_abs=61088.25 mean_abs=13.8176259058 relative_L2=0.0174656581348 normalized_max=0.016591266223 gate=0.03 pass=1
METHOD_CHECK graph=com-Youtube method=b8_accurate boundary=kernel_FP32 reference=paper_tfs max_abs=0.02685546875 mean_abs=8.02603477227e-07 relative_L2=1.21436327364e-06 normalized_max=1.00087348959e-05 gate=0.001 pass=1
METHOD_CHECK graph=com-Youtube method=b8_accurate boundary=e2e_FP32_final reference=paper_tfs max_abs=363.25 mean_abs=0.0227757034474 relative_L2=5.57124034416e-05 normalized_max=9.97088884744e-05 gate=0.001 pass=1
METHOD_CHECK graph=com-Youtube method=b8_accurate boundary=e2e_BF16_final reference=paper_tfs max_abs=16384 mean_abs=0.0218384360748 relative_L2=0.000485148725121 normalized_max=0.0045045045045 gate=0.01 pass=1
METHOD_CHECK graph=com-Youtube method=b8_accurate boundary=e2e_BF16_final reference=source_MKL_FP32 max_abs=44704.25 mean_abs=10.0243734628 relative_L2=0.0124863292097 normalized_max=0.012141452948 gate=0.03 pass=1
METHOD_CHECK graph=com-Youtube method=b16_fast boundary=kernel_FP32 reference=paper_tfs max_abs=7.51477050781 mean_abs=0.0101425147349 relative_L2=0.00298476308893 normalized_max=0.00280067149512 gate=0.01 pass=1
METHOD_CHECK graph=com-Youtube method=b16_fast boundary=e2e_FP32_final reference=paper_tfs max_abs=19703 mean_abs=4.42821917571 relative_L2=0.00552916025835 normalized_max=0.005408297948 gate=0.01 pass=1
METHOD_CHECK graph=com-Youtube method=b16_fast boundary=e2e_BF16_final reference=paper_tfs max_abs=16384 mean_abs=4.41867639299 relative_L2=0.00592713840446 normalized_max=0.0045045045045 gate=0.02 pass=1
METHOD_CHECK graph=com-Youtube method=b16_fast boundary=e2e_BF16_final reference=source_MKL_FP32 max_abs=61088.25 mean_abs=13.9729137843 relative_L2=0.0176875211828 normalized_max=0.016591266223 gate=0.03 pass=1
METHOD_CHECK graph=com-Youtube method=b16_accurate boundary=kernel_FP32 reference=paper_tfs max_abs=0.0264892578125 mean_abs=2.06123125812e-06 relative_L2=1.73657488398e-06 normalized_max=9.87225214733e-06 gate=0.001 pass=1
METHOD_CHECK graph=com-Youtube method=b16_accurate boundary=e2e_FP32_final reference=paper_tfs max_abs=370.75 mean_abs=0.0182314409032 relative_L2=4.96923185578e-05 normalized_max=0.00010176757165 gate=0.001 pass=1
METHOD_CHECK graph=com-Youtube method=b16_accurate boundary=e2e_BF16_final reference=paper_tfs max_abs=16384 mean_abs=0.018121063516 relative_L2=0.000480392961176 normalized_max=0.0045045045045 gate=0.01 pass=1
METHOD_CHECK graph=com-Youtube method=b16_accurate boundary=e2e_BF16_final reference=source_MKL_FP32 max_abs=44704.25 mean_abs=10.0240491765 relative_L2=0.0124871154807 normalized_max=0.012141452948 gate=0.03 pass=1
METHOD_CHECK graph=com-Youtube method=b64_fast boundary=kernel_FP32 reference=paper_tfs max_abs=8.55102539062 mean_abs=0.010178289729 relative_L2=0.00301003628531 normalized_max=0.00318687217936 gate=0.01 pass=1
METHOD_CHECK graph=com-Youtube method=b64_fast boundary=e2e_FP32_final reference=paper_tfs max_abs=19699.25 mean_abs=4.47160501769 relative_L2=0.0055989650994 normalized_max=0.00540726860641 gate=0.01 pass=1
METHOD_CHECK graph=com-Youtube method=b64_fast boundary=e2e_BF16_final reference=paper_tfs max_abs=16384 mean_abs=4.4577749125 relative_L2=0.00598909252314 normalized_max=0.0045045045045 gate=0.02 pass=1
METHOD_CHECK graph=com-Youtube method=b64_fast boundary=e2e_BF16_final reference=source_MKL_FP32 max_abs=61088.25 mean_abs=13.9844581967 relative_L2=0.0177251642885 normalized_max=0.016591266223 gate=0.03 pass=1
METHOD_CHECK graph=com-Youtube method=b64_accurate boundary=kernel_FP32 reference=paper_tfs max_abs=0.0244140625 mean_abs=4.28650725066e-06 relative_L2=3.84854546561e-06 normalized_max=9.09884990537e-06 gate=0.001 pass=1
METHOD_CHECK graph=com-Youtube method=b64_accurate boundary=e2e_FP32_final reference=paper_tfs max_abs=396.5 mean_abs=0.0346105089079 relative_L2=5.87335546484e-05 normalized_max=0.00010883571722 gate=0.001 pass=1
METHOD_CHECK graph=com-Youtube method=b64_accurate boundary=e2e_BF16_final reference=paper_tfs max_abs=16384 mean_abs=0.0339674972795 relative_L2=0.000518489097404 normalized_max=0.0045045045045 gate=0.01 pass=1
METHOD_CHECK graph=com-Youtube method=b64_accurate boundary=e2e_BF16_final reference=source_MKL_FP32 max_abs=44704.25 mean_abs=10.0269195866 relative_L2=0.0124925657644 normalized_max=0.012141452948 gate=0.03 pass=1
METHOD_CHECK graph=com-Youtube method=bfull_fast boundary=kernel_FP32 reference=paper_tfs max_abs=10.0947265625 mean_abs=0.0101814606388 relative_L2=0.00302628011987 normalized_max=0.00376219245887 gate=0.01 pass=1
METHOD_CHECK graph=com-Youtube method=bfull_fast boundary=e2e_FP32_final reference=paper_tfs max_abs=21057.75 mean_abs=4.47103371774 relative_L2=0.00570767172727 normalized_max=0.0057801647523 gate=0.01 pass=1
METHOD_CHECK graph=com-Youtube method=bfull_fast boundary=e2e_BF16_final reference=paper_tfs max_abs=32768 mean_abs=4.46358303888 relative_L2=0.006190860387 normalized_max=0.00900900900901 gate=0.02 pass=1
METHOD_CHECK graph=com-Youtube method=bfull_fast boundary=e2e_BF16_final reference=source_MKL_FP32 max_abs=70790.25 mean_abs=13.9658556544 relative_L2=0.017815196989 normalized_max=0.0192262813837 gate=0.03 pass=1
METHOD_CHECK graph=com-Youtube method=bfull_accurate boundary=kernel_FP32 reference=paper_tfs max_abs=0.038330078125 mean_abs=4.95118362617e-06 relative_L2=5.35593560371e-06 normalized_max=1.42851943514e-05 gate=0.001 pass=1
METHOD_CHECK graph=com-Youtube method=bfull_accurate boundary=e2e_FP32_final reference=paper_tfs max_abs=416 mean_abs=0.0403360873856 relative_L2=5.75233358092e-05 normalized_max=0.000114188293477 gate=0.001 pass=1
METHOD_CHECK graph=com-Youtube method=bfull_accurate boundary=e2e_BF16_final reference=paper_tfs max_abs=16384 mean_abs=0.0387856134388 relative_L2=0.000520553816371 normalized_max=0.0045045045045 gate=0.01 pass=1
METHOD_CHECK graph=com-Youtube method=bfull_accurate boundary=e2e_BF16_final reference=source_MKL_FP32 max_abs=44704.25 mean_abs=10.0298762748 relative_L2=0.0124947943652 normalized_max=0.012141452948 gate=0.03 pass=1
METHOD_GATE_COMPLETE graph=com-Youtube methods=9 pass=1
METHOD_TIME graph=com-Youtube method=paper_tfs kind=e2e repeat=0 order=0 ms=47.1258163452
METHOD_TIME graph=com-Youtube method=paper_tfs kind=e2e repeat=1 order=0 ms=48.8531589508
METHOD_TIME graph=com-Youtube method=paper_tfs kind=e2e repeat=2 order=0 ms=47.6951599121
METHOD_TIME graph=com-Youtube method=paper_tfs kind=e2e repeat=3 order=0 ms=47.2040176392
METHOD_TIME graph=com-Youtube method=paper_tfs kind=e2e repeat=4 order=0 ms=47.9218959808
METHOD_TIME graph=com-Youtube method=b8_fast kind=e2e repeat=0 order=1 ms=43.1699752808
METHOD_TIME graph=com-Youtube method=b8_fast kind=e2e repeat=1 order=1 ms=43.7119007111
METHOD_TIME graph=com-Youtube method=b8_fast kind=e2e repeat=2 order=1 ms=45.0119972229
METHOD_TIME graph=com-Youtube method=b8_fast kind=e2e repeat=3 order=1 ms=42.7489280701
METHOD_TIME graph=com-Youtube method=b8_fast kind=e2e repeat=4 order=1 ms=43.468952179
METHOD_TIME graph=com-Youtube method=b8_accurate kind=e2e repeat=0 order=2 ms=50.6699085236
METHOD_TIME graph=com-Youtube method=b8_accurate kind=e2e repeat=1 order=2 ms=49.978017807
METHOD_TIME graph=com-Youtube method=b8_accurate kind=e2e repeat=2 order=2 ms=50.0011444092
METHOD_TIME graph=com-Youtube method=b8_accurate kind=e2e repeat=3 order=2 ms=49.3001937866
METHOD_TIME graph=com-Youtube method=b8_accurate kind=e2e repeat=4 order=2 ms=51.1400699615
METHOD_TIME graph=com-Youtube method=b16_fast kind=e2e repeat=0 order=3 ms=38.8929843903
METHOD_TIME graph=com-Youtube method=b16_fast kind=e2e repeat=1 order=3 ms=38.9339923859
METHOD_TIME graph=com-Youtube method=b16_fast kind=e2e repeat=2 order=3 ms=38.6390686035
METHOD_TIME graph=com-Youtube method=b16_fast kind=e2e repeat=3 order=3 ms=38.7141704559
METHOD_TIME graph=com-Youtube method=b16_fast kind=e2e repeat=4 order=3 ms=39.3469333649
METHOD_TIME graph=com-Youtube method=b16_accurate kind=e2e repeat=0 order=4 ms=42.3591136932
METHOD_TIME graph=com-Youtube method=b16_accurate kind=e2e repeat=1 order=4 ms=43.536901474
METHOD_TIME graph=com-Youtube method=b16_accurate kind=e2e repeat=2 order=4 ms=41.3720607758
METHOD_TIME graph=com-Youtube method=b16_accurate kind=e2e repeat=3 order=4 ms=44.2719459534
METHOD_TIME graph=com-Youtube method=b16_accurate kind=e2e repeat=4 order=4 ms=43.7889099121
METHOD_TIME graph=com-Youtube method=b64_fast kind=e2e repeat=0 order=5 ms=34.8920822144
METHOD_TIME graph=com-Youtube method=b64_fast kind=e2e repeat=1 order=5 ms=34.8999500275
METHOD_TIME graph=com-Youtube method=b64_fast kind=e2e repeat=2 order=5 ms=35.2981090546
METHOD_TIME graph=com-Youtube method=b64_fast kind=e2e repeat=3 order=5 ms=35.1269245148
METHOD_TIME graph=com-Youtube method=b64_fast kind=e2e repeat=4 order=5 ms=34.7878932953
METHOD_TIME graph=com-Youtube method=b64_accurate kind=e2e repeat=0 order=6 ms=37.0771884918
METHOD_TIME graph=com-Youtube method=b64_accurate kind=e2e repeat=1 order=6 ms=37.7240180969
METHOD_TIME graph=com-Youtube method=b64_accurate kind=e2e repeat=2 order=6 ms=37.1530056
METHOD_TIME graph=com-Youtube method=b64_accurate kind=e2e repeat=3 order=6 ms=37.2388362885
METHOD_TIME graph=com-Youtube method=b64_accurate kind=e2e repeat=4 order=6 ms=36.5469455719
METHOD_TIME graph=com-Youtube method=bfull_fast kind=e2e repeat=0 order=7 ms=33.1120491028
METHOD_TIME graph=com-Youtube method=bfull_fast kind=e2e repeat=1 order=7 ms=33.8399410248
METHOD_TIME graph=com-Youtube method=bfull_fast kind=e2e repeat=2 order=7 ms=33.8928699493
METHOD_TIME graph=com-Youtube method=bfull_fast kind=e2e repeat=3 order=7 ms=34.6281528473
METHOD_TIME graph=com-Youtube method=bfull_fast kind=e2e repeat=4 order=7 ms=33.0471992493
METHOD_TIME graph=com-Youtube method=bfull_accurate kind=e2e repeat=0 order=8 ms=36.2899303436
METHOD_TIME graph=com-Youtube method=bfull_accurate kind=e2e repeat=1 order=8 ms=35.0530147552
METHOD_TIME graph=com-Youtube method=bfull_accurate kind=e2e repeat=2 order=8 ms=35.3829860687
METHOD_TIME graph=com-Youtube method=bfull_accurate kind=e2e repeat=3 order=8 ms=35.6979370117
METHOD_TIME graph=com-Youtube method=bfull_accurate kind=e2e repeat=4 order=8 ms=35.0267887115
METHOD_TIME graph=com-Youtube method=source_mkl_fp32 kind=e2e repeat=0 order=9 ms=53.729057312
METHOD_TIME graph=com-Youtube method=source_mkl_fp32 kind=e2e repeat=1 order=9 ms=53.7099838257
METHOD_TIME graph=com-Youtube method=source_mkl_fp32 kind=e2e repeat=2 order=9 ms=53.8258552551
METHOD_TIME graph=com-Youtube method=source_mkl_fp32 kind=e2e repeat=3 order=9 ms=53.6341667175
METHOD_TIME graph=com-Youtube method=source_mkl_fp32 kind=e2e repeat=4 order=9 ms=53.7059307098
METHOD_COMPLETE graph=com-Youtube methods=9 checks=36 pass=1 max_rss_kib=0
