GCN E2E v3 — Hybrid Pipeline (FP32 inter-layer + BF16 final)
Threads: 32

Loading: /home/huangjianqiang_group/hdacp1/data/yx/TFS/data/soc-Pokec/soc-Pokec.csrbin
Matrix: soc-Pokec  N=1632803  NNZ=30622564  avg_deg=18.8

=== TFS V3 Hybrid Pipeline ===
  run 0: 100.76 ms
  run 1: 101.02 ms
  run 2: 99.62 ms
  run 3: 101.26 ms
  run 4: 99.04 ms
  TFS V3 E2E BEST: 99.04 ms

=== MKL FP32 Two-Step ===
  run 0: 334.84 ms
  run 1: 335.22 ms
  run 2: 334.54 ms
  run 3: 334.88 ms
  run 4: 335.44 ms
  MKL E2E BEST: 334.54 ms

=== E2E Summary ===
  TFS V3 (hybrid): 99.04 ms
  MKL (FP32):      334.54 ms
  E2E Speedup:     3.38×

=== Precision ===
  TFS_hybrid vs MKL_FP32: max_rel_err=0.010972  RMSE=2.7145e+01
First 8:
  TFS: -258.68 -946.01 -929.20 54.90 375.05 90.65 -826.39 -423.82 
  MKL: -260.59 -953.13 -938.85 57.47 378.51 90.48 -835.36 -427.99 
METHOD_CONFIG graph=soc-Pokec N=1632803 E=30622564 D=128 F=128 R=64 TR=16 warmups=1 repeats=5 final_output=BF16 mkl_threads=32 mkl_dynamic=1 numa=default
METHOD_CHECK graph=soc-Pokec method=paper_tfs boundary=kernel_FP32 reference=paper_tfs max_abs=0 mean_abs=0 relative_L2=0 normalized_max=0 gate=0.01 pass=1
METHOD_CHECK graph=soc-Pokec method=paper_tfs boundary=e2e_FP32_final reference=paper_tfs max_abs=0 mean_abs=0 relative_L2=0 normalized_max=0 gate=0.01 pass=1
METHOD_CHECK graph=soc-Pokec method=paper_tfs boundary=e2e_BF16_final reference=paper_tfs max_abs=0 mean_abs=0 relative_L2=0 normalized_max=0 gate=0.02 pass=1
METHOD_CHECK graph=soc-Pokec method=paper_tfs boundary=e2e_BF16_final reference=source_MKL_FP32 max_abs=24560.25 mean_abs=13.6608355281 relative_L2=0.0129342882828 normalized_max=0.0162940691287 gate=0.03 pass=1
METHOD_CHECK graph=soc-Pokec method=b2_fast boundary=kernel_FP32 reference=paper_tfs max_abs=2.65112304688 mean_abs=0.0232323908526 relative_L2=0.00235479286298 normalized_max=0.00189990331646 gate=0.01 pass=1
METHOD_CHECK graph=soc-Pokec method=b2_fast boundary=e2e_FP32_final reference=paper_tfs max_abs=4129.375 mean_abs=3.247071482 relative_L2=0.00294234454792 normalized_max=0.00276995326422 gate=0.01 pass=1
METHOD_CHECK graph=soc-Pokec method=b2_fast boundary=e2e_BF16_final reference=paper_tfs max_abs=8192 mean_abs=3.23811380242 relative_L2=0.0040154328091 normalized_max=0.00552486187845 gate=0.02 pass=1
METHOD_CHECK graph=soc-Pokec method=b2_fast boundary=e2e_BF16_final reference=source_MKL_FP32 max_abs=24560.25 mean_abs=16.6322606741 relative_L2=0.0156811922047 normalized_max=0.0162940691287 gate=0.03 pass=1
METHOD_CHECK graph=soc-Pokec method=b2_accurate boundary=kernel_FP32 reference=paper_tfs max_abs=0.00860595703125 mean_abs=2.5160843856e-06 relative_L2=4.50866206172e-07 normalized_max=6.16738114975e-06 gate=0.001 pass=1
METHOD_CHECK graph=soc-Pokec method=b2_accurate boundary=e2e_FP32_final reference=paper_tfs max_abs=12.125 mean_abs=0.00395282043502 relative_L2=9.01987766547e-06 normalized_max=8.13335754894e-06 gate=0.001 pass=1
METHOD_CHECK graph=soc-Pokec method=b2_accurate boundary=e2e_BF16_final reference=paper_tfs max_abs=512 mean_abs=0.00386882281598 relative_L2=0.000108991545264 normalized_max=0.000345303867403 gate=0.01 pass=1
METHOD_CHECK graph=soc-Pokec method=b2_accurate boundary=e2e_BF16_final reference=source_MKL_FP32 max_abs=24560.25 mean_abs=13.6608434807 relative_L2=0.0129343102034 normalized_max=0.0162940691287 gate=0.03 pass=1
METHOD_CHECK graph=soc-Pokec method=b4_fast boundary=kernel_FP32 reference=paper_tfs max_abs=3.21020507812 mean_abs=0.0289969362649 relative_L2=0.00294809760549 normalized_max=0.00230056438973 gate=0.01 pass=1
METHOD_CHECK graph=soc-Pokec method=b4_fast boundary=e2e_FP32_final reference=paper_tfs max_abs=6678.25 mean_abs=4.89156214698 relative_L2=0.0045389980946 normalized_max=0.00447971917948 gate=0.01 pass=1
METHOD_CHECK graph=soc-Pokec method=b4_fast boundary=e2e_BF16_final reference=paper_tfs max_abs=8192 mean_abs=4.8775945285 relative_L2=0.00512092053035 normalized_max=0.00552486187845 gate=0.02 pass=1
METHOD_CHECK graph=soc-Pokec method=b4_fast boundary=e2e_BF16_final reference=source_MKL_FP32 max_abs=27882.375 mean_abs=18.3051087898 relative_L2=0.0172616877187 normalized_max=0.0184980749675 gate=0.03 pass=1
METHOD_CHECK graph=soc-Pokec method=b4_accurate boundary=kernel_FP32 reference=paper_tfs max_abs=0.00762939453125 mean_abs=2.24961977886e-06 relative_L2=3.96412939127e-07 normalized_max=5.46753648028e-06 gate=0.001 pass=1
METHOD_CHECK graph=soc-Pokec method=b4_accurate boundary=e2e_FP32_final reference=paper_tfs max_abs=8.1875 mean_abs=0.00348031727284 relative_L2=7.8651804675e-06 normalized_max=5.49211257171e-06 gate=0.001 pass=1
METHOD_CHECK graph=soc-Pokec method=b4_accurate boundary=e2e_BF16_final reference=paper_tfs max_abs=256 mean_abs=0.00340997612399 relative_L2=0.000102144191761 normalized_max=0.000172651933702 gate=0.01 pass=1
METHOD_CHECK graph=soc-Pokec method=b4_accurate boundary=e2e_BF16_final reference=source_MKL_FP32 max_abs=24560.25 mean_abs=13.6609067846 relative_L2=0.0129343221971 normalized_max=0.0162940691287 gate=0.03 pass=1
METHOD_CHECK graph=soc-Pokec method=b8_fast boundary=kernel_FP32 reference=paper_tfs max_abs=3.78112792969 mean_abs=0.030733916885 relative_L2=0.00312958796534 normalized_max=0.00270971107963 gate=0.01 pass=1
METHOD_CHECK graph=soc-Pokec method=b8_fast boundary=e2e_FP32_final reference=paper_tfs max_abs=7737.375 mean_abs=5.66534775731 relative_L2=0.00530485707012 normalized_max=0.00519017215383 gate=0.01 pass=1
METHOD_CHECK graph=soc-Pokec method=b8_fast boundary=e2e_BF16_final reference=paper_tfs max_abs=8192 mean_abs=5.64879122905 relative_L2=0.00573062996736 normalized_max=0.00552486187845 gate=0.02 pass=1
METHOD_CHECK graph=soc-Pokec method=b8_fast boundary=e2e_BF16_final reference=source_MKL_FP32 max_abs=27882.375 mean_abs=19.0763638262 relative_L2=0.0180101687361 normalized_max=0.0184980749675 gate=0.03 pass=1
METHOD_CHECK graph=soc-Pokec method=b8_accurate boundary=kernel_FP32 reference=paper_tfs max_abs=0.00604248046875 mean_abs=3.61911408268e-06 relative_L2=6.61641461676e-07 normalized_max=4.33028889238e-06 gate=0.001 pass=1
METHOD_CHECK graph=soc-Pokec method=b8_accurate boundary=e2e_FP32_final reference=paper_tfs max_abs=9.125 mean_abs=0.00726937101634 relative_L2=1.98068840341e-05 normalized_max=6.12098042343e-06 gate=0.001 pass=1
METHOD_CHECK graph=soc-Pokec method=b8_accurate boundary=e2e_BF16_final reference=paper_tfs max_abs=512 mean_abs=0.00723891188567 relative_L2=0.000155278883459 normalized_max=0.000345303867403 gate=0.01 pass=1
METHOD_CHECK graph=soc-Pokec method=b8_accurate boundary=e2e_BF16_final reference=source_MKL_FP32 max_abs=24560.25 mean_abs=13.6610079819 relative_L2=0.0129343549769 normalized_max=0.0162940691287 gate=0.03 pass=1
METHOD_CHECK graph=soc-Pokec method=b16_fast boundary=kernel_FP32 reference=paper_tfs max_abs=3.76763916016 mean_abs=0.0316074119951 relative_L2=0.00322684489281 normalized_max=0.00270004447513 gate=0.01 pass=1
METHOD_CHECK graph=soc-Pokec method=b16_fast boundary=e2e_FP32_final reference=paper_tfs max_abs=8061.25 mean_abs=5.96789167341 relative_L2=0.00558753050561 normalized_max=0.00540742503434 gate=0.01 pass=1
METHOD_CHECK graph=soc-Pokec method=b16_fast boundary=e2e_BF16_final reference=paper_tfs max_abs=8192 mean_abs=5.95062963249 relative_L2=0.00598345162399 normalized_max=0.00552486187845 gate=0.02 pass=1
METHOD_CHECK graph=soc-Pokec method=b16_fast boundary=e2e_BF16_final reference=source_MKL_FP32 max_abs=32752.25 mean_abs=19.353658649 relative_L2=0.0182874392526 normalized_max=0.0217289085258 gate=0.03 pass=1
METHOD_CHECK graph=soc-Pokec method=b16_accurate boundary=kernel_FP32 reference=paper_tfs max_abs=0.006103515625 mean_abs=1.22240583873e-05 relative_L2=1.74703565936e-06 normalized_max=4.37402918422e-06 gate=0.001 pass=1
METHOD_CHECK graph=soc-Pokec method=b16_accurate boundary=e2e_FP32_final reference=paper_tfs max_abs=7.375 mean_abs=0.0142762953193 relative_L2=1.58939935687e-05 normalized_max=4.94709376688e-06 gate=0.001 pass=1
METHOD_CHECK graph=soc-Pokec method=b16_accurate boundary=e2e_BF16_final reference=paper_tfs max_abs=512 mean_abs=0.0141992058116 relative_L2=0.000191902342346 normalized_max=0.000345303867403 gate=0.01 pass=1
METHOD_CHECK graph=soc-Pokec method=b16_accurate boundary=e2e_BF16_final reference=source_MKL_FP32 max_abs=24560.25 mean_abs=13.6616851638 relative_L2=0.0129350206187 normalized_max=0.0162940691287 gate=0.03 pass=1
METHOD_CHECK graph=soc-Pokec method=b32_fast boundary=kernel_FP32 reference=paper_tfs max_abs=3.97985839844 mean_abs=0.0317700170347 relative_L2=0.00324554993471 normalized_max=0.00285212946986 gate=0.01 pass=1
METHOD_CHECK graph=soc-Pokec method=b32_fast boundary=e2e_FP32_final reference=paper_tfs max_abs=8259.875 mean_abs=6.09084446903 relative_L2=0.00568990077206 normalized_max=0.00554066116986 gate=0.01 pass=1
METHOD_CHECK graph=soc-Pokec method=b32_fast boundary=e2e_BF16_final reference=paper_tfs max_abs=8192 mean_abs=6.07389121147 relative_L2=0.00608702724328 normalized_max=0.00552486187845 gate=0.02 pass=1
METHOD_CHECK graph=soc-Pokec method=b32_fast boundary=e2e_BF16_final reference=source_MKL_FP32 max_abs=32752.25 mean_abs=19.4416717536 relative_L2=0.0183735693268 normalized_max=0.0217289085258 gate=0.03 pass=1
METHOD_CHECK graph=soc-Pokec method=b32_accurate boundary=kernel_FP32 reference=paper_tfs max_abs=0.00567626953125 mean_abs=2.19726572369e-05 relative_L2=3.12164280119e-06 normalized_max=4.06784714133e-06 gate=0.001 pass=1
METHOD_CHECK graph=soc-Pokec method=b32_accurate boundary=e2e_FP32_final reference=paper_tfs max_abs=10.125 mean_abs=0.0232197953455 relative_L2=2.24898320684e-05 normalized_max=6.7917727986e-06 gate=0.001 pass=1
METHOD_CHECK graph=soc-Pokec method=b32_accurate boundary=e2e_BF16_final reference=paper_tfs max_abs=1024 mean_abs=0.0231001581673 relative_L2=0.000244200447007 normalized_max=0.000690607734807 gate=0.01 pass=1
METHOD_CHECK graph=soc-Pokec method=b32_accurate boundary=e2e_BF16_final reference=source_MKL_FP32 max_abs=24560.25 mean_abs=13.6633958135 relative_L2=0.012936910143 normalized_max=0.0162940691287 gate=0.03 pass=1
METHOD_CHECK graph=soc-Pokec method=b64_fast boundary=kernel_FP32 reference=paper_tfs max_abs=4.00445556641 mean_abs=0.0318868461282 relative_L2=0.00326384582366 normalized_max=0.00286975680748 gate=0.01 pass=1
METHOD_CHECK graph=soc-Pokec method=b64_fast boundary=e2e_FP32_final reference=paper_tfs max_abs=8355.375 mean_abs=6.17901146105 relative_L2=0.00577880454095 normalized_max=0.00560472184169 gate=0.01 pass=1
METHOD_CHECK graph=soc-Pokec method=b64_fast boundary=e2e_BF16_final reference=paper_tfs max_abs=8192 mean_abs=6.16187444121 relative_L2=0.00616993107827 normalized_max=0.00552486187845 gate=0.02 pass=1
METHOD_CHECK graph=soc-Pokec method=b64_fast boundary=e2e_BF16_final reference=source_MKL_FP32 max_abs=32752.25 mean_abs=19.4949399242 relative_L2=0.0184188598131 normalized_max=0.0217289085258 gate=0.03 pass=1
METHOD_CHECK graph=soc-Pokec method=b64_accurate boundary=kernel_FP32 reference=paper_tfs max_abs=0.00848388671875 mean_abs=2.85636748445e-05 relative_L2=4.33430631347e-06 normalized_max=6.07990056607e-06 gate=0.001 pass=1
METHOD_CHECK graph=soc-Pokec method=b64_accurate boundary=e2e_FP32_final reference=paper_tfs max_abs=17.875 mean_abs=0.0308176564305 relative_L2=2.87493814782e-05 normalized_max=1.19904137062e-05 gate=0.001 pass=1
METHOD_CHECK graph=soc-Pokec method=b64_accurate boundary=e2e_BF16_final reference=paper_tfs max_abs=2048 mean_abs=0.0307028183746 relative_L2=0.00028957652545 normalized_max=0.00138121546961 gate=0.01 pass=1
METHOD_CHECK graph=soc-Pokec method=b64_accurate boundary=e2e_BF16_final reference=source_MKL_FP32 max_abs=24560.25 mean_abs=13.6657135074 relative_L2=0.0129400343352 normalized_max=0.0162940691287 gate=0.03 pass=1
METHOD_CHECK graph=soc-Pokec method=bfull_fast boundary=kernel_FP32 reference=paper_tfs max_abs=4.73297119141 mean_abs=0.0318924909954 relative_L2=0.0032661749059 normalized_max=0.00339184093091 gate=0.01 pass=1
METHOD_CHECK graph=soc-Pokec method=bfull_fast boundary=e2e_FP32_final reference=paper_tfs max_abs=8185.375 mean_abs=6.21850247866 relative_L2=0.00587816919252 normalized_max=0.00549068713791 gate=0.01 pass=1
METHOD_CHECK graph=soc-Pokec method=bfull_fast boundary=e2e_BF16_final reference=paper_tfs max_abs=8192 mean_abs=6.20118277799 relative_L2=0.00629675829904 normalized_max=0.00552486187845 gate=0.02 pass=1
METHOD_CHECK graph=soc-Pokec method=bfull_fast boundary=e2e_BF16_final reference=source_MKL_FP32 max_abs=32752.25 mean_abs=19.5084609413 relative_L2=0.0184729933051 normalized_max=0.0217289085258 gate=0.03 pass=1
METHOD_CHECK graph=soc-Pokec method=bfull_accurate boundary=kernel_FP32 reference=paper_tfs max_abs=0.0137329101562 mean_abs=3.08311286098e-05 relative_L2=4.98428988925e-06 normalized_max=9.8415656645e-06 gate=0.001 pass=1
METHOD_CHECK graph=soc-Pokec method=bfull_accurate boundary=e2e_FP32_final reference=paper_tfs max_abs=25.625 mean_abs=0.0345863904605 relative_L2=3.29508981367e-05 normalized_max=1.71890546137e-05 gate=0.001 pass=1
METHOD_CHECK graph=soc-Pokec method=bfull_accurate boundary=e2e_BF16_final reference=paper_tfs max_abs=4096 mean_abs=0.0344097108189 relative_L2=0.000329442011749 normalized_max=0.00276243093923 gate=0.01 pass=1
METHOD_CHECK graph=soc-Pokec method=bfull_accurate boundary=e2e_BF16_final reference=source_MKL_FP32 max_abs=24560.25 mean_abs=13.6668029697 relative_L2=0.0129437036711 normalized_max=0.0162940691287 gate=0.03 pass=1
METHOD_GATE_COMPLETE graph=soc-Pokec methods=15 pass=1
METHOD_TIME graph=soc-Pokec method=paper_tfs kind=kernel repeat=0 order=0 ms=47.3921298981
METHOD_TIME graph=soc-Pokec method=b2_fast kind=kernel repeat=0 order=1 ms=72.8659629822
METHOD_TIME graph=soc-Pokec method=b2_accurate kind=kernel repeat=0 order=2 ms=89.2910957336
METHOD_TIME graph=soc-Pokec method=b4_fast kind=kernel repeat=0 order=3 ms=56.764125824
METHOD_TIME graph=soc-Pokec method=b4_accurate kind=kernel repeat=0 order=4 ms=69.0040588379
METHOD_TIME graph=soc-Pokec method=b8_fast kind=kernel repeat=0 order=5 ms=52.6928901672
METHOD_TIME graph=soc-Pokec method=b8_accurate kind=kernel repeat=0 order=6 ms=55.4950237274
METHOD_TIME graph=soc-Pokec method=b16_fast kind=kernel repeat=0 order=7 ms=48.1100082397
METHOD_TIME graph=soc-Pokec method=b16_accurate kind=kernel repeat=0 order=8 ms=51.118850708
METHOD_TIME graph=soc-Pokec method=b32_fast kind=kernel repeat=0 order=9 ms=44.3630218506
METHOD_TIME graph=soc-Pokec method=b32_accurate kind=kernel repeat=0 order=10 ms=49.6759414673
METHOD_TIME graph=soc-Pokec method=b64_fast kind=kernel repeat=0 order=11 ms=46.0550785065
METHOD_TIME graph=soc-Pokec method=b64_accurate kind=kernel repeat=0 order=12 ms=46.5638637543
METHOD_TIME graph=soc-Pokec method=bfull_fast kind=kernel repeat=0 order=13 ms=45.2980995178
METHOD_TIME graph=soc-Pokec method=bfull_accurate kind=kernel repeat=0 order=14 ms=46.2460517883
METHOD_TIME graph=soc-Pokec method=source_mkl_fp32 kind=kernel repeat=0 order=15 ms=254.80389595
METHOD_TIME graph=soc-Pokec method=b2_fast kind=kernel repeat=1 order=0 ms=78.1919956207
METHOD_TIME graph=soc-Pokec method=b2_accurate kind=kernel repeat=1 order=1 ms=93.2359695435
METHOD_TIME graph=soc-Pokec method=b4_fast kind=kernel repeat=1 order=2 ms=61.1860752106
METHOD_TIME graph=soc-Pokec method=b4_accurate kind=kernel repeat=1 order=3 ms=63.2600784302
METHOD_TIME graph=soc-Pokec method=b8_fast kind=kernel repeat=1 order=4 ms=50.5971908569
METHOD_TIME graph=soc-Pokec method=b8_accurate kind=kernel repeat=1 order=5 ms=54.6669960022
METHOD_TIME graph=soc-Pokec method=b16_fast kind=kernel repeat=1 order=6 ms=48.4018325806
METHOD_TIME graph=soc-Pokec method=b16_accurate kind=kernel repeat=1 order=7 ms=51.1047840118
METHOD_TIME graph=soc-Pokec method=b32_fast kind=kernel repeat=1 order=8 ms=46.0920333862
METHOD_TIME graph=soc-Pokec method=b32_accurate kind=kernel repeat=1 order=9 ms=49.3791103363
METHOD_TIME graph=soc-Pokec method=b64_fast kind=kernel repeat=1 order=10 ms=45.2117919922
METHOD_TIME graph=soc-Pokec method=b64_accurate kind=kernel repeat=1 order=11 ms=46.9410419464
METHOD_TIME graph=soc-Pokec method=bfull_fast kind=kernel repeat=1 order=12 ms=45.8648204803
METHOD_TIME graph=soc-Pokec method=bfull_accurate kind=kernel repeat=1 order=13 ms=46.8471050262
METHOD_TIME graph=soc-Pokec method=source_mkl_fp32 kind=kernel repeat=1 order=14 ms=254.869222641
METHOD_TIME graph=soc-Pokec method=paper_tfs kind=kernel repeat=1 order=15 ms=49.134016037
METHOD_TIME graph=soc-Pokec method=b2_accurate kind=kernel repeat=2 order=0 ms=85.9470367432
METHOD_TIME graph=soc-Pokec method=b4_fast kind=kernel repeat=2 order=1 ms=59.8092079163
METHOD_TIME graph=soc-Pokec method=b4_accurate kind=kernel repeat=2 order=2 ms=69.0281391144
METHOD_TIME graph=soc-Pokec method=b8_fast kind=kernel repeat=2 order=3 ms=52.3271560669
METHOD_TIME graph=soc-Pokec method=b8_accurate kind=kernel repeat=2 order=4 ms=56.8680763245
METHOD_TIME graph=soc-Pokec method=b16_fast kind=kernel repeat=2 order=5 ms=49.3559837341
METHOD_TIME graph=soc-Pokec method=b16_accurate kind=kernel repeat=2 order=6 ms=52.0730018616
METHOD_TIME graph=soc-Pokec method=b32_fast kind=kernel repeat=2 order=7 ms=44.2588329315
METHOD_TIME graph=soc-Pokec method=b32_accurate kind=kernel repeat=2 order=8 ms=49.9351024628
METHOD_TIME graph=soc-Pokec method=b64_fast kind=kernel repeat=2 order=9 ms=46.9591617584
METHOD_TIME graph=soc-Pokec method=b64_accurate kind=kernel repeat=2 order=10 ms=47.7421283722
METHOD_TIME graph=soc-Pokec method=bfull_fast kind=kernel repeat=2 order=11 ms=45.9461212158
METHOD_TIME graph=soc-Pokec method=bfull_accurate kind=kernel repeat=2 order=12 ms=46.3149547577
METHOD_TIME graph=soc-Pokec method=source_mkl_fp32 kind=kernel repeat=2 order=13 ms=255.112886429
METHOD_TIME graph=soc-Pokec method=paper_tfs kind=kernel repeat=2 order=14 ms=48.4719276428
METHOD_TIME graph=soc-Pokec method=b2_fast kind=kernel repeat=2 order=15 ms=77.6550769806
METHOD_TIME graph=soc-Pokec method=b4_fast kind=kernel repeat=3 order=0 ms=55.9990406036
METHOD_TIME graph=soc-Pokec method=b4_accurate kind=kernel repeat=3 order=1 ms=68.0480003357
METHOD_TIME graph=soc-Pokec method=b8_fast kind=kernel repeat=3 order=2 ms=51.1651039124
METHOD_TIME graph=soc-Pokec method=b8_accurate kind=kernel repeat=3 order=3 ms=53.8761615753
METHOD_TIME graph=soc-Pokec method=b16_fast kind=kernel repeat=3 order=4 ms=50.0199794769
METHOD_TIME graph=soc-Pokec method=b16_accurate kind=kernel repeat=3 order=5 ms=52.3569583893
METHOD_TIME graph=soc-Pokec method=b32_fast kind=kernel repeat=3 order=6 ms=45.6478595734
METHOD_TIME graph=soc-Pokec method=b32_accurate kind=kernel repeat=3 order=7 ms=48.8419532776
METHOD_TIME graph=soc-Pokec method=b64_fast kind=kernel repeat=3 order=8 ms=45.8660125732
METHOD_TIME graph=soc-Pokec method=b64_accurate kind=kernel repeat=3 order=9 ms=48.2490062714
METHOD_TIME graph=soc-Pokec method=bfull_fast kind=kernel repeat=3 order=10 ms=45.9680557251
METHOD_TIME graph=soc-Pokec method=bfull_accurate kind=kernel repeat=3 order=11 ms=46.8277931213
METHOD_TIME graph=soc-Pokec method=source_mkl_fp32 kind=kernel repeat=3 order=12 ms=254.343032837
METHOD_TIME graph=soc-Pokec method=paper_tfs kind=kernel repeat=3 order=13 ms=47.7199554443
METHOD_TIME graph=soc-Pokec method=b2_fast kind=kernel repeat=3 order=14 ms=76.2569904327
METHOD_TIME graph=soc-Pokec method=b2_accurate kind=kernel repeat=3 order=15 ms=90.3520584106
METHOD_TIME graph=soc-Pokec method=b4_accurate kind=kernel repeat=4 order=0 ms=67.9950714111
METHOD_TIME graph=soc-Pokec method=b8_fast kind=kernel repeat=4 order=1 ms=50.3461360931
METHOD_TIME graph=soc-Pokec method=b8_accurate kind=kernel repeat=4 order=2 ms=56.6208362579
METHOD_TIME graph=soc-Pokec method=b16_fast kind=kernel repeat=4 order=3 ms=48.9461421967
METHOD_TIME graph=soc-Pokec method=b16_accurate kind=kernel repeat=4 order=4 ms=53.3490180969
METHOD_TIME graph=soc-Pokec method=b32_fast kind=kernel repeat=4 order=5 ms=45.0627803802
METHOD_TIME graph=soc-Pokec method=b32_accurate kind=kernel repeat=4 order=6 ms=50.1551628113
METHOD_TIME graph=soc-Pokec method=b64_fast kind=kernel repeat=4 order=7 ms=45.1698303223
METHOD_TIME graph=soc-Pokec method=b64_accurate kind=kernel repeat=4 order=8 ms=47.4829673767
METHOD_TIME graph=soc-Pokec method=bfull_fast kind=kernel repeat=4 order=9 ms=45.8500385284
METHOD_TIME graph=soc-Pokec method=bfull_accurate kind=kernel repeat=4 order=10 ms=46.7789173126
METHOD_TIME graph=soc-Pokec method=source_mkl_fp32 kind=kernel repeat=4 order=11 ms=255.290031433
METHOD_TIME graph=soc-Pokec method=paper_tfs kind=kernel repeat=4 order=12 ms=48.8851070404
METHOD_TIME graph=soc-Pokec method=b2_fast kind=kernel repeat=4 order=13 ms=77.0010948181
METHOD_TIME graph=soc-Pokec method=b2_accurate kind=kernel repeat=4 order=14 ms=93.2440757751
METHOD_TIME graph=soc-Pokec method=b4_fast kind=kernel repeat=4 order=15 ms=59.9360466003
METHOD_TIME graph=soc-Pokec method=paper_tfs kind=e2e repeat=0 order=0 ms=97.0180034637
METHOD_TIME graph=soc-Pokec method=b2_fast kind=e2e repeat=0 order=1 ms=155.309200287
METHOD_TIME graph=soc-Pokec method=b2_accurate kind=e2e repeat=0 order=2 ms=184.337854385
METHOD_TIME graph=soc-Pokec method=b4_fast kind=e2e repeat=0 order=3 ms=124.059915543
METHOD_TIME graph=soc-Pokec method=b4_accurate kind=e2e repeat=0 order=4 ms=139.101982117
METHOD_TIME graph=soc-Pokec method=b8_fast kind=e2e repeat=0 order=5 ms=108.587026596
METHOD_TIME graph=soc-Pokec method=b8_accurate kind=e2e repeat=0 order=6 ms=116.791009903
METHOD_TIME graph=soc-Pokec method=b16_fast kind=e2e repeat=0 order=7 ms=103.704929352
METHOD_TIME graph=soc-Pokec method=b16_accurate kind=e2e repeat=0 order=8 ms=111.78612709
METHOD_TIME graph=soc-Pokec method=b32_fast kind=e2e repeat=0 order=9 ms=105.621814728
METHOD_TIME graph=soc-Pokec method=b32_accurate kind=e2e repeat=0 order=10 ms=102.231025696
METHOD_TIME graph=soc-Pokec method=b64_fast kind=e2e repeat=0 order=11 ms=96.4789390564
METHOD_TIME graph=soc-Pokec method=b64_accurate kind=e2e repeat=0 order=12 ms=99.0869998932
METHOD_TIME graph=soc-Pokec method=bfull_fast kind=e2e repeat=0 order=13 ms=96.9071388245
METHOD_TIME graph=soc-Pokec method=bfull_accurate kind=e2e repeat=0 order=14 ms=99.0509986877
METHOD_TIME graph=soc-Pokec method=source_mkl_fp32 kind=e2e repeat=0 order=15 ms=336.047887802
METHOD_TIME graph=soc-Pokec method=b2_fast kind=e2e repeat=1 order=0 ms=154.089212418
METHOD_TIME graph=soc-Pokec method=b2_accurate kind=e2e repeat=1 order=1 ms=187.813043594
METHOD_TIME graph=soc-Pokec method=b4_fast kind=e2e repeat=1 order=2 ms=122.462034225
METHOD_TIME graph=soc-Pokec method=b4_accurate kind=e2e repeat=1 order=3 ms=136.688947678
METHOD_TIME graph=soc-Pokec method=b8_fast kind=e2e repeat=1 order=4 ms=106.578111649
METHOD_TIME graph=soc-Pokec method=b8_accurate kind=e2e repeat=1 order=5 ms=117.841005325
METHOD_TIME graph=soc-Pokec method=b16_fast kind=e2e repeat=1 order=6 ms=107.697963715
METHOD_TIME graph=soc-Pokec method=b16_accurate kind=e2e repeat=1 order=7 ms=107.032060623
METHOD_TIME graph=soc-Pokec method=b32_fast kind=e2e repeat=1 order=8 ms=94.4731235504
METHOD_TIME graph=soc-Pokec method=b32_accurate kind=e2e repeat=1 order=9 ms=102.375984192
METHOD_TIME graph=soc-Pokec method=b64_fast kind=e2e repeat=1 order=10 ms=96.6219902039
METHOD_TIME graph=soc-Pokec method=b64_accurate kind=e2e repeat=1 order=11 ms=97.5589752197
METHOD_TIME graph=soc-Pokec method=bfull_fast kind=e2e repeat=1 order=12 ms=95.7050323486
METHOD_TIME graph=soc-Pokec method=bfull_accurate kind=e2e repeat=1 order=13 ms=98.799943924
METHOD_TIME graph=soc-Pokec method=source_mkl_fp32 kind=e2e repeat=1 order=14 ms=334.875822067
METHOD_TIME graph=soc-Pokec method=paper_tfs kind=e2e repeat=1 order=15 ms=101.233005524
METHOD_TIME graph=soc-Pokec method=b2_accurate kind=e2e repeat=2 order=0 ms=188.410997391
METHOD_TIME graph=soc-Pokec method=b4_fast kind=e2e repeat=2 order=1 ms=123.883962631
METHOD_TIME graph=soc-Pokec method=b4_accurate kind=e2e repeat=2 order=2 ms=141.607999802
METHOD_TIME graph=soc-Pokec method=b8_fast kind=e2e repeat=2 order=3 ms=108.443975449
METHOD_TIME graph=soc-Pokec method=b8_accurate kind=e2e repeat=2 order=4 ms=120.267152786
METHOD_TIME graph=soc-Pokec method=b16_fast kind=e2e repeat=2 order=5 ms=103.699922562
METHOD_TIME graph=soc-Pokec method=b16_accurate kind=e2e repeat=2 order=6 ms=111.473083496
METHOD_TIME graph=soc-Pokec method=b32_fast kind=e2e repeat=2 order=7 ms=92.6690101624
METHOD_TIME graph=soc-Pokec method=b32_accurate kind=e2e repeat=2 order=8 ms=103.219985962
METHOD_TIME graph=soc-Pokec method=b64_fast kind=e2e repeat=2 order=9 ms=96.3327884674
METHOD_TIME graph=soc-Pokec method=b64_accurate kind=e2e repeat=2 order=10 ms=99.4820594788
METHOD_TIME graph=soc-Pokec method=bfull_fast kind=e2e repeat=2 order=11 ms=95.88098526
METHOD_TIME graph=soc-Pokec method=bfull_accurate kind=e2e repeat=2 order=12 ms=99.3220806122
METHOD_TIME graph=soc-Pokec method=source_mkl_fp32 kind=e2e repeat=2 order=13 ms=335.113048553
METHOD_TIME graph=soc-Pokec method=paper_tfs kind=e2e repeat=2 order=14 ms=100.075006485
METHOD_TIME graph=soc-Pokec method=b2_fast kind=e2e repeat=2 order=15 ms=155.311107635
METHOD_TIME graph=soc-Pokec method=b4_fast kind=e2e repeat=3 order=0 ms=123.805999756
METHOD_TIME graph=soc-Pokec method=b4_accurate kind=e2e repeat=3 order=1 ms=141.787052155
METHOD_TIME graph=soc-Pokec method=b8_fast kind=e2e repeat=3 order=2 ms=109.793901443
METHOD_TIME graph=soc-Pokec method=b8_accurate kind=e2e repeat=3 order=3 ms=118.227005005
METHOD_TIME graph=soc-Pokec method=b16_fast kind=e2e repeat=3 order=4 ms=101.505041122
METHOD_TIME graph=soc-Pokec method=b16_accurate kind=e2e repeat=3 order=5 ms=108.762025833
METHOD_TIME graph=soc-Pokec method=b32_fast kind=e2e repeat=3 order=6 ms=95.2200889587
METHOD_TIME graph=soc-Pokec method=b32_accurate kind=e2e repeat=3 order=7 ms=105.069160461
METHOD_TIME graph=soc-Pokec method=b64_fast kind=e2e repeat=3 order=8 ms=95.4549312592
METHOD_TIME graph=soc-Pokec method=b64_accurate kind=e2e repeat=3 order=9 ms=98.895072937
METHOD_TIME graph=soc-Pokec method=bfull_fast kind=e2e repeat=3 order=10 ms=95.4451560974
METHOD_TIME graph=soc-Pokec method=bfull_accurate kind=e2e repeat=3 order=11 ms=99.7169017792
METHOD_TIME graph=soc-Pokec method=source_mkl_fp32 kind=e2e repeat=3 order=12 ms=336.019039154
METHOD_TIME graph=soc-Pokec method=paper_tfs kind=e2e repeat=3 order=13 ms=99.1659164429
METHOD_TIME graph=soc-Pokec method=b2_fast kind=e2e repeat=3 order=14 ms=159.097194672
METHOD_TIME graph=soc-Pokec method=b2_accurate kind=e2e repeat=3 order=15 ms=182.971000671
METHOD_TIME graph=soc-Pokec method=b4_accurate kind=e2e repeat=4 order=0 ms=142.389059067
METHOD_TIME graph=soc-Pokec method=b8_fast kind=e2e repeat=4 order=1 ms=107.758998871
METHOD_TIME graph=soc-Pokec method=b8_accurate kind=e2e repeat=4 order=2 ms=115.331888199
METHOD_TIME graph=soc-Pokec method=b16_fast kind=e2e repeat=4 order=3 ms=101.397037506
METHOD_TIME graph=soc-Pokec method=b16_accurate kind=e2e repeat=4 order=4 ms=107.174158096
METHOD_TIME graph=soc-Pokec method=b32_fast kind=e2e repeat=4 order=5 ms=96.1520671844
METHOD_TIME graph=soc-Pokec method=b32_accurate kind=e2e repeat=4 order=6 ms=104.762077332
METHOD_TIME graph=soc-Pokec method=b64_fast kind=e2e repeat=4 order=7 ms=95.1490402222
METHOD_TIME graph=soc-Pokec method=b64_accurate kind=e2e repeat=4 order=8 ms=98.4899997711
METHOD_TIME graph=soc-Pokec method=bfull_fast kind=e2e repeat=4 order=9 ms=95.8750247955
METHOD_TIME graph=soc-Pokec method=bfull_accurate kind=e2e repeat=4 order=10 ms=98.1619358063
METHOD_TIME graph=soc-Pokec method=source_mkl_fp32 kind=e2e repeat=4 order=11 ms=335.663080215
METHOD_TIME graph=soc-Pokec method=paper_tfs kind=e2e repeat=4 order=12 ms=101.739168167
METHOD_TIME graph=soc-Pokec method=b2_fast kind=e2e repeat=4 order=13 ms=152.183055878
METHOD_TIME graph=soc-Pokec method=b2_accurate kind=e2e repeat=4 order=14 ms=188.803911209
METHOD_TIME graph=soc-Pokec method=b4_fast kind=e2e repeat=4 order=15 ms=124.143123627
METHOD_STAGE graph=soc-Pokec method=paper_tfs repeat=0 layer1_ms=46.553850174 relu_ms=3.02410125732 interlayer_conversion_ms=3.41796875 layer2_ms=47.5029945374 total_ms=100.498914719
METHOD_STAGE graph=soc-Pokec method=paper_tfs repeat=1 layer1_ms=49.7918128967 relu_ms=2.95305252075 interlayer_conversion_ms=3.30400466919 layer2_ms=49.0889549255 total_ms=105.137825012
METHOD_STAGE graph=soc-Pokec method=paper_tfs repeat=2 layer1_ms=51.2177944183 relu_ms=3.01504135132 interlayer_conversion_ms=3.3700466156 layer2_ms=48.5680103302 total_ms=106.170892715
METHOD_STAGE graph=soc-Pokec method=b2_fast repeat=0 layer1_ms=81.3448429108 relu_ms=3.02410125732 interlayer_conversion_ms=3.36790084839 layer2_ms=75.3209590912 total_ms=163.057804108
METHOD_STAGE graph=soc-Pokec method=b2_fast repeat=1 layer1_ms=75.4718780518 relu_ms=3.00312042236 interlayer_conversion_ms=3.38792800903 layer2_ms=75.7250785828 total_ms=157.588005066
METHOD_STAGE graph=soc-Pokec method=b2_fast repeat=2 layer1_ms=74.4709968567 relu_ms=3.05485725403 interlayer_conversion_ms=3.37100028992 layer2_ms=72.1180438995 total_ms=153.0148983
METHOD_PROFILE graph=soc-Pokec method=b2_fast layer=1 phase=output_zero sampled_thread_ms=0.0209808349609 sampled_tiles=400 wall_ms=90.1329517365
METHOD_PROFILE graph=soc-Pokec method=b2_fast layer=1 phase=row_schedule sampled_thread_ms=0.14591217041 sampled_tiles=400 wall_ms=90.1329517365
METHOD_PROFILE graph=soc-Pokec method=b2_fast layer=1 phase=partial_zero sampled_thread_ms=1.37996673584 sampled_tiles=400 wall_ms=90.1329517365
METHOD_PROFILE graph=soc-Pokec method=b2_fast layer=1 phase=csr_prefetch sampled_thread_ms=5.94305992126 sampled_tiles=400 wall_ms=90.1329517365
METHOD_PROFILE graph=soc-Pokec method=b2_fast layer=1 phase=feature_gather_decode sampled_thread_ms=12.5873088837 sampled_tiles=400 wall_ms=90.1329517365
METHOD_PROFILE graph=soc-Pokec method=b2_fast layer=1 phase=fp32_neighbor_reduction sampled_thread_ms=7.03692436218 sampled_tiles=400 wall_ms=90.1329517365
METHOD_PROFILE graph=soc-Pokec method=b2_fast layer=1 phase=partial_bf16_conversion sampled_thread_ms=1.2047290802 sampled_tiles=400 wall_ms=90.1329517365
METHOD_PROFILE graph=soc-Pokec method=b2_fast layer=1 phase=tile_load sampled_thread_ms=6.05583190918 sampled_tiles=400 wall_ms=90.1329517365
METHOD_PROFILE graph=soc-Pokec method=b2_fast layer=1 phase=tile_compute sampled_thread_ms=12.7122402191 sampled_tiles=400 wall_ms=90.1329517365
METHOD_PROFILE graph=soc-Pokec method=b2_fast layer=1 phase=tile_store sampled_thread_ms=0.820159912109 sampled_tiles=400 wall_ms=90.1329517365
METHOD_PROFILE graph=soc-Pokec method=b2_fast layer=1 phase=output_scatter sampled_thread_ms=0.380992889404 sampled_tiles=400 wall_ms=90.1329517365
METHOD_PROFILE graph=soc-Pokec method=b2_fast layer=1 phase=thread_amx_setup sampled_thread_ms=0.0364780426025 sampled_tiles=400 wall_ms=90.1329517365
METHOD_PROFILE graph=soc-Pokec method=b2_fast layer=2 phase=output_zero sampled_thread_ms=0.000953674316406 sampled_tiles=400 wall_ms=89.9388790131
METHOD_PROFILE graph=soc-Pokec method=b2_fast layer=2 phase=row_schedule sampled_thread_ms=0.128269195557 sampled_tiles=400 wall_ms=89.9388790131
METHOD_PROFILE graph=soc-Pokec method=b2_fast layer=2 phase=partial_zero sampled_thread_ms=1.39784812927 sampled_tiles=400 wall_ms=89.9388790131
METHOD_PROFILE graph=soc-Pokec method=b2_fast layer=2 phase=csr_prefetch sampled_thread_ms=5.97333908081 sampled_tiles=400 wall_ms=89.9388790131
METHOD_PROFILE graph=soc-Pokec method=b2_fast layer=2 phase=feature_gather_decode sampled_thread_ms=12.7031803131 sampled_tiles=400 wall_ms=89.9388790131
METHOD_PROFILE graph=soc-Pokec method=b2_fast layer=2 phase=fp32_neighbor_reduction sampled_thread_ms=7.14945793152 sampled_tiles=400 wall_ms=89.9388790131
METHOD_PROFILE graph=soc-Pokec method=b2_fast layer=2 phase=partial_bf16_conversion sampled_thread_ms=1.25074386597 sampled_tiles=400 wall_ms=89.9388790131
METHOD_PROFILE graph=soc-Pokec method=b2_fast layer=2 phase=tile_load sampled_thread_ms=6.04605674744 sampled_tiles=400 wall_ms=89.9388790131
METHOD_PROFILE graph=soc-Pokec method=b2_fast layer=2 phase=tile_compute sampled_thread_ms=13.4189128876 sampled_tiles=400 wall_ms=89.9388790131
METHOD_PROFILE graph=soc-Pokec method=b2_fast layer=2 phase=tile_store sampled_thread_ms=0.885725021362 sampled_tiles=400 wall_ms=89.9388790131
METHOD_PROFILE graph=soc-Pokec method=b2_fast layer=2 phase=output_scatter sampled_thread_ms=0.0581741333008 sampled_tiles=400 wall_ms=89.9388790131
METHOD_PROFILE graph=soc-Pokec method=b2_fast layer=2 phase=thread_amx_setup sampled_thread_ms=0.0298023223877 sampled_tiles=400 wall_ms=89.9388790131
METHOD_STAGE graph=soc-Pokec method=b2_accurate repeat=0 layer1_ms=94.3129062653 relu_ms=3.01814079285 interlayer_conversion_ms=3.39388847351 layer2_ms=91.5369987488 total_ms=192.26193428
METHOD_STAGE graph=soc-Pokec method=b2_accurate repeat=1 layer1_ms=83.5700035095 relu_ms=3.05414199829 interlayer_conversion_ms=3.44896316528 layer2_ms=83.5099220276 total_ms=173.583030701
METHOD_STAGE graph=soc-Pokec method=b2_accurate repeat=2 layer1_ms=91.2969112396 relu_ms=3.04102897644 interlayer_conversion_ms=3.37791442871 layer2_ms=89.1950130463 total_ms=186.910867691
METHOD_PROFILE graph=soc-Pokec method=b2_accurate layer=1 phase=output_zero sampled_thread_ms=0 sampled_tiles=400 wall_ms=114.372014999
METHOD_PROFILE graph=soc-Pokec method=b2_accurate layer=1 phase=row_schedule sampled_thread_ms=0.128269195557 sampled_tiles=400 wall_ms=114.372014999
METHOD_PROFILE graph=soc-Pokec method=b2_accurate layer=1 phase=partial_zero sampled_thread_ms=1.54209136963 sampled_tiles=400 wall_ms=114.372014999
METHOD_PROFILE graph=soc-Pokec method=b2_accurate layer=1 phase=csr_prefetch sampled_thread_ms=5.7418346405 sampled_tiles=400 wall_ms=114.372014999
METHOD_PROFILE graph=soc-Pokec method=b2_accurate layer=1 phase=feature_gather_decode sampled_thread_ms=12.7472877502 sampled_tiles=400 wall_ms=114.372014999
METHOD_PROFILE graph=soc-Pokec method=b2_accurate layer=1 phase=fp32_neighbor_reduction sampled_thread_ms=6.71410560608 sampled_tiles=400 wall_ms=114.372014999
METHOD_PROFILE graph=soc-Pokec method=b2_accurate layer=1 phase=partial_bf16_conversion sampled_thread_ms=2.12836265564 sampled_tiles=400 wall_ms=114.372014999
METHOD_PROFILE graph=soc-Pokec method=b2_accurate layer=1 phase=tile_load sampled_thread_ms=10.8308792114 sampled_tiles=400 wall_ms=114.372014999
METHOD_PROFILE graph=soc-Pokec method=b2_accurate layer=1 phase=tile_compute sampled_thread_ms=15.6447887421 sampled_tiles=400 wall_ms=114.372014999
METHOD_PROFILE graph=soc-Pokec method=b2_accurate layer=1 phase=tile_store sampled_thread_ms=0.720739364624 sampled_tiles=400 wall_ms=114.372014999
METHOD_PROFILE graph=soc-Pokec method=b2_accurate layer=1 phase=output_scatter sampled_thread_ms=0.387191772461 sampled_tiles=400 wall_ms=114.372014999
METHOD_PROFILE graph=soc-Pokec method=b2_accurate layer=1 phase=thread_amx_setup sampled_thread_ms=0.0267028808594 sampled_tiles=400 wall_ms=114.372014999
METHOD_PROFILE graph=soc-Pokec method=b2_accurate layer=2 phase=output_zero sampled_thread_ms=0 sampled_tiles=400 wall_ms=111.129999161
METHOD_PROFILE graph=soc-Pokec method=b2_accurate layer=2 phase=row_schedule sampled_thread_ms=0.149965286255 sampled_tiles=400 wall_ms=111.129999161
METHOD_PROFILE graph=soc-Pokec method=b2_accurate layer=2 phase=partial_zero sampled_thread_ms=1.35135650635 sampled_tiles=400 wall_ms=111.129999161
METHOD_PROFILE graph=soc-Pokec method=b2_accurate layer=2 phase=csr_prefetch sampled_thread_ms=5.72824478149 sampled_tiles=400 wall_ms=111.129999161
METHOD_PROFILE graph=soc-Pokec method=b2_accurate layer=2 phase=feature_gather_decode sampled_thread_ms=12.4373435974 sampled_tiles=400 wall_ms=111.129999161
METHOD_PROFILE graph=soc-Pokec method=b2_accurate layer=2 phase=fp32_neighbor_reduction sampled_thread_ms=6.81161880493 sampled_tiles=400 wall_ms=111.129999161
METHOD_PROFILE graph=soc-Pokec method=b2_accurate layer=2 phase=partial_bf16_conversion sampled_thread_ms=2.20346450806 sampled_tiles=400 wall_ms=111.129999161
METHOD_PROFILE graph=soc-Pokec method=b2_accurate layer=2 phase=tile_load sampled_thread_ms=10.5860233307 sampled_tiles=400 wall_ms=111.129999161
METHOD_PROFILE graph=soc-Pokec method=b2_accurate layer=2 phase=tile_compute sampled_thread_ms=15.6362056732 sampled_tiles=400 wall_ms=111.129999161
METHOD_PROFILE graph=soc-Pokec method=b2_accurate layer=2 phase=tile_store sampled_thread_ms=0.779867172241 sampled_tiles=400 wall_ms=111.129999161
METHOD_PROFILE graph=soc-Pokec method=b2_accurate layer=2 phase=output_scatter sampled_thread_ms=0.0791549682617 sampled_tiles=400 wall_ms=111.129999161
METHOD_PROFILE graph=soc-Pokec method=b2_accurate layer=2 phase=thread_amx_setup sampled_thread_ms=0.0312328338623 sampled_tiles=400 wall_ms=111.129999161
METHOD_STAGE graph=soc-Pokec method=b4_fast repeat=0 layer1_ms=60.045003891 relu_ms=2.96211242676 interlayer_conversion_ms=3.41391563416 layer2_ms=54.8689365387 total_ms=121.289968491
METHOD_STAGE graph=soc-Pokec method=b4_fast repeat=1 layer1_ms=59.2980384827 relu_ms=2.96187400818 interlayer_conversion_ms=3.41510772705 layer2_ms=58.7649345398 total_ms=124.439954758
METHOD_STAGE graph=soc-Pokec method=b4_fast repeat=2 layer1_ms=61.6500377655 relu_ms=3.02004814148 interlayer_conversion_ms=3.43203544617 layer2_ms=60.5459213257 total_ms=128.648042679
METHOD_PROFILE graph=soc-Pokec method=b4_fast layer=1 phase=output_zero sampled_thread_ms=0 sampled_tiles=400 wall_ms=71.3810920715
METHOD_PROFILE graph=soc-Pokec method=b4_fast layer=1 phase=row_schedule sampled_thread_ms=0.150918960571 sampled_tiles=400 wall_ms=71.3810920715
METHOD_PROFILE graph=soc-Pokec method=b4_fast layer=1 phase=partial_zero sampled_thread_ms=0.748634338379 sampled_tiles=400 wall_ms=71.3810920715
METHOD_PROFILE graph=soc-Pokec method=b4_fast layer=1 phase=csr_prefetch sampled_thread_ms=5.29479980469 sampled_tiles=400 wall_ms=71.3810920715
METHOD_PROFILE graph=soc-Pokec method=b4_fast layer=1 phase=feature_gather_decode sampled_thread_ms=9.3686580658 sampled_tiles=400 wall_ms=71.3810920715
METHOD_PROFILE graph=soc-Pokec method=b4_fast layer=1 phase=fp32_neighbor_reduction sampled_thread_ms=5.7532787323 sampled_tiles=400 wall_ms=71.3810920715
METHOD_PROFILE graph=soc-Pokec method=b4_fast layer=1 phase=partial_bf16_conversion sampled_thread_ms=0.658750534058 sampled_tiles=400 wall_ms=71.3810920715
METHOD_PROFILE graph=soc-Pokec method=b4_fast layer=1 phase=tile_load sampled_thread_ms=3.39341163635 sampled_tiles=400 wall_ms=71.3810920715
METHOD_PROFILE graph=soc-Pokec method=b4_fast layer=1 phase=tile_compute sampled_thread_ms=7.36331939697 sampled_tiles=400 wall_ms=71.3810920715
METHOD_PROFILE graph=soc-Pokec method=b4_fast layer=1 phase=tile_store sampled_thread_ms=0.438213348389 sampled_tiles=400 wall_ms=71.3810920715
METHOD_PROFILE graph=soc-Pokec method=b4_fast layer=1 phase=output_scatter sampled_thread_ms=0.394344329834 sampled_tiles=400 wall_ms=71.3810920715
METHOD_PROFILE graph=soc-Pokec method=b4_fast layer=1 phase=thread_amx_setup sampled_thread_ms=0.0314712524414 sampled_tiles=400 wall_ms=71.3810920715
METHOD_PROFILE graph=soc-Pokec method=b4_fast layer=2 phase=output_zero sampled_thread_ms=0 sampled_tiles=400 wall_ms=69.5700645447
METHOD_PROFILE graph=soc-Pokec method=b4_fast layer=2 phase=row_schedule sampled_thread_ms=0.128507614136 sampled_tiles=400 wall_ms=69.5700645447
METHOD_PROFILE graph=soc-Pokec method=b4_fast layer=2 phase=partial_zero sampled_thread_ms=0.753164291382 sampled_tiles=400 wall_ms=69.5700645447
METHOD_PROFILE graph=soc-Pokec method=b4_fast layer=2 phase=csr_prefetch sampled_thread_ms=5.22422790527 sampled_tiles=400 wall_ms=69.5700645447
METHOD_PROFILE graph=soc-Pokec method=b4_fast layer=2 phase=feature_gather_decode sampled_thread_ms=9.55104827881 sampled_tiles=400 wall_ms=69.5700645447
METHOD_PROFILE graph=soc-Pokec method=b4_fast layer=2 phase=fp32_neighbor_reduction sampled_thread_ms=5.67984580994 sampled_tiles=400 wall_ms=69.5700645447
METHOD_PROFILE graph=soc-Pokec method=b4_fast layer=2 phase=partial_bf16_conversion sampled_thread_ms=0.680446624756 sampled_tiles=400 wall_ms=69.5700645447
METHOD_PROFILE graph=soc-Pokec method=b4_fast layer=2 phase=tile_load sampled_thread_ms=3.35621833801 sampled_tiles=400 wall_ms=69.5700645447
METHOD_PROFILE graph=soc-Pokec method=b4_fast layer=2 phase=tile_compute sampled_thread_ms=7.72523880005 sampled_tiles=400 wall_ms=69.5700645447
METHOD_PROFILE graph=soc-Pokec method=b4_fast layer=2 phase=tile_store sampled_thread_ms=0.501155853271 sampled_tiles=400 wall_ms=69.5700645447
METHOD_PROFILE graph=soc-Pokec method=b4_fast layer=2 phase=output_scatter sampled_thread_ms=0.0491142272949 sampled_tiles=400 wall_ms=69.5700645447
METHOD_PROFILE graph=soc-Pokec method=b4_fast layer=2 phase=thread_amx_setup sampled_thread_ms=0.0283718109131 sampled_tiles=400 wall_ms=69.5700645447
METHOD_STAGE graph=soc-Pokec method=b4_accurate repeat=0 layer1_ms=67.6741600037 relu_ms=2.90489196777 interlayer_conversion_ms=3.45611572266 layer2_ms=63.0528926849 total_ms=137.088060379
METHOD_STAGE graph=soc-Pokec method=b4_accurate repeat=1 layer1_ms=70.7659721375 relu_ms=3.07106971741 interlayer_conversion_ms=3.36694717407 layer2_ms=66.5230751038 total_ms=143.727064133
METHOD_STAGE graph=soc-Pokec method=b4_accurate repeat=2 layer1_ms=66.0440921783 relu_ms=2.98881530762 interlayer_conversion_ms=3.46302986145 layer2_ms=67.55900383 total_ms=140.054941177
METHOD_PROFILE graph=soc-Pokec method=b4_accurate layer=1 phase=output_zero sampled_thread_ms=0 sampled_tiles=400 wall_ms=80.7220935822
METHOD_PROFILE graph=soc-Pokec method=b4_accurate layer=1 phase=row_schedule sampled_thread_ms=0.118255615234 sampled_tiles=400 wall_ms=80.7220935822
METHOD_PROFILE graph=soc-Pokec method=b4_accurate layer=1 phase=partial_zero sampled_thread_ms=0.823259353638 sampled_tiles=400 wall_ms=80.7220935822
METHOD_PROFILE graph=soc-Pokec method=b4_accurate layer=1 phase=csr_prefetch sampled_thread_ms=5.12003898621 sampled_tiles=400 wall_ms=80.7220935822
METHOD_PROFILE graph=soc-Pokec method=b4_accurate layer=1 phase=feature_gather_decode sampled_thread_ms=9.22870635986 sampled_tiles=400 wall_ms=80.7220935822
METHOD_PROFILE graph=soc-Pokec method=b4_accurate layer=1 phase=fp32_neighbor_reduction sampled_thread_ms=5.56874275208 sampled_tiles=400 wall_ms=80.7220935822
METHOD_PROFILE graph=soc-Pokec method=b4_accurate layer=1 phase=partial_bf16_conversion sampled_thread_ms=1.1031627655 sampled_tiles=400 wall_ms=80.7220935822
METHOD_PROFILE graph=soc-Pokec method=b4_accurate layer=1 phase=tile_load sampled_thread_ms=5.83791732788 sampled_tiles=400 wall_ms=80.7220935822
METHOD_PROFILE graph=soc-Pokec method=b4_accurate layer=1 phase=tile_compute sampled_thread_ms=8.39829444885 sampled_tiles=400 wall_ms=80.7220935822
METHOD_PROFILE graph=soc-Pokec method=b4_accurate layer=1 phase=tile_store sampled_thread_ms=0.382900238037 sampled_tiles=400 wall_ms=80.7220935822
METHOD_PROFILE graph=soc-Pokec method=b4_accurate layer=1 phase=output_scatter sampled_thread_ms=0.387907028198 sampled_tiles=400 wall_ms=80.7220935822
METHOD_PROFILE graph=soc-Pokec method=b4_accurate layer=1 phase=thread_amx_setup sampled_thread_ms=0.0231266021729 sampled_tiles=400 wall_ms=80.7220935822
METHOD_PROFILE graph=soc-Pokec method=b4_accurate layer=2 phase=output_zero sampled_thread_ms=0.000953674316406 sampled_tiles=400 wall_ms=79.4160366058
METHOD_PROFILE graph=soc-Pokec method=b4_accurate layer=2 phase=row_schedule sampled_thread_ms=0.123023986816 sampled_tiles=400 wall_ms=79.4160366058
METHOD_PROFILE graph=soc-Pokec method=b4_accurate layer=2 phase=partial_zero sampled_thread_ms=0.762462615967 sampled_tiles=400 wall_ms=79.4160366058
METHOD_PROFILE graph=soc-Pokec method=b4_accurate layer=2 phase=csr_prefetch sampled_thread_ms=5.14698028564 sampled_tiles=400 wall_ms=79.4160366058
METHOD_PROFILE graph=soc-Pokec method=b4_accurate layer=2 phase=feature_gather_decode sampled_thread_ms=9.34505462646 sampled_tiles=400 wall_ms=79.4160366058
METHOD_PROFILE graph=soc-Pokec method=b4_accurate layer=2 phase=fp32_neighbor_reduction sampled_thread_ms=5.58519363403 sampled_tiles=400 wall_ms=79.4160366058
METHOD_PROFILE graph=soc-Pokec method=b4_accurate layer=2 phase=partial_bf16_conversion sampled_thread_ms=1.15275382996 sampled_tiles=400 wall_ms=79.4160366058
METHOD_PROFILE graph=soc-Pokec method=b4_accurate layer=2 phase=tile_load sampled_thread_ms=5.92565536499 sampled_tiles=400 wall_ms=79.4160366058
METHOD_PROFILE graph=soc-Pokec method=b4_accurate layer=2 phase=tile_compute sampled_thread_ms=9.87148284912 sampled_tiles=400 wall_ms=79.4160366058
METHOD_PROFILE graph=soc-Pokec method=b4_accurate layer=2 phase=tile_store sampled_thread_ms=0.37693977356 sampled_tiles=400 wall_ms=79.4160366058
METHOD_PROFILE graph=soc-Pokec method=b4_accurate layer=2 phase=output_scatter sampled_thread_ms=0.0631809234619 sampled_tiles=400 wall_ms=79.4160366058
METHOD_PROFILE graph=soc-Pokec method=b4_accurate layer=2 phase=thread_amx_setup sampled_thread_ms=0.025749206543 sampled_tiles=400 wall_ms=79.4160366058
METHOD_STAGE graph=soc-Pokec method=b8_fast repeat=0 layer1_ms=51.7230033875 relu_ms=2.97212600708 interlayer_conversion_ms=3.40294837952 layer2_ms=50.9159564972 total_ms=109.014034271
METHOD_STAGE graph=soc-Pokec method=b8_fast repeat=1 layer1_ms=54.6181201935 relu_ms=3.084897995 interlayer_conversion_ms=3.42917442322 layer2_ms=51.4569282532 total_ms=112.589120865
METHOD_STAGE graph=soc-Pokec method=b8_fast repeat=2 layer1_ms=53.93409729 relu_ms=3.6289691925 interlayer_conversion_ms=4.29201126099 layer2_ms=50.3180027008 total_ms=112.173080444
METHOD_PROFILE graph=soc-Pokec method=b8_fast layer=1 phase=output_zero sampled_thread_ms=0.00119209289551 sampled_tiles=400 wall_ms=59.6511363983
METHOD_PROFILE graph=soc-Pokec method=b8_fast layer=1 phase=row_schedule sampled_thread_ms=0.152826309204 sampled_tiles=400 wall_ms=59.6511363983
METHOD_PROFILE graph=soc-Pokec method=b8_fast layer=1 phase=partial_zero sampled_thread_ms=0.435352325439 sampled_tiles=400 wall_ms=59.6511363983
METHOD_PROFILE graph=soc-Pokec method=b8_fast layer=1 phase=csr_prefetch sampled_thread_ms=4.86993789673 sampled_tiles=400 wall_ms=59.6511363983
METHOD_PROFILE graph=soc-Pokec method=b8_fast layer=1 phase=feature_gather_decode sampled_thread_ms=7.82895088196 sampled_tiles=400 wall_ms=59.6511363983
METHOD_PROFILE graph=soc-Pokec method=b8_fast layer=1 phase=fp32_neighbor_reduction sampled_thread_ms=4.83155250549 sampled_tiles=400 wall_ms=59.6511363983
METHOD_PROFILE graph=soc-Pokec method=b8_fast layer=1 phase=partial_bf16_conversion sampled_thread_ms=0.350952148438 sampled_tiles=400 wall_ms=59.6511363983
METHOD_PROFILE graph=soc-Pokec method=b8_fast layer=1 phase=tile_load sampled_thread_ms=1.94382667542 sampled_tiles=400 wall_ms=59.6511363983
METHOD_PROFILE graph=soc-Pokec method=b8_fast layer=1 phase=tile_compute sampled_thread_ms=3.77225875854 sampled_tiles=400 wall_ms=59.6511363983
METHOD_PROFILE graph=soc-Pokec method=b8_fast layer=1 phase=tile_store sampled_thread_ms=0.232219696045 sampled_tiles=400 wall_ms=59.6511363983
METHOD_PROFILE graph=soc-Pokec method=b8_fast layer=1 phase=output_scatter sampled_thread_ms=0.403165817261 sampled_tiles=400 wall_ms=59.6511363983
METHOD_PROFILE graph=soc-Pokec method=b8_fast layer=1 phase=thread_amx_setup sampled_thread_ms=0.0274181365967 sampled_tiles=400 wall_ms=59.6511363983
METHOD_PROFILE graph=soc-Pokec method=b8_fast layer=2 phase=output_zero sampled_thread_ms=0 sampled_tiles=400 wall_ms=56.2839508057
METHOD_PROFILE graph=soc-Pokec method=b8_fast layer=2 phase=row_schedule sampled_thread_ms=0.13542175293 sampled_tiles=400 wall_ms=56.2839508057
METHOD_PROFILE graph=soc-Pokec method=b8_fast layer=2 phase=partial_zero sampled_thread_ms=0.430345535278 sampled_tiles=400 wall_ms=56.2839508057
METHOD_PROFILE graph=soc-Pokec method=b8_fast layer=2 phase=csr_prefetch sampled_thread_ms=5.00965118408 sampled_tiles=400 wall_ms=56.2839508057
METHOD_PROFILE graph=soc-Pokec method=b8_fast layer=2 phase=feature_gather_decode sampled_thread_ms=7.81488418579 sampled_tiles=400 wall_ms=56.2839508057
METHOD_PROFILE graph=soc-Pokec method=b8_fast layer=2 phase=fp32_neighbor_reduction sampled_thread_ms=4.75740432739 sampled_tiles=400 wall_ms=56.2839508057
METHOD_PROFILE graph=soc-Pokec method=b8_fast layer=2 phase=partial_bf16_conversion sampled_thread_ms=0.339031219482 sampled_tiles=400 wall_ms=56.2839508057
METHOD_PROFILE graph=soc-Pokec method=b8_fast layer=2 phase=tile_load sampled_thread_ms=1.99842453003 sampled_tiles=400 wall_ms=56.2839508057
METHOD_PROFILE graph=soc-Pokec method=b8_fast layer=2 phase=tile_compute sampled_thread_ms=3.62014770508 sampled_tiles=400 wall_ms=56.2839508057
METHOD_PROFILE graph=soc-Pokec method=b8_fast layer=2 phase=tile_store sampled_thread_ms=0.237941741943 sampled_tiles=400 wall_ms=56.2839508057
METHOD_PROFILE graph=soc-Pokec method=b8_fast layer=2 phase=output_scatter sampled_thread_ms=0.0479221343994 sampled_tiles=400 wall_ms=56.2839508057
METHOD_PROFILE graph=soc-Pokec method=b8_fast layer=2 phase=thread_amx_setup sampled_thread_ms=0.030517578125 sampled_tiles=400 wall_ms=56.2839508057
METHOD_STAGE graph=soc-Pokec method=b8_accurate repeat=0 layer1_ms=57.9860210419 relu_ms=3.01909446716 interlayer_conversion_ms=3.43585014343 layer2_ms=52.5040626526 total_ms=116.945028305
METHOD_STAGE graph=soc-Pokec method=b8_accurate repeat=1 layer1_ms=56.4839839935 relu_ms=3.07202339172 interlayer_conversion_ms=3.37219238281 layer2_ms=53.5159111023 total_ms=116.44411087
METHOD_STAGE graph=soc-Pokec method=b8_accurate repeat=2 layer1_ms=58.876991272 relu_ms=3.05914878845 interlayer_conversion_ms=3.39388847351 layer2_ms=52.2050857544 total_ms=117.535114288
METHOD_PROFILE graph=soc-Pokec method=b8_accurate layer=1 phase=output_zero sampled_thread_ms=0 sampled_tiles=400 wall_ms=64.7220611572
METHOD_PROFILE graph=soc-Pokec method=b8_accurate layer=1 phase=row_schedule sampled_thread_ms=0.153779983521 sampled_tiles=400 wall_ms=64.7220611572
METHOD_PROFILE graph=soc-Pokec method=b8_accurate layer=1 phase=partial_zero sampled_thread_ms=0.411510467529 sampled_tiles=400 wall_ms=64.7220611572
METHOD_PROFILE graph=soc-Pokec method=b8_accurate layer=1 phase=csr_prefetch sampled_thread_ms=5.18131256104 sampled_tiles=400 wall_ms=64.7220611572
METHOD_PROFILE graph=soc-Pokec method=b8_accurate layer=1 phase=feature_gather_decode sampled_thread_ms=7.70735740662 sampled_tiles=400 wall_ms=64.7220611572
METHOD_PROFILE graph=soc-Pokec method=b8_accurate layer=1 phase=fp32_neighbor_reduction sampled_thread_ms=4.89163398743 sampled_tiles=400 wall_ms=64.7220611572
METHOD_PROFILE graph=soc-Pokec method=b8_accurate layer=1 phase=partial_bf16_conversion sampled_thread_ms=0.603437423706 sampled_tiles=400 wall_ms=64.7220611572
METHOD_PROFILE graph=soc-Pokec method=b8_accurate layer=1 phase=tile_load sampled_thread_ms=3.47375869751 sampled_tiles=400 wall_ms=64.7220611572
METHOD_PROFILE graph=soc-Pokec method=b8_accurate layer=1 phase=tile_compute sampled_thread_ms=5.60402870178 sampled_tiles=400 wall_ms=64.7220611572
METHOD_PROFILE graph=soc-Pokec method=b8_accurate layer=1 phase=tile_store sampled_thread_ms=0.231981277466 sampled_tiles=400 wall_ms=64.7220611572
METHOD_PROFILE graph=soc-Pokec method=b8_accurate layer=1 phase=output_scatter sampled_thread_ms=0.400304794312 sampled_tiles=400 wall_ms=64.7220611572
METHOD_PROFILE graph=soc-Pokec method=b8_accurate layer=1 phase=thread_amx_setup sampled_thread_ms=0.0300407409668 sampled_tiles=400 wall_ms=64.7220611572
METHOD_PROFILE graph=soc-Pokec method=b8_accurate layer=2 phase=output_zero sampled_thread_ms=0 sampled_tiles=400 wall_ms=59.7529411316
METHOD_PROFILE graph=soc-Pokec method=b8_accurate layer=2 phase=row_schedule sampled_thread_ms=0.123739242554 sampled_tiles=400 wall_ms=59.7529411316
METHOD_PROFILE graph=soc-Pokec method=b8_accurate layer=2 phase=partial_zero sampled_thread_ms=0.454187393188 sampled_tiles=400 wall_ms=59.7529411316
METHOD_PROFILE graph=soc-Pokec method=b8_accurate layer=2 phase=csr_prefetch sampled_thread_ms=5.10597229004 sampled_tiles=400 wall_ms=59.7529411316
METHOD_PROFILE graph=soc-Pokec method=b8_accurate layer=2 phase=feature_gather_decode sampled_thread_ms=7.85541534424 sampled_tiles=400 wall_ms=59.7529411316
METHOD_PROFILE graph=soc-Pokec method=b8_accurate layer=2 phase=fp32_neighbor_reduction sampled_thread_ms=4.99081611633 sampled_tiles=400 wall_ms=59.7529411316
METHOD_PROFILE graph=soc-Pokec method=b8_accurate layer=2 phase=partial_bf16_conversion sampled_thread_ms=0.611066818237 sampled_tiles=400 wall_ms=59.7529411316
METHOD_PROFILE graph=soc-Pokec method=b8_accurate layer=2 phase=tile_load sampled_thread_ms=3.46350669861 sampled_tiles=400 wall_ms=59.7529411316
METHOD_PROFILE graph=soc-Pokec method=b8_accurate layer=2 phase=tile_compute sampled_thread_ms=5.35035133362 sampled_tiles=400 wall_ms=59.7529411316
METHOD_PROFILE graph=soc-Pokec method=b8_accurate layer=2 phase=tile_store sampled_thread_ms=0.215291976929 sampled_tiles=400 wall_ms=59.7529411316
METHOD_PROFILE graph=soc-Pokec method=b8_accurate layer=2 phase=output_scatter sampled_thread_ms=0.0555515289307 sampled_tiles=400 wall_ms=59.7529411316
METHOD_PROFILE graph=soc-Pokec method=b8_accurate layer=2 phase=thread_amx_setup sampled_thread_ms=0.0236034393311 sampled_tiles=400 wall_ms=59.7529411316
METHOD_STAGE graph=soc-Pokec method=b16_fast repeat=0 layer1_ms=50.2269268036 relu_ms=3.08418273926 interlayer_conversion_ms=3.37600708008 layer2_ms=47.7199554443 total_ms=104.407072067
METHOD_STAGE graph=soc-Pokec method=b16_fast repeat=1 layer1_ms=49.9680042267 relu_ms=2.78902053833 interlayer_conversion_ms=3.15690040588 layer2_ms=46.765089035 total_ms=102.679014206
METHOD_STAGE graph=soc-Pokec method=b16_fast repeat=2 layer1_ms=51.038980484 relu_ms=2.80404090881 interlayer_conversion_ms=3.51095199585 layer2_ms=46.471118927 total_ms=103.825092316
METHOD_PROFILE graph=soc-Pokec method=b16_fast layer=1 phase=output_zero sampled_thread_ms=0 sampled_tiles=400 wall_ms=49.5541095734
METHOD_PROFILE graph=soc-Pokec method=b16_fast layer=1 phase=row_schedule sampled_thread_ms=0.154972076416 sampled_tiles=400 wall_ms=49.5541095734
METHOD_PROFILE graph=soc-Pokec method=b16_fast layer=1 phase=partial_zero sampled_thread_ms=0.267505645752 sampled_tiles=400 wall_ms=49.5541095734
METHOD_PROFILE graph=soc-Pokec method=b16_fast layer=1 phase=csr_prefetch sampled_thread_ms=4.80556488037 sampled_tiles=400 wall_ms=49.5541095734
METHOD_PROFILE graph=soc-Pokec method=b16_fast layer=1 phase=feature_gather_decode sampled_thread_ms=7.02905654907 sampled_tiles=400 wall_ms=49.5541095734
METHOD_PROFILE graph=soc-Pokec method=b16_fast layer=1 phase=fp32_neighbor_reduction sampled_thread_ms=4.37903404236 sampled_tiles=400 wall_ms=49.5541095734
METHOD_PROFILE graph=soc-Pokec method=b16_fast layer=1 phase=partial_bf16_conversion sampled_thread_ms=0.188827514648 sampled_tiles=400 wall_ms=49.5541095734
METHOD_PROFILE graph=soc-Pokec method=b16_fast layer=1 phase=tile_load sampled_thread_ms=1.35827064514 sampled_tiles=400 wall_ms=49.5541095734
METHOD_PROFILE graph=soc-Pokec method=b16_fast layer=1 phase=tile_compute sampled_thread_ms=2.37369537354 sampled_tiles=400 wall_ms=49.5541095734
METHOD_PROFILE graph=soc-Pokec method=b16_fast layer=1 phase=tile_store sampled_thread_ms=0.155925750732 sampled_tiles=400 wall_ms=49.5541095734
METHOD_PROFILE graph=soc-Pokec method=b16_fast layer=1 phase=output_scatter sampled_thread_ms=0.421047210693 sampled_tiles=400 wall_ms=49.5541095734
METHOD_PROFILE graph=soc-Pokec method=b16_fast layer=1 phase=thread_amx_setup sampled_thread_ms=0.028133392334 sampled_tiles=400 wall_ms=49.5541095734
METHOD_PROFILE graph=soc-Pokec method=b16_fast layer=2 phase=output_zero sampled_thread_ms=0 sampled_tiles=400 wall_ms=49.7870445251
METHOD_PROFILE graph=soc-Pokec method=b16_fast layer=2 phase=row_schedule sampled_thread_ms=0.128507614136 sampled_tiles=400 wall_ms=49.7870445251
METHOD_PROFILE graph=soc-Pokec method=b16_fast layer=2 phase=partial_zero sampled_thread_ms=0.26798248291 sampled_tiles=400 wall_ms=49.7870445251
METHOD_PROFILE graph=soc-Pokec method=b16_fast layer=2 phase=csr_prefetch sampled_thread_ms=4.91428375244 sampled_tiles=400 wall_ms=49.7870445251
METHOD_PROFILE graph=soc-Pokec method=b16_fast layer=2 phase=feature_gather_decode sampled_thread_ms=7.12013244629 sampled_tiles=400 wall_ms=49.7870445251
METHOD_PROFILE graph=soc-Pokec method=b16_fast layer=2 phase=fp32_neighbor_reduction sampled_thread_ms=4.33111190796 sampled_tiles=400 wall_ms=49.7870445251
METHOD_PROFILE graph=soc-Pokec method=b16_fast layer=2 phase=partial_bf16_conversion sampled_thread_ms=0.224113464355 sampled_tiles=400 wall_ms=49.7870445251
METHOD_PROFILE graph=soc-Pokec method=b16_fast layer=2 phase=tile_load sampled_thread_ms=1.30558013916 sampled_tiles=400 wall_ms=49.7870445251
METHOD_PROFILE graph=soc-Pokec method=b16_fast layer=2 phase=tile_compute sampled_thread_ms=2.31266021729 sampled_tiles=400 wall_ms=49.7870445251
METHOD_PROFILE graph=soc-Pokec method=b16_fast layer=2 phase=tile_store sampled_thread_ms=0.147581100464 sampled_tiles=400 wall_ms=49.7870445251
METHOD_PROFILE graph=soc-Pokec method=b16_fast layer=2 phase=output_scatter sampled_thread_ms=0.0646114349365 sampled_tiles=400 wall_ms=49.7870445251
METHOD_PROFILE graph=soc-Pokec method=b16_fast layer=2 phase=thread_amx_setup sampled_thread_ms=0.0286102294922 sampled_tiles=400 wall_ms=49.7870445251
METHOD_STAGE graph=soc-Pokec method=b16_accurate repeat=0 layer1_ms=51.2540340424 relu_ms=3.01599502563 interlayer_conversion_ms=3.39388847351 layer2_ms=50.9130954742 total_ms=108.577013016
METHOD_STAGE graph=soc-Pokec method=b16_accurate repeat=1 layer1_ms=53.995847702 relu_ms=3.0779838562 interlayer_conversion_ms=3.36718559265 layer2_ms=50.1220226288 total_ms=110.56303978
METHOD_STAGE graph=soc-Pokec method=b16_accurate repeat=2 layer1_ms=52.2220134735 relu_ms=3.05986404419 interlayer_conversion_ms=3.38101387024 layer2_ms=49.1750240326 total_ms=107.837915421
METHOD_PROFILE graph=soc-Pokec method=b16_accurate layer=1 phase=output_zero sampled_thread_ms=0 sampled_tiles=400 wall_ms=58.8450431824
METHOD_PROFILE graph=soc-Pokec method=b16_accurate layer=1 phase=row_schedule sampled_thread_ms=0.124931335449 sampled_tiles=400 wall_ms=58.8450431824
METHOD_PROFILE graph=soc-Pokec method=b16_accurate layer=1 phase=partial_zero sampled_thread_ms=0.275850296021 sampled_tiles=400 wall_ms=58.8450431824
METHOD_PROFILE graph=soc-Pokec method=b16_accurate layer=1 phase=csr_prefetch sampled_thread_ms=4.96387481689 sampled_tiles=400 wall_ms=58.8450431824
METHOD_PROFILE graph=soc-Pokec method=b16_accurate layer=1 phase=feature_gather_decode sampled_thread_ms=7.14874267578 sampled_tiles=400 wall_ms=58.8450431824
METHOD_PROFILE graph=soc-Pokec method=b16_accurate layer=1 phase=fp32_neighbor_reduction sampled_thread_ms=4.6272277832 sampled_tiles=400 wall_ms=58.8450431824
METHOD_PROFILE graph=soc-Pokec method=b16_accurate layer=1 phase=partial_bf16_conversion sampled_thread_ms=0.315189361572 sampled_tiles=400 wall_ms=58.8450431824
METHOD_PROFILE graph=soc-Pokec method=b16_accurate layer=1 phase=tile_load sampled_thread_ms=2.14529037476 sampled_tiles=400 wall_ms=58.8450431824
METHOD_PROFILE graph=soc-Pokec method=b16_accurate layer=1 phase=tile_compute sampled_thread_ms=3.42559814453 sampled_tiles=400 wall_ms=58.8450431824
METHOD_PROFILE graph=soc-Pokec method=b16_accurate layer=1 phase=tile_store sampled_thread_ms=0.119924545288 sampled_tiles=400 wall_ms=58.8450431824
METHOD_PROFILE graph=soc-Pokec method=b16_accurate layer=1 phase=output_scatter sampled_thread_ms=0.411033630371 sampled_tiles=400 wall_ms=58.8450431824
METHOD_PROFILE graph=soc-Pokec method=b16_accurate layer=1 phase=thread_amx_setup sampled_thread_ms=0.0283718109131 sampled_tiles=400 wall_ms=58.8450431824
METHOD_PROFILE graph=soc-Pokec method=b16_accurate layer=2 phase=output_zero sampled_thread_ms=0.000953674316406 sampled_tiles=400 wall_ms=53.7660121918
METHOD_PROFILE graph=soc-Pokec method=b16_accurate layer=2 phase=row_schedule sampled_thread_ms=0.122785568237 sampled_tiles=400 wall_ms=53.7660121918
METHOD_PROFILE graph=soc-Pokec method=b16_accurate layer=2 phase=partial_zero sampled_thread_ms=0.301599502563 sampled_tiles=400 wall_ms=53.7660121918
METHOD_PROFILE graph=soc-Pokec method=b16_accurate layer=2 phase=csr_prefetch sampled_thread_ms=4.98461723328 sampled_tiles=400 wall_ms=53.7660121918
METHOD_PROFILE graph=soc-Pokec method=b16_accurate layer=2 phase=feature_gather_decode sampled_thread_ms=7.09319114685 sampled_tiles=400 wall_ms=53.7660121918
METHOD_PROFILE graph=soc-Pokec method=b16_accurate layer=2 phase=fp32_neighbor_reduction sampled_thread_ms=4.52947616577 sampled_tiles=400 wall_ms=53.7660121918
METHOD_PROFILE graph=soc-Pokec method=b16_accurate layer=2 phase=partial_bf16_conversion sampled_thread_ms=0.327825546265 sampled_tiles=400 wall_ms=53.7660121918
METHOD_PROFILE graph=soc-Pokec method=b16_accurate layer=2 phase=tile_load sampled_thread_ms=2.28238105774 sampled_tiles=400 wall_ms=53.7660121918
METHOD_PROFILE graph=soc-Pokec method=b16_accurate layer=2 phase=tile_compute sampled_thread_ms=3.18074226379 sampled_tiles=400 wall_ms=53.7660121918
METHOD_PROFILE graph=soc-Pokec method=b16_accurate layer=2 phase=tile_store sampled_thread_ms=0.118255615234 sampled_tiles=400 wall_ms=53.7660121918
METHOD_PROFILE graph=soc-Pokec method=b16_accurate layer=2 phase=output_scatter sampled_thread_ms=0.0805854797363 sampled_tiles=400 wall_ms=53.7660121918
METHOD_PROFILE graph=soc-Pokec method=b16_accurate layer=2 phase=thread_amx_setup sampled_thread_ms=0.0219345092773 sampled_tiles=400 wall_ms=53.7660121918
METHOD_STAGE graph=soc-Pokec method=b32_fast repeat=0 layer1_ms=44.6920394897 relu_ms=2.99000740051 interlayer_conversion_ms=3.43799591064 layer2_ms=44.8079109192 total_ms=95.9279537201
METHOD_STAGE graph=soc-Pokec method=b32_fast repeat=1 layer1_ms=47.3918914795 relu_ms=2.80094146729 interlayer_conversion_ms=3.18312644958 layer2_ms=43.016910553 total_ms=96.3928699493
METHOD_STAGE graph=soc-Pokec method=b32_fast repeat=2 layer1_ms=47.8670597076 relu_ms=2.95400619507 interlayer_conversion_ms=3.49688529968 layer2_ms=43.3201789856 total_ms=97.638130188
METHOD_PROFILE graph=soc-Pokec method=b32_fast layer=1 phase=output_zero sampled_thread_ms=0 sampled_tiles=400 wall_ms=52.6640415192
METHOD_PROFILE graph=soc-Pokec method=b32_fast layer=1 phase=row_schedule sampled_thread_ms=0.144004821777 sampled_tiles=400 wall_ms=52.6640415192
METHOD_PROFILE graph=soc-Pokec method=b32_fast layer=1 phase=partial_zero sampled_thread_ms=0.182151794434 sampled_tiles=400 wall_ms=52.6640415192
METHOD_PROFILE graph=soc-Pokec method=b32_fast layer=1 phase=csr_prefetch sampled_thread_ms=4.65869903564 sampled_tiles=400 wall_ms=52.6640415192
METHOD_PROFILE graph=soc-Pokec method=b32_fast layer=1 phase=feature_gather_decode sampled_thread_ms=6.68430328369 sampled_tiles=400 wall_ms=52.6640415192
METHOD_PROFILE graph=soc-Pokec method=b32_fast layer=1 phase=fp32_neighbor_reduction sampled_thread_ms=4.16111946106 sampled_tiles=400 wall_ms=52.6640415192
METHOD_PROFILE graph=soc-Pokec method=b32_fast layer=1 phase=partial_bf16_conversion sampled_thread_ms=0.124454498291 sampled_tiles=400 wall_ms=52.6640415192
METHOD_PROFILE graph=soc-Pokec method=b32_fast layer=1 phase=tile_load sampled_thread_ms=0.874042510986 sampled_tiles=400 wall_ms=52.6640415192
METHOD_PROFILE graph=soc-Pokec method=b32_fast layer=1 phase=tile_compute sampled_thread_ms=1.87134742737 sampled_tiles=400 wall_ms=52.6640415192
METHOD_PROFILE graph=soc-Pokec method=b32_fast layer=1 phase=tile_store sampled_thread_ms=0.105381011963 sampled_tiles=400 wall_ms=52.6640415192
METHOD_PROFILE graph=soc-Pokec method=b32_fast layer=1 phase=output_scatter sampled_thread_ms=0.436544418335 sampled_tiles=400 wall_ms=52.6640415192
METHOD_PROFILE graph=soc-Pokec method=b32_fast layer=1 phase=thread_amx_setup sampled_thread_ms=0.0307559967041 sampled_tiles=400 wall_ms=52.6640415192
METHOD_PROFILE graph=soc-Pokec method=b32_fast layer=2 phase=output_zero sampled_thread_ms=0 sampled_tiles=400 wall_ms=50.3408908844
METHOD_PROFILE graph=soc-Pokec method=b32_fast layer=2 phase=row_schedule sampled_thread_ms=0.129699707031 sampled_tiles=400 wall_ms=50.3408908844
METHOD_PROFILE graph=soc-Pokec method=b32_fast layer=2 phase=partial_zero sampled_thread_ms=0.213623046875 sampled_tiles=400 wall_ms=50.3408908844
METHOD_PROFILE graph=soc-Pokec method=b32_fast layer=2 phase=csr_prefetch sampled_thread_ms=4.67205047607 sampled_tiles=400 wall_ms=50.3408908844
METHOD_PROFILE graph=soc-Pokec method=b32_fast layer=2 phase=feature_gather_decode sampled_thread_ms=6.75940513611 sampled_tiles=400 wall_ms=50.3408908844
METHOD_PROFILE graph=soc-Pokec method=b32_fast layer=2 phase=fp32_neighbor_reduction sampled_thread_ms=4.13155555725 sampled_tiles=400 wall_ms=50.3408908844
METHOD_PROFILE graph=soc-Pokec method=b32_fast layer=2 phase=partial_bf16_conversion sampled_thread_ms=0.135898590088 sampled_tiles=400 wall_ms=50.3408908844
METHOD_PROFILE graph=soc-Pokec method=b32_fast layer=2 phase=tile_load sampled_thread_ms=0.891208648682 sampled_tiles=400 wall_ms=50.3408908844
METHOD_PROFILE graph=soc-Pokec method=b32_fast layer=2 phase=tile_compute sampled_thread_ms=1.73926353455 sampled_tiles=400 wall_ms=50.3408908844
METHOD_PROFILE graph=soc-Pokec method=b32_fast layer=2 phase=tile_store sampled_thread_ms=0.0953674316406 sampled_tiles=400 wall_ms=50.3408908844
METHOD_PROFILE graph=soc-Pokec method=b32_fast layer=2 phase=output_scatter sampled_thread_ms=0.0674724578857 sampled_tiles=400 wall_ms=50.3408908844
METHOD_PROFILE graph=soc-Pokec method=b32_fast layer=2 phase=thread_amx_setup sampled_thread_ms=0.0286102294922 sampled_tiles=400 wall_ms=50.3408908844
METHOD_STAGE graph=soc-Pokec method=b32_accurate repeat=0 layer1_ms=48.8708019257 relu_ms=2.94899940491 interlayer_conversion_ms=3.45015525818 layer2_ms=46.0739135742 total_ms=101.343870163
METHOD_STAGE graph=soc-Pokec method=b32_accurate repeat=1 layer1_ms=50.2831935883 relu_ms=3.04698944092 interlayer_conversion_ms=3.44085693359 layer2_ms=46.8201637268 total_ms=103.59120369
METHOD_STAGE graph=soc-Pokec method=b32_accurate repeat=2 layer1_ms=49.9558448792 relu_ms=2.94303894043 interlayer_conversion_ms=3.44610214233 layer2_ms=46.03099823 total_ms=102.375984192
METHOD_PROFILE graph=soc-Pokec method=b32_accurate layer=1 phase=output_zero sampled_thread_ms=0 sampled_tiles=400 wall_ms=54.8191070557
METHOD_PROFILE graph=soc-Pokec method=b32_accurate layer=1 phase=row_schedule sampled_thread_ms=0.123977661133 sampled_tiles=400 wall_ms=54.8191070557
METHOD_PROFILE graph=soc-Pokec method=b32_accurate layer=1 phase=partial_zero sampled_thread_ms=0.203371047974 sampled_tiles=400 wall_ms=54.8191070557
METHOD_PROFILE graph=soc-Pokec method=b32_accurate layer=1 phase=csr_prefetch sampled_thread_ms=4.83870506287 sampled_tiles=400 wall_ms=54.8191070557
METHOD_PROFILE graph=soc-Pokec method=b32_accurate layer=1 phase=feature_gather_decode sampled_thread_ms=6.6442489624 sampled_tiles=400 wall_ms=54.8191070557
METHOD_PROFILE graph=soc-Pokec method=b32_accurate layer=1 phase=fp32_neighbor_reduction sampled_thread_ms=4.21810150146 sampled_tiles=400 wall_ms=54.8191070557
METHOD_PROFILE graph=soc-Pokec method=b32_accurate layer=1 phase=partial_bf16_conversion sampled_thread_ms=0.188112258911 sampled_tiles=400 wall_ms=54.8191070557
METHOD_PROFILE graph=soc-Pokec method=b32_accurate layer=1 phase=tile_load sampled_thread_ms=1.49512290955 sampled_tiles=400 wall_ms=54.8191070557
METHOD_PROFILE graph=soc-Pokec method=b32_accurate layer=1 phase=tile_compute sampled_thread_ms=2.30717658997 sampled_tiles=400 wall_ms=54.8191070557
METHOD_PROFILE graph=soc-Pokec method=b32_accurate layer=1 phase=tile_store sampled_thread_ms=0.0739097595215 sampled_tiles=400 wall_ms=54.8191070557
METHOD_PROFILE graph=soc-Pokec method=b32_accurate layer=1 phase=output_scatter sampled_thread_ms=0.437021255493 sampled_tiles=400 wall_ms=54.8191070557
METHOD_PROFILE graph=soc-Pokec method=b32_accurate layer=1 phase=thread_amx_setup sampled_thread_ms=0.0309944152832 sampled_tiles=400 wall_ms=54.8191070557
METHOD_PROFILE graph=soc-Pokec method=b32_accurate layer=2 phase=output_zero sampled_thread_ms=0 sampled_tiles=400 wall_ms=50.0490665436
METHOD_PROFILE graph=soc-Pokec method=b32_accurate layer=2 phase=row_schedule sampled_thread_ms=0.130176544189 sampled_tiles=400 wall_ms=50.0490665436
METHOD_PROFILE graph=soc-Pokec method=b32_accurate layer=2 phase=partial_zero sampled_thread_ms=0.20956993103 sampled_tiles=400 wall_ms=50.0490665436
METHOD_PROFILE graph=soc-Pokec method=b32_accurate layer=2 phase=csr_prefetch sampled_thread_ms=4.82511520386 sampled_tiles=400 wall_ms=50.0490665436
METHOD_PROFILE graph=soc-Pokec method=b32_accurate layer=2 phase=feature_gather_decode sampled_thread_ms=6.8941116333 sampled_tiles=400 wall_ms=50.0490665436
METHOD_PROFILE graph=soc-Pokec method=b32_accurate layer=2 phase=fp32_neighbor_reduction sampled_thread_ms=4.23884391785 sampled_tiles=400 wall_ms=50.0490665436
METHOD_PROFILE graph=soc-Pokec method=b32_accurate layer=2 phase=partial_bf16_conversion sampled_thread_ms=0.21505355835 sampled_tiles=400 wall_ms=50.0490665436
METHOD_PROFILE graph=soc-Pokec method=b32_accurate layer=2 phase=tile_load sampled_thread_ms=1.56354904175 sampled_tiles=400 wall_ms=50.0490665436
METHOD_PROFILE graph=soc-Pokec method=b32_accurate layer=2 phase=tile_compute sampled_thread_ms=2.11477279663 sampled_tiles=400 wall_ms=50.0490665436
METHOD_PROFILE graph=soc-Pokec method=b32_accurate layer=2 phase=tile_store sampled_thread_ms=0.0944137573242 sampled_tiles=400 wall_ms=50.0490665436
METHOD_PROFILE graph=soc-Pokec method=b32_accurate layer=2 phase=output_scatter sampled_thread_ms=0.0739097595215 sampled_tiles=400 wall_ms=50.0490665436
METHOD_PROFILE graph=soc-Pokec method=b32_accurate layer=2 phase=thread_amx_setup sampled_thread_ms=0.0290870666504 sampled_tiles=400 wall_ms=50.0490665436
METHOD_STAGE graph=soc-Pokec method=b64_fast repeat=0 layer1_ms=46.5071201324 relu_ms=3.04102897644 interlayer_conversion_ms=3.40604782104 layer2_ms=43.7808036804 total_ms=96.7350006104
METHOD_STAGE graph=soc-Pokec method=b64_fast repeat=1 layer1_ms=46.5729236603 relu_ms=2.78496742249 interlayer_conversion_ms=3.19004058838 layer2_ms=44.7809696198 total_ms=97.3289012909
METHOD_STAGE graph=soc-Pokec method=b64_fast repeat=2 layer1_ms=46.2219715118 relu_ms=2.80213356018 interlayer_conversion_ms=3.18002700806 layer2_ms=44.2588329315 total_ms=96.4629650116
METHOD_PROFILE graph=soc-Pokec method=b64_fast layer=1 phase=output_zero sampled_thread_ms=0 sampled_tiles=400 wall_ms=49.4039058685
METHOD_PROFILE graph=soc-Pokec method=b64_fast layer=1 phase=row_schedule sampled_thread_ms=0.149488449097 sampled_tiles=400 wall_ms=49.4039058685
METHOD_PROFILE graph=soc-Pokec method=b64_fast layer=1 phase=partial_zero sampled_thread_ms=0.143051147461 sampled_tiles=400 wall_ms=49.4039058685
METHOD_PROFILE graph=soc-Pokec method=b64_fast layer=1 phase=csr_prefetch sampled_thread_ms=4.66418266296 sampled_tiles=400 wall_ms=49.4039058685
METHOD_PROFILE graph=soc-Pokec method=b64_fast layer=1 phase=feature_gather_decode sampled_thread_ms=6.59441947937 sampled_tiles=400 wall_ms=49.4039058685
METHOD_PROFILE graph=soc-Pokec method=b64_fast layer=1 phase=fp32_neighbor_reduction sampled_thread_ms=4.07123565674 sampled_tiles=400 wall_ms=49.4039058685
METHOD_PROFILE graph=soc-Pokec method=b64_fast layer=1 phase=partial_bf16_conversion sampled_thread_ms=0.102043151855 sampled_tiles=400 wall_ms=49.4039058685
METHOD_PROFILE graph=soc-Pokec method=b64_fast layer=1 phase=tile_load sampled_thread_ms=0.674724578857 sampled_tiles=400 wall_ms=49.4039058685
METHOD_PROFILE graph=soc-Pokec method=b64_fast layer=1 phase=tile_compute sampled_thread_ms=1.35564804077 sampled_tiles=400 wall_ms=49.4039058685
METHOD_PROFILE graph=soc-Pokec method=b64_fast layer=1 phase=tile_store sampled_thread_ms=0.0820159912109 sampled_tiles=400 wall_ms=49.4039058685
METHOD_PROFILE graph=soc-Pokec method=b64_fast layer=1 phase=output_scatter sampled_thread_ms=0.436782836914 sampled_tiles=400 wall_ms=49.4039058685
METHOD_PROFILE graph=soc-Pokec method=b64_fast layer=1 phase=thread_amx_setup sampled_thread_ms=0.0247955322266 sampled_tiles=400 wall_ms=49.4039058685
METHOD_PROFILE graph=soc-Pokec method=b64_fast layer=2 phase=output_zero sampled_thread_ms=0 sampled_tiles=400 wall_ms=47.8739738464
METHOD_PROFILE graph=soc-Pokec method=b64_fast layer=2 phase=row_schedule sampled_thread_ms=0.116586685181 sampled_tiles=400 wall_ms=47.8739738464
METHOD_PROFILE graph=soc-Pokec method=b64_fast layer=2 phase=partial_zero sampled_thread_ms=0.171661376953 sampled_tiles=400 wall_ms=47.8739738464
METHOD_PROFILE graph=soc-Pokec method=b64_fast layer=2 phase=csr_prefetch sampled_thread_ms=4.59337234497 sampled_tiles=400 wall_ms=47.8739738464
METHOD_PROFILE graph=soc-Pokec method=b64_fast layer=2 phase=feature_gather_decode sampled_thread_ms=6.68144226074 sampled_tiles=400 wall_ms=47.8739738464
METHOD_PROFILE graph=soc-Pokec method=b64_fast layer=2 phase=fp32_neighbor_reduction sampled_thread_ms=3.9165019989 sampled_tiles=400 wall_ms=47.8739738464
METHOD_PROFILE graph=soc-Pokec method=b64_fast layer=2 phase=partial_bf16_conversion sampled_thread_ms=0.0998973846436 sampled_tiles=400 wall_ms=47.8739738464
METHOD_PROFILE graph=soc-Pokec method=b64_fast layer=2 phase=tile_load sampled_thread_ms=0.721454620361 sampled_tiles=400 wall_ms=47.8739738464
METHOD_PROFILE graph=soc-Pokec method=b64_fast layer=2 phase=tile_compute sampled_thread_ms=1.25575065613 sampled_tiles=400 wall_ms=47.8739738464
METHOD_PROFILE graph=soc-Pokec method=b64_fast layer=2 phase=tile_store sampled_thread_ms=0.104904174805 sampled_tiles=400 wall_ms=47.8739738464
METHOD_PROFILE graph=soc-Pokec method=b64_fast layer=2 phase=output_scatter sampled_thread_ms=0.0653266906738 sampled_tiles=400 wall_ms=47.8739738464
METHOD_PROFILE graph=soc-Pokec method=b64_fast layer=2 phase=thread_amx_setup sampled_thread_ms=0.0283718109131 sampled_tiles=400 wall_ms=47.8739738464
METHOD_STAGE graph=soc-Pokec method=b64_accurate repeat=0 layer1_ms=47.4650859833 relu_ms=3.04293632507 interlayer_conversion_ms=3.40414047241 layer2_ms=44.6338653564 total_ms=98.5460281372
METHOD_STAGE graph=soc-Pokec method=b64_accurate repeat=1 layer1_ms=48.1028556824 relu_ms=2.99310684204 interlayer_conversion_ms=3.43084335327 layer2_ms=44.1930294037 total_ms=98.7198352814
METHOD_STAGE graph=soc-Pokec method=b64_accurate repeat=2 layer1_ms=48.5739707947 relu_ms=3.04293632507 interlayer_conversion_ms=3.40104103088 layer2_ms=44.7218418121 total_ms=99.7397899628
METHOD_PROFILE graph=soc-Pokec method=b64_accurate layer=1 phase=output_zero sampled_thread_ms=0 sampled_tiles=400 wall_ms=52.661895752
METHOD_PROFILE graph=soc-Pokec method=b64_accurate layer=1 phase=row_schedule sampled_thread_ms=0.146389007568 sampled_tiles=400 wall_ms=52.661895752
METHOD_PROFILE graph=soc-Pokec method=b64_accurate layer=1 phase=partial_zero sampled_thread_ms=0.157594680786 sampled_tiles=400 wall_ms=52.661895752
METHOD_PROFILE graph=soc-Pokec method=b64_accurate layer=1 phase=csr_prefetch sampled_thread_ms=4.86254692078 sampled_tiles=400 wall_ms=52.661895752
METHOD_PROFILE graph=soc-Pokec method=b64_accurate layer=1 phase=feature_gather_decode sampled_thread_ms=6.43539428711 sampled_tiles=400 wall_ms=52.661895752
METHOD_PROFILE graph=soc-Pokec method=b64_accurate layer=1 phase=fp32_neighbor_reduction sampled_thread_ms=4.065990448 sampled_tiles=400 wall_ms=52.661895752
METHOD_PROFILE graph=soc-Pokec method=b64_accurate layer=1 phase=partial_bf16_conversion sampled_thread_ms=0.15926361084 sampled_tiles=400 wall_ms=52.661895752
METHOD_PROFILE graph=soc-Pokec method=b64_accurate layer=1 phase=tile_load sampled_thread_ms=1.14989280701 sampled_tiles=400 wall_ms=52.661895752
METHOD_PROFILE graph=soc-Pokec method=b64_accurate layer=1 phase=tile_compute sampled_thread_ms=2.01869010925 sampled_tiles=400 wall_ms=52.661895752
METHOD_PROFILE graph=soc-Pokec method=b64_accurate layer=1 phase=tile_store sampled_thread_ms=0.0534057617188 sampled_tiles=400 wall_ms=52.661895752
METHOD_PROFILE graph=soc-Pokec method=b64_accurate layer=1 phase=output_scatter sampled_thread_ms=0.450134277344 sampled_tiles=400 wall_ms=52.661895752
METHOD_PROFILE graph=soc-Pokec method=b64_accurate layer=1 phase=thread_amx_setup sampled_thread_ms=0.025749206543 sampled_tiles=400 wall_ms=52.661895752
METHOD_PROFILE graph=soc-Pokec method=b64_accurate layer=2 phase=output_zero sampled_thread_ms=0 sampled_tiles=400 wall_ms=50.9209632874
METHOD_PROFILE graph=soc-Pokec method=b64_accurate layer=2 phase=row_schedule sampled_thread_ms=0.137329101562 sampled_tiles=400 wall_ms=50.9209632874
METHOD_PROFILE graph=soc-Pokec method=b64_accurate layer=2 phase=partial_zero sampled_thread_ms=0.171899795532 sampled_tiles=400 wall_ms=50.9209632874
METHOD_PROFILE graph=soc-Pokec method=b64_accurate layer=2 phase=csr_prefetch sampled_thread_ms=4.80961799622 sampled_tiles=400 wall_ms=50.9209632874
METHOD_PROFILE graph=soc-Pokec method=b64_accurate layer=2 phase=feature_gather_decode sampled_thread_ms=6.63065910339 sampled_tiles=400 wall_ms=50.9209632874
METHOD_PROFILE graph=soc-Pokec method=b64_accurate layer=2 phase=fp32_neighbor_reduction sampled_thread_ms=4.13608551025 sampled_tiles=400 wall_ms=50.9209632874
METHOD_PROFILE graph=soc-Pokec method=b64_accurate layer=2 phase=partial_bf16_conversion sampled_thread_ms=0.154972076416 sampled_tiles=400 wall_ms=50.9209632874
METHOD_PROFILE graph=soc-Pokec method=b64_accurate layer=2 phase=tile_load sampled_thread_ms=1.25646591187 sampled_tiles=400 wall_ms=50.9209632874
METHOD_PROFILE graph=soc-Pokec method=b64_accurate layer=2 phase=tile_compute sampled_thread_ms=1.96576118469 sampled_tiles=400 wall_ms=50.9209632874
METHOD_PROFILE graph=soc-Pokec method=b64_accurate layer=2 phase=tile_store sampled_thread_ms=0.0903606414795 sampled_tiles=400 wall_ms=50.9209632874
METHOD_PROFILE graph=soc-Pokec method=b64_accurate layer=2 phase=output_scatter sampled_thread_ms=0.0629425048828 sampled_tiles=400 wall_ms=50.9209632874
METHOD_PROFILE graph=soc-Pokec method=b64_accurate layer=2 phase=thread_amx_setup sampled_thread_ms=0.0247955322266 sampled_tiles=400 wall_ms=50.9209632874
METHOD_STAGE graph=soc-Pokec method=bfull_fast repeat=0 layer1_ms=44.291973114 relu_ms=2.99215316772 interlayer_conversion_ms=3.41701507568 layer2_ms=44.5590019226 total_ms=95.26014328
METHOD_STAGE graph=soc-Pokec method=bfull_fast repeat=1 layer1_ms=45.4070568085 relu_ms=2.77090072632 interlayer_conversion_ms=3.18002700806 layer2_ms=43.5190200806 total_ms=94.8770046234
METHOD_STAGE graph=soc-Pokec method=bfull_fast repeat=2 layer1_ms=46.3979244232 relu_ms=2.78997421265 interlayer_conversion_ms=3.17597389221 layer2_ms=43.5521602631 total_ms=95.9160327911
METHOD_PROFILE graph=soc-Pokec method=bfull_fast layer=1 phase=output_zero sampled_thread_ms=0.00119209289551 sampled_tiles=400 wall_ms=49.7410297394
METHOD_PROFILE graph=soc-Pokec method=bfull_fast layer=1 phase=row_schedule sampled_thread_ms=0.14591217041 sampled_tiles=400 wall_ms=49.7410297394
METHOD_PROFILE graph=soc-Pokec method=bfull_fast layer=1 phase=partial_zero sampled_thread_ms=0.104904174805 sampled_tiles=400 wall_ms=49.7410297394
METHOD_PROFILE graph=soc-Pokec method=bfull_fast layer=1 phase=csr_prefetch sampled_thread_ms=4.75788116455 sampled_tiles=400 wall_ms=49.7410297394
METHOD_PROFILE graph=soc-Pokec method=bfull_fast layer=1 phase=feature_gather_decode sampled_thread_ms=6.34455680847 sampled_tiles=400 wall_ms=49.7410297394
METHOD_PROFILE graph=soc-Pokec method=bfull_fast layer=1 phase=fp32_neighbor_reduction sampled_thread_ms=3.83996963501 sampled_tiles=400 wall_ms=49.7410297394
METHOD_PROFILE graph=soc-Pokec method=bfull_fast layer=1 phase=partial_bf16_conversion sampled_thread_ms=0.0734329223633 sampled_tiles=400 wall_ms=49.7410297394
METHOD_PROFILE graph=soc-Pokec method=bfull_fast layer=1 phase=tile_load sampled_thread_ms=0.555753707886 sampled_tiles=400 wall_ms=49.7410297394
METHOD_PROFILE graph=soc-Pokec method=bfull_fast layer=1 phase=tile_compute sampled_thread_ms=1.13940238953 sampled_tiles=400 wall_ms=49.7410297394
METHOD_PROFILE graph=soc-Pokec method=bfull_fast layer=1 phase=tile_store sampled_thread_ms=0.0414848327637 sampled_tiles=400 wall_ms=49.7410297394
METHOD_PROFILE graph=soc-Pokec method=bfull_fast layer=1 phase=output_scatter sampled_thread_ms=0.446081161499 sampled_tiles=400 wall_ms=49.7410297394
METHOD_PROFILE graph=soc-Pokec method=bfull_fast layer=1 phase=thread_amx_setup sampled_thread_ms=0.035285949707 sampled_tiles=400 wall_ms=49.7410297394
METHOD_PROFILE graph=soc-Pokec method=bfull_fast layer=2 phase=output_zero sampled_thread_ms=0 sampled_tiles=400 wall_ms=48.574924469
METHOD_PROFILE graph=soc-Pokec method=bfull_fast layer=2 phase=row_schedule sampled_thread_ms=0.140428543091 sampled_tiles=400 wall_ms=48.574924469
METHOD_PROFILE graph=soc-Pokec method=bfull_fast layer=2 phase=partial_zero sampled_thread_ms=0.143527984619 sampled_tiles=400 wall_ms=48.574924469
METHOD_PROFILE graph=soc-Pokec method=bfull_fast layer=2 phase=csr_prefetch sampled_thread_ms=4.72354888916 sampled_tiles=400 wall_ms=48.574924469
METHOD_PROFILE graph=soc-Pokec method=bfull_fast layer=2 phase=feature_gather_decode sampled_thread_ms=6.53171539307 sampled_tiles=400 wall_ms=48.574924469
METHOD_PROFILE graph=soc-Pokec method=bfull_fast layer=2 phase=fp32_neighbor_reduction sampled_thread_ms=3.81183624268 sampled_tiles=400 wall_ms=48.574924469
METHOD_PROFILE graph=soc-Pokec method=bfull_fast layer=2 phase=partial_bf16_conversion sampled_thread_ms=0.0827312469482 sampled_tiles=400 wall_ms=48.574924469
METHOD_PROFILE graph=soc-Pokec method=bfull_fast layer=2 phase=tile_load sampled_thread_ms=0.510931015015 sampled_tiles=400 wall_ms=48.574924469
METHOD_PROFILE graph=soc-Pokec method=bfull_fast layer=2 phase=tile_compute sampled_thread_ms=1.17683410645 sampled_tiles=400 wall_ms=48.574924469
METHOD_PROFILE graph=soc-Pokec method=bfull_fast layer=2 phase=tile_store sampled_thread_ms=0.0832080841064 sampled_tiles=400 wall_ms=48.574924469
METHOD_PROFILE graph=soc-Pokec method=bfull_fast layer=2 phase=output_scatter sampled_thread_ms=0.0572204589844 sampled_tiles=400 wall_ms=48.574924469
METHOD_PROFILE graph=soc-Pokec method=bfull_fast layer=2 phase=thread_amx_setup sampled_thread_ms=0.025749206543 sampled_tiles=400 wall_ms=48.574924469
METHOD_STAGE graph=soc-Pokec method=bfull_accurate repeat=0 layer1_ms=46.667098999 relu_ms=2.99382209778 interlayer_conversion_ms=3.41510772705 layer2_ms=44.2569255829 total_ms=97.3329544067
METHOD_STAGE graph=soc-Pokec method=bfull_accurate repeat=1 layer1_ms=46.9400882721 relu_ms=3.63206863403 interlayer_conversion_ms=4.28581237793 layer2_ms=45.8550453186 total_ms=100.713014603
METHOD_STAGE graph=soc-Pokec method=bfull_accurate repeat=2 layer1_ms=47.3039150238 relu_ms=2.96497344971 interlayer_conversion_ms=3.45993041992 layer2_ms=44.0800189972 total_ms=97.8088378906
METHOD_PROFILE graph=soc-Pokec method=bfull_accurate layer=1 phase=output_zero sampled_thread_ms=0 sampled_tiles=400 wall_ms=51.5508651733
METHOD_PROFILE graph=soc-Pokec method=bfull_accurate layer=1 phase=row_schedule sampled_thread_ms=0.130653381348 sampled_tiles=400 wall_ms=51.5508651733
METHOD_PROFILE graph=soc-Pokec method=bfull_accurate layer=1 phase=partial_zero sampled_thread_ms=0.125646591187 sampled_tiles=400 wall_ms=51.5508651733
METHOD_PROFILE graph=soc-Pokec method=bfull_accurate layer=1 phase=csr_prefetch sampled_thread_ms=4.66561317444 sampled_tiles=400 wall_ms=51.5508651733
METHOD_PROFILE graph=soc-Pokec method=bfull_accurate layer=1 phase=feature_gather_decode sampled_thread_ms=6.39605522156 sampled_tiles=400 wall_ms=51.5508651733
METHOD_PROFILE graph=soc-Pokec method=bfull_accurate layer=1 phase=fp32_neighbor_reduction sampled_thread_ms=3.9496421814 sampled_tiles=400 wall_ms=51.5508651733
METHOD_PROFILE graph=soc-Pokec method=bfull_accurate layer=1 phase=partial_bf16_conversion sampled_thread_ms=0.0901222229004 sampled_tiles=400 wall_ms=51.5508651733
METHOD_PROFILE graph=soc-Pokec method=bfull_accurate layer=1 phase=tile_load sampled_thread_ms=0.919818878174 sampled_tiles=400 wall_ms=51.5508651733
METHOD_PROFILE graph=soc-Pokec method=bfull_accurate layer=1 phase=tile_compute sampled_thread_ms=1.49917602539 sampled_tiles=400 wall_ms=51.5508651733
METHOD_PROFILE graph=soc-Pokec method=bfull_accurate layer=1 phase=tile_store sampled_thread_ms=0.0338554382324 sampled_tiles=400 wall_ms=51.5508651733
METHOD_PROFILE graph=soc-Pokec method=bfull_accurate layer=1 phase=output_scatter sampled_thread_ms=0.441074371338 sampled_tiles=400 wall_ms=51.5508651733
METHOD_PROFILE graph=soc-Pokec method=bfull_accurate layer=1 phase=thread_amx_setup sampled_thread_ms=0.0247955322266 sampled_tiles=400 wall_ms=51.5508651733
METHOD_PROFILE graph=soc-Pokec method=bfull_accurate layer=2 phase=output_zero sampled_thread_ms=0 sampled_tiles=400 wall_ms=48.7959384918
METHOD_PROFILE graph=soc-Pokec method=bfull_accurate layer=2 phase=row_schedule sampled_thread_ms=0.146150588989 sampled_tiles=400 wall_ms=48.7959384918
METHOD_PROFILE graph=soc-Pokec method=bfull_accurate layer=2 phase=partial_zero sampled_thread_ms=0.132083892822 sampled_tiles=400 wall_ms=48.7959384918
METHOD_PROFILE graph=soc-Pokec method=bfull_accurate layer=2 phase=csr_prefetch sampled_thread_ms=4.78267669678 sampled_tiles=400 wall_ms=48.7959384918
METHOD_PROFILE graph=soc-Pokec method=bfull_accurate layer=2 phase=feature_gather_decode sampled_thread_ms=6.85691833496 sampled_tiles=400 wall_ms=48.7959384918
METHOD_PROFILE graph=soc-Pokec method=bfull_accurate layer=2 phase=fp32_neighbor_reduction sampled_thread_ms=3.95607948303 sampled_tiles=400 wall_ms=48.7959384918
METHOD_PROFILE graph=soc-Pokec method=bfull_accurate layer=2 phase=partial_bf16_conversion sampled_thread_ms=0.0765323638916 sampled_tiles=400 wall_ms=48.7959384918
METHOD_PROFILE graph=soc-Pokec method=bfull_accurate layer=2 phase=tile_load sampled_thread_ms=1.02519989014 sampled_tiles=400 wall_ms=48.7959384918
METHOD_PROFILE graph=soc-Pokec method=bfull_accurate layer=2 phase=tile_compute sampled_thread_ms=1.63316726685 sampled_tiles=400 wall_ms=48.7959384918
METHOD_PROFILE graph=soc-Pokec method=bfull_accurate layer=2 phase=tile_store sampled_thread_ms=0.0650882720947 sampled_tiles=400 wall_ms=48.7959384918
METHOD_PROFILE graph=soc-Pokec method=bfull_accurate layer=2 phase=output_scatter sampled_thread_ms=0.0691413879395 sampled_tiles=400 wall_ms=48.7959384918
METHOD_PROFILE graph=soc-Pokec method=bfull_accurate layer=2 phase=thread_amx_setup sampled_thread_ms=0.0264644622803 sampled_tiles=400 wall_ms=48.7959384918
METHOD_COMPLETE graph=soc-Pokec methods=15 checks=60 pass=1 max_rss_kib=8822480
