CORRECT graph=regular-n17-q0 method=mkl_bf16_inputs boundary=kernel_sample reference=fp64_bf16_inputs rel_l2=0 max_abs=0 max_norm=0 pass=1
CONFIG graph=regular-n17-q0 N=17 E=0 threads=8 R=64 D=128 F=128 repeats=1 warmups=1
CORRECT graph=regular-n17-q0 method=mkl_fp32 boundary=kernel_full reference=mkl_bf16_inputs rel_l2=0 max_abs=0 max_norm=0 pass=1
CORRECT graph=regular-n17-q0 method=mkl_fp32 boundary=kernel_full reference=mkl_fp32 rel_l2=0 max_abs=0 max_norm=0 pass=1
CORRECT graph=regular-n17-q0 method=mkl_fp32 boundary=kernel_sample reference=fp64_bf16_inputs rel_l2=0 max_abs=0 max_norm=0 pass=1
CORRECT graph=regular-n17-q0 method=mkl_bf16_inputs boundary=kernel_full reference=mkl_bf16_inputs rel_l2=0 max_abs=0 max_norm=0 pass=1
CORRECT graph=regular-n17-q0 method=mkl_bf16_inputs boundary=kernel_full reference=mkl_fp32 rel_l2=0 max_abs=0 max_norm=0 pass=1
CORRECT graph=regular-n17-q0 method=mkl_bf16_inputs boundary=kernel_sample reference=fp64_bf16_inputs rel_l2=0 max_abs=0 max_norm=0 pass=1
CORRECT graph=regular-n17-q0 method=original boundary=kernel_full reference=mkl_bf16_inputs rel_l2=0 max_abs=0 max_norm=0 pass=1
CORRECT graph=regular-n17-q0 method=original boundary=kernel_full reference=mkl_fp32 rel_l2=0 max_abs=0 max_norm=0 pass=1
CORRECT graph=regular-n17-q0 method=original boundary=kernel_sample reference=fp64_bf16_inputs rel_l2=0 max_abs=0 max_norm=0 pass=1
CORRECT graph=regular-n17-q0 method=shared_bfull_fast boundary=kernel_full reference=mkl_bf16_inputs rel_l2=0 max_abs=0 max_norm=0 pass=1
CORRECT graph=regular-n17-q0 method=shared_bfull_fast boundary=kernel_full reference=mkl_fp32 rel_l2=0 max_abs=0 max_norm=0 pass=1
CORRECT graph=regular-n17-q0 method=shared_bfull_fast boundary=kernel_sample reference=fp64_bf16_inputs rel_l2=0 max_abs=0 max_norm=0 pass=1
CORRECT graph=regular-n17-q0 method=shared_bfull_accurate boundary=kernel_full reference=mkl_bf16_inputs rel_l2=0 max_abs=0 max_norm=0 pass=1
CORRECT graph=regular-n17-q0 method=shared_bfull_accurate boundary=kernel_full reference=mkl_fp32 rel_l2=0 max_abs=0 max_norm=0 pass=1
CORRECT graph=regular-n17-q0 method=shared_bfull_accurate boundary=kernel_sample reference=fp64_bf16_inputs rel_l2=0 max_abs=0 max_norm=0 pass=1
CORRECT graph=regular-n17-q0 method=replay_bfull_fast boundary=kernel_full reference=mkl_bf16_inputs rel_l2=0 max_abs=0 max_norm=0 pass=1
CORRECT graph=regular-n17-q0 method=replay_bfull_fast boundary=kernel_full reference=mkl_fp32 rel_l2=0 max_abs=0 max_norm=0 pass=1
CORRECT graph=regular-n17-q0 method=replay_bfull_fast boundary=kernel_sample reference=fp64_bf16_inputs rel_l2=0 max_abs=0 max_norm=0 pass=1
CORRECT graph=regular-n17-q0 method=original_nozero boundary=kernel_full reference=mkl_bf16_inputs rel_l2=0 max_abs=0 max_norm=0 pass=1
CORRECT graph=regular-n17-q0 method=original_nozero boundary=kernel_full reference=mkl_fp32 rel_l2=0 max_abs=0 max_norm=0 pass=1
CORRECT graph=regular-n17-q0 method=original_nozero boundary=kernel_sample reference=fp64_bf16_inputs rel_l2=0 max_abs=0 max_norm=0 pass=1
CORRECT graph=regular-n17-q0 method=original_nozero boundary=nozero_identity reference=unchanged_original rel_l2=0 max_abs=0 max_norm=0 pass=1
CORRECT graph=regular-n17-q0 method=shared_bfull_fast_nozero boundary=kernel_full reference=mkl_bf16_inputs rel_l2=0 max_abs=0 max_norm=0 pass=1
CORRECT graph=regular-n17-q0 method=shared_bfull_fast_nozero boundary=kernel_full reference=mkl_fp32 rel_l2=0 max_abs=0 max_norm=0 pass=1
CORRECT graph=regular-n17-q0 method=shared_bfull_fast_nozero boundary=kernel_sample reference=fp64_bf16_inputs rel_l2=0 max_abs=0 max_norm=0 pass=1
CORRECT graph=regular-n17-q0 method=shared_bfull_accurate_nozero boundary=kernel_full reference=mkl_bf16_inputs rel_l2=0 max_abs=0 max_norm=0 pass=1
CORRECT graph=regular-n17-q0 method=shared_bfull_accurate_nozero boundary=kernel_full reference=mkl_fp32 rel_l2=0 max_abs=0 max_norm=0 pass=1
CORRECT graph=regular-n17-q0 method=shared_bfull_accurate_nozero boundary=kernel_sample reference=fp64_bf16_inputs rel_l2=0 max_abs=0 max_norm=0 pass=1
CORRECT graph=regular-n17-q0 method=shared_b32_fast_nozero boundary=kernel_full reference=mkl_bf16_inputs rel_l2=0 max_abs=0 max_norm=0 pass=1
CORRECT graph=regular-n17-q0 method=shared_b32_fast_nozero boundary=kernel_full reference=mkl_fp32 rel_l2=0 max_abs=0 max_norm=0 pass=1
CORRECT graph=regular-n17-q0 method=shared_b32_fast_nozero boundary=kernel_sample reference=fp64_bf16_inputs rel_l2=0 max_abs=0 max_norm=0 pass=1
CORRECT graph=regular-n17-q0 method=replay_bfull_fast_nozero boundary=kernel_full reference=mkl_bf16_inputs rel_l2=0 max_abs=0 max_norm=0 pass=1
CORRECT graph=regular-n17-q0 method=replay_bfull_fast_nozero boundary=kernel_full reference=mkl_fp32 rel_l2=0 max_abs=0 max_norm=0 pass=1
CORRECT graph=regular-n17-q0 method=replay_bfull_fast_nozero boundary=kernel_sample reference=fp64_bf16_inputs rel_l2=0 max_abs=0 max_norm=0 pass=1
TIME graph=regular-n17-q0 method=mkl_bf16_inputs kernel rep=0 ms=0.008106
TIME graph=regular-n17-q0 method=original kernel rep=0 ms=0.006914
TIME graph=regular-n17-q0 method=shared_bfull_fast kernel rep=0 ms=0.005007
TIME graph=regular-n17-q0 method=shared_bfull_accurate kernel rep=0 ms=0.003815
TIME graph=regular-n17-q0 method=replay_bfull_fast kernel rep=0 ms=0.006914
TIME graph=regular-n17-q0 method=original_nozero kernel rep=0 ms=0.005007
TIME graph=regular-n17-q0 method=shared_bfull_fast_nozero kernel rep=0 ms=0.002146
TIME graph=regular-n17-q0 method=shared_bfull_accurate_nozero kernel rep=0 ms=0.003099
TIME graph=regular-n17-q0 method=shared_b32_fast_nozero kernel rep=0 ms=0.003099
TIME graph=regular-n17-q0 method=replay_bfull_fast_nozero kernel rep=0 ms=0.004053
TIME graph=regular-n17-q0 method=mkl_fp32 kernel rep=0 ms=0.009060
CORRECT graph=regular-n17-q0 method=original boundary=instrumented_kernel reference=unchanged_original rel_l2=0 max_abs=0 max_norm=0 pass=1
CORRECT graph=regular-n17-q0 method=shared_bfull_fast boundary=instrumented_kernel reference=mkl_bf16_inputs rel_l2=0 max_abs=0 max_norm=0 pass=1
CORRECT graph=regular-n17-q0 method=shared_bfull_accurate boundary=instrumented_kernel reference=mkl_bf16_inputs rel_l2=0 max_abs=0 max_norm=0 pass=1
CORRECT graph=regular-n17-q0 method=replay_bfull_fast boundary=instrumented_kernel reference=mkl_bf16_inputs rel_l2=0 max_abs=0 max_norm=0 pass=1
CORRECT graph=regular-n17-q0 method=original_nozero boundary=instrumented_kernel reference=unchanged_original rel_l2=0 max_abs=0 max_norm=0 pass=1
CORRECT graph=regular-n17-q0 method=shared_bfull_fast_nozero boundary=instrumented_kernel reference=mkl_bf16_inputs rel_l2=0 max_abs=0 max_norm=0 pass=1
CORRECT graph=regular-n17-q0 method=shared_bfull_accurate_nozero boundary=instrumented_kernel reference=mkl_bf16_inputs rel_l2=0 max_abs=0 max_norm=0 pass=1
CORRECT graph=regular-n17-q0 method=shared_b32_fast_nozero boundary=instrumented_kernel reference=mkl_bf16_inputs rel_l2=0 max_abs=0 max_norm=0 pass=1
CORRECT graph=regular-n17-q0 method=replay_bfull_fast_nozero boundary=instrumented_kernel reference=mkl_bf16_inputs rel_l2=0 max_abs=0 max_norm=0 pass=1
CORRECT graph=regular-n17-q0 method=mkl_fp32 boundary=two_layer_e2e reference=mkl_bf16_inputs rel_l2=0 max_abs=0 max_norm=0 pass=1
CORRECT graph=regular-n17-q0 method=mkl_fp32 boundary=two_layer_e2e reference=mkl_fp32 rel_l2=0 max_abs=0 max_norm=0 pass=1
CORRECT graph=regular-n17-q0 method=mkl_bf16_inputs boundary=two_layer_e2e reference=mkl_bf16_inputs rel_l2=0 max_abs=0 max_norm=0 pass=1
CORRECT graph=regular-n17-q0 method=mkl_bf16_inputs boundary=two_layer_e2e reference=mkl_fp32 rel_l2=0 max_abs=0 max_norm=0 pass=1
CORRECT graph=regular-n17-q0 method=original boundary=two_layer_e2e reference=mkl_bf16_inputs rel_l2=0 max_abs=0 max_norm=0 pass=1
CORRECT graph=regular-n17-q0 method=original boundary=two_layer_e2e reference=mkl_fp32 rel_l2=0 max_abs=0 max_norm=0 pass=1
CORRECT graph=regular-n17-q0 method=shared_bfull_fast boundary=two_layer_e2e reference=mkl_bf16_inputs rel_l2=0 max_abs=0 max_norm=0 pass=1
CORRECT graph=regular-n17-q0 method=shared_bfull_fast boundary=two_layer_e2e reference=mkl_fp32 rel_l2=0 max_abs=0 max_norm=0 pass=1
CORRECT graph=regular-n17-q0 method=shared_bfull_accurate boundary=two_layer_e2e reference=mkl_bf16_inputs rel_l2=0 max_abs=0 max_norm=0 pass=1
CORRECT graph=regular-n17-q0 method=shared_bfull_accurate boundary=two_layer_e2e reference=mkl_fp32 rel_l2=0 max_abs=0 max_norm=0 pass=1
CORRECT graph=regular-n17-q0 method=replay_bfull_fast boundary=two_layer_e2e reference=mkl_bf16_inputs rel_l2=0 max_abs=0 max_norm=0 pass=1
CORRECT graph=regular-n17-q0 method=replay_bfull_fast boundary=two_layer_e2e reference=mkl_fp32 rel_l2=0 max_abs=0 max_norm=0 pass=1
CORRECT graph=regular-n17-q0 method=original_nozero boundary=two_layer_e2e reference=mkl_bf16_inputs rel_l2=0 max_abs=0 max_norm=0 pass=1
CORRECT graph=regular-n17-q0 method=original_nozero boundary=two_layer_e2e reference=mkl_fp32 rel_l2=0 max_abs=0 max_norm=0 pass=1
CORRECT graph=regular-n17-q0 method=shared_bfull_fast_nozero boundary=two_layer_e2e reference=mkl_bf16_inputs rel_l2=0 max_abs=0 max_norm=0 pass=1
CORRECT graph=regular-n17-q0 method=shared_bfull_fast_nozero boundary=two_layer_e2e reference=mkl_fp32 rel_l2=0 max_abs=0 max_norm=0 pass=1
CORRECT graph=regular-n17-q0 method=shared_bfull_accurate_nozero boundary=two_layer_e2e reference=mkl_bf16_inputs rel_l2=0 max_abs=0 max_norm=0 pass=1
CORRECT graph=regular-n17-q0 method=shared_bfull_accurate_nozero boundary=two_layer_e2e reference=mkl_fp32 rel_l2=0 max_abs=0 max_norm=0 pass=1
CORRECT graph=regular-n17-q0 method=shared_b32_fast_nozero boundary=two_layer_e2e reference=mkl_bf16_inputs rel_l2=0 max_abs=0 max_norm=0 pass=1
CORRECT graph=regular-n17-q0 method=shared_b32_fast_nozero boundary=two_layer_e2e reference=mkl_fp32 rel_l2=0 max_abs=0 max_norm=0 pass=1
CORRECT graph=regular-n17-q0 method=replay_bfull_fast_nozero boundary=two_layer_e2e reference=mkl_bf16_inputs rel_l2=0 max_abs=0 max_norm=0 pass=1
CORRECT graph=regular-n17-q0 method=replay_bfull_fast_nozero boundary=two_layer_e2e reference=mkl_fp32 rel_l2=0 max_abs=0 max_norm=0 pass=1
TIME graph=regular-n17-q0 method=mkl_bf16_inputs e2e rep=0 ms=0.016928 L1=0.007153 act_convert=0.001907 L2=0.007868
TIME graph=regular-n17-q0 method=original e2e rep=0 ms=0.008821 L1=0.002861 act_convert=0.003099 L2=0.002861
TIME graph=regular-n17-q0 method=shared_bfull_fast e2e rep=0 ms=0.008106 L1=0.003099 act_convert=0.002861 L2=0.002146
TIME graph=regular-n17-q0 method=shared_bfull_accurate e2e rep=0 ms=0.008821 L1=0.002861 act_convert=0.003099 L2=0.002861
TIME graph=regular-n17-q0 method=replay_bfull_fast e2e rep=0 ms=0.010014 L1=0.002861 act_convert=0.003099 L2=0.004053
TIME graph=regular-n17-q0 method=original_nozero e2e rep=0 ms=0.009060 L1=0.004053 act_convert=0.003099 L2=0.001907
TIME graph=regular-n17-q0 method=shared_bfull_fast_nozero e2e rep=0 ms=0.007868 L1=0.001907 act_convert=0.003099 L2=0.002861
TIME graph=regular-n17-q0 method=shared_bfull_accurate_nozero e2e rep=0 ms=0.009060 L1=0.002861 act_convert=0.003099 L2=0.003099
TIME graph=regular-n17-q0 method=shared_b32_fast_nozero e2e rep=0 ms=0.009060 L1=0.003099 act_convert=0.002861 L2=0.003099
TIME graph=regular-n17-q0 method=replay_bfull_fast_nozero e2e rep=0 ms=0.017166 L1=0.004053 act_convert=0.002146 L2=0.010967
TIME graph=regular-n17-q0 method=mkl_fp32 e2e rep=0 ms=0.015974 L1=0.007153 act_convert=0.000954 L2=0.007868
COMPLETE graph=regular-n17-q0 status=PASS max_rss_kib=26884
