CONFIG N=169343 E=2484941 Din=128 C=40 threads=16 check_runs=1 warmups=1 repeats=3 degree_sort_ms=16.502163 seed=11 untrained=true LR_policy=fp32 panel=64 tile_rows=16 attention_independent=true master_abs_gate=.003 performance=EXPLORATORY task_accuracy=UNVERIFIED
STATIC layer=1 weight_and_bLR_prepare_ms=9.502292 heads_workspace_bytes=283556224 full_Z_bytes=0 edge_score_bytes=0 alpha_bytes=0 optimized_U_bytes=1048576 local_V_bytes=262144
STATIC layer=2 weight_and_bLR_prepare_ms=0.274001 heads_workspace_bytes=328349824 full_Z_bytes=0 edge_score_bytes=0 alpha_bytes=0 optimized_U_bytes=2097152 local_V_bytes=262144
STATIC layer=3 weight_and_bLR_prepare_ms=0.065606 heads_workspace_bytes=122516784 full_Z_bytes=0 edge_score_bytes=0 alpha_bytes=0 optimized_U_bytes=0 local_V_bytes=0
CHECK path=B0_FP32 layer=1 reference=B0_FP32_own_output_3layer max_abs_error=0 mean_abs_error=0 relative_L2_error=0 finite=1 original_abs_003_gate=PASS task_accuracy=UNVERIFIED
CHECK path=B0_FP32 layer=2 reference=B0_FP32_own_output_3layer max_abs_error=0 mean_abs_error=0 relative_L2_error=0 finite=1 original_abs_003_gate=PASS task_accuracy=UNVERIFIED
CHECK path=B0_FP32 layer=3 reference=B0_FP32_own_output_3layer max_abs_error=0 mean_abs_error=0 relative_L2_error=0 finite=1 original_abs_003_gate=PASS task_accuracy=UNVERIFIED
CHECK path=B0_BF16 layer=1 reference=B0_FP32_own_output_3layer max_abs_error=0.00294017791748 mean_abs_error=0.000310601022267 relative_L2_error=0.00190785210806 finite=1 original_abs_003_gate=PASS task_accuracy=UNVERIFIED
CHECK path=B0_BF16 layer=2 reference=B0_FP32_own_output_3layer max_abs_error=0.00309580564499 mean_abs_error=0.00039252464584 relative_L2_error=0.00253741964854 finite=1 original_abs_003_gate=FAIL task_accuracy=UNVERIFIED
CHECK path=B0_BF16 layer=3 reference=B0_FP32_own_output_3layer max_abs_error=0.00333481281996 mean_abs_error=0.000497330746597 relative_L2_error=0.00310539759334 finite=1 original_abs_003_gate=FAIL task_accuracy=UNVERIFIED
CHECK path=B1_TFS_PREMAX layer=1 reference=B0_FP32_own_output_3layer max_abs_error=0.00283050537109 mean_abs_error=0.000324652559823 relative_L2_error=0.00200285454356 finite=1 original_abs_003_gate=PASS task_accuracy=UNVERIFIED
CHECK path=B1_TFS_PREMAX layer=2 reference=B0_FP32_own_output_3layer max_abs_error=0.00316774845123 mean_abs_error=0.000403762014627 relative_L2_error=0.00261417664794 finite=1 original_abs_003_gate=FAIL task_accuracy=UNVERIFIED
CHECK path=B1_TFS_PREMAX layer=3 reference=B0_FP32_own_output_3layer max_abs_error=0.00358102470636 mean_abs_error=0.000507655094412 relative_L2_error=0.00317628988381 finite=1 original_abs_003_gate=FAIL task_accuracy=UNVERIFIED
CHECK path=ICPP_TFS_PAIR_B32 layer=1 reference=B0_FP32_own_output_3layer max_abs_error=0.00283050537109 mean_abs_error=0.000324651427297 relative_L2_error=0.00200284778633 finite=1 original_abs_003_gate=PASS task_accuracy=UNVERIFIED
CHECK path=ICPP_TFS_PAIR_B32 layer=2 reference=B0_FP32_own_output_3layer max_abs_error=0.00316774845123 mean_abs_error=0.000403769447044 relative_L2_error=0.00261402987839 finite=1 original_abs_003_gate=FAIL task_accuracy=UNVERIFIED
CHECK path=ICPP_TFS_PAIR_B32 layer=3 reference=B0_FP32_own_output_3layer max_abs_error=0.00358102470636 mean_abs_error=0.0005077876489 relative_L2_error=0.00317680528182 finite=1 original_abs_003_gate=FAIL task_accuracy=UNVERIFIED
CHECK path=ICPP_TFS_BLOCK_B32 layer=1 reference=B0_FP32_own_output_3layer max_abs_error=0.00367766618729 mean_abs_error=0.000402974093225 relative_L2_error=0.00250756083629 finite=1 original_abs_003_gate=FAIL task_accuracy=UNVERIFIED
CHECK path=ICPP_TFS_BLOCK_B32 layer=2 reference=B0_FP32_own_output_3layer max_abs_error=0.00409214198589 mean_abs_error=0.000468028123412 relative_L2_error=0.00304282338821 finite=1 original_abs_003_gate=FAIL task_accuracy=UNVERIFIED
CHECK path=ICPP_TFS_BLOCK_B32 layer=3 reference=B0_FP32_own_output_3layer max_abs_error=0.00414323806763 mean_abs_error=0.000570826538759 relative_L2_error=0.00353990122698 finite=1 original_abs_003_gate=FAIL task_accuracy=UNVERIFIED
CHECK path=HEADS_AVX_B16 layer=1 reference=B0_FP32_own_output_3layer max_abs_error=0.00367766618729 mean_abs_error=0.000396111277051 relative_L2_error=0.00246728515161 finite=1 original_abs_003_gate=FAIL task_accuracy=UNVERIFIED
CHECK path=HEADS_AVX_B16 layer=2 reference=B0_FP32_own_output_3layer max_abs_error=0.00409214198589 mean_abs_error=0.000462063830941 relative_L2_error=0.00300578274439 finite=1 original_abs_003_gate=FAIL task_accuracy=UNVERIFIED
CHECK path=HEADS_AVX_B16 layer=3 reference=B0_FP32_own_output_3layer max_abs_error=0.00414323806763 mean_abs_error=0.000565700240396 relative_L2_error=0.00351092055201 finite=1 original_abs_003_gate=FAIL task_accuracy=UNVERIFIED
CHECK path=HEADS_AVX_B32 layer=1 reference=B0_FP32_own_output_3layer max_abs_error=0.00367766618729 mean_abs_error=0.000402974093225 relative_L2_error=0.00250756083629 finite=1 original_abs_003_gate=FAIL task_accuracy=UNVERIFIED
CHECK path=HEADS_AVX_B32 layer=2 reference=B0_FP32_own_output_3layer max_abs_error=0.00409214198589 mean_abs_error=0.000468028123412 relative_L2_error=0.00304282338821 finite=1 original_abs_003_gate=FAIL task_accuracy=UNVERIFIED
CHECK path=HEADS_AVX_B32 layer=3 reference=B0_FP32_own_output_3layer max_abs_error=0.00414323806763 mean_abs_error=0.000570826538759 relative_L2_error=0.00353990122698 finite=1 original_abs_003_gate=FAIL task_accuracy=UNVERIFIED
CHECK path=HEADS_AMX_HILO_B16 layer=1 reference=B0_FP32_own_output_3layer max_abs_error=0.00367766618729 mean_abs_error=0.000396111951319 relative_L2_error=0.00246728688116 finite=1 original_abs_003_gate=FAIL task_accuracy=UNVERIFIED
CHECK path=HEADS_AMX_HILO_B16 layer=2 reference=B0_FP32_own_output_3layer max_abs_error=0.00409214198589 mean_abs_error=0.000462056173352 relative_L2_error=0.00300575404759 finite=1 original_abs_003_gate=FAIL task_accuracy=UNVERIFIED
CHECK path=HEADS_AMX_HILO_B16 layer=3 reference=B0_FP32_own_output_3layer max_abs_error=0.00412493944168 mean_abs_error=0.000565664339478 relative_L2_error=0.00351058044257 finite=1 original_abs_003_gate=FAIL task_accuracy=UNVERIFIED
CHECK path=HEADS_AMX_HILO_B32 layer=1 reference=B0_FP32_own_output_3layer max_abs_error=0.00367766618729 mean_abs_error=0.000402975630571 relative_L2_error=0.00250756784611 finite=1 original_abs_003_gate=FAIL task_accuracy=UNVERIFIED
CHECK path=HEADS_AMX_HILO_B32 layer=2 reference=B0_FP32_own_output_3layer max_abs_error=0.00409214198589 mean_abs_error=0.000468033553129 relative_L2_error=0.00304287429274 finite=1 original_abs_003_gate=FAIL task_accuracy=UNVERIFIED
CHECK path=HEADS_AMX_HILO_B32 layer=3 reference=B0_FP32_own_output_3layer max_abs_error=0.00412493944168 mean_abs_error=0.000570825470637 relative_L2_error=0.00354022627733 finite=1 original_abs_003_gate=FAIL task_accuracy=UNVERIFIED
CHECK path=HEADS_AMX_PRELOAD_B16 layer=1 reference=B0_FP32_own_output_3layer max_abs_error=0.00367766618729 mean_abs_error=0.000396111951319 relative_L2_error=0.00246728688116 finite=1 original_abs_003_gate=FAIL task_accuracy=UNVERIFIED
CHECK path=HEADS_AMX_PRELOAD_B16 layer=2 reference=B0_FP32_own_output_3layer max_abs_error=0.00409214198589 mean_abs_error=0.000462056173352 relative_L2_error=0.00300575404759 finite=1 original_abs_003_gate=FAIL task_accuracy=UNVERIFIED
CHECK path=HEADS_AMX_PRELOAD_B16 layer=3 reference=B0_FP32_own_output_3layer max_abs_error=0.00412493944168 mean_abs_error=0.000565664339478 relative_L2_error=0.00351058044257 finite=1 original_abs_003_gate=FAIL task_accuracy=UNVERIFIED
CHECK path=HEADS_AMX_PRELOAD_B32 layer=1 reference=B0_FP32_own_output_3layer max_abs_error=0.00367766618729 mean_abs_error=0.000402975630571 relative_L2_error=0.00250756784611 finite=1 original_abs_003_gate=FAIL task_accuracy=UNVERIFIED
CHECK path=HEADS_AMX_PRELOAD_B32 layer=2 reference=B0_FP32_own_output_3layer max_abs_error=0.00409214198589 mean_abs_error=0.000468033553129 relative_L2_error=0.00304287429274 finite=1 original_abs_003_gate=FAIL task_accuracy=UNVERIFIED
CHECK path=HEADS_AMX_PRELOAD_B32 layer=3 reference=B0_FP32_own_output_3layer max_abs_error=0.00412493944168 mean_abs_error=0.000570825470637 relative_L2_error=0.00354022627733 finite=1 original_abs_003_gate=FAIL task_accuracy=UNVERIFIED
{"path":"B0_FP32","rep":0,"layer":1,"e2e_ms":75.255305,"layer_ms":31.284883,"projection_ms":5.228699,"conversion_ms":3.4e-05,"lr_ms":1.367681,"max_prescan_ms":0.635002,"kernel_ms":20.891225,"normalization_ms":1.495594,"activation_ms":1.666349,"block":0}
{"path":"B0_FP32","rep":0,"layer":2,"e2e_ms":75.255305,"layer_ms":36.201656,"projection_ms":10.154097,"conversion_ms":0.000184,"lr_ms":1.39065,"max_prescan_ms":0.627579,"kernel_ms":20.856232,"normalization_ms":1.502291,"activation_ms":1.670125,"block":0}
{"path":"B0_FP32","rep":0,"layer":3,"e2e_ms":75.255305,"layer_ms":7.765564,"projection_ms":2.977828,"conversion_ms":2.1e-05,"lr_ms":0.23995,"max_prescan_ms":0.413346,"kernel_ms":3.895653,"normalization_ms":0.238362,"activation_ms":3.1e-05,"block":0}
{"path":"B0_BF16","rep":0,"layer":1,"e2e_ms":69.192808,"layer_ms":30.487527,"projection_ms":3.829234,"conversion_ms":0.69606,"lr_ms":1.345946,"max_prescan_ms":0.637971,"kernel_ms":20.806439,"normalization_ms":1.494089,"activation_ms":1.677367,"block":0}
{"path":"B0_BF16","rep":0,"layer":2,"e2e_ms":69.192808,"layer_ms":31.552074,"projection_ms":4.208898,"conversion_ms":1.328607,"lr_ms":1.408005,"max_prescan_ms":0.620218,"kernel_ms":20.807402,"normalization_ms":1.512938,"activation_ms":1.665678,"block":0}
{"path":"B0_BF16","rep":0,"layer":3,"e2e_ms":69.192808,"layer_ms":7.150111,"projection_ms":1.019803,"conversion_ms":1.302218,"lr_ms":0.22256,"max_prescan_ms":0.399763,"kernel_ms":3.950572,"normalization_ms":0.254682,"activation_ms":0.000137,"block":0}
{"path":"B1_TFS_PREMAX","rep":0,"layer":1,"e2e_ms":422.144944,"layer_ms":130.102334,"projection_ms":0,"conversion_ms":0.706518,"lr_ms":0.976542,"max_prescan_ms":0.720732,"kernel_ms":124.513474,"normalization_ms":1.508153,"activation_ms":1.676624,"block":0}
{"path":"B1_TFS_PREMAX","rep":0,"layer":2,"e2e_ms":422.144944,"layer_ms":261.17562,"projection_ms":0,"conversion_ms":1.290283,"lr_ms":1.657889,"max_prescan_ms":0.729225,"kernel_ms":254.422526,"normalization_ms":1.445146,"activation_ms":1.629971,"block":0}
{"path":"B1_TFS_PREMAX","rep":0,"layer":3,"e2e_ms":422.144944,"layer_ms":30.864181,"projection_ms":0,"conversion_ms":1.278976,"lr_ms":1.552279,"max_prescan_ms":0.383294,"kernel_ms":27.425997,"normalization_ms":0.223268,"activation_ms":2.9e-05,"block":0}
{"path":"ICPP_TFS_PAIR_B32","rep":0,"layer":1,"e2e_ms":354.873691,"layer_ms":112.278538,"projection_ms":0,"conversion_ms":0.696931,"lr_ms":0.971868,"max_prescan_ms":0,"kernel_ms":107.530181,"normalization_ms":1.452709,"activation_ms":1.626568,"block":32}
{"path":"ICPP_TFS_PAIR_B32","rep":0,"layer":2,"e2e_ms":354.873691,"layer_ms":212.760962,"projection_ms":0,"conversion_ms":1.268997,"lr_ms":1.647479,"max_prescan_ms":0,"kernel_ms":206.684691,"normalization_ms":1.48349,"activation_ms":1.676054,"block":32}
{"path":"ICPP_TFS_PAIR_B32","rep":0,"layer":3,"e2e_ms":354.873691,"layer_ms":29.826587,"projection_ms":0,"conversion_ms":1.347434,"lr_ms":1.595395,"max_prescan_ms":0,"kernel_ms":26.661705,"normalization_ms":0.221668,"activation_ms":0.000121,"block":32}
{"path":"ICPP_TFS_BLOCK_B32","rep":0,"layer":1,"e2e_ms":305.203481,"layer_ms":96.556961,"projection_ms":0,"conversion_ms":0.694224,"lr_ms":0.968785,"max_prescan_ms":0,"kernel_ms":91.842492,"normalization_ms":1.434099,"activation_ms":1.617153,"block":32}
{"path":"ICPP_TFS_BLOCK_B32","rep":0,"layer":2,"e2e_ms":305.203481,"layer_ms":184.336967,"projection_ms":0,"conversion_ms":1.27474,"lr_ms":1.626608,"max_prescan_ms":0,"kernel_ms":178.252851,"normalization_ms":1.503969,"activation_ms":1.678566,"block":32}
{"path":"ICPP_TFS_BLOCK_B32","rep":0,"layer":3,"e2e_ms":305.203481,"layer_ms":24.302848,"projection_ms":0,"conversion_ms":1.354256,"lr_ms":1.567967,"max_prescan_ms":0,"kernel_ms":21.146635,"normalization_ms":0.233774,"activation_ms":3e-05,"block":32}
{"path":"HEADS_AVX_B16","rep":0,"layer":1,"e2e_ms":136.92792,"layer_ms":40.338749,"projection_ms":0,"conversion_ms":0.627402,"lr_ms":0.986979,"max_prescan_ms":0,"kernel_ms":35.487783,"normalization_ms":1.496827,"activation_ms":1.739278,"block":16}
{"path":"HEADS_AVX_B16","rep":0,"layer":2,"e2e_ms":136.92792,"layer_ms":71.338565,"projection_ms":0,"conversion_ms":1.30509,"lr_ms":1.659152,"max_prescan_ms":0,"kernel_ms":64.941746,"normalization_ms":1.528819,"activation_ms":1.903307,"block":16}
{"path":"HEADS_AVX_B16","rep":0,"layer":3,"e2e_ms":136.92792,"layer_ms":25.241732,"projection_ms":0,"conversion_ms":1.309772,"lr_ms":1.572555,"max_prescan_ms":0,"kernel_ms":22.119147,"normalization_ms":0.239912,"activation_ms":0.000154,"block":16}
{"path":"HEADS_AVX_B32","rep":0,"layer":1,"e2e_ms":119.143467,"layer_ms":35.033881,"projection_ms":0,"conversion_ms":0.628423,"lr_ms":0.972847,"max_prescan_ms":0,"kernel_ms":30.186168,"normalization_ms":1.49432,"activation_ms":1.751885,"block":32}
{"path":"HEADS_AVX_B32","rep":0,"layer":2,"e2e_ms":119.143467,"layer_ms":59.913362,"projection_ms":0,"conversion_ms":1.298993,"lr_ms":1.662342,"max_prescan_ms":0,"kernel_ms":53.778489,"normalization_ms":1.524033,"activation_ms":1.649109,"block":32}
{"path":"HEADS_AVX_B32","rep":0,"layer":3,"e2e_ms":119.143467,"layer_ms":24.187753,"projection_ms":0,"conversion_ms":1.292787,"lr_ms":1.557678,"max_prescan_ms":0,"kernel_ms":21.096901,"normalization_ms":0.239968,"activation_ms":0.000132,"block":32}
{"path":"HEADS_AMX_HILO_B16","rep":0,"layer":1,"e2e_ms":161.34499,"layer_ms":47.952043,"projection_ms":0,"conversion_ms":0.630339,"lr_ms":0.963345,"max_prescan_ms":0,"kernel_ms":43.222184,"normalization_ms":1.483567,"activation_ms":1.652397,"block":16}
{"path":"HEADS_AMX_HILO_B16","rep":0,"layer":2,"e2e_ms":161.34499,"layer_ms":89.542383,"projection_ms":0,"conversion_ms":1.316241,"lr_ms":1.653876,"max_prescan_ms":0,"kernel_ms":83.364681,"normalization_ms":1.537618,"activation_ms":1.669551,"block":16}
{"path":"HEADS_AMX_HILO_B16","rep":0,"layer":3,"e2e_ms":161.34499,"layer_ms":23.843583,"projection_ms":0,"conversion_ms":1.304813,"lr_ms":1.567142,"max_prescan_ms":0,"kernel_ms":20.734254,"normalization_ms":0.237023,"activation_ms":4.6e-05,"block":16}
{"path":"HEADS_AMX_HILO_B32","rep":0,"layer":1,"e2e_ms":133.461486,"layer_ms":38.763223,"projection_ms":0,"conversion_ms":0.623023,"lr_ms":0.975259,"max_prescan_ms":0,"kernel_ms":34.03771,"normalization_ms":1.473338,"activation_ms":1.653532,"block":32}
{"path":"HEADS_AMX_HILO_B32","rep":0,"layer":2,"e2e_ms":133.461486,"layer_ms":71.219845,"projection_ms":0,"conversion_ms":1.306831,"lr_ms":1.661421,"max_prescan_ms":0,"kernel_ms":65.082092,"normalization_ms":1.499031,"activation_ms":1.670172,"block":32}
{"path":"HEADS_AMX_HILO_B32","rep":0,"layer":3,"e2e_ms":133.461486,"layer_ms":23.471191,"projection_ms":0,"conversion_ms":1.298056,"lr_ms":1.568186,"max_prescan_ms":0,"kernel_ms":20.356638,"normalization_ms":0.248013,"activation_ms":3.7e-05,"block":32}
{"path":"HEADS_AMX_PRELOAD_B16","rep":0,"layer":1,"e2e_ms":158.948735,"layer_ms":52.09062,"projection_ms":0,"conversion_ms":0.613882,"lr_ms":0.97347,"max_prescan_ms":0,"kernel_ms":47.363224,"normalization_ms":1.490633,"activation_ms":1.649075,"block":16}
{"path":"HEADS_AMX_PRELOAD_B16","rep":0,"layer":2,"e2e_ms":158.948735,"layer_ms":82.323784,"projection_ms":0,"conversion_ms":1.309279,"lr_ms":1.66976,"max_prescan_ms":0,"kernel_ms":76.153099,"normalization_ms":1.493867,"activation_ms":1.6974,"block":16}
{"path":"HEADS_AMX_PRELOAD_B16","rep":0,"layer":3,"e2e_ms":158.948735,"layer_ms":24.526829,"projection_ms":0,"conversion_ms":1.302615,"lr_ms":1.572146,"max_prescan_ms":0,"kernel_ms":21.411085,"normalization_ms":0.240769,"activation_ms":2.9e-05,"block":16}
{"path":"HEADS_AMX_PRELOAD_B32","rep":0,"layer":1,"e2e_ms":133.427957,"layer_ms":42.104154,"projection_ms":0,"conversion_ms":0.626178,"lr_ms":0.969529,"max_prescan_ms":0,"kernel_ms":37.3768,"normalization_ms":1.476859,"activation_ms":1.654473,"block":32}
{"path":"HEADS_AMX_PRELOAD_B32","rep":0,"layer":2,"e2e_ms":133.427957,"layer_ms":67.065495,"projection_ms":0,"conversion_ms":1.297029,"lr_ms":1.661105,"max_prescan_ms":0,"kernel_ms":60.941773,"normalization_ms":1.494557,"activation_ms":1.670556,"block":32}
{"path":"HEADS_AMX_PRELOAD_B32","rep":0,"layer":3,"e2e_ms":133.427957,"layer_ms":24.252062,"projection_ms":0,"conversion_ms":1.30036,"lr_ms":1.570097,"max_prescan_ms":0,"kernel_ms":21.143633,"normalization_ms":0.237703,"activation_ms":4.9e-05,"block":32}
{"path":"HEADS_AMX_PRELOAD_B32","rep":1,"layer":1,"e2e_ms":133.677593,"layer_ms":42.811741,"projection_ms":0,"conversion_ms":0.62884,"lr_ms":0.963881,"max_prescan_ms":0,"kernel_ms":38.083745,"normalization_ms":1.486519,"activation_ms":1.648413,"block":32}
{"path":"HEADS_AMX_PRELOAD_B32","rep":1,"layer":2,"e2e_ms":133.677593,"layer_ms":66.986197,"projection_ms":0,"conversion_ms":1.301933,"lr_ms":1.654404,"max_prescan_ms":0,"kernel_ms":60.850154,"normalization_ms":1.501675,"activation_ms":1.677564,"block":32}
{"path":"HEADS_AMX_PRELOAD_B32","rep":1,"layer":3,"e2e_ms":133.677593,"layer_ms":23.872949,"projection_ms":0,"conversion_ms":1.279609,"lr_ms":1.565461,"max_prescan_ms":0,"kernel_ms":20.78983,"normalization_ms":0.237838,"activation_ms":2.6e-05,"block":32}
{"path":"HEADS_AMX_PRELOAD_B16","rep":1,"layer":1,"e2e_ms":161.635232,"layer_ms":53.319833,"projection_ms":0,"conversion_ms":0.619417,"lr_ms":0.957156,"max_prescan_ms":0,"kernel_ms":48.606859,"normalization_ms":1.497205,"activation_ms":1.638687,"block":16}
{"path":"HEADS_AMX_PRELOAD_B16","rep":1,"layer":2,"e2e_ms":161.635232,"layer_ms":83.325668,"projection_ms":0,"conversion_ms":1.306839,"lr_ms":1.646322,"max_prescan_ms":0,"kernel_ms":77.193324,"normalization_ms":1.497736,"activation_ms":1.681,"block":16}
{"path":"HEADS_AMX_PRELOAD_B16","rep":1,"layer":3,"e2e_ms":161.635232,"layer_ms":24.984642,"projection_ms":0,"conversion_ms":1.288436,"lr_ms":1.564217,"max_prescan_ms":0,"kernel_ms":21.892103,"normalization_ms":0.23962,"activation_ms":4e-05,"block":16}
{"path":"HEADS_AMX_HILO_B32","rep":1,"layer":1,"e2e_ms":135.417142,"layer_ms":39.715013,"projection_ms":0,"conversion_ms":0.630901,"lr_ms":0.958036,"max_prescan_ms":0,"kernel_ms":34.982088,"normalization_ms":1.486069,"activation_ms":1.657565,"block":32}
{"path":"HEADS_AMX_HILO_B32","rep":1,"layer":2,"e2e_ms":135.417142,"layer_ms":70.860921,"projection_ms":0,"conversion_ms":1.294153,"lr_ms":1.666843,"max_prescan_ms":0,"kernel_ms":64.695133,"normalization_ms":1.549091,"activation_ms":1.655335,"block":32}
{"path":"HEADS_AMX_HILO_B32","rep":1,"layer":3,"e2e_ms":135.417142,"layer_ms":24.83387,"projection_ms":0,"conversion_ms":1.297624,"lr_ms":1.556847,"max_prescan_ms":0,"kernel_ms":21.737226,"normalization_ms":0.241909,"activation_ms":2.6e-05,"block":32}
{"path":"HEADS_AMX_HILO_B16","rep":1,"layer":1,"e2e_ms":166.370304,"layer_ms":49.213542,"projection_ms":0,"conversion_ms":0.635838,"lr_ms":0.967449,"max_prescan_ms":0,"kernel_ms":44.102807,"normalization_ms":1.848037,"activation_ms":1.65908,"block":16}
{"path":"HEADS_AMX_HILO_B16","rep":1,"layer":2,"e2e_ms":166.370304,"layer_ms":92.543316,"projection_ms":0,"conversion_ms":1.286485,"lr_ms":1.661754,"max_prescan_ms":0,"kernel_ms":86.304678,"normalization_ms":1.53771,"activation_ms":1.752379,"block":16}
{"path":"HEADS_AMX_HILO_B16","rep":1,"layer":3,"e2e_ms":166.370304,"layer_ms":24.606777,"projection_ms":0,"conversion_ms":1.308556,"lr_ms":1.5736,"max_prescan_ms":0,"kernel_ms":21.486833,"normalization_ms":0.237477,"activation_ms":3e-05,"block":16}
{"path":"HEADS_AVX_B32","rep":1,"layer":1,"e2e_ms":120.104656,"layer_ms":34.381095,"projection_ms":0,"conversion_ms":0.613899,"lr_ms":0.95648,"max_prescan_ms":0,"kernel_ms":29.527406,"normalization_ms":1.476182,"activation_ms":1.806278,"block":32}
{"path":"HEADS_AVX_B32","rep":1,"layer":2,"e2e_ms":120.104656,"layer_ms":60.8478,"projection_ms":0,"conversion_ms":1.310267,"lr_ms":1.646989,"max_prescan_ms":0,"kernel_ms":54.55303,"normalization_ms":1.499272,"activation_ms":1.837951,"block":32}
{"path":"HEADS_AVX_B32","rep":1,"layer":3,"e2e_ms":120.104656,"layer_ms":24.869324,"projection_ms":0,"conversion_ms":1.292683,"lr_ms":1.564478,"max_prescan_ms":0,"kernel_ms":21.769897,"normalization_ms":0.24194,"activation_ms":6.5e-05,"block":32}
{"path":"HEADS_AVX_B16","rep":1,"layer":1,"e2e_ms":138.437942,"layer_ms":40.991079,"projection_ms":0,"conversion_ms":0.631651,"lr_ms":0.964392,"max_prescan_ms":0,"kernel_ms":35.910914,"normalization_ms":1.493231,"activation_ms":1.990532,"block":16}
{"path":"HEADS_AVX_B16","rep":1,"layer":2,"e2e_ms":138.437942,"layer_ms":72.170676,"projection_ms":0,"conversion_ms":1.285069,"lr_ms":1.637794,"max_prescan_ms":0,"kernel_ms":66.046783,"normalization_ms":1.517993,"activation_ms":1.682752,"block":16}
{"path":"HEADS_AVX_B16","rep":1,"layer":3,"e2e_ms":138.437942,"layer_ms":25.270123,"projection_ms":0,"conversion_ms":1.312495,"lr_ms":1.556835,"max_prescan_ms":0,"kernel_ms":22.154106,"normalization_ms":0.246396,"activation_ms":2.7e-05,"block":16}
{"path":"ICPP_TFS_BLOCK_B32","rep":1,"layer":1,"e2e_ms":308.089056,"layer_ms":96.769547,"projection_ms":0,"conversion_ms":0.619599,"lr_ms":0.970109,"max_prescan_ms":0,"kernel_ms":92.116941,"normalization_ms":1.441655,"activation_ms":1.620927,"block":32}
{"path":"ICPP_TFS_BLOCK_B32","rep":1,"layer":2,"e2e_ms":308.089056,"layer_ms":186.36977,"projection_ms":0,"conversion_ms":1.261292,"lr_ms":1.627776,"max_prescan_ms":0,"kernel_ms":180.310077,"normalization_ms":1.504453,"activation_ms":1.665936,"block":32}
{"path":"ICPP_TFS_BLOCK_B32","rep":1,"layer":3,"e2e_ms":308.089056,"layer_ms":24.943903,"projection_ms":0,"conversion_ms":1.346395,"lr_ms":1.579338,"max_prescan_ms":0,"kernel_ms":21.783892,"normalization_ms":0.234026,"activation_ms":2.9e-05,"block":32}
{"path":"ICPP_TFS_PAIR_B32","rep":1,"layer":1,"e2e_ms":356.293641,"layer_ms":112.071411,"projection_ms":0,"conversion_ms":0.640009,"lr_ms":0.965425,"max_prescan_ms":0,"kernel_ms":107.373788,"normalization_ms":1.449646,"activation_ms":1.642291,"block":32}
{"path":"ICPP_TFS_PAIR_B32","rep":1,"layer":2,"e2e_ms":356.293641,"layer_ms":213.046458,"projection_ms":0,"conversion_ms":1.268187,"lr_ms":1.664283,"max_prescan_ms":0,"kernel_ms":206.957076,"normalization_ms":1.478615,"activation_ms":1.677842,"block":32}
{"path":"ICPP_TFS_PAIR_B32","rep":1,"layer":3,"e2e_ms":356.293641,"layer_ms":31.168716,"projection_ms":0,"conversion_ms":1.337838,"lr_ms":1.568604,"max_prescan_ms":0,"kernel_ms":28.039276,"normalization_ms":0.222693,"activation_ms":3e-05,"block":32}
{"path":"B1_TFS_PREMAX","rep":1,"layer":1,"e2e_ms":421.582743,"layer_ms":131.327861,"projection_ms":0,"conversion_ms":0.721018,"lr_ms":0.963425,"max_prescan_ms":0.70697,"kernel_ms":125.75584,"normalization_ms":1.496973,"activation_ms":1.68331,"block":0}
{"path":"B1_TFS_PREMAX","rep":1,"layer":2,"e2e_ms":421.582743,"layer_ms":261.307561,"projection_ms":0,"conversion_ms":1.289201,"lr_ms":1.675304,"max_prescan_ms":0.723606,"kernel_ms":254.508726,"normalization_ms":1.45673,"activation_ms":1.653648,"block":0}
{"path":"B1_TFS_PREMAX","rep":1,"layer":3,"e2e_ms":421.582743,"layer_ms":28.944797,"projection_ms":0,"conversion_ms":1.289711,"lr_ms":1.546399,"max_prescan_ms":0.385633,"kernel_ms":25.496965,"normalization_ms":0.225602,"activation_ms":0.000152,"block":0}
{"path":"B0_BF16","rep":1,"layer":1,"e2e_ms":69.156563,"layer_ms":30.488624,"projection_ms":3.867269,"conversion_ms":0.693739,"lr_ms":1.336759,"max_prescan_ms":0.628167,"kernel_ms":20.789162,"normalization_ms":1.49777,"activation_ms":1.675309,"block":0}
{"path":"B0_BF16","rep":1,"layer":2,"e2e_ms":69.156563,"layer_ms":31.543054,"projection_ms":4.206744,"conversion_ms":1.322235,"lr_ms":1.41117,"max_prescan_ms":0.61728,"kernel_ms":20.802672,"normalization_ms":1.511242,"activation_ms":1.671389,"block":0}
{"path":"B0_BF16","rep":1,"layer":3,"e2e_ms":69.156563,"layer_ms":7.12168,"projection_ms":1.008693,"conversion_ms":1.28875,"lr_ms":0.227323,"max_prescan_ms":0.405671,"kernel_ms":3.947495,"normalization_ms":0.243327,"activation_ms":2.8e-05,"block":0}
{"path":"B0_FP32","rep":1,"layer":1,"e2e_ms":75.330404,"layer_ms":31.381612,"projection_ms":5.309841,"conversion_ms":3.4e-05,"lr_ms":1.348904,"max_prescan_ms":0.635136,"kernel_ms":20.924985,"normalization_ms":1.487699,"activation_ms":1.674077,"block":0}
{"path":"B0_FP32","rep":1,"layer":2,"e2e_ms":75.330404,"layer_ms":36.126187,"projection_ms":10.1535,"conversion_ms":4e-05,"lr_ms":1.379404,"max_prescan_ms":0.63958,"kernel_ms":20.797829,"normalization_ms":1.488965,"activation_ms":1.666552,"block":0}
{"path":"B0_FP32","rep":1,"layer":3,"e2e_ms":75.330404,"layer_ms":7.82103,"projection_ms":2.984098,"conversion_ms":3e-05,"lr_ms":0.236417,"max_prescan_ms":0.412005,"kernel_ms":3.890162,"normalization_ms":0.297691,"activation_ms":3.1e-05,"block":0}
{"path":"B0_FP32","rep":2,"layer":1,"e2e_ms":75.168079,"layer_ms":31.291734,"projection_ms":5.234834,"conversion_ms":7.6e-05,"lr_ms":1.346608,"max_prescan_ms":0.633027,"kernel_ms":20.921,"normalization_ms":1.488973,"activation_ms":1.66643,"block":0}
{"path":"B0_FP32","rep":2,"layer":2,"e2e_ms":75.168079,"layer_ms":36.093569,"projection_ms":10.133883,"conversion_ms":2.3e-05,"lr_ms":1.379458,"max_prescan_ms":0.62101,"kernel_ms":20.796056,"normalization_ms":1.497806,"activation_ms":1.665049,"block":0}
{"path":"B0_FP32","rep":2,"layer":3,"e2e_ms":75.168079,"layer_ms":7.780881,"projection_ms":2.984627,"conversion_ms":2e-05,"lr_ms":0.240575,"max_prescan_ms":0.408202,"kernel_ms":3.901713,"normalization_ms":0.245471,"activation_ms":2.9e-05,"block":0}
{"path":"B0_BF16","rep":2,"layer":1,"e2e_ms":68.922483,"layer_ms":30.319076,"projection_ms":3.716388,"conversion_ms":0.675877,"lr_ms":1.365393,"max_prescan_ms":0.616544,"kernel_ms":20.784349,"normalization_ms":1.499892,"activation_ms":1.660218,"block":0}
{"path":"B0_BF16","rep":2,"layer":2,"e2e_ms":68.922483,"layer_ms":31.493544,"projection_ms":4.180974,"conversion_ms":1.319801,"lr_ms":1.408995,"max_prescan_ms":0.624666,"kernel_ms":20.777269,"normalization_ms":1.493801,"activation_ms":1.68773,"block":0}
{"path":"B0_BF16","rep":2,"layer":3,"e2e_ms":68.922483,"layer_ms":7.108308,"projection_ms":1.002911,"conversion_ms":1.270389,"lr_ms":0.226785,"max_prescan_ms":0.404089,"kernel_ms":3.959441,"normalization_ms":0.244266,"activation_ms":0.000146,"block":0}
{"path":"B1_TFS_PREMAX","rep":2,"layer":1,"e2e_ms":421.602524,"layer_ms":132.970032,"projection_ms":0,"conversion_ms":0.711405,"lr_ms":0.983268,"max_prescan_ms":0.717957,"kernel_ms":127.39149,"normalization_ms":1.493736,"activation_ms":1.671826,"block":0}
{"path":"B1_TFS_PREMAX","rep":2,"layer":2,"e2e_ms":421.602524,"layer_ms":258.588712,"projection_ms":0,"conversion_ms":1.277499,"lr_ms":1.660417,"max_prescan_ms":0.730934,"kernel_ms":251.838558,"normalization_ms":1.437936,"activation_ms":1.643005,"block":0}
{"path":"B1_TFS_PREMAX","rep":2,"layer":3,"e2e_ms":421.602524,"layer_ms":30.041258,"projection_ms":0,"conversion_ms":1.276056,"lr_ms":1.550983,"max_prescan_ms":0.384524,"kernel_ms":26.596151,"normalization_ms":0.233006,"activation_ms":0.00013,"block":0}
{"path":"ICPP_TFS_PAIR_B32","rep":2,"layer":1,"e2e_ms":355.587728,"layer_ms":110.450129,"projection_ms":0,"conversion_ms":0.693076,"lr_ms":0.980974,"max_prescan_ms":0,"kernel_ms":105.6975,"normalization_ms":1.447858,"activation_ms":1.630494,"block":32}
{"path":"ICPP_TFS_PAIR_B32","rep":2,"layer":2,"e2e_ms":355.587728,"layer_ms":215.64431,"projection_ms":0,"conversion_ms":1.277365,"lr_ms":1.623201,"max_prescan_ms":0,"kernel_ms":209.56156,"normalization_ms":1.486027,"activation_ms":1.695904,"block":32}
{"path":"ICPP_TFS_PAIR_B32","rep":2,"layer":3,"e2e_ms":355.587728,"layer_ms":29.485439,"projection_ms":0,"conversion_ms":1.357566,"lr_ms":1.565617,"max_prescan_ms":0,"kernel_ms":26.336194,"normalization_ms":0.22578,"activation_ms":2.7e-05,"block":32}
{"path":"ICPP_TFS_BLOCK_B32","rep":2,"layer":1,"e2e_ms":307.086132,"layer_ms":96.527258,"projection_ms":0,"conversion_ms":0.685447,"lr_ms":0.992076,"max_prescan_ms":0,"kernel_ms":91.784825,"normalization_ms":1.437598,"activation_ms":1.62699,"block":32}
{"path":"ICPP_TFS_BLOCK_B32","rep":2,"layer":2,"e2e_ms":307.086132,"layer_ms":185.299572,"projection_ms":0,"conversion_ms":1.274918,"lr_ms":1.637507,"max_prescan_ms":0,"kernel_ms":179.209993,"normalization_ms":1.513584,"activation_ms":1.663343,"block":32}
{"path":"ICPP_TFS_BLOCK_B32","rep":2,"layer":3,"e2e_ms":307.086132,"layer_ms":25.252563,"projection_ms":0,"conversion_ms":1.346929,"lr_ms":1.572306,"max_prescan_ms":0,"kernel_ms":22.095995,"normalization_ms":0.237048,"activation_ms":2.6e-05,"block":32}
{"path":"HEADS_AVX_B16","rep":2,"layer":1,"e2e_ms":133.702612,"layer_ms":39.291173,"projection_ms":0,"conversion_ms":0.624575,"lr_ms":0.991465,"max_prescan_ms":0,"kernel_ms":34.353862,"normalization_ms":1.471634,"activation_ms":1.849325,"block":16}
{"path":"HEADS_AVX_B16","rep":2,"layer":2,"e2e_ms":133.702612,"layer_ms":69.929618,"projection_ms":0,"conversion_ms":1.314003,"lr_ms":1.654082,"max_prescan_ms":0,"kernel_ms":63.546045,"normalization_ms":1.526482,"activation_ms":1.888699,"block":16}
{"path":"HEADS_AVX_B16","rep":2,"layer":3,"e2e_ms":133.702612,"layer_ms":24.474078,"projection_ms":0,"conversion_ms":1.310686,"lr_ms":1.567481,"max_prescan_ms":0,"kernel_ms":21.352268,"normalization_ms":0.243311,"activation_ms":2.9e-05,"block":16}
{"path":"HEADS_AVX_B32","rep":2,"layer":1,"e2e_ms":116.355034,"layer_ms":34.476389,"projection_ms":0,"conversion_ms":0.617282,"lr_ms":0.963338,"max_prescan_ms":0,"kernel_ms":29.572852,"normalization_ms":1.475712,"activation_ms":1.84667,"block":32}
{"path":"HEADS_AVX_B32","rep":2,"layer":2,"e2e_ms":116.355034,"layer_ms":56.955061,"projection_ms":0,"conversion_ms":1.31042,"lr_ms":1.656115,"max_prescan_ms":0,"kernel_ms":50.787714,"normalization_ms":1.54634,"activation_ms":1.654062,"block":32}
{"path":"HEADS_AVX_B32","rep":2,"layer":3,"e2e_ms":116.355034,"layer_ms":24.917487,"projection_ms":0,"conversion_ms":1.295864,"lr_ms":1.566384,"max_prescan_ms":0,"kernel_ms":21.817536,"normalization_ms":0.237378,"activation_ms":3e-05,"block":32}
{"path":"HEADS_AMX_HILO_B16","rep":2,"layer":1,"e2e_ms":159.208464,"layer_ms":48.200558,"projection_ms":0,"conversion_ms":0.623464,"lr_ms":0.98858,"max_prescan_ms":0,"kernel_ms":43.45393,"normalization_ms":1.496484,"activation_ms":1.63787,"block":16}
{"path":"HEADS_AMX_HILO_B16","rep":2,"layer":2,"e2e_ms":159.208464,"layer_ms":86.696173,"projection_ms":0,"conversion_ms":1.311644,"lr_ms":1.665245,"max_prescan_ms":0,"kernel_ms":80.511922,"normalization_ms":1.498044,"activation_ms":1.709012,"block":16}
{"path":"HEADS_AMX_HILO_B16","rep":2,"layer":3,"e2e_ms":159.208464,"layer_ms":24.304583,"projection_ms":0,"conversion_ms":1.286099,"lr_ms":1.565726,"max_prescan_ms":0,"kernel_ms":21.212939,"normalization_ms":0.23958,"activation_ms":3.1e-05,"block":16}
{"path":"HEADS_AMX_HILO_B32","rep":2,"layer":1,"e2e_ms":134.821994,"layer_ms":39.619826,"projection_ms":0,"conversion_ms":0.635885,"lr_ms":0.974728,"max_prescan_ms":0,"kernel_ms":34.747578,"normalization_ms":1.606083,"activation_ms":1.65522,"block":32}
{"path":"HEADS_AMX_HILO_B32","rep":2,"layer":2,"e2e_ms":134.821994,"layer_ms":70.859247,"projection_ms":0,"conversion_ms":1.305478,"lr_ms":1.644674,"max_prescan_ms":0,"kernel_ms":64.541374,"normalization_ms":1.597347,"activation_ms":1.770113,"block":32}
{"path":"HEADS_AMX_HILO_B32","rep":2,"layer":3,"e2e_ms":134.821994,"layer_ms":24.336285,"projection_ms":0,"conversion_ms":1.301656,"lr_ms":1.577974,"max_prescan_ms":0,"kernel_ms":21.215274,"normalization_ms":0.24115,"activation_ms":2.9e-05,"block":32}
{"path":"HEADS_AMX_PRELOAD_B16","rep":2,"layer":1,"e2e_ms":161.025471,"layer_ms":52.23238,"projection_ms":0,"conversion_ms":0.631265,"lr_ms":0.986509,"max_prescan_ms":0,"kernel_ms":47.47689,"normalization_ms":1.476709,"activation_ms":1.660641,"block":16}
{"path":"HEADS_AMX_PRELOAD_B16","rep":2,"layer":2,"e2e_ms":161.025471,"layer_ms":83.659079,"projection_ms":0,"conversion_ms":1.302551,"lr_ms":1.65812,"max_prescan_ms":0,"kernel_ms":77.525545,"normalization_ms":1.516285,"activation_ms":1.6562,"block":16}
{"path":"HEADS_AMX_PRELOAD_B16","rep":2,"layer":3,"e2e_ms":161.025471,"layer_ms":25.127957,"projection_ms":0,"conversion_ms":1.309104,"lr_ms":1.556377,"max_prescan_ms":0,"kernel_ms":22.028418,"normalization_ms":0.233807,"activation_ms":1.9e-05,"block":16}
{"path":"HEADS_AMX_PRELOAD_B32","rep":2,"layer":1,"e2e_ms":133.174085,"layer_ms":41.751204,"projection_ms":0,"conversion_ms":0.630086,"lr_ms":0.973797,"max_prescan_ms":0,"kernel_ms":37.020478,"normalization_ms":1.489411,"activation_ms":1.637108,"block":32}
{"path":"HEADS_AMX_PRELOAD_B32","rep":2,"layer":2,"e2e_ms":133.174085,"layer_ms":67.191702,"projection_ms":0,"conversion_ms":1.307714,"lr_ms":1.654132,"max_prescan_ms":0,"kernel_ms":61.058269,"normalization_ms":1.511941,"activation_ms":1.659193,"block":32}
{"path":"HEADS_AMX_PRELOAD_B32","rep":2,"layer":3,"e2e_ms":133.174085,"layer_ms":24.225173,"projection_ms":0,"conversion_ms":1.289779,"lr_ms":1.561358,"max_prescan_ms":0,"kernel_ms":21.126595,"normalization_ms":0.247032,"activation_ms":2.6e-05,"block":32}
CHECK path=HEADS_AVX_B16 layer=2 reference=FP32_same_input_same_contracted_LR_no_ELU max_abs_error=0.00321514904499 mean_abs_error=0.000380668715601 relative_L2_error=0.00227538299324 finite=1 original_abs_003_gate=FAIL task_accuracy=UNVERIFIED
CHECK path=HEADS_AVX_B32 layer=2 reference=FP32_same_input_same_contracted_LR_no_ELU max_abs_error=0.00321514904499 mean_abs_error=0.000388065995958 relative_L2_error=0.00231560304851 finite=1 original_abs_003_gate=FAIL task_accuracy=UNVERIFIED
CHECK path=HEADS_AMX_HILO_B16 layer=2 reference=FP32_same_input_same_contracted_LR_no_ELU max_abs_error=0.00321514904499 mean_abs_error=0.00038066853386 relative_L2_error=0.00227538141887 finite=1 original_abs_003_gate=FAIL task_accuracy=UNVERIFIED
CHECK path=HEADS_AMX_HILO_B32 layer=2 reference=FP32_same_input_same_contracted_LR_no_ELU max_abs_error=0.00321514904499 mean_abs_error=0.000388065552891 relative_L2_error=0.00231560148928 finite=1 original_abs_003_gate=FAIL task_accuracy=UNVERIFIED
CHECK path=HEADS_AMX_PRELOAD_B16 layer=2 reference=FP32_same_input_same_contracted_LR_no_ELU max_abs_error=0.00321514904499 mean_abs_error=0.00038066853386 relative_L2_error=0.00227538141887 finite=1 original_abs_003_gate=FAIL task_accuracy=UNVERIFIED
CHECK path=HEADS_AMX_PRELOAD_B32 layer=2 reference=FP32_same_input_same_contracted_LR_no_ELU max_abs_error=0.00321514904499 mean_abs_error=0.000388065552891 relative_L2_error=0.00231560148928 finite=1 original_abs_003_gate=FAIL task_accuracy=UNVERIFIED
PROFILE_IDENTITY path=HEADS_AVX_B16 layer=1 bit_fingerprint_equal=1
PROFILE path=HEADS_AVX_B16 layer=1 optimized=1 layer_wall_ms=40.774192 kernel_wall_ms=36.013955 sampled_head_tiles=664 worker_times_are_sampled_sums=true source_index_worker_ms=0.038341 score_worker_ms=0.520432 block_max_worker_ms=0.259152 exp_den_worker_ms=0.085866 H_pack_worker_ms=0 P_pack_worker_ms=0 PH_load_worker_ms=0 PH_compute_worker_ms=1.465541 PH_store_scatter_worker_ms=0 UB_convert_worker_ms=0.15876 UW_load_worker_ms=0.382767 UW_compute_worker_ms=0.535362 V_store_worker_ms=0.053813 V_reload_worker_ms=0.034774 row_rescale_worker_ms=0.040253 transition_worker_ms=0.038563 output_write_worker_ms=0.269243 scheduling_worker_ms=0.167554 tile_config_worker_ms=0.034034 fallback_gather_worker_ms=0 fallback_UB_convert_worker_ms=0 fallback_AMX_load_compute_worker_ms=0 baseline_rescale_store_worker_ms=0 baseline_rescale_vector_worker_ms=0.040253 baseline_rescale_reload_worker_ms=0 fallback_final_store_worker_ms=0 instruction_span_timers_have_overhead=true
ONLINE_STATS path=HEADS_AVX_B16 layer=1 block=16 heads=8 D=128 d=32 edges=2484941 blocks=2040112 max_updates_including_initial=1509298 rescales=154554 rescale_per_block=0.0757576054648 P50=0 P90=0 P95=0.333333333333 P99=0.5 rescaled_feature_elements=4945728 rescale_events=34791 spill_bytes=0 reload_bytes=0 UW_calls=1058432 UW_physical_FMA=8670674944 head_tiles=84672 projection_groups=132304
HEAD_WORK path=HEADS_AVX_B16 layer=1 optimized=1 PH_calls=0 PH_physical_FMA=2544579584 PH_useful_FMA=2544579584 raw_H_bytes=636144896 packed_H_bytes=0 UB_scatter_bytes=1044537344 head_switch_store_bytes=270958592 head_switch_reload_bytes=97550336 sparse_width_amplification=4 traffic_is_logical_not_DRAM=true no_full_Z_U_e_alpha=true bounded_V_in_local_memory=true
PROFILE_IDENTITY path=HEADS_AVX_B16 layer=2 bit_fingerprint_equal=1
PROFILE path=HEADS_AVX_B16 layer=2 optimized=1 layer_wall_ms=71.361448 kernel_wall_ms=65.272314 sampled_head_tiles=664 worker_times_are_sampled_sums=true source_index_worker_ms=0.039859 score_worker_ms=0.599188 block_max_worker_ms=0.263631 exp_den_worker_ms=0.066092 H_pack_worker_ms=0 P_pack_worker_ms=0 PH_load_worker_ms=0 PH_compute_worker_ms=2.96112 PH_store_scatter_worker_ms=0 UB_convert_worker_ms=0.387586 UW_load_worker_ms=0.739055 UW_compute_worker_ms=0.709248 V_store_worker_ms=0.05809 V_reload_worker_ms=0.030953 row_rescale_worker_ms=0.0402 transition_worker_ms=0.040075 output_write_worker_ms=0.260609 scheduling_worker_ms=0.168022 tile_config_worker_ms=0.038113 fallback_gather_worker_ms=0 fallback_UB_convert_worker_ms=0 fallback_AMX_load_compute_worker_ms=0 baseline_rescale_store_worker_ms=0 baseline_rescale_vector_worker_ms=0.0402 baseline_rescale_reload_worker_ms=0 fallback_final_store_worker_ms=0 instruction_span_timers_have_overhead=true
ONLINE_STATS path=HEADS_AVX_B16 layer=2 block=16 heads=8 D=256 d=32 edges=2484941 blocks=2040112 max_updates_including_initial=1515362 rescales=160618 rescale_per_block=0.0787299912946 P50=0 P90=0 P95=0.4 P99=0.5 rescaled_feature_elements=5139776 rescale_events=35333 spill_bytes=0 reload_bytes=0 UW_calls=2116864 UW_physical_FMA=17341349888 head_tiles=84672 projection_groups=132304
HEAD_WORK path=HEADS_AVX_B16 layer=2 optimized=1 PH_calls=0 PH_physical_FMA=5089159168 PH_useful_FMA=5089159168 raw_H_bytes=1272289792 packed_H_bytes=0 UB_scatter_bytes=2089074688 head_switch_store_bytes=270958592 head_switch_reload_bytes=97550336 sparse_width_amplification=8 traffic_is_logical_not_DRAM=true no_full_Z_U_e_alpha=true bounded_V_in_local_memory=true
PROFILE_IDENTITY path=HEADS_AVX_B16 layer=3 bit_fingerprint_equal=1
PROFILE path=HEADS_AVX_B16 layer=3 optimized=0 layer_wall_ms=25.430109 kernel_wall_ms=22.414582 sampled_head_tiles=83 worker_times_are_sampled_sums=true source_index_worker_ms=0 score_worker_ms=0.162806 block_max_worker_ms=0.040735 exp_den_worker_ms=0.011604 H_pack_worker_ms=0 P_pack_worker_ms=0 PH_load_worker_ms=0 PH_compute_worker_ms=0 PH_store_scatter_worker_ms=0 UB_convert_worker_ms=0 UW_load_worker_ms=0 UW_compute_worker_ms=0 V_store_worker_ms=0 V_reload_worker_ms=0 row_rescale_worker_ms=0 transition_worker_ms=0 output_write_worker_ms=0.092213 scheduling_worker_ms=0.110722 tile_config_worker_ms=0.041986 fallback_gather_worker_ms=1.224334 fallback_UB_convert_worker_ms=0.055005 fallback_AMX_load_compute_worker_ms=0.152395 baseline_rescale_store_worker_ms=0.003597 baseline_rescale_vector_worker_ms=0.00691 baseline_rescale_reload_worker_ms=0.002273 fallback_final_store_worker_ms=0.008292 instruction_span_timers_have_overhead=true
ONLINE_STATS path=HEADS_AVX_B16 layer=3 block=16 heads=1 D=256 d=40 edges=2484941 blocks=255014 max_updates_including_initial=189541 rescales=20198 rescale_per_block=0.0792034947101 P50=0 P90=0 P95=0.4 P99=0.5 rescaled_feature_elements=807920 rescale_events=4442 spill_bytes=13645824 reload_bytes=13645824 UW_calls=396912 UW_physical_FMA=3251503104 head_tiles=10584 projection_groups=16538
HEAD_WORK path=HEADS_AVX_B16 layer=3 optimized=0 PH_calls=0 PH_physical_FMA=0 PH_useful_FMA=0 raw_H_bytes=0 packed_H_bytes=0 UB_scatter_bytes=0 head_switch_store_bytes=0 head_switch_reload_bytes=0 sparse_width_amplification=6.4 traffic_is_logical_not_DRAM=true no_full_Z_U_e_alpha=true bounded_V_in_local_memory=true
PROFILE_IDENTITY path=HEADS_AVX_B32 layer=1 bit_fingerprint_equal=1
PROFILE path=HEADS_AVX_B32 layer=1 optimized=1 layer_wall_ms=35.535466 kernel_wall_ms=30.797818 sampled_head_tiles=664 worker_times_are_sampled_sums=true source_index_worker_ms=0.045713 score_worker_ms=0.53894 block_max_worker_ms=0.230302 exp_den_worker_ms=0.057297 H_pack_worker_ms=0 P_pack_worker_ms=0 PH_load_worker_ms=0 PH_compute_worker_ms=1.42933 PH_store_scatter_worker_ms=0 UB_convert_worker_ms=0.122749 UW_load_worker_ms=0.304951 UW_compute_worker_ms=0.433854 V_store_worker_ms=0.04505 V_reload_worker_ms=0.019604 row_rescale_worker_ms=0.010979 transition_worker_ms=0.032385 output_write_worker_ms=0.261589 scheduling_worker_ms=0.162852 tile_config_worker_ms=0.037326 fallback_gather_worker_ms=0 fallback_UB_convert_worker_ms=0 fallback_AMX_load_compute_worker_ms=0 baseline_rescale_store_worker_ms=0 baseline_rescale_vector_worker_ms=0.010979 baseline_rescale_reload_worker_ms=0 fallback_final_store_worker_ms=0 instruction_span_timers_have_overhead=true
ONLINE_STATS path=HEADS_AVX_B32 layer=1 block=32 heads=8 D=128 d=32 edges=2484941 blocks=1580688 max_updates_including_initial=1400775 rescales=46031 rescale_per_block=0.0291208638264 P50=0 P90=0 P95=0 P99=0.5 rescaled_feature_elements=1472992 rescale_events=11188 spill_bytes=0 reload_bytes=0 UW_calls=809664 UW_physical_FMA=6632767488 head_tiles=84672 projection_groups=101208
HEAD_WORK path=HEADS_AVX_B32 layer=1 optimized=1 PH_calls=0 PH_physical_FMA=2544579584 PH_useful_FMA=2544579584 raw_H_bytes=636144896 packed_H_bytes=0 UB_scatter_bytes=809312256 head_switch_store_bytes=207273984 head_switch_reload_bytes=33865728 sparse_width_amplification=4 traffic_is_logical_not_DRAM=true no_full_Z_U_e_alpha=true bounded_V_in_local_memory=true
PROFILE_IDENTITY path=HEADS_AVX_B32 layer=2 bit_fingerprint_equal=1
PROFILE path=HEADS_AVX_B32 layer=2 optimized=1 layer_wall_ms=59.312714 kernel_wall_ms=53.218786 sampled_head_tiles=664 worker_times_are_sampled_sums=true source_index_worker_ms=0.040998 score_worker_ms=0.614397 block_max_worker_ms=0.239656 exp_den_worker_ms=0.060386 H_pack_worker_ms=0 P_pack_worker_ms=0 PH_load_worker_ms=0 PH_compute_worker_ms=2.888199 PH_store_scatter_worker_ms=0 UB_convert_worker_ms=0.307447 UW_load_worker_ms=0.589049 UW_compute_worker_ms=0.580951 V_store_worker_ms=0.047937 V_reload_worker_ms=0.019325 row_rescale_worker_ms=0.011118 transition_worker_ms=0.034231 output_write_worker_ms=0.255087 scheduling_worker_ms=0.16604 tile_config_worker_ms=0.038038 fallback_gather_worker_ms=0 fallback_UB_convert_worker_ms=0 fallback_AMX_load_compute_worker_ms=0 baseline_rescale_store_worker_ms=0 baseline_rescale_vector_worker_ms=0.011118 baseline_rescale_reload_worker_ms=0 fallback_final_store_worker_ms=0 instruction_span_timers_have_overhead=true
ONLINE_STATS path=HEADS_AVX_B32 layer=2 block=32 heads=8 D=256 d=32 edges=2484941 blocks=1580688 max_updates_including_initial=1403434 rescales=48690 rescale_per_block=0.0308030427257 P50=0 P90=0 P95=0 P99=0.5 rescaled_feature_elements=1558080 rescale_events=11374 spill_bytes=0 reload_bytes=0 UW_calls=1619328 UW_physical_FMA=13265534976 head_tiles=84672 projection_groups=101208
HEAD_WORK path=HEADS_AVX_B32 layer=2 optimized=1 PH_calls=0 PH_physical_FMA=5089159168 PH_useful_FMA=5089159168 raw_H_bytes=1272289792 packed_H_bytes=0 UB_scatter_bytes=1618624512 head_switch_store_bytes=207273984 head_switch_reload_bytes=33865728 sparse_width_amplification=8 traffic_is_logical_not_DRAM=true no_full_Z_U_e_alpha=true bounded_V_in_local_memory=true
PROFILE_IDENTITY path=HEADS_AVX_B32 layer=3 bit_fingerprint_equal=1
PROFILE path=HEADS_AVX_B32 layer=3 optimized=0 layer_wall_ms=25.773594 kernel_wall_ms=22.727846 sampled_head_tiles=83 worker_times_are_sampled_sums=true source_index_worker_ms=0 score_worker_ms=0.165625 block_max_worker_ms=0.035199 exp_den_worker_ms=0.011364 H_pack_worker_ms=0 P_pack_worker_ms=0 PH_load_worker_ms=0 PH_compute_worker_ms=0 PH_store_scatter_worker_ms=0 UB_convert_worker_ms=0 UW_load_worker_ms=0 UW_compute_worker_ms=0 V_store_worker_ms=0 V_reload_worker_ms=0 row_rescale_worker_ms=0 transition_worker_ms=0 output_write_worker_ms=0.092726 scheduling_worker_ms=0.088911 tile_config_worker_ms=0.039926 fallback_gather_worker_ms=1.235561 fallback_UB_convert_worker_ms=0.041215 fallback_AMX_load_compute_worker_ms=0.128733 baseline_rescale_store_worker_ms=0.001308 baseline_rescale_vector_worker_ms=0.002088 baseline_rescale_reload_worker_ms=0.000909 fallback_final_store_worker_ms=0.008182 instruction_span_timers_have_overhead=true
ONLINE_STATS path=HEADS_AVX_B32 layer=3 block=32 heads=1 D=256 d=40 edges=2484941 blocks=197586 max_updates_including_initial=175526 rescales=6183 rescale_per_block=0.0312927029243 P50=0 P90=0 P95=0 P99=0.5 rescaled_feature_elements=247320 rescale_events=1430 spill_bytes=4392960 reload_bytes=4392960 UW_calls=303624 UW_physical_FMA=2487287808 head_tiles=10584 projection_groups=12651
HEAD_WORK path=HEADS_AVX_B32 layer=3 optimized=0 PH_calls=0 PH_physical_FMA=0 PH_useful_FMA=0 raw_H_bytes=0 packed_H_bytes=0 UB_scatter_bytes=0 head_switch_store_bytes=0 head_switch_reload_bytes=0 sparse_width_amplification=6.4 traffic_is_logical_not_DRAM=true no_full_Z_U_e_alpha=true bounded_V_in_local_memory=true
PROFILE_IDENTITY path=HEADS_AMX_HILO_B16 layer=1 bit_fingerprint_equal=1
PROFILE path=HEADS_AMX_HILO_B16 layer=1 optimized=1 layer_wall_ms=50.652278 kernel_wall_ms=45.927175 sampled_head_tiles=664 worker_times_are_sampled_sums=true source_index_worker_ms=0.040953 score_worker_ms=0.538733 block_max_worker_ms=0.261184 exp_den_worker_ms=0.063653 H_pack_worker_ms=1.065696 P_pack_worker_ms=0.254804 PH_load_worker_ms=1.021852 PH_compute_worker_ms=1.419362 PH_store_scatter_worker_ms=0.432789 UB_convert_worker_ms=0.162343 UW_load_worker_ms=0.383089 UW_compute_worker_ms=0.437361 V_store_worker_ms=0.058572 V_reload_worker_ms=0.032658 row_rescale_worker_ms=0.040316 transition_worker_ms=0.016374 output_write_worker_ms=0.261516 scheduling_worker_ms=0.168614 tile_config_worker_ms=0.035463 fallback_gather_worker_ms=0 fallback_UB_convert_worker_ms=0 fallback_AMX_load_compute_worker_ms=0 baseline_rescale_store_worker_ms=0 baseline_rescale_vector_worker_ms=0.040316 baseline_rescale_reload_worker_ms=0 fallback_final_store_worker_ms=0 instruction_span_timers_have_overhead=true
ONLINE_STATS path=HEADS_AMX_HILO_B16 layer=1 block=16 heads=8 D=128 d=32 edges=2484941 blocks=2040112 max_updates_including_initial=1509298 rescales=154554 rescale_per_block=0.0757576054648 P50=0 P90=0 P95=0.333333333333 P99=0.5 rescaled_feature_elements=4945728 rescale_events=34791 spill_bytes=0 reload_bytes=0 UW_calls=1058432 UW_physical_FMA=8670674944 head_tiles=84672 projection_groups=132304
HEAD_WORK path=HEADS_AMX_HILO_B16 layer=1 optimized=1 PH_calls=4080224 PH_physical_FMA=16712597504 PH_useful_FMA=2544579584 raw_H_bytes=636144896 packed_H_bytes=2089074688 UB_scatter_bytes=1044537344 head_switch_store_bytes=270958592 head_switch_reload_bytes=97550336 sparse_width_amplification=4 traffic_is_logical_not_DRAM=true no_full_Z_U_e_alpha=true bounded_V_in_local_memory=true
PROFILE_IDENTITY path=HEADS_AMX_HILO_B16 layer=2 bit_fingerprint_equal=1
PROFILE path=HEADS_AMX_HILO_B16 layer=2 optimized=1 layer_wall_ms=88.966963 kernel_wall_ms=82.880256 sampled_head_tiles=664 worker_times_are_sampled_sums=true source_index_worker_ms=0.039237 score_worker_ms=0.67951 block_max_worker_ms=0.275466 exp_den_worker_ms=0.070252 H_pack_worker_ms=3.462255 P_pack_worker_ms=0.247316 PH_load_worker_ms=2.155511 PH_compute_worker_ms=2.367752 PH_store_scatter_worker_ms=0.887885 UB_convert_worker_ms=0.396489 UW_load_worker_ms=0.716336 UW_compute_worker_ms=0.610137 V_store_worker_ms=0.059821 V_reload_worker_ms=0.032915 row_rescale_worker_ms=0.040901 transition_worker_ms=0.018806 output_write_worker_ms=0.24094 scheduling_worker_ms=0.166472 tile_config_worker_ms=0.038599 fallback_gather_worker_ms=0 fallback_UB_convert_worker_ms=0 fallback_AMX_load_compute_worker_ms=0 baseline_rescale_store_worker_ms=0 baseline_rescale_vector_worker_ms=0.040901 baseline_rescale_reload_worker_ms=0 fallback_final_store_worker_ms=0 instruction_span_timers_have_overhead=true
ONLINE_STATS path=HEADS_AMX_HILO_B16 layer=2 block=16 heads=8 D=256 d=32 edges=2484941 blocks=2040112 max_updates_including_initial=1515365 rescales=160621 rescale_per_block=0.0787314618021 P50=0 P90=0 P95=0.4 P99=0.5 rescaled_feature_elements=5139872 rescale_events=35332 spill_bytes=0 reload_bytes=0 UW_calls=2116864 UW_physical_FMA=17341349888 head_tiles=84672 projection_groups=132304
HEAD_WORK path=HEADS_AMX_HILO_B16 layer=2 optimized=1 PH_calls=8160448 PH_physical_FMA=33425195008 PH_useful_FMA=5089159168 raw_H_bytes=1272289792 packed_H_bytes=4178149376 UB_scatter_bytes=2089074688 head_switch_store_bytes=270958592 head_switch_reload_bytes=97550336 sparse_width_amplification=8 traffic_is_logical_not_DRAM=true no_full_Z_U_e_alpha=true bounded_V_in_local_memory=true
PROFILE_IDENTITY path=HEADS_AMX_HILO_B16 layer=3 bit_fingerprint_equal=1
PROFILE path=HEADS_AMX_HILO_B16 layer=3 optimized=0 layer_wall_ms=24.969384 kernel_wall_ms=21.903783 sampled_head_tiles=83 worker_times_are_sampled_sums=true source_index_worker_ms=0 score_worker_ms=0.16086 block_max_worker_ms=0.041744 exp_den_worker_ms=0.011441 H_pack_worker_ms=0 P_pack_worker_ms=0 PH_load_worker_ms=0 PH_compute_worker_ms=0 PH_store_scatter_worker_ms=0 UB_convert_worker_ms=0 UW_load_worker_ms=0 UW_compute_worker_ms=0 V_store_worker_ms=0 V_reload_worker_ms=0 row_rescale_worker_ms=0 transition_worker_ms=0 output_write_worker_ms=0.090923 scheduling_worker_ms=0.094066 tile_config_worker_ms=0.035657 fallback_gather_worker_ms=1.222728 fallback_UB_convert_worker_ms=0.051788 fallback_AMX_load_compute_worker_ms=0.143102 baseline_rescale_store_worker_ms=0.003693 baseline_rescale_vector_worker_ms=0.007364 baseline_rescale_reload_worker_ms=0.0026 fallback_final_store_worker_ms=0.008116 instruction_span_timers_have_overhead=true
ONLINE_STATS path=HEADS_AMX_HILO_B16 layer=3 block=16 heads=1 D=256 d=40 edges=2484941 blocks=255014 max_updates_including_initial=189548 rescales=20205 rescale_per_block=0.0792309441835 P50=0 P90=0 P95=0.4 P99=0.5 rescaled_feature_elements=808200 rescale_events=4443 spill_bytes=13648896 reload_bytes=13648896 UW_calls=396912 UW_physical_FMA=3251503104 head_tiles=10584 projection_groups=16538
HEAD_WORK path=HEADS_AMX_HILO_B16 layer=3 optimized=0 PH_calls=0 PH_physical_FMA=0 PH_useful_FMA=0 raw_H_bytes=0 packed_H_bytes=0 UB_scatter_bytes=0 head_switch_store_bytes=0 head_switch_reload_bytes=0 sparse_width_amplification=6.4 traffic_is_logical_not_DRAM=true no_full_Z_U_e_alpha=true bounded_V_in_local_memory=true
PROFILE_IDENTITY path=HEADS_AMX_HILO_B32 layer=1 bit_fingerprint_equal=1
PROFILE path=HEADS_AMX_HILO_B32 layer=1 optimized=1 layer_wall_ms=40.255086 kernel_wall_ms=35.520871 sampled_head_tiles=664 worker_times_are_sampled_sums=true source_index_worker_ms=0.042014 score_worker_ms=0.55184 block_max_worker_ms=0.228484 exp_den_worker_ms=0.056068 H_pack_worker_ms=0.97606 P_pack_worker_ms=0.196196 PH_load_worker_ms=0.805005 PH_compute_worker_ms=1.104139 PH_store_scatter_worker_ms=0.345492 UB_convert_worker_ms=0.132563 UW_load_worker_ms=0.294257 UW_compute_worker_ms=0.344941 V_store_worker_ms=0.044297 V_reload_worker_ms=0.019626 row_rescale_worker_ms=0.01153 transition_worker_ms=0.01253 output_write_worker_ms=0.25 scheduling_worker_ms=0.1715 tile_config_worker_ms=0.037819 fallback_gather_worker_ms=0 fallback_UB_convert_worker_ms=0 fallback_AMX_load_compute_worker_ms=0 baseline_rescale_store_worker_ms=0 baseline_rescale_vector_worker_ms=0.01153 baseline_rescale_reload_worker_ms=0 fallback_final_store_worker_ms=0 instruction_span_timers_have_overhead=true
ONLINE_STATS path=HEADS_AMX_HILO_B32 layer=1 block=32 heads=8 D=128 d=32 edges=2484941 blocks=1580688 max_updates_including_initial=1400775 rescales=46031 rescale_per_block=0.0291208638264 P50=0 P90=0 P95=0 P99=0.5 rescaled_feature_elements=1472992 rescale_events=11188 spill_bytes=0 reload_bytes=0 UW_calls=809664 UW_physical_FMA=6632767488 head_tiles=84672 projection_groups=101208
HEAD_WORK path=HEADS_AMX_HILO_B32 layer=1 optimized=1 PH_calls=3161376 PH_physical_FMA=12948996096 PH_useful_FMA=2544579584 raw_H_bytes=636144896 packed_H_bytes=1618624512 UB_scatter_bytes=809312256 head_switch_store_bytes=207273984 head_switch_reload_bytes=33865728 sparse_width_amplification=4 traffic_is_logical_not_DRAM=true no_full_Z_U_e_alpha=true bounded_V_in_local_memory=true
PROFILE_IDENTITY path=HEADS_AMX_HILO_B32 layer=2 bit_fingerprint_equal=1
PROFILE path=HEADS_AMX_HILO_B32 layer=2 optimized=1 layer_wall_ms=73.251457 kernel_wall_ms=67.161011 sampled_head_tiles=664 worker_times_are_sampled_sums=true source_index_worker_ms=0.039241 score_worker_ms=0.711183 block_max_worker_ms=0.25704 exp_den_worker_ms=0.064618 H_pack_worker_ms=3.003983 P_pack_worker_ms=0.223892 PH_load_worker_ms=1.776843 PH_compute_worker_ms=2.004757 PH_store_scatter_worker_ms=0.696649 UB_convert_worker_ms=0.306338 UW_load_worker_ms=0.571288 UW_compute_worker_ms=0.482419 V_store_worker_ms=0.04914 V_reload_worker_ms=0.019406 row_rescale_worker_ms=0.011558 transition_worker_ms=0.01573 output_write_worker_ms=0.238516 scheduling_worker_ms=0.171613 tile_config_worker_ms=0.039163 fallback_gather_worker_ms=0 fallback_UB_convert_worker_ms=0 fallback_AMX_load_compute_worker_ms=0 baseline_rescale_store_worker_ms=0 baseline_rescale_vector_worker_ms=0.011558 baseline_rescale_reload_worker_ms=0 fallback_final_store_worker_ms=0 instruction_span_timers_have_overhead=true
ONLINE_STATS path=HEADS_AMX_HILO_B32 layer=2 block=32 heads=8 D=256 d=32 edges=2484941 blocks=1580688 max_updates_including_initial=1403435 rescales=48691 rescale_per_block=0.0308036753616 P50=0 P90=0 P95=0 P99=0.5 rescaled_feature_elements=1558112 rescale_events=11374 spill_bytes=0 reload_bytes=0 UW_calls=1619328 UW_physical_FMA=13265534976 head_tiles=84672 projection_groups=101208
HEAD_WORK path=HEADS_AMX_HILO_B32 layer=2 optimized=1 PH_calls=6322752 PH_physical_FMA=25897992192 PH_useful_FMA=5089159168 raw_H_bytes=1272289792 packed_H_bytes=3237249024 UB_scatter_bytes=1618624512 head_switch_store_bytes=207273984 head_switch_reload_bytes=33865728 sparse_width_amplification=8 traffic_is_logical_not_DRAM=true no_full_Z_U_e_alpha=true bounded_V_in_local_memory=true
PROFILE_IDENTITY path=HEADS_AMX_HILO_B32 layer=3 bit_fingerprint_equal=1
PROFILE path=HEADS_AMX_HILO_B32 layer=3 optimized=0 layer_wall_ms=25.755687 kernel_wall_ms=22.708307 sampled_head_tiles=83 worker_times_are_sampled_sums=true source_index_worker_ms=0 score_worker_ms=0.1665 block_max_worker_ms=0.035382 exp_den_worker_ms=0.010923 H_pack_worker_ms=0 P_pack_worker_ms=0 PH_load_worker_ms=0 PH_compute_worker_ms=0 PH_store_scatter_worker_ms=0 UB_convert_worker_ms=0 UW_load_worker_ms=0 UW_compute_worker_ms=0 V_store_worker_ms=0 V_reload_worker_ms=0 row_rescale_worker_ms=0 transition_worker_ms=0 output_write_worker_ms=0.092202 scheduling_worker_ms=0.082982 tile_config_worker_ms=0.040182 fallback_gather_worker_ms=1.252015 fallback_UB_convert_worker_ms=0.044214 fallback_AMX_load_compute_worker_ms=0.136593 baseline_rescale_store_worker_ms=0.001285 baseline_rescale_vector_worker_ms=0.002573 baseline_rescale_reload_worker_ms=0.000896 fallback_final_store_worker_ms=0.008299 instruction_span_timers_have_overhead=true
ONLINE_STATS path=HEADS_AMX_HILO_B32 layer=3 block=32 heads=1 D=256 d=40 edges=2484941 blocks=197586 max_updates_including_initial=175524 rescales=6181 rescale_per_block=0.0312825807496 P50=0 P90=0 P95=0 P99=0.5 rescaled_feature_elements=247240 rescale_events=1430 spill_bytes=4392960 reload_bytes=4392960 UW_calls=303624 UW_physical_FMA=2487287808 head_tiles=10584 projection_groups=12651
HEAD_WORK path=HEADS_AMX_HILO_B32 layer=3 optimized=0 PH_calls=0 PH_physical_FMA=0 PH_useful_FMA=0 raw_H_bytes=0 packed_H_bytes=0 UB_scatter_bytes=0 head_switch_store_bytes=0 head_switch_reload_bytes=0 sparse_width_amplification=6.4 traffic_is_logical_not_DRAM=true no_full_Z_U_e_alpha=true bounded_V_in_local_memory=true
PROFILE_IDENTITY path=HEADS_AMX_PRELOAD_B16 layer=1 bit_fingerprint_equal=1
PROFILE path=HEADS_AMX_PRELOAD_B16 layer=1 optimized=1 layer_wall_ms=52.574415 kernel_wall_ms=47.830753 sampled_head_tiles=664 worker_times_are_sampled_sums=true source_index_worker_ms=0.037166 score_worker_ms=0.558459 block_max_worker_ms=0.266977 exp_den_worker_ms=0.065547 H_pack_worker_ms=1.08096 P_pack_worker_ms=0.362169 PH_load_worker_ms=0.928919 PH_compute_worker_ms=1.444821 PH_store_scatter_worker_ms=0.44997 UB_convert_worker_ms=0.161388 UW_load_worker_ms=0.372092 UW_compute_worker_ms=0.427955 V_store_worker_ms=0.053226 V_reload_worker_ms=0.031573 row_rescale_worker_ms=0.040718 transition_worker_ms=0.01937 output_write_worker_ms=0.259752 scheduling_worker_ms=0.18175 tile_config_worker_ms=0.035088 fallback_gather_worker_ms=0 fallback_UB_convert_worker_ms=0 fallback_AMX_load_compute_worker_ms=0 baseline_rescale_store_worker_ms=0 baseline_rescale_vector_worker_ms=0.040718 baseline_rescale_reload_worker_ms=0 fallback_final_store_worker_ms=0 instruction_span_timers_have_overhead=true
ONLINE_STATS path=HEADS_AMX_PRELOAD_B16 layer=1 block=16 heads=8 D=128 d=32 edges=2484941 blocks=2040112 max_updates_including_initial=1509298 rescales=154554 rescale_per_block=0.0757576054648 P50=0 P90=0 P95=0.333333333333 P99=0.5 rescaled_feature_elements=4945728 rescale_events=34791 spill_bytes=0 reload_bytes=0 UW_calls=1058432 UW_physical_FMA=8670674944 head_tiles=84672 projection_groups=132304
HEAD_WORK path=HEADS_AMX_PRELOAD_B16 layer=1 optimized=1 PH_calls=4080224 PH_physical_FMA=16712597504 PH_useful_FMA=2544579584 raw_H_bytes=636144896 packed_H_bytes=2089074688 UB_scatter_bytes=1044537344 head_switch_store_bytes=270958592 head_switch_reload_bytes=97550336 sparse_width_amplification=4 traffic_is_logical_not_DRAM=true no_full_Z_U_e_alpha=true bounded_V_in_local_memory=true
PROFILE_IDENTITY path=HEADS_AMX_PRELOAD_B16 layer=2 bit_fingerprint_equal=1
PROFILE path=HEADS_AMX_PRELOAD_B16 layer=2 optimized=1 layer_wall_ms=88.358728 kernel_wall_ms=82.260676 sampled_head_tiles=664 worker_times_are_sampled_sums=true source_index_worker_ms=0.040147 score_worker_ms=0.664186 block_max_worker_ms=0.286879 exp_den_worker_ms=0.073346 H_pack_worker_ms=2.686463 P_pack_worker_ms=0.236323 PH_load_worker_ms=1.346612 PH_compute_worker_ms=2.252254 PH_store_scatter_worker_ms=0.919598 UB_convert_worker_ms=0.376597 UW_load_worker_ms=0.736781 UW_compute_worker_ms=0.607524 V_store_worker_ms=0.060822 V_reload_worker_ms=0.03263 row_rescale_worker_ms=0.042768 transition_worker_ms=0.026361 output_write_worker_ms=0.238471 scheduling_worker_ms=0.16326 tile_config_worker_ms=0.034472 fallback_gather_worker_ms=0 fallback_UB_convert_worker_ms=0 fallback_AMX_load_compute_worker_ms=0 baseline_rescale_store_worker_ms=0 baseline_rescale_vector_worker_ms=0.042768 baseline_rescale_reload_worker_ms=0 fallback_final_store_worker_ms=0 instruction_span_timers_have_overhead=true
ONLINE_STATS path=HEADS_AMX_PRELOAD_B16 layer=2 block=16 heads=8 D=256 d=32 edges=2484941 blocks=2040112 max_updates_including_initial=1515365 rescales=160621 rescale_per_block=0.0787314618021 P50=0 P90=0 P95=0.4 P99=0.5 rescaled_feature_elements=5139872 rescale_events=35332 spill_bytes=0 reload_bytes=0 UW_calls=2116864 UW_physical_FMA=17341349888 head_tiles=84672 projection_groups=132304
HEAD_WORK path=HEADS_AMX_PRELOAD_B16 layer=2 optimized=1 PH_calls=8160448 PH_physical_FMA=33425195008 PH_useful_FMA=5089159168 raw_H_bytes=1272289792 packed_H_bytes=4178149376 UB_scatter_bytes=2089074688 head_switch_store_bytes=270958592 head_switch_reload_bytes=97550336 sparse_width_amplification=8 traffic_is_logical_not_DRAM=true no_full_Z_U_e_alpha=true bounded_V_in_local_memory=true
PROFILE_IDENTITY path=HEADS_AMX_PRELOAD_B16 layer=3 bit_fingerprint_equal=1
PROFILE path=HEADS_AMX_PRELOAD_B16 layer=3 optimized=0 layer_wall_ms=26.084144 kernel_wall_ms=23.032246 sampled_head_tiles=83 worker_times_are_sampled_sums=true source_index_worker_ms=0 score_worker_ms=0.163192 block_max_worker_ms=0.039114 exp_den_worker_ms=0.011961 H_pack_worker_ms=0 P_pack_worker_ms=0 PH_load_worker_ms=0 PH_compute_worker_ms=0 PH_store_scatter_worker_ms=0 UB_convert_worker_ms=0 UW_load_worker_ms=0 UW_compute_worker_ms=0 V_store_worker_ms=0 V_reload_worker_ms=0 row_rescale_worker_ms=0 transition_worker_ms=0 output_write_worker_ms=0.095101 scheduling_worker_ms=0.09511 tile_config_worker_ms=0.040504 fallback_gather_worker_ms=1.238884 fallback_UB_convert_worker_ms=0.053311 fallback_AMX_load_compute_worker_ms=0.146792 baseline_rescale_store_worker_ms=0.004085 baseline_rescale_vector_worker_ms=0.006885 baseline_rescale_reload_worker_ms=0.002465 fallback_final_store_worker_ms=0.008119 instruction_span_timers_have_overhead=true
ONLINE_STATS path=HEADS_AMX_PRELOAD_B16 layer=3 block=16 heads=1 D=256 d=40 edges=2484941 blocks=255014 max_updates_including_initial=189548 rescales=20205 rescale_per_block=0.0792309441835 P50=0 P90=0 P95=0.4 P99=0.5 rescaled_feature_elements=808200 rescale_events=4443 spill_bytes=13648896 reload_bytes=13648896 UW_calls=396912 UW_physical_FMA=3251503104 head_tiles=10584 projection_groups=16538
HEAD_WORK path=HEADS_AMX_PRELOAD_B16 layer=3 optimized=0 PH_calls=0 PH_physical_FMA=0 PH_useful_FMA=0 raw_H_bytes=0 packed_H_bytes=0 UB_scatter_bytes=0 head_switch_store_bytes=0 head_switch_reload_bytes=0 sparse_width_amplification=6.4 traffic_is_logical_not_DRAM=true no_full_Z_U_e_alpha=true bounded_V_in_local_memory=true
PROFILE_IDENTITY path=HEADS_AMX_PRELOAD_B32 layer=1 bit_fingerprint_equal=1
PROFILE path=HEADS_AMX_PRELOAD_B32 layer=1 optimized=1 layer_wall_ms=42.301888 kernel_wall_ms=37.38596 sampled_head_tiles=664 worker_times_are_sampled_sums=true source_index_worker_ms=0.038949 score_worker_ms=0.549876 block_max_worker_ms=0.232223 exp_den_worker_ms=0.055879 H_pack_worker_ms=1.037724 P_pack_worker_ms=0.256829 PH_load_worker_ms=0.729387 PH_compute_worker_ms=1.118681 PH_store_scatter_worker_ms=0.359134 UB_convert_worker_ms=0.128581 UW_load_worker_ms=0.29668 UW_compute_worker_ms=0.335588 V_store_worker_ms=0.044839 V_reload_worker_ms=0.019313 row_rescale_worker_ms=0.011771 transition_worker_ms=0.018963 output_write_worker_ms=0.254034 scheduling_worker_ms=0.167102 tile_config_worker_ms=0.034287 fallback_gather_worker_ms=0 fallback_UB_convert_worker_ms=0 fallback_AMX_load_compute_worker_ms=0 baseline_rescale_store_worker_ms=0 baseline_rescale_vector_worker_ms=0.011771 baseline_rescale_reload_worker_ms=0 fallback_final_store_worker_ms=0 instruction_span_timers_have_overhead=true
ONLINE_STATS path=HEADS_AMX_PRELOAD_B32 layer=1 block=32 heads=8 D=128 d=32 edges=2484941 blocks=1580688 max_updates_including_initial=1400775 rescales=46031 rescale_per_block=0.0291208638264 P50=0 P90=0 P95=0 P99=0.5 rescaled_feature_elements=1472992 rescale_events=11188 spill_bytes=0 reload_bytes=0 UW_calls=809664 UW_physical_FMA=6632767488 head_tiles=84672 projection_groups=101208
HEAD_WORK path=HEADS_AMX_PRELOAD_B32 layer=1 optimized=1 PH_calls=3161376 PH_physical_FMA=12948996096 PH_useful_FMA=2544579584 raw_H_bytes=636144896 packed_H_bytes=1618624512 UB_scatter_bytes=809312256 head_switch_store_bytes=207273984 head_switch_reload_bytes=33865728 sparse_width_amplification=4 traffic_is_logical_not_DRAM=true no_full_Z_U_e_alpha=true bounded_V_in_local_memory=true
PROFILE_IDENTITY path=HEADS_AMX_PRELOAD_B32 layer=2 bit_fingerprint_equal=1
PROFILE path=HEADS_AMX_PRELOAD_B32 layer=2 optimized=1 layer_wall_ms=68.641612 kernel_wall_ms=62.577891 sampled_head_tiles=664 worker_times_are_sampled_sums=true source_index_worker_ms=0.040262 score_worker_ms=0.707913 block_max_worker_ms=0.262494 exp_den_worker_ms=0.063893 H_pack_worker_ms=2.340128 P_pack_worker_ms=0.20046 PH_load_worker_ms=1.089131 PH_compute_worker_ms=1.81068 PH_store_scatter_worker_ms=0.728211 UB_convert_worker_ms=0.304882 UW_load_worker_ms=0.577371 UW_compute_worker_ms=0.480612 V_store_worker_ms=0.049574 V_reload_worker_ms=0.019559 row_rescale_worker_ms=0.010918 transition_worker_ms=0.018038 output_write_worker_ms=0.237579 scheduling_worker_ms=0.16939 tile_config_worker_ms=0.038794 fallback_gather_worker_ms=0 fallback_UB_convert_worker_ms=0 fallback_AMX_load_compute_worker_ms=0 baseline_rescale_store_worker_ms=0 baseline_rescale_vector_worker_ms=0.010918 baseline_rescale_reload_worker_ms=0 fallback_final_store_worker_ms=0 instruction_span_timers_have_overhead=true
ONLINE_STATS path=HEADS_AMX_PRELOAD_B32 layer=2 block=32 heads=8 D=256 d=32 edges=2484941 blocks=1580688 max_updates_including_initial=1403435 rescales=48691 rescale_per_block=0.0308036753616 P50=0 P90=0 P95=0 P99=0.5 rescaled_feature_elements=1558112 rescale_events=11374 spill_bytes=0 reload_bytes=0 UW_calls=1619328 UW_physical_FMA=13265534976 head_tiles=84672 projection_groups=101208
HEAD_WORK path=HEADS_AMX_PRELOAD_B32 layer=2 optimized=1 PH_calls=6322752 PH_physical_FMA=25897992192 PH_useful_FMA=5089159168 raw_H_bytes=1272289792 packed_H_bytes=3237249024 UB_scatter_bytes=1618624512 head_switch_store_bytes=207273984 head_switch_reload_bytes=33865728 sparse_width_amplification=8 traffic_is_logical_not_DRAM=true no_full_Z_U_e_alpha=true bounded_V_in_local_memory=true
PROFILE_IDENTITY path=HEADS_AMX_PRELOAD_B32 layer=3 bit_fingerprint_equal=1
PROFILE path=HEADS_AMX_PRELOAD_B32 layer=3 optimized=0 layer_wall_ms=25.244595 kernel_wall_ms=22.21256 sampled_head_tiles=83 worker_times_are_sampled_sums=true source_index_worker_ms=0 score_worker_ms=0.171298 block_max_worker_ms=0.037128 exp_den_worker_ms=0.010683 H_pack_worker_ms=0 P_pack_worker_ms=0 PH_load_worker_ms=0 PH_compute_worker_ms=0 PH_store_scatter_worker_ms=0 UB_convert_worker_ms=0 UW_load_worker_ms=0 UW_compute_worker_ms=0 V_store_worker_ms=0 V_reload_worker_ms=0 row_rescale_worker_ms=0 transition_worker_ms=0 output_write_worker_ms=0.093947 scheduling_worker_ms=0.080452 tile_config_worker_ms=0.042963 fallback_gather_worker_ms=1.26512 fallback_UB_convert_worker_ms=0.038616 fallback_AMX_load_compute_worker_ms=0.13521 baseline_rescale_store_worker_ms=0.001241 baseline_rescale_vector_worker_ms=0.00264 baseline_rescale_reload_worker_ms=0.000999 fallback_final_store_worker_ms=0.008497 instruction_span_timers_have_overhead=true
ONLINE_STATS path=HEADS_AMX_PRELOAD_B32 layer=3 block=32 heads=1 D=256 d=40 edges=2484941 blocks=197586 max_updates_including_initial=175524 rescales=6181 rescale_per_block=0.0312825807496 P50=0 P90=0 P95=0 P99=0.5 rescaled_feature_elements=247240 rescale_events=1430 spill_bytes=4392960 reload_bytes=4392960 UW_calls=303624 UW_physical_FMA=2487287808 head_tiles=10584 projection_groups=12651
HEAD_WORK path=HEADS_AMX_PRELOAD_B32 layer=3 optimized=0 PH_calls=0 PH_physical_FMA=0 PH_useful_FMA=0 raw_H_bytes=0 packed_H_bytes=0 UB_scatter_bytes=0 head_switch_store_bytes=0 head_switch_reload_bytes=0 sparse_width_amplification=6.4 traffic_is_logical_not_DRAM=true no_full_Z_U_e_alpha=true bounded_V_in_local_memory=true
ICPP_PRELOAD_COMPLETE old_heads_smoke_plus_bitwise_preload_regression=true
ICPP_HEADS_COMPLETE architecture=DegreeSort_TR16_sharedH_PH_AMX_UW_fusion no_global_U_Z_e_alpha=true PH_coefficients=FP32_or_BF16_high_plus_low normalization_FP32=true independent_heads=true bounded_V_in_local_memory=true source_width_amplification_retained=true master_gate=SEE_PER_LAYER_ERRORS performance=EXPLORATORY task_accuracy=UNVERIFIED
