CONFIG N=2449029 E=126167053 Din=100 C=47 threads=16 check_runs=1 warmups=1 repeats=3 degree_sort_ms=324.969131 seed=11 untrained=true LR_policy=fp32 panel=64 tile_rows=16 attention_independent=true master_abs_gate=.003 performance=EXPLORATORY task_accuracy=UNVERIFIED
STATIC layer=1 weight_and_bLR_prepare_ms=1.450057 heads_workspace_bytes=3939808104 full_Z_bytes=0 edge_score_bytes=0 alpha_bytes=0 optimized_U_bytes=1048576 local_V_bytes=262144
STATIC layer=2 weight_and_bLR_prepare_ms=0.293634 heads_workspace_bytes=4705346944 full_Z_bytes=0 edge_score_bytes=0 alpha_bytes=0 optimized_U_bytes=2097152 local_V_bytes=262144
STATIC layer=3 weight_and_bLR_prepare_ms=0.073255 heads_workspace_bytes=1832463516 full_Z_bytes=0 edge_score_bytes=0 alpha_bytes=0 optimized_U_bytes=0 local_V_bytes=0
CHECK path=B0_FP32 layer=1 reference=B0_FP32_own_output_3layer max_abs_error=0 mean_abs_error=0 relative_L2_error=0 finite=1 original_abs_003_gate=PASS task_accuracy=UNVERIFIED
CHECK path=B0_FP32 layer=2 reference=B0_FP32_own_output_3layer max_abs_error=0 mean_abs_error=0 relative_L2_error=0 finite=1 original_abs_003_gate=PASS task_accuracy=UNVERIFIED
CHECK path=B0_FP32 layer=3 reference=B0_FP32_own_output_3layer max_abs_error=0 mean_abs_error=0 relative_L2_error=0 finite=1 original_abs_003_gate=PASS task_accuracy=UNVERIFIED
CHECK path=B0_BF16 layer=1 reference=B0_FP32_own_output_3layer max_abs_error=14.9706115723 mean_abs_error=0.00119692686635 relative_L2_error=0.00353063576973 finite=1 original_abs_003_gate=FAIL task_accuracy=UNVERIFIED
CHECK path=B0_BF16 layer=2 reference=B0_FP32_own_output_3layer max_abs_error=35.8837661743 mean_abs_error=0.00723928537782 relative_L2_error=0.011932822175 finite=1 original_abs_003_gate=FAIL task_accuracy=UNVERIFIED
CHECK path=B0_BF16 layer=3 reference=B0_FP32_own_output_3layer max_abs_error=25.1209583282 mean_abs_error=0.016643214169 relative_L2_error=0.0253783411542 finite=1 original_abs_003_gate=FAIL task_accuracy=UNVERIFIED
CHECK path=B1_TFS_PREMAX layer=1 reference=B0_FP32_own_output_3layer max_abs_error=1.22430419922 mean_abs_error=0.000970540471734 relative_L2_error=0.00227497348632 finite=1 original_abs_003_gate=FAIL task_accuracy=UNVERIFIED
CHECK path=B1_TFS_PREMAX layer=2 reference=B0_FP32_own_output_3layer max_abs_error=25.7524185181 mean_abs_error=0.00527628179888 relative_L2_error=0.00586198824051 finite=1 original_abs_003_gate=FAIL task_accuracy=UNVERIFIED
CHECK path=B1_TFS_PREMAX layer=3 reference=B0_FP32_own_output_3layer max_abs_error=6.08370304108 mean_abs_error=0.0135726650523 relative_L2_error=0.0150830626942 finite=1 original_abs_003_gate=FAIL task_accuracy=UNVERIFIED
CHECK path=ICPP_TFS_PAIR_B32 layer=1 reference=B0_FP32_own_output_3layer max_abs_error=1.22430419922 mean_abs_error=0.000969079499589 relative_L2_error=0.00226808801184 finite=1 original_abs_003_gate=FAIL task_accuracy=UNVERIFIED
CHECK path=ICPP_TFS_PAIR_B32 layer=2 reference=B0_FP32_own_output_3layer max_abs_error=25.6116943359 mean_abs_error=0.00526787531363 relative_L2_error=0.00585282620417 finite=1 original_abs_003_gate=FAIL task_accuracy=UNVERIFIED
CHECK path=ICPP_TFS_PAIR_B32 layer=3 reference=B0_FP32_own_output_3layer max_abs_error=6.01900291443 mean_abs_error=0.0135793652594 relative_L2_error=0.015091784138 finite=1 original_abs_003_gate=FAIL task_accuracy=UNVERIFIED
CHECK path=ICPP_TFS_BLOCK_B32 layer=1 reference=B0_FP32_own_output_3layer max_abs_error=1.22430419922 mean_abs_error=0.00112307183555 relative_L2_error=0.00237683791508 finite=1 original_abs_003_gate=FAIL task_accuracy=UNVERIFIED
CHECK path=ICPP_TFS_BLOCK_B32 layer=2 reference=B0_FP32_own_output_3layer max_abs_error=26.5632553101 mean_abs_error=0.00557445176782 relative_L2_error=0.00599228985626 finite=1 original_abs_003_gate=FAIL task_accuracy=UNVERIFIED
CHECK path=ICPP_TFS_BLOCK_B32 layer=3 reference=B0_FP32_own_output_3layer max_abs_error=6.04270648956 mean_abs_error=0.013937158962 relative_L2_error=0.0151267222112 finite=1 original_abs_003_gate=FAIL task_accuracy=UNVERIFIED
CHECK path=HEADS_AVX_B16 layer=1 reference=B0_FP32_own_output_3layer max_abs_error=1.22430419922 mean_abs_error=0.00109550909833 relative_L2_error=0.00234437236367 finite=1 original_abs_003_gate=FAIL task_accuracy=UNVERIFIED
CHECK path=HEADS_AVX_B16 layer=2 reference=B0_FP32_own_output_3layer max_abs_error=25.9700012207 mean_abs_error=0.00550684020661 relative_L2_error=0.00594869560261 finite=1 original_abs_003_gate=FAIL task_accuracy=UNVERIFIED
CHECK path=HEADS_AVX_B16 layer=3 reference=B0_FP32_own_output_3layer max_abs_error=6.17544651031 mean_abs_error=0.0139367281983 relative_L2_error=0.0152522564879 finite=1 original_abs_003_gate=FAIL task_accuracy=UNVERIFIED
CHECK path=HEADS_AVX_B32 layer=1 reference=B0_FP32_own_output_3layer max_abs_error=1.22430419922 mean_abs_error=0.00112307183555 relative_L2_error=0.00237683791508 finite=1 original_abs_003_gate=FAIL task_accuracy=UNVERIFIED
CHECK path=HEADS_AVX_B32 layer=2 reference=B0_FP32_own_output_3layer max_abs_error=26.5632553101 mean_abs_error=0.00557445176782 relative_L2_error=0.00599228985626 finite=1 original_abs_003_gate=FAIL task_accuracy=UNVERIFIED
CHECK path=HEADS_AVX_B32 layer=3 reference=B0_FP32_own_output_3layer max_abs_error=6.04270648956 mean_abs_error=0.013937158962 relative_L2_error=0.0151267222112 finite=1 original_abs_003_gate=FAIL task_accuracy=UNVERIFIED
CHECK path=HEADS_AMX_HILO_B16 layer=1 reference=B0_FP32_own_output_3layer max_abs_error=1.22430419922 mean_abs_error=0.00109550999671 relative_L2_error=0.00234436961049 finite=1 original_abs_003_gate=FAIL task_accuracy=UNVERIFIED
CHECK path=HEADS_AMX_HILO_B16 layer=2 reference=B0_FP32_own_output_3layer max_abs_error=25.9700012207 mean_abs_error=0.00550685473762 relative_L2_error=0.00594877778443 finite=1 original_abs_003_gate=FAIL task_accuracy=UNVERIFIED
CHECK path=HEADS_AMX_HILO_B16 layer=3 reference=B0_FP32_own_output_3layer max_abs_error=6.17698764801 mean_abs_error=0.0139367233956 relative_L2_error=0.0152524196006 finite=1 original_abs_003_gate=FAIL task_accuracy=UNVERIFIED
CHECK path=HEADS_AMX_HILO_B32 layer=1 reference=B0_FP32_own_output_3layer max_abs_error=1.22430419922 mean_abs_error=0.00112307320073 relative_L2_error=0.0023768413373 finite=1 original_abs_003_gate=FAIL task_accuracy=UNVERIFIED
CHECK path=HEADS_AMX_HILO_B32 layer=2 reference=B0_FP32_own_output_3layer max_abs_error=26.5632553101 mean_abs_error=0.00557452984133 relative_L2_error=0.00599229493369 finite=1 original_abs_003_gate=FAIL task_accuracy=UNVERIFIED
CHECK path=HEADS_AMX_HILO_B32 layer=3 reference=B0_FP32_own_output_3layer max_abs_error=6.04773712158 mean_abs_error=0.0139367453552 relative_L2_error=0.0151268067135 finite=1 original_abs_003_gate=FAIL task_accuracy=UNVERIFIED
CHECK path=HEADS_AMX_PRELOAD_B16 layer=1 reference=B0_FP32_own_output_3layer max_abs_error=1.22430419922 mean_abs_error=0.00109550999671 relative_L2_error=0.00234436961049 finite=1 original_abs_003_gate=FAIL task_accuracy=UNVERIFIED
CHECK path=HEADS_AMX_PRELOAD_B16 layer=2 reference=B0_FP32_own_output_3layer max_abs_error=25.9700012207 mean_abs_error=0.00550685473762 relative_L2_error=0.00594877778443 finite=1 original_abs_003_gate=FAIL task_accuracy=UNVERIFIED
CHECK path=HEADS_AMX_PRELOAD_B16 layer=3 reference=B0_FP32_own_output_3layer max_abs_error=6.17698764801 mean_abs_error=0.0139367233956 relative_L2_error=0.0152524196006 finite=1 original_abs_003_gate=FAIL task_accuracy=UNVERIFIED
CHECK path=HEADS_AMX_PRELOAD_B32 layer=1 reference=B0_FP32_own_output_3layer max_abs_error=1.22430419922 mean_abs_error=0.00112307320073 relative_L2_error=0.0023768413373 finite=1 original_abs_003_gate=FAIL task_accuracy=UNVERIFIED
CHECK path=HEADS_AMX_PRELOAD_B32 layer=2 reference=B0_FP32_own_output_3layer max_abs_error=26.5632553101 mean_abs_error=0.00557452984133 relative_L2_error=0.00599229493369 finite=1 original_abs_003_gate=FAIL task_accuracy=UNVERIFIED
CHECK path=HEADS_AMX_PRELOAD_B32 layer=3 reference=B0_FP32_own_output_3layer max_abs_error=6.04773712158 mean_abs_error=0.0139367453552 relative_L2_error=0.0151268067135 finite=1 original_abs_003_gate=FAIL task_accuracy=UNVERIFIED
{"path":"B0_FP32","rep":0,"layer":1,"e2e_ms":3878.077184,"layer_ms":1636.677979,"projection_ms":68.577001,"conversion_ms":0.000136,"lr_ms":21.054474,"max_prescan_ms":40.967709,"kernel_ms":1458.547334,"normalization_ms":22.848746,"activation_ms":24.68228,"block":0}
{"path":"B0_FP32","rep":0,"layer":2,"e2e_ms":3878.077184,"layer_ms":1717.02087,"projection_ms":147.708177,"conversion_ms":0.000243,"lr_ms":19.876464,"max_prescan_ms":41.059879,"kernel_ms":1459.938977,"normalization_ms":23.145548,"activation_ms":25.291095,"block":0}
{"path":"B0_FP32","rep":0,"layer":3,"e2e_ms":3878.077184,"layer_ms":524.373762,"projection_ms":68.685893,"conversion_ms":0.000271,"lr_ms":3.764511,"max_prescan_ms":25.853936,"kernel_ms":422.07592,"normalization_ms":3.992787,"activation_ms":3.7e-05,"block":0}
{"path":"B0_BF16","rep":0,"layer":1,"e2e_ms":3773.251413,"layer_ms":1627.896666,"projection_ms":53.282125,"conversion_ms":12.181439,"lr_ms":19.394448,"max_prescan_ms":40.894024,"kernel_ms":1454.625314,"normalization_ms":22.872538,"activation_ms":24.646471,"block":0}
{"path":"B0_BF16","rep":0,"layer":2,"e2e_ms":3773.251413,"layer_ms":1651.716536,"projection_ms":61.113762,"conversion_ms":22.545504,"lr_ms":19.750363,"max_prescan_ms":41.098186,"kernel_ms":1458.857342,"normalization_ms":23.10972,"activation_ms":25.241233,"block":0}
{"path":"B0_BF16","rep":0,"layer":3,"e2e_ms":3773.251413,"layer_ms":493.635172,"projection_ms":14.630035,"conversion_ms":23.741361,"lr_ms":3.687118,"max_prescan_ms":25.94513,"kernel_ms":421.646291,"normalization_ms":3.984764,"activation_ms":3.7e-05,"block":0}
{"path":"B1_TFS_PREMAX","rep":0,"layer":1,"e2e_ms":15134.037344,"layer_ms":4804.297084,"projection_ms":0,"conversion_ms":14.315274,"lr_ms":12.719813,"max_prescan_ms":40.907874,"kernel_ms":4688.089114,"normalization_ms":22.949793,"activation_ms":25.314581,"block":0}
{"path":"B1_TFS_PREMAX","rep":0,"layer":2,"e2e_ms":15134.037344,"layer_ms":9043.882311,"projection_ms":0,"conversion_ms":24.074699,"lr_ms":26.302376,"max_prescan_ms":40.913089,"kernel_ms":8905.693192,"normalization_ms":22.232713,"activation_ms":24.665877,"block":0}
{"path":"B1_TFS_PREMAX","rep":0,"layer":3,"e2e_ms":15134.037344,"layer_ms":1285.852994,"projection_ms":0,"conversion_ms":24.431409,"lr_ms":22.670394,"max_prescan_ms":25.832954,"kernel_ms":1208.818465,"normalization_ms":4.099389,"activation_ms":0.000117,"block":0}
{"path":"ICPP_TFS_PAIR_B32","rep":0,"layer":1,"e2e_ms":10759.101991,"layer_ms":3034.466993,"projection_ms":0,"conversion_ms":11.786643,"lr_ms":12.741416,"max_prescan_ms":0,"kernel_ms":2962.926262,"normalization_ms":22.645318,"activation_ms":24.367108,"block":32}
{"path":"ICPP_TFS_PAIR_B32","rep":0,"layer":2,"e2e_ms":10759.101991,"layer_ms":6417.827928,"projection_ms":0,"conversion_ms":23.485571,"lr_ms":25.832567,"max_prescan_ms":0,"kernel_ms":6321.559589,"normalization_ms":21.999386,"activation_ms":24.9505,"block":32}
{"path":"ICPP_TFS_PAIR_B32","rep":0,"layer":3,"e2e_ms":10759.101991,"layer_ms":1306.791577,"projection_ms":0,"conversion_ms":23.032526,"lr_ms":22.846505,"max_prescan_ms":0,"kernel_ms":1256.764858,"normalization_ms":4.147365,"activation_ms":3.8e-05,"block":32}
{"path":"ICPP_TFS_BLOCK_B32","rep":0,"layer":1,"e2e_ms":14111.322331,"layer_ms":4126.913082,"projection_ms":0,"conversion_ms":11.358501,"lr_ms":12.850267,"max_prescan_ms":0,"kernel_ms":4056.062283,"normalization_ms":22.267693,"activation_ms":24.373974,"block":32}
{"path":"ICPP_TFS_BLOCK_B32","rep":0,"layer":2,"e2e_ms":14111.322331,"layer_ms":8854.6492,"projection_ms":0,"conversion_ms":23.144621,"lr_ms":25.241184,"max_prescan_ms":0,"kernel_ms":8757.387037,"normalization_ms":23.463055,"activation_ms":25.412927,"block":32}
{"path":"ICPP_TFS_BLOCK_B32","rep":0,"layer":3,"e2e_ms":14111.322331,"layer_ms":1129.750991,"projection_ms":0,"conversion_ms":24.35113,"lr_ms":23.433783,"max_prescan_ms":0,"kernel_ms":1077.964028,"normalization_ms":4.001813,"activation_ms":3.5e-05,"block":32}
{"path":"HEADS_AVX_B16","rep":0,"layer":1,"e2e_ms":4756.828928,"layer_ms":1320.01125,"projection_ms":0,"conversion_ms":11.960365,"lr_ms":12.893687,"max_prescan_ms":0,"kernel_ms":1248.959613,"normalization_ms":21.744995,"activation_ms":24.452344,"block":16}
{"path":"HEADS_AVX_B16","rep":0,"layer":2,"e2e_ms":4756.828928,"layer_ms":2445.47331,"projection_ms":0,"conversion_ms":24.124844,"lr_ms":25.958745,"max_prescan_ms":0,"kernel_ms":2344.712143,"normalization_ms":23.877153,"activation_ms":26.799911,"block":16}
{"path":"HEADS_AVX_B16","rep":0,"layer":3,"e2e_ms":4756.828928,"layer_ms":991.334143,"projection_ms":0,"conversion_ms":23.897626,"lr_ms":22.38596,"max_prescan_ms":0,"kernel_ms":940.886016,"normalization_ms":4.16386,"activation_ms":0.000123,"block":16}
{"path":"HEADS_AVX_B32","rep":0,"layer":1,"e2e_ms":4444.703834,"layer_ms":1215.563885,"projection_ms":0,"conversion_ms":9.431511,"lr_ms":12.014958,"max_prescan_ms":0,"kernel_ms":1147.951704,"normalization_ms":21.765969,"activation_ms":24.39941,"block":32}
{"path":"HEADS_AVX_B32","rep":0,"layer":2,"e2e_ms":4444.703834,"layer_ms":2105.846807,"projection_ms":0,"conversion_ms":19.036273,"lr_ms":24.717864,"max_prescan_ms":0,"kernel_ms":2011.396394,"normalization_ms":23.937378,"activation_ms":26.758607,"block":32}
{"path":"HEADS_AVX_B32","rep":0,"layer":3,"e2e_ms":4444.703834,"layer_ms":1123.284185,"projection_ms":0,"conversion_ms":18.772877,"lr_ms":22.275162,"max_prescan_ms":0,"kernel_ms":1078.078941,"normalization_ms":4.156662,"activation_ms":0.000337,"block":32}
{"path":"HEADS_AMX_HILO_B16","rep":0,"layer":1,"e2e_ms":4836.269281,"layer_ms":1365.313942,"projection_ms":0,"conversion_ms":9.396676,"lr_ms":12.088374,"max_prescan_ms":0,"kernel_ms":1295.996381,"normalization_ms":23.507956,"activation_ms":24.324225,"block":16}
{"path":"HEADS_AMX_HILO_B16","rep":0,"layer":2,"e2e_ms":4836.269281,"layer_ms":2463.916788,"projection_ms":0,"conversion_ms":18.977589,"lr_ms":24.692576,"max_prescan_ms":0,"kernel_ms":2369.755298,"normalization_ms":23.830066,"activation_ms":26.660762,"block":16}
{"path":"HEADS_AMX_HILO_B16","rep":0,"layer":3,"e2e_ms":4836.269281,"layer_ms":1007.029593,"projection_ms":0,"conversion_ms":18.841293,"lr_ms":22.305154,"max_prescan_ms":0,"kernel_ms":961.71844,"normalization_ms":4.164379,"activation_ms":2.6e-05,"block":16}
{"path":"HEADS_AMX_HILO_B32","rep":0,"layer":1,"e2e_ms":4071.254682,"layer_ms":1058.7188,"projection_ms":0,"conversion_ms":9.408166,"lr_ms":12.033823,"max_prescan_ms":0,"kernel_ms":991.103435,"normalization_ms":21.803562,"activation_ms":24.369477,"block":32}
{"path":"HEADS_AMX_HILO_B32","rep":0,"layer":2,"e2e_ms":4071.254682,"layer_ms":1896.394905,"projection_ms":0,"conversion_ms":19.034034,"lr_ms":24.668372,"max_prescan_ms":0,"kernel_ms":1802.146009,"normalization_ms":23.830446,"activation_ms":26.715755,"block":32}
{"path":"HEADS_AMX_HILO_B32","rep":0,"layer":3,"e2e_ms":4071.254682,"layer_ms":1116.133005,"projection_ms":0,"conversion_ms":18.908066,"lr_ms":22.345865,"max_prescan_ms":0,"kernel_ms":1070.716031,"normalization_ms":4.162791,"activation_ms":4.8e-05,"block":32}
{"path":"HEADS_AMX_PRELOAD_B16","rep":0,"layer":1,"e2e_ms":4816.80747,"layer_ms":1512.552735,"projection_ms":0,"conversion_ms":9.400162,"lr_ms":12.045557,"max_prescan_ms":0,"kernel_ms":1444.984217,"normalization_ms":21.765035,"activation_ms":24.357412,"block":16}
{"path":"HEADS_AMX_PRELOAD_B16","rep":0,"layer":2,"e2e_ms":4816.80747,"layer_ms":2316.355083,"projection_ms":0,"conversion_ms":18.930008,"lr_ms":24.713901,"max_prescan_ms":0,"kernel_ms":2222.197279,"normalization_ms":23.859638,"activation_ms":26.653933,"block":16}
{"path":"HEADS_AMX_PRELOAD_B16","rep":0,"layer":3,"e2e_ms":4816.80747,"layer_ms":987.890247,"projection_ms":0,"conversion_ms":18.778308,"lr_ms":22.327954,"max_prescan_ms":0,"kernel_ms":942.632697,"normalization_ms":4.151049,"activation_ms":3.6e-05,"block":16}
{"path":"HEADS_AMX_PRELOAD_B32","rep":0,"layer":1,"e2e_ms":4058.823485,"layer_ms":1135.830502,"projection_ms":0,"conversion_ms":9.405436,"lr_ms":12.000599,"max_prescan_ms":0,"kernel_ms":1068.282196,"normalization_ms":21.790557,"activation_ms":24.351321,"block":32}
{"path":"HEADS_AMX_PRELOAD_B32","rep":0,"layer":2,"e2e_ms":4058.823485,"layer_ms":1806.536541,"projection_ms":0,"conversion_ms":18.969347,"lr_ms":24.701313,"max_prescan_ms":0,"kernel_ms":1712.327115,"normalization_ms":23.860481,"activation_ms":26.677956,"block":32}
{"path":"HEADS_AMX_PRELOAD_B32","rep":0,"layer":3,"e2e_ms":4058.823485,"layer_ms":1116.448731,"projection_ms":0,"conversion_ms":18.899677,"lr_ms":22.339379,"max_prescan_ms":0,"kernel_ms":1071.048052,"normalization_ms":4.161354,"activation_ms":3.8e-05,"block":32}
{"path":"HEADS_AMX_PRELOAD_B32","rep":1,"layer":1,"e2e_ms":4052.729284,"layer_ms":1132.600111,"projection_ms":0,"conversion_ms":9.401083,"lr_ms":12.096811,"max_prescan_ms":0,"kernel_ms":1064.918049,"normalization_ms":21.846045,"activation_ms":24.337776,"block":32}
{"path":"HEADS_AMX_PRELOAD_B32","rep":1,"layer":2,"e2e_ms":4052.729284,"layer_ms":1807.525976,"projection_ms":0,"conversion_ms":18.980806,"lr_ms":24.645898,"max_prescan_ms":0,"kernel_ms":1713.413472,"normalization_ms":23.844089,"activation_ms":26.641386,"block":32}
{"path":"HEADS_AMX_PRELOAD_B32","rep":1,"layer":3,"e2e_ms":4052.729284,"layer_ms":1112.595399,"projection_ms":0,"conversion_ms":18.875495,"lr_ms":22.31593,"max_prescan_ms":0,"kernel_ms":1067.210676,"normalization_ms":4.192962,"activation_ms":2.6e-05,"block":32}
{"path":"HEADS_AMX_PRELOAD_B16","rep":1,"layer":1,"e2e_ms":4795.706332,"layer_ms":1508.417695,"projection_ms":0,"conversion_ms":9.38497,"lr_ms":12.067333,"max_prescan_ms":0,"kernel_ms":1440.878945,"normalization_ms":21.703247,"activation_ms":24.382771,"block":16}
{"path":"HEADS_AMX_PRELOAD_B16","rep":1,"layer":2,"e2e_ms":4795.706332,"layer_ms":2305.180768,"projection_ms":0,"conversion_ms":18.995214,"lr_ms":24.630626,"max_prescan_ms":0,"kernel_ms":2211.039982,"normalization_ms":23.820239,"activation_ms":26.694264,"block":16}
{"path":"HEADS_AMX_PRELOAD_B16","rep":1,"layer":3,"e2e_ms":4795.706332,"layer_ms":982.100704,"projection_ms":0,"conversion_ms":18.717925,"lr_ms":22.279497,"max_prescan_ms":0,"kernel_ms":936.934269,"normalization_ms":4.168634,"activation_ms":4e-05,"block":16}
{"path":"HEADS_AMX_HILO_B32","rep":1,"layer":1,"e2e_ms":4064.286807,"layer_ms":1067.312665,"projection_ms":0,"conversion_ms":9.368012,"lr_ms":12.106407,"max_prescan_ms":0,"kernel_ms":999.277683,"normalization_ms":22.16047,"activation_ms":24.399739,"block":32}
{"path":"HEADS_AMX_HILO_B32","rep":1,"layer":2,"e2e_ms":4064.286807,"layer_ms":1881.426338,"projection_ms":0,"conversion_ms":19.058912,"lr_ms":24.669381,"max_prescan_ms":0,"kernel_ms":1787.220631,"normalization_ms":23.808953,"activation_ms":26.668088,"block":32}
{"path":"HEADS_AMX_HILO_B32","rep":1,"layer":3,"e2e_ms":4064.286807,"layer_ms":1115.538908,"projection_ms":0,"conversion_ms":18.871959,"lr_ms":22.337569,"max_prescan_ms":0,"kernel_ms":1070.150872,"normalization_ms":4.178174,"activation_ms":2.8e-05,"block":32}
{"path":"HEADS_AMX_HILO_B16","rep":1,"layer":1,"e2e_ms":4857.282604,"layer_ms":1385.516638,"projection_ms":0,"conversion_ms":9.386027,"lr_ms":12.013054,"max_prescan_ms":0,"kernel_ms":1317.955585,"normalization_ms":21.761511,"activation_ms":24.400111,"block":16}
{"path":"HEADS_AMX_HILO_B16","rep":1,"layer":2,"e2e_ms":4857.282604,"layer_ms":2491.371303,"projection_ms":0,"conversion_ms":19.032516,"lr_ms":24.661885,"max_prescan_ms":0,"kernel_ms":2397.139779,"normalization_ms":23.854576,"activation_ms":26.682183,"block":16}
{"path":"HEADS_AMX_HILO_B16","rep":1,"layer":3,"e2e_ms":4857.282604,"layer_ms":980.387016,"projection_ms":0,"conversion_ms":18.815624,"lr_ms":22.255388,"max_prescan_ms":0,"kernel_ms":935.157281,"normalization_ms":4.158375,"activation_ms":3.1e-05,"block":16}
{"path":"HEADS_AVX_B32","rep":1,"layer":1,"e2e_ms":4481.871292,"layer_ms":1227.800072,"projection_ms":0,"conversion_ms":9.41003,"lr_ms":12.003822,"max_prescan_ms":0,"kernel_ms":1160.143123,"normalization_ms":21.796848,"activation_ms":24.445895,"block":32}
{"path":"HEADS_AVX_B32","rep":1,"layer":2,"e2e_ms":4481.871292,"layer_ms":2109.389263,"projection_ms":0,"conversion_ms":18.968478,"lr_ms":24.664371,"max_prescan_ms":0,"kernel_ms":2015.197376,"normalization_ms":23.830028,"activation_ms":26.728708,"block":32}
{"path":"HEADS_AVX_B32","rep":1,"layer":3,"e2e_ms":4481.871292,"layer_ms":1144.674207,"projection_ms":0,"conversion_ms":18.919116,"lr_ms":22.298088,"max_prescan_ms":0,"kernel_ms":1099.310083,"normalization_ms":4.146631,"activation_ms":3.8e-05,"block":32}
{"path":"HEADS_AVX_B16","rep":1,"layer":1,"e2e_ms":4837.647132,"layer_ms":1320.655059,"projection_ms":0,"conversion_ms":9.427282,"lr_ms":12.037889,"max_prescan_ms":0,"kernel_ms":1252.99462,"normalization_ms":21.767871,"activation_ms":24.426723,"block":16}
{"path":"HEADS_AVX_B16","rep":1,"layer":2,"e2e_ms":4837.647132,"layer_ms":2517.727378,"projection_ms":0,"conversion_ms":19.011796,"lr_ms":24.656441,"max_prescan_ms":0,"kernel_ms":2423.488742,"normalization_ms":23.842664,"activation_ms":26.727491,"block":16}
{"path":"HEADS_AVX_B16","rep":1,"layer":3,"e2e_ms":4837.647132,"layer_ms":999.256806,"projection_ms":0,"conversion_ms":18.770734,"lr_ms":22.253709,"max_prescan_ms":0,"kernel_ms":954.035515,"normalization_ms":4.1966,"activation_ms":2.8e-05,"block":16}
{"path":"ICPP_TFS_BLOCK_B32","rep":1,"layer":1,"e2e_ms":14085.968302,"layer_ms":4115.167783,"projection_ms":0,"conversion_ms":9.765879,"lr_ms":12.129167,"max_prescan_ms":0,"kernel_ms":4046.744117,"normalization_ms":22.211501,"activation_ms":24.316799,"block":32}
{"path":"ICPP_TFS_BLOCK_B32","rep":1,"layer":2,"e2e_ms":14085.968302,"layer_ms":8839.393037,"projection_ms":0,"conversion_ms":20.029446,"lr_ms":24.534933,"max_prescan_ms":0,"kernel_ms":8746.015635,"normalization_ms":23.457539,"activation_ms":25.355235,"block":32}
{"path":"ICPP_TFS_BLOCK_B32","rep":1,"layer":3,"e2e_ms":14085.968302,"layer_ms":1131.399103,"projection_ms":0,"conversion_ms":20.601816,"lr_ms":23.35343,"max_prescan_ms":0,"kernel_ms":1083.439966,"normalization_ms":4.00352,"activation_ms":3.5e-05,"block":32}
{"path":"ICPP_TFS_PAIR_B32","rep":1,"layer":1,"e2e_ms":10683.229946,"layer_ms":3030.236576,"projection_ms":0,"conversion_ms":9.943983,"lr_ms":12.238973,"max_prescan_ms":0,"kernel_ms":2960.991848,"normalization_ms":22.634938,"activation_ms":24.426497,"block":32}
{"path":"ICPP_TFS_PAIR_B32","rep":1,"layer":2,"e2e_ms":10683.229946,"layer_ms":6363.568239,"projection_ms":0,"conversion_ms":20.472181,"lr_ms":25.498162,"max_prescan_ms":0,"kernel_ms":6270.619096,"normalization_ms":22.00441,"activation_ms":24.974056,"block":32}
{"path":"ICPP_TFS_PAIR_B32","rep":1,"layer":3,"e2e_ms":10683.229946,"layer_ms":1289.41549,"projection_ms":0,"conversion_ms":20.791197,"lr_ms":22.890876,"max_prescan_ms":0,"kernel_ms":1241.577873,"normalization_ms":4.155197,"activation_ms":0.000122,"block":32}
{"path":"B1_TFS_PREMAX","rep":1,"layer":1,"e2e_ms":15189.779399,"layer_ms":4779.395126,"projection_ms":0,"conversion_ms":10.779533,"lr_ms":12.419155,"max_prescan_ms":40.853719,"kernel_ms":4667.133722,"normalization_ms":22.933794,"activation_ms":25.274806,"block":0}
{"path":"B1_TFS_PREMAX","rep":1,"layer":2,"e2e_ms":15189.779399,"layer_ms":9126.166946,"projection_ms":0,"conversion_ms":22.350355,"lr_ms":26.096788,"max_prescan_ms":40.95317,"kernel_ms":8990.110632,"normalization_ms":22.070566,"activation_ms":24.584969,"block":0}
{"path":"B1_TFS_PREMAX","rep":1,"layer":3,"e2e_ms":15189.779399,"layer_ms":1284.212828,"projection_ms":0,"conversion_ms":22.714601,"lr_ms":22.577963,"max_prescan_ms":25.788648,"kernel_ms":1209.100068,"normalization_ms":4.031278,"activation_ms":4.1e-05,"block":0}
{"path":"B0_BF16","rep":1,"layer":1,"e2e_ms":3781.986056,"layer_ms":1638.252009,"projection_ms":59.387152,"conversion_ms":11.327373,"lr_ms":19.566795,"max_prescan_ms":40.998784,"kernel_ms":1459.49725,"normalization_ms":22.88425,"activation_ms":24.59007,"block":0}
{"path":"B0_BF16","rep":1,"layer":2,"e2e_ms":3781.986056,"layer_ms":1649.412723,"projection_ms":64.96084,"conversion_ms":22.496886,"lr_ms":20.013232,"max_prescan_ms":41.189285,"kernel_ms":1452.415704,"normalization_ms":23.108719,"activation_ms":25.227509,"block":0}
{"path":"B0_BF16","rep":1,"layer":3,"e2e_ms":3781.986056,"layer_ms":494.316661,"projection_ms":15.324598,"conversion_ms":23.786632,"lr_ms":3.730905,"max_prescan_ms":25.90089,"kernel_ms":421.57188,"normalization_ms":4.001417,"activation_ms":3.5e-05,"block":0}
{"path":"B0_FP32","rep":1,"layer":1,"e2e_ms":3857.25283,"layer_ms":1630.206983,"projection_ms":63.700773,"conversion_ms":3.4e-05,"lr_ms":20.955876,"max_prescan_ms":40.945053,"kernel_ms":1457.116203,"normalization_ms":22.846572,"activation_ms":24.642159,"block":0}
{"path":"B0_FP32","rep":1,"layer":2,"e2e_ms":3857.25283,"layer_ms":1703.637353,"projection_ms":145.139488,"conversion_ms":2.8e-05,"lr_ms":19.67574,"max_prescan_ms":41.051791,"kernel_ms":1449.429595,"normalization_ms":23.129147,"activation_ms":25.210974,"block":0}
{"path":"B0_FP32","rep":1,"layer":3,"e2e_ms":3857.25283,"layer_ms":523.405368,"projection_ms":68.47126,"conversion_ms":2.2e-05,"lr_ms":3.717364,"max_prescan_ms":25.827577,"kernel_ms":421.400613,"normalization_ms":3.988216,"activation_ms":3.6e-05,"block":0}
{"path":"B0_FP32","rep":2,"layer":1,"e2e_ms":3856.551146,"layer_ms":1629.40446,"projection_ms":62.892315,"conversion_ms":2.5e-05,"lr_ms":20.556166,"max_prescan_ms":40.935459,"kernel_ms":1457.549404,"normalization_ms":22.818678,"activation_ms":24.6521,"block":0}
{"path":"B0_FP32","rep":2,"layer":2,"e2e_ms":3856.551146,"layer_ms":1703.286541,"projection_ms":144.764945,"conversion_ms":0.00032,"lr_ms":19.68783,"max_prescan_ms":41.023566,"kernel_ms":1449.455078,"normalization_ms":23.128892,"activation_ms":25.225163,"block":0}
{"path":"B0_FP32","rep":2,"layer":3,"e2e_ms":3856.551146,"layer_ms":523.856939,"projection_ms":68.514711,"conversion_ms":0.00032,"lr_ms":3.759002,"max_prescan_ms":25.831664,"kernel_ms":421.765153,"normalization_ms":3.985429,"activation_ms":4e-05,"block":0}
{"path":"B0_BF16","rep":2,"layer":1,"e2e_ms":3758.478715,"layer_ms":1627.815458,"projection_ms":53.593224,"conversion_ms":9.830035,"lr_ms":19.37814,"max_prescan_ms":40.970116,"kernel_ms":1456.596032,"normalization_ms":22.856273,"activation_ms":24.591335,"block":0}
{"path":"B0_BF16","rep":2,"layer":2,"e2e_ms":3758.478715,"layer_ms":1641.371689,"projection_ms":61.42733,"conversion_ms":19.551854,"lr_ms":19.766882,"max_prescan_ms":41.116031,"kernel_ms":1451.172875,"normalization_ms":23.113587,"activation_ms":25.222824,"block":0}
{"path":"B0_BF16","rep":2,"layer":3,"e2e_ms":3758.478715,"layer_ms":489.288994,"projection_ms":14.672263,"conversion_ms":19.542398,"lr_ms":3.676233,"max_prescan_ms":25.925078,"kernel_ms":421.487799,"normalization_ms":3.984917,"activation_ms":3.6e-05,"block":0}
{"path":"B1_TFS_PREMAX","rep":2,"layer":1,"e2e_ms":15252.275653,"layer_ms":4821.098466,"projection_ms":0,"conversion_ms":11.759922,"lr_ms":12.323208,"max_prescan_ms":40.886884,"kernel_ms":4707.921969,"normalization_ms":22.95453,"activation_ms":25.251699,"block":0}
{"path":"B1_TFS_PREMAX","rep":2,"layer":2,"e2e_ms":15252.275653,"layer_ms":9150.202531,"projection_ms":0,"conversion_ms":19.886529,"lr_ms":25.60086,"max_prescan_ms":40.889161,"kernel_ms":9017.072938,"normalization_ms":22.126529,"activation_ms":24.626171,"block":0}
{"path":"B1_TFS_PREMAX","rep":2,"layer":3,"e2e_ms":15252.275653,"layer_ms":1280.969654,"projection_ms":0,"conversion_ms":21.768742,"lr_ms":22.737675,"max_prescan_ms":25.79715,"kernel_ms":1206.574183,"normalization_ms":4.091543,"activation_ms":3.8e-05,"block":0}
{"path":"ICPP_TFS_PAIR_B32","rep":2,"layer":1,"e2e_ms":10713.85049,"layer_ms":3029.47485,"projection_ms":0,"conversion_ms":10.829502,"lr_ms":12.514738,"max_prescan_ms":0,"kernel_ms":2959.138896,"normalization_ms":22.64273,"activation_ms":24.348753,"block":32}
{"path":"ICPP_TFS_PAIR_B32","rep":2,"layer":2,"e2e_ms":10713.85049,"layer_ms":6388.950361,"projection_ms":0,"conversion_ms":21.60486,"lr_ms":25.742349,"max_prescan_ms":0,"kernel_ms":6294.637438,"normalization_ms":22.023026,"activation_ms":24.942297,"block":32}
{"path":"ICPP_TFS_PAIR_B32","rep":2,"layer":3,"e2e_ms":10713.85049,"layer_ms":1295.416641,"projection_ms":0,"conversion_ms":21.154568,"lr_ms":22.848119,"max_prescan_ms":0,"kernel_ms":1247.220037,"normalization_ms":4.193534,"activation_ms":4.4e-05,"block":32}
{"path":"ICPP_TFS_BLOCK_B32","rep":2,"layer":1,"e2e_ms":14037.594981,"layer_ms":4120.264176,"projection_ms":0,"conversion_ms":11.074521,"lr_ms":12.64949,"max_prescan_ms":0,"kernel_ms":4050.030274,"normalization_ms":22.188255,"activation_ms":24.321199,"block":32}
{"path":"ICPP_TFS_BLOCK_B32","rep":2,"layer":2,"e2e_ms":14037.594981,"layer_ms":8781.873774,"projection_ms":0,"conversion_ms":21.70772,"lr_ms":25.259702,"max_prescan_ms":0,"kernel_ms":8685.99839,"normalization_ms":23.494963,"activation_ms":25.412772,"block":32}
{"path":"ICPP_TFS_BLOCK_B32","rep":2,"layer":3,"e2e_ms":14037.594981,"layer_ms":1135.447402,"projection_ms":0,"conversion_ms":22.900717,"lr_ms":23.442503,"max_prescan_ms":0,"kernel_ms":1085.11419,"normalization_ms":3.989736,"activation_ms":3.5e-05,"block":32}
{"path":"HEADS_AVX_B16","rep":2,"layer":1,"e2e_ms":4781.660861,"layer_ms":1332.174181,"projection_ms":0,"conversion_ms":12.098313,"lr_ms":12.89393,"max_prescan_ms":0,"kernel_ms":1260.945251,"normalization_ms":21.725404,"activation_ms":24.510945,"block":16}
{"path":"HEADS_AVX_B16","rep":2,"layer":2,"e2e_ms":4781.660861,"layer_ms":2447.608582,"projection_ms":0,"conversion_ms":23.34745,"lr_ms":25.866953,"max_prescan_ms":0,"kernel_ms":2347.752991,"normalization_ms":23.884169,"activation_ms":26.756745,"block":16}
{"path":"HEADS_AVX_B16","rep":2,"layer":3,"e2e_ms":4781.660861,"layer_ms":1001.868792,"projection_ms":0,"conversion_ms":24.035707,"lr_ms":22.325516,"max_prescan_ms":0,"kernel_ms":951.35485,"normalization_ms":4.152436,"activation_ms":2.5e-05,"block":16}
{"path":"HEADS_AVX_B32","rep":2,"layer":1,"e2e_ms":4433.699337,"layer_ms":1231.933681,"projection_ms":0,"conversion_ms":9.428621,"lr_ms":12.02854,"max_prescan_ms":0,"kernel_ms":1164.396334,"normalization_ms":21.696873,"activation_ms":24.383072,"block":32}
{"path":"HEADS_AVX_B32","rep":2,"layer":2,"e2e_ms":4433.699337,"layer_ms":2063.816553,"projection_ms":0,"conversion_ms":19.038205,"lr_ms":24.742137,"max_prescan_ms":0,"kernel_ms":1969.441293,"normalization_ms":23.824868,"activation_ms":26.769682,"block":32}
{"path":"HEADS_AVX_B32","rep":2,"layer":3,"e2e_ms":4433.699337,"layer_ms":1137.941055,"projection_ms":0,"conversion_ms":18.771049,"lr_ms":22.296938,"max_prescan_ms":0,"kernel_ms":1092.716137,"normalization_ms":4.156678,"activation_ms":2.9e-05,"block":32}
{"path":"HEADS_AMX_HILO_B16","rep":2,"layer":1,"e2e_ms":4827.307623,"layer_ms":1398.281601,"projection_ms":0,"conversion_ms":9.396369,"lr_ms":12.0143,"max_prescan_ms":0,"kernel_ms":1330.015259,"normalization_ms":22.519841,"activation_ms":24.335396,"block":16}
{"path":"HEADS_AMX_HILO_B16","rep":2,"layer":2,"e2e_ms":4827.307623,"layer_ms":2445.858778,"projection_ms":0,"conversion_ms":18.968608,"lr_ms":24.680307,"max_prescan_ms":0,"kernel_ms":2351.271788,"normalization_ms":24.27643,"activation_ms":26.661415,"block":16}
{"path":"HEADS_AMX_HILO_B16","rep":2,"layer":3,"e2e_ms":4827.307623,"layer_ms":983.159835,"projection_ms":0,"conversion_ms":18.918477,"lr_ms":22.306741,"max_prescan_ms":0,"kernel_ms":937.765683,"normalization_ms":4.168453,"activation_ms":0.000115,"block":16}
{"path":"HEADS_AMX_HILO_B32","rep":2,"layer":1,"e2e_ms":4095.378117,"layer_ms":1068.084113,"projection_ms":0,"conversion_ms":9.422082,"lr_ms":12.016293,"max_prescan_ms":0,"kernel_ms":994.952709,"normalization_ms":27.353084,"activation_ms":24.339692,"block":32}
{"path":"HEADS_AMX_HILO_B32","rep":2,"layer":2,"e2e_ms":4095.378117,"layer_ms":1891.413042,"projection_ms":0,"conversion_ms":18.959689,"lr_ms":24.6524,"max_prescan_ms":0,"kernel_ms":1797.360559,"normalization_ms":23.781626,"activation_ms":26.658424,"block":32}
{"path":"HEADS_AMX_HILO_B32","rep":2,"layer":3,"e2e_ms":4095.378117,"layer_ms":1135.872734,"projection_ms":0,"conversion_ms":18.78297,"lr_ms":22.324838,"max_prescan_ms":0,"kernel_ms":1090.60894,"normalization_ms":4.15575,"activation_ms":2.6e-05,"block":32}
{"path":"HEADS_AMX_PRELOAD_B16","rep":2,"layer":1,"e2e_ms":4828.080021,"layer_ms":1533.761121,"projection_ms":0,"conversion_ms":9.381978,"lr_ms":12.010205,"max_prescan_ms":0,"kernel_ms":1466.188795,"normalization_ms":21.81543,"activation_ms":24.364267,"block":16}
{"path":"HEADS_AMX_PRELOAD_B16","rep":2,"layer":2,"e2e_ms":4828.080021,"layer_ms":2303.075896,"projection_ms":0,"conversion_ms":19.06517,"lr_ms":24.672577,"max_prescan_ms":0,"kernel_ms":2208.811731,"normalization_ms":23.855454,"activation_ms":26.670623,"block":16}
{"path":"HEADS_AMX_PRELOAD_B16","rep":2,"layer":3,"e2e_ms":4828.080021,"layer_ms":991.233712,"projection_ms":0,"conversion_ms":18.753644,"lr_ms":22.322505,"max_prescan_ms":0,"kernel_ms":945.965581,"normalization_ms":4.191416,"activation_ms":0.000125,"block":16}
{"path":"HEADS_AMX_PRELOAD_B32","rep":2,"layer":1,"e2e_ms":4065.717455,"layer_ms":1138.542072,"projection_ms":0,"conversion_ms":9.393035,"lr_ms":12.020992,"max_prescan_ms":0,"kernel_ms":1071.009853,"normalization_ms":21.728019,"activation_ms":24.389835,"block":32}
{"path":"HEADS_AMX_PRELOAD_B32","rep":2,"layer":2,"e2e_ms":4065.717455,"layer_ms":1811.213509,"projection_ms":0,"conversion_ms":19.012858,"lr_ms":24.668832,"max_prescan_ms":0,"kernel_ms":1716.968211,"normalization_ms":23.868533,"activation_ms":26.694696,"block":32}
{"path":"HEADS_AMX_PRELOAD_B32","rep":2,"layer":3,"e2e_ms":4065.717455,"layer_ms":1115.953695,"projection_ms":0,"conversion_ms":18.753219,"lr_ms":22.319993,"max_prescan_ms":0,"kernel_ms":1070.68603,"normalization_ms":4.194223,"activation_ms":2.6e-05,"block":32}
CHECK path=HEADS_AVX_B16 layer=2 reference=FP32_same_input_same_contracted_LR_no_ELU max_abs_error=1.20500659943 mean_abs_error=0.00521389804125 relative_L2_error=0.00246762590932 finite=1 original_abs_003_gate=FAIL task_accuracy=UNVERIFIED
CHECK path=HEADS_AVX_B32 layer=2 reference=FP32_same_input_same_contracted_LR_no_ELU max_abs_error=1.20500659943 mean_abs_error=0.00533872992641 relative_L2_error=0.00251973802182 finite=1 original_abs_003_gate=FAIL task_accuracy=UNVERIFIED
CHECK path=HEADS_AMX_HILO_B16 layer=2 reference=FP32_same_input_same_contracted_LR_no_ELU max_abs_error=1.20500659943 mean_abs_error=0.00521390014084 relative_L2_error=0.00246761731743 finite=1 original_abs_003_gate=FAIL task_accuracy=UNVERIFIED
CHECK path=HEADS_AMX_HILO_B32 layer=2 reference=FP32_same_input_same_contracted_LR_no_ELU max_abs_error=1.20500659943 mean_abs_error=0.00533872682204 relative_L2_error=0.00251972365101 finite=1 original_abs_003_gate=FAIL task_accuracy=UNVERIFIED
CHECK path=HEADS_AMX_PRELOAD_B16 layer=2 reference=FP32_same_input_same_contracted_LR_no_ELU max_abs_error=1.20500659943 mean_abs_error=0.00521390014084 relative_L2_error=0.00246761731743 finite=1 original_abs_003_gate=FAIL task_accuracy=UNVERIFIED
CHECK path=HEADS_AMX_PRELOAD_B32 layer=2 reference=FP32_same_input_same_contracted_LR_no_ELU max_abs_error=1.20500659943 mean_abs_error=0.00533872682204 relative_L2_error=0.00251972365101 finite=1 original_abs_003_gate=FAIL task_accuracy=UNVERIFIED
PROFILE_IDENTITY path=HEADS_AVX_B16 layer=1 bit_fingerprint_equal=1
PROFILE path=HEADS_AVX_B16 layer=1 optimized=1 layer_wall_ms=1365.461756 kernel_wall_ms=1297.588039 sampled_head_tiles=9568 worker_times_are_sampled_sums=true source_index_worker_ms=1.463029 score_worker_ms=43.284912 block_max_worker_ms=13.518791 exp_den_worker_ms=3.123389 H_pack_worker_ms=0 P_pack_worker_ms=0 PH_load_worker_ms=0 PH_compute_worker_ms=113.853706 PH_store_scatter_worker_ms=0 UB_convert_worker_ms=6.717269 UW_load_worker_ms=13.688454 UW_compute_worker_ms=19.551783 V_store_worker_ms=1.745814 V_reload_worker_ms=1.809195 row_rescale_worker_ms=3.035157 transition_worker_ms=3.245374 output_write_worker_ms=4.094814 scheduling_worker_ms=2.553465 tile_config_worker_ms=0.042051 fallback_gather_worker_ms=0 fallback_UB_convert_worker_ms=0 fallback_AMX_load_compute_worker_ms=0 baseline_rescale_store_worker_ms=0 baseline_rescale_vector_worker_ms=3.035157 baseline_rescale_reload_worker_ms=0 fallback_final_store_worker_ms=0 instruction_span_timers_have_overhead=true
ONLINE_STATS path=HEADS_AVX_B16 layer=1 block=16 heads=8 D=100 d=32 edges=126167053 blocks=73164920 max_updates_including_initial=31066144 rescales=11473912 rescale_per_block=0.156822586562 P50=0 P90=0.4 P95=0.5 P99=0.666666666667 rescaled_feature_elements=367165184 rescale_events=2820436 spill_bytes=0 reload_bytes=0 UW_calls=36654720 UW_physical_FMA=300275466240 head_tiles=1224520 projection_groups=4581840
HEAD_WORK path=HEADS_AVX_B16 layer=1 optimized=1 PH_calls=0 PH_physical_FMA=113045679488 PH_useful_FMA=100933642400 raw_H_bytes=25233410600 packed_H_bytes=0 UB_scatter_bytes=32777884160 head_switch_store_bytes=9383608320 head_switch_reload_bytes=6875791360 sparse_width_amplification=3.125 traffic_is_logical_not_DRAM=true no_full_Z_U_e_alpha=true bounded_V_in_local_memory=true
PROFILE_IDENTITY path=HEADS_AVX_B16 layer=2 bit_fingerprint_equal=1
PROFILE path=HEADS_AVX_B16 layer=2 optimized=1 layer_wall_ms=2468.093577 kernel_wall_ms=2373.003359 sampled_head_tiles=9568 worker_times_are_sampled_sums=true source_index_worker_ms=1.614497 score_worker_ms=46.476689 block_max_worker_ms=13.659668 exp_den_worker_ms=3.45773 H_pack_worker_ms=0 P_pack_worker_ms=0 PH_load_worker_ms=0 PH_compute_worker_ms=232.696183 PH_store_scatter_worker_ms=0 UB_convert_worker_ms=13.629804 UW_load_worker_ms=27.518637 UW_compute_worker_ms=28.621175 V_store_worker_ms=2.006697 V_reload_worker_ms=1.86924 row_rescale_worker_ms=2.743002 transition_worker_ms=1.131214 output_write_worker_ms=4.781201 scheduling_worker_ms=2.587877 tile_config_worker_ms=0.044281 fallback_gather_worker_ms=0 fallback_UB_convert_worker_ms=0 fallback_AMX_load_compute_worker_ms=0 baseline_rescale_store_worker_ms=0 baseline_rescale_vector_worker_ms=2.743002 baseline_rescale_reload_worker_ms=0 fallback_final_store_worker_ms=0 instruction_span_timers_have_overhead=true
ONLINE_STATS path=HEADS_AVX_B16 layer=2 block=16 heads=8 D=256 d=32 edges=126167053 blocks=73164920 max_updates_including_initial=28995162 rescales=9402930 rescale_per_block=0.12851691767 P50=0 P90=0.333333333333 P95=0.5 P99=0.6 rescaled_feature_elements=300893760 rescale_events=2621278 spill_bytes=0 reload_bytes=0 UW_calls=73309440 UW_physical_FMA=600550932480 head_tiles=1224520 projection_groups=4581840
HEAD_WORK path=HEADS_AVX_B16 layer=2 optimized=1 PH_calls=0 PH_physical_FMA=258390124544 PH_useful_FMA=258390124544 raw_H_bytes=64597531136 packed_H_bytes=0 UB_scatter_bytes=74920878080 head_switch_store_bytes=9383608320 head_switch_reload_bytes=6875791360 sparse_width_amplification=8 traffic_is_logical_not_DRAM=true no_full_Z_U_e_alpha=true bounded_V_in_local_memory=true
PROFILE_IDENTITY path=HEADS_AVX_B16 layer=3 bit_fingerprint_equal=1
PROFILE path=HEADS_AVX_B16 layer=3 optimized=0 layer_wall_ms=1017.701849 kernel_wall_ms=972.27904 sampled_head_tiles=1196 worker_times_are_sampled_sums=true source_index_worker_ms=0 score_worker_ms=15.456287 block_max_worker_ms=1.865954 exp_den_worker_ms=0.44283 H_pack_worker_ms=0 P_pack_worker_ms=0 PH_load_worker_ms=0 PH_compute_worker_ms=0 PH_store_scatter_worker_ms=0 UB_convert_worker_ms=0 UW_load_worker_ms=0 UW_compute_worker_ms=0 V_store_worker_ms=0 V_reload_worker_ms=0 row_rescale_worker_ms=0 transition_worker_ms=0 output_write_worker_ms=1.875557 scheduling_worker_ms=3.254363 tile_config_worker_ms=0.044099 fallback_gather_worker_ms=98.193116 fallback_UB_convert_worker_ms=1.931247 fallback_AMX_load_compute_worker_ms=3.982637 baseline_rescale_store_worker_ms=0.319045 baseline_rescale_vector_worker_ms=0.483109 baseline_rescale_reload_worker_ms=0.186098 fallback_final_store_worker_ms=0.123282 instruction_span_timers_have_overhead=true
ONLINE_STATS path=HEADS_AVX_B16 layer=3 block=16 heads=1 D=256 d=47 edges=126167053 blocks=9145615 max_updates_including_initial=4066207 rescales=1617178 rescale_per_block=0.176825505994 P50=0 P90=0.5 P95=0.5 P99=0.666666666667 rescaled_feature_elements=76007366 rescale_events=359298 spill_bytes=1103763456 reload_bytes=1103763456 UW_calls=13745520 UW_physical_FMA=112603299840 head_tiles=153065 projection_groups=572730
HEAD_WORK path=HEADS_AVX_B16 layer=3 optimized=0 PH_calls=0 PH_physical_FMA=0 PH_useful_FMA=0 raw_H_bytes=0 packed_H_bytes=0 UB_scatter_bytes=0 head_switch_store_bytes=0 head_switch_reload_bytes=0 sparse_width_amplification=5.44680851064 traffic_is_logical_not_DRAM=true no_full_Z_U_e_alpha=true bounded_V_in_local_memory=true
PROFILE_IDENTITY path=HEADS_AVX_B32 layer=1 bit_fingerprint_equal=1
PROFILE path=HEADS_AVX_B32 layer=1 optimized=1 layer_wall_ms=1242.614805 kernel_wall_ms=1175.065915 sampled_head_tiles=9568 worker_times_are_sampled_sums=true source_index_worker_ms=1.337101 score_worker_ms=44.138027 block_max_worker_ms=11.913186 exp_den_worker_ms=2.429881 H_pack_worker_ms=0 P_pack_worker_ms=0 PH_load_worker_ms=0 PH_compute_worker_ms=110.816063 PH_store_scatter_worker_ms=0 UB_convert_worker_ms=3.930483 UW_load_worker_ms=7.894374 UW_compute_worker_ms=12.680811 V_store_worker_ms=1.083529 V_reload_worker_ms=0.893543 row_rescale_worker_ms=1.472017 transition_worker_ms=2.007711 output_write_worker_ms=4.109217 scheduling_worker_ms=2.517918 tile_config_worker_ms=0.039495 fallback_gather_worker_ms=0 fallback_UB_convert_worker_ms=0 fallback_AMX_load_compute_worker_ms=0 baseline_rescale_store_worker_ms=0 baseline_rescale_vector_worker_ms=1.472017 baseline_rescale_reload_worker_ms=0 fallback_final_store_worker_ms=0 instruction_span_timers_have_overhead=true
ONLINE_STATS path=HEADS_AVX_B32 layer=1 block=32 heads=8 D=100 d=32 edges=126167053 blocks=42882792 max_updates_including_initial=25358082 rescales=5765850 rescale_per_block=0.134456030755 P50=0 P90=0.333333333333 P95=0.5 P99=0.666666666667 rescaled_feature_elements=184507200 rescale_events=1282420 spill_bytes=0 reload_bytes=0 UW_calls=21477376 UW_physical_FMA=175942664192 head_tiles=1224520 projection_groups=2684672
HEAD_WORK path=HEADS_AVX_B32 layer=1 optimized=1 PH_calls=0 PH_physical_FMA=113045679488 PH_useful_FMA=100933642400 raw_H_bytes=25233410600 packed_H_bytes=0 UB_scatter_bytes=19211490816 head_switch_store_bytes=5498208256 head_switch_reload_bytes=2990391296 sparse_width_amplification=3.125 traffic_is_logical_not_DRAM=true no_full_Z_U_e_alpha=true bounded_V_in_local_memory=true
PROFILE_IDENTITY path=HEADS_AVX_B32 layer=2 bit_fingerprint_equal=1
PROFILE path=HEADS_AVX_B32 layer=2 optimized=1 layer_wall_ms=2134.449276 kernel_wall_ms=2039.494221 sampled_head_tiles=9568 worker_times_are_sampled_sums=true source_index_worker_ms=1.494692 score_worker_ms=48.0229 block_max_worker_ms=12.171595 exp_den_worker_ms=2.955158 H_pack_worker_ms=0 P_pack_worker_ms=0 PH_load_worker_ms=0 PH_compute_worker_ms=201.094898 PH_store_scatter_worker_ms=0 UB_convert_worker_ms=7.996827 UW_load_worker_ms=16.109004 UW_compute_worker_ms=16.736798 V_store_worker_ms=1.252128 V_reload_worker_ms=0.948437 row_rescale_worker_ms=1.33011 transition_worker_ms=0.83846 output_write_worker_ms=4.75842 scheduling_worker_ms=2.576451 tile_config_worker_ms=0.040194 fallback_gather_worker_ms=0 fallback_UB_convert_worker_ms=0 fallback_AMX_load_compute_worker_ms=0 baseline_rescale_store_worker_ms=0 baseline_rescale_vector_worker_ms=1.33011 baseline_rescale_reload_worker_ms=0 fallback_final_store_worker_ms=0 instruction_span_timers_have_overhead=true
ONLINE_STATS path=HEADS_AVX_B32 layer=2 block=32 heads=8 D=256 d=32 edges=126167053 blocks=42882792 max_updates_including_initial=24071146 rescales=4478914 rescale_per_block=0.1044454848 P50=0 P90=0.333333333333 P95=0.5 P99=0.5 rescaled_feature_elements=143325248 rescale_events=1203060 spill_bytes=0 reload_bytes=0 UW_calls=42954752 UW_physical_FMA=351885328384 head_tiles=1224520 projection_groups=2684672
HEAD_WORK path=HEADS_AVX_B32 layer=2 optimized=1 PH_calls=0 PH_physical_FMA=258390124544 PH_useful_FMA=258390124544 raw_H_bytes=64597531136 packed_H_bytes=0 UB_scatter_bytes=43911979008 head_switch_store_bytes=5498208256 head_switch_reload_bytes=2990391296 sparse_width_amplification=8 traffic_is_logical_not_DRAM=true no_full_Z_U_e_alpha=true bounded_V_in_local_memory=true
PROFILE_IDENTITY path=HEADS_AVX_B32 layer=3 bit_fingerprint_equal=1
PROFILE path=HEADS_AVX_B32 layer=3 optimized=0 layer_wall_ms=1129.994613 kernel_wall_ms=1084.453728 sampled_head_tiles=1196 worker_times_are_sampled_sums=true source_index_worker_ms=0 score_worker_ms=15.55501 block_max_worker_ms=1.6694 exp_den_worker_ms=0.371896 H_pack_worker_ms=0 P_pack_worker_ms=0 PH_load_worker_ms=0 PH_compute_worker_ms=0 PH_store_scatter_worker_ms=0 UB_convert_worker_ms=0 UW_load_worker_ms=0 UW_compute_worker_ms=0 V_store_worker_ms=0 V_reload_worker_ms=0 row_rescale_worker_ms=0 transition_worker_ms=0 output_write_worker_ms=1.886435 scheduling_worker_ms=1.962343 tile_config_worker_ms=0.039296 fallback_gather_worker_ms=115.982469 fallback_UB_convert_worker_ms=1.173518 fallback_AMX_load_compute_worker_ms=3.14594 baseline_rescale_store_worker_ms=0.158547 baseline_rescale_vector_worker_ms=0.244048 baseline_rescale_reload_worker_ms=0.090943 fallback_final_store_worker_ms=0.124407 instruction_span_timers_have_overhead=true
ONLINE_STATS path=HEADS_AVX_B32 layer=3 block=32 heads=1 D=256 d=47 edges=126167053 blocks=5360349 max_updates_including_initial=3253789 rescales=804760 rescale_per_block=0.150132015658 P50=0 P90=0.4 P95=0.5 P99=0.666666666667 rescaled_feature_elements=37823720 rescale_events=162176 spill_bytes=498204672 reload_bytes=498204672 UW_calls=8054016 UW_physical_FMA=65978499072 head_tiles=153065 projection_groups=335584
HEAD_WORK path=HEADS_AVX_B32 layer=3 optimized=0 PH_calls=0 PH_physical_FMA=0 PH_useful_FMA=0 raw_H_bytes=0 packed_H_bytes=0 UB_scatter_bytes=0 head_switch_store_bytes=0 head_switch_reload_bytes=0 sparse_width_amplification=5.44680851064 traffic_is_logical_not_DRAM=true no_full_Z_U_e_alpha=true bounded_V_in_local_memory=true
PROFILE_IDENTITY path=HEADS_AMX_HILO_B16 layer=1 bit_fingerprint_equal=1
PROFILE path=HEADS_AMX_HILO_B16 layer=1 optimized=1 layer_wall_ms=1403.870877 kernel_wall_ms=1336.277336 sampled_head_tiles=9568 worker_times_are_sampled_sums=true source_index_worker_ms=1.532896 score_worker_ms=43.5327 block_max_worker_ms=13.421381 exp_den_worker_ms=2.850528 H_pack_worker_ms=77.512662 P_pack_worker_ms=8.437481 PH_load_worker_ms=37.325419 PH_compute_worker_ms=53.594287 PH_store_scatter_worker_ms=16.070246 UB_convert_worker_ms=6.875489 UW_load_worker_ms=13.581434 UW_compute_worker_ms=16.43327 V_store_worker_ms=1.721662 V_reload_worker_ms=1.871299 row_rescale_worker_ms=3.117855 transition_worker_ms=0.477802 output_write_worker_ms=4.087062 scheduling_worker_ms=2.560809 tile_config_worker_ms=0.045571 fallback_gather_worker_ms=0 fallback_UB_convert_worker_ms=0 fallback_AMX_load_compute_worker_ms=0 baseline_rescale_store_worker_ms=0 baseline_rescale_vector_worker_ms=3.117855 baseline_rescale_reload_worker_ms=0 fallback_final_store_worker_ms=0 instruction_span_timers_have_overhead=true
ONLINE_STATS path=HEADS_AMX_HILO_B16 layer=1 block=16 heads=8 D=100 d=32 edges=126167053 blocks=73164920 max_updates_including_initial=31066144 rescales=11473912 rescale_per_block=0.156822586562 P50=0 P90=0.4 P95=0.5 P99=0.666666666667 rescaled_feature_elements=367165184 rescale_events=2820436 spill_bytes=0 reload_bytes=0 UW_calls=36654720 UW_physical_FMA=300275466240 head_tiles=1224520 projection_groups=4581840
HEAD_WORK path=HEADS_AMX_HILO_B16 layer=1 optimized=1 PH_calls=146329840 PH_physical_FMA=599367024640 PH_useful_FMA=100933642400 raw_H_bytes=25233410600 packed_H_bytes=74920878080 UB_scatter_bytes=37460439040 head_switch_store_bytes=9383608320 head_switch_reload_bytes=6875791360 sparse_width_amplification=3.125 traffic_is_logical_not_DRAM=true no_full_Z_U_e_alpha=true bounded_V_in_local_memory=true
PROFILE_IDENTITY path=HEADS_AMX_HILO_B16 layer=2 bit_fingerprint_equal=1
PROFILE path=HEADS_AMX_HILO_B16 layer=2 optimized=1 layer_wall_ms=2503.16137 kernel_wall_ms=2408.078448 sampled_head_tiles=9568 worker_times_are_sampled_sums=true source_index_worker_ms=1.592213 score_worker_ms=47.336012 block_max_worker_ms=13.709195 exp_den_worker_ms=3.52424 H_pack_worker_ms=165.342953 P_pack_worker_ms=9.798552 PH_load_worker_ms=80.627986 PH_compute_worker_ms=92.640905 PH_store_scatter_worker_ms=33.235876 UB_convert_worker_ms=14.093066 UW_load_worker_ms=27.594965 UW_compute_worker_ms=22.972836 V_store_worker_ms=2.120004 V_reload_worker_ms=2.073534 row_rescale_worker_ms=2.899773 transition_worker_ms=0.534365 output_write_worker_ms=4.519423 scheduling_worker_ms=2.855621 tile_config_worker_ms=0.042121 fallback_gather_worker_ms=0 fallback_UB_convert_worker_ms=0 fallback_AMX_load_compute_worker_ms=0 baseline_rescale_store_worker_ms=0 baseline_rescale_vector_worker_ms=2.899773 baseline_rescale_reload_worker_ms=0 fallback_final_store_worker_ms=0 instruction_span_timers_have_overhead=true
ONLINE_STATS path=HEADS_AMX_HILO_B16 layer=2 block=16 heads=8 D=256 d=32 edges=126167053 blocks=73164920 max_updates_including_initial=28995119 rescales=9402887 rescale_per_block=0.128516329957 P50=0 P90=0.333333333333 P95=0.5 P99=0.6 rescaled_feature_elements=300892384 rescale_events=2621272 spill_bytes=0 reload_bytes=0 UW_calls=73309440 UW_physical_FMA=600550932480 head_tiles=1224520 projection_groups=4581840
HEAD_WORK path=HEADS_AMX_HILO_B16 layer=2 optimized=1 PH_calls=292659680 PH_physical_FMA=1198734049280 PH_useful_FMA=258390124544 raw_H_bytes=64597531136 packed_H_bytes=149841756160 UB_scatter_bytes=74920878080 head_switch_store_bytes=9383608320 head_switch_reload_bytes=6875791360 sparse_width_amplification=8 traffic_is_logical_not_DRAM=true no_full_Z_U_e_alpha=true bounded_V_in_local_memory=true
PROFILE_IDENTITY path=HEADS_AMX_HILO_B16 layer=3 bit_fingerprint_equal=1
PROFILE path=HEADS_AMX_HILO_B16 layer=3 optimized=0 layer_wall_ms=1006.556233 kernel_wall_ms=960.959978 sampled_head_tiles=1196 worker_times_are_sampled_sums=true source_index_worker_ms=0 score_worker_ms=15.510824 block_max_worker_ms=1.870956 exp_den_worker_ms=0.447054 H_pack_worker_ms=0 P_pack_worker_ms=0 PH_load_worker_ms=0 PH_compute_worker_ms=0 PH_store_scatter_worker_ms=0 UB_convert_worker_ms=0 UW_load_worker_ms=0 UW_compute_worker_ms=0 V_store_worker_ms=0 V_reload_worker_ms=0 row_rescale_worker_ms=0 transition_worker_ms=0 output_write_worker_ms=1.874438 scheduling_worker_ms=3.041426 tile_config_worker_ms=0.039292 fallback_gather_worker_ms=98.152824 fallback_UB_convert_worker_ms=1.903894 fallback_AMX_load_compute_worker_ms=4.007829 baseline_rescale_store_worker_ms=0.320155 baseline_rescale_vector_worker_ms=0.489063 baseline_rescale_reload_worker_ms=0.192314 fallback_final_store_worker_ms=0.123534 instruction_span_timers_have_overhead=true
ONLINE_STATS path=HEADS_AMX_HILO_B16 layer=3 block=16 heads=1 D=256 d=47 edges=126167053 blocks=9145615 max_updates_including_initial=4066387 rescales=1617358 rescale_per_block=0.176845187557 P50=0 P90=0.5 P95=0.5 P99=0.666666666667 rescaled_feature_elements=76015826 rescale_events=359293 spill_bytes=1103748096 reload_bytes=1103748096 UW_calls=13745520 UW_physical_FMA=112603299840 head_tiles=153065 projection_groups=572730
HEAD_WORK path=HEADS_AMX_HILO_B16 layer=3 optimized=0 PH_calls=0 PH_physical_FMA=0 PH_useful_FMA=0 raw_H_bytes=0 packed_H_bytes=0 UB_scatter_bytes=0 head_switch_store_bytes=0 head_switch_reload_bytes=0 sparse_width_amplification=5.44680851064 traffic_is_logical_not_DRAM=true no_full_Z_U_e_alpha=true bounded_V_in_local_memory=true
PROFILE_IDENTITY path=HEADS_AMX_HILO_B32 layer=1 bit_fingerprint_equal=1
PROFILE path=HEADS_AMX_HILO_B32 layer=1 optimized=1 layer_wall_ms=1097.706877 kernel_wall_ms=1030.0102 sampled_head_tiles=9568 worker_times_are_sampled_sums=true source_index_worker_ms=1.372806 score_worker_ms=45.00664 block_max_worker_ms=12.07076 exp_den_worker_ms=2.489968 H_pack_worker_ms=65.849289 P_pack_worker_ms=6.172593 PH_load_worker_ms=23.311277 PH_compute_worker_ms=35.54004 PH_store_scatter_worker_ms=9.651114 UB_convert_worker_ms=4.112361 UW_load_worker_ms=8.054896 UW_compute_worker_ms=9.715527 V_store_worker_ms=1.094456 V_reload_worker_ms=0.935452 row_rescale_worker_ms=1.559825 transition_worker_ms=0.325876 output_write_worker_ms=4.128931 scheduling_worker_ms=2.687727 tile_config_worker_ms=0.037826 fallback_gather_worker_ms=0 fallback_UB_convert_worker_ms=0 fallback_AMX_load_compute_worker_ms=0 baseline_rescale_store_worker_ms=0 baseline_rescale_vector_worker_ms=1.559825 baseline_rescale_reload_worker_ms=0 fallback_final_store_worker_ms=0 instruction_span_timers_have_overhead=true
ONLINE_STATS path=HEADS_AMX_HILO_B32 layer=1 block=32 heads=8 D=100 d=32 edges=126167053 blocks=42882792 max_updates_including_initial=25358082 rescales=5765850 rescale_per_block=0.134456030755 P50=0 P90=0.333333333333 P95=0.5 P99=0.666666666667 rescaled_feature_elements=184507200 rescale_events=1282420 spill_bytes=0 reload_bytes=0 UW_calls=21477376 UW_physical_FMA=175942664192 head_tiles=1224520 projection_groups=2684672
HEAD_WORK path=HEADS_AMX_HILO_B32 layer=1 optimized=1 PH_calls=85765584 PH_physical_FMA=351295832064 PH_useful_FMA=100933642400 raw_H_bytes=25233410600 packed_H_bytes=43911979008 UB_scatter_bytes=21955989504 head_switch_store_bytes=5498208256 head_switch_reload_bytes=2990391296 sparse_width_amplification=3.125 traffic_is_logical_not_DRAM=true no_full_Z_U_e_alpha=true bounded_V_in_local_memory=true
PROFILE_IDENTITY path=HEADS_AMX_HILO_B32 layer=2 bit_fingerprint_equal=1
PROFILE path=HEADS_AMX_HILO_B32 layer=2 optimized=1 layer_wall_ms=1924.313353 kernel_wall_ms=1829.477166 sampled_head_tiles=9568 worker_times_are_sampled_sums=true source_index_worker_ms=1.457078 score_worker_ms=48.70659 block_max_worker_ms=12.114354 exp_den_worker_ms=3.057154 H_pack_worker_ms=132.970959 P_pack_worker_ms=7.950497 PH_load_worker_ms=47.483557 PH_compute_worker_ms=53.320486 PH_store_scatter_worker_ms=19.625335 UB_convert_worker_ms=8.190666 UW_load_worker_ms=16.231269 UW_compute_worker_ms=13.58703 V_store_worker_ms=1.283381 V_reload_worker_ms=1.02895 row_rescale_worker_ms=1.400772 transition_worker_ms=0.343297 output_write_worker_ms=4.511095 scheduling_worker_ms=2.826155 tile_config_worker_ms=0.04447 fallback_gather_worker_ms=0 fallback_UB_convert_worker_ms=0 fallback_AMX_load_compute_worker_ms=0 baseline_rescale_store_worker_ms=0 baseline_rescale_vector_worker_ms=1.400772 baseline_rescale_reload_worker_ms=0 fallback_final_store_worker_ms=0 instruction_span_timers_have_overhead=true
ONLINE_STATS path=HEADS_AMX_HILO_B32 layer=2 block=32 heads=8 D=256 d=32 edges=126167053 blocks=42882792 max_updates_including_initial=24071097 rescales=4478865 rescale_per_block=0.10444434215 P50=0 P90=0.333333333333 P95=0.5 P99=0.5 rescaled_feature_elements=143323680 rescale_events=1203065 spill_bytes=0 reload_bytes=0 UW_calls=42954752 UW_physical_FMA=351885328384 head_tiles=1224520 projection_groups=2684672
HEAD_WORK path=HEADS_AMX_HILO_B32 layer=2 optimized=1 PH_calls=171531168 PH_physical_FMA=702591664128 PH_useful_FMA=258390124544 raw_H_bytes=64597531136 packed_H_bytes=87823958016 UB_scatter_bytes=43911979008 head_switch_store_bytes=5498208256 head_switch_reload_bytes=2990391296 sparse_width_amplification=8 traffic_is_logical_not_DRAM=true no_full_Z_U_e_alpha=true bounded_V_in_local_memory=true
PROFILE_IDENTITY path=HEADS_AMX_HILO_B32 layer=3 bit_fingerprint_equal=1
PROFILE path=HEADS_AMX_HILO_B32 layer=3 optimized=0 layer_wall_ms=1132.258039 kernel_wall_ms=1086.726008 sampled_head_tiles=1196 worker_times_are_sampled_sums=true source_index_worker_ms=0 score_worker_ms=15.5554 block_max_worker_ms=1.67281 exp_den_worker_ms=0.375971 H_pack_worker_ms=0 P_pack_worker_ms=0 PH_load_worker_ms=0 PH_compute_worker_ms=0 PH_store_scatter_worker_ms=0 UB_convert_worker_ms=0 UW_load_worker_ms=0 UW_compute_worker_ms=0 V_store_worker_ms=0 V_reload_worker_ms=0 row_rescale_worker_ms=0 transition_worker_ms=0 output_write_worker_ms=1.878772 scheduling_worker_ms=1.969509 tile_config_worker_ms=0.040842 fallback_gather_worker_ms=115.483533 fallback_UB_convert_worker_ms=1.183571 fallback_AMX_load_compute_worker_ms=3.00846 baseline_rescale_store_worker_ms=0.17039 baseline_rescale_vector_worker_ms=0.250334 baseline_rescale_reload_worker_ms=0.090462 fallback_final_store_worker_ms=0.123165 instruction_span_timers_have_overhead=true
ONLINE_STATS path=HEADS_AMX_HILO_B32 layer=3 block=32 heads=1 D=256 d=47 edges=126167053 blocks=5360349 max_updates_including_initial=3253708 rescales=804679 rescale_per_block=0.150116904702 P50=0 P90=0.4 P95=0.5 P99=0.666666666667 rescaled_feature_elements=37819913 rescale_events=162170 spill_bytes=498186240 reload_bytes=498186240 UW_calls=8054016 UW_physical_FMA=65978499072 head_tiles=153065 projection_groups=335584
HEAD_WORK path=HEADS_AMX_HILO_B32 layer=3 optimized=0 PH_calls=0 PH_physical_FMA=0 PH_useful_FMA=0 raw_H_bytes=0 packed_H_bytes=0 UB_scatter_bytes=0 head_switch_store_bytes=0 head_switch_reload_bytes=0 sparse_width_amplification=5.44680851064 traffic_is_logical_not_DRAM=true no_full_Z_U_e_alpha=true bounded_V_in_local_memory=true
PROFILE_IDENTITY path=HEADS_AMX_PRELOAD_B16 layer=1 bit_fingerprint_equal=1
PROFILE path=HEADS_AMX_PRELOAD_B16 layer=1 optimized=1 layer_wall_ms=1463.842264 kernel_wall_ms=1396.264451 sampled_head_tiles=9568 worker_times_are_sampled_sums=true source_index_worker_ms=1.414156 score_worker_ms=43.857419 block_max_worker_ms=13.421005 exp_den_worker_ms=2.844979 H_pack_worker_ms=83.611685 P_pack_worker_ms=8.624037 PH_load_worker_ms=30.420551 PH_compute_worker_ms=59.016552 PH_store_scatter_worker_ms=16.67142 UB_convert_worker_ms=6.75907 UW_load_worker_ms=13.521257 UW_compute_worker_ms=16.553201 V_store_worker_ms=1.719422 V_reload_worker_ms=1.850217 row_rescale_worker_ms=3.159309 transition_worker_ms=0.527167 output_write_worker_ms=4.00062 scheduling_worker_ms=2.623982 tile_config_worker_ms=0.039635 fallback_gather_worker_ms=0 fallback_UB_convert_worker_ms=0 fallback_AMX_load_compute_worker_ms=0 baseline_rescale_store_worker_ms=0 baseline_rescale_vector_worker_ms=3.159309 baseline_rescale_reload_worker_ms=0 fallback_final_store_worker_ms=0 instruction_span_timers_have_overhead=true
ONLINE_STATS path=HEADS_AMX_PRELOAD_B16 layer=1 block=16 heads=8 D=100 d=32 edges=126167053 blocks=73164920 max_updates_including_initial=31066144 rescales=11473912 rescale_per_block=0.156822586562 P50=0 P90=0.4 P95=0.5 P99=0.666666666667 rescaled_feature_elements=367165184 rescale_events=2820436 spill_bytes=0 reload_bytes=0 UW_calls=36654720 UW_physical_FMA=300275466240 head_tiles=1224520 projection_groups=4581840
HEAD_WORK path=HEADS_AMX_PRELOAD_B16 layer=1 optimized=1 PH_calls=146329840 PH_physical_FMA=599367024640 PH_useful_FMA=100933642400 raw_H_bytes=25233410600 packed_H_bytes=74920878080 UB_scatter_bytes=37460439040 head_switch_store_bytes=9383608320 head_switch_reload_bytes=6875791360 sparse_width_amplification=3.125 traffic_is_logical_not_DRAM=true no_full_Z_U_e_alpha=true bounded_V_in_local_memory=true
PROFILE_IDENTITY path=HEADS_AMX_PRELOAD_B16 layer=2 bit_fingerprint_equal=1
PROFILE path=HEADS_AMX_PRELOAD_B16 layer=2 optimized=1 layer_wall_ms=2357.117054 kernel_wall_ms=2262.168817 sampled_head_tiles=9568 worker_times_are_sampled_sums=true source_index_worker_ms=1.531437 score_worker_ms=47.173254 block_max_worker_ms=13.665059 exp_den_worker_ms=3.43988 H_pack_worker_ms=150.215791 P_pack_worker_ms=9.513962 PH_load_worker_ms=52.045386 PH_compute_worker_ms=90.950488 PH_store_scatter_worker_ms=34.43368 UB_convert_worker_ms=13.450022 UW_load_worker_ms=27.724695 UW_compute_worker_ms=23.039119 V_store_worker_ms=2.054823 V_reload_worker_ms=2.010064 row_rescale_worker_ms=2.909404 transition_worker_ms=0.612028 output_write_worker_ms=4.472148 scheduling_worker_ms=2.76724 tile_config_worker_ms=0.044135 fallback_gather_worker_ms=0 fallback_UB_convert_worker_ms=0 fallback_AMX_load_compute_worker_ms=0 baseline_rescale_store_worker_ms=0 baseline_rescale_vector_worker_ms=2.909404 baseline_rescale_reload_worker_ms=0 fallback_final_store_worker_ms=0 instruction_span_timers_have_overhead=true
ONLINE_STATS path=HEADS_AMX_PRELOAD_B16 layer=2 block=16 heads=8 D=256 d=32 edges=126167053 blocks=73164920 max_updates_including_initial=28995119 rescales=9402887 rescale_per_block=0.128516329957 P50=0 P90=0.333333333333 P95=0.5 P99=0.6 rescaled_feature_elements=300892384 rescale_events=2621272 spill_bytes=0 reload_bytes=0 UW_calls=73309440 UW_physical_FMA=600550932480 head_tiles=1224520 projection_groups=4581840
HEAD_WORK path=HEADS_AMX_PRELOAD_B16 layer=2 optimized=1 PH_calls=292659680 PH_physical_FMA=1198734049280 PH_useful_FMA=258390124544 raw_H_bytes=64597531136 packed_H_bytes=149841756160 UB_scatter_bytes=74920878080 head_switch_store_bytes=9383608320 head_switch_reload_bytes=6875791360 sparse_width_amplification=8 traffic_is_logical_not_DRAM=true no_full_Z_U_e_alpha=true bounded_V_in_local_memory=true
PROFILE_IDENTITY path=HEADS_AMX_PRELOAD_B16 layer=3 bit_fingerprint_equal=1
PROFILE path=HEADS_AMX_PRELOAD_B16 layer=3 optimized=0 layer_wall_ms=1000.824812 kernel_wall_ms=955.333252 sampled_head_tiles=1196 worker_times_are_sampled_sums=true source_index_worker_ms=0 score_worker_ms=15.42897 block_max_worker_ms=1.882893 exp_den_worker_ms=0.442973 H_pack_worker_ms=0 P_pack_worker_ms=0 PH_load_worker_ms=0 PH_compute_worker_ms=0 PH_store_scatter_worker_ms=0 UB_convert_worker_ms=0 UW_load_worker_ms=0 UW_compute_worker_ms=0 V_store_worker_ms=0 V_reload_worker_ms=0 row_rescale_worker_ms=0 transition_worker_ms=0 output_write_worker_ms=1.886111 scheduling_worker_ms=3.076126 tile_config_worker_ms=0.042354 fallback_gather_worker_ms=97.839359 fallback_UB_convert_worker_ms=1.900478 fallback_AMX_load_compute_worker_ms=3.984526 baseline_rescale_store_worker_ms=0.319291 baseline_rescale_vector_worker_ms=0.483034 baseline_rescale_reload_worker_ms=0.187457 fallback_final_store_worker_ms=0.120907 instruction_span_timers_have_overhead=true
ONLINE_STATS path=HEADS_AMX_PRELOAD_B16 layer=3 block=16 heads=1 D=256 d=47 edges=126167053 blocks=9145615 max_updates_including_initial=4066387 rescales=1617358 rescale_per_block=0.176845187557 P50=0 P90=0.5 P95=0.5 P99=0.666666666667 rescaled_feature_elements=76015826 rescale_events=359293 spill_bytes=1103748096 reload_bytes=1103748096 UW_calls=13745520 UW_physical_FMA=112603299840 head_tiles=153065 projection_groups=572730
HEAD_WORK path=HEADS_AMX_PRELOAD_B16 layer=3 optimized=0 PH_calls=0 PH_physical_FMA=0 PH_useful_FMA=0 raw_H_bytes=0 packed_H_bytes=0 UB_scatter_bytes=0 head_switch_store_bytes=0 head_switch_reload_bytes=0 sparse_width_amplification=5.44680851064 traffic_is_logical_not_DRAM=true no_full_Z_U_e_alpha=true bounded_V_in_local_memory=true
PROFILE_IDENTITY path=HEADS_AMX_PRELOAD_B32 layer=1 bit_fingerprint_equal=1
PROFILE path=HEADS_AMX_PRELOAD_B32 layer=1 optimized=1 layer_wall_ms=1152.898992 kernel_wall_ms=1085.384442 sampled_head_tiles=9568 worker_times_are_sampled_sums=true source_index_worker_ms=1.366075 score_worker_ms=44.909108 block_max_worker_ms=12.030587 exp_den_worker_ms=2.43778 H_pack_worker_ms=68.965013 P_pack_worker_ms=6.5077 PH_load_worker_ms=18.352761 PH_compute_worker_ms=41.084282 PH_store_scatter_worker_ms=9.989474 UB_convert_worker_ms=4.039539 UW_load_worker_ms=8.079694 UW_compute_worker_ms=9.692636 V_store_worker_ms=1.081334 V_reload_worker_ms=0.933217 row_rescale_worker_ms=1.572768 transition_worker_ms=0.353534 output_write_worker_ms=4.05728 scheduling_worker_ms=2.70465 tile_config_worker_ms=0.036822 fallback_gather_worker_ms=0 fallback_UB_convert_worker_ms=0 fallback_AMX_load_compute_worker_ms=0 baseline_rescale_store_worker_ms=0 baseline_rescale_vector_worker_ms=1.572768 baseline_rescale_reload_worker_ms=0 fallback_final_store_worker_ms=0 instruction_span_timers_have_overhead=true
ONLINE_STATS path=HEADS_AMX_PRELOAD_B32 layer=1 block=32 heads=8 D=100 d=32 edges=126167053 blocks=42882792 max_updates_including_initial=25358082 rescales=5765850 rescale_per_block=0.134456030755 P50=0 P90=0.333333333333 P95=0.5 P99=0.666666666667 rescaled_feature_elements=184507200 rescale_events=1282420 spill_bytes=0 reload_bytes=0 UW_calls=21477376 UW_physical_FMA=175942664192 head_tiles=1224520 projection_groups=2684672
HEAD_WORK path=HEADS_AMX_PRELOAD_B32 layer=1 optimized=1 PH_calls=85765584 PH_physical_FMA=351295832064 PH_useful_FMA=100933642400 raw_H_bytes=25233410600 packed_H_bytes=43911979008 UB_scatter_bytes=21955989504 head_switch_store_bytes=5498208256 head_switch_reload_bytes=2990391296 sparse_width_amplification=3.125 traffic_is_logical_not_DRAM=true no_full_Z_U_e_alpha=true bounded_V_in_local_memory=true
PROFILE_IDENTITY path=HEADS_AMX_PRELOAD_B32 layer=2 bit_fingerprint_equal=1
PROFILE path=HEADS_AMX_PRELOAD_B32 layer=2 optimized=1 layer_wall_ms=1848.74656 kernel_wall_ms=1753.7671 sampled_head_tiles=9568 worker_times_are_sampled_sums=true source_index_worker_ms=1.502643 score_worker_ms=48.877633 block_max_worker_ms=12.200439 exp_den_worker_ms=2.938482 H_pack_worker_ms=126.721379 P_pack_worker_ms=8.567227 PH_load_worker_ms=30.730298 PH_compute_worker_ms=53.967855 PH_store_scatter_worker_ms=20.326728 UB_convert_worker_ms=7.89715 UW_load_worker_ms=16.323972 UW_compute_worker_ms=13.616785 V_store_worker_ms=1.282219 V_reload_worker_ms=1.017875 row_rescale_worker_ms=1.394576 transition_worker_ms=0.430592 output_write_worker_ms=4.45299 scheduling_worker_ms=2.770908 tile_config_worker_ms=0.040042 fallback_gather_worker_ms=0 fallback_UB_convert_worker_ms=0 fallback_AMX_load_compute_worker_ms=0 baseline_rescale_store_worker_ms=0 baseline_rescale_vector_worker_ms=1.394576 baseline_rescale_reload_worker_ms=0 fallback_final_store_worker_ms=0 instruction_span_timers_have_overhead=true
ONLINE_STATS path=HEADS_AMX_PRELOAD_B32 layer=2 block=32 heads=8 D=256 d=32 edges=126167053 blocks=42882792 max_updates_including_initial=24071097 rescales=4478865 rescale_per_block=0.10444434215 P50=0 P90=0.333333333333 P95=0.5 P99=0.5 rescaled_feature_elements=143323680 rescale_events=1203065 spill_bytes=0 reload_bytes=0 UW_calls=42954752 UW_physical_FMA=351885328384 head_tiles=1224520 projection_groups=2684672
HEAD_WORK path=HEADS_AMX_PRELOAD_B32 layer=2 optimized=1 PH_calls=171531168 PH_physical_FMA=702591664128 PH_useful_FMA=258390124544 raw_H_bytes=64597531136 packed_H_bytes=87823958016 UB_scatter_bytes=43911979008 head_switch_store_bytes=5498208256 head_switch_reload_bytes=2990391296 sparse_width_amplification=8 traffic_is_logical_not_DRAM=true no_full_Z_U_e_alpha=true bounded_V_in_local_memory=true
PROFILE_IDENTITY path=HEADS_AMX_PRELOAD_B32 layer=3 bit_fingerprint_equal=1
PROFILE path=HEADS_AMX_PRELOAD_B32 layer=3 optimized=0 layer_wall_ms=1162.040636 kernel_wall_ms=1116.576819 sampled_head_tiles=1196 worker_times_are_sampled_sums=true source_index_worker_ms=0 score_worker_ms=15.465493 block_max_worker_ms=1.641512 exp_den_worker_ms=0.368832 H_pack_worker_ms=0 P_pack_worker_ms=0 PH_load_worker_ms=0 PH_compute_worker_ms=0 PH_store_scatter_worker_ms=0 UB_convert_worker_ms=0 UW_load_worker_ms=0 UW_compute_worker_ms=0 V_store_worker_ms=0 V_reload_worker_ms=0 row_rescale_worker_ms=0 transition_worker_ms=0 output_write_worker_ms=1.889114 scheduling_worker_ms=1.973643 tile_config_worker_ms=0.038173 fallback_gather_worker_ms=116.294929 fallback_UB_convert_worker_ms=1.173605 fallback_AMX_load_compute_worker_ms=3.028242 baseline_rescale_store_worker_ms=0.159439 baseline_rescale_vector_worker_ms=0.247988 baseline_rescale_reload_worker_ms=0.094837 fallback_final_store_worker_ms=0.121124 instruction_span_timers_have_overhead=true
ONLINE_STATS path=HEADS_AMX_PRELOAD_B32 layer=3 block=32 heads=1 D=256 d=47 edges=126167053 blocks=5360349 max_updates_including_initial=3253708 rescales=804679 rescale_per_block=0.150116904702 P50=0 P90=0.4 P95=0.5 P99=0.666666666667 rescaled_feature_elements=37819913 rescale_events=162170 spill_bytes=498186240 reload_bytes=498186240 UW_calls=8054016 UW_physical_FMA=65978499072 head_tiles=153065 projection_groups=335584
HEAD_WORK path=HEADS_AMX_PRELOAD_B32 layer=3 optimized=0 PH_calls=0 PH_physical_FMA=0 PH_useful_FMA=0 raw_H_bytes=0 packed_H_bytes=0 UB_scatter_bytes=0 head_switch_store_bytes=0 head_switch_reload_bytes=0 sparse_width_amplification=5.44680851064 traffic_is_logical_not_DRAM=true no_full_Z_U_e_alpha=true bounded_V_in_local_memory=true
ICPP_PRELOAD_COMPLETE old_heads_smoke_plus_bitwise_preload_regression=true
ICPP_HEADS_COMPLETE architecture=DegreeSort_TR16_sharedH_PH_AMX_UW_fusion no_global_U_Z_e_alpha=true PH_coefficients=FP32_or_BF16_high_plus_low normalization_FP32=true independent_heads=true bounded_V_in_local_memory=true source_width_amplification_retained=true master_gate=SEE_PER_LAYER_ERRORS performance=EXPLORATORY task_accuracy=UNVERIFIED
