GCN E2E v3 — Hybrid Pipeline (FP32 inter-layer + BF16 final)
Threads: 32

Loading: /home/huangjianqiang_group/hdacp1/data/yx/TFS/data/ogbn-products/ogbn-products.csrbin
Matrix: ogbn-products  N=2449029  NNZ=123718152  avg_deg=50.5

=== TFS V3 Hybrid Pipeline ===
  run 0: 333.03 ms
  run 1: 329.73 ms
  run 2: 325.39 ms
  run 3: 327.81 ms
  run 4: 333.18 ms
  TFS V3 E2E BEST: 325.39 ms

=== MKL FP32 Two-Step ===
  run 0: 1347.52 ms
  run 1: 1347.26 ms
  run 2: 1350.89 ms
  run 3: 1346.47 ms
  run 4: 1348.03 ms
  MKL E2E BEST: 1346.47 ms

=== E2E Summary ===
  TFS V3 (hybrid): 325.39 ms
  MKL (FP32):      1346.47 ms
  E2E Speedup:     4.14×

=== Precision ===
  TFS_hybrid vs MKL_FP32: max_rel_err=0.010501  RMSE=1.5255e+02
First 8:
  TFS: -12991.84 -28908.69 -36407.58 -4621.78 10116.61 -6913.75 -18725.19 -24380.31 
  MKL: -13114.39 -29165.52 -36805.82 -4675.34 10199.56 -6997.17 -18939.52 -24603.59 
METHOD_CONFIG graph=ogbn-products N=2449029 E=123718152 D=128 F=128 R=64 TR=16 warmups=1 repeats=5 final_output=BF16 mkl_threads=32 mkl_dynamic=1 numa=default
METHOD_CHECK graph=ogbn-products method=paper_tfs boundary=kernel_FP32 reference=paper_tfs max_abs=0 mean_abs=0 relative_L2=0 normalized_max=0 gate=0.01 pass=1
METHOD_CHECK graph=ogbn-products method=paper_tfs boundary=e2e_FP32_final reference=paper_tfs max_abs=0 mean_abs=0 relative_L2=0 normalized_max=0 gate=0.01 pass=1
METHOD_CHECK graph=ogbn-products method=paper_tfs boundary=e2e_BF16_final reference=paper_tfs max_abs=0 mean_abs=0 relative_L2=0 normalized_max=0 gate=0.02 pass=1
METHOD_CHECK graph=ogbn-products method=paper_tfs boundary=e2e_BF16_final reference=source_MKL_FP32 max_abs=87793.5 mean_abs=79.6746653957 relative_L2=0.0127954883771 normalized_max=0.0135534967021 gate=0.03 pass=1
METHOD_CHECK graph=ogbn-products method=b8_fast boundary=kernel_FP32 reference=paper_tfs max_abs=6.0048828125 mean_abs=0.054311277743 relative_L2=0.00314836586593 normalized_max=0.0023455528857 gate=0.01 pass=1
METHOD_CHECK graph=ogbn-products method=b8_fast boundary=e2e_FP32_final reference=paper_tfs max_abs=33691 mean_abs=33.3991320461 relative_L2=0.0053095238088 normalized_max=0.00525639206435 gate=0.01 pass=1
METHOD_CHECK graph=ogbn-products method=b8_fast boundary=e2e_BF16_final reference=paper_tfs max_abs=32768 mean_abs=33.3046611545 relative_L2=0.00572809793996 normalized_max=0.00512820512821 gate=0.02 pass=1
METHOD_CHECK graph=ogbn-products method=b8_fast boundary=e2e_BF16_final reference=source_MKL_FP32 max_abs=120561.5 mean_abs=112.182845433 relative_L2=0.0179269321382 normalized_max=0.018612196719 gate=0.03 pass=1
METHOD_CHECK graph=ogbn-products method=b8_accurate boundary=kernel_FP32 reference=paper_tfs max_abs=0.0157470703125 mean_abs=8.97704397771e-06 relative_L2=8.59808244746e-07 normalized_max=6.15092539957e-06 gate=0.001 pass=1
METHOD_CHECK graph=ogbn-products method=b8_accurate boundary=e2e_FP32_final reference=paper_tfs max_abs=41.5 mean_abs=0.0425362262029 relative_L2=8.8079895277e-06 normalized_max=6.47473422191e-06 gate=0.001 pass=1
METHOD_CHECK graph=ogbn-products method=b8_accurate boundary=e2e_BF16_final reference=paper_tfs max_abs=8192 mean_abs=0.0425802627367 relative_L2=0.000146587413105 normalized_max=0.00128205128205 gate=0.01 pass=1
METHOD_CHECK graph=ogbn-products method=b8_accurate boundary=e2e_BF16_final reference=source_MKL_FP32 max_abs=87793.5 mean_abs=79.6762318635 relative_L2=0.0127957479355 normalized_max=0.0135534967021 gate=0.03 pass=1
METHOD_CHECK graph=ogbn-products method=b16_fast boundary=kernel_FP32 reference=paper_tfs max_abs=7.42700195312 mean_abs=0.0559806752187 relative_L2=0.00324918545924 normalized_max=0.00290104343536 gate=0.01 pass=1
METHOD_CHECK graph=ogbn-products method=b16_fast boundary=e2e_FP32_final reference=paper_tfs max_abs=35394.5 mean_abs=35.00345079 relative_L2=0.0055617926936 normalized_max=0.00552216820283 gate=0.01 pass=1
METHOD_CHECK graph=ogbn-products method=b16_fast boundary=e2e_BF16_final reference=paper_tfs max_abs=32768 mean_abs=34.905539113 relative_L2=0.00594938930768 normalized_max=0.00512820512821 gate=0.02 pass=1
METHOD_CHECK graph=ogbn-products method=b16_fast boundary=e2e_BF16_final reference=source_MKL_FP32 max_abs=120561.5 mean_abs=113.677982839 relative_L2=0.0181665020434 normalized_max=0.018612196719 gate=0.03 pass=1
METHOD_CHECK graph=ogbn-products method=b16_accurate boundary=kernel_FP32 reference=paper_tfs max_abs=0.020263671875 mean_abs=2.71377228472e-05 relative_L2=1.91365782387e-06 normalized_max=7.91514431263e-06 gate=0.001 pass=1
METHOD_CHECK graph=ogbn-products method=b16_accurate boundary=e2e_FP32_final reference=paper_tfs max_abs=31.25 mean_abs=0.0741049181739 relative_L2=1.190794918e-05 normalized_max=4.87555287795e-06 gate=0.001 pass=1
METHOD_CHECK graph=ogbn-products method=b16_accurate boundary=e2e_BF16_final reference=paper_tfs max_abs=8192 mean_abs=0.073873037778 relative_L2=0.000176664159538 normalized_max=0.00128205128205 gate=0.01 pass=1
METHOD_CHECK graph=ogbn-products method=b16_accurate boundary=e2e_BF16_final reference=source_MKL_FP32 max_abs=87793.5 mean_abs=79.6810413916 relative_L2=0.0127966333852 normalized_max=0.0135534967021 gate=0.03 pass=1
METHOD_CHECK graph=ogbn-products method=b64_fast boundary=kernel_FP32 reference=paper_tfs max_abs=7.42822265625 mean_abs=0.0565590515441 relative_L2=0.00328826619572 normalized_max=0.00290152025128 gate=0.01 pass=1
METHOD_CHECK graph=ogbn-products method=b64_fast boundary=e2e_FP32_final reference=paper_tfs max_abs=35613 mean_abs=36.1791278913 relative_L2=0.00571474087541 normalized_max=0.00555625806855 gate=0.01 pass=1
METHOD_CHECK graph=ogbn-products method=b64_fast boundary=e2e_BF16_final reference=paper_tfs max_abs=32768 mean_abs=36.0753509035 relative_L2=0.00609675543231 normalized_max=0.00512820512821 gate=0.02 pass=1
METHOD_CHECK graph=ogbn-products method=b64_fast boundary=e2e_BF16_final reference=source_MKL_FP32 max_abs=120561.5 mean_abs=114.44889789 relative_L2=0.0182746867585 normalized_max=0.018612196719 gate=0.03 pass=1
METHOD_CHECK graph=ogbn-products method=b64_accurate boundary=kernel_FP32 reference=paper_tfs max_abs=0.0191650390625 mean_abs=7.13322475235e-05 relative_L2=5.11476888201e-06 normalized_max=7.48600998243e-06 gate=0.001 pass=1
METHOD_CHECK graph=ogbn-products method=b64_accurate boundary=e2e_FP32_final reference=paper_tfs max_abs=52.5 mean_abs=0.164428158725 relative_L2=2.35494527034e-05 normalized_max=8.19092883495e-06 gate=0.001 pass=1
METHOD_CHECK graph=ogbn-products method=b64_accurate boundary=e2e_BF16_final reference=paper_tfs max_abs=8192 mean_abs=0.164187761917 relative_L2=0.000271762229989 normalized_max=0.00128205128205 gate=0.01 pass=1
METHOD_CHECK graph=ogbn-products method=b64_accurate boundary=e2e_BF16_final reference=source_MKL_FP32 max_abs=87793.5 mean_abs=79.7170241606 relative_L2=0.0128025082557 normalized_max=0.0135534967021 gate=0.03 pass=1
METHOD_CHECK graph=ogbn-products method=bfull_fast boundary=kernel_FP32 reference=paper_tfs max_abs=6.76220703125 mean_abs=0.0565733405329 relative_L2=0.00329457783311 normalized_max=0.00264136948399 gate=0.01 pass=1
METHOD_CHECK graph=ogbn-products method=bfull_fast boundary=e2e_FP32_final reference=paper_tfs max_abs=35290.5 mean_abs=36.7816148971 relative_L2=0.00588307246424 normalized_max=0.00550594236285 gate=0.01 pass=1
METHOD_CHECK graph=ogbn-products method=bfull_fast boundary=e2e_BF16_final reference=paper_tfs max_abs=32768 mean_abs=36.6786260634 relative_L2=0.00628402291847 normalized_max=0.00512820512821 gate=0.02 pass=1
METHOD_CHECK graph=ogbn-products method=bfull_fast boundary=e2e_BF16_final reference=source_MKL_FP32 max_abs=120561.5 mean_abs=114.659691528 relative_L2=0.0183357711407 normalized_max=0.018612196719 gate=0.03 pass=1
METHOD_CHECK graph=ogbn-products method=bfull_accurate boundary=kernel_FP32 reference=paper_tfs max_abs=0.023193359375 mean_abs=8.46767142868e-05 relative_L2=6.64284379022e-06 normalized_max=9.0595025265e-06 gate=0.001 pass=1
METHOD_CHECK graph=ogbn-products method=bfull_accurate boundary=e2e_FP32_final reference=paper_tfs max_abs=76 mean_abs=0.206426005442 relative_L2=2.85233669546e-05 normalized_max=1.18573445992e-05 gate=0.001 pass=1
METHOD_CHECK graph=ogbn-products method=bfull_accurate boundary=e2e_BF16_final reference=paper_tfs max_abs=8192 mean_abs=0.205963684931 relative_L2=0.000311907295423 normalized_max=0.00128205128205 gate=0.01 pass=1
METHOD_CHECK graph=ogbn-products method=bfull_accurate boundary=e2e_BF16_final reference=source_MKL_FP32 max_abs=87793.5 mean_abs=79.735989207 relative_L2=0.0128058148152 normalized_max=0.0135534967021 gate=0.03 pass=1
METHOD_GATE_COMPLETE graph=ogbn-products methods=9 pass=1
METHOD_TIME graph=ogbn-products method=paper_tfs kind=e2e repeat=0 order=0 ms=333.935976028
METHOD_TIME graph=ogbn-products method=paper_tfs kind=e2e repeat=1 order=0 ms=346.28200531
METHOD_TIME graph=ogbn-products method=paper_tfs kind=e2e repeat=2 order=0 ms=340.522050858
METHOD_TIME graph=ogbn-products method=paper_tfs kind=e2e repeat=3 order=0 ms=337.796926498
METHOD_TIME graph=ogbn-products method=paper_tfs kind=e2e repeat=4 order=0 ms=344.33889389
METHOD_TIME graph=ogbn-products method=b8_fast kind=e2e repeat=0 order=1 ms=368.144035339
METHOD_TIME graph=ogbn-products method=b8_fast kind=e2e repeat=1 order=1 ms=372.897148132
METHOD_TIME graph=ogbn-products method=b8_fast kind=e2e repeat=2 order=1 ms=369.704008102
METHOD_TIME graph=ogbn-products method=b8_fast kind=e2e repeat=3 order=1 ms=370.620965958
METHOD_TIME graph=ogbn-products method=b8_fast kind=e2e repeat=4 order=1 ms=373.162031174
METHOD_TIME graph=ogbn-products method=b8_accurate kind=e2e repeat=0 order=2 ms=395.529985428
METHOD_TIME graph=ogbn-products method=b8_accurate kind=e2e repeat=1 order=2 ms=389.19210434
METHOD_TIME graph=ogbn-products method=b8_accurate kind=e2e repeat=2 order=2 ms=395.757913589
METHOD_TIME graph=ogbn-products method=b8_accurate kind=e2e repeat=3 order=2 ms=383.95690918
METHOD_TIME graph=ogbn-products method=b8_accurate kind=e2e repeat=4 order=2 ms=388.048887253
METHOD_TIME graph=ogbn-products method=b16_fast kind=e2e repeat=0 order=3 ms=333.508968353
METHOD_TIME graph=ogbn-products method=b16_fast kind=e2e repeat=1 order=3 ms=336.320877075
METHOD_TIME graph=ogbn-products method=b16_fast kind=e2e repeat=2 order=3 ms=334.287881851
METHOD_TIME graph=ogbn-products method=b16_fast kind=e2e repeat=3 order=3 ms=341.151952744
METHOD_TIME graph=ogbn-products method=b16_fast kind=e2e repeat=4 order=3 ms=332.947969437
METHOD_TIME graph=ogbn-products method=b16_accurate kind=e2e repeat=0 order=4 ms=355.288028717
METHOD_TIME graph=ogbn-products method=b16_accurate kind=e2e repeat=1 order=4 ms=350.430011749
METHOD_TIME graph=ogbn-products method=b16_accurate kind=e2e repeat=2 order=4 ms=351.106882095
METHOD_TIME graph=ogbn-products method=b16_accurate kind=e2e repeat=3 order=4 ms=344.976186752
METHOD_TIME graph=ogbn-products method=b16_accurate kind=e2e repeat=4 order=4 ms=349.430084229
METHOD_TIME graph=ogbn-products method=b64_fast kind=e2e repeat=0 order=5 ms=290.827989578
METHOD_TIME graph=ogbn-products method=b64_fast kind=e2e repeat=1 order=5 ms=291.090011597
METHOD_TIME graph=ogbn-products method=b64_fast kind=e2e repeat=2 order=5 ms=295.480012894
METHOD_TIME graph=ogbn-products method=b64_fast kind=e2e repeat=3 order=5 ms=295.446872711
METHOD_TIME graph=ogbn-products method=b64_fast kind=e2e repeat=4 order=5 ms=291.990995407
METHOD_TIME graph=ogbn-products method=b64_accurate kind=e2e repeat=0 order=6 ms=305.219173431
METHOD_TIME graph=ogbn-products method=b64_accurate kind=e2e repeat=1 order=6 ms=302.65879631
METHOD_TIME graph=ogbn-products method=b64_accurate kind=e2e repeat=2 order=6 ms=303.984880447
METHOD_TIME graph=ogbn-products method=b64_accurate kind=e2e repeat=3 order=6 ms=306.790113449
METHOD_TIME graph=ogbn-products method=b64_accurate kind=e2e repeat=4 order=6 ms=303.433179855
METHOD_TIME graph=ogbn-products method=bfull_fast kind=e2e repeat=0 order=7 ms=289.345979691
METHOD_TIME graph=ogbn-products method=bfull_fast kind=e2e repeat=1 order=7 ms=287.893772125
METHOD_TIME graph=ogbn-products method=bfull_fast kind=e2e repeat=2 order=7 ms=290.819883347
METHOD_TIME graph=ogbn-products method=bfull_fast kind=e2e repeat=3 order=7 ms=288.348913193
METHOD_TIME graph=ogbn-products method=bfull_fast kind=e2e repeat=4 order=7 ms=288.536071777
METHOD_TIME graph=ogbn-products method=bfull_accurate kind=e2e repeat=0 order=8 ms=298.678159714
METHOD_TIME graph=ogbn-products method=bfull_accurate kind=e2e repeat=1 order=8 ms=298.372030258
METHOD_TIME graph=ogbn-products method=bfull_accurate kind=e2e repeat=2 order=8 ms=297.941207886
METHOD_TIME graph=ogbn-products method=bfull_accurate kind=e2e repeat=3 order=8 ms=294.340133667
METHOD_TIME graph=ogbn-products method=bfull_accurate kind=e2e repeat=4 order=8 ms=292.073965073
METHOD_TIME graph=ogbn-products method=source_mkl_fp32 kind=e2e repeat=0 order=9 ms=1347.14603424
METHOD_TIME graph=ogbn-products method=source_mkl_fp32 kind=e2e repeat=1 order=9 ms=1348.15788269
METHOD_TIME graph=ogbn-products method=source_mkl_fp32 kind=e2e repeat=2 order=9 ms=1367.53892899
METHOD_TIME graph=ogbn-products method=source_mkl_fp32 kind=e2e repeat=3 order=9 ms=1347.397089
METHOD_TIME graph=ogbn-products method=source_mkl_fp32 kind=e2e repeat=4 order=9 ms=1346.45795822
METHOD_COMPLETE graph=ogbn-products methods=9 checks=36 pass=1 max_rss_kib=0
