GCN E2E Inference Benchmark (2-layer, K=128)
TFS V3 (BF16 AMX) vs MKL (FP32 two-step)
Threads: 32

Loading: /home/huangjianqiang_group/hdacp1/data/yx/TFS/data/com-Youtube/com-Youtube.csrbin
Matrix: com-Youtube  N=1134890  NNZ=5975248  avg_deg=5.3

=== TFS V3 (BF16 AMX Fusion) ===
  run 0: 131.69 ms
  run 1: 131.29 ms
  run 2: 132.93 ms
  run 3: 131.36 ms
  run 4: 179.13 ms
  TFS V3 E2E BEST: 131.29 ms

=== MKL FP32 Two-Step ===
  run 0: 53.60 ms
  run 1: 54.00 ms
  run 2: 53.96 ms
  run 3: 53.91 ms
  run 4: 53.71 ms
  MKL E2E BEST: 53.60 ms

=== E2E Summary ===
  TFS V3:  131.29 ms
  MKL:     53.60 ms
  Speedup: 0.41×

=== Precision Analysis ===
Layer 1 (after ReLU):
  TFS_BF16 vs MKL_FP32: max_rel_err=0.003030  RMSE=3.308083e-02  max|diff|=8.153809e+00
Layer 2 (final output):
  TFS_BF16 vs MKL_FP32: max_rel_err=0.010551  RMSE=3.805861e+01  max|diff|=3.884675e+04

First 8 output values:
  TFS: -2351.2605 -6218.9712 -4421.0156 -752.5566 -857.4279 -2407.8213 -5064.0044 -5634.3599 
  MKL: -2364.5322 -6275.4160 -4456.5488 -765.2989 -868.7122 -2435.0867 -5125.7051 -5678.1587 
SOURCE_CONFIG graph=com-Youtube N=1134890 E=5975248 D=128 F=128 R=64 TR=16 repeats=5 warmups=1 mkl_max_threads=32 mkl_dynamic=1 policy=default_no_numactl
SOURCE_INPUT graph=com-Youtube H0=928564032752440999 W1=7515093975424777444 W2=521590717466722379
SOURCE_CORRECT graph=com-Youtube method=original_nozero boundary=kernel reference=source_original_tfs max_abs=0 mean_abs=0 relative_l2=0 normalized_max=0 pass=1
SOURCE_CORRECT graph=com-Youtube method=original_nozero boundary=e2e reference=source_original_tfs max_abs=0 mean_abs=0 relative_l2=0 normalized_max=0 pass=1
SOURCE_CORRECT graph=com-Youtube method=original_nozero boundary=e2e reference=source_mkl_fp32 max_abs=38846.75 mean_abs=7.80331676893 relative_l2=0.00965762263617 normalized_max=0.0105505849512 pass=1
SOURCE_CORRECT graph=com-Youtube method=shared_b2_fast_nozero boundary=kernel reference=source_original_tfs max_abs=5.232421875 mean_abs=0.0078441225527 relative_l2=0.00219348108774 normalized_max=0.00195006551172 pass=1
SOURCE_CORRECT graph=com-Youtube method=shared_b2_fast_nozero boundary=e2e reference=source_original_tfs max_abs=10224.5 mean_abs=2.88517185373 relative_l2=0.00317530577756 normalized_max=0.0028065341506 pass=1
SOURCE_CORRECT graph=com-Youtube method=shared_b2_fast_nozero boundary=e2e reference=source_mkl_fp32 max_abs=49071.25 mean_abs=10.1172062646 relative_l2=0.0125662027736 normalized_max=0.0133275085249 pass=1
SOURCE_CORRECT graph=com-Youtube method=shared_b2_accurate_nozero boundary=kernel reference=source_original_tfs max_abs=0.035400390625 mean_abs=6.38163800002e-07 relative_l2=1.44536163031e-06 normalized_max=1.31933323628e-05 pass=1
SOURCE_CORRECT graph=com-Youtube method=shared_b2_accurate_nozero boundary=e2e reference=source_original_tfs max_abs=536.5 mean_abs=0.0206602881391 relative_l2=5.54014437566e-05 normalized_max=0.000147264469832 pass=1
SOURCE_CORRECT graph=com-Youtube method=shared_b2_accurate_nozero boundary=e2e reference=source_mkl_fp32 max_abs=38990.5 mean_abs=7.8024600227 relative_l2=0.00966061565803 normalized_max=0.0105896267395 pass=1
SOURCE_CORRECT graph=com-Youtube method=shared_b4_fast_nozero boundary=kernel reference=source_original_tfs max_abs=8.17700195312 mean_abs=0.00954758032057 relative_l2=0.00274580690684 normalized_max=0.00304747779881 pass=1
SOURCE_CORRECT graph=com-Youtube method=shared_b4_fast_nozero boundary=e2e reference=source_original_tfs max_abs=16150.5 mean_abs=4.00767643957 relative_l2=0.00478949717396 normalized_max=0.00443316835046 pass=1
SOURCE_CORRECT graph=com-Youtube method=shared_b4_fast_nozero boundary=e2e reference=source_mkl_fp32 max_abs=54997.25 mean_abs=11.3109001912 relative_l2=0.0141687895608 normalized_max=0.0149369807824 pass=1
SOURCE_CORRECT graph=com-Youtube method=shared_b4_accurate_nozero boundary=kernel reference=source_original_tfs max_abs=0.0322265625 mean_abs=5.86818766995e-07 relative_l2=1.25115176072e-06 normalized_max=1.20104818751e-05 pass=1
SOURCE_CORRECT graph=com-Youtube method=shared_b4_accurate_nozero boundary=e2e reference=source_original_tfs max_abs=400.5 mean_abs=0.0134481664175 relative_l2=4.56063299818e-05 normalized_max=0.00010993368158 pass=1
SOURCE_CORRECT graph=com-Youtube method=shared_b4_accurate_nozero boundary=e2e reference=source_mkl_fp32 max_abs=38700.75 mean_abs=7.80215989641 relative_l2=0.00965655036754 normalized_max=0.0105109320741 pass=1
SOURCE_CORRECT graph=com-Youtube method=shared_b8_fast_nozero boundary=kernel reference=source_original_tfs max_abs=7.95727539062 mean_abs=0.00997925770985 relative_l2=0.00290417585826 normalized_max=0.00296558814966 pass=1
SOURCE_CORRECT graph=com-Youtube method=shared_b8_fast_nozero boundary=e2e reference=source_original_tfs max_abs=18632 mean_abs=4.27291340807 relative_l2=0.00528831086368 normalized_max=0.00511431799052 pass=1
SOURCE_CORRECT graph=com-Youtube method=shared_b8_fast_nozero boundary=e2e reference=source_mkl_fp32 max_abs=57478.75 mean_abs=11.5850267818 relative_l2=0.0146828859278 normalized_max=0.0156109438953 pass=1
SOURCE_CORRECT graph=com-Youtube method=shared_b8_accurate_nozero boundary=kernel reference=source_original_tfs max_abs=0.02685546875 mean_abs=8.02603477227e-07 relative_l2=1.21436327364e-06 normalized_max=1.00087348959e-05 pass=1
SOURCE_CORRECT graph=com-Youtube method=shared_b8_accurate_nozero boundary=e2e reference=source_original_tfs max_abs=363.25 mean_abs=0.0227757034474 relative_l2=5.57124034416e-05 normalized_max=9.97088884744e-05 pass=1
SOURCE_CORRECT graph=com-Youtube method=shared_b8_accurate_nozero boundary=e2e reference=source_mkl_fp32 max_abs=38676 mean_abs=7.80336550468 relative_l2=0.00965727503524 normalized_max=0.0105042100967 pass=1
SOURCE_CORRECT graph=com-Youtube method=shared_b16_fast_nozero boundary=kernel reference=source_original_tfs max_abs=7.51477050781 mean_abs=0.0101425147349 relative_l2=0.00298476308893 normalized_max=0.00280067149512 pass=1
SOURCE_CORRECT graph=com-Youtube method=shared_b16_fast_nozero boundary=e2e reference=source_original_tfs max_abs=19703 mean_abs=4.42821917571 relative_l2=0.00552916025835 normalized_max=0.005408297948 pass=1
SOURCE_CORRECT graph=com-Youtube method=shared_b16_fast_nozero boundary=e2e reference=source_mkl_fp32 max_abs=58549.75 mean_abs=11.7423112023 relative_l2=0.0149191246221 normalized_max=0.0159018221923 pass=1
SOURCE_CORRECT graph=com-Youtube method=shared_b16_accurate_nozero boundary=kernel reference=source_original_tfs max_abs=0.0264892578125 mean_abs=2.06123125812e-06 relative_l2=1.73657488398e-06 normalized_max=9.87225214733e-06 pass=1
SOURCE_CORRECT graph=com-Youtube method=shared_b16_accurate_nozero boundary=e2e reference=source_original_tfs max_abs=370.75 mean_abs=0.0182314409032 relative_l2=4.96923185578e-05 normalized_max=0.00010176757165 pass=1
SOURCE_CORRECT graph=com-Youtube method=shared_b16_accurate_nozero boundary=e2e reference=source_mkl_fp32 max_abs=38694.25 mean_abs=7.80351713303 relative_l2=0.00965804948733 normalized_max=0.0105091667063 pass=1
SOURCE_CORRECT graph=com-Youtube method=shared_b32_fast_nozero boundary=kernel reference=source_original_tfs max_abs=9.89501953125 mean_abs=0.0101638683422 relative_l2=0.00299471436627 normalized_max=0.00368776386665 pass=1
SOURCE_CORRECT graph=com-Youtube method=shared_b32_fast_nozero boundary=e2e reference=source_original_tfs max_abs=19650.25 mean_abs=4.4765895251 relative_l2=0.00560976832173 normalized_max=0.005393818543 pass=1
SOURCE_CORRECT graph=com-Youtube method=shared_b32_fast_nozero boundary=e2e reference=source_mkl_fp32 max_abs=58497 mean_abs=11.7886259452 relative_l2=0.0149885551233 normalized_max=0.0158874955535 pass=1
SOURCE_CORRECT graph=com-Youtube method=shared_b32_accurate_nozero boundary=kernel reference=source_original_tfs max_abs=0.01806640625 mean_abs=3.35911865665e-06 relative_l2=2.73708486054e-06 normalized_max=6.73314892998e-06 pass=1
SOURCE_CORRECT graph=com-Youtube method=shared_b32_accurate_nozero boundary=e2e reference=source_original_tfs max_abs=392 mean_abs=0.0250753589739 relative_l2=5.14891892192e-05 normalized_max=0.000107600507314 pass=1
SOURCE_CORRECT graph=com-Youtube method=shared_b32_accurate_nozero boundary=e2e reference=source_mkl_fp32 max_abs=38706.75 mean_abs=7.80445243378 relative_l2=0.00965997645388 normalized_max=0.0105125616444 pass=1
SOURCE_CORRECT graph=com-Youtube method=shared_b64_fast_nozero boundary=kernel reference=source_original_tfs max_abs=8.55102539062 mean_abs=0.010178289729 relative_l2=0.00301003628531 normalized_max=0.00318687217936 pass=1
SOURCE_CORRECT graph=com-Youtube method=shared_b64_fast_nozero boundary=e2e reference=source_original_tfs max_abs=19699.25 mean_abs=4.47160501769 relative_l2=0.0055989650994 normalized_max=0.00540726860641 pass=1
SOURCE_CORRECT graph=com-Youtube method=shared_b64_fast_nozero boundary=e2e reference=source_mkl_fp32 max_abs=58546 mean_abs=11.7587859124 relative_l2=0.0149647606625 normalized_max=0.0159008037109 pass=1
SOURCE_CORRECT graph=com-Youtube method=shared_b64_accurate_nozero boundary=kernel reference=source_original_tfs max_abs=0.0244140625 mean_abs=4.28650725066e-06 relative_l2=3.84854546561e-06 normalized_max=9.09884990537e-06 pass=1
SOURCE_CORRECT graph=com-Youtube method=shared_b64_accurate_nozero boundary=e2e reference=source_original_tfs max_abs=396.5 mean_abs=0.0346105089079 relative_l2=5.87335546484e-05 normalized_max=0.00010883571722 pass=1
SOURCE_CORRECT graph=com-Youtube method=shared_b64_accurate_nozero boundary=e2e reference=source_mkl_fp32 max_abs=38708 mean_abs=7.80566731527 relative_l2=0.0096626888248 normalized_max=0.0105129011382 pass=1
SOURCE_CORRECT graph=com-Youtube method=shared_bfull_fast_nozero boundary=kernel reference=source_original_tfs max_abs=10.0947265625 mean_abs=0.0101814606388 relative_l2=0.00302628011987 normalized_max=0.00376219245887 pass=1
SOURCE_CORRECT graph=com-Youtube method=shared_bfull_fast_nozero boundary=e2e reference=source_original_tfs max_abs=21057.75 mean_abs=4.47103371774 relative_l2=0.00570767172727 normalized_max=0.0057801647523 pass=1
SOURCE_CORRECT graph=com-Youtube method=shared_bfull_fast_nozero boundary=e2e reference=source_mkl_fp32 max_abs=56712.5 mean_abs=11.7398840533 relative_l2=0.0149808425471 normalized_max=0.0154028341894 pass=1
SOURCE_CORRECT graph=com-Youtube method=shared_bfull_accurate_nozero boundary=kernel reference=source_original_tfs max_abs=0.038330078125 mean_abs=4.95118362617e-06 relative_l2=5.35593560371e-06 normalized_max=1.42851943514e-05 pass=1
SOURCE_CORRECT graph=com-Youtube method=shared_bfull_accurate_nozero boundary=e2e reference=source_original_tfs max_abs=416 mean_abs=0.0403360873856 relative_l2=5.75233358092e-05 normalized_max=0.000114188293477 pass=1
SOURCE_CORRECT graph=com-Youtube method=shared_bfull_accurate_nozero boundary=e2e reference=source_mkl_fp32 max_abs=38708 mean_abs=7.80903000741 relative_l2=0.00966689287833 normalized_max=0.0105129011382 pass=1
SOURCE_TIME graph=com-Youtube method=source_mkl_fp32 kind=kernel repeat=0 ms=32.7150821686
SOURCE_TIME graph=com-Youtube method=source_mkl_fp32 kind=kernel repeat=1 ms=32.7968597412
SOURCE_TIME graph=com-Youtube method=source_mkl_fp32 kind=kernel repeat=2 ms=32.7999591827
SOURCE_TIME graph=com-Youtube method=source_mkl_fp32 kind=kernel repeat=3 ms=32.7649116516
SOURCE_TIME graph=com-Youtube method=source_mkl_fp32 kind=kernel repeat=4 ms=32.6809883118
SOURCE_TIME graph=com-Youtube method=source_original_tfs kind=kernel repeat=0 ms=77.9328346252
SOURCE_TIME graph=com-Youtube method=source_original_tfs kind=kernel repeat=1 ms=76.9050121307
SOURCE_TIME graph=com-Youtube method=source_original_tfs kind=kernel repeat=2 ms=78.3820152283
SOURCE_TIME graph=com-Youtube method=source_original_tfs kind=kernel repeat=3 ms=77.8088569641
SOURCE_TIME graph=com-Youtube method=source_original_tfs kind=kernel repeat=4 ms=78.6890983582
SOURCE_TIME graph=com-Youtube method=original_nozero kind=kernel repeat=0 ms=40.4138565063
SOURCE_TIME graph=com-Youtube method=original_nozero kind=kernel repeat=1 ms=40.9078598022
SOURCE_TIME graph=com-Youtube method=original_nozero kind=kernel repeat=2 ms=40.3831005096
SOURCE_TIME graph=com-Youtube method=original_nozero kind=kernel repeat=3 ms=40.9080982208
SOURCE_TIME graph=com-Youtube method=original_nozero kind=kernel repeat=4 ms=41.2621498108
SOURCE_TIME graph=com-Youtube method=original_nozero kind=e2e repeat=0 ms=94.3670272827
SOURCE_TIME graph=com-Youtube method=original_nozero kind=e2e repeat=1 ms=96.0099697113
SOURCE_TIME graph=com-Youtube method=original_nozero kind=e2e repeat=2 ms=95.7038402557
SOURCE_TIME graph=com-Youtube method=original_nozero kind=e2e repeat=3 ms=95.2708721161
SOURCE_TIME graph=com-Youtube method=original_nozero kind=e2e repeat=4 ms=95.3450202942
SOURCE_STAGE graph=com-Youtube method=original_nozero repeat=0 layer1_ms=41.3229465485 relu_ms=21.7289924622 conversion_ms=9.54103469849 layer2_ms=21.9089984894 total_ms=94.5019721985
SOURCE_STAGE graph=com-Youtube method=original_nozero repeat=1 layer1_ms=40.8980846405 relu_ms=22.1629142761 conversion_ms=9.4850063324 layer2_ms=21.2910175323 total_ms=93.8370227814
SOURCE_STAGE graph=com-Youtube method=original_nozero repeat=2 layer1_ms=40.1549339294 relu_ms=23.784160614 conversion_ms=9.87386703491 layer2_ms=21.6250419617 total_ms=95.43800354
SOURCE_TIME graph=com-Youtube method=shared_b2_fast_nozero kind=kernel repeat=0 ms=51.9950389862
SOURCE_TIME graph=com-Youtube method=shared_b2_fast_nozero kind=kernel repeat=1 ms=55.1021099091
SOURCE_TIME graph=com-Youtube method=shared_b2_fast_nozero kind=kernel repeat=2 ms=54.8510551453
SOURCE_TIME graph=com-Youtube method=shared_b2_fast_nozero kind=kernel repeat=3 ms=54.0418624878
SOURCE_TIME graph=com-Youtube method=shared_b2_fast_nozero kind=kernel repeat=4 ms=54.4199943542
SOURCE_TIME graph=com-Youtube method=shared_b2_fast_nozero kind=e2e repeat=0 ms=121.350049973
SOURCE_TIME graph=com-Youtube method=shared_b2_fast_nozero kind=e2e repeat=1 ms=118.741989136
SOURCE_TIME graph=com-Youtube method=shared_b2_fast_nozero kind=e2e repeat=2 ms=120.085000992
SOURCE_TIME graph=com-Youtube method=shared_b2_fast_nozero kind=e2e repeat=3 ms=122.891902924
SOURCE_TIME graph=com-Youtube method=shared_b2_fast_nozero kind=e2e repeat=4 ms=118.036985397
SOURCE_STAGE graph=com-Youtube method=shared_b2_fast_nozero repeat=0 layer1_ms=53.8730621338 relu_ms=24.178981781 conversion_ms=9.63807106018 layer2_ms=31.9759845734 total_ms=119.666099548
SOURCE_STAGE graph=com-Youtube method=shared_b2_fast_nozero repeat=1 layer1_ms=54.9340248108 relu_ms=23.8189697266 conversion_ms=9.75203514099 layer2_ms=34.0869426727 total_ms=122.591972351
SOURCE_STAGE graph=com-Youtube method=shared_b2_fast_nozero repeat=2 layer1_ms=54.661989212 relu_ms=23.5991477966 conversion_ms=9.64283943176 layer2_ms=32.1640968323 total_ms=120.068073273
SOURCE_PROFILE graph=com-Youtube method=shared_b2_fast_nozero phase=output_zero sampled_thread_ms=0 sampled_tiles=279 profile_wall_ms=112.474918365
SOURCE_PROFILE graph=com-Youtube method=shared_b2_fast_nozero phase=row_schedule sampled_thread_ms=0.16450881958 sampled_tiles=279 profile_wall_ms=112.474918365
SOURCE_PROFILE graph=com-Youtube method=shared_b2_fast_nozero phase=partial_zero sampled_thread_ms=2.35033035278 sampled_tiles=279 profile_wall_ms=112.474918365
SOURCE_PROFILE graph=com-Youtube method=shared_b2_fast_nozero phase=csr_prefetch sampled_thread_ms=4.93621826172 sampled_tiles=279 profile_wall_ms=112.474918365
SOURCE_PROFILE graph=com-Youtube method=shared_b2_fast_nozero phase=feature_gather_decode sampled_thread_ms=9.69552993774 sampled_tiles=279 profile_wall_ms=112.474918365
SOURCE_PROFILE graph=com-Youtube method=shared_b2_fast_nozero phase=fp32_neighbor_reduction sampled_thread_ms=9.07397270203 sampled_tiles=279 profile_wall_ms=112.474918365
SOURCE_PROFILE graph=com-Youtube method=shared_b2_fast_nozero phase=partial_bf16_conversion sampled_thread_ms=2.13241577148 sampled_tiles=279 profile_wall_ms=112.474918365
SOURCE_PROFILE graph=com-Youtube method=shared_b2_fast_nozero phase=tile_load sampled_thread_ms=10.0207328796 sampled_tiles=279 profile_wall_ms=112.474918365
SOURCE_PROFILE graph=com-Youtube method=shared_b2_fast_nozero phase=tile_compute sampled_thread_ms=12.0594501495 sampled_tiles=279 profile_wall_ms=112.474918365
SOURCE_PROFILE graph=com-Youtube method=shared_b2_fast_nozero phase=tile_store sampled_thread_ms=1.51109695435 sampled_tiles=279 profile_wall_ms=112.474918365
SOURCE_PROFILE graph=com-Youtube method=shared_b2_fast_nozero phase=output_scatter sampled_thread_ms=1.50942802429 sampled_tiles=279 profile_wall_ms=112.474918365
SOURCE_PROFILE graph=com-Youtube method=shared_b2_fast_nozero phase=thread_amx_setup sampled_thread_ms=0.0321865081787 sampled_tiles=279 profile_wall_ms=112.474918365
SOURCE_TIME graph=com-Youtube method=shared_b2_accurate_nozero kind=kernel repeat=0 ms=65.9379959106
SOURCE_TIME graph=com-Youtube method=shared_b2_accurate_nozero kind=kernel repeat=1 ms=65.5410289764
SOURCE_TIME graph=com-Youtube method=shared_b2_accurate_nozero kind=kernel repeat=2 ms=65.272808075
SOURCE_TIME graph=com-Youtube method=shared_b2_accurate_nozero kind=kernel repeat=3 ms=65.6158924103
SOURCE_TIME graph=com-Youtube method=shared_b2_accurate_nozero kind=kernel repeat=4 ms=65.603017807
SOURCE_TIME graph=com-Youtube method=shared_b2_accurate_nozero kind=e2e repeat=0 ms=142.594814301
SOURCE_TIME graph=com-Youtube method=shared_b2_accurate_nozero kind=e2e repeat=1 ms=143.055915833
SOURCE_TIME graph=com-Youtube method=shared_b2_accurate_nozero kind=e2e repeat=2 ms=142.045974731
SOURCE_TIME graph=com-Youtube method=shared_b2_accurate_nozero kind=e2e repeat=3 ms=139.993906021
SOURCE_TIME graph=com-Youtube method=shared_b2_accurate_nozero kind=e2e repeat=4 ms=144.180059433
SOURCE_STAGE graph=com-Youtube method=shared_b2_accurate_nozero repeat=0 layer1_ms=65.7279491425 relu_ms=23.1459140778 conversion_ms=9.65905189514 layer2_ms=44.6970462799 total_ms=143.229961395
SOURCE_STAGE graph=com-Youtube method=shared_b2_accurate_nozero repeat=1 layer1_ms=66.2500858307 relu_ms=23.6940383911 conversion_ms=9.82594490051 layer2_ms=44.9509620667 total_ms=144.721031189
SOURCE_STAGE graph=com-Youtube method=shared_b2_accurate_nozero repeat=2 layer1_ms=68.1810379028 relu_ms=23.1430530548 conversion_ms=9.81092453003 layer2_ms=43.5509681702 total_ms=144.685983658
SOURCE_PROFILE graph=com-Youtube method=shared_b2_accurate_nozero phase=output_zero sampled_thread_ms=0 sampled_tiles=279 profile_wall_ms=145.324230194
SOURCE_PROFILE graph=com-Youtube method=shared_b2_accurate_nozero phase=row_schedule sampled_thread_ms=0.146150588989 sampled_tiles=279 profile_wall_ms=145.324230194
SOURCE_PROFILE graph=com-Youtube method=shared_b2_accurate_nozero phase=partial_zero sampled_thread_ms=2.49552726746 sampled_tiles=279 profile_wall_ms=145.324230194
SOURCE_PROFILE graph=com-Youtube method=shared_b2_accurate_nozero phase=csr_prefetch sampled_thread_ms=4.77147102356 sampled_tiles=279 profile_wall_ms=145.324230194
SOURCE_PROFILE graph=com-Youtube method=shared_b2_accurate_nozero phase=feature_gather_decode sampled_thread_ms=9.66548919678 sampled_tiles=279 profile_wall_ms=145.324230194
SOURCE_PROFILE graph=com-Youtube method=shared_b2_accurate_nozero phase=fp32_neighbor_reduction sampled_thread_ms=8.88562202454 sampled_tiles=279 profile_wall_ms=145.324230194
SOURCE_PROFILE graph=com-Youtube method=shared_b2_accurate_nozero phase=partial_bf16_conversion sampled_thread_ms=3.91101837158 sampled_tiles=279 profile_wall_ms=145.324230194
SOURCE_PROFILE graph=com-Youtube method=shared_b2_accurate_nozero phase=tile_load sampled_thread_ms=18.2716846466 sampled_tiles=279 profile_wall_ms=145.324230194
SOURCE_PROFILE graph=com-Youtube method=shared_b2_accurate_nozero phase=tile_compute sampled_thread_ms=18.9218521118 sampled_tiles=279 profile_wall_ms=145.324230194
SOURCE_PROFILE graph=com-Youtube method=shared_b2_accurate_nozero phase=tile_store sampled_thread_ms=1.26266479492 sampled_tiles=279 profile_wall_ms=145.324230194
SOURCE_PROFILE graph=com-Youtube method=shared_b2_accurate_nozero phase=output_scatter sampled_thread_ms=1.48272514343 sampled_tiles=279 profile_wall_ms=145.324230194
SOURCE_PROFILE graph=com-Youtube method=shared_b2_accurate_nozero phase=thread_amx_setup sampled_thread_ms=0.0355243682861 sampled_tiles=279 profile_wall_ms=145.324230194
SOURCE_TIME graph=com-Youtube method=shared_b4_fast_nozero kind=kernel repeat=0 ms=43.9751148224
SOURCE_TIME graph=com-Youtube method=shared_b4_fast_nozero kind=kernel repeat=1 ms=45.5060005188
SOURCE_TIME graph=com-Youtube method=shared_b4_fast_nozero kind=kernel repeat=2 ms=44.5418357849
SOURCE_TIME graph=com-Youtube method=shared_b4_fast_nozero kind=kernel repeat=3 ms=44.4090366364
SOURCE_TIME graph=com-Youtube method=shared_b4_fast_nozero kind=kernel repeat=4 ms=42.732000351
SOURCE_TIME graph=com-Youtube method=shared_b4_fast_nozero kind=e2e repeat=0 ms=100.792884827
SOURCE_TIME graph=com-Youtube method=shared_b4_fast_nozero kind=e2e repeat=1 ms=101.512908936
SOURCE_TIME graph=com-Youtube method=shared_b4_fast_nozero kind=e2e repeat=2 ms=100.138902664
SOURCE_TIME graph=com-Youtube method=shared_b4_fast_nozero kind=e2e repeat=3 ms=102.26392746
SOURCE_TIME graph=com-Youtube method=shared_b4_fast_nozero kind=e2e repeat=4 ms=100.703001022
SOURCE_STAGE graph=com-Youtube method=shared_b4_fast_nozero repeat=0 layer1_ms=42.8450107574 relu_ms=23.8521099091 conversion_ms=9.62996482849 layer2_ms=23.2269763947 total_ms=99.5540618896
SOURCE_STAGE graph=com-Youtube method=shared_b4_fast_nozero repeat=1 layer1_ms=43.6100959778 relu_ms=22.5579738617 conversion_ms=9.76896286011 layer2_ms=25.5200862885 total_ms=101.457118988
SOURCE_STAGE graph=com-Youtube method=shared_b4_fast_nozero repeat=2 layer1_ms=44.2750453949 relu_ms=22.9668617249 conversion_ms=9.90009307861 layer2_ms=23.4370231628 total_ms=100.579023361
SOURCE_PROFILE graph=com-Youtube method=shared_b4_fast_nozero phase=output_zero sampled_thread_ms=0 sampled_tiles=279 profile_wall_ms=80.2569389343
SOURCE_PROFILE graph=com-Youtube method=shared_b4_fast_nozero phase=row_schedule sampled_thread_ms=0.16188621521 sampled_tiles=279 profile_wall_ms=80.2569389343
SOURCE_PROFILE graph=com-Youtube method=shared_b4_fast_nozero phase=partial_zero sampled_thread_ms=1.25885009766 sampled_tiles=279 profile_wall_ms=80.2569389343
SOURCE_PROFILE graph=com-Youtube method=shared_b4_fast_nozero phase=csr_prefetch sampled_thread_ms=4.50038909912 sampled_tiles=279 profile_wall_ms=80.2569389343
SOURCE_PROFILE graph=com-Youtube method=shared_b4_fast_nozero phase=feature_gather_decode sampled_thread_ms=7.51185417175 sampled_tiles=279 profile_wall_ms=80.2569389343
SOURCE_PROFILE graph=com-Youtube method=shared_b4_fast_nozero phase=fp32_neighbor_reduction sampled_thread_ms=6.45041465759 sampled_tiles=279 profile_wall_ms=80.2569389343
SOURCE_PROFILE graph=com-Youtube method=shared_b4_fast_nozero phase=partial_bf16_conversion sampled_thread_ms=1.1157989502 sampled_tiles=279 profile_wall_ms=80.2569389343
SOURCE_PROFILE graph=com-Youtube method=shared_b4_fast_nozero phase=tile_load sampled_thread_ms=5.39350509644 sampled_tiles=279 profile_wall_ms=80.2569389343
SOURCE_PROFILE graph=com-Youtube method=shared_b4_fast_nozero phase=tile_compute sampled_thread_ms=6.51335716248 sampled_tiles=279 profile_wall_ms=80.2569389343
SOURCE_PROFILE graph=com-Youtube method=shared_b4_fast_nozero phase=tile_store sampled_thread_ms=0.794410705566 sampled_tiles=279 profile_wall_ms=80.2569389343
SOURCE_PROFILE graph=com-Youtube method=shared_b4_fast_nozero phase=output_scatter sampled_thread_ms=1.43671035767 sampled_tiles=279 profile_wall_ms=80.2569389343
SOURCE_PROFILE graph=com-Youtube method=shared_b4_fast_nozero phase=thread_amx_setup sampled_thread_ms=0.0274181365967 sampled_tiles=279 profile_wall_ms=80.2569389343
SOURCE_TIME graph=com-Youtube method=shared_b4_accurate_nozero kind=kernel repeat=0 ms=51.1679649353
SOURCE_TIME graph=com-Youtube method=shared_b4_accurate_nozero kind=kernel repeat=1 ms=51.9690513611
SOURCE_TIME graph=com-Youtube method=shared_b4_accurate_nozero kind=kernel repeat=2 ms=51.4440536499
SOURCE_TIME graph=com-Youtube method=shared_b4_accurate_nozero kind=kernel repeat=3 ms=50.7249832153
SOURCE_TIME graph=com-Youtube method=shared_b4_accurate_nozero kind=kernel repeat=4 ms=50.8110523224
SOURCE_TIME graph=com-Youtube method=shared_b4_accurate_nozero kind=e2e repeat=0 ms=113.474845886
SOURCE_TIME graph=com-Youtube method=shared_b4_accurate_nozero kind=e2e repeat=1 ms=113.718032837
SOURCE_TIME graph=com-Youtube method=shared_b4_accurate_nozero kind=e2e repeat=2 ms=113.723993301
SOURCE_TIME graph=com-Youtube method=shared_b4_accurate_nozero kind=e2e repeat=3 ms=113.4121418
SOURCE_TIME graph=com-Youtube method=shared_b4_accurate_nozero kind=e2e repeat=4 ms=114.490032196
SOURCE_STAGE graph=com-Youtube method=shared_b4_accurate_nozero repeat=0 layer1_ms=52.1130561829 relu_ms=23.4189033508 conversion_ms=9.78302955627 layer2_ms=29.6070575714 total_ms=114.922046661
SOURCE_STAGE graph=com-Youtube method=shared_b4_accurate_nozero repeat=1 layer1_ms=51.7821311951 relu_ms=23.7698554993 conversion_ms=9.76800918579 layer2_ms=28.6259651184 total_ms=113.945960999
SOURCE_STAGE graph=com-Youtube method=shared_b4_accurate_nozero repeat=2 layer1_ms=52.356004715 relu_ms=23.8451957703 conversion_ms=9.920835495 layer2_ms=28.3830165863 total_ms=114.505052567
SOURCE_PROFILE graph=com-Youtube method=shared_b4_accurate_nozero phase=output_zero sampled_thread_ms=0 sampled_tiles=279 profile_wall_ms=99.9069213867
SOURCE_PROFILE graph=com-Youtube method=shared_b4_accurate_nozero phase=row_schedule sampled_thread_ms=0.125885009766 sampled_tiles=279 profile_wall_ms=99.9069213867
SOURCE_PROFILE graph=com-Youtube method=shared_b4_accurate_nozero phase=partial_zero sampled_thread_ms=1.31583213806 sampled_tiles=279 profile_wall_ms=99.9069213867
SOURCE_PROFILE graph=com-Youtube method=shared_b4_accurate_nozero phase=csr_prefetch sampled_thread_ms=4.40216064453 sampled_tiles=279 profile_wall_ms=99.9069213867
SOURCE_PROFILE graph=com-Youtube method=shared_b4_accurate_nozero phase=feature_gather_decode sampled_thread_ms=7.54117965698 sampled_tiles=279 profile_wall_ms=99.9069213867
SOURCE_PROFILE graph=com-Youtube method=shared_b4_accurate_nozero phase=fp32_neighbor_reduction sampled_thread_ms=6.48307800293 sampled_tiles=279 profile_wall_ms=99.9069213867
SOURCE_PROFILE graph=com-Youtube method=shared_b4_accurate_nozero phase=partial_bf16_conversion sampled_thread_ms=2.02465057373 sampled_tiles=279 profile_wall_ms=99.9069213867
SOURCE_PROFILE graph=com-Youtube method=shared_b4_accurate_nozero phase=tile_load sampled_thread_ms=9.64832305908 sampled_tiles=279 profile_wall_ms=99.9069213867
SOURCE_PROFILE graph=com-Youtube method=shared_b4_accurate_nozero phase=tile_compute sampled_thread_ms=10.0741386414 sampled_tiles=279 profile_wall_ms=99.9069213867
SOURCE_PROFILE graph=com-Youtube method=shared_b4_accurate_nozero phase=tile_store sampled_thread_ms=0.703811645508 sampled_tiles=279 profile_wall_ms=99.9069213867
SOURCE_PROFILE graph=com-Youtube method=shared_b4_accurate_nozero phase=output_scatter sampled_thread_ms=1.56497955322 sampled_tiles=279 profile_wall_ms=99.9069213867
SOURCE_PROFILE graph=com-Youtube method=shared_b4_accurate_nozero phase=thread_amx_setup sampled_thread_ms=0.0269412994385 sampled_tiles=279 profile_wall_ms=99.9069213867
SOURCE_TIME graph=com-Youtube method=shared_b8_fast_nozero kind=kernel repeat=0 ms=39.2589569092
SOURCE_TIME graph=com-Youtube method=shared_b8_fast_nozero kind=kernel repeat=1 ms=39.1731262207
SOURCE_TIME graph=com-Youtube method=shared_b8_fast_nozero kind=kernel repeat=2 ms=39.3679141998
SOURCE_TIME graph=com-Youtube method=shared_b8_fast_nozero kind=kernel repeat=3 ms=37.9350185394
SOURCE_TIME graph=com-Youtube method=shared_b8_fast_nozero kind=kernel repeat=4 ms=38.6791229248
SOURCE_TIME graph=com-Youtube method=shared_b8_fast_nozero kind=e2e repeat=0 ms=91.3789272308
SOURCE_TIME graph=com-Youtube method=shared_b8_fast_nozero kind=e2e repeat=1 ms=92.887878418
SOURCE_TIME graph=com-Youtube method=shared_b8_fast_nozero kind=e2e repeat=2 ms=91.5150642395
SOURCE_TIME graph=com-Youtube method=shared_b8_fast_nozero kind=e2e repeat=3 ms=92.0970439911
SOURCE_TIME graph=com-Youtube method=shared_b8_fast_nozero kind=e2e repeat=4 ms=91.8838977814
SOURCE_STAGE graph=com-Youtube method=shared_b8_fast_nozero repeat=0 layer1_ms=39.0040874481 relu_ms=23.7348079681 conversion_ms=9.83619689941 layer2_ms=20.5388069153 total_ms=93.113899231
SOURCE_STAGE graph=com-Youtube method=shared_b8_fast_nozero repeat=1 layer1_ms=39.8581027985 relu_ms=23.9660739899 conversion_ms=9.93585586548 layer2_ms=19.7691917419 total_ms=93.5292243958
SOURCE_STAGE graph=com-Youtube method=shared_b8_fast_nozero repeat=2 layer1_ms=39.3731594086 relu_ms=23.8018035889 conversion_ms=9.74607467651 layer2_ms=19.5069313049 total_ms=92.4279689789
SOURCE_PROFILE graph=com-Youtube method=shared_b8_fast_nozero phase=output_zero sampled_thread_ms=0 sampled_tiles=279 profile_wall_ms=66.4830207825
SOURCE_PROFILE graph=com-Youtube method=shared_b8_fast_nozero phase=row_schedule sampled_thread_ms=0.12993812561 sampled_tiles=279 profile_wall_ms=66.4830207825
SOURCE_PROFILE graph=com-Youtube method=shared_b8_fast_nozero phase=partial_zero sampled_thread_ms=0.675439834595 sampled_tiles=279 profile_wall_ms=66.4830207825
SOURCE_PROFILE graph=com-Youtube method=shared_b8_fast_nozero phase=csr_prefetch sampled_thread_ms=4.49228286743 sampled_tiles=279 profile_wall_ms=66.4830207825
SOURCE_PROFILE graph=com-Youtube method=shared_b8_fast_nozero phase=feature_gather_decode sampled_thread_ms=7.00449943542 sampled_tiles=279 profile_wall_ms=66.4830207825
SOURCE_PROFILE graph=com-Youtube method=shared_b8_fast_nozero phase=fp32_neighbor_reduction sampled_thread_ms=5.27834892273 sampled_tiles=279 profile_wall_ms=66.4830207825
SOURCE_PROFILE graph=com-Youtube method=shared_b8_fast_nozero phase=partial_bf16_conversion sampled_thread_ms=0.568151473999 sampled_tiles=279 profile_wall_ms=66.4830207825
SOURCE_PROFILE graph=com-Youtube method=shared_b8_fast_nozero phase=tile_load sampled_thread_ms=3.01289558411 sampled_tiles=279 profile_wall_ms=66.4830207825
SOURCE_PROFILE graph=com-Youtube method=shared_b8_fast_nozero phase=tile_compute sampled_thread_ms=3.55839729309 sampled_tiles=279 profile_wall_ms=66.4830207825
SOURCE_PROFILE graph=com-Youtube method=shared_b8_fast_nozero phase=tile_store sampled_thread_ms=0.429153442383 sampled_tiles=279 profile_wall_ms=66.4830207825
SOURCE_PROFILE graph=com-Youtube method=shared_b8_fast_nozero phase=output_scatter sampled_thread_ms=1.4443397522 sampled_tiles=279 profile_wall_ms=66.4830207825
SOURCE_PROFILE graph=com-Youtube method=shared_b8_fast_nozero phase=thread_amx_setup sampled_thread_ms=0.028133392334 sampled_tiles=279 profile_wall_ms=66.4830207825
SOURCE_TIME graph=com-Youtube method=shared_b8_accurate_nozero kind=kernel repeat=0 ms=43.8411235809
SOURCE_TIME graph=com-Youtube method=shared_b8_accurate_nozero kind=kernel repeat=1 ms=44.1741943359
SOURCE_TIME graph=com-Youtube method=shared_b8_accurate_nozero kind=kernel repeat=2 ms=43.9479351044
SOURCE_TIME graph=com-Youtube method=shared_b8_accurate_nozero kind=kernel repeat=3 ms=43.970823288
SOURCE_TIME graph=com-Youtube method=shared_b8_accurate_nozero kind=kernel repeat=4 ms=43.0250167847
SOURCE_TIME graph=com-Youtube method=shared_b8_accurate_nozero kind=e2e repeat=0 ms=100.895881653
SOURCE_TIME graph=com-Youtube method=shared_b8_accurate_nozero kind=e2e repeat=1 ms=97.8178977966
SOURCE_TIME graph=com-Youtube method=shared_b8_accurate_nozero kind=e2e repeat=2 ms=98.582983017
SOURCE_TIME graph=com-Youtube method=shared_b8_accurate_nozero kind=e2e repeat=3 ms=98.4818935394
SOURCE_TIME graph=com-Youtube method=shared_b8_accurate_nozero kind=e2e repeat=4 ms=100.120782852
SOURCE_STAGE graph=com-Youtube method=shared_b8_accurate_nozero repeat=0 layer1_ms=44.3668365479 relu_ms=23.1649875641 conversion_ms=9.65118408203 layer2_ms=23.1988430023 total_ms=100.381851196
SOURCE_STAGE graph=com-Youtube method=shared_b8_accurate_nozero repeat=1 layer1_ms=44.3291664124 relu_ms=22.7348804474 conversion_ms=9.73105430603 layer2_ms=22.9818820953 total_ms=99.7769832611
SOURCE_STAGE graph=com-Youtube method=shared_b8_accurate_nozero repeat=2 layer1_ms=44.2109107971 relu_ms=22.9430198669 conversion_ms=9.840965271 layer2_ms=22.8960514069 total_ms=99.8909473419
SOURCE_PROFILE graph=com-Youtube method=shared_b8_accurate_nozero phase=output_zero sampled_thread_ms=0 sampled_tiles=279 profile_wall_ms=76.2910842896
SOURCE_PROFILE graph=com-Youtube method=shared_b8_accurate_nozero phase=row_schedule sampled_thread_ms=0.117778778076 sampled_tiles=279 profile_wall_ms=76.2910842896
SOURCE_PROFILE graph=com-Youtube method=shared_b8_accurate_nozero phase=partial_zero sampled_thread_ms=0.704526901245 sampled_tiles=279 profile_wall_ms=76.2910842896
SOURCE_PROFILE graph=com-Youtube method=shared_b8_accurate_nozero phase=csr_prefetch sampled_thread_ms=4.47940826416 sampled_tiles=279 profile_wall_ms=76.2910842896
SOURCE_PROFILE graph=com-Youtube method=shared_b8_accurate_nozero phase=feature_gather_decode sampled_thread_ms=6.69479370117 sampled_tiles=279 profile_wall_ms=76.2910842896
SOURCE_PROFILE graph=com-Youtube method=shared_b8_accurate_nozero phase=fp32_neighbor_reduction sampled_thread_ms=5.31840324402 sampled_tiles=279 profile_wall_ms=76.2910842896
SOURCE_PROFILE graph=com-Youtube method=shared_b8_accurate_nozero phase=partial_bf16_conversion sampled_thread_ms=1.02376937866 sampled_tiles=279 profile_wall_ms=76.2910842896
SOURCE_PROFILE graph=com-Youtube method=shared_b8_accurate_nozero phase=tile_load sampled_thread_ms=5.06401062012 sampled_tiles=279 profile_wall_ms=76.2910842896
SOURCE_PROFILE graph=com-Youtube method=shared_b8_accurate_nozero phase=tile_compute sampled_thread_ms=5.25999069214 sampled_tiles=279 profile_wall_ms=76.2910842896
SOURCE_PROFILE graph=com-Youtube method=shared_b8_accurate_nozero phase=tile_store sampled_thread_ms=0.340938568115 sampled_tiles=279 profile_wall_ms=76.2910842896
SOURCE_PROFILE graph=com-Youtube method=shared_b8_accurate_nozero phase=output_scatter sampled_thread_ms=1.56283378601 sampled_tiles=279 profile_wall_ms=76.2910842896
SOURCE_PROFILE graph=com-Youtube method=shared_b8_accurate_nozero phase=thread_amx_setup sampled_thread_ms=0.0262260437012 sampled_tiles=279 profile_wall_ms=76.2910842896
SOURCE_TIME graph=com-Youtube method=shared_b16_fast_nozero kind=kernel repeat=0 ms=36.3740921021
SOURCE_TIME graph=com-Youtube method=shared_b16_fast_nozero kind=kernel repeat=1 ms=36.1940860748
SOURCE_TIME graph=com-Youtube method=shared_b16_fast_nozero kind=kernel repeat=2 ms=36.3450050354
SOURCE_TIME graph=com-Youtube method=shared_b16_fast_nozero kind=kernel repeat=3 ms=36.8258953094
SOURCE_TIME graph=com-Youtube method=shared_b16_fast_nozero kind=kernel repeat=4 ms=36.504983902
SOURCE_TIME graph=com-Youtube method=shared_b16_fast_nozero kind=e2e repeat=0 ms=87.4450206757
SOURCE_TIME graph=com-Youtube method=shared_b16_fast_nozero kind=e2e repeat=1 ms=88.5539054871
SOURCE_TIME graph=com-Youtube method=shared_b16_fast_nozero kind=e2e repeat=2 ms=87.2530937195
SOURCE_TIME graph=com-Youtube method=shared_b16_fast_nozero kind=e2e repeat=3 ms=88.1459712982
SOURCE_TIME graph=com-Youtube method=shared_b16_fast_nozero kind=e2e repeat=4 ms=86.6260528564
SOURCE_STAGE graph=com-Youtube method=shared_b16_fast_nozero repeat=0 layer1_ms=37.3959541321 relu_ms=23.3080387115 conversion_ms=9.91296768188 layer2_ms=17.9169178009 total_ms=88.5338783264
SOURCE_STAGE graph=com-Youtube method=shared_b16_fast_nozero repeat=1 layer1_ms=37.2109413147 relu_ms=23.6709117889 conversion_ms=9.93204116821 layer2_ms=18.0449485779 total_ms=88.8588428497
SOURCE_STAGE graph=com-Youtube method=shared_b16_fast_nozero repeat=2 layer1_ms=37.5299453735 relu_ms=23.6909389496 conversion_ms=9.94205474854 layer2_ms=18.0990695953 total_ms=89.262008667
SOURCE_PROFILE graph=com-Youtube method=shared_b16_fast_nozero phase=output_zero sampled_thread_ms=0 sampled_tiles=279 profile_wall_ms=58.4490299225
SOURCE_PROFILE graph=com-Youtube method=shared_b16_fast_nozero phase=row_schedule sampled_thread_ms=0.143051147461 sampled_tiles=279 profile_wall_ms=58.4490299225
SOURCE_PROFILE graph=com-Youtube method=shared_b16_fast_nozero phase=partial_zero sampled_thread_ms=0.34761428833 sampled_tiles=279 profile_wall_ms=58.4490299225
SOURCE_PROFILE graph=com-Youtube method=shared_b16_fast_nozero phase=csr_prefetch sampled_thread_ms=4.35638427734 sampled_tiles=279 profile_wall_ms=58.4490299225
SOURCE_PROFILE graph=com-Youtube method=shared_b16_fast_nozero phase=feature_gather_decode sampled_thread_ms=6.49762153625 sampled_tiles=279 profile_wall_ms=58.4490299225
SOURCE_PROFILE graph=com-Youtube method=shared_b16_fast_nozero phase=fp32_neighbor_reduction sampled_thread_ms=4.5325756073 sampled_tiles=279 profile_wall_ms=58.4490299225
SOURCE_PROFILE graph=com-Youtube method=shared_b16_fast_nozero phase=partial_bf16_conversion sampled_thread_ms=0.325441360474 sampled_tiles=279 profile_wall_ms=58.4490299225
SOURCE_PROFILE graph=com-Youtube method=shared_b16_fast_nozero phase=tile_load sampled_thread_ms=1.7716884613 sampled_tiles=279 profile_wall_ms=58.4490299225
SOURCE_PROFILE graph=com-Youtube method=shared_b16_fast_nozero phase=tile_compute sampled_thread_ms=2.06351280212 sampled_tiles=279 profile_wall_ms=58.4490299225
SOURCE_PROFILE graph=com-Youtube method=shared_b16_fast_nozero phase=tile_store sampled_thread_ms=0.231266021729 sampled_tiles=279 profile_wall_ms=58.4490299225
SOURCE_PROFILE graph=com-Youtube method=shared_b16_fast_nozero phase=output_scatter sampled_thread_ms=1.38568878174 sampled_tiles=279 profile_wall_ms=58.4490299225
SOURCE_PROFILE graph=com-Youtube method=shared_b16_fast_nozero phase=thread_amx_setup sampled_thread_ms=0.0355243682861 sampled_tiles=279 profile_wall_ms=58.4490299225
SOURCE_TIME graph=com-Youtube method=shared_b16_accurate_nozero kind=kernel repeat=0 ms=39.4461154938
SOURCE_TIME graph=com-Youtube method=shared_b16_accurate_nozero kind=kernel repeat=1 ms=39.0079021454
SOURCE_TIME graph=com-Youtube method=shared_b16_accurate_nozero kind=kernel repeat=2 ms=39.9570465088
SOURCE_TIME graph=com-Youtube method=shared_b16_accurate_nozero kind=kernel repeat=3 ms=40.0409698486
SOURCE_TIME graph=com-Youtube method=shared_b16_accurate_nozero kind=kernel repeat=4 ms=40.1320457458
SOURCE_TIME graph=com-Youtube method=shared_b16_accurate_nozero kind=e2e repeat=0 ms=92.386007309
SOURCE_TIME graph=com-Youtube method=shared_b16_accurate_nozero kind=e2e repeat=1 ms=93.5280323029
SOURCE_TIME graph=com-Youtube method=shared_b16_accurate_nozero kind=e2e repeat=2 ms=93.385219574
SOURCE_TIME graph=com-Youtube method=shared_b16_accurate_nozero kind=e2e repeat=3 ms=92.6730632782
SOURCE_TIME graph=com-Youtube method=shared_b16_accurate_nozero kind=e2e repeat=4 ms=92.2000408173
SOURCE_STAGE graph=com-Youtube method=shared_b16_accurate_nozero repeat=0 layer1_ms=40.2450561523 relu_ms=23.5021114349 conversion_ms=9.80496406555 layer2_ms=19.7830200195 total_ms=93.3351516724
SOURCE_STAGE graph=com-Youtube method=shared_b16_accurate_nozero repeat=1 layer1_ms=40.9688949585 relu_ms=23.8921642303 conversion_ms=9.84597206116 layer2_ms=19.5648670197 total_ms=94.2718982697
SOURCE_STAGE graph=com-Youtube method=shared_b16_accurate_nozero repeat=2 layer1_ms=39.6299362183 relu_ms=23.4701633453 conversion_ms=9.78899002075 layer2_ms=19.4368362427 total_ms=92.325925827
SOURCE_PROFILE graph=com-Youtube method=shared_b16_accurate_nozero phase=output_zero sampled_thread_ms=0 sampled_tiles=279 profile_wall_ms=64.7671222687
SOURCE_PROFILE graph=com-Youtube method=shared_b16_accurate_nozero phase=row_schedule sampled_thread_ms=0.130176544189 sampled_tiles=279 profile_wall_ms=64.7671222687
SOURCE_PROFILE graph=com-Youtube method=shared_b16_accurate_nozero phase=partial_zero sampled_thread_ms=0.389099121094 sampled_tiles=279 profile_wall_ms=64.7671222687
SOURCE_PROFILE graph=com-Youtube method=shared_b16_accurate_nozero phase=csr_prefetch sampled_thread_ms=4.38046455383 sampled_tiles=279 profile_wall_ms=64.7671222687
SOURCE_PROFILE graph=com-Youtube method=shared_b16_accurate_nozero phase=feature_gather_decode sampled_thread_ms=6.38341903687 sampled_tiles=279 profile_wall_ms=64.7671222687
SOURCE_PROFILE graph=com-Youtube method=shared_b16_accurate_nozero phase=fp32_neighbor_reduction sampled_thread_ms=4.60171699524 sampled_tiles=279 profile_wall_ms=64.7671222687
SOURCE_PROFILE graph=com-Youtube method=shared_b16_accurate_nozero phase=partial_bf16_conversion sampled_thread_ms=0.563383102417 sampled_tiles=279 profile_wall_ms=64.7671222687
SOURCE_PROFILE graph=com-Youtube method=shared_b16_accurate_nozero phase=tile_load sampled_thread_ms=2.8817653656 sampled_tiles=279 profile_wall_ms=64.7671222687
SOURCE_PROFILE graph=com-Youtube method=shared_b16_accurate_nozero phase=tile_compute sampled_thread_ms=3.07965278625 sampled_tiles=279 profile_wall_ms=64.7671222687
SOURCE_PROFILE graph=com-Youtube method=shared_b16_accurate_nozero phase=tile_store sampled_thread_ms=0.194072723389 sampled_tiles=279 profile_wall_ms=64.7671222687
SOURCE_PROFILE graph=com-Youtube method=shared_b16_accurate_nozero phase=output_scatter sampled_thread_ms=1.51515007019 sampled_tiles=279 profile_wall_ms=64.7671222687
SOURCE_PROFILE graph=com-Youtube method=shared_b16_accurate_nozero phase=thread_amx_setup sampled_thread_ms=0.0326633453369 sampled_tiles=279 profile_wall_ms=64.7671222687
SOURCE_TIME graph=com-Youtube method=shared_b32_fast_nozero kind=kernel repeat=0 ms=34.9268913269
SOURCE_TIME graph=com-Youtube method=shared_b32_fast_nozero kind=kernel repeat=1 ms=34.7290039062
SOURCE_TIME graph=com-Youtube method=shared_b32_fast_nozero kind=kernel repeat=2 ms=35.206079483
SOURCE_TIME graph=com-Youtube method=shared_b32_fast_nozero kind=kernel repeat=3 ms=35.3560447693
SOURCE_TIME graph=com-Youtube method=shared_b32_fast_nozero kind=kernel repeat=4 ms=35.1479053497
SOURCE_TIME graph=com-Youtube method=shared_b32_fast_nozero kind=e2e repeat=0 ms=84.0890407562
SOURCE_TIME graph=com-Youtube method=shared_b32_fast_nozero kind=e2e repeat=1 ms=84.0818881989
SOURCE_TIME graph=com-Youtube method=shared_b32_fast_nozero kind=e2e repeat=2 ms=85.2298736572
SOURCE_TIME graph=com-Youtube method=shared_b32_fast_nozero kind=e2e repeat=3 ms=83.9509963989
SOURCE_TIME graph=com-Youtube method=shared_b32_fast_nozero kind=e2e repeat=4 ms=83.3029747009
SOURCE_STAGE graph=com-Youtube method=shared_b32_fast_nozero repeat=0 layer1_ms=35.6369018555 relu_ms=24.4400501251 conversion_ms=9.86194610596 layer2_ms=16.6330337524 total_ms=86.571931839
SOURCE_STAGE graph=com-Youtube method=shared_b32_fast_nozero repeat=1 layer1_ms=35.9930992126 relu_ms=22.9279994965 conversion_ms=9.78589057922 layer2_ms=16.8170928955 total_ms=85.5240821838
SOURCE_STAGE graph=com-Youtube method=shared_b32_fast_nozero repeat=2 layer1_ms=36.0429286957 relu_ms=23.0851173401 conversion_ms=9.72700119019 layer2_ms=16.2138938904 total_ms=85.0689411163
SOURCE_PROFILE graph=com-Youtube method=shared_b32_fast_nozero phase=output_zero sampled_thread_ms=0 sampled_tiles=279 profile_wall_ms=54.6700954437
SOURCE_PROFILE graph=com-Youtube method=shared_b32_fast_nozero phase=row_schedule sampled_thread_ms=0.134468078613 sampled_tiles=279 profile_wall_ms=54.6700954437
SOURCE_PROFILE graph=com-Youtube method=shared_b32_fast_nozero phase=partial_zero sampled_thread_ms=0.232219696045 sampled_tiles=279 profile_wall_ms=54.6700954437
SOURCE_PROFILE graph=com-Youtube method=shared_b32_fast_nozero phase=csr_prefetch sampled_thread_ms=4.31275367737 sampled_tiles=279 profile_wall_ms=54.6700954437
SOURCE_PROFILE graph=com-Youtube method=shared_b32_fast_nozero phase=feature_gather_decode sampled_thread_ms=6.2530040741 sampled_tiles=279 profile_wall_ms=54.6700954437
SOURCE_PROFILE graph=com-Youtube method=shared_b32_fast_nozero phase=fp32_neighbor_reduction sampled_thread_ms=4.12273406982 sampled_tiles=279 profile_wall_ms=54.6700954437
SOURCE_PROFILE graph=com-Youtube method=shared_b32_fast_nozero phase=partial_bf16_conversion sampled_thread_ms=0.189781188965 sampled_tiles=279 profile_wall_ms=54.6700954437
SOURCE_PROFILE graph=com-Youtube method=shared_b32_fast_nozero phase=tile_load sampled_thread_ms=1.13034248352 sampled_tiles=279 profile_wall_ms=54.6700954437
SOURCE_PROFILE graph=com-Youtube method=shared_b32_fast_nozero phase=tile_compute sampled_thread_ms=1.1157989502 sampled_tiles=279 profile_wall_ms=54.6700954437
SOURCE_PROFILE graph=com-Youtube method=shared_b32_fast_nozero phase=tile_store sampled_thread_ms=0.122785568237 sampled_tiles=279 profile_wall_ms=54.6700954437
SOURCE_PROFILE graph=com-Youtube method=shared_b32_fast_nozero phase=output_scatter sampled_thread_ms=1.42765045166 sampled_tiles=279 profile_wall_ms=54.6700954437
SOURCE_PROFILE graph=com-Youtube method=shared_b32_fast_nozero phase=thread_amx_setup sampled_thread_ms=0.030517578125 sampled_tiles=279 profile_wall_ms=54.6700954437
SOURCE_TIME graph=com-Youtube method=shared_b32_accurate_nozero kind=kernel repeat=0 ms=38.250207901
SOURCE_TIME graph=com-Youtube method=shared_b32_accurate_nozero kind=kernel repeat=1 ms=38.2509231567
SOURCE_TIME graph=com-Youtube method=shared_b32_accurate_nozero kind=kernel repeat=2 ms=38.7978553772
SOURCE_TIME graph=com-Youtube method=shared_b32_accurate_nozero kind=kernel repeat=3 ms=38.2587909698
SOURCE_TIME graph=com-Youtube method=shared_b32_accurate_nozero kind=kernel repeat=4 ms=37.5349521637
SOURCE_TIME graph=com-Youtube method=shared_b32_accurate_nozero kind=e2e repeat=0 ms=88.9029502869
SOURCE_TIME graph=com-Youtube method=shared_b32_accurate_nozero kind=e2e repeat=1 ms=89.0429019928
SOURCE_TIME graph=com-Youtube method=shared_b32_accurate_nozero kind=e2e repeat=2 ms=88.3741378784
SOURCE_TIME graph=com-Youtube method=shared_b32_accurate_nozero kind=e2e repeat=3 ms=89.0548229218
SOURCE_TIME graph=com-Youtube method=shared_b32_accurate_nozero kind=e2e repeat=4 ms=89.1530513763
SOURCE_STAGE graph=com-Youtube method=shared_b32_accurate_nozero repeat=0 layer1_ms=39.1221046448 relu_ms=23.3309268951 conversion_ms=9.82999801636 layer2_ms=17.3010826111 total_ms=89.5841121674
SOURCE_STAGE graph=com-Youtube method=shared_b32_accurate_nozero repeat=1 layer1_ms=37.9300117493 relu_ms=23.0679512024 conversion_ms=9.9630355835 layer2_ms=18.6669826508 total_ms=89.6279811859
SOURCE_STAGE graph=com-Youtube method=shared_b32_accurate_nozero repeat=2 layer1_ms=38.8369560242 relu_ms=24.1141319275 conversion_ms=9.78899002075 layer2_ms=17.9839134216 total_ms=90.723991394
SOURCE_PROFILE graph=com-Youtube method=shared_b32_accurate_nozero phase=output_zero sampled_thread_ms=0 sampled_tiles=279 profile_wall_ms=59.0629577637
SOURCE_PROFILE graph=com-Youtube method=shared_b32_accurate_nozero phase=row_schedule sampled_thread_ms=0.116586685181 sampled_tiles=279 profile_wall_ms=59.0629577637
SOURCE_PROFILE graph=com-Youtube method=shared_b32_accurate_nozero phase=partial_zero sampled_thread_ms=0.240087509155 sampled_tiles=279 profile_wall_ms=59.0629577637
SOURCE_PROFILE graph=com-Youtube method=shared_b32_accurate_nozero phase=csr_prefetch sampled_thread_ms=4.33564186096 sampled_tiles=279 profile_wall_ms=59.0629577637
SOURCE_PROFILE graph=com-Youtube method=shared_b32_accurate_nozero phase=feature_gather_decode sampled_thread_ms=6.16407394409 sampled_tiles=279 profile_wall_ms=59.0629577637
SOURCE_PROFILE graph=com-Youtube method=shared_b32_accurate_nozero phase=fp32_neighbor_reduction sampled_thread_ms=4.34470176697 sampled_tiles=279 profile_wall_ms=59.0629577637
SOURCE_PROFILE graph=com-Youtube method=shared_b32_accurate_nozero phase=partial_bf16_conversion sampled_thread_ms=0.31304359436 sampled_tiles=279 profile_wall_ms=59.0629577637
SOURCE_PROFILE graph=com-Youtube method=shared_b32_accurate_nozero phase=tile_load sampled_thread_ms=1.74593925476 sampled_tiles=279 profile_wall_ms=59.0629577637
SOURCE_PROFILE graph=com-Youtube method=shared_b32_accurate_nozero phase=tile_compute sampled_thread_ms=1.92856788635 sampled_tiles=279 profile_wall_ms=59.0629577637
SOURCE_PROFILE graph=com-Youtube method=shared_b32_accurate_nozero phase=tile_store sampled_thread_ms=0.108242034912 sampled_tiles=279 profile_wall_ms=59.0629577637
SOURCE_PROFILE graph=com-Youtube method=shared_b32_accurate_nozero phase=output_scatter sampled_thread_ms=1.51109695435 sampled_tiles=279 profile_wall_ms=59.0629577637
SOURCE_PROFILE graph=com-Youtube method=shared_b32_accurate_nozero phase=thread_amx_setup sampled_thread_ms=0.0247955322266 sampled_tiles=279 profile_wall_ms=59.0629577637
SOURCE_TIME graph=com-Youtube method=shared_b64_fast_nozero kind=kernel repeat=0 ms=34.539937973
SOURCE_TIME graph=com-Youtube method=shared_b64_fast_nozero kind=kernel repeat=1 ms=34.3220233917
SOURCE_TIME graph=com-Youtube method=shared_b64_fast_nozero kind=kernel repeat=2 ms=34.2619419098
SOURCE_TIME graph=com-Youtube method=shared_b64_fast_nozero kind=kernel repeat=3 ms=35.120010376
SOURCE_TIME graph=com-Youtube method=shared_b64_fast_nozero kind=kernel repeat=4 ms=33.8070392609
SOURCE_TIME graph=com-Youtube method=shared_b64_fast_nozero kind=e2e repeat=0 ms=83.0700397491
SOURCE_TIME graph=com-Youtube method=shared_b64_fast_nozero kind=e2e repeat=1 ms=82.5219154358
SOURCE_TIME graph=com-Youtube method=shared_b64_fast_nozero kind=e2e repeat=2 ms=82.8919410706
SOURCE_TIME graph=com-Youtube method=shared_b64_fast_nozero kind=e2e repeat=3 ms=84.6111774445
SOURCE_TIME graph=com-Youtube method=shared_b64_fast_nozero kind=e2e repeat=4 ms=83.7478637695
SOURCE_STAGE graph=com-Youtube method=shared_b64_fast_nozero repeat=0 layer1_ms=34.9090099335 relu_ms=22.8581428528 conversion_ms=9.89389419556 layer2_ms=15.6400203705 total_ms=83.3010673523
SOURCE_STAGE graph=com-Youtube method=shared_b64_fast_nozero repeat=1 layer1_ms=34.5480442047 relu_ms=23.1339931488 conversion_ms=9.77993011475 layer2_ms=15.438079834 total_ms=82.9000473022
SOURCE_STAGE graph=com-Youtube method=shared_b64_fast_nozero repeat=2 layer1_ms=34.343957901 relu_ms=22.6981639862 conversion_ms=9.90581512451 layer2_ms=15.6691074371 total_ms=82.6170444489
SOURCE_PROFILE graph=com-Youtube method=shared_b64_fast_nozero phase=output_zero sampled_thread_ms=0.000953674316406 sampled_tiles=279 profile_wall_ms=52.4609088898
SOURCE_PROFILE graph=com-Youtube method=shared_b64_fast_nozero phase=row_schedule sampled_thread_ms=0.135898590088 sampled_tiles=279 profile_wall_ms=52.4609088898
SOURCE_PROFILE graph=com-Youtube method=shared_b64_fast_nozero phase=partial_zero sampled_thread_ms=0.167369842529 sampled_tiles=279 profile_wall_ms=52.4609088898
SOURCE_PROFILE graph=com-Youtube method=shared_b64_fast_nozero phase=csr_prefetch sampled_thread_ms=4.16374206543 sampled_tiles=279 profile_wall_ms=52.4609088898
SOURCE_PROFILE graph=com-Youtube method=shared_b64_fast_nozero phase=feature_gather_decode sampled_thread_ms=6.01840019226 sampled_tiles=279 profile_wall_ms=52.4609088898
SOURCE_PROFILE graph=com-Youtube method=shared_b64_fast_nozero phase=fp32_neighbor_reduction sampled_thread_ms=4.06002998352 sampled_tiles=279 profile_wall_ms=52.4609088898
SOURCE_PROFILE graph=com-Youtube method=shared_b64_fast_nozero phase=partial_bf16_conversion sampled_thread_ms=0.102519989014 sampled_tiles=279 profile_wall_ms=52.4609088898
SOURCE_PROFILE graph=com-Youtube method=shared_b64_fast_nozero phase=tile_load sampled_thread_ms=0.75101852417 sampled_tiles=279 profile_wall_ms=52.4609088898
SOURCE_PROFILE graph=com-Youtube method=shared_b64_fast_nozero phase=tile_compute sampled_thread_ms=0.791788101196 sampled_tiles=279 profile_wall_ms=52.4609088898
SOURCE_PROFILE graph=com-Youtube method=shared_b64_fast_nozero phase=tile_store sampled_thread_ms=0.084400177002 sampled_tiles=279 profile_wall_ms=52.4609088898
SOURCE_PROFILE graph=com-Youtube method=shared_b64_fast_nozero phase=output_scatter sampled_thread_ms=1.44219398499 sampled_tiles=279 profile_wall_ms=52.4609088898
SOURCE_PROFILE graph=com-Youtube method=shared_b64_fast_nozero phase=thread_amx_setup sampled_thread_ms=0.025749206543 sampled_tiles=279 profile_wall_ms=52.4609088898
SOURCE_TIME graph=com-Youtube method=shared_b64_accurate_nozero kind=kernel repeat=0 ms=36.6630554199
SOURCE_TIME graph=com-Youtube method=shared_b64_accurate_nozero kind=kernel repeat=1 ms=36.915063858
SOURCE_TIME graph=com-Youtube method=shared_b64_accurate_nozero kind=kernel repeat=2 ms=36.474943161
SOURCE_TIME graph=com-Youtube method=shared_b64_accurate_nozero kind=kernel repeat=3 ms=36.679983139
SOURCE_TIME graph=com-Youtube method=shared_b64_accurate_nozero kind=kernel repeat=4 ms=36.4260673523
SOURCE_TIME graph=com-Youtube method=shared_b64_accurate_nozero kind=e2e repeat=0 ms=87.6321792603
SOURCE_TIME graph=com-Youtube method=shared_b64_accurate_nozero kind=e2e repeat=1 ms=86.0869884491
SOURCE_TIME graph=com-Youtube method=shared_b64_accurate_nozero kind=e2e repeat=2 ms=86.2200260162
SOURCE_TIME graph=com-Youtube method=shared_b64_accurate_nozero kind=e2e repeat=3 ms=88.0441665649
SOURCE_TIME graph=com-Youtube method=shared_b64_accurate_nozero kind=e2e repeat=4 ms=87.8591537476
SOURCE_STAGE graph=com-Youtube method=shared_b64_accurate_nozero repeat=0 layer1_ms=37.8110408783 relu_ms=22.7220058441 conversion_ms=9.74607467651 layer2_ms=16.1609649658 total_ms=86.4400863647
SOURCE_STAGE graph=com-Youtube method=shared_b64_accurate_nozero repeat=1 layer1_ms=37.8830432892 relu_ms=23.2210159302 conversion_ms=9.88698005676 layer2_ms=17.0259475708 total_ms=88.0169868469
SOURCE_STAGE graph=com-Youtube method=shared_b64_accurate_nozero repeat=2 layer1_ms=37.6060009003 relu_ms=23.6351490021 conversion_ms=9.90700721741 layer2_ms=17.35496521 total_ms=88.5031223297
SOURCE_PROFILE graph=com-Youtube method=shared_b64_accurate_nozero phase=output_zero sampled_thread_ms=0 sampled_tiles=279 profile_wall_ms=55.84192276
SOURCE_PROFILE graph=com-Youtube method=shared_b64_accurate_nozero phase=row_schedule sampled_thread_ms=0.125169754028 sampled_tiles=279 profile_wall_ms=55.84192276
SOURCE_PROFILE graph=com-Youtube method=shared_b64_accurate_nozero phase=partial_zero sampled_thread_ms=0.152111053467 sampled_tiles=279 profile_wall_ms=55.84192276
SOURCE_PROFILE graph=com-Youtube method=shared_b64_accurate_nozero phase=csr_prefetch sampled_thread_ms=4.37307357788 sampled_tiles=279 profile_wall_ms=55.84192276
SOURCE_PROFILE graph=com-Youtube method=shared_b64_accurate_nozero phase=feature_gather_decode sampled_thread_ms=6.1993598938 sampled_tiles=279 profile_wall_ms=55.84192276
SOURCE_PROFILE graph=com-Youtube method=shared_b64_accurate_nozero phase=fp32_neighbor_reduction sampled_thread_ms=4.13680076599 sampled_tiles=279 profile_wall_ms=55.84192276
SOURCE_PROFILE graph=com-Youtube method=shared_b64_accurate_nozero phase=partial_bf16_conversion sampled_thread_ms=0.223875045776 sampled_tiles=279 profile_wall_ms=55.84192276
SOURCE_PROFILE graph=com-Youtube method=shared_b64_accurate_nozero phase=tile_load sampled_thread_ms=1.2264251709 sampled_tiles=279 profile_wall_ms=55.84192276
SOURCE_PROFILE graph=com-Youtube method=shared_b64_accurate_nozero phase=tile_compute sampled_thread_ms=1.26004219055 sampled_tiles=279 profile_wall_ms=55.84192276
SOURCE_PROFILE graph=com-Youtube method=shared_b64_accurate_nozero phase=tile_store sampled_thread_ms=0.0648498535156 sampled_tiles=279 profile_wall_ms=55.84192276
SOURCE_PROFILE graph=com-Youtube method=shared_b64_accurate_nozero phase=output_scatter sampled_thread_ms=1.35803222656 sampled_tiles=279 profile_wall_ms=55.84192276
SOURCE_PROFILE graph=com-Youtube method=shared_b64_accurate_nozero phase=thread_amx_setup sampled_thread_ms=0.0240802764893 sampled_tiles=279 profile_wall_ms=55.84192276
SOURCE_TIME graph=com-Youtube method=shared_bfull_fast_nozero kind=kernel repeat=0 ms=33.5590839386
SOURCE_TIME graph=com-Youtube method=shared_bfull_fast_nozero kind=kernel repeat=1 ms=33.6110591888
SOURCE_TIME graph=com-Youtube method=shared_bfull_fast_nozero kind=kernel repeat=2 ms=34.1320037842
SOURCE_TIME graph=com-Youtube method=shared_bfull_fast_nozero kind=kernel repeat=3 ms=33.6110591888
SOURCE_TIME graph=com-Youtube method=shared_bfull_fast_nozero kind=kernel repeat=4 ms=33.91289711
SOURCE_TIME graph=com-Youtube method=shared_bfull_fast_nozero kind=e2e repeat=0 ms=81.0849666595
SOURCE_TIME graph=com-Youtube method=shared_bfull_fast_nozero kind=e2e repeat=1 ms=82.1731090546
SOURCE_TIME graph=com-Youtube method=shared_bfull_fast_nozero kind=e2e repeat=2 ms=82.4069976807
SOURCE_TIME graph=com-Youtube method=shared_bfull_fast_nozero kind=e2e repeat=3 ms=81.4208984375
SOURCE_TIME graph=com-Youtube method=shared_bfull_fast_nozero kind=e2e repeat=4 ms=81.7029476166
SOURCE_STAGE graph=com-Youtube method=shared_bfull_fast_nozero repeat=0 layer1_ms=34.3270301819 relu_ms=23.3960151672 conversion_ms=9.79280471802 layer2_ms=15.0580406189 total_ms=82.573890686
SOURCE_STAGE graph=com-Youtube method=shared_bfull_fast_nozero repeat=1 layer1_ms=34.1820716858 relu_ms=23.2610702515 conversion_ms=9.86886024475 layer2_ms=15.1550769806 total_ms=82.4670791626
SOURCE_STAGE graph=com-Youtube method=shared_bfull_fast_nozero repeat=2 layer1_ms=33.872127533 relu_ms=23.736000061 conversion_ms=9.91082191467 layer2_ms=14.0872001648 total_ms=81.6061496735
SOURCE_PROFILE graph=com-Youtube method=shared_bfull_fast_nozero phase=output_zero sampled_thread_ms=0 sampled_tiles=279 profile_wall_ms=49.7858524323
SOURCE_PROFILE graph=com-Youtube method=shared_bfull_fast_nozero phase=row_schedule sampled_thread_ms=0.147581100464 sampled_tiles=279 profile_wall_ms=49.7858524323
SOURCE_PROFILE graph=com-Youtube method=shared_bfull_fast_nozero phase=partial_zero sampled_thread_ms=0.0979900360107 sampled_tiles=279 profile_wall_ms=49.7858524323
SOURCE_PROFILE graph=com-Youtube method=shared_bfull_fast_nozero phase=csr_prefetch sampled_thread_ms=4.11939620972 sampled_tiles=279 profile_wall_ms=49.7858524323
SOURCE_PROFILE graph=com-Youtube method=shared_bfull_fast_nozero phase=feature_gather_decode sampled_thread_ms=5.83457946777 sampled_tiles=279 profile_wall_ms=49.7858524323
SOURCE_PROFILE graph=com-Youtube method=shared_bfull_fast_nozero phase=fp32_neighbor_reduction sampled_thread_ms=3.76200675964 sampled_tiles=279 profile_wall_ms=49.7858524323
SOURCE_PROFILE graph=com-Youtube method=shared_bfull_fast_nozero phase=partial_bf16_conversion sampled_thread_ms=0.042200088501 sampled_tiles=279 profile_wall_ms=49.7858524323
SOURCE_PROFILE graph=com-Youtube method=shared_bfull_fast_nozero phase=tile_load sampled_thread_ms=0.427722930908 sampled_tiles=279 profile_wall_ms=49.7858524323
SOURCE_PROFILE graph=com-Youtube method=shared_bfull_fast_nozero phase=tile_compute sampled_thread_ms=0.397682189941 sampled_tiles=279 profile_wall_ms=49.7858524323
SOURCE_PROFILE graph=com-Youtube method=shared_bfull_fast_nozero phase=tile_store sampled_thread_ms=0.0278949737549 sampled_tiles=279 profile_wall_ms=49.7858524323
SOURCE_PROFILE graph=com-Youtube method=shared_bfull_fast_nozero phase=output_scatter sampled_thread_ms=1.35588645935 sampled_tiles=279 profile_wall_ms=49.7858524323
SOURCE_PROFILE graph=com-Youtube method=shared_bfull_fast_nozero phase=thread_amx_setup sampled_thread_ms=0.0288486480713 sampled_tiles=279 profile_wall_ms=49.7858524323
SOURCE_TIME graph=com-Youtube method=shared_bfull_accurate_nozero kind=kernel repeat=0 ms=35.9780788422
SOURCE_TIME graph=com-Youtube method=shared_bfull_accurate_nozero kind=kernel repeat=1 ms=36.0469818115
SOURCE_TIME graph=com-Youtube method=shared_bfull_accurate_nozero kind=kernel repeat=2 ms=35.905122757
SOURCE_TIME graph=com-Youtube method=shared_bfull_accurate_nozero kind=kernel repeat=3 ms=36.2288951874
SOURCE_TIME graph=com-Youtube method=shared_bfull_accurate_nozero kind=kernel repeat=4 ms=36.0879898071
SOURCE_TIME graph=com-Youtube method=shared_bfull_accurate_nozero kind=e2e repeat=0 ms=85.6649875641
SOURCE_TIME graph=com-Youtube method=shared_bfull_accurate_nozero kind=e2e repeat=1 ms=85.7009887695
SOURCE_TIME graph=com-Youtube method=shared_bfull_accurate_nozero kind=e2e repeat=2 ms=85.086107254
SOURCE_TIME graph=com-Youtube method=shared_bfull_accurate_nozero kind=e2e repeat=3 ms=85.8929157257
SOURCE_TIME graph=com-Youtube method=shared_bfull_accurate_nozero kind=e2e repeat=4 ms=85.4170322418
SOURCE_STAGE graph=com-Youtube method=shared_bfull_accurate_nozero repeat=0 layer1_ms=36.4370346069 relu_ms=23.0021476746 conversion_ms=9.75894927979 layer2_ms=15.2540206909 total_ms=84.4521522522
SOURCE_STAGE graph=com-Youtube method=shared_bfull_accurate_nozero repeat=1 layer1_ms=36.0369682312 relu_ms=23.3900547028 conversion_ms=9.86409187317 layer2_ms=16.5898799896 total_ms=85.8809947968
SOURCE_STAGE graph=com-Youtube method=shared_bfull_accurate_nozero repeat=2 layer1_ms=36.7391109467 relu_ms=23.1099128723 conversion_ms=9.84287261963 layer2_ms=15.5911445618 total_ms=85.2830410004
SOURCE_PROFILE graph=com-Youtube method=shared_bfull_accurate_nozero phase=output_zero sampled_thread_ms=0 sampled_tiles=279 profile_wall_ms=51.8000125885
SOURCE_PROFILE graph=com-Youtube method=shared_bfull_accurate_nozero phase=row_schedule sampled_thread_ms=0.127792358398 sampled_tiles=279 profile_wall_ms=51.8000125885
SOURCE_PROFILE graph=com-Youtube method=shared_bfull_accurate_nozero phase=partial_zero sampled_thread_ms=0.0984668731689 sampled_tiles=279 profile_wall_ms=51.8000125885
SOURCE_PROFILE graph=com-Youtube method=shared_bfull_accurate_nozero phase=csr_prefetch sampled_thread_ms=4.19425964355 sampled_tiles=279 profile_wall_ms=51.8000125885
SOURCE_PROFILE graph=com-Youtube method=shared_bfull_accurate_nozero phase=feature_gather_decode sampled_thread_ms=5.90109825134 sampled_tiles=279 profile_wall_ms=51.8000125885
SOURCE_PROFILE graph=com-Youtube method=shared_bfull_accurate_nozero phase=fp32_neighbor_reduction sampled_thread_ms=3.82351875305 sampled_tiles=279 profile_wall_ms=51.8000125885
SOURCE_PROFILE graph=com-Youtube method=shared_bfull_accurate_nozero phase=partial_bf16_conversion sampled_thread_ms=0.0724792480469 sampled_tiles=279 profile_wall_ms=51.8000125885
SOURCE_PROFILE graph=com-Youtube method=shared_bfull_accurate_nozero phase=tile_load sampled_thread_ms=0.569581985474 sampled_tiles=279 profile_wall_ms=51.8000125885
SOURCE_PROFILE graph=com-Youtube method=shared_bfull_accurate_nozero phase=tile_compute sampled_thread_ms=0.617027282715 sampled_tiles=279 profile_wall_ms=51.8000125885
SOURCE_PROFILE graph=com-Youtube method=shared_bfull_accurate_nozero phase=tile_store sampled_thread_ms=0.0262260437012 sampled_tiles=279 profile_wall_ms=51.8000125885
SOURCE_PROFILE graph=com-Youtube method=shared_bfull_accurate_nozero phase=output_scatter sampled_thread_ms=1.51419639587 sampled_tiles=279 profile_wall_ms=51.8000125885
SOURCE_PROFILE graph=com-Youtube method=shared_bfull_accurate_nozero phase=thread_amx_setup sampled_thread_ms=0.0324249267578 sampled_tiles=279 profile_wall_ms=51.8000125885
SOURCE_COMPLETE graph=com-Youtube pass=1 max_rss_kib=5275248
