BRIDGE graph=/home/huangjianqiang_group/hdacp1/data/wzh/GAT/baseline/../data/arxiv.gatbin N=169343 E=2484941 Din=128 C=40 parameters=BIT_IDENTICAL seed=11/22/33 degree_perm=IDENTICAL threads=16 boundary=three_layer_forward_including_workspace_and_weight_preparation excludes_graph_model_init_sort_checks_and_prints=true
ERROR path=old_reference layer=3 stage=bridge_same_parameters finite=1 max_abs=0 mean_abs=0 relative_l2=0 rmse=0 p50=0 p90=0 p99=0
ERROR path=old_panel_transform_first layer=3 stage=bridge_same_parameters finite=1 max_abs=2.175569534e-06 mean_abs=2.569493847e-08 relative_l2=1.896291622e-07 rmse=3.905272927e-08 p50=1.490116119e-08 p90=5.960464478e-08 p99=1.341104507e-07
ERROR path=old_tfs_local_u layer=3 stage=bridge_same_parameters finite=1 max_abs=1.847743988e-06 mean_abs=5.417864713e-08 relative_l2=3.589681587e-07 rmse=7.392684836e-08 p50=4.470348358e-08 p90=1.192092896e-07 p99=2.384185791e-07
ERROR path=new_standard_fp32 layer=3 stage=bridge_same_parameters finite=1 max_abs=1.549720764e-06 mean_abs=5.226227953e-08 relative_l2=3.32112793e-07 rmse=6.83961836e-08 p50=4.470348358e-08 p90=1.192092896e-07 p99=1.937150955e-07
ERROR path=new_standard_bf16 layer=3 stage=bridge_same_parameters finite=1 max_abs=0.003334857523 mean_abs=0.0004973201093 relative_l2=0.003105356723 rmse=0.0006395253452 p50=0.0003996193409 p90=0.001010805368 p99=0.001940503716
ERROR path=new_tfs_edge_projection layer=3 stage=bridge_same_parameters finite=1 max_abs=0.00376984477 mean_abs=0.0005079100135 relative_l2=0.003176968329 rmse=0.000654273228 p50=0.0004122704268 p90=0.001029994339 p99=0.001962549984
{"path":"old_reference","rep":0,"total_ms":1335.238262,"layer1_ms":629.76625,"layer2_ms":617.400973,"layer3_ms":88.070056,"finite":true}
{"path":"old_panel_transform_first","rep":0,"total_ms":337.046534,"layer1_ms":149.848854,"layer2_ms":153.140142,"layer3_ms":34.056775,"finite":true}
{"path":"old_tfs_local_u","rep":0,"total_ms":440.199574,"layer1_ms":158.065452,"layer2_ms":250.419539,"layer3_ms":31.71368,"finite":true}
{"path":"new_standard_fp32","rep":0,"total_ms":176.784545,"layer1_ms":77.783085,"layer2_ms":83.669165,"layer3_ms":15.331604,"finite":true}
{"path":"new_standard_bf16","rep":0,"total_ms":204.420168,"layer1_ms":84.527686,"layer2_ms":91.453865,"layer3_ms":28.437607,"finite":true}
{"path":"new_tfs_edge_projection","rep":0,"total_ms":542.058849,"layer1_ms":188.514326,"layer2_ms":298.919627,"layer3_ms":54.624079,"finite":true}
{"path":"new_tfs_edge_projection","rep":1,"total_ms":545.221912,"layer1_ms":193.033037,"layer2_ms":299.205027,"layer3_ms":52.982945,"finite":true}
{"path":"new_standard_bf16","rep":1,"total_ms":199.848781,"layer1_ms":82.253514,"layer2_ms":90.935291,"layer3_ms":26.658989,"finite":true}
{"path":"new_standard_fp32","rep":1,"total_ms":180.949851,"layer1_ms":79.743487,"layer2_ms":83.901336,"layer3_ms":17.304346,"finite":true}
{"path":"old_tfs_local_u","rep":1,"total_ms":441.943169,"layer1_ms":160.23032,"layer2_ms":249.974351,"layer3_ms":31.737611,"finite":true}
{"path":"old_panel_transform_first","rep":1,"total_ms":333.055119,"layer1_ms":147.578498,"layer2_ms":152.64012,"layer3_ms":32.835942,"finite":true}
{"path":"old_reference","rep":1,"total_ms":1347.597018,"layer1_ms":631.855998,"layer2_ms":618.569449,"layer3_ms":97.170708,"finite":true}
{"path":"old_reference","rep":2,"total_ms":1346.79723,"layer1_ms":632.891333,"layer2_ms":619.976014,"layer3_ms":93.928984,"finite":true}
{"path":"old_panel_transform_first","rep":2,"total_ms":334.956606,"layer1_ms":148.5718,"layer2_ms":152.330704,"layer3_ms":34.053243,"finite":true}
{"path":"old_tfs_local_u","rep":2,"total_ms":440.355278,"layer1_ms":159.764016,"layer2_ms":249.305997,"layer3_ms":31.284758,"finite":true}
{"path":"new_standard_fp32","rep":2,"total_ms":177.017174,"layer1_ms":77.763793,"layer2_ms":83.981771,"layer3_ms":15.27071,"finite":true}
{"path":"new_standard_bf16","rep":2,"total_ms":204.092993,"layer1_ms":84.671649,"layer2_ms":91.015871,"layer3_ms":28.404703,"finite":true}
{"path":"new_tfs_edge_projection","rep":2,"total_ms":544.953793,"layer1_ms":184.246677,"layer2_ms":304.643355,"layer3_ms":56.062921,"finite":true}
BRIDGE_COMPLETE task_accuracy=UNCONFIGURED random_parameters=true
