BRIDGE graph=/home/huangjianqiang_group/hdacp1/data/wzh/GAT/baseline/../data/products.gatbin N=2449029 E=126167053 Din=100 C=47 parameters=BIT_IDENTICAL seed=11/22/33 degree_perm=IDENTICAL threads=16 boundary=three_layer_forward_including_workspace_and_weight_preparation excludes_graph_model_init_sort_checks_and_prints=true
ERROR path=old_reference layer=3 stage=bridge_same_parameters finite=1 max_abs=0 mean_abs=0 relative_l2=0 rmse=0 p50=0 p90=0 p99=0
ERROR path=old_panel_transform_first layer=3 stage=bridge_same_parameters finite=1 max_abs=0.001071929932 mean_abs=1.105144579e-06 relative_l2=1.140105125e-06 rmse=3.946710009e-06 p50=2.980232239e-07 p90=2.145767212e-06 p99=1.430511475e-05
ERROR path=old_tfs_local_u layer=3 stage=bridge_same_parameters finite=1 max_abs=0.003297805786 mean_abs=3.359440067e-06 relative_l2=4.200232509e-06 rmse=1.453997471e-05 p50=7.152557373e-07 p90=6.198883057e-06 p99=4.696846008e-05
ERROR path=new_standard_fp32 layer=3 stage=bridge_same_parameters finite=1 max_abs=0.0005321502686 mean_abs=1.069000146e-06 relative_l2=9.429313167e-07 rmse=3.264152036e-06 p50=2.980232239e-07 p90=2.145767212e-06 p99=1.335144043e-05
ERROR path=new_standard_bf16 layer=3 stage=bridge_same_parameters finite=1 max_abs=25.12085342 mean_abs=0.01664324979 relative_l2=0.02537827789 rmse=0.08785216482 p50=0.00390958786 p90=0.02803230286 p99=0.2219333649
ERROR path=new_tfs_edge_projection layer=3 stage=bridge_same_parameters finite=1 max_abs=11.54825211 mean_abs=0.01748292256 relative_l2=0.02008996752 rmse=0.06954558327 p50=0.003996729851 p90=0.02974826097 p99=0.2666754723
{"path":"old_reference","rep":0,"total_ms":70275.22035,"layer1_ms":31523.12347,"layer2_ms":31426.31973,"layer3_ms":7325.776168,"finite":true}
{"path":"old_panel_transform_first","rep":0,"total_ms":8352.639904,"layer1_ms":3789.605681,"layer2_ms":3867.457824,"layer3_ms":695.575749,"finite":true}
{"path":"old_tfs_local_u","rep":0,"total_ms":17115.53192,"layer1_ms":7170.375833,"layer2_ms":8828.466841,"layer3_ms":1116.688492,"finite":true}
{"path":"new_standard_fp32","rep":0,"total_ms":5363.310727,"layer1_ms":2304.613872,"layer2_ms":2397.880372,"layer3_ms":660.815731,"finite":true}
{"path":"new_standard_bf16","rep":0,"total_ms":5642.833008,"layer1_ms":2367.30384,"layer2_ms":2495.507666,"layer3_ms":780.02073,"finite":true}
{"path":"new_tfs_edge_projection","rep":0,"total_ms":18024.3151,"layer1_ms":6647.254776,"layer2_ms":9834.620589,"layer3_ms":1542.438874,"finite":true}
{"path":"new_tfs_edge_projection","rep":1,"total_ms":17991.58989,"layer1_ms":6601.595461,"layer2_ms":9839.090498,"layer3_ms":1550.903192,"finite":true}
{"path":"new_standard_bf16","rep":1,"total_ms":5643.934623,"layer1_ms":2366.026913,"layer2_ms":2500.78502,"layer3_ms":777.12198,"finite":true}
{"path":"new_standard_fp32","rep":1,"total_ms":5360.649094,"layer1_ms":2303.21919,"layer2_ms":2397.631549,"layer3_ms":659.797617,"finite":true}
{"path":"old_tfs_local_u","rep":1,"total_ms":17110.84533,"layer1_ms":7200.436018,"layer2_ms":8804.936856,"layer3_ms":1105.471642,"finite":true}
{"path":"old_panel_transform_first","rep":1,"total_ms":8386.348037,"layer1_ms":3815.888975,"layer2_ms":3869.353102,"layer3_ms":701.105352,"finite":true}
{"path":"old_reference","rep":1,"total_ms":70203.52136,"layer1_ms":31507.12202,"layer2_ms":31404.38101,"layer3_ms":7292.017402,"finite":true}
{"path":"old_reference","rep":2,"total_ms":70227.51476,"layer1_ms":31518.92678,"layer2_ms":31387.28924,"layer3_ms":7321.297881,"finite":true}
{"path":"old_panel_transform_first","rep":2,"total_ms":8358.109686,"layer1_ms":3798.382384,"layer2_ms":3865.088213,"layer3_ms":694.638459,"finite":true}
{"path":"old_tfs_local_u","rep":2,"total_ms":17051.98506,"layer1_ms":7171.371465,"layer2_ms":8780.229694,"layer3_ms":1100.383173,"finite":true}
{"path":"new_standard_fp32","rep":2,"total_ms":5380.182896,"layer1_ms":2311.079121,"layer2_ms":2407.576579,"layer3_ms":661.526487,"finite":true}
{"path":"new_standard_bf16","rep":2,"total_ms":5647.996152,"layer1_ms":2365.638737,"layer2_ms":2496.396501,"layer3_ms":785.960206,"finite":true}
{"path":"new_tfs_edge_projection","rep":2,"total_ms":18055.13183,"layer1_ms":6660.826927,"layer2_ms":9861.893284,"layer3_ms":1532.410786,"finite":true}
BRIDGE_COMPLETE task_accuracy=UNCONFIGURED random_parameters=true
