GRAPH_VALUES name=soc-Pokec checked=30622564 nonunit=0 implicit_ones=0
CORRECT graph=soc-Pokec method=mkl_bf16_inputs boundary=kernel_sample reference=fp64_bf16_inputs rel_l2=1.95332487e-07 max_abs=0.000360112637 max_norm=2.57214557e-07 pass=1
CONFIG graph=soc-Pokec N=1632803 E=30622564 threads=32 R=64 D=128 F=128 repeats=5 warmups=1
CORRECT graph=soc-Pokec method=mkl_fp32 boundary=kernel_full reference=mkl_bf16_inputs rel_l2=0.00531855727 max_abs=5.96539307 max_norm=0.00426084904 pass=1
CORRECT graph=soc-Pokec method=mkl_fp32 boundary=kernel_full reference=mkl_fp32 rel_l2=0 max_abs=0 max_norm=0 pass=1
CORRECT graph=soc-Pokec method=mkl_fp32 boundary=kernel_sample reference=fp64_bf16_inputs rel_l2=0.00479344316 max_abs=5.96525449 max_norm=0.00426075103 pass=1
CORRECT graph=soc-Pokec method=mkl_bf16_inputs boundary=kernel_full reference=mkl_bf16_inputs rel_l2=0 max_abs=0 max_norm=0 pass=1
CORRECT graph=soc-Pokec method=mkl_bf16_inputs boundary=kernel_full reference=mkl_fp32 rel_l2=0.00529286771 max_abs=5.96539307 max_norm=0.0042439188 pass=1
CORRECT graph=soc-Pokec method=mkl_bf16_inputs boundary=kernel_sample reference=fp64_bf16_inputs rel_l2=1.95332487e-07 max_abs=0.000360112637 max_norm=2.57214557e-07 pass=1
CORRECT graph=soc-Pokec method=original boundary=kernel_full reference=mkl_bf16_inputs rel_l2=3.74143906e-07 max_abs=0.0115966797 max_norm=8.2830588e-06 pass=1
CORRECT graph=soc-Pokec method=original boundary=kernel_full reference=mkl_fp32 rel_l2=0.00529286809 max_abs=5.96795654 max_norm=0.00424574251 pass=1
CORRECT graph=soc-Pokec method=original boundary=kernel_sample reference=fp64_bf16_inputs rel_l2=2.44091752e-06 max_abs=0.0112799928 max_norm=8.05686342e-06 pass=1
CORRECT graph=soc-Pokec method=shared_bfull_fast boundary=kernel_full reference=mkl_bf16_inputs rel_l2=0.00326495389 max_abs=3.92956543 max_norm=0.00280673627 pass=1
CORRECT graph=soc-Pokec method=shared_bfull_fast boundary=kernel_full reference=mkl_fp32 rel_l2=0.00806354883 max_abs=9.35107422 max_norm=0.00665257078 pass=1
CORRECT graph=soc-Pokec method=shared_bfull_fast boundary=kernel_sample reference=fp64_bf16_inputs rel_l2=0.00325729826 max_abs=3.92974193 max_norm=0.00280686297 pass=1
CORRECT graph=soc-Pokec method=shared_bfull_accurate boundary=kernel_full reference=mkl_bf16_inputs rel_l2=4.97565946e-06 max_abs=0.0133056641 max_norm=9.5037201e-06 pass=1
CORRECT graph=soc-Pokec method=shared_bfull_accurate boundary=kernel_full reference=mkl_fp32 rel_l2=0.00529466584 max_abs=5.97491455 max_norm=0.0042506926 pass=1
CORRECT graph=soc-Pokec method=shared_bfull_accurate boundary=kernel_sample reference=fp64_bf16_inputs rel_l2=8.85449975e-06 max_abs=0.0134821609 max_norm=9.6297871e-06 pass=1
CORRECT graph=soc-Pokec method=replay_bfull_fast boundary=kernel_full reference=mkl_bf16_inputs rel_l2=0.00326495389 max_abs=3.92956543 max_norm=0.00280673627 pass=1
CORRECT graph=soc-Pokec method=replay_bfull_fast boundary=kernel_full reference=mkl_fp32 rel_l2=0.00806354883 max_abs=9.35107422 max_norm=0.00665257078 pass=1
CORRECT graph=soc-Pokec method=replay_bfull_fast boundary=kernel_sample reference=fp64_bf16_inputs rel_l2=0.00325729826 max_abs=3.92974193 max_norm=0.00280686297 pass=1
CORRECT graph=soc-Pokec method=original_nozero boundary=kernel_full reference=mkl_bf16_inputs rel_l2=3.74143906e-07 max_abs=0.0115966797 max_norm=8.2830588e-06 pass=1
CORRECT graph=soc-Pokec method=original_nozero boundary=kernel_full reference=mkl_fp32 rel_l2=0.00529286809 max_abs=5.96795654 max_norm=0.00424574251 pass=1
CORRECT graph=soc-Pokec method=original_nozero boundary=kernel_sample reference=fp64_bf16_inputs rel_l2=2.44091752e-06 max_abs=0.0112799928 max_norm=8.05686342e-06 pass=1
CORRECT graph=soc-Pokec method=original_nozero boundary=nozero_identity reference=unchanged_original rel_l2=0 max_abs=0 max_norm=0 pass=1
CORRECT graph=soc-Pokec method=shared_bfull_fast_nozero boundary=kernel_full reference=mkl_bf16_inputs rel_l2=0.00326495389 max_abs=3.92956543 max_norm=0.00280673627 pass=1
CORRECT graph=soc-Pokec method=shared_bfull_fast_nozero boundary=kernel_full reference=mkl_fp32 rel_l2=0.00806354883 max_abs=9.35107422 max_norm=0.00665257078 pass=1
CORRECT graph=soc-Pokec method=shared_bfull_fast_nozero boundary=kernel_sample reference=fp64_bf16_inputs rel_l2=0.00325729826 max_abs=3.92974193 max_norm=0.00280686297 pass=1
CORRECT graph=soc-Pokec method=shared_bfull_accurate_nozero boundary=kernel_full reference=mkl_bf16_inputs rel_l2=4.97565946e-06 max_abs=0.0133056641 max_norm=9.5037201e-06 pass=1
CORRECT graph=soc-Pokec method=shared_bfull_accurate_nozero boundary=kernel_full reference=mkl_fp32 rel_l2=0.00529466584 max_abs=5.97491455 max_norm=0.0042506926 pass=1
CORRECT graph=soc-Pokec method=shared_bfull_accurate_nozero boundary=kernel_sample reference=fp64_bf16_inputs rel_l2=8.85449975e-06 max_abs=0.0134821609 max_norm=9.6297871e-06 pass=1
CORRECT graph=soc-Pokec method=shared_b32_fast_nozero boundary=kernel_full reference=mkl_bf16_inputs rel_l2=0.00324723935 max_abs=4.14538574 max_norm=0.00296088836 pass=1
CORRECT graph=soc-Pokec method=shared_b32_fast_nozero boundary=kernel_full reference=mkl_fp32 rel_l2=0.00804562209 max_abs=9.73059082 max_norm=0.00692256769 pass=1
CORRECT graph=soc-Pokec method=shared_b32_fast_nozero boundary=kernel_sample reference=fp64_bf16_inputs rel_l2=0.00319973168 max_abs=4.14506906 max_norm=0.00296066283 pass=1
CORRECT graph=soc-Pokec method=replay_bfull_fast_nozero boundary=kernel_full reference=mkl_bf16_inputs rel_l2=0.00326495389 max_abs=3.92956543 max_norm=0.00280673627 pass=1
CORRECT graph=soc-Pokec method=replay_bfull_fast_nozero boundary=kernel_full reference=mkl_fp32 rel_l2=0.00806354883 max_abs=9.35107422 max_norm=0.00665257078 pass=1
CORRECT graph=soc-Pokec method=replay_bfull_fast_nozero boundary=kernel_sample reference=fp64_bf16_inputs rel_l2=0.00325729826 max_abs=3.92974193 max_norm=0.00280686297 pass=1
TIME graph=soc-Pokec method=mkl_bf16_inputs kernel rep=0 ms=63.159943
TIME graph=soc-Pokec method=original kernel rep=0 ms=107.197046
TIME graph=soc-Pokec method=shared_bfull_fast kernel rep=0 ms=102.566957
TIME graph=soc-Pokec method=shared_bfull_accurate kernel rep=0 ms=103.178978
TIME graph=soc-Pokec method=replay_bfull_fast kernel rep=0 ms=112.279892
TIME graph=soc-Pokec method=original_nozero kernel rep=0 ms=43.595076
TIME graph=soc-Pokec method=shared_bfull_fast_nozero kernel rep=0 ms=36.692142
TIME graph=soc-Pokec method=shared_bfull_accurate_nozero kernel rep=0 ms=37.652969
TIME graph=soc-Pokec method=shared_b32_fast_nozero kernel rep=0 ms=37.593842
TIME graph=soc-Pokec method=replay_bfull_fast_nozero kernel rep=0 ms=46.427011
TIME graph=soc-Pokec method=mkl_fp32 kernel rep=0 ms=63.745022
TIME graph=soc-Pokec method=original kernel rep=1 ms=109.434843
TIME graph=soc-Pokec method=shared_bfull_fast kernel rep=1 ms=101.737022
TIME graph=soc-Pokec method=shared_bfull_accurate kernel rep=1 ms=104.387045
TIME graph=soc-Pokec method=replay_bfull_fast kernel rep=1 ms=112.243891
TIME graph=soc-Pokec method=original_nozero kernel rep=1 ms=42.574883
TIME graph=soc-Pokec method=shared_bfull_fast_nozero kernel rep=1 ms=36.630869
TIME graph=soc-Pokec method=shared_bfull_accurate_nozero kernel rep=1 ms=38.673162
TIME graph=soc-Pokec method=shared_b32_fast_nozero kernel rep=1 ms=37.839890
TIME graph=soc-Pokec method=replay_bfull_fast_nozero kernel rep=1 ms=46.854019
TIME graph=soc-Pokec method=mkl_fp32 kernel rep=1 ms=63.653946
TIME graph=soc-Pokec method=mkl_bf16_inputs kernel rep=1 ms=63.148022
TIME graph=soc-Pokec method=shared_bfull_fast kernel rep=2 ms=103.193045
TIME graph=soc-Pokec method=shared_bfull_accurate kernel rep=2 ms=103.886127
TIME graph=soc-Pokec method=replay_bfull_fast kernel rep=2 ms=111.279011
TIME graph=soc-Pokec method=original_nozero kernel rep=2 ms=41.378021
TIME graph=soc-Pokec method=shared_bfull_fast_nozero kernel rep=2 ms=37.430048
TIME graph=soc-Pokec method=shared_bfull_accurate_nozero kernel rep=2 ms=38.112879
TIME graph=soc-Pokec method=shared_b32_fast_nozero kernel rep=2 ms=37.313938
TIME graph=soc-Pokec method=replay_bfull_fast_nozero kernel rep=2 ms=47.251225
TIME graph=soc-Pokec method=mkl_fp32 kernel rep=2 ms=63.771009
TIME graph=soc-Pokec method=mkl_bf16_inputs kernel rep=2 ms=63.460112
TIME graph=soc-Pokec method=original kernel rep=2 ms=115.074158
TIME graph=soc-Pokec method=shared_bfull_accurate kernel rep=3 ms=105.279207
TIME graph=soc-Pokec method=replay_bfull_fast kernel rep=3 ms=112.164974
TIME graph=soc-Pokec method=original_nozero kernel rep=3 ms=41.356087
TIME graph=soc-Pokec method=shared_bfull_fast_nozero kernel rep=3 ms=36.566019
TIME graph=soc-Pokec method=shared_bfull_accurate_nozero kernel rep=3 ms=37.639141
TIME graph=soc-Pokec method=shared_b32_fast_nozero kernel rep=3 ms=36.899090
TIME graph=soc-Pokec method=replay_bfull_fast_nozero kernel rep=3 ms=46.025991
TIME graph=soc-Pokec method=mkl_fp32 kernel rep=3 ms=63.769102
TIME graph=soc-Pokec method=mkl_bf16_inputs kernel rep=3 ms=63.529015
TIME graph=soc-Pokec method=original kernel rep=3 ms=118.396044
TIME graph=soc-Pokec method=shared_bfull_fast kernel rep=3 ms=103.251934
TIME graph=soc-Pokec method=replay_bfull_fast kernel rep=4 ms=111.172915
TIME graph=soc-Pokec method=original_nozero kernel rep=4 ms=41.270018
TIME graph=soc-Pokec method=shared_bfull_fast_nozero kernel rep=4 ms=36.527872
TIME graph=soc-Pokec method=shared_bfull_accurate_nozero kernel rep=4 ms=38.455963
TIME graph=soc-Pokec method=shared_b32_fast_nozero kernel rep=4 ms=36.982059
TIME graph=soc-Pokec method=replay_bfull_fast_nozero kernel rep=4 ms=46.983004
TIME graph=soc-Pokec method=mkl_fp32 kernel rep=4 ms=63.657045
TIME graph=soc-Pokec method=mkl_bf16_inputs kernel rep=4 ms=63.490152
TIME graph=soc-Pokec method=original kernel rep=4 ms=112.365007
TIME graph=soc-Pokec method=shared_bfull_fast kernel rep=4 ms=103.179932
TIME graph=soc-Pokec method=shared_bfull_accurate kernel rep=4 ms=104.486227
CORRECT graph=soc-Pokec method=original boundary=instrumented_kernel reference=unchanged_original rel_l2=0 max_abs=0 max_norm=0 pass=1
CORRECT graph=soc-Pokec method=shared_bfull_fast boundary=instrumented_kernel reference=mkl_bf16_inputs rel_l2=0.00326495389 max_abs=3.92956543 max_norm=0.00280673627 pass=1
CORRECT graph=soc-Pokec method=shared_bfull_accurate boundary=instrumented_kernel reference=mkl_bf16_inputs rel_l2=4.97565946e-06 max_abs=0.0133056641 max_norm=9.5037201e-06 pass=1
CORRECT graph=soc-Pokec method=replay_bfull_fast boundary=instrumented_kernel reference=mkl_bf16_inputs rel_l2=0.00326495389 max_abs=3.92956543 max_norm=0.00280673627 pass=1
CORRECT graph=soc-Pokec method=original_nozero boundary=instrumented_kernel reference=unchanged_original rel_l2=0 max_abs=0 max_norm=0 pass=1
CORRECT graph=soc-Pokec method=shared_bfull_fast_nozero boundary=instrumented_kernel reference=mkl_bf16_inputs rel_l2=0.00326495389 max_abs=3.92956543 max_norm=0.00280673627 pass=1
CORRECT graph=soc-Pokec method=shared_bfull_accurate_nozero boundary=instrumented_kernel reference=mkl_bf16_inputs rel_l2=4.97565946e-06 max_abs=0.0133056641 max_norm=9.5037201e-06 pass=1
CORRECT graph=soc-Pokec method=shared_b32_fast_nozero boundary=instrumented_kernel reference=mkl_bf16_inputs rel_l2=0.00324723935 max_abs=4.14538574 max_norm=0.00296088836 pass=1
CORRECT graph=soc-Pokec method=replay_bfull_fast_nozero boundary=instrumented_kernel reference=mkl_bf16_inputs rel_l2=0.00326495389 max_abs=3.92956543 max_norm=0.00280673627 pass=1
CORRECT graph=soc-Pokec method=mkl_fp32 boundary=two_layer_e2e reference=mkl_bf16_inputs rel_l2=0.0101516293 max_abs=15928 max_norm=0.00994193025 pass=1
CORRECT graph=soc-Pokec method=mkl_fp32 boundary=two_layer_e2e reference=mkl_fp32 rel_l2=0 max_abs=0 max_norm=0 pass=1
CORRECT graph=soc-Pokec method=mkl_bf16_inputs boundary=two_layer_e2e reference=mkl_bf16_inputs rel_l2=0 max_abs=0 max_norm=0 pass=1
CORRECT graph=soc-Pokec method=mkl_bf16_inputs boundary=two_layer_e2e reference=mkl_fp32 rel_l2=0.0100506812 max_abs=15928 max_norm=0.00984406127 pass=1
CORRECT graph=soc-Pokec method=original boundary=two_layer_e2e reference=mkl_bf16_inputs rel_l2=7.64730838e-06 max_abs=7.25 max_norm=4.525301e-06 pass=1
CORRECT graph=soc-Pokec method=original boundary=two_layer_e2e reference=mkl_fp32 rel_l2=0.0100506372 max_abs=15932.875 max_norm=0.0098470742 pass=1
CORRECT graph=soc-Pokec method=shared_bfull_fast boundary=two_layer_e2e reference=mkl_bf16_inputs rel_l2=0.00583702584 max_abs=9892.375 max_norm=0.00617461717 pass=1
CORRECT graph=soc-Pokec method=shared_bfull_fast boundary=two_layer_e2e reference=mkl_fp32 rel_l2=0.0156136442 max_abs=25820.375 max_norm=0.0159578951 pass=1
CORRECT graph=soc-Pokec method=shared_bfull_accurate boundary=two_layer_e2e reference=mkl_bf16_inputs rel_l2=3.21100094e-05 max_abs=17.3125 max_norm=1.08061067e-05 pass=1
CORRECT graph=soc-Pokec method=shared_bfull_accurate boundary=two_layer_e2e reference=mkl_fp32 rel_l2=0.0100584452 max_abs=15944.625 max_norm=0.00985433611 pass=1
CORRECT graph=soc-Pokec method=replay_bfull_fast boundary=two_layer_e2e reference=mkl_bf16_inputs rel_l2=0.00583702584 max_abs=9892.375 max_norm=0.00617461717 pass=1
CORRECT graph=soc-Pokec method=replay_bfull_fast boundary=two_layer_e2e reference=mkl_fp32 rel_l2=0.0156136442 max_abs=25820.375 max_norm=0.0159578951 pass=1
CORRECT graph=soc-Pokec method=original_nozero boundary=two_layer_e2e reference=mkl_bf16_inputs rel_l2=7.64730838e-06 max_abs=7.25 max_norm=4.525301e-06 pass=1
CORRECT graph=soc-Pokec method=original_nozero boundary=two_layer_e2e reference=mkl_fp32 rel_l2=0.0100506372 max_abs=15932.875 max_norm=0.0098470742 pass=1
CORRECT graph=soc-Pokec method=shared_bfull_fast_nozero boundary=two_layer_e2e reference=mkl_bf16_inputs rel_l2=0.00583702584 max_abs=9892.375 max_norm=0.00617461717 pass=1
CORRECT graph=soc-Pokec method=shared_bfull_fast_nozero boundary=two_layer_e2e reference=mkl_fp32 rel_l2=0.0156136442 max_abs=25820.375 max_norm=0.0159578951 pass=1
CORRECT graph=soc-Pokec method=shared_bfull_accurate_nozero boundary=two_layer_e2e reference=mkl_bf16_inputs rel_l2=3.21100094e-05 max_abs=17.3125 max_norm=1.08061067e-05 pass=1
CORRECT graph=soc-Pokec method=shared_bfull_accurate_nozero boundary=two_layer_e2e reference=mkl_fp32 rel_l2=0.0100584452 max_abs=15944.625 max_norm=0.00985433611 pass=1
CORRECT graph=soc-Pokec method=shared_b32_fast_nozero boundary=two_layer_e2e reference=mkl_bf16_inputs rel_l2=0.00566934518 max_abs=8903 max_norm=0.00555706962 pass=1
CORRECT graph=soc-Pokec method=shared_b32_fast_nozero boundary=two_layer_e2e reference=mkl_fp32 rel_l2=0.015531783 max_abs=24831 max_norm=0.0153464268 pass=1
CORRECT graph=soc-Pokec method=replay_bfull_fast_nozero boundary=two_layer_e2e reference=mkl_bf16_inputs rel_l2=0.00583702584 max_abs=9892.375 max_norm=0.00617461717 pass=1
CORRECT graph=soc-Pokec method=replay_bfull_fast_nozero boundary=two_layer_e2e reference=mkl_fp32 rel_l2=0.0156136442 max_abs=25820.375 max_norm=0.0159578951 pass=1
TIME graph=soc-Pokec method=mkl_bf16_inputs e2e rep=0 ms=135.174036 L1=63.226223 act_convert=8.819818 L2=63.127995
TIME graph=soc-Pokec method=original e2e rep=0 ms=224.709988 L1=109.308004 act_convert=5.877972 L2=109.524012
TIME graph=soc-Pokec method=shared_bfull_fast e2e rep=0 ms=211.126089 L1=102.792025 act_convert=5.937099 L2=102.396965
TIME graph=soc-Pokec method=shared_bfull_accurate e2e rep=0 ms=216.664076 L1=104.682922 act_convert=5.940199 L2=106.040955
TIME graph=soc-Pokec method=replay_bfull_fast e2e rep=0 ms=232.487917 L1=111.890078 act_convert=5.982876 L2=114.614964
TIME graph=soc-Pokec method=original_nozero e2e rep=0 ms=85.407019 L1=40.019989 act_convert=5.851030 L2=39.535999
TIME graph=soc-Pokec method=shared_bfull_fast_nozero e2e rep=0 ms=81.022978 L1=36.736012 act_convert=5.949974 L2=38.336992
TIME graph=soc-Pokec method=shared_bfull_accurate_nozero e2e rep=0 ms=84.479094 L1=39.521933 act_convert=5.861044 L2=39.096117
TIME graph=soc-Pokec method=shared_b32_fast_nozero e2e rep=0 ms=84.332943 L1=39.102077 act_convert=5.921841 L2=39.309025
TIME graph=soc-Pokec method=replay_bfull_fast_nozero e2e rep=0 ms=99.246979 L1=46.386957 act_convert=6.043911 L2=46.816111
TIME graph=soc-Pokec method=mkl_fp32 e2e rep=0 ms=130.507946 L1=64.054966 act_convert=2.754927 L2=63.698053
TIME graph=soc-Pokec method=original e2e rep=1 ms=226.965189 L1=113.903999 act_convert=5.858183 L2=107.203007
TIME graph=soc-Pokec method=shared_bfull_fast e2e rep=1 ms=213.315964 L1=102.991104 act_convert=5.884886 L2=104.439974
TIME graph=soc-Pokec method=shared_bfull_accurate e2e rep=1 ms=217.046022 L1=105.053902 act_convert=5.933046 L2=106.059074
TIME graph=soc-Pokec method=replay_bfull_fast e2e rep=1 ms=231.874943 L1=112.828970 act_convert=5.954027 L2=113.091946
TIME graph=soc-Pokec method=original_nozero e2e rep=1 ms=89.668036 L1=41.524172 act_convert=5.881786 L2=42.262077
TIME graph=soc-Pokec method=shared_bfull_fast_nozero e2e rep=1 ms=80.526829 L1=37.402868 act_convert=5.881071 L2=37.242889
TIME graph=soc-Pokec method=shared_bfull_accurate_nozero e2e rep=1 ms=84.235907 L1=39.253950 act_convert=6.003857 L2=38.978100
TIME graph=soc-Pokec method=shared_b32_fast_nozero e2e rep=1 ms=81.714153 L1=37.453175 act_convert=5.939960 L2=38.321018
TIME graph=soc-Pokec method=replay_bfull_fast_nozero e2e rep=1 ms=101.557970 L1=47.462940 act_convert=5.883932 L2=48.211098
TIME graph=soc-Pokec method=mkl_fp32 e2e rep=1 ms=130.604982 L1=63.960075 act_convert=2.904892 L2=63.740015
TIME graph=soc-Pokec method=mkl_bf16_inputs e2e rep=1 ms=140.189171 L1=65.122128 act_convert=9.347916 L2=65.719128
TIME graph=soc-Pokec method=shared_bfull_fast e2e rep=2 ms=216.386080 L1=106.187105 act_convert=5.944014 L2=104.254961
TIME graph=soc-Pokec method=shared_bfull_accurate e2e rep=2 ms=214.651108 L1=103.868008 act_convert=5.933046 L2=104.850054
TIME graph=soc-Pokec method=replay_bfull_fast e2e rep=2 ms=230.600119 L1=111.392021 act_convert=6.041050 L2=113.167048
TIME graph=soc-Pokec method=original_nozero e2e rep=2 ms=91.812849 L1=43.182850 act_convert=5.883217 L2=42.746782
TIME graph=soc-Pokec method=shared_bfull_fast_nozero e2e rep=2 ms=80.451012 L1=37.391186 act_convert=5.889893 L2=37.169933
TIME graph=soc-Pokec method=shared_bfull_accurate_nozero e2e rep=2 ms=83.976030 L1=38.694143 act_convert=5.946875 L2=39.335012
TIME graph=soc-Pokec method=shared_b32_fast_nozero e2e rep=2 ms=83.354950 L1=38.843870 act_convert=5.957127 L2=38.553953
TIME graph=soc-Pokec method=replay_bfull_fast_nozero e2e rep=2 ms=101.082087 L1=47.410965 act_convert=5.934000 L2=47.737122
TIME graph=soc-Pokec method=mkl_fp32 e2e rep=2 ms=131.515980 L1=64.136982 act_convert=2.841949 L2=64.537048
TIME graph=soc-Pokec method=mkl_bf16_inputs e2e rep=2 ms=141.065121 L1=66.360950 act_convert=9.267092 L2=65.437078
TIME graph=soc-Pokec method=original e2e rep=2 ms=229.276896 L1=113.642931 act_convert=5.882025 L2=109.751940
TIME graph=soc-Pokec method=shared_bfull_accurate e2e rep=3 ms=214.771986 L1=103.698015 act_convert=5.935907 L2=105.138063
TIME graph=soc-Pokec method=replay_bfull_fast e2e rep=3 ms=232.811928 L1=112.951994 act_convert=5.944014 L2=113.915920
TIME graph=soc-Pokec method=original_nozero e2e rep=3 ms=91.639042 L1=42.492151 act_convert=5.873919 L2=43.272972
TIME graph=soc-Pokec method=shared_bfull_fast_nozero e2e rep=3 ms=80.612898 L1=37.209034 act_convert=5.951881 L2=37.451982
TIME graph=soc-Pokec method=shared_bfull_accurate_nozero e2e rep=3 ms=84.920883 L1=39.129019 act_convert=5.921841 L2=39.870024
TIME graph=soc-Pokec method=shared_b32_fast_nozero e2e rep=3 ms=81.552029 L1=37.492037 act_convert=5.933046 L2=38.126945
TIME graph=soc-Pokec method=replay_bfull_fast_nozero e2e rep=3 ms=101.107121 L1=48.382044 act_convert=5.975962 L2=46.749115
TIME graph=soc-Pokec method=mkl_fp32 e2e rep=3 ms=130.800962 L1=64.019918 act_convert=2.789021 L2=63.992023
TIME graph=soc-Pokec method=mkl_bf16_inputs e2e rep=3 ms=140.480995 L1=65.454006 act_convert=9.343863 L2=65.683126
TIME graph=soc-Pokec method=original e2e rep=3 ms=225.445032 L1=110.368967 act_convert=5.887032 L2=109.189034
TIME graph=soc-Pokec method=shared_bfull_fast e2e rep=3 ms=212.407827 L1=102.505922 act_convert=5.933046 L2=103.968859
TIME graph=soc-Pokec method=replay_bfull_fast e2e rep=4 ms=232.559204 L1=112.106085 act_convert=5.927086 L2=114.526033
TIME graph=soc-Pokec method=original_nozero e2e rep=4 ms=92.913866 L1=43.612003 act_convert=5.878925 L2=43.422937
TIME graph=soc-Pokec method=shared_bfull_fast_nozero e2e rep=4 ms=79.719067 L1=37.022114 act_convert=5.940914 L2=36.756039
TIME graph=soc-Pokec method=shared_bfull_accurate_nozero e2e rep=4 ms=84.467888 L1=38.614035 act_convert=5.952835 L2=39.901018
TIME graph=soc-Pokec method=shared_b32_fast_nozero e2e rep=4 ms=84.613800 L1=39.027929 act_convert=6.115913 L2=39.469957
TIME graph=soc-Pokec method=replay_bfull_fast_nozero e2e rep=4 ms=101.914883 L1=48.139811 act_convert=5.895138 L2=47.879934
TIME graph=soc-Pokec method=mkl_fp32 e2e rep=4 ms=131.372929 L1=64.059019 act_convert=2.906799 L2=64.407110
TIME graph=soc-Pokec method=mkl_bf16_inputs e2e rep=4 ms=140.503883 L1=65.778017 act_convert=9.332895 L2=65.392971
TIME graph=soc-Pokec method=original e2e rep=4 ms=225.157976 L1=110.915899 act_convert=5.872011 L2=108.370066
TIME graph=soc-Pokec method=shared_bfull_fast e2e rep=4 ms=212.832212 L1=103.563070 act_convert=5.939007 L2=103.330135
TIME graph=soc-Pokec method=shared_bfull_accurate e2e rep=4 ms=215.329885 L1=104.249954 act_convert=5.950928 L2=105.129004
COMPLETE graph=soc-Pokec status=PASS max_rss_kib=10456200
